10-Aug-2026 17:39:49 | INFO    | Your Klayout version is: KLayout 0.30.10 (required >= 0.30.5)
10-Aug-2026 17:39:49 | INFO    | Running SG13G2 LVS checks on design /foss/designs/ihp-open-pdk-regression/IOPADS/layout/sg13g2_IOPadInOut16mA.gds on cell sg13g2_IOPadInOut16mA
2026-08-10 17:39:52 +0200: Memory Usage (455952K) : Starting running SG13G2 Klayout LVS runset on /foss/designs/ihp-open-pdk-regression/IOPADS/layout/sg13g2_IOPadInOut16mA.gds
2026-08-10 17:39:52 +0200: Memory Usage (455952K) : Ruby Version for klayout: 3.2.3
2026-08-10 17:39:52 +0200: Memory Usage (457488K) : Loading database to memory is complete.
2026-08-10 17:39:52 +0200: Memory Usage (457488K) : SG13G2 Klayout LVS runset output at: /foss/designs/ihp-open-pdk-regression/IOPADS/lvs_sweep/20260810_173932/sg13g2_IOPadInOut16mA/sg13g2_IOPadInOut16mA.lvsdb
2026-08-10 17:39:52 +0200: Memory Usage (457488K) : Evaluate switches.
2026-08-10 17:39:52 +0200: Memory Usage (457488K) : Extracted netlist with net names: true
2026-08-10 17:39:52 +0200: Memory Usage (457488K) : Extracted netlist with comments in details: false
2026-08-10 17:39:52 +0200: Memory Usage (457488K) : Selected NET_ONLY option: false
2026-08-10 17:39:52 +0200: Memory Usage (457488K) : Selected LAYOUT_NETLIST option: (none)
2026-08-10 17:39:52 +0200: Memory Usage (457488K) : Selected IGNORE_TOP_PORTS_MISMATCH option: true
2026-08-10 17:39:52 +0200: Memory Usage (457488K) : Selected IMPLICIT_NETS option: iovss,iovdd,vss,vdd,pad,cathode,anode
2026-08-10 17:39:52 +0200: Memory Usage (457488K) : Selected TOP_LVL_PINS option: false
2026-08-10 17:39:52 +0200: Memory Usage (457488K) : Selected COMBINE DEVICES option: true
2026-08-10 17:39:52 +0200: Memory Usage (457488K) : Selected PURGE option: false
2026-08-10 17:39:52 +0200: Memory Usage (457488K) : Selected PURGE_NETS option: false
2026-08-10 17:39:52 +0200: Memory Usage (457616K) : Selected SIMPLIFY option: true
2026-08-10 17:39:52 +0200: Memory Usage (457616K) : Selected SERIES_RES option: true
2026-08-10 17:39:52 +0200: Memory Usage (457616K) : Selected PARALLEL_RES option: true
2026-08-10 17:39:52 +0200: Memory Usage (457616K) : Selected DISABLE_TAP_EXTRACTION option: false
2026-08-10 17:39:52 +0200: Memory Usage (457616K) : deep  mode is enabled.
2026-08-10 17:39:52 +0200: Memory Usage (457616K) : Applying implicit connections (case-sensitive, pattern supported) for nets: iovss, iovdd, vss, vdd, pad, cathode, anode
2026-08-10 17:39:52 +0200: Memory Usage (459152K) : Netlist file: /foss/designs/ihp-open-pdk-regression/IOPADS/netlist/pads_sub/sg13g2_IOPadInOut16mA.spi
2026-08-10 17:39:52 +0200: Memory Usage (459152K) : LVS extracted netlist at: /foss/designs/ihp-open-pdk-regression/IOPADS/lvs_sweep/20260810_173932/sg13g2_IOPadInOut16mA/sg13g2_IOPadInOut16mA_extracted.cir
2026-08-10 17:39:52 +0200: Memory Usage (459152K) : Applying SRAM integration support.
2026-08-10 17:39:52 +0200: Memory Usage (459152K) : Starting SG13G2 LVS runset
2026-08-10 17:39:52 +0200: Memory Usage (459152K) : Read in polygons from layers.
2026-08-10 17:39:52 +0200: Memory Usage (460688K) : activ_drw has 110 polygons
2026-08-10 17:39:52 +0200: Memory Usage (460816K) : activ_filler has 0 polygons
2026-08-10 17:39:52 +0200: Memory Usage (460944K) : activ has 110 polygons
2026-08-10 17:39:52 +0200: Memory Usage (460944K) : activ_pin has 0 polygons
2026-08-10 17:39:52 +0200: Memory Usage (460944K) : activ_mask has 0 polygons
2026-08-10 17:39:52 +0200: Memory Usage (461072K) : activ_nofill has 0 polygons
2026-08-10 17:39:52 +0200: Memory Usage (461072K) : activ_OPC has 0 polygons
2026-08-10 17:39:52 +0200: Memory Usage (461200K) : activ_iOPC has 0 polygons
2026-08-10 17:39:52 +0200: Memory Usage (461200K) : activ_noqrc has 0 polygons
2026-08-10 17:39:52 +0200: Memory Usage (461328K) : biwind_drw has 0 polygons
2026-08-10 17:39:52 +0200: Memory Usage (461328K) : biwind_OPC has 0 polygons
2026-08-10 17:39:52 +0200: Memory Usage (461456K) : gatpoly_drw has 55 polygons
2026-08-10 17:39:52 +0200: Memory Usage (461456K) : gatpoly_filler has 0 polygons
2026-08-10 17:39:52 +0200: Memory Usage (461584K) : gatpoly has 55 polygons
2026-08-10 17:39:52 +0200: Memory Usage (461584K) : gatpoly_pin has 6 polygons
2026-08-10 17:39:52 +0200: Memory Usage (461712K) : gatpoly_nofill has 0 polygons
2026-08-10 17:39:52 +0200: Memory Usage (461712K) : gatpoly_OPC has 0 polygons
2026-08-10 17:39:52 +0200: Memory Usage (461840K) : gatpoly_iOPC has 0 polygons
2026-08-10 17:39:52 +0200: Memory Usage (461968K) : gatpoly_noqrc has 0 polygons
2026-08-10 17:39:52 +0200: Memory Usage (463376K) : cont_drw has 46400 polygons
2026-08-10 17:39:52 +0200: Memory Usage (463376K) : cont_OPC has 0 polygons
2026-08-10 17:39:52 +0200: Memory Usage (463376K) : nsd_drw has 0 polygons
2026-08-10 17:39:52 +0200: Memory Usage (463376K) : nsd_block has 0 polygons
2026-08-10 17:39:52 +0200: Memory Usage (463376K) : metal1_drw has 312 polygons
2026-08-10 17:39:52 +0200: Memory Usage (463376K) : metal1_filler has 0 polygons
2026-08-10 17:39:52 +0200: Memory Usage (463376K) : metal1_slit has 0 polygons
2026-08-10 17:39:52 +0200: Memory Usage (463888K) : metal1 has 312 polygons
2026-08-10 17:39:52 +0200: Memory Usage (463888K) : metal1_pin has 57 polygons
2026-08-10 17:39:52 +0200: Memory Usage (463888K) : metal1_mask has 0 polygons
2026-08-10 17:39:52 +0200: Memory Usage (463888K) : metal1_nofill has 0 polygons
2026-08-10 17:39:52 +0200: Memory Usage (464016K) : metal1_text has 47 polygons
2026-08-10 17:39:52 +0200: Memory Usage (464016K) : metal1_OPC has 0 polygons
2026-08-10 17:39:52 +0200: Memory Usage (464016K) : metal1_noqrc has 0 polygons
2026-08-10 17:39:52 +0200: Memory Usage (464144K) : metal1_res has 0 polygons
2026-08-10 17:39:52 +0200: Memory Usage (464144K) : metal1_iprobe has 0 polygons
2026-08-10 17:39:52 +0200: Memory Usage (464272K) : metal1_diffprb has 0 polygons
2026-08-10 17:39:52 +0200: Memory Usage (464272K) : passiv_drw has 0 polygons
2026-08-10 17:39:52 +0200: Memory Usage (464400K) : passiv_pin has 0 polygons
2026-08-10 17:39:52 +0200: Memory Usage (464528K) : passiv_sbump has 0 polygons
2026-08-10 17:39:52 +0200: Memory Usage (464528K) : passiv_pillar has 0 polygons
2026-08-10 17:39:52 +0200: Memory Usage (464528K) : passiv_pdl has 0 polygons
2026-08-10 17:39:52 +0200: Memory Usage (464784K) : metal2_drw has 90 polygons
2026-08-10 17:39:52 +0200: Memory Usage (464784K) : metal2_filler has 0 polygons
2026-08-10 17:39:52 +0200: Memory Usage (464784K) : metal2_slit has 0 polygons
2026-08-10 17:39:52 +0200: Memory Usage (464912K) : metal2 has 90 polygons
2026-08-10 17:39:52 +0200: Memory Usage (464912K) : metal2_pin has 27 polygons
2026-08-10 17:39:52 +0200: Memory Usage (464912K) : metal2_mask has 0 polygons
2026-08-10 17:39:52 +0200: Memory Usage (465040K) : metal2_nofill has 0 polygons
2026-08-10 17:39:52 +0200: Memory Usage (465040K) : metal2_text has 27 polygons
2026-08-10 17:39:52 +0200: Memory Usage (465040K) : metal2_OPC has 0 polygons
2026-08-10 17:39:52 +0200: Memory Usage (465168K) : metal2_noqrc has 0 polygons
2026-08-10 17:39:52 +0200: Memory Usage (465168K) : metal2_res has 0 polygons
2026-08-10 17:39:52 +0200: Memory Usage (465296K) : metal2_iprobe has 0 polygons
2026-08-10 17:39:52 +0200: Memory Usage (465296K) : metal2_diffprb has 0 polygons
2026-08-10 17:39:52 +0200: Memory Usage (465424K) : baspoly_drw has 0 polygons
2026-08-10 17:39:52 +0200: Memory Usage (465424K) : baspoly_pin has 0 polygons
2026-08-10 17:39:52 +0200: Memory Usage (465552K) : psd_drw has 45 polygons
2026-08-10 17:39:52 +0200: Memory Usage (465552K) : nldb_drw has 0 polygons
2026-08-10 17:39:52 +0200: Memory Usage (465680K) : digibnd_drw has 0 polygons
2026-08-10 17:39:52 +0200: Memory Usage (465808K) : via1_drw has 1757 polygons
2026-08-10 17:39:52 +0200: Memory Usage (465808K) : backmetal1_drw has 0 polygons
2026-08-10 17:39:52 +0200: Memory Usage (465936K) : backmetal1_pin has 0 polygons
2026-08-10 17:39:52 +0200: Memory Usage (465936K) : backmetal1_mask has 0 polygons
2026-08-10 17:39:52 +0200: Memory Usage (466064K) : backmetal1_filler has 0 polygons
2026-08-10 17:39:52 +0200: Memory Usage (466064K) : backmetal1_nofill has 0 polygons
2026-08-10 17:39:52 +0200: Memory Usage (466192K) : backmetal1_slit has 0 polygons
2026-08-10 17:39:52 +0200: Memory Usage (466192K) : backmetal1_text has 0 polygons
2026-08-10 17:39:52 +0200: Memory Usage (466320K) : backmetal1_OPC has 0 polygons
2026-08-10 17:39:52 +0200: Memory Usage (466320K) : backmetal1_noqrc has 0 polygons
2026-08-10 17:39:52 +0200: Memory Usage (466448K) : backmetal1_res has 0 polygons
2026-08-10 17:39:52 +0200: Memory Usage (466576K) : backmetal1_iprobe has 0 polygons
2026-08-10 17:39:52 +0200: Memory Usage (466576K) : backmetal1_diffprb has 0 polygons
2026-08-10 17:39:52 +0200: Memory Usage (466704K) : backpassiv_drw has 0 polygons
2026-08-10 17:39:52 +0200: Memory Usage (466704K) : res_drw has 0 polygons
2026-08-10 17:39:52 +0200: Memory Usage (466832K) : sram_drw has 0 polygons
2026-08-10 17:39:52 +0200: Memory Usage (466832K) : trans_drw has 0 polygons
2026-08-10 17:39:52 +0200: Memory Usage (466960K) : ind_drw has 0 polygons
2026-08-10 17:39:52 +0200: Memory Usage (466960K) : ind_pin has 0 polygons
2026-08-10 17:39:52 +0200: Memory Usage (467088K) : ind_text has 0 polygons
2026-08-10 17:39:52 +0200: Memory Usage (467088K) : salblock_drw has 1 polygons
2026-08-10 17:39:52 +0200: Memory Usage (467216K) : via2_drw has 1442 polygons
2026-08-10 17:39:52 +0200: Memory Usage (467216K) : metal3_drw has 21 polygons
2026-08-10 17:39:52 +0200: Memory Usage (467216K) : metal3_filler has 0 polygons
2026-08-10 17:39:52 +0200: Memory Usage (467344K) : metal3_slit has 0 polygons
2026-08-10 17:39:52 +0200: Memory Usage (467472K) : metal3 has 21 polygons
2026-08-10 17:39:52 +0200: Memory Usage (467472K) : metal3_pin has 11 polygons
2026-08-10 17:39:52 +0200: Memory Usage (467600K) : metal3_mask has 0 polygons
2026-08-10 17:39:52 +0200: Memory Usage (467600K) : metal3_nofill has 0 polygons
2026-08-10 17:39:52 +0200: Memory Usage (467728K) : metal3_text has 11 polygons
2026-08-10 17:39:52 +0200: Memory Usage (467728K) : metal3_OPC has 0 polygons
2026-08-10 17:39:52 +0200: Memory Usage (467856K) : metal3_noqrc has 0 polygons
2026-08-10 17:39:52 +0200: Memory Usage (467856K) : metal3_res has 0 polygons
2026-08-10 17:39:52 +0200: Memory Usage (467984K) : metal3_iprobe has 0 polygons
2026-08-10 17:39:52 +0200: Memory Usage (468112K) : metal3_diffprb has 0 polygons
2026-08-10 17:39:52 +0200: Memory Usage (468112K) : nwell_drw has 29 polygons
2026-08-10 17:39:52 +0200: Memory Usage (468240K) : nwell_pin has 0 polygons
2026-08-10 17:39:52 +0200: Memory Usage (468240K) : nwell_text has 0 polygons
2026-08-10 17:39:52 +0200: Memory Usage (468368K) : nbulay_drw has 0 polygons
2026-08-10 17:39:52 +0200: Memory Usage (468368K) : nbulay_pin has 0 polygons
2026-08-10 17:39:52 +0200: Memory Usage (468496K) : nbulay_block has 0 polygons
2026-08-10 17:39:52 +0200: Memory Usage (468496K) : emwind_drw has 0 polygons
2026-08-10 17:39:52 +0200: Memory Usage (468624K) : emwind_OPC has 0 polygons
2026-08-10 17:39:52 +0200: Memory Usage (468624K) : deepco_drw has 0 polygons
2026-08-10 17:39:52 +0200: Memory Usage (468752K) : mim_drw has 0 polygons
2026-08-10 17:39:52 +0200: Memory Usage (468752K) : edgeseal_drw has 0 polygons
2026-08-10 17:39:52 +0200: Memory Usage (468880K) : substrate_drw has 29 polygons
2026-08-10 17:39:52 +0200: Memory Usage (468880K) : substrate_text has 0 polygons
2026-08-10 17:39:52 +0200: Memory Usage (469008K) : dfpad_drw has 0 polygons
2026-08-10 17:39:52 +0200: Memory Usage (469008K) : dfpad_pillar has 0 polygons
2026-08-10 17:39:52 +0200: Memory Usage (469136K) : dfpad_sbump has 0 polygons
2026-08-10 17:39:52 +0200: Memory Usage (469264K) : thickgateox_drw has 8 polygons
2026-08-10 17:39:52 +0200: Memory Usage (469264K) : pldb_drw has 0 polygons
2026-08-10 17:39:52 +0200: Memory Usage (469392K) : pwell_drw has 0 polygons
2026-08-10 17:39:52 +0200: Memory Usage (469392K) : pwell_pin has 0 polygons
2026-08-10 17:39:52 +0200: Memory Usage (469520K) : pwell_block has 0 polygons
2026-08-10 17:39:52 +0200: Memory Usage (469520K) : ic_drw has 0 polygons
2026-08-10 17:39:52 +0200: Memory Usage (469648K) : via3_drw has 2087 polygons
2026-08-10 17:39:52 +0200: Memory Usage (469776K) : metal4_drw has 8 polygons
2026-08-10 17:39:52 +0200: Memory Usage (469776K) : metal4_filler has 0 polygons
2026-08-10 17:39:52 +0200: Memory Usage (469904K) : metal4_slit has 0 polygons
2026-08-10 17:39:52 +0200: Memory Usage (470032K) : metal4 has 8 polygons
2026-08-10 17:39:52 +0200: Memory Usage (470032K) : metal4_pin has 8 polygons
2026-08-10 17:39:52 +0200: Memory Usage (470160K) : metal4_mask has 0 polygons
2026-08-10 17:39:52 +0200: Memory Usage (470160K) : metal4_nofill has 0 polygons
2026-08-10 17:39:52 +0200: Memory Usage (470288K) : metal4_text has 8 polygons
2026-08-10 17:39:52 +0200: Memory Usage (470288K) : metal4_OPC has 0 polygons
2026-08-10 17:39:52 +0200: Memory Usage (470416K) : metal4_noqrc has 0 polygons
2026-08-10 17:39:52 +0200: Memory Usage (470416K) : metal4_res has 0 polygons
2026-08-10 17:39:52 +0200: Memory Usage (470544K) : metal4_iprobe has 0 polygons
2026-08-10 17:39:52 +0200: Memory Usage (470544K) : metal4_diffprb has 0 polygons
2026-08-10 17:39:52 +0200: Memory Usage (470672K) : heattrans_drw has 6 polygons
2026-08-10 17:39:52 +0200: Memory Usage (470672K) : heatres_drw has 0 polygons
2026-08-10 17:39:52 +0200: Memory Usage (470800K) : fbe_drw has 0 polygons
2026-08-10 17:39:52 +0200: Memory Usage (470800K) : empoly_drw has 0 polygons
2026-08-10 17:39:52 +0200: Memory Usage (470928K) : digisub_drw has 0 polygons
2026-08-10 17:39:52 +0200: Memory Usage (471056K) : text_drw has 29 polygons
2026-08-10 17:39:52 +0200: Memory Usage (471056K) : via4_drw has 2371 polygons
2026-08-10 17:39:52 +0200: Memory Usage (471184K) : metal5_drw has 8 polygons
2026-08-10 17:39:52 +0200: Memory Usage (471312K) : metal5_filler has 0 polygons
2026-08-10 17:39:52 +0200: Memory Usage (471312K) : metal5_slit has 0 polygons
2026-08-10 17:39:52 +0200: Memory Usage (471312K) : metal5 has 8 polygons
2026-08-10 17:39:52 +0200: Memory Usage (471312K) : metal5_pin has 8 polygons
2026-08-10 17:39:52 +0200: Memory Usage (471312K) : metal5_mask has 0 polygons
2026-08-10 17:39:52 +0200: Memory Usage (471312K) : metal5_nofill has 0 polygons
2026-08-10 17:39:52 +0200: Memory Usage (471312K) : metal5_text has 8 polygons
2026-08-10 17:39:52 +0200: Memory Usage (471312K) : metal5_OPC has 0 polygons
2026-08-10 17:39:52 +0200: Memory Usage (471312K) : metal5_noqrc has 0 polygons
2026-08-10 17:39:52 +0200: Memory Usage (471312K) : metal5_res has 0 polygons
2026-08-10 17:39:52 +0200: Memory Usage (471312K) : metal5_iprobe has 0 polygons
2026-08-10 17:39:52 +0200: Memory Usage (471312K) : metal5_diffprb has 0 polygons
2026-08-10 17:39:52 +0200: Memory Usage (471312K) : radhard_drw has 0 polygons
2026-08-10 17:39:52 +0200: Memory Usage (471312K) : memcap_drw has 0 polygons
2026-08-10 17:39:52 +0200: Memory Usage (471312K) : varicap_drw has 0 polygons
2026-08-10 17:39:52 +0200: Memory Usage (471312K) : intbondvia_drw has 0 polygons
2026-08-10 17:39:52 +0200: Memory Usage (471312K) : intbondmet_drw has 0 polygons
2026-08-10 17:39:52 +0200: Memory Usage (471312K) : devbondvia_drw has 0 polygons
2026-08-10 17:39:52 +0200: Memory Usage (471312K) : devbondmet_drw has 0 polygons
2026-08-10 17:39:52 +0200: Memory Usage (471312K) : devtrench_drw has 0 polygons
2026-08-10 17:39:52 +0200: Memory Usage (471312K) : redist_drw has 0 polygons
2026-08-10 17:39:52 +0200: Memory Usage (471312K) : graphbot_drw has 0 polygons
2026-08-10 17:39:52 +0200: Memory Usage (471312K) : graphtop_drw has 0 polygons
2026-08-10 17:39:52 +0200: Memory Usage (471312K) : antvia1_drw has 0 polygons
2026-08-10 17:39:52 +0200: Memory Usage (471312K) : antmetal2_drw has 0 polygons
2026-08-10 17:39:52 +0200: Memory Usage (471312K) : graphcont_drw has 0 polygons
2026-08-10 17:39:52 +0200: Memory Usage (471312K) : siwg_drw has 0 polygons
2026-08-10 17:39:52 +0200: Memory Usage (471312K) : siwg_filler has 0 polygons
2026-08-10 17:39:52 +0200: Memory Usage (471312K) : siwg_nofill has 0 polygons
2026-08-10 17:39:52 +0200: Memory Usage (471312K) : sigrating_drw has 0 polygons
2026-08-10 17:39:52 +0200: Memory Usage (471312K) : singrating_drw has 0 polygons
2026-08-10 17:39:52 +0200: Memory Usage (471312K) : graphpas_drw has 0 polygons
2026-08-10 17:39:52 +0200: Memory Usage (471312K) : emwind3_drw has 0 polygons
2026-08-10 17:39:52 +0200: Memory Usage (471312K) : emwihv3_drw has 0 polygons
2026-08-10 17:39:52 +0200: Memory Usage (471312K) : redbulay_drw has 0 polygons
2026-08-10 17:39:52 +0200: Memory Usage (471312K) : smos_drw has 0 polygons
2026-08-10 17:39:52 +0200: Memory Usage (471312K) : graphpad_drw has 0 polygons
2026-08-10 17:39:52 +0200: Memory Usage (471312K) : polimide_drw has 0 polygons
2026-08-10 17:39:52 +0200: Memory Usage (471312K) : polimide_pin has 0 polygons
2026-08-10 17:39:52 +0200: Memory Usage (471312K) : recog_drw has 0 polygons
2026-08-10 17:39:52 +0200: Memory Usage (471312K) : recog_pin has 0 polygons
2026-08-10 17:39:52 +0200: Memory Usage (471312K) : recog_esd has 0 polygons
2026-08-10 17:39:52 +0200: Memory Usage (471312K) : recog_diode has 8 polygons
2026-08-10 17:39:52 +0200: Memory Usage (471312K) : recog_tsv has 0 polygons
2026-08-10 17:39:52 +0200: Memory Usage (471312K) : recog_iprobe has 0 polygons
2026-08-10 17:39:52 +0200: Memory Usage (471312K) : recog_diffprb has 0 polygons
2026-08-10 17:39:52 +0200: Memory Usage (471312K) : recog_pillar has 0 polygons
2026-08-10 17:39:52 +0200: Memory Usage (471312K) : recog_sbump has 0 polygons
2026-08-10 17:39:52 +0200: Memory Usage (471312K) : recog_otp has 0 polygons
2026-08-10 17:39:52 +0200: Memory Usage (471312K) : recog_pdiode has 0 polygons
2026-08-10 17:39:52 +0200: Memory Usage (471312K) : recog_mom has 0 polygons
2026-08-10 17:39:52 +0200: Memory Usage (471312K) : recog_pcm has 0 polygons
2026-08-10 17:39:52 +0200: Memory Usage (471312K) : colopen_drw has 0 polygons
2026-08-10 17:39:52 +0200: Memory Usage (471312K) : graphmetal1_drw has 0 polygons
2026-08-10 17:39:52 +0200: Memory Usage (471312K) : graphmetal1_filler has 0 polygons
2026-08-10 17:39:52 +0200: Memory Usage (471312K) : graphmetal1_nofill has 0 polygons
2026-08-10 17:39:52 +0200: Memory Usage (471312K) : graphmetal1_slit has 0 polygons
2026-08-10 17:39:52 +0200: Memory Usage (471312K) : graphmetal1_OPC has 0 polygons
2026-08-10 17:39:52 +0200: Memory Usage (471312K) : graphmet1l_drw has 0 polygons
2026-08-10 17:39:52 +0200: Memory Usage (471312K) : graphmet1l_filler has 0 polygons
2026-08-10 17:39:52 +0200: Memory Usage (471312K) : graphmet1l_nofill has 0 polygons
2026-08-10 17:39:52 +0200: Memory Usage (471312K) : graphmet1l_slit has 0 polygons
2026-08-10 17:39:52 +0200: Memory Usage (471312K) : graphmet1l_OPC has 0 polygons
2026-08-10 17:39:52 +0200: Memory Usage (471312K) : extblock_drw has 1 polygons
2026-08-10 17:39:52 +0200: Memory Usage (471312K) : nldd_drw has 0 polygons
2026-08-10 17:39:52 +0200: Memory Usage (471312K) : pldd_drw has 0 polygons
2026-08-10 17:39:52 +0200: Memory Usage (471312K) : next_drw has 0 polygons
2026-08-10 17:39:52 +0200: Memory Usage (471312K) : pext_drw has 0 polygons
2026-08-10 17:39:52 +0200: Memory Usage (471312K) : nexthv_drw has 0 polygons
2026-08-10 17:39:52 +0200: Memory Usage (471312K) : pexthv_drw has 0 polygons
2026-08-10 17:39:52 +0200: Memory Usage (471312K) : graphgate_drw has 0 polygons
2026-08-10 17:39:52 +0200: Memory Usage (471312K) : sinwg_drw has 0 polygons
2026-08-10 17:39:52 +0200: Memory Usage (471312K) : sinwg_filler has 0 polygons
2026-08-10 17:39:52 +0200: Memory Usage (471312K) : sinwg_nofill has 0 polygons
2026-08-10 17:39:52 +0200: Memory Usage (471312K) : mempad_drw has 0 polygons
2026-08-10 17:39:52 +0200: Memory Usage (471312K) : topvia1_drw has 2315 polygons
2026-08-10 17:39:52 +0200: Memory Usage (471312K) : topmetal1_drw has 8 polygons
2026-08-10 17:39:52 +0200: Memory Usage (471312K) : topmetal1_filler has 0 polygons
2026-08-10 17:39:52 +0200: Memory Usage (471312K) : topmetal1_slit has 0 polygons
2026-08-10 17:39:52 +0200: Memory Usage (471312K) : topmetal1 has 8 polygons
2026-08-10 17:39:52 +0200: Memory Usage (471312K) : topmetal1_pin has 8 polygons
2026-08-10 17:39:52 +0200: Memory Usage (471312K) : topmetal1_mask has 0 polygons
2026-08-10 17:39:52 +0200: Memory Usage (471312K) : topmetal1_nofill has 0 polygons
2026-08-10 17:39:52 +0200: Memory Usage (471312K) : topmetal1_text has 8 polygons
2026-08-10 17:39:52 +0200: Memory Usage (471312K) : topmetal1_noqrc has 0 polygons
2026-08-10 17:39:52 +0200: Memory Usage (471312K) : topmetal1_res has 0 polygons
2026-08-10 17:39:52 +0200: Memory Usage (471312K) : topmetal1_iprobe has 0 polygons
2026-08-10 17:39:52 +0200: Memory Usage (471312K) : topmetal1_diffprb has 0 polygons
2026-08-10 17:39:52 +0200: Memory Usage (471312K) : inldpwl_drw has 0 polygons
2026-08-10 17:39:52 +0200: Memory Usage (471312K) : polyres_drw has 1 polygons
2026-08-10 17:39:52 +0200: Memory Usage (471312K) : polyres_pin has 0 polygons
2026-08-10 17:39:52 +0200: Memory Usage (471312K) : vmim_drw has 0 polygons
2026-08-10 17:39:52 +0200: Memory Usage (471312K) : nbulaycut_drw has 0 polygons
2026-08-10 17:39:52 +0200: Memory Usage (471312K) : antmetal1_drw has 0 polygons
2026-08-10 17:39:52 +0200: Memory Usage (471312K) : topvia2_drw has 1593 polygons
2026-08-10 17:39:52 +0200: Memory Usage (471312K) : topmetal2_drw has 6 polygons
2026-08-10 17:39:52 +0200: Memory Usage (471312K) : topmetal2_filler has 0 polygons
2026-08-10 17:39:52 +0200: Memory Usage (471312K) : topmetal2_slit has 0 polygons
2026-08-10 17:39:52 +0200: Memory Usage (471312K) : topmetal2 has 6 polygons
2026-08-10 17:39:52 +0200: Memory Usage (471312K) : topmetal2_pin has 6 polygons
2026-08-10 17:39:52 +0200: Memory Usage (471312K) : topmetal2_mask has 0 polygons
2026-08-10 17:39:52 +0200: Memory Usage (471312K) : topmetal2_nofill has 0 polygons
2026-08-10 17:39:52 +0200: Memory Usage (471312K) : topmetal2_text has 6 polygons
2026-08-10 17:39:52 +0200: Memory Usage (471312K) : topmetal2_noqrc has 0 polygons
2026-08-10 17:39:52 +0200: Memory Usage (471312K) : topmetal2_res has 0 polygons
2026-08-10 17:39:52 +0200: Memory Usage (471312K) : topmetal2_iprobe has 0 polygons
2026-08-10 17:39:52 +0200: Memory Usage (471312K) : topmetal2_diffprb has 0 polygons
2026-08-10 17:39:52 +0200: Memory Usage (471312K) : snsring_drw has 0 polygons
2026-08-10 17:39:52 +0200: Memory Usage (471312K) : sensor_drw has 0 polygons
2026-08-10 17:39:52 +0200: Memory Usage (471312K) : snsarms_drw has 0 polygons
2026-08-10 17:39:52 +0200: Memory Usage (471312K) : snscmosvia_drw has 0 polygons
2026-08-10 17:39:52 +0200: Memory Usage (471312K) : colwind_drw has 0 polygons
2026-08-10 17:39:52 +0200: Memory Usage (471312K) : flm_drw has 0 polygons
2026-08-10 17:39:52 +0200: Memory Usage (471312K) : hafniumox_drw has 0 polygons
2026-08-10 17:39:52 +0200: Memory Usage (471312K) : memvia_drw has 0 polygons
2026-08-10 17:39:52 +0200: Memory Usage (471312K) : thinfilmres_drw has 0 polygons
2026-08-10 17:39:52 +0200: Memory Usage (471312K) : rfmem_drw has 0 polygons
2026-08-10 17:39:52 +0200: Memory Usage (471312K) : norcx_drw has 0 polygons
2026-08-10 17:39:52 +0200: Memory Usage (471312K) : norcx_m2m3 has 0 polygons
2026-08-10 17:39:52 +0200: Memory Usage (471312K) : norcx_m2m4 has 0 polygons
2026-08-10 17:39:52 +0200: Memory Usage (471312K) : norcx_m2m5 has 0 polygons
2026-08-10 17:39:52 +0200: Memory Usage (471312K) : norcx_m2tm1 has 0 polygons
2026-08-10 17:39:52 +0200: Memory Usage (471312K) : norcx_m2tm2 has 0 polygons
2026-08-10 17:39:52 +0200: Memory Usage (471312K) : norcx_m3m4 has 0 polygons
2026-08-10 17:39:52 +0200: Memory Usage (471312K) : norcx_m3m5 has 0 polygons
2026-08-10 17:39:52 +0200: Memory Usage (471312K) : norcx_m3tm1 has 0 polygons
2026-08-10 17:39:52 +0200: Memory Usage (471312K) : norcx_m3tm2 has 0 polygons
2026-08-10 17:39:52 +0200: Memory Usage (471312K) : norcx_m4m5 has 0 polygons
2026-08-10 17:39:52 +0200: Memory Usage (471312K) : norcx_m4tm1 has 0 polygons
2026-08-10 17:39:52 +0200: Memory Usage (471312K) : norcx_m4tm2 has 0 polygons
2026-08-10 17:39:52 +0200: Memory Usage (471312K) : norcx_m5tm1 has 0 polygons
2026-08-10 17:39:52 +0200: Memory Usage (471312K) : norcx_m5tm2 has 0 polygons
2026-08-10 17:39:52 +0200: Memory Usage (471312K) : norcx_tm1tm2 has 0 polygons
2026-08-10 17:39:52 +0200: Memory Usage (471312K) : norcx_m1sub has 0 polygons
2026-08-10 17:39:52 +0200: Memory Usage (471312K) : norcx_m2sub has 0 polygons
2026-08-10 17:39:52 +0200: Memory Usage (471312K) : norcx_m3sub has 0 polygons
2026-08-10 17:39:52 +0200: Memory Usage (471312K) : norcx_m4sub has 0 polygons
2026-08-10 17:39:52 +0200: Memory Usage (471312K) : norcx_m5sub has 0 polygons
2026-08-10 17:39:52 +0200: Memory Usage (471312K) : norcx_tm1sub has 0 polygons
2026-08-10 17:39:52 +0200: Memory Usage (471312K) : norcx_tm2sub has 0 polygons
2026-08-10 17:39:52 +0200: Memory Usage (471440K) : snsbotvia_drw has 0 polygons
2026-08-10 17:39:52 +0200: Memory Usage (471440K) : snstopvia_drw has 0 polygons
2026-08-10 17:39:52 +0200: Memory Usage (471568K) : deepvia_drw has 0 polygons
2026-08-10 17:39:52 +0200: Memory Usage (471696K) : fgetch_drw has 0 polygons
2026-08-10 17:39:52 +0200: Memory Usage (471696K) : ctrgat_drw has 0 polygons
2026-08-10 17:39:52 +0200: Memory Usage (471824K) : fgimp_drw has 0 polygons
2026-08-10 17:39:52 +0200: Memory Usage (471824K) : emwihv_drw has 0 polygons
2026-08-10 17:39:52 +0200: Memory Usage (471952K) : lbe_drw has 0 polygons
2026-08-10 17:39:52 +0200: Memory Usage (471952K) : alcustop_drw has 0 polygons
2026-08-10 17:39:52 +0200: Memory Usage (472080K) : nometfiller_drw has 0 polygons
2026-08-10 17:39:52 +0200: Memory Usage (472080K) : prboundary_drw has 0 polygons
2026-08-10 17:39:52 +0200: Memory Usage (472208K) : exchange0_drw has 0 polygons
2026-08-10 17:39:52 +0200: Memory Usage (472208K) : exchange0_pin has 0 polygons
2026-08-10 17:39:52 +0200: Memory Usage (472336K) : exchange0_text has 0 polygons
2026-08-10 17:39:52 +0200: Memory Usage (472336K) : exchange1_drw has 0 polygons
2026-08-10 17:39:52 +0200: Memory Usage (472464K) : exchange1_pin has 0 polygons
2026-08-10 17:39:52 +0200: Memory Usage (472464K) : exchange1_text has 0 polygons
2026-08-10 17:39:52 +0200: Memory Usage (472592K) : exchange2_drw has 0 polygons
2026-08-10 17:39:52 +0200: Memory Usage (472592K) : exchange2_pin has 0 polygons
2026-08-10 17:39:52 +0200: Memory Usage (472720K) : exchange2_text has 0 polygons
2026-08-10 17:39:52 +0200: Memory Usage (472720K) : exchange3_drw has 0 polygons
2026-08-10 17:39:52 +0200: Memory Usage (472848K) : exchange3_pin has 0 polygons
2026-08-10 17:39:52 +0200: Memory Usage (472976K) : exchange3_text has 0 polygons
2026-08-10 17:39:52 +0200: Memory Usage (472976K) : exchange4_drw has 0 polygons
2026-08-10 17:39:52 +0200: Memory Usage (472976K) : exchange4_pin has 0 polygons
2026-08-10 17:39:52 +0200: Memory Usage (473104K) : exchange4_text has 0 polygons
2026-08-10 17:39:52 +0200: Memory Usage (473232K) : isonwell_drw has 0 polygons
2026-08-10 17:39:52 +0200: Memory Usage (473232K) : Total no. of polygons in the design is 58986
2026-08-10 17:39:52 +0200: Memory Usage (473232K) : Starting base layers derivations
2026-08-10 17:39:52 +0200: Memory Usage (473232K) : Starting general LVS derivations
2026-08-10 17:39:53 +0200: Memory Usage (480912K) : Starting MOSFET DERIVATIONS
2026-08-10 17:39:53 +0200: Memory Usage (481652K) : Starting NMOS DERIVATIONS
2026-08-10 17:39:53 +0200: Memory Usage (481652K) : Starting PMOS DERIVATIONS
2026-08-10 17:39:53 +0200: Memory Usage (481652K) : Starting RF-MOSFET DERIVATIONS
2026-08-10 17:39:53 +0200: Memory Usage (481652K) : Starting RF-NMOS DERIVATIONS
2026-08-10 17:39:53 +0200: Memory Usage (481652K) : Starting RF-PMOS DERIVATIONS
2026-08-10 17:39:53 +0200: Memory Usage (481652K) : Starting BJT DERIVATIONS
2026-08-10 17:39:53 +0200: Memory Usage (481652K) : Starting NPN-BJT DERIVATIONS
2026-08-10 17:39:53 +0200: Memory Usage (481652K) : Starting PNP-BJT DERIVATIONS
2026-08-10 17:39:53 +0200: Memory Usage (481652K) : Starting DIODE DERIVATIONS
2026-08-10 17:39:54 +0200: Memory Usage (481412K) : Starting RESISTOR DERIVATIONS
2026-08-10 17:39:54 +0200: Memory Usage (481668K) : Starting CAP DERIVATIONS
2026-08-10 17:39:54 +0200: Memory Usage (481668K) : Starting CAP_CMOM DERIVATIONS
2026-08-10 17:39:54 +0200: Memory Usage (481668K) : Starting ESD DERIVATIONS
2026-08-10 17:39:54 +0200: Memory Usage (481668K) : Starting Inductor DERIVATIONS
2026-08-10 17:39:55 +0200: Memory Usage (481668K) : Starting Taps DERIVATIONS
2026-08-10 17:39:55 +0200: Memory Usage (481668K) : Starting SG13G2 LVS connectivity setup
2026-08-10 17:39:55 +0200: Memory Usage (481668K) : Starting SG13G2 LVS connectivity setup (Inter-layer)
2026-08-10 17:39:55 +0200: Memory Usage (481796K) : Starting SG13G2 LVS connectivity setup (Global)
2026-08-10 17:39:55 +0200: Memory Usage (481796K) : Starting LVS MOSFET CONNECTIONS
2026-08-10 17:39:55 +0200: Memory Usage (481796K) : Starting LVS RF-MOSFET CONNECTIONS
2026-08-10 17:39:55 +0200: Memory Usage (481796K) : Starting LVS BJT CONNECTIONS
2026-08-10 17:39:55 +0200: Memory Usage (481796K) : Starting LVS DIODE CONNECTIONS
2026-08-10 17:39:55 +0200: Memory Usage (481796K) : Starting RESISTOR CONNECTIONS
2026-08-10 17:39:55 +0200: Memory Usage (481796K) : Starting LVS CAP CONNECTIONS
2026-08-10 17:39:55 +0200: Memory Usage (481796K) : Starting CAP_CMOM CONNECTIONS
2026-08-10 17:39:55 +0200: Memory Usage (481796K) : Starting ESD CONNECTIONS
2026-08-10 17:39:55 +0200: Memory Usage (481796K) : Starting Inductor CONNECTIONS
2026-08-10 17:39:55 +0200: Memory Usage (481796K) : Starting LVS Taps CONNECTIONS
2026-08-10 17:39:55 +0200: Memory Usage (481796K) : Starting SG13G2 LVS DEVICES EXTRACTION
2026-08-10 17:39:55 +0200: Memory Usage (481796K) : Starting MOSFET EXTRACTION
2026-08-10 17:39:55 +0200: Memory Usage (481796K) : Starting NMOS EXTRACTION
2026-08-10 17:39:55 +0200: Memory Usage (481796K) : Extraction of NMOS-LV transistor
2026-08-10 17:39:55 +0200: Memory Usage (481924K) : Extraction of NMOS-HV transistor
2026-08-10 17:39:55 +0200: Memory Usage (482052K) : Starting PMOS EXTRACTION
2026-08-10 17:39:55 +0200: Memory Usage (482052K) : Extraction of PMOS-LV transistor
2026-08-10 17:39:55 +0200: Memory Usage (482052K) : Extraction of PMOS-HV transistor
2026-08-10 17:39:55 +0200: Memory Usage (482052K) : Starting RF-MOSFET EXTRACTION
2026-08-10 17:39:55 +0200: Memory Usage (482052K) : Extraction of RF-NMOS-LV transistor
2026-08-10 17:39:55 +0200: Memory Usage (482052K) : Extraction of RF-NMOS-HV transistor
2026-08-10 17:39:55 +0200: Memory Usage (482052K) : Extraction of RF-PMOS-LV transistor
2026-08-10 17:39:55 +0200: Memory Usage (482052K) : Extraction of RF-PMOS-HV transistor
2026-08-10 17:39:55 +0200: Memory Usage (482052K) : Starting BJT EXTRACTION
2026-08-10 17:39:55 +0200: Memory Usage (482052K) : Starting NPN-BJT EXTRACTION
2026-08-10 17:39:55 +0200: Memory Usage (482052K) : Extraction of npn13G2 BJT transistor
2026-08-10 17:39:55 +0200: Memory Usage (482052K) : Extraction of npn13G2L BJT transistor
2026-08-10 17:39:55 +0200: Memory Usage (482052K) : Extraction of npn13G2V BJT transistor
2026-08-10 17:39:55 +0200: Memory Usage (482052K) : Starting PNP-BJT EXTRACTION
2026-08-10 17:39:55 +0200: Memory Usage (482052K) : Extracting pnpMPA BJT
2026-08-10 17:39:55 +0200: Memory Usage (482052K) : Starting DIODE EXTRACTION
2026-08-10 17:39:55 +0200: Memory Usage (482052K) : Extracting dantenna diode
2026-08-10 17:39:55 +0200: Memory Usage (482052K) : Extracting dpantenna diode
2026-08-10 17:39:55 +0200: Memory Usage (482052K) : Extracting schottky_nbl1 diode
2026-08-10 17:39:55 +0200: Memory Usage (482052K) : Extracting isolbox diode
2026-08-10 17:39:55 +0200: Memory Usage (482052K) : Starting RESISTOR EXTRACTION
2026-08-10 17:39:55 +0200: Memory Usage (482052K) : Extracting rsil resistor
2026-08-10 17:39:55 +0200: Memory Usage (482052K) : Extracting rppd resistor
2026-08-10 17:39:55 +0200: Memory Usage (482180K) : Extracting rhigh resistor
2026-08-10 17:39:55 +0200: Memory Usage (482180K) : Extracting res_metal1 resistor
2026-08-10 17:39:55 +0200: Memory Usage (482180K) : Extracting res_metal2 resistor
2026-08-10 17:39:55 +0200: Memory Usage (482180K) : Extracting res_metal3 resistor
2026-08-10 17:39:55 +0200: Memory Usage (482180K) : Extracting res_metal4 resistor
2026-08-10 17:39:55 +0200: Memory Usage (482180K) : Extracting res_metal5 resistor
2026-08-10 17:39:55 +0200: Memory Usage (482180K) : Extracting res_topmetal1 resistor
2026-08-10 17:39:55 +0200: Memory Usage (482180K) : Extracting res_topmetal2 resistor
2026-08-10 17:39:55 +0200: Memory Usage (482180K) : Starting CAP EXTRACTION
2026-08-10 17:39:55 +0200: Memory Usage (482180K) : Extracting cap_cmim device
2026-08-10 17:39:55 +0200: Memory Usage (482180K) : Extracting rfcmim device
2026-08-10 17:39:55 +0200: Memory Usage (482180K) : Extracting sg13_hv_svaricap varactor
2026-08-10 17:39:55 +0200: Memory Usage (482180K) : Extracting cap_cmomi device
2026-08-10 17:39:55 +0200: Memory Usage (482180K) : Extracting sg13_moscap_n capacitor
2026-08-10 17:39:55 +0200: Memory Usage (482180K) : Extracting sg13_moscap_p capacitor
2026-08-10 17:39:55 +0200: Memory Usage (482180K) : Starting ESD EXTRACTION
2026-08-10 17:39:55 +0200: Memory Usage (482180K) : Extracting diodevdd_2kv ESD device
2026-08-10 17:39:55 +0200: Memory Usage (482180K) : Extracting diodevdd_4kv ESD device
2026-08-10 17:39:55 +0200: Memory Usage (482180K) : Extracting diodevss_2kv ESD device
2026-08-10 17:39:55 +0200: Memory Usage (482180K) : Extracting diodevss_4kv ESD device
2026-08-10 17:39:55 +0200: Memory Usage (482180K) : Extracting idiodevdd_2kv ESD device
2026-08-10 17:39:55 +0200: Memory Usage (482180K) : Extracting idiodevdd_4kv ESD device
2026-08-10 17:39:55 +0200: Memory Usage (482180K) : Extracting idiodevss_2kv ESD device
2026-08-10 17:39:55 +0200: Memory Usage (482180K) : Extracting idiodevss_4kv ESD device
2026-08-10 17:39:55 +0200: Memory Usage (482180K) : Extracting nmoscl_2 ESD device
2026-08-10 17:39:55 +0200: Memory Usage (482180K) : Extracting nmoscl_4 ESD device
2026-08-10 17:39:55 +0200: Memory Usage (482180K) : Starting Inductor EXTRACTION
2026-08-10 17:39:55 +0200: Memory Usage (482180K) : Extracting Inductor2 device
2026-08-10 17:39:55 +0200: Memory Usage (482180K) : Extracting Inductor3 device
2026-08-10 17:39:55 +0200: Memory Usage (482180K) : Starting Taps EXTRACTION
2026-08-10 17:39:55 +0200: Memory Usage (482180K) : Extracting ntap1 device
2026-08-10 17:39:55 +0200: Memory Usage (482180K) : Extracting ptap1 device
2026-08-10 17:39:55 +0200: Memory Usage (482180K) : Starting SG13G2 LVS RF MOS Model Mapping
2026-08-10 17:39:55 +0200: Memory Usage (486404K) : [layout_netlist] Apply RF MOS model mapping and rfmode parameter.
2026-08-10 17:39:55 +0200: Memory Usage (486404K) : Starting SG13G2 LVS Options Preparations
2026-08-10 17:39:55 +0200: Memory Usage (486404K) : SG13G2 LVS flow: extraction -> alignment -> option preparation -> comparison.
2026-08-10 17:39:55 +0200: Memory Usage (486404K) : Starting SG13G2 LVS Alignment
2026-08-10 17:39:56 +0200: Memory Usage (486404K) : Starting SG13G2 LVS Simplification
2026-08-10 17:39:56 +0200: Memory Usage (486404K) : [layout_netlist] simplify: ENABLED
2026-08-10 17:39:56 +0200: Memory Usage (486404K) : [layout_netlist] make_top_level_pins: SKIPPED
2026-08-10 17:39:56 +0200: Memory Usage (486404K) : [layout_netlist] combine_devices: ENABLED
2026-08-10 17:39:56 +0200: Memory Usage (486404K) : [layout_netlist] purge: SKIPPED
2026-08-10 17:39:56 +0200: Memory Usage (486404K) : [layout_netlist] purge_nets: SKIPPED
2026-08-10 17:39:56 +0200: Memory Usage (486404K) : [schematic_netlist] simplify: ENABLED
2026-08-10 17:39:56 +0200: Memory Usage (486404K) : [schematic_netlist] make_top_level_pins: SKIPPED
2026-08-10 17:39:56 +0200: Memory Usage (486404K) : [schematic_netlist] combine_devices: ENABLED
2026-08-10 17:39:56 +0200: Memory Usage (486404K) : [schematic_netlist] purge: SKIPPED
2026-08-10 17:39:56 +0200: Memory Usage (486404K) : [schematic_netlist] purge_nets: SKIPPED
2026-08-10 17:39:56 +0200: Memory Usage (486404K) : Starting SG13G2 LVS Comparison
2026-08-10 17:39:56 +0200: Memory Usage (486532K) : ==========================================
2026-08-10 17:39:56 +0200: Memory Usage (486532K) : INFO : Congratulations! Netlists match.
2026-08-10 17:39:56 +0200: Memory Usage (486532K) : ==========================================
2026-08-10 17:39:56 +0200: Memory Usage (486532K) : LVS Total Run time 4.003890 seconds
10-Aug-2026 17:39:56 | INFO    | ==============================================================================
10-Aug-2026 17:39:56 | INFO    | Important Summary
10-Aug-2026 17:39:56 | INFO    | +------------------+----------------------------------------------------------------------------------------------+
10-Aug-2026 17:39:56 | INFO    | | Status           | PASS                                                                                         |
10-Aug-2026 17:39:56 | INFO    | | Mode             | COMPARE                                                                                      |
10-Aug-2026 17:39:56 | INFO    | | Outcome          | Comparison mode: PASS (netlists match).                                                      |
10-Aug-2026 17:39:56 | INFO    | | Layout           | sg13g2_IOPadInOut16mA.gds                                                                    |
10-Aug-2026 17:39:56 | INFO    | | Top Cell         | sg13g2_IOPadInOut16mA                                                                        |
10-Aug-2026 17:39:56 | INFO    | | Results Dir      | /foss/designs/ihp-open-pdk-regression/IOPADS/lvs_sweep/20260810_173932/sg13g2_IOPadInOut16mA |
10-Aug-2026 17:39:56 | INFO    | | Warnings         | 0                                                                                            |
10-Aug-2026 17:39:56 | INFO    | | Errors           | 0                                                                                            |
10-Aug-2026 17:39:56 | INFO    | | Run Time (s)     | 7.554                                                                                        |
10-Aug-2026 17:39:56 | INFO    | +------------------+----------------------------------------------------------------------------------------------+
10-Aug-2026 17:39:56 | INFO    | ==============================================================================
