11-Aug-2026 10:25:06 | INFO    | Your Klayout version is: KLayout 0.30.10 (required >= 0.30.5)
11-Aug-2026 10:25:06 | INFO    | Running SG13G2 LVS checks on design /foss/designs/ihp-open-pdk-regression/IOPADS/layout/sg13g2_IOPadTriOut4mA.gds on cell sg13g2_IOPadTriOut4mA
2026-08-11 10:25:08 +0200: Memory Usage (456100K) : Starting running SG13G2 Klayout LVS runset on /foss/designs/ihp-open-pdk-regression/IOPADS/layout/sg13g2_IOPadTriOut4mA.gds
2026-08-11 10:25:08 +0200: Memory Usage (456100K) : Ruby Version for klayout: 3.2.3
2026-08-11 10:25:08 +0200: Memory Usage (458020K) : Loading database to memory is complete.
2026-08-11 10:25:08 +0200: Memory Usage (458020K) : SG13G2 Klayout LVS runset output at: /foss/designs/ihp-open-pdk-regression/IOPADS/lvs_sweep/20260811_102346/sg13g2_IOPadTriOut4mA/sg13g2_IOPadTriOut4mA.lvsdb
2026-08-11 10:25:08 +0200: Memory Usage (458020K) : Evaluate switches.
2026-08-11 10:25:08 +0200: Memory Usage (458020K) : Extracted netlist with net names: true
2026-08-11 10:25:08 +0200: Memory Usage (458020K) : Extracted netlist with comments in details: false
2026-08-11 10:25:08 +0200: Memory Usage (458020K) : Selected NET_ONLY option: false
2026-08-11 10:25:08 +0200: Memory Usage (458020K) : Selected LAYOUT_NETLIST option: (none)
2026-08-11 10:25:08 +0200: Memory Usage (458020K) : Selected IGNORE_TOP_PORTS_MISMATCH option: true
2026-08-11 10:25:08 +0200: Memory Usage (458020K) : Selected IMPLICIT_NETS option: iovss,iovdd,vss,vdd,pad,cathode,anode
2026-08-11 10:25:08 +0200: Memory Usage (458020K) : Selected TOP_LVL_PINS option: false
2026-08-11 10:25:08 +0200: Memory Usage (458020K) : Selected COMBINE DEVICES option: true
2026-08-11 10:25:08 +0200: Memory Usage (458020K) : Selected PURGE option: false
2026-08-11 10:25:08 +0200: Memory Usage (458020K) : Selected PURGE_NETS option: false
2026-08-11 10:25:08 +0200: Memory Usage (458148K) : Selected SIMPLIFY option: true
2026-08-11 10:25:08 +0200: Memory Usage (458148K) : Selected SERIES_RES option: true
2026-08-11 10:25:08 +0200: Memory Usage (458148K) : Selected PARALLEL_RES option: true
2026-08-11 10:25:08 +0200: Memory Usage (458148K) : Selected DISABLE_TAP_EXTRACTION option: false
2026-08-11 10:25:08 +0200: Memory Usage (458148K) : deep  mode is enabled.
2026-08-11 10:25:08 +0200: Memory Usage (458148K) : Applying implicit connections (case-sensitive, pattern supported) for nets: iovss, iovdd, vss, vdd, pad, cathode, anode
2026-08-11 10:25:08 +0200: Memory Usage (459428K) : Netlist file: /foss/designs/ihp-open-pdk-regression/IOPADS/netlist/pads_sub/sg13g2_IOPadTriOut4mA.spi
2026-08-11 10:25:08 +0200: Memory Usage (459428K) : LVS extracted netlist at: /foss/designs/ihp-open-pdk-regression/IOPADS/lvs_sweep/20260811_102346/sg13g2_IOPadTriOut4mA/sg13g2_IOPadTriOut4mA_extracted.cir
2026-08-11 10:25:08 +0200: Memory Usage (459428K) : Applying SRAM integration support.
2026-08-11 10:25:08 +0200: Memory Usage (459428K) : Starting SG13G2 LVS runset
2026-08-11 10:25:08 +0200: Memory Usage (459428K) : Read in polygons from layers.
2026-08-11 10:25:08 +0200: Memory Usage (460708K) : activ_drw has 95 polygons
2026-08-11 10:25:08 +0200: Memory Usage (460708K) : activ_filler has 0 polygons
2026-08-11 10:25:08 +0200: Memory Usage (460836K) : activ has 95 polygons
2026-08-11 10:25:08 +0200: Memory Usage (460836K) : activ_pin has 0 polygons
2026-08-11 10:25:08 +0200: Memory Usage (460836K) : activ_mask has 0 polygons
2026-08-11 10:25:08 +0200: Memory Usage (460836K) : activ_nofill has 0 polygons
2026-08-11 10:25:08 +0200: Memory Usage (460836K) : activ_OPC has 0 polygons
2026-08-11 10:25:08 +0200: Memory Usage (460836K) : activ_iOPC has 0 polygons
2026-08-11 10:25:08 +0200: Memory Usage (460836K) : activ_noqrc has 0 polygons
2026-08-11 10:25:08 +0200: Memory Usage (460964K) : biwind_drw has 0 polygons
2026-08-11 10:25:08 +0200: Memory Usage (461092K) : biwind_OPC has 0 polygons
2026-08-11 10:25:08 +0200: Memory Usage (461092K) : gatpoly_drw has 35 polygons
2026-08-11 10:25:08 +0200: Memory Usage (461220K) : gatpoly_filler has 0 polygons
2026-08-11 10:25:08 +0200: Memory Usage (461348K) : gatpoly has 35 polygons
2026-08-11 10:25:08 +0200: Memory Usage (461348K) : gatpoly_pin has 0 polygons
2026-08-11 10:25:08 +0200: Memory Usage (461732K) : gatpoly_nofill has 0 polygons
2026-08-11 10:25:08 +0200: Memory Usage (461732K) : gatpoly_OPC has 0 polygons
2026-08-11 10:25:08 +0200: Memory Usage (461732K) : gatpoly_iOPC has 0 polygons
2026-08-11 10:25:08 +0200: Memory Usage (461860K) : gatpoly_noqrc has 0 polygons
2026-08-11 10:25:08 +0200: Memory Usage (463012K) : cont_drw has 45760 polygons
2026-08-11 10:25:08 +0200: Memory Usage (463012K) : cont_OPC has 0 polygons
2026-08-11 10:25:08 +0200: Memory Usage (463012K) : nsd_drw has 0 polygons
2026-08-11 10:25:08 +0200: Memory Usage (463012K) : nsd_block has 0 polygons
2026-08-11 10:25:08 +0200: Memory Usage (463012K) : metal1_drw has 189 polygons
2026-08-11 10:25:08 +0200: Memory Usage (463012K) : metal1_filler has 0 polygons
2026-08-11 10:25:08 +0200: Memory Usage (463012K) : metal1_slit has 0 polygons
2026-08-11 10:25:08 +0200: Memory Usage (463524K) : metal1 has 189 polygons
2026-08-11 10:25:08 +0200: Memory Usage (463524K) : metal1_pin has 43 polygons
2026-08-11 10:25:08 +0200: Memory Usage (463524K) : metal1_mask has 0 polygons
2026-08-11 10:25:08 +0200: Memory Usage (463524K) : metal1_nofill has 0 polygons
2026-08-11 10:25:08 +0200: Memory Usage (463780K) : metal1_text has 42 polygons
2026-08-11 10:25:08 +0200: Memory Usage (463780K) : metal1_OPC has 0 polygons
2026-08-11 10:25:08 +0200: Memory Usage (463908K) : metal1_noqrc has 0 polygons
2026-08-11 10:25:08 +0200: Memory Usage (463908K) : metal1_res has 0 polygons
2026-08-11 10:25:08 +0200: Memory Usage (464036K) : metal1_iprobe has 0 polygons
2026-08-11 10:25:08 +0200: Memory Usage (464036K) : metal1_diffprb has 0 polygons
2026-08-11 10:25:08 +0200: Memory Usage (464164K) : passiv_drw has 0 polygons
2026-08-11 10:25:08 +0200: Memory Usage (464164K) : passiv_pin has 0 polygons
2026-08-11 10:25:08 +0200: Memory Usage (464292K) : passiv_sbump has 0 polygons
2026-08-11 10:25:08 +0200: Memory Usage (464292K) : passiv_pillar has 0 polygons
2026-08-11 10:25:08 +0200: Memory Usage (464420K) : passiv_pdl has 0 polygons
2026-08-11 10:25:08 +0200: Memory Usage (464420K) : metal2_drw has 50 polygons
2026-08-11 10:25:08 +0200: Memory Usage (464548K) : metal2_filler has 0 polygons
2026-08-11 10:25:08 +0200: Memory Usage (464548K) : metal2_slit has 0 polygons
2026-08-11 10:25:08 +0200: Memory Usage (464676K) : metal2 has 50 polygons
2026-08-11 10:25:08 +0200: Memory Usage (464804K) : metal2_pin has 15 polygons
2026-08-11 10:25:08 +0200: Memory Usage (464804K) : metal2_mask has 0 polygons
2026-08-11 10:25:08 +0200: Memory Usage (464932K) : metal2_nofill has 0 polygons
2026-08-11 10:25:08 +0200: Memory Usage (465060K) : metal2_text has 15 polygons
2026-08-11 10:25:08 +0200: Memory Usage (465060K) : metal2_OPC has 0 polygons
2026-08-11 10:25:08 +0200: Memory Usage (465188K) : metal2_noqrc has 0 polygons
2026-08-11 10:25:08 +0200: Memory Usage (465188K) : metal2_res has 0 polygons
2026-08-11 10:25:08 +0200: Memory Usage (465316K) : metal2_iprobe has 0 polygons
2026-08-11 10:25:08 +0200: Memory Usage (465316K) : metal2_diffprb has 0 polygons
2026-08-11 10:25:08 +0200: Memory Usage (465444K) : baspoly_drw has 0 polygons
2026-08-11 10:25:08 +0200: Memory Usage (465444K) : baspoly_pin has 0 polygons
2026-08-11 10:25:08 +0200: Memory Usage (465572K) : psd_drw has 38 polygons
2026-08-11 10:25:08 +0200: Memory Usage (465700K) : nldb_drw has 0 polygons
2026-08-11 10:25:08 +0200: Memory Usage (465700K) : digibnd_drw has 0 polygons
2026-08-11 10:25:08 +0200: Memory Usage (465700K) : via1_drw has 1536 polygons
2026-08-11 10:25:08 +0200: Memory Usage (465828K) : backmetal1_drw has 0 polygons
2026-08-11 10:25:08 +0200: Memory Usage (465828K) : backmetal1_pin has 0 polygons
2026-08-11 10:25:08 +0200: Memory Usage (465828K) : backmetal1_mask has 0 polygons
2026-08-11 10:25:08 +0200: Memory Usage (465956K) : backmetal1_filler has 0 polygons
2026-08-11 10:25:08 +0200: Memory Usage (465956K) : backmetal1_nofill has 0 polygons
2026-08-11 10:25:08 +0200: Memory Usage (465956K) : backmetal1_slit has 0 polygons
2026-08-11 10:25:08 +0200: Memory Usage (466084K) : backmetal1_text has 0 polygons
2026-08-11 10:25:08 +0200: Memory Usage (466084K) : backmetal1_OPC has 0 polygons
2026-08-11 10:25:08 +0200: Memory Usage (466084K) : backmetal1_noqrc has 0 polygons
2026-08-11 10:25:08 +0200: Memory Usage (466212K) : backmetal1_res has 0 polygons
2026-08-11 10:25:08 +0200: Memory Usage (466212K) : backmetal1_iprobe has 0 polygons
2026-08-11 10:25:08 +0200: Memory Usage (466212K) : backmetal1_diffprb has 0 polygons
2026-08-11 10:25:08 +0200: Memory Usage (466340K) : backpassiv_drw has 0 polygons
2026-08-11 10:25:08 +0200: Memory Usage (466340K) : res_drw has 0 polygons
2026-08-11 10:25:08 +0200: Memory Usage (466468K) : sram_drw has 0 polygons
2026-08-11 10:25:08 +0200: Memory Usage (466596K) : trans_drw has 0 polygons
2026-08-11 10:25:08 +0200: Memory Usage (466596K) : ind_drw has 0 polygons
2026-08-11 10:25:08 +0200: Memory Usage (466724K) : ind_pin has 0 polygons
2026-08-11 10:25:08 +0200: Memory Usage (466724K) : ind_text has 0 polygons
2026-08-11 10:25:08 +0200: Memory Usage (466852K) : salblock_drw has 0 polygons
2026-08-11 10:25:08 +0200: Memory Usage (466852K) : via2_drw has 1228 polygons
2026-08-11 10:25:08 +0200: Memory Usage (466980K) : metal3_drw has 14 polygons
2026-08-11 10:25:08 +0200: Memory Usage (466980K) : metal3_filler has 0 polygons
2026-08-11 10:25:08 +0200: Memory Usage (467108K) : metal3_slit has 0 polygons
2026-08-11 10:25:08 +0200: Memory Usage (467236K) : metal3 has 14 polygons
2026-08-11 10:25:08 +0200: Memory Usage (467236K) : metal3_pin has 10 polygons
2026-08-11 10:25:08 +0200: Memory Usage (467364K) : metal3_mask has 0 polygons
2026-08-11 10:25:08 +0200: Memory Usage (467492K) : metal3_nofill has 0 polygons
2026-08-11 10:25:08 +0200: Memory Usage (467492K) : metal3_text has 10 polygons
2026-08-11 10:25:08 +0200: Memory Usage (467620K) : metal3_OPC has 0 polygons
2026-08-11 10:25:08 +0200: Memory Usage (467620K) : metal3_noqrc has 0 polygons
2026-08-11 10:25:08 +0200: Memory Usage (467748K) : metal3_res has 0 polygons
2026-08-11 10:25:08 +0200: Memory Usage (467748K) : metal3_iprobe has 0 polygons
2026-08-11 10:25:08 +0200: Memory Usage (467876K) : metal3_diffprb has 0 polygons
2026-08-11 10:25:08 +0200: Memory Usage (467876K) : nwell_drw has 25 polygons
2026-08-11 10:25:08 +0200: Memory Usage (468004K) : nwell_pin has 0 polygons
2026-08-11 10:25:08 +0200: Memory Usage (468004K) : nwell_text has 0 polygons
2026-08-11 10:25:08 +0200: Memory Usage (468132K) : nbulay_drw has 0 polygons
2026-08-11 10:25:08 +0200: Memory Usage (468132K) : nbulay_pin has 0 polygons
2026-08-11 10:25:08 +0200: Memory Usage (468132K) : nbulay_block has 0 polygons
2026-08-11 10:25:08 +0200: Memory Usage (468260K) : emwind_drw has 0 polygons
2026-08-11 10:25:08 +0200: Memory Usage (468260K) : emwind_OPC has 0 polygons
2026-08-11 10:25:08 +0200: Memory Usage (468260K) : deepco_drw has 0 polygons
2026-08-11 10:25:08 +0200: Memory Usage (468388K) : mim_drw has 0 polygons
2026-08-11 10:25:08 +0200: Memory Usage (468388K) : edgeseal_drw has 0 polygons
2026-08-11 10:25:08 +0200: Memory Usage (468516K) : substrate_drw has 23 polygons
2026-08-11 10:25:08 +0200: Memory Usage (468516K) : substrate_text has 0 polygons
2026-08-11 10:25:08 +0200: Memory Usage (468644K) : dfpad_drw has 0 polygons
2026-08-11 10:25:08 +0200: Memory Usage (468644K) : dfpad_pillar has 0 polygons
2026-08-11 10:25:08 +0200: Memory Usage (468772K) : dfpad_sbump has 0 polygons
2026-08-11 10:25:08 +0200: Memory Usage (468772K) : thickgateox_drw has 4 polygons
2026-08-11 10:25:08 +0200: Memory Usage (468900K) : pldb_drw has 0 polygons
2026-08-11 10:25:08 +0200: Memory Usage (468900K) : pwell_drw has 0 polygons
2026-08-11 10:25:08 +0200: Memory Usage (469028K) : pwell_pin has 0 polygons
2026-08-11 10:25:08 +0200: Memory Usage (469028K) : pwell_block has 0 polygons
2026-08-11 10:25:08 +0200: Memory Usage (469156K) : ic_drw has 0 polygons
2026-08-11 10:25:08 +0200: Memory Usage (469284K) : via3_drw has 2087 polygons
2026-08-11 10:25:08 +0200: Memory Usage (469412K) : metal4_drw has 8 polygons
2026-08-11 10:25:08 +0200: Memory Usage (469412K) : metal4_filler has 0 polygons
2026-08-11 10:25:08 +0200: Memory Usage (469540K) : metal4_slit has 0 polygons
2026-08-11 10:25:08 +0200: Memory Usage (469668K) : metal4 has 8 polygons
2026-08-11 10:25:08 +0200: Memory Usage (469668K) : metal4_pin has 8 polygons
2026-08-11 10:25:08 +0200: Memory Usage (469796K) : metal4_mask has 0 polygons
2026-08-11 10:25:08 +0200: Memory Usage (469796K) : metal4_nofill has 0 polygons
2026-08-11 10:25:08 +0200: Memory Usage (469924K) : metal4_text has 8 polygons
2026-08-11 10:25:08 +0200: Memory Usage (469924K) : metal4_OPC has 0 polygons
2026-08-11 10:25:08 +0200: Memory Usage (470052K) : metal4_noqrc has 0 polygons
2026-08-11 10:25:08 +0200: Memory Usage (470052K) : metal4_res has 0 polygons
2026-08-11 10:25:08 +0200: Memory Usage (470180K) : metal4_iprobe has 0 polygons
2026-08-11 10:25:08 +0200: Memory Usage (470180K) : metal4_diffprb has 0 polygons
2026-08-11 10:25:08 +0200: Memory Usage (470308K) : heattrans_drw has 0 polygons
2026-08-11 10:25:08 +0200: Memory Usage (470436K) : heatres_drw has 0 polygons
2026-08-11 10:25:08 +0200: Memory Usage (470436K) : fbe_drw has 0 polygons
2026-08-11 10:25:08 +0200: Memory Usage (470564K) : empoly_drw has 0 polygons
2026-08-11 10:25:08 +0200: Memory Usage (470564K) : digisub_drw has 0 polygons
2026-08-11 10:25:08 +0200: Memory Usage (470564K) : text_drw has 17 polygons
2026-08-11 10:25:08 +0200: Memory Usage (470692K) : via4_drw has 2371 polygons
2026-08-11 10:25:08 +0200: Memory Usage (470820K) : metal5_drw has 8 polygons
2026-08-11 10:25:08 +0200: Memory Usage (470820K) : metal5_filler has 0 polygons
2026-08-11 10:25:08 +0200: Memory Usage (470948K) : metal5_slit has 0 polygons
2026-08-11 10:25:08 +0200: Memory Usage (471076K) : metal5 has 8 polygons
2026-08-11 10:25:08 +0200: Memory Usage (471076K) : metal5_pin has 8 polygons
2026-08-11 10:25:08 +0200: Memory Usage (471204K) : metal5_mask has 0 polygons
2026-08-11 10:25:08 +0200: Memory Usage (471204K) : metal5_nofill has 0 polygons
2026-08-11 10:25:08 +0200: Memory Usage (471332K) : metal5_text has 8 polygons
2026-08-11 10:25:08 +0200: Memory Usage (471332K) : metal5_OPC has 0 polygons
2026-08-11 10:25:08 +0200: Memory Usage (471460K) : metal5_noqrc has 0 polygons
2026-08-11 10:25:08 +0200: Memory Usage (471460K) : metal5_res has 0 polygons
2026-08-11 10:25:08 +0200: Memory Usage (471588K) : metal5_iprobe has 0 polygons
2026-08-11 10:25:08 +0200: Memory Usage (471716K) : metal5_diffprb has 0 polygons
2026-08-11 10:25:08 +0200: Memory Usage (471716K) : radhard_drw has 0 polygons
2026-08-11 10:25:08 +0200: Memory Usage (471844K) : memcap_drw has 0 polygons
2026-08-11 10:25:08 +0200: Memory Usage (471844K) : varicap_drw has 0 polygons
2026-08-11 10:25:08 +0200: Memory Usage (471972K) : intbondvia_drw has 0 polygons
2026-08-11 10:25:08 +0200: Memory Usage (471972K) : intbondmet_drw has 0 polygons
2026-08-11 10:25:08 +0200: Memory Usage (472100K) : devbondvia_drw has 0 polygons
2026-08-11 10:25:08 +0200: Memory Usage (472100K) : devbondmet_drw has 0 polygons
2026-08-11 10:25:08 +0200: Memory Usage (472228K) : devtrench_drw has 0 polygons
2026-08-11 10:25:08 +0200: Memory Usage (472228K) : redist_drw has 0 polygons
2026-08-11 10:25:08 +0200: Memory Usage (472356K) : graphbot_drw has 0 polygons
2026-08-11 10:25:08 +0200: Memory Usage (472484K) : graphtop_drw has 0 polygons
2026-08-11 10:25:08 +0200: Memory Usage (472484K) : antvia1_drw has 0 polygons
2026-08-11 10:25:08 +0200: Memory Usage (472612K) : antmetal2_drw has 0 polygons
2026-08-11 10:25:08 +0200: Memory Usage (472612K) : graphcont_drw has 0 polygons
2026-08-11 10:25:09 +0200: Memory Usage (472740K) : siwg_drw has 0 polygons
2026-08-11 10:25:09 +0200: Memory Usage (472740K) : siwg_filler has 0 polygons
2026-08-11 10:25:09 +0200: Memory Usage (472868K) : siwg_nofill has 0 polygons
2026-08-11 10:25:09 +0200: Memory Usage (472868K) : sigrating_drw has 0 polygons
2026-08-11 10:25:09 +0200: Memory Usage (472996K) : singrating_drw has 0 polygons
2026-08-11 10:25:09 +0200: Memory Usage (472996K) : graphpas_drw has 0 polygons
2026-08-11 10:25:09 +0200: Memory Usage (473124K) : emwind3_drw has 0 polygons
2026-08-11 10:25:09 +0200: Memory Usage (473124K) : emwihv3_drw has 0 polygons
2026-08-11 10:25:09 +0200: Memory Usage (473124K) : redbulay_drw has 0 polygons
2026-08-11 10:25:09 +0200: Memory Usage (473124K) : smos_drw has 0 polygons
2026-08-11 10:25:09 +0200: Memory Usage (473124K) : graphpad_drw has 0 polygons
2026-08-11 10:25:09 +0200: Memory Usage (473124K) : polimide_drw has 0 polygons
2026-08-11 10:25:09 +0200: Memory Usage (473252K) : polimide_pin has 0 polygons
2026-08-11 10:25:09 +0200: Memory Usage (473252K) : recog_drw has 0 polygons
2026-08-11 10:25:09 +0200: Memory Usage (473252K) : recog_pin has 0 polygons
2026-08-11 10:25:09 +0200: Memory Usage (473380K) : recog_esd has 0 polygons
2026-08-11 10:25:09 +0200: Memory Usage (473508K) : recog_diode has 6 polygons
2026-08-11 10:25:09 +0200: Memory Usage (473508K) : recog_tsv has 0 polygons
2026-08-11 10:25:09 +0200: Memory Usage (473636K) : recog_iprobe has 0 polygons
2026-08-11 10:25:09 +0200: Memory Usage (473636K) : recog_diffprb has 0 polygons
2026-08-11 10:25:09 +0200: Memory Usage (473764K) : recog_pillar has 0 polygons
2026-08-11 10:25:09 +0200: Memory Usage (473764K) : recog_sbump has 0 polygons
2026-08-11 10:25:09 +0200: Memory Usage (473892K) : recog_otp has 0 polygons
2026-08-11 10:25:09 +0200: Memory Usage (473892K) : recog_pdiode has 0 polygons
2026-08-11 10:25:09 +0200: Memory Usage (474020K) : recog_mom has 0 polygons
2026-08-11 10:25:09 +0200: Memory Usage (474020K) : recog_pcm has 0 polygons
2026-08-11 10:25:09 +0200: Memory Usage (474148K) : colopen_drw has 0 polygons
2026-08-11 10:25:09 +0200: Memory Usage (474148K) : graphmetal1_drw has 0 polygons
2026-08-11 10:25:09 +0200: Memory Usage (474148K) : graphmetal1_filler has 0 polygons
2026-08-11 10:25:09 +0200: Memory Usage (474148K) : graphmetal1_nofill has 0 polygons
2026-08-11 10:25:09 +0200: Memory Usage (474148K) : graphmetal1_slit has 0 polygons
2026-08-11 10:25:09 +0200: Memory Usage (474148K) : graphmetal1_OPC has 0 polygons
2026-08-11 10:25:09 +0200: Memory Usage (474148K) : graphmet1l_drw has 0 polygons
2026-08-11 10:25:09 +0200: Memory Usage (474148K) : graphmet1l_filler has 0 polygons
2026-08-11 10:25:09 +0200: Memory Usage (474148K) : graphmet1l_nofill has 0 polygons
2026-08-11 10:25:09 +0200: Memory Usage (474148K) : graphmet1l_slit has 0 polygons
2026-08-11 10:25:09 +0200: Memory Usage (474148K) : graphmet1l_OPC has 0 polygons
2026-08-11 10:25:09 +0200: Memory Usage (474148K) : extblock_drw has 0 polygons
2026-08-11 10:25:09 +0200: Memory Usage (474148K) : nldd_drw has 0 polygons
2026-08-11 10:25:09 +0200: Memory Usage (474148K) : pldd_drw has 0 polygons
2026-08-11 10:25:09 +0200: Memory Usage (474148K) : next_drw has 0 polygons
2026-08-11 10:25:09 +0200: Memory Usage (474148K) : pext_drw has 0 polygons
2026-08-11 10:25:09 +0200: Memory Usage (474148K) : nexthv_drw has 0 polygons
2026-08-11 10:25:09 +0200: Memory Usage (474148K) : pexthv_drw has 0 polygons
2026-08-11 10:25:09 +0200: Memory Usage (474148K) : graphgate_drw has 0 polygons
2026-08-11 10:25:09 +0200: Memory Usage (474148K) : sinwg_drw has 0 polygons
2026-08-11 10:25:09 +0200: Memory Usage (474148K) : sinwg_filler has 0 polygons
2026-08-11 10:25:09 +0200: Memory Usage (474148K) : sinwg_nofill has 0 polygons
2026-08-11 10:25:09 +0200: Memory Usage (474148K) : mempad_drw has 0 polygons
2026-08-11 10:25:09 +0200: Memory Usage (474148K) : topvia1_drw has 2315 polygons
2026-08-11 10:25:09 +0200: Memory Usage (474148K) : topmetal1_drw has 8 polygons
2026-08-11 10:25:09 +0200: Memory Usage (474148K) : topmetal1_filler has 0 polygons
2026-08-11 10:25:09 +0200: Memory Usage (474148K) : topmetal1_slit has 0 polygons
2026-08-11 10:25:09 +0200: Memory Usage (474148K) : topmetal1 has 8 polygons
2026-08-11 10:25:09 +0200: Memory Usage (474148K) : topmetal1_pin has 8 polygons
2026-08-11 10:25:09 +0200: Memory Usage (474148K) : topmetal1_mask has 0 polygons
2026-08-11 10:25:09 +0200: Memory Usage (474148K) : topmetal1_nofill has 0 polygons
2026-08-11 10:25:09 +0200: Memory Usage (474148K) : topmetal1_text has 8 polygons
2026-08-11 10:25:09 +0200: Memory Usage (474148K) : topmetal1_noqrc has 0 polygons
2026-08-11 10:25:09 +0200: Memory Usage (474148K) : topmetal1_res has 0 polygons
2026-08-11 10:25:09 +0200: Memory Usage (474148K) : topmetal1_iprobe has 0 polygons
2026-08-11 10:25:09 +0200: Memory Usage (474148K) : topmetal1_diffprb has 0 polygons
2026-08-11 10:25:09 +0200: Memory Usage (474148K) : inldpwl_drw has 0 polygons
2026-08-11 10:25:09 +0200: Memory Usage (474148K) : polyres_drw has 0 polygons
2026-08-11 10:25:09 +0200: Memory Usage (474148K) : polyres_pin has 0 polygons
2026-08-11 10:25:09 +0200: Memory Usage (474148K) : vmim_drw has 0 polygons
2026-08-11 10:25:09 +0200: Memory Usage (474148K) : nbulaycut_drw has 0 polygons
2026-08-11 10:25:09 +0200: Memory Usage (474148K) : antmetal1_drw has 0 polygons
2026-08-11 10:25:09 +0200: Memory Usage (474148K) : topvia2_drw has 1593 polygons
2026-08-11 10:25:09 +0200: Memory Usage (474148K) : topmetal2_drw has 6 polygons
2026-08-11 10:25:09 +0200: Memory Usage (474148K) : topmetal2_filler has 0 polygons
2026-08-11 10:25:09 +0200: Memory Usage (474148K) : topmetal2_slit has 0 polygons
2026-08-11 10:25:09 +0200: Memory Usage (474148K) : topmetal2 has 6 polygons
2026-08-11 10:25:09 +0200: Memory Usage (474148K) : topmetal2_pin has 6 polygons
2026-08-11 10:25:09 +0200: Memory Usage (474148K) : topmetal2_mask has 0 polygons
2026-08-11 10:25:09 +0200: Memory Usage (474148K) : topmetal2_nofill has 0 polygons
2026-08-11 10:25:09 +0200: Memory Usage (474148K) : topmetal2_text has 6 polygons
2026-08-11 10:25:09 +0200: Memory Usage (474148K) : topmetal2_noqrc has 0 polygons
2026-08-11 10:25:09 +0200: Memory Usage (474148K) : topmetal2_res has 0 polygons
2026-08-11 10:25:09 +0200: Memory Usage (474148K) : topmetal2_iprobe has 0 polygons
2026-08-11 10:25:09 +0200: Memory Usage (474148K) : topmetal2_diffprb has 0 polygons
2026-08-11 10:25:09 +0200: Memory Usage (474148K) : snsring_drw has 0 polygons
2026-08-11 10:25:09 +0200: Memory Usage (474148K) : sensor_drw has 0 polygons
2026-08-11 10:25:09 +0200: Memory Usage (474148K) : snsarms_drw has 0 polygons
2026-08-11 10:25:09 +0200: Memory Usage (474148K) : snscmosvia_drw has 0 polygons
2026-08-11 10:25:09 +0200: Memory Usage (474148K) : colwind_drw has 0 polygons
2026-08-11 10:25:09 +0200: Memory Usage (474148K) : flm_drw has 0 polygons
2026-08-11 10:25:09 +0200: Memory Usage (474148K) : hafniumox_drw has 0 polygons
2026-08-11 10:25:09 +0200: Memory Usage (474148K) : memvia_drw has 0 polygons
2026-08-11 10:25:09 +0200: Memory Usage (474148K) : thinfilmres_drw has 0 polygons
2026-08-11 10:25:09 +0200: Memory Usage (474148K) : rfmem_drw has 0 polygons
2026-08-11 10:25:09 +0200: Memory Usage (474148K) : norcx_drw has 0 polygons
2026-08-11 10:25:09 +0200: Memory Usage (474148K) : norcx_m2m3 has 0 polygons
2026-08-11 10:25:09 +0200: Memory Usage (474148K) : norcx_m2m4 has 0 polygons
2026-08-11 10:25:09 +0200: Memory Usage (474148K) : norcx_m2m5 has 0 polygons
2026-08-11 10:25:09 +0200: Memory Usage (474148K) : norcx_m2tm1 has 0 polygons
2026-08-11 10:25:09 +0200: Memory Usage (474148K) : norcx_m2tm2 has 0 polygons
2026-08-11 10:25:09 +0200: Memory Usage (474148K) : norcx_m3m4 has 0 polygons
2026-08-11 10:25:09 +0200: Memory Usage (474148K) : norcx_m3m5 has 0 polygons
2026-08-11 10:25:09 +0200: Memory Usage (474148K) : norcx_m3tm1 has 0 polygons
2026-08-11 10:25:09 +0200: Memory Usage (474148K) : norcx_m3tm2 has 0 polygons
2026-08-11 10:25:09 +0200: Memory Usage (474148K) : norcx_m4m5 has 0 polygons
2026-08-11 10:25:09 +0200: Memory Usage (474148K) : norcx_m4tm1 has 0 polygons
2026-08-11 10:25:09 +0200: Memory Usage (474148K) : norcx_m4tm2 has 0 polygons
2026-08-11 10:25:09 +0200: Memory Usage (474148K) : norcx_m5tm1 has 0 polygons
2026-08-11 10:25:09 +0200: Memory Usage (474148K) : norcx_m5tm2 has 0 polygons
2026-08-11 10:25:09 +0200: Memory Usage (474148K) : norcx_tm1tm2 has 0 polygons
2026-08-11 10:25:09 +0200: Memory Usage (474148K) : norcx_m1sub has 0 polygons
2026-08-11 10:25:09 +0200: Memory Usage (474148K) : norcx_m2sub has 0 polygons
2026-08-11 10:25:09 +0200: Memory Usage (474148K) : norcx_m3sub has 0 polygons
2026-08-11 10:25:09 +0200: Memory Usage (474148K) : norcx_m4sub has 0 polygons
2026-08-11 10:25:09 +0200: Memory Usage (474148K) : norcx_m5sub has 0 polygons
2026-08-11 10:25:09 +0200: Memory Usage (474148K) : norcx_tm1sub has 0 polygons
2026-08-11 10:25:09 +0200: Memory Usage (474148K) : norcx_tm2sub has 0 polygons
2026-08-11 10:25:09 +0200: Memory Usage (474148K) : snsbotvia_drw has 0 polygons
2026-08-11 10:25:09 +0200: Memory Usage (474148K) : snstopvia_drw has 0 polygons
2026-08-11 10:25:09 +0200: Memory Usage (474148K) : deepvia_drw has 0 polygons
2026-08-11 10:25:09 +0200: Memory Usage (474148K) : fgetch_drw has 0 polygons
2026-08-11 10:25:09 +0200: Memory Usage (474148K) : ctrgat_drw has 0 polygons
2026-08-11 10:25:09 +0200: Memory Usage (474148K) : fgimp_drw has 0 polygons
2026-08-11 10:25:09 +0200: Memory Usage (474148K) : emwihv_drw has 0 polygons
2026-08-11 10:25:09 +0200: Memory Usage (474148K) : lbe_drw has 0 polygons
2026-08-11 10:25:09 +0200: Memory Usage (474148K) : alcustop_drw has 0 polygons
2026-08-11 10:25:09 +0200: Memory Usage (474148K) : nometfiller_drw has 0 polygons
2026-08-11 10:25:09 +0200: Memory Usage (474148K) : prboundary_drw has 0 polygons
2026-08-11 10:25:09 +0200: Memory Usage (474148K) : exchange0_drw has 0 polygons
2026-08-11 10:25:09 +0200: Memory Usage (474148K) : exchange0_pin has 0 polygons
2026-08-11 10:25:09 +0200: Memory Usage (474148K) : exchange0_text has 0 polygons
2026-08-11 10:25:09 +0200: Memory Usage (474148K) : exchange1_drw has 0 polygons
2026-08-11 10:25:09 +0200: Memory Usage (474148K) : exchange1_pin has 0 polygons
2026-08-11 10:25:09 +0200: Memory Usage (474148K) : exchange1_text has 0 polygons
2026-08-11 10:25:09 +0200: Memory Usage (474148K) : exchange2_drw has 0 polygons
2026-08-11 10:25:09 +0200: Memory Usage (474148K) : exchange2_pin has 0 polygons
2026-08-11 10:25:09 +0200: Memory Usage (474148K) : exchange2_text has 0 polygons
2026-08-11 10:25:09 +0200: Memory Usage (474148K) : exchange3_drw has 0 polygons
2026-08-11 10:25:09 +0200: Memory Usage (474148K) : exchange3_pin has 0 polygons
2026-08-11 10:25:09 +0200: Memory Usage (474148K) : exchange3_text has 0 polygons
2026-08-11 10:25:09 +0200: Memory Usage (474148K) : exchange4_drw has 0 polygons
2026-08-11 10:25:09 +0200: Memory Usage (474148K) : exchange4_pin has 0 polygons
2026-08-11 10:25:09 +0200: Memory Usage (474148K) : exchange4_text has 0 polygons
2026-08-11 10:25:09 +0200: Memory Usage (474148K) : isonwell_drw has 0 polygons
2026-08-11 10:25:09 +0200: Memory Usage (474148K) : Total no. of polygons in the design is 57611
2026-08-11 10:25:09 +0200: Memory Usage (474148K) : Starting base layers derivations
2026-08-11 10:25:09 +0200: Memory Usage (474148K) : Starting general LVS derivations
2026-08-11 10:25:09 +0200: Memory Usage (477988K) : Starting MOSFET DERIVATIONS
2026-08-11 10:25:09 +0200: Memory Usage (480252K) : Starting NMOS DERIVATIONS
2026-08-11 10:25:09 +0200: Memory Usage (480252K) : Starting PMOS DERIVATIONS
2026-08-11 10:25:09 +0200: Memory Usage (480252K) : Starting RF-MOSFET DERIVATIONS
2026-08-11 10:25:09 +0200: Memory Usage (480252K) : Starting RF-NMOS DERIVATIONS
2026-08-11 10:25:09 +0200: Memory Usage (480252K) : Starting RF-PMOS DERIVATIONS
2026-08-11 10:25:09 +0200: Memory Usage (480252K) : Starting BJT DERIVATIONS
2026-08-11 10:25:09 +0200: Memory Usage (480252K) : Starting NPN-BJT DERIVATIONS
2026-08-11 10:25:09 +0200: Memory Usage (480252K) : Starting PNP-BJT DERIVATIONS
2026-08-11 10:25:09 +0200: Memory Usage (480252K) : Starting DIODE DERIVATIONS
2026-08-11 10:25:10 +0200: Memory Usage (480852K) : Starting RESISTOR DERIVATIONS
2026-08-11 10:25:10 +0200: Memory Usage (480852K) : Starting CAP DERIVATIONS
2026-08-11 10:25:10 +0200: Memory Usage (480980K) : Starting CAP_CMOM DERIVATIONS
2026-08-11 10:25:10 +0200: Memory Usage (480980K) : Starting ESD DERIVATIONS
2026-08-11 10:25:10 +0200: Memory Usage (489556K) : Starting Inductor DERIVATIONS
2026-08-11 10:25:10 +0200: Memory Usage (489556K) : Starting Taps DERIVATIONS
2026-08-11 10:25:11 +0200: Memory Usage (489556K) : Starting SG13G2 LVS connectivity setup
2026-08-11 10:25:11 +0200: Memory Usage (489556K) : Starting SG13G2 LVS connectivity setup (Inter-layer)
2026-08-11 10:25:11 +0200: Memory Usage (489684K) : Starting SG13G2 LVS connectivity setup (Global)
2026-08-11 10:25:11 +0200: Memory Usage (489684K) : Starting LVS MOSFET CONNECTIONS
2026-08-11 10:25:11 +0200: Memory Usage (489684K) : Starting LVS RF-MOSFET CONNECTIONS
2026-08-11 10:25:11 +0200: Memory Usage (489684K) : Starting LVS BJT CONNECTIONS
2026-08-11 10:25:11 +0200: Memory Usage (489684K) : Starting LVS DIODE CONNECTIONS
2026-08-11 10:25:11 +0200: Memory Usage (489684K) : Starting RESISTOR CONNECTIONS
2026-08-11 10:25:11 +0200: Memory Usage (489684K) : Starting LVS CAP CONNECTIONS
2026-08-11 10:25:11 +0200: Memory Usage (489684K) : Starting CAP_CMOM CONNECTIONS
2026-08-11 10:25:11 +0200: Memory Usage (489684K) : Starting ESD CONNECTIONS
2026-08-11 10:25:11 +0200: Memory Usage (489684K) : Starting Inductor CONNECTIONS
2026-08-11 10:25:11 +0200: Memory Usage (489684K) : Starting LVS Taps CONNECTIONS
2026-08-11 10:25:11 +0200: Memory Usage (489684K) : Starting SG13G2 LVS DEVICES EXTRACTION
2026-08-11 10:25:11 +0200: Memory Usage (489684K) : Starting MOSFET EXTRACTION
2026-08-11 10:25:11 +0200: Memory Usage (489684K) : Starting NMOS EXTRACTION
2026-08-11 10:25:11 +0200: Memory Usage (489684K) : Extraction of NMOS-LV transistor
2026-08-11 10:25:11 +0200: Memory Usage (489940K) : Extraction of NMOS-HV transistor
2026-08-11 10:25:11 +0200: Memory Usage (489940K) : Starting PMOS EXTRACTION
2026-08-11 10:25:11 +0200: Memory Usage (489940K) : Extraction of PMOS-LV transistor
2026-08-11 10:25:11 +0200: Memory Usage (489940K) : Extraction of PMOS-HV transistor
2026-08-11 10:25:11 +0200: Memory Usage (489940K) : Starting RF-MOSFET EXTRACTION
2026-08-11 10:25:11 +0200: Memory Usage (489940K) : Extraction of RF-NMOS-LV transistor
2026-08-11 10:25:11 +0200: Memory Usage (489940K) : Extraction of RF-NMOS-HV transistor
2026-08-11 10:25:11 +0200: Memory Usage (489940K) : Extraction of RF-PMOS-LV transistor
2026-08-11 10:25:11 +0200: Memory Usage (489940K) : Extraction of RF-PMOS-HV transistor
2026-08-11 10:25:11 +0200: Memory Usage (489940K) : Starting BJT EXTRACTION
2026-08-11 10:25:11 +0200: Memory Usage (489940K) : Starting NPN-BJT EXTRACTION
2026-08-11 10:25:11 +0200: Memory Usage (489940K) : Extraction of npn13G2 BJT transistor
2026-08-11 10:25:11 +0200: Memory Usage (489940K) : Extraction of npn13G2L BJT transistor
2026-08-11 10:25:11 +0200: Memory Usage (489940K) : Extraction of npn13G2V BJT transistor
2026-08-11 10:25:11 +0200: Memory Usage (489940K) : Starting PNP-BJT EXTRACTION
2026-08-11 10:25:11 +0200: Memory Usage (489940K) : Extracting pnpMPA BJT
2026-08-11 10:25:11 +0200: Memory Usage (489940K) : Starting DIODE EXTRACTION
2026-08-11 10:25:11 +0200: Memory Usage (489940K) : Extracting dantenna diode
2026-08-11 10:25:11 +0200: Memory Usage (489940K) : Extracting dpantenna diode
2026-08-11 10:25:11 +0200: Memory Usage (489940K) : Extracting schottky_nbl1 diode
2026-08-11 10:25:11 +0200: Memory Usage (489940K) : Extracting isolbox diode
2026-08-11 10:25:11 +0200: Memory Usage (489940K) : Starting RESISTOR EXTRACTION
2026-08-11 10:25:11 +0200: Memory Usage (489940K) : Extracting rsil resistor
2026-08-11 10:25:11 +0200: Memory Usage (489940K) : Extracting rppd resistor
2026-08-11 10:25:11 +0200: Memory Usage (489940K) : Extracting rhigh resistor
2026-08-11 10:25:11 +0200: Memory Usage (489940K) : Extracting res_metal1 resistor
2026-08-11 10:25:11 +0200: Memory Usage (489940K) : Extracting res_metal2 resistor
2026-08-11 10:25:11 +0200: Memory Usage (489940K) : Extracting res_metal3 resistor
2026-08-11 10:25:11 +0200: Memory Usage (489940K) : Extracting res_metal4 resistor
2026-08-11 10:25:11 +0200: Memory Usage (489940K) : Extracting res_metal5 resistor
2026-08-11 10:25:11 +0200: Memory Usage (489940K) : Extracting res_topmetal1 resistor
2026-08-11 10:25:11 +0200: Memory Usage (489940K) : Extracting res_topmetal2 resistor
2026-08-11 10:25:11 +0200: Memory Usage (489940K) : Starting CAP EXTRACTION
2026-08-11 10:25:11 +0200: Memory Usage (489940K) : Extracting cap_cmim device
2026-08-11 10:25:11 +0200: Memory Usage (489940K) : Extracting rfcmim device
2026-08-11 10:25:11 +0200: Memory Usage (489940K) : Extracting sg13_hv_svaricap varactor
2026-08-11 10:25:11 +0200: Memory Usage (489940K) : Extracting cap_cmomi device
2026-08-11 10:25:11 +0200: Memory Usage (489940K) : Extracting sg13_moscap_n capacitor
2026-08-11 10:25:11 +0200: Memory Usage (489940K) : Extracting sg13_moscap_p capacitor
2026-08-11 10:25:11 +0200: Memory Usage (489940K) : Starting ESD EXTRACTION
2026-08-11 10:25:11 +0200: Memory Usage (489940K) : Extracting diodevdd_2kv ESD device
2026-08-11 10:25:11 +0200: Memory Usage (489940K) : Extracting diodevdd_4kv ESD device
2026-08-11 10:25:11 +0200: Memory Usage (489940K) : Extracting diodevss_2kv ESD device
2026-08-11 10:25:11 +0200: Memory Usage (489940K) : Extracting diodevss_4kv ESD device
2026-08-11 10:25:11 +0200: Memory Usage (489940K) : Extracting idiodevdd_2kv ESD device
2026-08-11 10:25:11 +0200: Memory Usage (489940K) : Extracting idiodevdd_4kv ESD device
2026-08-11 10:25:11 +0200: Memory Usage (489940K) : Extracting idiodevss_2kv ESD device
2026-08-11 10:25:11 +0200: Memory Usage (489940K) : Extracting idiodevss_4kv ESD device
2026-08-11 10:25:11 +0200: Memory Usage (489940K) : Extracting nmoscl_2 ESD device
2026-08-11 10:25:11 +0200: Memory Usage (489940K) : Extracting nmoscl_4 ESD device
2026-08-11 10:25:11 +0200: Memory Usage (489940K) : Starting Inductor EXTRACTION
2026-08-11 10:25:11 +0200: Memory Usage (489940K) : Extracting Inductor2 device
2026-08-11 10:25:11 +0200: Memory Usage (489940K) : Extracting Inductor3 device
2026-08-11 10:25:11 +0200: Memory Usage (489940K) : Starting Taps EXTRACTION
2026-08-11 10:25:11 +0200: Memory Usage (489940K) : Extracting ntap1 device
2026-08-11 10:25:11 +0200: Memory Usage (489940K) : Extracting ptap1 device
2026-08-11 10:25:11 +0200: Memory Usage (489940K) : Starting SG13G2 LVS RF MOS Model Mapping
2026-08-11 10:25:12 +0200: Memory Usage (492116K) : [layout_netlist] Apply RF MOS model mapping and rfmode parameter.
2026-08-11 10:25:12 +0200: Memory Usage (492116K) : Starting SG13G2 LVS Options Preparations
2026-08-11 10:25:12 +0200: Memory Usage (492116K) : SG13G2 LVS flow: extraction -> alignment -> option preparation -> comparison.
2026-08-11 10:25:12 +0200: Memory Usage (492116K) : Starting SG13G2 LVS Alignment
2026-08-11 10:25:12 +0200: Memory Usage (492244K) : Starting SG13G2 LVS Simplification
2026-08-11 10:25:12 +0200: Memory Usage (492244K) : [layout_netlist] simplify: ENABLED
2026-08-11 10:25:12 +0200: Memory Usage (492244K) : [layout_netlist] make_top_level_pins: SKIPPED
2026-08-11 10:25:12 +0200: Memory Usage (492244K) : [layout_netlist] combine_devices: ENABLED
2026-08-11 10:25:12 +0200: Memory Usage (492244K) : [layout_netlist] purge: SKIPPED
2026-08-11 10:25:12 +0200: Memory Usage (492244K) : [layout_netlist] purge_nets: SKIPPED
2026-08-11 10:25:12 +0200: Memory Usage (492244K) : [schematic_netlist] simplify: ENABLED
2026-08-11 10:25:12 +0200: Memory Usage (492244K) : [schematic_netlist] make_top_level_pins: SKIPPED
2026-08-11 10:25:12 +0200: Memory Usage (492244K) : [schematic_netlist] combine_devices: ENABLED
2026-08-11 10:25:12 +0200: Memory Usage (492244K) : [schematic_netlist] purge: SKIPPED
2026-08-11 10:25:12 +0200: Memory Usage (492244K) : [schematic_netlist] purge_nets: SKIPPED
2026-08-11 10:25:12 +0200: Memory Usage (492244K) : Starting SG13G2 LVS Comparison
2026-08-11 10:25:12 +0200: Memory Usage (492372K) : ==========================================
2026-08-11 10:25:12 +0200: Memory Usage (492372K) : INFO : Congratulations! Netlists match.
2026-08-11 10:25:12 +0200: Memory Usage (492372K) : ==========================================
2026-08-11 10:25:12 +0200: Memory Usage (492372K) : LVS Total Run time 3.420740 seconds
11-Aug-2026 10:25:12 | INFO    | ==============================================================================
11-Aug-2026 10:25:12 | INFO    | Important Summary
11-Aug-2026 10:25:12 | INFO    | +------------------+----------------------------------------------------------------------------------------------+
11-Aug-2026 10:25:12 | INFO    | | Status           | PASS                                                                                         |
11-Aug-2026 10:25:12 | INFO    | | Mode             | COMPARE                                                                                      |
11-Aug-2026 10:25:12 | INFO    | | Outcome          | Comparison mode: PASS (netlists match).                                                      |
11-Aug-2026 10:25:12 | INFO    | | Layout           | sg13g2_IOPadTriOut4mA.gds                                                                    |
11-Aug-2026 10:25:12 | INFO    | | Top Cell         | sg13g2_IOPadTriOut4mA                                                                        |
11-Aug-2026 10:25:12 | INFO    | | Results Dir      | /foss/designs/ihp-open-pdk-regression/IOPADS/lvs_sweep/20260811_102346/sg13g2_IOPadTriOut4mA |
11-Aug-2026 10:25:12 | INFO    | | Warnings         | 0                                                                                            |
11-Aug-2026 10:25:12 | INFO    | | Errors           | 0                                                                                            |
11-Aug-2026 10:25:12 | INFO    | | Run Time (s)     | 6.279                                                                                        |
11-Aug-2026 10:25:12 | INFO    | +------------------+----------------------------------------------------------------------------------------------+
11-Aug-2026 10:25:12 | INFO    | ==============================================================================
