11-Aug-2026 10:09:09 | INFO    | Your Klayout version is: KLayout 0.30.10 (required >= 0.30.5)
11-Aug-2026 10:09:09 | INFO    | Running SG13G2 LVS checks on design /foss/designs/ihp-open-pdk-regression/IOPADS/layout/sg13g2_IOPadTriOut4mA.gds on cell sg13g2_IOPadTriOut4mA
2026-08-11 10:09:14 +0200: Memory Usage (455832K) : Starting running SG13G2 Klayout LVS runset on /foss/designs/ihp-open-pdk-regression/IOPADS/layout/sg13g2_IOPadTriOut4mA.gds
2026-08-11 10:09:14 +0200: Memory Usage (455832K) : Ruby Version for klayout: 3.2.3
2026-08-11 10:09:14 +0200: Memory Usage (457368K) : Loading database to memory is complete.
2026-08-11 10:09:14 +0200: Memory Usage (457368K) : SG13G2 Klayout LVS runset output at: /foss/designs/ihp-open-pdk-regression/IOPADS/lvs_sweep/20260811_100703/sg13g2_IOPadTriOut4mA/sg13g2_IOPadTriOut4mA.lvsdb
2026-08-11 10:09:14 +0200: Memory Usage (457368K) : Evaluate switches.
2026-08-11 10:09:14 +0200: Memory Usage (457368K) : Extracted netlist with net names: true
2026-08-11 10:09:14 +0200: Memory Usage (457368K) : Extracted netlist with comments in details: false
2026-08-11 10:09:14 +0200: Memory Usage (457368K) : Selected NET_ONLY option: false
2026-08-11 10:09:14 +0200: Memory Usage (457368K) : Selected LAYOUT_NETLIST option: (none)
2026-08-11 10:09:14 +0200: Memory Usage (457368K) : Selected IGNORE_TOP_PORTS_MISMATCH option: true
2026-08-11 10:09:14 +0200: Memory Usage (457368K) : Selected IMPLICIT_NETS option: iovss,iovdd,vss,vdd,pad,cathode,anode
2026-08-11 10:09:14 +0200: Memory Usage (457368K) : Selected TOP_LVL_PINS option: false
2026-08-11 10:09:14 +0200: Memory Usage (457368K) : Selected COMBINE DEVICES option: true
2026-08-11 10:09:14 +0200: Memory Usage (457368K) : Selected PURGE option: false
2026-08-11 10:09:14 +0200: Memory Usage (457368K) : Selected PURGE_NETS option: false
2026-08-11 10:09:14 +0200: Memory Usage (457496K) : Selected SIMPLIFY option: true
2026-08-11 10:09:14 +0200: Memory Usage (457496K) : Selected SERIES_RES option: true
2026-08-11 10:09:14 +0200: Memory Usage (457496K) : Selected PARALLEL_RES option: true
2026-08-11 10:09:14 +0200: Memory Usage (457496K) : Selected DISABLE_TAP_EXTRACTION option: false
2026-08-11 10:09:14 +0200: Memory Usage (457496K) : deep  mode is enabled.
2026-08-11 10:09:14 +0200: Memory Usage (457496K) : Applying implicit connections (case-sensitive, pattern supported) for nets: iovss, iovdd, vss, vdd, pad, cathode, anode
2026-08-11 10:09:14 +0200: Memory Usage (458776K) : Netlist file: /foss/designs/ihp-open-pdk-regression/IOPADS/netlist/pads_sub/sg13g2_IOPadTriOut4mA.spi
2026-08-11 10:09:14 +0200: Memory Usage (458776K) : LVS extracted netlist at: /foss/designs/ihp-open-pdk-regression/IOPADS/lvs_sweep/20260811_100703/sg13g2_IOPadTriOut4mA/sg13g2_IOPadTriOut4mA_extracted.cir
2026-08-11 10:09:14 +0200: Memory Usage (458776K) : Applying SRAM integration support.
2026-08-11 10:09:14 +0200: Memory Usage (458776K) : Starting SG13G2 LVS runset
2026-08-11 10:09:14 +0200: Memory Usage (458776K) : Read in polygons from layers.
2026-08-11 10:09:14 +0200: Memory Usage (460184K) : activ_drw has 95 polygons
2026-08-11 10:09:14 +0200: Memory Usage (460184K) : activ_filler has 0 polygons
2026-08-11 10:09:14 +0200: Memory Usage (460184K) : activ has 95 polygons
2026-08-11 10:09:14 +0200: Memory Usage (460184K) : activ_pin has 0 polygons
2026-08-11 10:09:14 +0200: Memory Usage (460184K) : activ_mask has 0 polygons
2026-08-11 10:09:14 +0200: Memory Usage (460184K) : activ_nofill has 0 polygons
2026-08-11 10:09:14 +0200: Memory Usage (460184K) : activ_OPC has 0 polygons
2026-08-11 10:09:14 +0200: Memory Usage (460184K) : activ_iOPC has 0 polygons
2026-08-11 10:09:14 +0200: Memory Usage (460184K) : activ_noqrc has 0 polygons
2026-08-11 10:09:14 +0200: Memory Usage (460312K) : biwind_drw has 0 polygons
2026-08-11 10:09:14 +0200: Memory Usage (460312K) : biwind_OPC has 0 polygons
2026-08-11 10:09:14 +0200: Memory Usage (460440K) : gatpoly_drw has 35 polygons
2026-08-11 10:09:14 +0200: Memory Usage (460440K) : gatpoly_filler has 0 polygons
2026-08-11 10:09:14 +0200: Memory Usage (460568K) : gatpoly has 35 polygons
2026-08-11 10:09:14 +0200: Memory Usage (460568K) : gatpoly_pin has 0 polygons
2026-08-11 10:09:14 +0200: Memory Usage (460952K) : gatpoly_nofill has 0 polygons
2026-08-11 10:09:14 +0200: Memory Usage (460952K) : gatpoly_OPC has 0 polygons
2026-08-11 10:09:14 +0200: Memory Usage (461080K) : gatpoly_iOPC has 0 polygons
2026-08-11 10:09:14 +0200: Memory Usage (461080K) : gatpoly_noqrc has 0 polygons
2026-08-11 10:09:14 +0200: Memory Usage (462360K) : cont_drw has 45760 polygons
2026-08-11 10:09:14 +0200: Memory Usage (462360K) : cont_OPC has 0 polygons
2026-08-11 10:09:14 +0200: Memory Usage (462360K) : nsd_drw has 0 polygons
2026-08-11 10:09:14 +0200: Memory Usage (462360K) : nsd_block has 0 polygons
2026-08-11 10:09:14 +0200: Memory Usage (462360K) : metal1_drw has 189 polygons
2026-08-11 10:09:14 +0200: Memory Usage (462360K) : metal1_filler has 0 polygons
2026-08-11 10:09:14 +0200: Memory Usage (462360K) : metal1_slit has 0 polygons
2026-08-11 10:09:14 +0200: Memory Usage (462744K) : metal1 has 189 polygons
2026-08-11 10:09:14 +0200: Memory Usage (462744K) : metal1_pin has 43 polygons
2026-08-11 10:09:14 +0200: Memory Usage (462744K) : metal1_mask has 0 polygons
2026-08-11 10:09:14 +0200: Memory Usage (462744K) : metal1_nofill has 0 polygons
2026-08-11 10:09:14 +0200: Memory Usage (463128K) : metal1_text has 42 polygons
2026-08-11 10:09:14 +0200: Memory Usage (463128K) : metal1_OPC has 0 polygons
2026-08-11 10:09:14 +0200: Memory Usage (463256K) : metal1_noqrc has 0 polygons
2026-08-11 10:09:14 +0200: Memory Usage (463256K) : metal1_res has 0 polygons
2026-08-11 10:09:14 +0200: Memory Usage (463384K) : metal1_iprobe has 0 polygons
2026-08-11 10:09:14 +0200: Memory Usage (463384K) : metal1_diffprb has 0 polygons
2026-08-11 10:09:14 +0200: Memory Usage (463512K) : passiv_drw has 0 polygons
2026-08-11 10:09:14 +0200: Memory Usage (463640K) : passiv_pin has 0 polygons
2026-08-11 10:09:14 +0200: Memory Usage (463640K) : passiv_sbump has 0 polygons
2026-08-11 10:09:14 +0200: Memory Usage (463768K) : passiv_pillar has 0 polygons
2026-08-11 10:09:14 +0200: Memory Usage (463768K) : passiv_pdl has 0 polygons
2026-08-11 10:09:14 +0200: Memory Usage (463896K) : metal2_drw has 50 polygons
2026-08-11 10:09:14 +0200: Memory Usage (463896K) : metal2_filler has 0 polygons
2026-08-11 10:09:14 +0200: Memory Usage (464024K) : metal2_slit has 0 polygons
2026-08-11 10:09:14 +0200: Memory Usage (464152K) : metal2 has 50 polygons
2026-08-11 10:09:14 +0200: Memory Usage (464152K) : metal2_pin has 15 polygons
2026-08-11 10:09:14 +0200: Memory Usage (464280K) : metal2_mask has 0 polygons
2026-08-11 10:09:14 +0200: Memory Usage (464280K) : metal2_nofill has 0 polygons
2026-08-11 10:09:14 +0200: Memory Usage (464408K) : metal2_text has 15 polygons
2026-08-11 10:09:14 +0200: Memory Usage (464408K) : metal2_OPC has 0 polygons
2026-08-11 10:09:14 +0200: Memory Usage (464536K) : metal2_noqrc has 0 polygons
2026-08-11 10:09:14 +0200: Memory Usage (464536K) : metal2_res has 0 polygons
2026-08-11 10:09:14 +0200: Memory Usage (464664K) : metal2_iprobe has 0 polygons
2026-08-11 10:09:14 +0200: Memory Usage (464664K) : metal2_diffprb has 0 polygons
2026-08-11 10:09:14 +0200: Memory Usage (464792K) : baspoly_drw has 0 polygons
2026-08-11 10:09:14 +0200: Memory Usage (464920K) : baspoly_pin has 0 polygons
2026-08-11 10:09:14 +0200: Memory Usage (465048K) : psd_drw has 38 polygons
2026-08-11 10:09:14 +0200: Memory Usage (465048K) : nldb_drw has 0 polygons
2026-08-11 10:09:14 +0200: Memory Usage (465048K) : digibnd_drw has 0 polygons
2026-08-11 10:09:14 +0200: Memory Usage (465176K) : via1_drw has 1536 polygons
2026-08-11 10:09:14 +0200: Memory Usage (465176K) : backmetal1_drw has 0 polygons
2026-08-11 10:09:14 +0200: Memory Usage (465304K) : backmetal1_pin has 0 polygons
2026-08-11 10:09:14 +0200: Memory Usage (465304K) : backmetal1_mask has 0 polygons
2026-08-11 10:09:14 +0200: Memory Usage (465304K) : backmetal1_filler has 0 polygons
2026-08-11 10:09:14 +0200: Memory Usage (465304K) : backmetal1_nofill has 0 polygons
2026-08-11 10:09:14 +0200: Memory Usage (465432K) : backmetal1_slit has 0 polygons
2026-08-11 10:09:14 +0200: Memory Usage (465432K) : backmetal1_text has 0 polygons
2026-08-11 10:09:14 +0200: Memory Usage (465432K) : backmetal1_OPC has 0 polygons
2026-08-11 10:09:14 +0200: Memory Usage (465560K) : backmetal1_noqrc has 0 polygons
2026-08-11 10:09:14 +0200: Memory Usage (465560K) : backmetal1_res has 0 polygons
2026-08-11 10:09:14 +0200: Memory Usage (465560K) : backmetal1_iprobe has 0 polygons
2026-08-11 10:09:14 +0200: Memory Usage (465688K) : backmetal1_diffprb has 0 polygons
2026-08-11 10:09:14 +0200: Memory Usage (465688K) : backpassiv_drw has 0 polygons
2026-08-11 10:09:14 +0200: Memory Usage (465816K) : res_drw has 0 polygons
2026-08-11 10:09:14 +0200: Memory Usage (465816K) : sram_drw has 0 polygons
2026-08-11 10:09:14 +0200: Memory Usage (465944K) : trans_drw has 0 polygons
2026-08-11 10:09:14 +0200: Memory Usage (465944K) : ind_drw has 0 polygons
2026-08-11 10:09:14 +0200: Memory Usage (466072K) : ind_pin has 0 polygons
2026-08-11 10:09:14 +0200: Memory Usage (466072K) : ind_text has 0 polygons
2026-08-11 10:09:14 +0200: Memory Usage (466200K) : salblock_drw has 0 polygons
2026-08-11 10:09:15 +0200: Memory Usage (466200K) : via2_drw has 1228 polygons
2026-08-11 10:09:15 +0200: Memory Usage (466328K) : metal3_drw has 14 polygons
2026-08-11 10:09:15 +0200: Memory Usage (466456K) : metal3_filler has 0 polygons
2026-08-11 10:09:15 +0200: Memory Usage (466456K) : metal3_slit has 0 polygons
2026-08-11 10:09:15 +0200: Memory Usage (466584K) : metal3 has 14 polygons
2026-08-11 10:09:15 +0200: Memory Usage (466712K) : metal3_pin has 10 polygons
2026-08-11 10:09:15 +0200: Memory Usage (466712K) : metal3_mask has 0 polygons
2026-08-11 10:09:15 +0200: Memory Usage (466840K) : metal3_nofill has 0 polygons
2026-08-11 10:09:15 +0200: Memory Usage (466840K) : metal3_text has 10 polygons
2026-08-11 10:09:15 +0200: Memory Usage (466968K) : metal3_OPC has 0 polygons
2026-08-11 10:09:15 +0200: Memory Usage (466968K) : metal3_noqrc has 0 polygons
2026-08-11 10:09:15 +0200: Memory Usage (467096K) : metal3_res has 0 polygons
2026-08-11 10:09:15 +0200: Memory Usage (467096K) : metal3_iprobe has 0 polygons
2026-08-11 10:09:15 +0200: Memory Usage (467224K) : metal3_diffprb has 0 polygons
2026-08-11 10:09:15 +0200: Memory Usage (467352K) : nwell_drw has 25 polygons
2026-08-11 10:09:15 +0200: Memory Usage (467352K) : nwell_pin has 0 polygons
2026-08-11 10:09:15 +0200: Memory Usage (467480K) : nwell_text has 0 polygons
2026-08-11 10:09:15 +0200: Memory Usage (467480K) : nbulay_drw has 0 polygons
2026-08-11 10:09:15 +0200: Memory Usage (467480K) : nbulay_pin has 0 polygons
2026-08-11 10:09:15 +0200: Memory Usage (467480K) : nbulay_block has 0 polygons
2026-08-11 10:09:15 +0200: Memory Usage (467608K) : emwind_drw has 0 polygons
2026-08-11 10:09:15 +0200: Memory Usage (467608K) : emwind_OPC has 0 polygons
2026-08-11 10:09:15 +0200: Memory Usage (467608K) : deepco_drw has 0 polygons
2026-08-11 10:09:15 +0200: Memory Usage (467736K) : mim_drw has 0 polygons
2026-08-11 10:09:15 +0200: Memory Usage (467736K) : edgeseal_drw has 0 polygons
2026-08-11 10:09:15 +0200: Memory Usage (467864K) : substrate_drw has 23 polygons
2026-08-11 10:09:15 +0200: Memory Usage (467992K) : substrate_text has 0 polygons
2026-08-11 10:09:15 +0200: Memory Usage (467992K) : dfpad_drw has 0 polygons
2026-08-11 10:09:15 +0200: Memory Usage (468120K) : dfpad_pillar has 0 polygons
2026-08-11 10:09:15 +0200: Memory Usage (468120K) : dfpad_sbump has 0 polygons
2026-08-11 10:09:15 +0200: Memory Usage (468248K) : thickgateox_drw has 4 polygons
2026-08-11 10:09:15 +0200: Memory Usage (468248K) : pldb_drw has 0 polygons
2026-08-11 10:09:15 +0200: Memory Usage (468376K) : pwell_drw has 0 polygons
2026-08-11 10:09:15 +0200: Memory Usage (468376K) : pwell_pin has 0 polygons
2026-08-11 10:09:15 +0200: Memory Usage (468504K) : pwell_block has 0 polygons
2026-08-11 10:09:15 +0200: Memory Usage (468504K) : ic_drw has 0 polygons
2026-08-11 10:09:15 +0200: Memory Usage (468632K) : via3_drw has 2087 polygons
2026-08-11 10:09:15 +0200: Memory Usage (468760K) : metal4_drw has 8 polygons
2026-08-11 10:09:15 +0200: Memory Usage (468760K) : metal4_filler has 0 polygons
2026-08-11 10:09:15 +0200: Memory Usage (468888K) : metal4_slit has 0 polygons
2026-08-11 10:09:15 +0200: Memory Usage (468888K) : metal4 has 8 polygons
2026-08-11 10:09:15 +0200: Memory Usage (468888K) : metal4_pin has 8 polygons
2026-08-11 10:09:15 +0200: Memory Usage (468888K) : metal4_mask has 0 polygons
2026-08-11 10:09:15 +0200: Memory Usage (468888K) : metal4_nofill has 0 polygons
2026-08-11 10:09:15 +0200: Memory Usage (468888K) : metal4_text has 8 polygons
2026-08-11 10:09:15 +0200: Memory Usage (468888K) : metal4_OPC has 0 polygons
2026-08-11 10:09:15 +0200: Memory Usage (468888K) : metal4_noqrc has 0 polygons
2026-08-11 10:09:15 +0200: Memory Usage (468888K) : metal4_res has 0 polygons
2026-08-11 10:09:15 +0200: Memory Usage (468888K) : metal4_iprobe has 0 polygons
2026-08-11 10:09:15 +0200: Memory Usage (468888K) : metal4_diffprb has 0 polygons
2026-08-11 10:09:15 +0200: Memory Usage (468888K) : heattrans_drw has 0 polygons
2026-08-11 10:09:15 +0200: Memory Usage (468888K) : heatres_drw has 0 polygons
2026-08-11 10:09:15 +0200: Memory Usage (468888K) : fbe_drw has 0 polygons
2026-08-11 10:09:15 +0200: Memory Usage (468888K) : empoly_drw has 0 polygons
2026-08-11 10:09:15 +0200: Memory Usage (468888K) : digisub_drw has 0 polygons
2026-08-11 10:09:15 +0200: Memory Usage (468888K) : text_drw has 17 polygons
2026-08-11 10:09:15 +0200: Memory Usage (468888K) : via4_drw has 2371 polygons
2026-08-11 10:09:15 +0200: Memory Usage (468888K) : metal5_drw has 8 polygons
2026-08-11 10:09:15 +0200: Memory Usage (468888K) : metal5_filler has 0 polygons
2026-08-11 10:09:15 +0200: Memory Usage (468888K) : metal5_slit has 0 polygons
2026-08-11 10:09:15 +0200: Memory Usage (468888K) : metal5 has 8 polygons
2026-08-11 10:09:15 +0200: Memory Usage (468888K) : metal5_pin has 8 polygons
2026-08-11 10:09:15 +0200: Memory Usage (468888K) : metal5_mask has 0 polygons
2026-08-11 10:09:15 +0200: Memory Usage (468888K) : metal5_nofill has 0 polygons
2026-08-11 10:09:15 +0200: Memory Usage (468888K) : metal5_text has 8 polygons
2026-08-11 10:09:15 +0200: Memory Usage (468888K) : metal5_OPC has 0 polygons
2026-08-11 10:09:15 +0200: Memory Usage (468888K) : metal5_noqrc has 0 polygons
2026-08-11 10:09:15 +0200: Memory Usage (468888K) : metal5_res has 0 polygons
2026-08-11 10:09:15 +0200: Memory Usage (468888K) : metal5_iprobe has 0 polygons
2026-08-11 10:09:15 +0200: Memory Usage (468888K) : metal5_diffprb has 0 polygons
2026-08-11 10:09:15 +0200: Memory Usage (468888K) : radhard_drw has 0 polygons
2026-08-11 10:09:15 +0200: Memory Usage (468888K) : memcap_drw has 0 polygons
2026-08-11 10:09:15 +0200: Memory Usage (468888K) : varicap_drw has 0 polygons
2026-08-11 10:09:15 +0200: Memory Usage (468888K) : intbondvia_drw has 0 polygons
2026-08-11 10:09:15 +0200: Memory Usage (468888K) : intbondmet_drw has 0 polygons
2026-08-11 10:09:15 +0200: Memory Usage (468888K) : devbondvia_drw has 0 polygons
2026-08-11 10:09:15 +0200: Memory Usage (468888K) : devbondmet_drw has 0 polygons
2026-08-11 10:09:15 +0200: Memory Usage (468888K) : devtrench_drw has 0 polygons
2026-08-11 10:09:15 +0200: Memory Usage (468888K) : redist_drw has 0 polygons
2026-08-11 10:09:15 +0200: Memory Usage (468888K) : graphbot_drw has 0 polygons
2026-08-11 10:09:15 +0200: Memory Usage (468888K) : graphtop_drw has 0 polygons
2026-08-11 10:09:15 +0200: Memory Usage (468888K) : antvia1_drw has 0 polygons
2026-08-11 10:09:15 +0200: Memory Usage (468888K) : antmetal2_drw has 0 polygons
2026-08-11 10:09:15 +0200: Memory Usage (468888K) : graphcont_drw has 0 polygons
2026-08-11 10:09:15 +0200: Memory Usage (468888K) : siwg_drw has 0 polygons
2026-08-11 10:09:15 +0200: Memory Usage (468888K) : siwg_filler has 0 polygons
2026-08-11 10:09:15 +0200: Memory Usage (468888K) : siwg_nofill has 0 polygons
2026-08-11 10:09:15 +0200: Memory Usage (468888K) : sigrating_drw has 0 polygons
2026-08-11 10:09:15 +0200: Memory Usage (468888K) : singrating_drw has 0 polygons
2026-08-11 10:09:15 +0200: Memory Usage (468888K) : graphpas_drw has 0 polygons
2026-08-11 10:09:15 +0200: Memory Usage (468888K) : emwind3_drw has 0 polygons
2026-08-11 10:09:15 +0200: Memory Usage (468888K) : emwihv3_drw has 0 polygons
2026-08-11 10:09:15 +0200: Memory Usage (468888K) : redbulay_drw has 0 polygons
2026-08-11 10:09:15 +0200: Memory Usage (468888K) : smos_drw has 0 polygons
2026-08-11 10:09:15 +0200: Memory Usage (468888K) : graphpad_drw has 0 polygons
2026-08-11 10:09:15 +0200: Memory Usage (468888K) : polimide_drw has 0 polygons
2026-08-11 10:09:15 +0200: Memory Usage (468888K) : polimide_pin has 0 polygons
2026-08-11 10:09:15 +0200: Memory Usage (468888K) : recog_drw has 0 polygons
2026-08-11 10:09:15 +0200: Memory Usage (468888K) : recog_pin has 0 polygons
2026-08-11 10:09:15 +0200: Memory Usage (468888K) : recog_esd has 0 polygons
2026-08-11 10:09:15 +0200: Memory Usage (468888K) : recog_diode has 6 polygons
2026-08-11 10:09:15 +0200: Memory Usage (468888K) : recog_tsv has 0 polygons
2026-08-11 10:09:15 +0200: Memory Usage (468888K) : recog_iprobe has 0 polygons
2026-08-11 10:09:15 +0200: Memory Usage (468888K) : recog_diffprb has 0 polygons
2026-08-11 10:09:15 +0200: Memory Usage (468888K) : recog_pillar has 0 polygons
2026-08-11 10:09:15 +0200: Memory Usage (468888K) : recog_sbump has 0 polygons
2026-08-11 10:09:15 +0200: Memory Usage (468888K) : recog_otp has 0 polygons
2026-08-11 10:09:15 +0200: Memory Usage (468888K) : recog_pdiode has 0 polygons
2026-08-11 10:09:15 +0200: Memory Usage (468888K) : recog_mom has 0 polygons
2026-08-11 10:09:15 +0200: Memory Usage (468888K) : recog_pcm has 0 polygons
2026-08-11 10:09:15 +0200: Memory Usage (468888K) : colopen_drw has 0 polygons
2026-08-11 10:09:15 +0200: Memory Usage (468888K) : graphmetal1_drw has 0 polygons
2026-08-11 10:09:15 +0200: Memory Usage (468888K) : graphmetal1_filler has 0 polygons
2026-08-11 10:09:15 +0200: Memory Usage (468888K) : graphmetal1_nofill has 0 polygons
2026-08-11 10:09:15 +0200: Memory Usage (468888K) : graphmetal1_slit has 0 polygons
2026-08-11 10:09:15 +0200: Memory Usage (468888K) : graphmetal1_OPC has 0 polygons
2026-08-11 10:09:15 +0200: Memory Usage (468888K) : graphmet1l_drw has 0 polygons
2026-08-11 10:09:15 +0200: Memory Usage (468888K) : graphmet1l_filler has 0 polygons
2026-08-11 10:09:15 +0200: Memory Usage (468888K) : graphmet1l_nofill has 0 polygons
2026-08-11 10:09:15 +0200: Memory Usage (468888K) : graphmet1l_slit has 0 polygons
2026-08-11 10:09:15 +0200: Memory Usage (468888K) : graphmet1l_OPC has 0 polygons
2026-08-11 10:09:15 +0200: Memory Usage (468888K) : extblock_drw has 0 polygons
2026-08-11 10:09:15 +0200: Memory Usage (468888K) : nldd_drw has 0 polygons
2026-08-11 10:09:15 +0200: Memory Usage (468888K) : pldd_drw has 0 polygons
2026-08-11 10:09:15 +0200: Memory Usage (468888K) : next_drw has 0 polygons
2026-08-11 10:09:15 +0200: Memory Usage (468888K) : pext_drw has 0 polygons
2026-08-11 10:09:15 +0200: Memory Usage (468888K) : nexthv_drw has 0 polygons
2026-08-11 10:09:15 +0200: Memory Usage (468888K) : pexthv_drw has 0 polygons
2026-08-11 10:09:15 +0200: Memory Usage (468888K) : graphgate_drw has 0 polygons
2026-08-11 10:09:15 +0200: Memory Usage (468888K) : sinwg_drw has 0 polygons
2026-08-11 10:09:15 +0200: Memory Usage (468888K) : sinwg_filler has 0 polygons
2026-08-11 10:09:15 +0200: Memory Usage (468888K) : sinwg_nofill has 0 polygons
2026-08-11 10:09:15 +0200: Memory Usage (468888K) : mempad_drw has 0 polygons
2026-08-11 10:09:15 +0200: Memory Usage (468888K) : topvia1_drw has 2315 polygons
2026-08-11 10:09:15 +0200: Memory Usage (468888K) : topmetal1_drw has 8 polygons
2026-08-11 10:09:15 +0200: Memory Usage (468888K) : topmetal1_filler has 0 polygons
2026-08-11 10:09:15 +0200: Memory Usage (468888K) : topmetal1_slit has 0 polygons
2026-08-11 10:09:15 +0200: Memory Usage (468888K) : topmetal1 has 8 polygons
2026-08-11 10:09:15 +0200: Memory Usage (468888K) : topmetal1_pin has 8 polygons
2026-08-11 10:09:15 +0200: Memory Usage (468888K) : topmetal1_mask has 0 polygons
2026-08-11 10:09:15 +0200: Memory Usage (468888K) : topmetal1_nofill has 0 polygons
2026-08-11 10:09:15 +0200: Memory Usage (468888K) : topmetal1_text has 8 polygons
2026-08-11 10:09:15 +0200: Memory Usage (468888K) : topmetal1_noqrc has 0 polygons
2026-08-11 10:09:15 +0200: Memory Usage (468888K) : topmetal1_res has 0 polygons
2026-08-11 10:09:15 +0200: Memory Usage (468888K) : topmetal1_iprobe has 0 polygons
2026-08-11 10:09:15 +0200: Memory Usage (468888K) : topmetal1_diffprb has 0 polygons
2026-08-11 10:09:15 +0200: Memory Usage (468888K) : inldpwl_drw has 0 polygons
2026-08-11 10:09:15 +0200: Memory Usage (468888K) : polyres_drw has 0 polygons
2026-08-11 10:09:15 +0200: Memory Usage (468888K) : polyres_pin has 0 polygons
2026-08-11 10:09:15 +0200: Memory Usage (468888K) : vmim_drw has 0 polygons
2026-08-11 10:09:15 +0200: Memory Usage (468888K) : nbulaycut_drw has 0 polygons
2026-08-11 10:09:15 +0200: Memory Usage (468888K) : antmetal1_drw has 0 polygons
2026-08-11 10:09:15 +0200: Memory Usage (468888K) : topvia2_drw has 1593 polygons
2026-08-11 10:09:15 +0200: Memory Usage (468888K) : topmetal2_drw has 6 polygons
2026-08-11 10:09:15 +0200: Memory Usage (469016K) : topmetal2_filler has 0 polygons
2026-08-11 10:09:15 +0200: Memory Usage (469016K) : topmetal2_slit has 0 polygons
2026-08-11 10:09:15 +0200: Memory Usage (469144K) : topmetal2 has 6 polygons
2026-08-11 10:09:15 +0200: Memory Usage (469272K) : topmetal2_pin has 6 polygons
2026-08-11 10:09:15 +0200: Memory Usage (469272K) : topmetal2_mask has 0 polygons
2026-08-11 10:09:15 +0200: Memory Usage (469400K) : topmetal2_nofill has 0 polygons
2026-08-11 10:09:15 +0200: Memory Usage (469400K) : topmetal2_text has 6 polygons
2026-08-11 10:09:15 +0200: Memory Usage (469528K) : topmetal2_noqrc has 0 polygons
2026-08-11 10:09:15 +0200: Memory Usage (469528K) : topmetal2_res has 0 polygons
2026-08-11 10:09:15 +0200: Memory Usage (469656K) : topmetal2_iprobe has 0 polygons
2026-08-11 10:09:15 +0200: Memory Usage (469656K) : topmetal2_diffprb has 0 polygons
2026-08-11 10:09:15 +0200: Memory Usage (469784K) : snsring_drw has 0 polygons
2026-08-11 10:09:15 +0200: Memory Usage (469784K) : sensor_drw has 0 polygons
2026-08-11 10:09:15 +0200: Memory Usage (469912K) : snsarms_drw has 0 polygons
2026-08-11 10:09:15 +0200: Memory Usage (470040K) : snscmosvia_drw has 0 polygons
2026-08-11 10:09:15 +0200: Memory Usage (470040K) : colwind_drw has 0 polygons
2026-08-11 10:09:15 +0200: Memory Usage (470168K) : flm_drw has 0 polygons
2026-08-11 10:09:15 +0200: Memory Usage (470168K) : hafniumox_drw has 0 polygons
2026-08-11 10:09:15 +0200: Memory Usage (470296K) : memvia_drw has 0 polygons
2026-08-11 10:09:15 +0200: Memory Usage (470296K) : thinfilmres_drw has 0 polygons
2026-08-11 10:09:15 +0200: Memory Usage (470424K) : rfmem_drw has 0 polygons
2026-08-11 10:09:15 +0200: Memory Usage (470424K) : norcx_drw has 0 polygons
2026-08-11 10:09:15 +0200: Memory Usage (470552K) : norcx_m2m3 has 0 polygons
2026-08-11 10:09:15 +0200: Memory Usage (470552K) : norcx_m2m4 has 0 polygons
2026-08-11 10:09:15 +0200: Memory Usage (470680K) : norcx_m2m5 has 0 polygons
2026-08-11 10:09:15 +0200: Memory Usage (470808K) : norcx_m2tm1 has 0 polygons
2026-08-11 10:09:15 +0200: Memory Usage (470808K) : norcx_m2tm2 has 0 polygons
2026-08-11 10:09:15 +0200: Memory Usage (470936K) : norcx_m3m4 has 0 polygons
2026-08-11 10:09:15 +0200: Memory Usage (470936K) : norcx_m3m5 has 0 polygons
2026-08-11 10:09:15 +0200: Memory Usage (471064K) : norcx_m3tm1 has 0 polygons
2026-08-11 10:09:15 +0200: Memory Usage (471064K) : norcx_m3tm2 has 0 polygons
2026-08-11 10:09:15 +0200: Memory Usage (471192K) : norcx_m4m5 has 0 polygons
2026-08-11 10:09:15 +0200: Memory Usage (471192K) : norcx_m4tm1 has 0 polygons
2026-08-11 10:09:15 +0200: Memory Usage (471320K) : norcx_m4tm2 has 0 polygons
2026-08-11 10:09:15 +0200: Memory Usage (471320K) : norcx_m5tm1 has 0 polygons
2026-08-11 10:09:15 +0200: Memory Usage (471448K) : norcx_m5tm2 has 0 polygons
2026-08-11 10:09:15 +0200: Memory Usage (471576K) : norcx_tm1tm2 has 0 polygons
2026-08-11 10:09:15 +0200: Memory Usage (471576K) : norcx_m1sub has 0 polygons
2026-08-11 10:09:15 +0200: Memory Usage (471704K) : norcx_m2sub has 0 polygons
2026-08-11 10:09:15 +0200: Memory Usage (471704K) : norcx_m3sub has 0 polygons
2026-08-11 10:09:15 +0200: Memory Usage (471832K) : norcx_m4sub has 0 polygons
2026-08-11 10:09:15 +0200: Memory Usage (471832K) : norcx_m5sub has 0 polygons
2026-08-11 10:09:15 +0200: Memory Usage (471960K) : norcx_tm1sub has 0 polygons
2026-08-11 10:09:15 +0200: Memory Usage (471960K) : norcx_tm2sub has 0 polygons
2026-08-11 10:09:15 +0200: Memory Usage (472088K) : snsbotvia_drw has 0 polygons
2026-08-11 10:09:15 +0200: Memory Usage (472088K) : snstopvia_drw has 0 polygons
2026-08-11 10:09:15 +0200: Memory Usage (472216K) : deepvia_drw has 0 polygons
2026-08-11 10:09:15 +0200: Memory Usage (472344K) : fgetch_drw has 0 polygons
2026-08-11 10:09:15 +0200: Memory Usage (472344K) : ctrgat_drw has 0 polygons
2026-08-11 10:09:15 +0200: Memory Usage (472472K) : fgimp_drw has 0 polygons
2026-08-11 10:09:15 +0200: Memory Usage (472472K) : emwihv_drw has 0 polygons
2026-08-11 10:09:15 +0200: Memory Usage (472600K) : lbe_drw has 0 polygons
2026-08-11 10:09:15 +0200: Memory Usage (472600K) : alcustop_drw has 0 polygons
2026-08-11 10:09:15 +0200: Memory Usage (472728K) : nometfiller_drw has 0 polygons
2026-08-11 10:09:15 +0200: Memory Usage (472728K) : prboundary_drw has 0 polygons
2026-08-11 10:09:15 +0200: Memory Usage (472856K) : exchange0_drw has 0 polygons
2026-08-11 10:09:15 +0200: Memory Usage (472856K) : exchange0_pin has 0 polygons
2026-08-11 10:09:15 +0200: Memory Usage (472984K) : exchange0_text has 0 polygons
2026-08-11 10:09:15 +0200: Memory Usage (472984K) : exchange1_drw has 0 polygons
2026-08-11 10:09:15 +0200: Memory Usage (473112K) : exchange1_pin has 0 polygons
2026-08-11 10:09:15 +0200: Memory Usage (473112K) : exchange1_text has 0 polygons
2026-08-11 10:09:15 +0200: Memory Usage (473240K) : exchange2_drw has 0 polygons
2026-08-11 10:09:15 +0200: Memory Usage (473240K) : exchange2_pin has 0 polygons
2026-08-11 10:09:15 +0200: Memory Usage (473368K) : exchange2_text has 0 polygons
2026-08-11 10:09:15 +0200: Memory Usage (473368K) : exchange3_drw has 0 polygons
2026-08-11 10:09:15 +0200: Memory Usage (473496K) : exchange3_pin has 0 polygons
2026-08-11 10:09:15 +0200: Memory Usage (473624K) : exchange3_text has 0 polygons
2026-08-11 10:09:15 +0200: Memory Usage (473624K) : exchange4_drw has 0 polygons
2026-08-11 10:09:15 +0200: Memory Usage (473624K) : exchange4_pin has 0 polygons
2026-08-11 10:09:15 +0200: Memory Usage (473752K) : exchange4_text has 0 polygons
2026-08-11 10:09:15 +0200: Memory Usage (473880K) : isonwell_drw has 0 polygons
2026-08-11 10:09:15 +0200: Memory Usage (473880K) : Total no. of polygons in the design is 57611
2026-08-11 10:09:15 +0200: Memory Usage (473880K) : Starting base layers derivations
2026-08-11 10:09:15 +0200: Memory Usage (473880K) : Starting general LVS derivations
2026-08-11 10:09:15 +0200: Memory Usage (479640K) : Starting MOSFET DERIVATIONS
2026-08-11 10:09:16 +0200: Memory Usage (480360K) : Starting NMOS DERIVATIONS
2026-08-11 10:09:16 +0200: Memory Usage (480360K) : Starting PMOS DERIVATIONS
2026-08-11 10:09:16 +0200: Memory Usage (480360K) : Starting RF-MOSFET DERIVATIONS
2026-08-11 10:09:16 +0200: Memory Usage (480360K) : Starting RF-NMOS DERIVATIONS
2026-08-11 10:09:16 +0200: Memory Usage (480360K) : Starting RF-PMOS DERIVATIONS
2026-08-11 10:09:16 +0200: Memory Usage (480360K) : Starting BJT DERIVATIONS
2026-08-11 10:09:16 +0200: Memory Usage (480360K) : Starting NPN-BJT DERIVATIONS
2026-08-11 10:09:16 +0200: Memory Usage (480360K) : Starting PNP-BJT DERIVATIONS
2026-08-11 10:09:16 +0200: Memory Usage (480360K) : Starting DIODE DERIVATIONS
2026-08-11 10:09:16 +0200: Memory Usage (480216K) : Starting RESISTOR DERIVATIONS
2026-08-11 10:09:16 +0200: Memory Usage (480216K) : Starting CAP DERIVATIONS
2026-08-11 10:09:17 +0200: Memory Usage (480344K) : Starting CAP_CMOM DERIVATIONS
2026-08-11 10:09:17 +0200: Memory Usage (480344K) : Starting ESD DERIVATIONS
2026-08-11 10:09:17 +0200: Memory Usage (484824K) : Starting Inductor DERIVATIONS
2026-08-11 10:09:17 +0200: Memory Usage (484824K) : Starting Taps DERIVATIONS
2026-08-11 10:09:17 +0200: Memory Usage (484824K) : Starting SG13G2 LVS connectivity setup
2026-08-11 10:09:17 +0200: Memory Usage (484824K) : Starting SG13G2 LVS connectivity setup (Inter-layer)
2026-08-11 10:09:17 +0200: Memory Usage (484952K) : Starting SG13G2 LVS connectivity setup (Global)
2026-08-11 10:09:17 +0200: Memory Usage (484952K) : Starting LVS MOSFET CONNECTIONS
2026-08-11 10:09:17 +0200: Memory Usage (484952K) : Starting LVS RF-MOSFET CONNECTIONS
2026-08-11 10:09:17 +0200: Memory Usage (484952K) : Starting LVS BJT CONNECTIONS
2026-08-11 10:09:17 +0200: Memory Usage (484952K) : Starting LVS DIODE CONNECTIONS
2026-08-11 10:09:17 +0200: Memory Usage (484952K) : Starting RESISTOR CONNECTIONS
2026-08-11 10:09:17 +0200: Memory Usage (484952K) : Starting LVS CAP CONNECTIONS
2026-08-11 10:09:17 +0200: Memory Usage (484952K) : Starting CAP_CMOM CONNECTIONS
2026-08-11 10:09:17 +0200: Memory Usage (484952K) : Starting ESD CONNECTIONS
2026-08-11 10:09:17 +0200: Memory Usage (484952K) : Starting Inductor CONNECTIONS
2026-08-11 10:09:17 +0200: Memory Usage (484952K) : Starting LVS Taps CONNECTIONS
2026-08-11 10:09:17 +0200: Memory Usage (484952K) : Starting SG13G2 LVS DEVICES EXTRACTION
2026-08-11 10:09:17 +0200: Memory Usage (484952K) : Starting MOSFET EXTRACTION
2026-08-11 10:09:17 +0200: Memory Usage (484952K) : Starting NMOS EXTRACTION
2026-08-11 10:09:17 +0200: Memory Usage (484952K) : Extraction of NMOS-LV transistor
2026-08-11 10:09:17 +0200: Memory Usage (485208K) : Extraction of NMOS-HV transistor
2026-08-11 10:09:17 +0200: Memory Usage (485208K) : Starting PMOS EXTRACTION
2026-08-11 10:09:17 +0200: Memory Usage (485208K) : Extraction of PMOS-LV transistor
2026-08-11 10:09:17 +0200: Memory Usage (485208K) : Extraction of PMOS-HV transistor
2026-08-11 10:09:17 +0200: Memory Usage (485208K) : Starting RF-MOSFET EXTRACTION
2026-08-11 10:09:17 +0200: Memory Usage (485208K) : Extraction of RF-NMOS-LV transistor
2026-08-11 10:09:17 +0200: Memory Usage (485208K) : Extraction of RF-NMOS-HV transistor
2026-08-11 10:09:17 +0200: Memory Usage (485208K) : Extraction of RF-PMOS-LV transistor
2026-08-11 10:09:17 +0200: Memory Usage (485208K) : Extraction of RF-PMOS-HV transistor
2026-08-11 10:09:17 +0200: Memory Usage (485208K) : Starting BJT EXTRACTION
2026-08-11 10:09:17 +0200: Memory Usage (485208K) : Starting NPN-BJT EXTRACTION
2026-08-11 10:09:17 +0200: Memory Usage (485208K) : Extraction of npn13G2 BJT transistor
2026-08-11 10:09:17 +0200: Memory Usage (485208K) : Extraction of npn13G2L BJT transistor
2026-08-11 10:09:17 +0200: Memory Usage (485208K) : Extraction of npn13G2V BJT transistor
2026-08-11 10:09:17 +0200: Memory Usage (485208K) : Starting PNP-BJT EXTRACTION
2026-08-11 10:09:17 +0200: Memory Usage (485208K) : Extracting pnpMPA BJT
2026-08-11 10:09:17 +0200: Memory Usage (485208K) : Starting DIODE EXTRACTION
2026-08-11 10:09:17 +0200: Memory Usage (485208K) : Extracting dantenna diode
2026-08-11 10:09:17 +0200: Memory Usage (485208K) : Extracting dpantenna diode
2026-08-11 10:09:17 +0200: Memory Usage (485208K) : Extracting schottky_nbl1 diode
2026-08-11 10:09:17 +0200: Memory Usage (485208K) : Extracting isolbox diode
2026-08-11 10:09:17 +0200: Memory Usage (485208K) : Starting RESISTOR EXTRACTION
2026-08-11 10:09:17 +0200: Memory Usage (485208K) : Extracting rsil resistor
2026-08-11 10:09:17 +0200: Memory Usage (485208K) : Extracting rppd resistor
2026-08-11 10:09:17 +0200: Memory Usage (485208K) : Extracting rhigh resistor
2026-08-11 10:09:17 +0200: Memory Usage (485208K) : Extracting res_metal1 resistor
2026-08-11 10:09:17 +0200: Memory Usage (485208K) : Extracting res_metal2 resistor
2026-08-11 10:09:17 +0200: Memory Usage (485208K) : Extracting res_metal3 resistor
2026-08-11 10:09:17 +0200: Memory Usage (485208K) : Extracting res_metal4 resistor
2026-08-11 10:09:17 +0200: Memory Usage (485208K) : Extracting res_metal5 resistor
2026-08-11 10:09:17 +0200: Memory Usage (485208K) : Extracting res_topmetal1 resistor
2026-08-11 10:09:17 +0200: Memory Usage (485208K) : Extracting res_topmetal2 resistor
2026-08-11 10:09:17 +0200: Memory Usage (485208K) : Starting CAP EXTRACTION
2026-08-11 10:09:17 +0200: Memory Usage (485208K) : Extracting cap_cmim device
2026-08-11 10:09:17 +0200: Memory Usage (485208K) : Extracting rfcmim device
2026-08-11 10:09:17 +0200: Memory Usage (485208K) : Extracting sg13_hv_svaricap varactor
2026-08-11 10:09:17 +0200: Memory Usage (485208K) : Extracting cap_cmomi device
2026-08-11 10:09:17 +0200: Memory Usage (485208K) : Extracting sg13_moscap_n capacitor
2026-08-11 10:09:17 +0200: Memory Usage (485208K) : Extracting sg13_moscap_p capacitor
2026-08-11 10:09:17 +0200: Memory Usage (485208K) : Starting ESD EXTRACTION
2026-08-11 10:09:17 +0200: Memory Usage (485208K) : Extracting diodevdd_2kv ESD device
2026-08-11 10:09:17 +0200: Memory Usage (485208K) : Extracting diodevdd_4kv ESD device
2026-08-11 10:09:17 +0200: Memory Usage (485208K) : Extracting diodevss_2kv ESD device
2026-08-11 10:09:17 +0200: Memory Usage (485208K) : Extracting diodevss_4kv ESD device
2026-08-11 10:09:17 +0200: Memory Usage (485208K) : Extracting idiodevdd_2kv ESD device
2026-08-11 10:09:17 +0200: Memory Usage (485208K) : Extracting idiodevdd_4kv ESD device
2026-08-11 10:09:17 +0200: Memory Usage (485208K) : Extracting idiodevss_2kv ESD device
2026-08-11 10:09:17 +0200: Memory Usage (485208K) : Extracting idiodevss_4kv ESD device
2026-08-11 10:09:17 +0200: Memory Usage (485208K) : Extracting nmoscl_2 ESD device
2026-08-11 10:09:17 +0200: Memory Usage (485208K) : Extracting nmoscl_4 ESD device
2026-08-11 10:09:17 +0200: Memory Usage (485208K) : Starting Inductor EXTRACTION
2026-08-11 10:09:17 +0200: Memory Usage (485208K) : Extracting Inductor2 device
2026-08-11 10:09:17 +0200: Memory Usage (485208K) : Extracting Inductor3 device
2026-08-11 10:09:17 +0200: Memory Usage (485208K) : Starting Taps EXTRACTION
2026-08-11 10:09:17 +0200: Memory Usage (485208K) : Extracting ntap1 device
2026-08-11 10:09:17 +0200: Memory Usage (485208K) : Extracting ptap1 device
2026-08-11 10:09:17 +0200: Memory Usage (485208K) : Starting SG13G2 LVS RF MOS Model Mapping
2026-08-11 10:09:18 +0200: Memory Usage (487256K) : [layout_netlist] Apply RF MOS model mapping and rfmode parameter.
2026-08-11 10:09:18 +0200: Memory Usage (487256K) : Starting SG13G2 LVS Options Preparations
2026-08-11 10:09:18 +0200: Memory Usage (487256K) : SG13G2 LVS flow: extraction -> alignment -> option preparation -> comparison.
2026-08-11 10:09:18 +0200: Memory Usage (487256K) : Starting SG13G2 LVS Alignment
2026-08-11 10:09:18 +0200: Memory Usage (487384K) : Starting SG13G2 LVS Simplification
2026-08-11 10:09:18 +0200: Memory Usage (487384K) : [layout_netlist] simplify: ENABLED
2026-08-11 10:09:18 +0200: Memory Usage (487384K) : [layout_netlist] make_top_level_pins: SKIPPED
2026-08-11 10:09:18 +0200: Memory Usage (487384K) : [layout_netlist] combine_devices: ENABLED
2026-08-11 10:09:18 +0200: Memory Usage (487384K) : [layout_netlist] purge: SKIPPED
2026-08-11 10:09:18 +0200: Memory Usage (487384K) : [layout_netlist] purge_nets: SKIPPED
2026-08-11 10:09:18 +0200: Memory Usage (487384K) : [schematic_netlist] simplify: ENABLED
2026-08-11 10:09:18 +0200: Memory Usage (487384K) : [schematic_netlist] make_top_level_pins: SKIPPED
2026-08-11 10:09:18 +0200: Memory Usage (487384K) : [schematic_netlist] combine_devices: ENABLED
2026-08-11 10:09:18 +0200: Memory Usage (487384K) : [schematic_netlist] purge: SKIPPED
2026-08-11 10:09:18 +0200: Memory Usage (487384K) : [schematic_netlist] purge_nets: SKIPPED
2026-08-11 10:09:18 +0200: Memory Usage (487384K) : Starting SG13G2 LVS Comparison
2026-08-11 10:09:18 +0200: Memory Usage (487512K) : ==========================================
2026-08-11 10:09:18 +0200: Memory Usage (487512K) : INFO : Congratulations! Netlists match.
2026-08-11 10:09:18 +0200: Memory Usage (487512K) : ==========================================
2026-08-11 10:09:18 +0200: Memory Usage (487512K) : LVS Total Run time 3.892861 seconds
11-Aug-2026 10:09:19 | INFO    | ==============================================================================
11-Aug-2026 10:09:19 | INFO    | Important Summary
11-Aug-2026 10:09:19 | INFO    | +------------------+----------------------------------------------------------------------------------------------+
11-Aug-2026 10:09:19 | INFO    | | Status           | PASS                                                                                         |
11-Aug-2026 10:09:19 | INFO    | | Mode             | COMPARE                                                                                      |
11-Aug-2026 10:09:19 | INFO    | | Outcome          | Comparison mode: PASS (netlists match).                                                      |
11-Aug-2026 10:09:19 | INFO    | | Layout           | sg13g2_IOPadTriOut4mA.gds                                                                    |
11-Aug-2026 10:09:19 | INFO    | | Top Cell         | sg13g2_IOPadTriOut4mA                                                                        |
11-Aug-2026 10:09:19 | INFO    | | Results Dir      | /foss/designs/ihp-open-pdk-regression/IOPADS/lvs_sweep/20260811_100703/sg13g2_IOPadTriOut4mA |
11-Aug-2026 10:09:19 | INFO    | | Warnings         | 0                                                                                            |
11-Aug-2026 10:09:19 | INFO    | | Errors           | 0                                                                                            |
11-Aug-2026 10:09:19 | INFO    | | Run Time (s)     | 9.321                                                                                        |
11-Aug-2026 10:09:19 | INFO    | +------------------+----------------------------------------------------------------------------------------------+
11-Aug-2026 10:09:19 | INFO    | ==============================================================================
