# Logfile created on 2026-08-10 18:06:22 +0200 by logger.rb/v1.5.3
2026-08-10 18:06:22 +0200: Memory Usage (455364K) : Starting running SG13G2 Klayout LVS runset on /foss/designs/ihp-open-pdk-regression/IOPADS/layout/sg13g2_IOPadOut30mA.gds
2026-08-10 18:06:22 +0200: Memory Usage (455364K) : Ruby Version for klayout: 3.2.3
2026-08-10 18:06:22 +0200: Memory Usage (456772K) : Loading database to memory is complete.
2026-08-10 18:06:22 +0200: Memory Usage (456772K) : SG13G2 Klayout LVS runset output at: /foss/designs/ihp-open-pdk-regression/IOPADS/lvs_sweep/20260810_180504/sg13g2_IOPadOut30mA/sg13g2_IOPadOut30mA.lvsdb
2026-08-10 18:06:22 +0200: Memory Usage (456772K) : Evaluate switches.
2026-08-10 18:06:22 +0200: Memory Usage (456772K) : Extracted netlist with net names: true
2026-08-10 18:06:22 +0200: Memory Usage (456772K) : Extracted netlist with comments in details: false
2026-08-10 18:06:22 +0200: Memory Usage (456772K) : Selected NET_ONLY option: false
2026-08-10 18:06:22 +0200: Memory Usage (456772K) : Selected LAYOUT_NETLIST option: (none)
2026-08-10 18:06:22 +0200: Memory Usage (456772K) : Selected IGNORE_TOP_PORTS_MISMATCH option: true
2026-08-10 18:06:22 +0200: Memory Usage (456772K) : Selected IMPLICIT_NETS option: iovss,iovdd,vss,vdd,pad,cathode,anode
2026-08-10 18:06:22 +0200: Memory Usage (456772K) : Selected TOP_LVL_PINS option: false
2026-08-10 18:06:22 +0200: Memory Usage (456772K) : Selected COMBINE DEVICES option: true
2026-08-10 18:06:22 +0200: Memory Usage (456772K) : Selected PURGE option: false
2026-08-10 18:06:22 +0200: Memory Usage (456772K) : Selected PURGE_NETS option: false
2026-08-10 18:06:22 +0200: Memory Usage (456772K) : Selected SIMPLIFY option: true
2026-08-10 18:06:22 +0200: Memory Usage (456772K) : Selected SERIES_RES option: true
2026-08-10 18:06:22 +0200: Memory Usage (456772K) : Selected PARALLEL_RES option: true
2026-08-10 18:06:22 +0200: Memory Usage (456772K) : Selected DISABLE_TAP_EXTRACTION option: false
2026-08-10 18:06:22 +0200: Memory Usage (456772K) : deep  mode is enabled.
2026-08-10 18:06:22 +0200: Memory Usage (456772K) : Applying implicit connections (case-sensitive, pattern supported) for nets: iovss, iovdd, vss, vdd, pad, cathode, anode
2026-08-10 18:06:22 +0200: Memory Usage (458052K) : Netlist file: /foss/designs/ihp-open-pdk-regression/IOPADS/netlist/pads_sub/sg13g2_IOPadOut30mA.spi
2026-08-10 18:06:22 +0200: Memory Usage (458052K) : LVS extracted netlist at: /foss/designs/ihp-open-pdk-regression/IOPADS/lvs_sweep/20260810_180504/sg13g2_IOPadOut30mA/sg13g2_IOPadOut30mA_extracted.cir
2026-08-10 18:06:22 +0200: Memory Usage (458052K) : Applying SRAM integration support.
2026-08-10 18:06:22 +0200: Memory Usage (458052K) : Starting SG13G2 LVS runset
2026-08-10 18:06:22 +0200: Memory Usage (458052K) : Read in polygons from layers.
2026-08-10 18:06:22 +0200: Memory Usage (459844K) : activ_drw has 77 polygons
2026-08-10 18:06:22 +0200: Memory Usage (459844K) : activ_filler has 0 polygons
2026-08-10 18:06:22 +0200: Memory Usage (459972K) : activ has 77 polygons
2026-08-10 18:06:22 +0200: Memory Usage (459972K) : activ_pin has 0 polygons
2026-08-10 18:06:22 +0200: Memory Usage (459972K) : activ_mask has 0 polygons
2026-08-10 18:06:22 +0200: Memory Usage (459972K) : activ_nofill has 0 polygons
2026-08-10 18:06:22 +0200: Memory Usage (459972K) : activ_OPC has 0 polygons
2026-08-10 18:06:22 +0200: Memory Usage (460100K) : activ_iOPC has 0 polygons
2026-08-10 18:06:22 +0200: Memory Usage (460100K) : activ_noqrc has 0 polygons
2026-08-10 18:06:22 +0200: Memory Usage (460228K) : biwind_drw has 0 polygons
2026-08-10 18:06:22 +0200: Memory Usage (460228K) : biwind_OPC has 0 polygons
2026-08-10 18:06:22 +0200: Memory Usage (460356K) : gatpoly_drw has 54 polygons
2026-08-10 18:06:22 +0200: Memory Usage (460356K) : gatpoly_filler has 0 polygons
2026-08-10 18:06:22 +0200: Memory Usage (460484K) : gatpoly has 54 polygons
2026-08-10 18:06:22 +0200: Memory Usage (460484K) : gatpoly_pin has 0 polygons
2026-08-10 18:06:22 +0200: Memory Usage (460612K) : gatpoly_nofill has 0 polygons
2026-08-10 18:06:22 +0200: Memory Usage (460612K) : gatpoly_OPC has 0 polygons
2026-08-10 18:06:22 +0200: Memory Usage (460740K) : gatpoly_iOPC has 0 polygons
2026-08-10 18:06:22 +0200: Memory Usage (460868K) : gatpoly_noqrc has 0 polygons
2026-08-10 18:06:22 +0200: Memory Usage (462148K) : cont_drw has 46536 polygons
2026-08-10 18:06:22 +0200: Memory Usage (462276K) : cont_OPC has 0 polygons
2026-08-10 18:06:22 +0200: Memory Usage (462276K) : nsd_drw has 0 polygons
2026-08-10 18:06:22 +0200: Memory Usage (462276K) : nsd_block has 0 polygons
2026-08-10 18:06:22 +0200: Memory Usage (462276K) : metal1_drw has 322 polygons
2026-08-10 18:06:22 +0200: Memory Usage (462276K) : metal1_filler has 0 polygons
2026-08-10 18:06:22 +0200: Memory Usage (462276K) : metal1_slit has 0 polygons
2026-08-10 18:06:22 +0200: Memory Usage (462660K) : metal1 has 322 polygons
2026-08-10 18:06:22 +0200: Memory Usage (462660K) : metal1_pin has 26 polygons
2026-08-10 18:06:22 +0200: Memory Usage (462660K) : metal1_mask has 0 polygons
2026-08-10 18:06:22 +0200: Memory Usage (462660K) : metal1_nofill has 0 polygons
2026-08-10 18:06:22 +0200: Memory Usage (462916K) : metal1_text has 26 polygons
2026-08-10 18:06:22 +0200: Memory Usage (462916K) : metal1_OPC has 0 polygons
2026-08-10 18:06:22 +0200: Memory Usage (462916K) : metal1_noqrc has 0 polygons
2026-08-10 18:06:22 +0200: Memory Usage (462916K) : metal1_res has 0 polygons
2026-08-10 18:06:22 +0200: Memory Usage (463044K) : metal1_iprobe has 0 polygons
2026-08-10 18:06:22 +0200: Memory Usage (463172K) : metal1_diffprb has 0 polygons
2026-08-10 18:06:22 +0200: Memory Usage (463172K) : passiv_drw has 0 polygons
2026-08-10 18:06:22 +0200: Memory Usage (463300K) : passiv_pin has 0 polygons
2026-08-10 18:06:22 +0200: Memory Usage (463300K) : passiv_sbump has 0 polygons
2026-08-10 18:06:22 +0200: Memory Usage (463428K) : passiv_pillar has 0 polygons
2026-08-10 18:06:22 +0200: Memory Usage (463428K) : passiv_pdl has 0 polygons
2026-08-10 18:06:22 +0200: Memory Usage (463556K) : metal2_drw has 95 polygons
2026-08-10 18:06:22 +0200: Memory Usage (463556K) : metal2_filler has 0 polygons
2026-08-10 18:06:22 +0200: Memory Usage (463684K) : metal2_slit has 0 polygons
2026-08-10 18:06:22 +0200: Memory Usage (463812K) : metal2 has 95 polygons
2026-08-10 18:06:22 +0200: Memory Usage (463940K) : metal2_pin has 28 polygons
2026-08-10 18:06:22 +0200: Memory Usage (463940K) : metal2_mask has 0 polygons
2026-08-10 18:06:22 +0200: Memory Usage (464068K) : metal2_nofill has 0 polygons
2026-08-10 18:06:22 +0200: Memory Usage (464068K) : metal2_text has 27 polygons
2026-08-10 18:06:22 +0200: Memory Usage (464196K) : metal2_OPC has 0 polygons
2026-08-10 18:06:22 +0200: Memory Usage (464196K) : metal2_noqrc has 0 polygons
2026-08-10 18:06:22 +0200: Memory Usage (464196K) : metal2_res has 0 polygons
2026-08-10 18:06:22 +0200: Memory Usage (464324K) : metal2_iprobe has 0 polygons
2026-08-10 18:06:22 +0200: Memory Usage (464324K) : metal2_diffprb has 0 polygons
2026-08-10 18:06:22 +0200: Memory Usage (464324K) : baspoly_drw has 0 polygons
2026-08-10 18:06:22 +0200: Memory Usage (464324K) : baspoly_pin has 0 polygons
2026-08-10 18:06:22 +0200: Memory Usage (464452K) : psd_drw has 30 polygons
2026-08-10 18:06:22 +0200: Memory Usage (464452K) : nldb_drw has 0 polygons
2026-08-10 18:06:22 +0200: Memory Usage (464452K) : digibnd_drw has 0 polygons
2026-08-10 18:06:22 +0200: Memory Usage (464580K) : via1_drw has 1834 polygons
2026-08-10 18:06:22 +0200: Memory Usage (464708K) : backmetal1_drw has 0 polygons
2026-08-10 18:06:22 +0200: Memory Usage (464708K) : backmetal1_pin has 0 polygons
2026-08-10 18:06:22 +0200: Memory Usage (464836K) : backmetal1_mask has 0 polygons
2026-08-10 18:06:22 +0200: Memory Usage (464836K) : backmetal1_filler has 0 polygons
2026-08-10 18:06:22 +0200: Memory Usage (464964K) : backmetal1_nofill has 0 polygons
2026-08-10 18:06:22 +0200: Memory Usage (464964K) : backmetal1_slit has 0 polygons
2026-08-10 18:06:22 +0200: Memory Usage (465092K) : backmetal1_text has 0 polygons
2026-08-10 18:06:22 +0200: Memory Usage (465092K) : backmetal1_OPC has 0 polygons
2026-08-10 18:06:22 +0200: Memory Usage (465220K) : backmetal1_noqrc has 0 polygons
2026-08-10 18:06:22 +0200: Memory Usage (465220K) : backmetal1_res has 0 polygons
2026-08-10 18:06:22 +0200: Memory Usage (465348K) : backmetal1_iprobe has 0 polygons
2026-08-10 18:06:22 +0200: Memory Usage (465348K) : backmetal1_diffprb has 0 polygons
2026-08-10 18:06:22 +0200: Memory Usage (465476K) : backpassiv_drw has 0 polygons
2026-08-10 18:06:22 +0200: Memory Usage (465476K) : res_drw has 0 polygons
2026-08-10 18:06:22 +0200: Memory Usage (465604K) : sram_drw has 0 polygons
2026-08-10 18:06:22 +0200: Memory Usage (465604K) : trans_drw has 0 polygons
2026-08-10 18:06:22 +0200: Memory Usage (465732K) : ind_drw has 0 polygons
2026-08-10 18:06:22 +0200: Memory Usage (465860K) : ind_pin has 0 polygons
2026-08-10 18:06:22 +0200: Memory Usage (465860K) : ind_text has 0 polygons
2026-08-10 18:06:22 +0200: Memory Usage (465988K) : salblock_drw has 0 polygons
2026-08-10 18:06:22 +0200: Memory Usage (465988K) : via2_drw has 1661 polygons
2026-08-10 18:06:22 +0200: Memory Usage (466116K) : metal3_drw has 25 polygons
2026-08-10 18:06:22 +0200: Memory Usage (466116K) : metal3_filler has 0 polygons
2026-08-10 18:06:22 +0200: Memory Usage (466244K) : metal3_slit has 0 polygons
2026-08-10 18:06:22 +0200: Memory Usage (466372K) : metal3 has 25 polygons
2026-08-10 18:06:22 +0200: Memory Usage (466372K) : metal3_pin has 9 polygons
2026-08-10 18:06:22 +0200: Memory Usage (466500K) : metal3_mask has 0 polygons
2026-08-10 18:06:22 +0200: Memory Usage (466628K) : metal3_nofill has 0 polygons
2026-08-10 18:06:22 +0200: Memory Usage (466628K) : metal3_text has 9 polygons
2026-08-10 18:06:22 +0200: Memory Usage (466756K) : metal3_OPC has 0 polygons
2026-08-10 18:06:22 +0200: Memory Usage (466756K) : metal3_noqrc has 0 polygons
2026-08-10 18:06:22 +0200: Memory Usage (466756K) : metal3_res has 0 polygons
2026-08-10 18:06:22 +0200: Memory Usage (466756K) : metal3_iprobe has 0 polygons
2026-08-10 18:06:22 +0200: Memory Usage (466884K) : metal3_diffprb has 0 polygons
2026-08-10 18:06:22 +0200: Memory Usage (466884K) : nwell_drw has 21 polygons
2026-08-10 18:06:22 +0200: Memory Usage (466884K) : nwell_pin has 0 polygons
2026-08-10 18:06:22 +0200: Memory Usage (467012K) : nwell_text has 0 polygons
2026-08-10 18:06:22 +0200: Memory Usage (467012K) : nbulay_drw has 0 polygons
2026-08-10 18:06:22 +0200: Memory Usage (467140K) : nbulay_pin has 0 polygons
2026-08-10 18:06:22 +0200: Memory Usage (467140K) : nbulay_block has 0 polygons
2026-08-10 18:06:22 +0200: Memory Usage (467268K) : emwind_drw has 0 polygons
2026-08-10 18:06:22 +0200: Memory Usage (467396K) : emwind_OPC has 0 polygons
2026-08-10 18:06:22 +0200: Memory Usage (467396K) : deepco_drw has 0 polygons
2026-08-10 18:06:22 +0200: Memory Usage (467524K) : mim_drw has 0 polygons
2026-08-10 18:06:22 +0200: Memory Usage (467524K) : edgeseal_drw has 0 polygons
2026-08-10 18:06:22 +0200: Memory Usage (467652K) : substrate_drw has 22 polygons
2026-08-10 18:06:22 +0200: Memory Usage (467652K) : substrate_text has 0 polygons
2026-08-10 18:06:22 +0200: Memory Usage (467780K) : dfpad_drw has 0 polygons
2026-08-10 18:06:22 +0200: Memory Usage (467780K) : dfpad_pillar has 0 polygons
2026-08-10 18:06:22 +0200: Memory Usage (467908K) : dfpad_sbump has 0 polygons
2026-08-10 18:06:22 +0200: Memory Usage (467908K) : thickgateox_drw has 4 polygons
2026-08-10 18:06:22 +0200: Memory Usage (468036K) : pldb_drw has 0 polygons
2026-08-10 18:06:22 +0200: Memory Usage (468036K) : pwell_drw has 0 polygons
2026-08-10 18:06:22 +0200: Memory Usage (468164K) : pwell_pin has 0 polygons
2026-08-10 18:06:22 +0200: Memory Usage (468164K) : pwell_block has 0 polygons
2026-08-10 18:06:22 +0200: Memory Usage (468292K) : ic_drw has 0 polygons
2026-08-10 18:06:22 +0200: Memory Usage (468420K) : via3_drw has 2087 polygons
2026-08-10 18:06:22 +0200: Memory Usage (468548K) : metal4_drw has 8 polygons
2026-08-10 18:06:22 +0200: Memory Usage (468548K) : metal4_filler has 0 polygons
2026-08-10 18:06:22 +0200: Memory Usage (468676K) : metal4_slit has 0 polygons
2026-08-10 18:06:22 +0200: Memory Usage (468804K) : metal4 has 8 polygons
2026-08-10 18:06:22 +0200: Memory Usage (468804K) : metal4_pin has 8 polygons
2026-08-10 18:06:22 +0200: Memory Usage (468932K) : metal4_mask has 0 polygons
2026-08-10 18:06:22 +0200: Memory Usage (468932K) : metal4_nofill has 0 polygons
2026-08-10 18:06:22 +0200: Memory Usage (469060K) : metal4_text has 8 polygons
2026-08-10 18:06:22 +0200: Memory Usage (469060K) : metal4_OPC has 0 polygons
2026-08-10 18:06:22 +0200: Memory Usage (469188K) : metal4_noqrc has 0 polygons
2026-08-10 18:06:22 +0200: Memory Usage (469188K) : metal4_res has 0 polygons
2026-08-10 18:06:22 +0200: Memory Usage (469316K) : metal4_iprobe has 0 polygons
2026-08-10 18:06:22 +0200: Memory Usage (469316K) : metal4_diffprb has 0 polygons
2026-08-10 18:06:22 +0200: Memory Usage (469444K) : heattrans_drw has 0 polygons
2026-08-10 18:06:22 +0200: Memory Usage (469444K) : heatres_drw has 0 polygons
2026-08-10 18:06:22 +0200: Memory Usage (469572K) : fbe_drw has 0 polygons
2026-08-10 18:06:22 +0200: Memory Usage (469572K) : empoly_drw has 0 polygons
2026-08-10 18:06:22 +0200: Memory Usage (469700K) : digisub_drw has 0 polygons
2026-08-10 18:06:22 +0200: Memory Usage (469700K) : text_drw has 14 polygons
2026-08-10 18:06:22 +0200: Memory Usage (469828K) : via4_drw has 2371 polygons
2026-08-10 18:06:22 +0200: Memory Usage (469956K) : metal5_drw has 8 polygons
2026-08-10 18:06:22 +0200: Memory Usage (469956K) : metal5_filler has 0 polygons
2026-08-10 18:06:22 +0200: Memory Usage (470084K) : metal5_slit has 0 polygons
2026-08-10 18:06:22 +0200: Memory Usage (470212K) : metal5 has 8 polygons
2026-08-10 18:06:22 +0200: Memory Usage (470212K) : metal5_pin has 8 polygons
2026-08-10 18:06:22 +0200: Memory Usage (470340K) : metal5_mask has 0 polygons
2026-08-10 18:06:22 +0200: Memory Usage (470340K) : metal5_nofill has 0 polygons
2026-08-10 18:06:22 +0200: Memory Usage (470468K) : metal5_text has 8 polygons
2026-08-10 18:06:22 +0200: Memory Usage (470596K) : metal5_OPC has 0 polygons
2026-08-10 18:06:22 +0200: Memory Usage (470596K) : metal5_noqrc has 0 polygons
2026-08-10 18:06:22 +0200: Memory Usage (470724K) : metal5_res has 0 polygons
2026-08-10 18:06:22 +0200: Memory Usage (470724K) : metal5_iprobe has 0 polygons
2026-08-10 18:06:22 +0200: Memory Usage (470852K) : metal5_diffprb has 0 polygons
2026-08-10 18:06:22 +0200: Memory Usage (470852K) : radhard_drw has 0 polygons
2026-08-10 18:06:22 +0200: Memory Usage (470980K) : memcap_drw has 0 polygons
2026-08-10 18:06:22 +0200: Memory Usage (470980K) : varicap_drw has 0 polygons
2026-08-10 18:06:22 +0200: Memory Usage (471108K) : intbondvia_drw has 0 polygons
2026-08-10 18:06:22 +0200: Memory Usage (471108K) : intbondmet_drw has 0 polygons
2026-08-10 18:06:22 +0200: Memory Usage (471236K) : devbondvia_drw has 0 polygons
2026-08-10 18:06:22 +0200: Memory Usage (471236K) : devbondmet_drw has 0 polygons
2026-08-10 18:06:22 +0200: Memory Usage (471364K) : devtrench_drw has 0 polygons
2026-08-10 18:06:22 +0200: Memory Usage (471492K) : redist_drw has 0 polygons
2026-08-10 18:06:22 +0200: Memory Usage (471492K) : graphbot_drw has 0 polygons
2026-08-10 18:06:22 +0200: Memory Usage (471620K) : graphtop_drw has 0 polygons
2026-08-10 18:06:22 +0200: Memory Usage (471620K) : antvia1_drw has 0 polygons
2026-08-10 18:06:22 +0200: Memory Usage (471620K) : antmetal2_drw has 0 polygons
2026-08-10 18:06:22 +0200: Memory Usage (471620K) : graphcont_drw has 0 polygons
2026-08-10 18:06:22 +0200: Memory Usage (471620K) : siwg_drw has 0 polygons
2026-08-10 18:06:22 +0200: Memory Usage (471620K) : siwg_filler has 0 polygons
2026-08-10 18:06:22 +0200: Memory Usage (471620K) : siwg_nofill has 0 polygons
2026-08-10 18:06:22 +0200: Memory Usage (471620K) : sigrating_drw has 0 polygons
2026-08-10 18:06:22 +0200: Memory Usage (471620K) : singrating_drw has 0 polygons
2026-08-10 18:06:22 +0200: Memory Usage (471620K) : graphpas_drw has 0 polygons
2026-08-10 18:06:22 +0200: Memory Usage (471620K) : emwind3_drw has 0 polygons
2026-08-10 18:06:22 +0200: Memory Usage (471620K) : emwihv3_drw has 0 polygons
2026-08-10 18:06:22 +0200: Memory Usage (471620K) : redbulay_drw has 0 polygons
2026-08-10 18:06:22 +0200: Memory Usage (471620K) : smos_drw has 0 polygons
2026-08-10 18:06:22 +0200: Memory Usage (471620K) : graphpad_drw has 0 polygons
2026-08-10 18:06:22 +0200: Memory Usage (471620K) : polimide_drw has 0 polygons
2026-08-10 18:06:22 +0200: Memory Usage (471620K) : polimide_pin has 0 polygons
2026-08-10 18:06:22 +0200: Memory Usage (471620K) : recog_drw has 0 polygons
2026-08-10 18:06:22 +0200: Memory Usage (471620K) : recog_pin has 0 polygons
2026-08-10 18:06:22 +0200: Memory Usage (471620K) : recog_esd has 0 polygons
2026-08-10 18:06:22 +0200: Memory Usage (471620K) : recog_diode has 7 polygons
2026-08-10 18:06:22 +0200: Memory Usage (471620K) : recog_tsv has 0 polygons
2026-08-10 18:06:22 +0200: Memory Usage (471620K) : recog_iprobe has 0 polygons
2026-08-10 18:06:22 +0200: Memory Usage (471620K) : recog_diffprb has 0 polygons
2026-08-10 18:06:22 +0200: Memory Usage (471620K) : recog_pillar has 0 polygons
2026-08-10 18:06:22 +0200: Memory Usage (471620K) : recog_sbump has 0 polygons
2026-08-10 18:06:22 +0200: Memory Usage (471620K) : recog_otp has 0 polygons
2026-08-10 18:06:22 +0200: Memory Usage (471620K) : recog_pdiode has 0 polygons
2026-08-10 18:06:22 +0200: Memory Usage (471620K) : recog_mom has 0 polygons
2026-08-10 18:06:22 +0200: Memory Usage (471620K) : recog_pcm has 0 polygons
2026-08-10 18:06:22 +0200: Memory Usage (471620K) : colopen_drw has 0 polygons
2026-08-10 18:06:22 +0200: Memory Usage (471620K) : graphmetal1_drw has 0 polygons
2026-08-10 18:06:22 +0200: Memory Usage (471620K) : graphmetal1_filler has 0 polygons
2026-08-10 18:06:22 +0200: Memory Usage (471620K) : graphmetal1_nofill has 0 polygons
2026-08-10 18:06:22 +0200: Memory Usage (471620K) : graphmetal1_slit has 0 polygons
2026-08-10 18:06:22 +0200: Memory Usage (471620K) : graphmetal1_OPC has 0 polygons
2026-08-10 18:06:22 +0200: Memory Usage (471620K) : graphmet1l_drw has 0 polygons
2026-08-10 18:06:22 +0200: Memory Usage (471620K) : graphmet1l_filler has 0 polygons
2026-08-10 18:06:22 +0200: Memory Usage (471620K) : graphmet1l_nofill has 0 polygons
2026-08-10 18:06:22 +0200: Memory Usage (471620K) : graphmet1l_slit has 0 polygons
2026-08-10 18:06:22 +0200: Memory Usage (471620K) : graphmet1l_OPC has 0 polygons
2026-08-10 18:06:22 +0200: Memory Usage (471620K) : extblock_drw has 0 polygons
2026-08-10 18:06:22 +0200: Memory Usage (471620K) : nldd_drw has 0 polygons
2026-08-10 18:06:22 +0200: Memory Usage (471620K) : pldd_drw has 0 polygons
2026-08-10 18:06:22 +0200: Memory Usage (471620K) : next_drw has 0 polygons
2026-08-10 18:06:22 +0200: Memory Usage (471620K) : pext_drw has 0 polygons
2026-08-10 18:06:22 +0200: Memory Usage (471620K) : nexthv_drw has 0 polygons
2026-08-10 18:06:22 +0200: Memory Usage (471620K) : pexthv_drw has 0 polygons
2026-08-10 18:06:22 +0200: Memory Usage (471620K) : graphgate_drw has 0 polygons
2026-08-10 18:06:22 +0200: Memory Usage (471620K) : sinwg_drw has 0 polygons
2026-08-10 18:06:22 +0200: Memory Usage (471620K) : sinwg_filler has 0 polygons
2026-08-10 18:06:22 +0200: Memory Usage (471620K) : sinwg_nofill has 0 polygons
2026-08-10 18:06:22 +0200: Memory Usage (471620K) : mempad_drw has 0 polygons
2026-08-10 18:06:22 +0200: Memory Usage (471620K) : topvia1_drw has 2315 polygons
2026-08-10 18:06:22 +0200: Memory Usage (471620K) : topmetal1_drw has 8 polygons
2026-08-10 18:06:22 +0200: Memory Usage (471620K) : topmetal1_filler has 0 polygons
2026-08-10 18:06:22 +0200: Memory Usage (471620K) : topmetal1_slit has 0 polygons
2026-08-10 18:06:22 +0200: Memory Usage (471620K) : topmetal1 has 8 polygons
2026-08-10 18:06:22 +0200: Memory Usage (471620K) : topmetal1_pin has 8 polygons
2026-08-10 18:06:22 +0200: Memory Usage (471620K) : topmetal1_mask has 0 polygons
2026-08-10 18:06:22 +0200: Memory Usage (471620K) : topmetal1_nofill has 0 polygons
2026-08-10 18:06:22 +0200: Memory Usage (471620K) : topmetal1_text has 8 polygons
2026-08-10 18:06:22 +0200: Memory Usage (471620K) : topmetal1_noqrc has 0 polygons
2026-08-10 18:06:22 +0200: Memory Usage (471620K) : topmetal1_res has 0 polygons
2026-08-10 18:06:22 +0200: Memory Usage (471620K) : topmetal1_iprobe has 0 polygons
2026-08-10 18:06:22 +0200: Memory Usage (471620K) : topmetal1_diffprb has 0 polygons
2026-08-10 18:06:22 +0200: Memory Usage (471620K) : inldpwl_drw has 0 polygons
2026-08-10 18:06:22 +0200: Memory Usage (471620K) : polyres_drw has 0 polygons
2026-08-10 18:06:22 +0200: Memory Usage (471620K) : polyres_pin has 0 polygons
2026-08-10 18:06:23 +0200: Memory Usage (471620K) : vmim_drw has 0 polygons
2026-08-10 18:06:23 +0200: Memory Usage (471620K) : nbulaycut_drw has 0 polygons
2026-08-10 18:06:23 +0200: Memory Usage (471620K) : antmetal1_drw has 0 polygons
2026-08-10 18:06:23 +0200: Memory Usage (471620K) : topvia2_drw has 1593 polygons
2026-08-10 18:06:23 +0200: Memory Usage (471620K) : topmetal2_drw has 6 polygons
2026-08-10 18:06:23 +0200: Memory Usage (471620K) : topmetal2_filler has 0 polygons
2026-08-10 18:06:23 +0200: Memory Usage (471620K) : topmetal2_slit has 0 polygons
2026-08-10 18:06:23 +0200: Memory Usage (471620K) : topmetal2 has 6 polygons
2026-08-10 18:06:23 +0200: Memory Usage (471620K) : topmetal2_pin has 6 polygons
2026-08-10 18:06:23 +0200: Memory Usage (471620K) : topmetal2_mask has 0 polygons
2026-08-10 18:06:23 +0200: Memory Usage (471620K) : topmetal2_nofill has 0 polygons
2026-08-10 18:06:23 +0200: Memory Usage (471620K) : topmetal2_text has 6 polygons
2026-08-10 18:06:23 +0200: Memory Usage (471620K) : topmetal2_noqrc has 0 polygons
2026-08-10 18:06:23 +0200: Memory Usage (471620K) : topmetal2_res has 0 polygons
2026-08-10 18:06:23 +0200: Memory Usage (471620K) : topmetal2_iprobe has 0 polygons
2026-08-10 18:06:23 +0200: Memory Usage (471620K) : topmetal2_diffprb has 0 polygons
2026-08-10 18:06:23 +0200: Memory Usage (471620K) : snsring_drw has 0 polygons
2026-08-10 18:06:23 +0200: Memory Usage (471620K) : sensor_drw has 0 polygons
2026-08-10 18:06:23 +0200: Memory Usage (471620K) : snsarms_drw has 0 polygons
2026-08-10 18:06:23 +0200: Memory Usage (471620K) : snscmosvia_drw has 0 polygons
2026-08-10 18:06:23 +0200: Memory Usage (471620K) : colwind_drw has 0 polygons
2026-08-10 18:06:23 +0200: Memory Usage (471620K) : flm_drw has 0 polygons
2026-08-10 18:06:23 +0200: Memory Usage (471620K) : hafniumox_drw has 0 polygons
2026-08-10 18:06:23 +0200: Memory Usage (471620K) : memvia_drw has 0 polygons
2026-08-10 18:06:23 +0200: Memory Usage (471620K) : thinfilmres_drw has 0 polygons
2026-08-10 18:06:23 +0200: Memory Usage (471620K) : rfmem_drw has 0 polygons
2026-08-10 18:06:23 +0200: Memory Usage (471620K) : norcx_drw has 0 polygons
2026-08-10 18:06:23 +0200: Memory Usage (471620K) : norcx_m2m3 has 0 polygons
2026-08-10 18:06:23 +0200: Memory Usage (471620K) : norcx_m2m4 has 0 polygons
2026-08-10 18:06:23 +0200: Memory Usage (471620K) : norcx_m2m5 has 0 polygons
2026-08-10 18:06:23 +0200: Memory Usage (471620K) : norcx_m2tm1 has 0 polygons
2026-08-10 18:06:23 +0200: Memory Usage (471620K) : norcx_m2tm2 has 0 polygons
2026-08-10 18:06:23 +0200: Memory Usage (471620K) : norcx_m3m4 has 0 polygons
2026-08-10 18:06:23 +0200: Memory Usage (471620K) : norcx_m3m5 has 0 polygons
2026-08-10 18:06:23 +0200: Memory Usage (471620K) : norcx_m3tm1 has 0 polygons
2026-08-10 18:06:23 +0200: Memory Usage (471620K) : norcx_m3tm2 has 0 polygons
2026-08-10 18:06:23 +0200: Memory Usage (471620K) : norcx_m4m5 has 0 polygons
2026-08-10 18:06:23 +0200: Memory Usage (471620K) : norcx_m4tm1 has 0 polygons
2026-08-10 18:06:23 +0200: Memory Usage (471620K) : norcx_m4tm2 has 0 polygons
2026-08-10 18:06:23 +0200: Memory Usage (471620K) : norcx_m5tm1 has 0 polygons
2026-08-10 18:06:23 +0200: Memory Usage (471620K) : norcx_m5tm2 has 0 polygons
2026-08-10 18:06:23 +0200: Memory Usage (471620K) : norcx_tm1tm2 has 0 polygons
2026-08-10 18:06:23 +0200: Memory Usage (471620K) : norcx_m1sub has 0 polygons
2026-08-10 18:06:23 +0200: Memory Usage (471620K) : norcx_m2sub has 0 polygons
2026-08-10 18:06:23 +0200: Memory Usage (471620K) : norcx_m3sub has 0 polygons
2026-08-10 18:06:23 +0200: Memory Usage (471620K) : norcx_m4sub has 0 polygons
2026-08-10 18:06:23 +0200: Memory Usage (471620K) : norcx_m5sub has 0 polygons
2026-08-10 18:06:23 +0200: Memory Usage (471620K) : norcx_tm1sub has 0 polygons
2026-08-10 18:06:23 +0200: Memory Usage (471620K) : norcx_tm2sub has 0 polygons
2026-08-10 18:06:23 +0200: Memory Usage (471620K) : snsbotvia_drw has 0 polygons
2026-08-10 18:06:23 +0200: Memory Usage (471620K) : snstopvia_drw has 0 polygons
2026-08-10 18:06:23 +0200: Memory Usage (471620K) : deepvia_drw has 0 polygons
2026-08-10 18:06:23 +0200: Memory Usage (471620K) : fgetch_drw has 0 polygons
2026-08-10 18:06:23 +0200: Memory Usage (471620K) : ctrgat_drw has 0 polygons
2026-08-10 18:06:23 +0200: Memory Usage (471620K) : fgimp_drw has 0 polygons
2026-08-10 18:06:23 +0200: Memory Usage (471620K) : emwihv_drw has 0 polygons
2026-08-10 18:06:23 +0200: Memory Usage (471620K) : lbe_drw has 0 polygons
2026-08-10 18:06:23 +0200: Memory Usage (471620K) : alcustop_drw has 0 polygons
2026-08-10 18:06:23 +0200: Memory Usage (471620K) : nometfiller_drw has 0 polygons
2026-08-10 18:06:23 +0200: Memory Usage (471620K) : prboundary_drw has 0 polygons
2026-08-10 18:06:23 +0200: Memory Usage (471620K) : exchange0_drw has 0 polygons
2026-08-10 18:06:23 +0200: Memory Usage (471620K) : exchange0_pin has 0 polygons
2026-08-10 18:06:23 +0200: Memory Usage (471620K) : exchange0_text has 0 polygons
2026-08-10 18:06:23 +0200: Memory Usage (471620K) : exchange1_drw has 0 polygons
2026-08-10 18:06:23 +0200: Memory Usage (471620K) : exchange1_pin has 0 polygons
2026-08-10 18:06:23 +0200: Memory Usage (471620K) : exchange1_text has 0 polygons
2026-08-10 18:06:23 +0200: Memory Usage (471620K) : exchange2_drw has 0 polygons
2026-08-10 18:06:23 +0200: Memory Usage (471620K) : exchange2_pin has 0 polygons
2026-08-10 18:06:23 +0200: Memory Usage (471620K) : exchange2_text has 0 polygons
2026-08-10 18:06:23 +0200: Memory Usage (471620K) : exchange3_drw has 0 polygons
2026-08-10 18:06:23 +0200: Memory Usage (471620K) : exchange3_pin has 0 polygons
2026-08-10 18:06:23 +0200: Memory Usage (471620K) : exchange3_text has 0 polygons
2026-08-10 18:06:23 +0200: Memory Usage (471620K) : exchange4_drw has 0 polygons
2026-08-10 18:06:23 +0200: Memory Usage (471620K) : exchange4_pin has 0 polygons
2026-08-10 18:06:23 +0200: Memory Usage (471620K) : exchange4_text has 0 polygons
2026-08-10 18:06:23 +0200: Memory Usage (471620K) : isonwell_drw has 0 polygons
2026-08-10 18:06:23 +0200: Memory Usage (471620K) : Total no. of polygons in the design is 59283
2026-08-10 18:06:23 +0200: Memory Usage (471620K) : Starting base layers derivations
2026-08-10 18:06:23 +0200: Memory Usage (471620K) : Starting general LVS derivations
2026-08-10 18:06:23 +0200: Memory Usage (479172K) : Starting MOSFET DERIVATIONS
2026-08-10 18:06:23 +0200: Memory Usage (480424K) : Starting NMOS DERIVATIONS
2026-08-10 18:06:23 +0200: Memory Usage (480424K) : Starting PMOS DERIVATIONS
2026-08-10 18:06:23 +0200: Memory Usage (480424K) : Starting RF-MOSFET DERIVATIONS
2026-08-10 18:06:23 +0200: Memory Usage (480424K) : Starting RF-NMOS DERIVATIONS
2026-08-10 18:06:23 +0200: Memory Usage (480424K) : Starting RF-PMOS DERIVATIONS
2026-08-10 18:06:23 +0200: Memory Usage (480424K) : Starting BJT DERIVATIONS
2026-08-10 18:06:23 +0200: Memory Usage (480424K) : Starting NPN-BJT DERIVATIONS
2026-08-10 18:06:24 +0200: Memory Usage (480424K) : Starting PNP-BJT DERIVATIONS
2026-08-10 18:06:24 +0200: Memory Usage (480424K) : Starting DIODE DERIVATIONS
2026-08-10 18:06:25 +0200: Memory Usage (479644K) : Starting RESISTOR DERIVATIONS
2026-08-10 18:06:25 +0200: Memory Usage (479644K) : Starting CAP DERIVATIONS
2026-08-10 18:06:25 +0200: Memory Usage (479644K) : Starting CAP_CMOM DERIVATIONS
2026-08-10 18:06:25 +0200: Memory Usage (479644K) : Starting ESD DERIVATIONS
2026-08-10 18:06:26 +0200: Memory Usage (479644K) : Starting Inductor DERIVATIONS
2026-08-10 18:06:26 +0200: Memory Usage (479900K) : Starting Taps DERIVATIONS
2026-08-10 18:06:26 +0200: Memory Usage (481052K) : Starting SG13G2 LVS connectivity setup
2026-08-10 18:06:26 +0200: Memory Usage (481052K) : Starting SG13G2 LVS connectivity setup (Inter-layer)
2026-08-10 18:06:26 +0200: Memory Usage (481180K) : Starting SG13G2 LVS connectivity setup (Global)
2026-08-10 18:06:26 +0200: Memory Usage (481180K) : Starting LVS MOSFET CONNECTIONS
2026-08-10 18:06:26 +0200: Memory Usage (481180K) : Starting LVS RF-MOSFET CONNECTIONS
2026-08-10 18:06:26 +0200: Memory Usage (481180K) : Starting LVS BJT CONNECTIONS
2026-08-10 18:06:26 +0200: Memory Usage (481180K) : Starting LVS DIODE CONNECTIONS
2026-08-10 18:06:26 +0200: Memory Usage (481180K) : Starting RESISTOR CONNECTIONS
2026-08-10 18:06:26 +0200: Memory Usage (481180K) : Starting LVS CAP CONNECTIONS
2026-08-10 18:06:26 +0200: Memory Usage (481180K) : Starting CAP_CMOM CONNECTIONS
2026-08-10 18:06:26 +0200: Memory Usage (481180K) : Starting ESD CONNECTIONS
2026-08-10 18:06:26 +0200: Memory Usage (481180K) : Starting Inductor CONNECTIONS
2026-08-10 18:06:26 +0200: Memory Usage (481180K) : Starting LVS Taps CONNECTIONS
2026-08-10 18:06:26 +0200: Memory Usage (481180K) : Starting SG13G2 LVS DEVICES EXTRACTION
2026-08-10 18:06:26 +0200: Memory Usage (481180K) : Starting MOSFET EXTRACTION
2026-08-10 18:06:26 +0200: Memory Usage (481180K) : Starting NMOS EXTRACTION
2026-08-10 18:06:26 +0200: Memory Usage (481180K) : Extraction of NMOS-LV transistor
2026-08-10 18:06:26 +0200: Memory Usage (481308K) : Extraction of NMOS-HV transistor
2026-08-10 18:06:26 +0200: Memory Usage (481308K) : Starting PMOS EXTRACTION
2026-08-10 18:06:26 +0200: Memory Usage (481308K) : Extraction of PMOS-LV transistor
2026-08-10 18:06:26 +0200: Memory Usage (481308K) : Extraction of PMOS-HV transistor
2026-08-10 18:06:26 +0200: Memory Usage (481308K) : Starting RF-MOSFET EXTRACTION
2026-08-10 18:06:26 +0200: Memory Usage (481308K) : Extraction of RF-NMOS-LV transistor
2026-08-10 18:06:26 +0200: Memory Usage (481308K) : Extraction of RF-NMOS-HV transistor
2026-08-10 18:06:26 +0200: Memory Usage (481308K) : Extraction of RF-PMOS-LV transistor
2026-08-10 18:06:26 +0200: Memory Usage (481308K) : Extraction of RF-PMOS-HV transistor
2026-08-10 18:06:26 +0200: Memory Usage (481308K) : Starting BJT EXTRACTION
2026-08-10 18:06:26 +0200: Memory Usage (481308K) : Starting NPN-BJT EXTRACTION
2026-08-10 18:06:26 +0200: Memory Usage (481308K) : Extraction of npn13G2 BJT transistor
2026-08-10 18:06:26 +0200: Memory Usage (481308K) : Extraction of npn13G2L BJT transistor
2026-08-10 18:06:26 +0200: Memory Usage (481308K) : Extraction of npn13G2V BJT transistor
2026-08-10 18:06:26 +0200: Memory Usage (481308K) : Starting PNP-BJT EXTRACTION
2026-08-10 18:06:26 +0200: Memory Usage (481308K) : Extracting pnpMPA BJT
2026-08-10 18:06:26 +0200: Memory Usage (481308K) : Starting DIODE EXTRACTION
2026-08-10 18:06:26 +0200: Memory Usage (481308K) : Extracting dantenna diode
2026-08-10 18:06:26 +0200: Memory Usage (481308K) : Extracting dpantenna diode
2026-08-10 18:06:26 +0200: Memory Usage (481308K) : Extracting schottky_nbl1 diode
2026-08-10 18:06:26 +0200: Memory Usage (481308K) : Extracting isolbox diode
2026-08-10 18:06:26 +0200: Memory Usage (481308K) : Starting RESISTOR EXTRACTION
2026-08-10 18:06:26 +0200: Memory Usage (481308K) : Extracting rsil resistor
2026-08-10 18:06:26 +0200: Memory Usage (481308K) : Extracting rppd resistor
2026-08-10 18:06:26 +0200: Memory Usage (481308K) : Extracting rhigh resistor
2026-08-10 18:06:26 +0200: Memory Usage (481308K) : Extracting res_metal1 resistor
2026-08-10 18:06:26 +0200: Memory Usage (481308K) : Extracting res_metal2 resistor
2026-08-10 18:06:26 +0200: Memory Usage (481308K) : Extracting res_metal3 resistor
2026-08-10 18:06:26 +0200: Memory Usage (481308K) : Extracting res_metal4 resistor
2026-08-10 18:06:26 +0200: Memory Usage (481308K) : Extracting res_metal5 resistor
2026-08-10 18:06:26 +0200: Memory Usage (481308K) : Extracting res_topmetal1 resistor
2026-08-10 18:06:26 +0200: Memory Usage (481308K) : Extracting res_topmetal2 resistor
2026-08-10 18:06:26 +0200: Memory Usage (481308K) : Starting CAP EXTRACTION
2026-08-10 18:06:26 +0200: Memory Usage (481308K) : Extracting cap_cmim device
2026-08-10 18:06:26 +0200: Memory Usage (481308K) : Extracting rfcmim device
2026-08-10 18:06:26 +0200: Memory Usage (481308K) : Extracting sg13_hv_svaricap varactor
2026-08-10 18:06:26 +0200: Memory Usage (481308K) : Extracting cap_cmomi device
2026-08-10 18:06:26 +0200: Memory Usage (481308K) : Extracting sg13_moscap_n capacitor
2026-08-10 18:06:26 +0200: Memory Usage (481308K) : Extracting sg13_moscap_p capacitor
2026-08-10 18:06:26 +0200: Memory Usage (481308K) : Starting ESD EXTRACTION
2026-08-10 18:06:26 +0200: Memory Usage (481308K) : Extracting diodevdd_2kv ESD device
2026-08-10 18:06:26 +0200: Memory Usage (481308K) : Extracting diodevdd_4kv ESD device
2026-08-10 18:06:26 +0200: Memory Usage (481308K) : Extracting diodevss_2kv ESD device
2026-08-10 18:06:26 +0200: Memory Usage (481308K) : Extracting diodevss_4kv ESD device
2026-08-10 18:06:26 +0200: Memory Usage (481308K) : Extracting idiodevdd_2kv ESD device
2026-08-10 18:06:26 +0200: Memory Usage (481308K) : Extracting idiodevdd_4kv ESD device
2026-08-10 18:06:26 +0200: Memory Usage (481308K) : Extracting idiodevss_2kv ESD device
2026-08-10 18:06:26 +0200: Memory Usage (481308K) : Extracting idiodevss_4kv ESD device
2026-08-10 18:06:26 +0200: Memory Usage (481308K) : Extracting nmoscl_2 ESD device
2026-08-10 18:06:26 +0200: Memory Usage (481308K) : Extracting nmoscl_4 ESD device
2026-08-10 18:06:26 +0200: Memory Usage (481308K) : Starting Inductor EXTRACTION
2026-08-10 18:06:26 +0200: Memory Usage (481308K) : Extracting Inductor2 device
2026-08-10 18:06:26 +0200: Memory Usage (481308K) : Extracting Inductor3 device
2026-08-10 18:06:26 +0200: Memory Usage (481308K) : Starting Taps EXTRACTION
2026-08-10 18:06:26 +0200: Memory Usage (481308K) : Extracting ntap1 device
2026-08-10 18:06:26 +0200: Memory Usage (481308K) : Extracting ptap1 device
2026-08-10 18:06:26 +0200: Memory Usage (481308K) : Starting SG13G2 LVS RF MOS Model Mapping
2026-08-10 18:06:27 +0200: Memory Usage (486044K) : [layout_netlist] Apply RF MOS model mapping and rfmode parameter.
2026-08-10 18:06:27 +0200: Memory Usage (486044K) : Starting SG13G2 LVS Options Preparations
2026-08-10 18:06:27 +0200: Memory Usage (486044K) : SG13G2 LVS flow: extraction -> alignment -> option preparation -> comparison.
2026-08-10 18:06:27 +0200: Memory Usage (486044K) : Starting SG13G2 LVS Alignment
2026-08-10 18:06:27 +0200: Memory Usage (486172K) : Starting SG13G2 LVS Simplification
2026-08-10 18:06:27 +0200: Memory Usage (486172K) : [layout_netlist] simplify: ENABLED
2026-08-10 18:06:27 +0200: Memory Usage (486172K) : [layout_netlist] make_top_level_pins: SKIPPED
2026-08-10 18:06:27 +0200: Memory Usage (486172K) : [layout_netlist] combine_devices: ENABLED
2026-08-10 18:06:27 +0200: Memory Usage (486172K) : [layout_netlist] purge: SKIPPED
2026-08-10 18:06:27 +0200: Memory Usage (486172K) : [layout_netlist] purge_nets: SKIPPED
2026-08-10 18:06:27 +0200: Memory Usage (486172K) : [schematic_netlist] simplify: ENABLED
2026-08-10 18:06:27 +0200: Memory Usage (486172K) : [schematic_netlist] make_top_level_pins: SKIPPED
2026-08-10 18:06:27 +0200: Memory Usage (486172K) : [schematic_netlist] combine_devices: ENABLED
2026-08-10 18:06:27 +0200: Memory Usage (486172K) : [schematic_netlist] purge: SKIPPED
2026-08-10 18:06:27 +0200: Memory Usage (486172K) : [schematic_netlist] purge_nets: SKIPPED
2026-08-10 18:06:27 +0200: Memory Usage (486172K) : Starting SG13G2 LVS Comparison
2026-08-10 18:06:27 +0200: Memory Usage (486300K) : ==========================================
2026-08-10 18:06:27 +0200: Memory Usage (486300K) : INFO : Congratulations! Netlists match.
2026-08-10 18:06:27 +0200: Memory Usage (486300K) : ==========================================
2026-08-10 18:06:27 +0200: Memory Usage (486300K) : LVS Total Run time 4.916079 seconds
