10-Aug-2026 18:07:14 | INFO    | Your Klayout version is: KLayout 0.30.10 (required >= 0.30.5)
10-Aug-2026 18:07:14 | INFO    | Running SG13G2 LVS checks on design /foss/designs/ihp-open-pdk-regression/IOPADS/layout/sg13g2_IOPadVss.gds on cell sg13g2_IOPadVss
2026-08-10 18:07:17 +0200: Memory Usage (456140K) : Starting running SG13G2 Klayout LVS runset on /foss/designs/ihp-open-pdk-regression/IOPADS/layout/sg13g2_IOPadVss.gds
2026-08-10 18:07:17 +0200: Memory Usage (456140K) : Ruby Version for klayout: 3.2.3
2026-08-10 18:07:17 +0200: Memory Usage (458444K) : Loading database to memory is complete.
2026-08-10 18:07:17 +0200: Memory Usage (458444K) : SG13G2 Klayout LVS runset output at: /foss/designs/ihp-open-pdk-regression/IOPADS/lvs_sweep/20260810_180504/sg13g2_IOPadVss/sg13g2_IOPadVss.lvsdb
2026-08-10 18:07:17 +0200: Memory Usage (458444K) : Evaluate switches.
2026-08-10 18:07:17 +0200: Memory Usage (458444K) : Extracted netlist with net names: true
2026-08-10 18:07:17 +0200: Memory Usage (458444K) : Extracted netlist with comments in details: false
2026-08-10 18:07:17 +0200: Memory Usage (458444K) : Selected NET_ONLY option: false
2026-08-10 18:07:17 +0200: Memory Usage (458444K) : Selected LAYOUT_NETLIST option: (none)
2026-08-10 18:07:17 +0200: Memory Usage (458444K) : Selected IGNORE_TOP_PORTS_MISMATCH option: true
2026-08-10 18:07:18 +0200: Memory Usage (458444K) : Selected IMPLICIT_NETS option: iovss,iovdd,vss,vdd,pad,cathode,anode
2026-08-10 18:07:18 +0200: Memory Usage (458444K) : Selected TOP_LVL_PINS option: false
2026-08-10 18:07:18 +0200: Memory Usage (458444K) : Selected COMBINE DEVICES option: true
2026-08-10 18:07:18 +0200: Memory Usage (458444K) : Selected PURGE option: false
2026-08-10 18:07:18 +0200: Memory Usage (458444K) : Selected PURGE_NETS option: false
2026-08-10 18:07:18 +0200: Memory Usage (458444K) : Selected SIMPLIFY option: true
2026-08-10 18:07:18 +0200: Memory Usage (458444K) : Selected SERIES_RES option: true
2026-08-10 18:07:18 +0200: Memory Usage (458572K) : Selected PARALLEL_RES option: true
2026-08-10 18:07:18 +0200: Memory Usage (458572K) : Selected DISABLE_TAP_EXTRACTION option: false
2026-08-10 18:07:18 +0200: Memory Usage (458572K) : deep  mode is enabled.
2026-08-10 18:07:18 +0200: Memory Usage (458572K) : Applying implicit connections (case-sensitive, pattern supported) for nets: iovss, iovdd, vss, vdd, pad, cathode, anode
2026-08-10 18:07:18 +0200: Memory Usage (459724K) : Netlist file: /foss/designs/ihp-open-pdk-regression/IOPADS/netlist/pads_sub/sg13g2_IOPadVss.spi
2026-08-10 18:07:18 +0200: Memory Usage (459724K) : LVS extracted netlist at: /foss/designs/ihp-open-pdk-regression/IOPADS/lvs_sweep/20260810_180504/sg13g2_IOPadVss/sg13g2_IOPadVss_extracted.cir
2026-08-10 18:07:18 +0200: Memory Usage (459724K) : Applying SRAM integration support.
2026-08-10 18:07:18 +0200: Memory Usage (459724K) : Starting SG13G2 LVS runset
2026-08-10 18:07:18 +0200: Memory Usage (459724K) : Read in polygons from layers.
2026-08-10 18:07:18 +0200: Memory Usage (461004K) : activ_drw has 21 polygons
2026-08-10 18:07:18 +0200: Memory Usage (461004K) : activ_filler has 0 polygons
2026-08-10 18:07:18 +0200: Memory Usage (461132K) : activ has 21 polygons
2026-08-10 18:07:18 +0200: Memory Usage (461132K) : activ_pin has 0 polygons
2026-08-10 18:07:18 +0200: Memory Usage (461132K) : activ_mask has 0 polygons
2026-08-10 18:07:18 +0200: Memory Usage (461260K) : activ_nofill has 0 polygons
2026-08-10 18:07:18 +0200: Memory Usage (461260K) : activ_OPC has 0 polygons
2026-08-10 18:07:18 +0200: Memory Usage (461260K) : activ_iOPC has 0 polygons
2026-08-10 18:07:18 +0200: Memory Usage (461260K) : activ_noqrc has 0 polygons
2026-08-10 18:07:18 +0200: Memory Usage (461260K) : biwind_drw has 0 polygons
2026-08-10 18:07:18 +0200: Memory Usage (461260K) : biwind_OPC has 0 polygons
2026-08-10 18:07:18 +0200: Memory Usage (461388K) : gatpoly_drw has 0 polygons
2026-08-10 18:07:18 +0200: Memory Usage (461388K) : gatpoly_filler has 0 polygons
2026-08-10 18:07:18 +0200: Memory Usage (461772K) : gatpoly has 0 polygons
2026-08-10 18:07:18 +0200: Memory Usage (461772K) : gatpoly_pin has 0 polygons
2026-08-10 18:07:18 +0200: Memory Usage (461772K) : gatpoly_nofill has 0 polygons
2026-08-10 18:07:18 +0200: Memory Usage (461900K) : gatpoly_OPC has 0 polygons
2026-08-10 18:07:18 +0200: Memory Usage (461900K) : gatpoly_iOPC has 0 polygons
2026-08-10 18:07:18 +0200: Memory Usage (461900K) : gatpoly_noqrc has 0 polygons
2026-08-10 18:07:18 +0200: Memory Usage (464716K) : cont_drw has 73574 polygons
2026-08-10 18:07:18 +0200: Memory Usage (464716K) : cont_OPC has 0 polygons
2026-08-10 18:07:18 +0200: Memory Usage (464716K) : nsd_drw has 0 polygons
2026-08-10 18:07:18 +0200: Memory Usage (464716K) : nsd_block has 0 polygons
2026-08-10 18:07:18 +0200: Memory Usage (464716K) : metal1_drw has 37 polygons
2026-08-10 18:07:18 +0200: Memory Usage (464716K) : metal1_filler has 0 polygons
2026-08-10 18:07:18 +0200: Memory Usage (464716K) : metal1_slit has 0 polygons
2026-08-10 18:07:18 +0200: Memory Usage (464844K) : metal1 has 37 polygons
2026-08-10 18:07:18 +0200: Memory Usage (464844K) : metal1_pin has 14 polygons
2026-08-10 18:07:18 +0200: Memory Usage (464844K) : metal1_mask has 0 polygons
2026-08-10 18:07:18 +0200: Memory Usage (464844K) : metal1_nofill has 0 polygons
2026-08-10 18:07:18 +0200: Memory Usage (464972K) : metal1_text has 14 polygons
2026-08-10 18:07:18 +0200: Memory Usage (464972K) : metal1_OPC has 0 polygons
2026-08-10 18:07:18 +0200: Memory Usage (464972K) : metal1_noqrc has 0 polygons
2026-08-10 18:07:18 +0200: Memory Usage (464972K) : metal1_res has 0 polygons
2026-08-10 18:07:18 +0200: Memory Usage (464972K) : metal1_iprobe has 0 polygons
2026-08-10 18:07:18 +0200: Memory Usage (464972K) : metal1_diffprb has 0 polygons
2026-08-10 18:07:18 +0200: Memory Usage (464972K) : passiv_drw has 0 polygons
2026-08-10 18:07:18 +0200: Memory Usage (464972K) : passiv_pin has 0 polygons
2026-08-10 18:07:18 +0200: Memory Usage (464972K) : passiv_sbump has 0 polygons
2026-08-10 18:07:18 +0200: Memory Usage (464972K) : passiv_pillar has 0 polygons
2026-08-10 18:07:18 +0200: Memory Usage (464972K) : passiv_pdl has 0 polygons
2026-08-10 18:07:18 +0200: Memory Usage (465356K) : metal2_drw has 20 polygons
2026-08-10 18:07:18 +0200: Memory Usage (465356K) : metal2_filler has 0 polygons
2026-08-10 18:07:18 +0200: Memory Usage (465356K) : metal2_slit has 0 polygons
2026-08-10 18:07:18 +0200: Memory Usage (465356K) : metal2 has 20 polygons
2026-08-10 18:07:18 +0200: Memory Usage (465356K) : metal2_pin has 1 polygons
2026-08-10 18:07:18 +0200: Memory Usage (465356K) : metal2_mask has 0 polygons
2026-08-10 18:07:18 +0200: Memory Usage (465356K) : metal2_nofill has 0 polygons
2026-08-10 18:07:18 +0200: Memory Usage (465484K) : metal2_text has 1 polygons
2026-08-10 18:07:18 +0200: Memory Usage (465612K) : metal2_OPC has 0 polygons
2026-08-10 18:07:18 +0200: Memory Usage (465612K) : metal2_noqrc has 0 polygons
2026-08-10 18:07:18 +0200: Memory Usage (465740K) : metal2_res has 0 polygons
2026-08-10 18:07:18 +0200: Memory Usage (465740K) : metal2_iprobe has 0 polygons
2026-08-10 18:07:18 +0200: Memory Usage (465868K) : metal2_diffprb has 0 polygons
2026-08-10 18:07:18 +0200: Memory Usage (465868K) : baspoly_drw has 0 polygons
2026-08-10 18:07:18 +0200: Memory Usage (465996K) : baspoly_pin has 0 polygons
2026-08-10 18:07:18 +0200: Memory Usage (465996K) : psd_drw has 11 polygons
2026-08-10 18:07:18 +0200: Memory Usage (466252K) : nldb_drw has 0 polygons
2026-08-10 18:07:18 +0200: Memory Usage (466252K) : digibnd_drw has 0 polygons
2026-08-10 18:07:18 +0200: Memory Usage (466380K) : via1_drw has 2182 polygons
2026-08-10 18:07:18 +0200: Memory Usage (466508K) : backmetal1_drw has 0 polygons
2026-08-10 18:07:18 +0200: Memory Usage (466508K) : backmetal1_pin has 0 polygons
2026-08-10 18:07:18 +0200: Memory Usage (466636K) : backmetal1_mask has 0 polygons
2026-08-10 18:07:18 +0200: Memory Usage (466636K) : backmetal1_filler has 0 polygons
2026-08-10 18:07:18 +0200: Memory Usage (466764K) : backmetal1_nofill has 0 polygons
2026-08-10 18:07:18 +0200: Memory Usage (466764K) : backmetal1_slit has 0 polygons
2026-08-10 18:07:18 +0200: Memory Usage (466892K) : backmetal1_text has 0 polygons
2026-08-10 18:07:18 +0200: Memory Usage (466892K) : backmetal1_OPC has 0 polygons
2026-08-10 18:07:18 +0200: Memory Usage (467020K) : backmetal1_noqrc has 0 polygons
2026-08-10 18:07:18 +0200: Memory Usage (467020K) : backmetal1_res has 0 polygons
2026-08-10 18:07:18 +0200: Memory Usage (467148K) : backmetal1_iprobe has 0 polygons
2026-08-10 18:07:18 +0200: Memory Usage (467276K) : backmetal1_diffprb has 0 polygons
2026-08-10 18:07:18 +0200: Memory Usage (467276K) : backpassiv_drw has 0 polygons
2026-08-10 18:07:18 +0200: Memory Usage (467404K) : res_drw has 0 polygons
2026-08-10 18:07:18 +0200: Memory Usage (467404K) : sram_drw has 0 polygons
2026-08-10 18:07:18 +0200: Memory Usage (467660K) : trans_drw has 0 polygons
2026-08-10 18:07:18 +0200: Memory Usage (467660K) : ind_drw has 0 polygons
2026-08-10 18:07:18 +0200: Memory Usage (467788K) : ind_pin has 0 polygons
2026-08-10 18:07:18 +0200: Memory Usage (467788K) : ind_text has 0 polygons
2026-08-10 18:07:18 +0200: Memory Usage (467916K) : salblock_drw has 0 polygons
2026-08-10 18:07:18 +0200: Memory Usage (467916K) : via2_drw has 6508 polygons
2026-08-10 18:07:18 +0200: Memory Usage (468300K) : metal3_drw has 12 polygons
2026-08-10 18:07:18 +0200: Memory Usage (468300K) : metal3_filler has 0 polygons
2026-08-10 18:07:18 +0200: Memory Usage (468300K) : metal3_slit has 0 polygons
2026-08-10 18:07:18 +0200: Memory Usage (468300K) : metal3 has 12 polygons
2026-08-10 18:07:18 +0200: Memory Usage (468428K) : metal3_pin has 8 polygons
2026-08-10 18:07:18 +0200: Memory Usage (468428K) : metal3_mask has 0 polygons
2026-08-10 18:07:18 +0200: Memory Usage (468428K) : metal3_nofill has 0 polygons
2026-08-10 18:07:18 +0200: Memory Usage (468428K) : metal3_text has 8 polygons
2026-08-10 18:07:18 +0200: Memory Usage (468556K) : metal3_OPC has 0 polygons
2026-08-10 18:07:18 +0200: Memory Usage (468556K) : metal3_noqrc has 0 polygons
2026-08-10 18:07:18 +0200: Memory Usage (468556K) : metal3_res has 0 polygons
2026-08-10 18:07:18 +0200: Memory Usage (468684K) : metal3_iprobe has 0 polygons
2026-08-10 18:07:18 +0200: Memory Usage (468684K) : metal3_diffprb has 0 polygons
2026-08-10 18:07:18 +0200: Memory Usage (468684K) : nwell_drw has 8 polygons
2026-08-10 18:07:18 +0200: Memory Usage (468812K) : nwell_pin has 0 polygons
2026-08-10 18:07:18 +0200: Memory Usage (468812K) : nwell_text has 0 polygons
2026-08-10 18:07:18 +0200: Memory Usage (468940K) : nbulay_drw has 0 polygons
2026-08-10 18:07:18 +0200: Memory Usage (468940K) : nbulay_pin has 0 polygons
2026-08-10 18:07:18 +0200: Memory Usage (469068K) : nbulay_block has 0 polygons
2026-08-10 18:07:18 +0200: Memory Usage (469068K) : emwind_drw has 0 polygons
2026-08-10 18:07:18 +0200: Memory Usage (469196K) : emwind_OPC has 0 polygons
2026-08-10 18:07:18 +0200: Memory Usage (469196K) : deepco_drw has 0 polygons
2026-08-10 18:07:18 +0200: Memory Usage (469196K) : mim_drw has 0 polygons
2026-08-10 18:07:18 +0200: Memory Usage (469196K) : edgeseal_drw has 0 polygons
2026-08-10 18:07:18 +0200: Memory Usage (469196K) : substrate_drw has 9 polygons
2026-08-10 18:07:18 +0200: Memory Usage (469196K) : substrate_text has 0 polygons
2026-08-10 18:07:18 +0200: Memory Usage (469196K) : dfpad_drw has 0 polygons
2026-08-10 18:07:18 +0200: Memory Usage (469196K) : dfpad_pillar has 0 polygons
2026-08-10 18:07:18 +0200: Memory Usage (469196K) : dfpad_sbump has 0 polygons
2026-08-10 18:07:18 +0200: Memory Usage (469196K) : thickgateox_drw has 0 polygons
2026-08-10 18:07:18 +0200: Memory Usage (469196K) : pldb_drw has 0 polygons
2026-08-10 18:07:18 +0200: Memory Usage (469196K) : pwell_drw has 0 polygons
2026-08-10 18:07:18 +0200: Memory Usage (469196K) : pwell_pin has 0 polygons
2026-08-10 18:07:18 +0200: Memory Usage (469196K) : pwell_block has 0 polygons
2026-08-10 18:07:18 +0200: Memory Usage (469196K) : ic_drw has 0 polygons
2026-08-10 18:07:18 +0200: Memory Usage (469196K) : via3_drw has 2087 polygons
2026-08-10 18:07:18 +0200: Memory Usage (469196K) : metal4_drw has 8 polygons
2026-08-10 18:07:18 +0200: Memory Usage (469196K) : metal4_filler has 0 polygons
2026-08-10 18:07:18 +0200: Memory Usage (469196K) : metal4_slit has 0 polygons
2026-08-10 18:07:18 +0200: Memory Usage (469196K) : metal4 has 8 polygons
2026-08-10 18:07:18 +0200: Memory Usage (469196K) : metal4_pin has 8 polygons
2026-08-10 18:07:18 +0200: Memory Usage (469196K) : metal4_mask has 0 polygons
2026-08-10 18:07:18 +0200: Memory Usage (469196K) : metal4_nofill has 0 polygons
2026-08-10 18:07:18 +0200: Memory Usage (469196K) : metal4_text has 8 polygons
2026-08-10 18:07:18 +0200: Memory Usage (469196K) : metal4_OPC has 0 polygons
2026-08-10 18:07:18 +0200: Memory Usage (469196K) : metal4_noqrc has 0 polygons
2026-08-10 18:07:18 +0200: Memory Usage (469196K) : metal4_res has 0 polygons
2026-08-10 18:07:18 +0200: Memory Usage (469196K) : metal4_iprobe has 0 polygons
2026-08-10 18:07:18 +0200: Memory Usage (469196K) : metal4_diffprb has 0 polygons
2026-08-10 18:07:18 +0200: Memory Usage (469196K) : heattrans_drw has 0 polygons
2026-08-10 18:07:18 +0200: Memory Usage (469196K) : heatres_drw has 0 polygons
2026-08-10 18:07:18 +0200: Memory Usage (469196K) : fbe_drw has 0 polygons
2026-08-10 18:07:18 +0200: Memory Usage (469196K) : empoly_drw has 0 polygons
2026-08-10 18:07:18 +0200: Memory Usage (469196K) : digisub_drw has 0 polygons
2026-08-10 18:07:18 +0200: Memory Usage (469196K) : text_drw has 7 polygons
2026-08-10 18:07:18 +0200: Memory Usage (469196K) : via4_drw has 2371 polygons
2026-08-10 18:07:18 +0200: Memory Usage (469196K) : metal5_drw has 8 polygons
2026-08-10 18:07:18 +0200: Memory Usage (469196K) : metal5_filler has 0 polygons
2026-08-10 18:07:18 +0200: Memory Usage (469196K) : metal5_slit has 0 polygons
2026-08-10 18:07:18 +0200: Memory Usage (469196K) : metal5 has 8 polygons
2026-08-10 18:07:18 +0200: Memory Usage (469196K) : metal5_pin has 8 polygons
2026-08-10 18:07:18 +0200: Memory Usage (469196K) : metal5_mask has 0 polygons
2026-08-10 18:07:18 +0200: Memory Usage (469196K) : metal5_nofill has 0 polygons
2026-08-10 18:07:18 +0200: Memory Usage (469196K) : metal5_text has 8 polygons
2026-08-10 18:07:18 +0200: Memory Usage (469196K) : metal5_OPC has 0 polygons
2026-08-10 18:07:18 +0200: Memory Usage (469196K) : metal5_noqrc has 0 polygons
2026-08-10 18:07:18 +0200: Memory Usage (469196K) : metal5_res has 0 polygons
2026-08-10 18:07:18 +0200: Memory Usage (469196K) : metal5_iprobe has 0 polygons
2026-08-10 18:07:18 +0200: Memory Usage (469196K) : metal5_diffprb has 0 polygons
2026-08-10 18:07:18 +0200: Memory Usage (469196K) : radhard_drw has 0 polygons
2026-08-10 18:07:18 +0200: Memory Usage (469196K) : memcap_drw has 0 polygons
2026-08-10 18:07:18 +0200: Memory Usage (469196K) : varicap_drw has 0 polygons
2026-08-10 18:07:18 +0200: Memory Usage (469196K) : intbondvia_drw has 0 polygons
2026-08-10 18:07:18 +0200: Memory Usage (469196K) : intbondmet_drw has 0 polygons
2026-08-10 18:07:18 +0200: Memory Usage (469196K) : devbondvia_drw has 0 polygons
2026-08-10 18:07:18 +0200: Memory Usage (469196K) : devbondmet_drw has 0 polygons
2026-08-10 18:07:18 +0200: Memory Usage (469196K) : devtrench_drw has 0 polygons
2026-08-10 18:07:18 +0200: Memory Usage (469196K) : redist_drw has 0 polygons
2026-08-10 18:07:18 +0200: Memory Usage (469196K) : graphbot_drw has 0 polygons
2026-08-10 18:07:18 +0200: Memory Usage (469196K) : graphtop_drw has 0 polygons
2026-08-10 18:07:18 +0200: Memory Usage (469196K) : antvia1_drw has 0 polygons
2026-08-10 18:07:18 +0200: Memory Usage (469196K) : antmetal2_drw has 0 polygons
2026-08-10 18:07:18 +0200: Memory Usage (469196K) : graphcont_drw has 0 polygons
2026-08-10 18:07:18 +0200: Memory Usage (469196K) : siwg_drw has 0 polygons
2026-08-10 18:07:18 +0200: Memory Usage (469196K) : siwg_filler has 0 polygons
2026-08-10 18:07:18 +0200: Memory Usage (469196K) : siwg_nofill has 0 polygons
2026-08-10 18:07:18 +0200: Memory Usage (469196K) : sigrating_drw has 0 polygons
2026-08-10 18:07:18 +0200: Memory Usage (469196K) : singrating_drw has 0 polygons
2026-08-10 18:07:18 +0200: Memory Usage (469196K) : graphpas_drw has 0 polygons
2026-08-10 18:07:18 +0200: Memory Usage (469196K) : emwind3_drw has 0 polygons
2026-08-10 18:07:18 +0200: Memory Usage (469196K) : emwihv3_drw has 0 polygons
2026-08-10 18:07:18 +0200: Memory Usage (469196K) : redbulay_drw has 0 polygons
2026-08-10 18:07:18 +0200: Memory Usage (469196K) : smos_drw has 0 polygons
2026-08-10 18:07:18 +0200: Memory Usage (469196K) : graphpad_drw has 0 polygons
2026-08-10 18:07:18 +0200: Memory Usage (469196K) : polimide_drw has 0 polygons
2026-08-10 18:07:18 +0200: Memory Usage (469196K) : polimide_pin has 0 polygons
2026-08-10 18:07:18 +0200: Memory Usage (469196K) : recog_drw has 0 polygons
2026-08-10 18:07:18 +0200: Memory Usage (469196K) : recog_pin has 0 polygons
2026-08-10 18:07:18 +0200: Memory Usage (469196K) : recog_esd has 0 polygons
2026-08-10 18:07:18 +0200: Memory Usage (469196K) : recog_diode has 4 polygons
2026-08-10 18:07:18 +0200: Memory Usage (469196K) : recog_tsv has 0 polygons
2026-08-10 18:07:18 +0200: Memory Usage (469196K) : recog_iprobe has 0 polygons
2026-08-10 18:07:18 +0200: Memory Usage (469196K) : recog_diffprb has 0 polygons
2026-08-10 18:07:18 +0200: Memory Usage (469196K) : recog_pillar has 0 polygons
2026-08-10 18:07:18 +0200: Memory Usage (469196K) : recog_sbump has 0 polygons
2026-08-10 18:07:18 +0200: Memory Usage (469196K) : recog_otp has 0 polygons
2026-08-10 18:07:18 +0200: Memory Usage (469196K) : recog_pdiode has 0 polygons
2026-08-10 18:07:18 +0200: Memory Usage (469196K) : recog_mom has 0 polygons
2026-08-10 18:07:18 +0200: Memory Usage (469196K) : recog_pcm has 0 polygons
2026-08-10 18:07:18 +0200: Memory Usage (469196K) : colopen_drw has 0 polygons
2026-08-10 18:07:18 +0200: Memory Usage (469196K) : graphmetal1_drw has 0 polygons
2026-08-10 18:07:18 +0200: Memory Usage (469196K) : graphmetal1_filler has 0 polygons
2026-08-10 18:07:18 +0200: Memory Usage (469196K) : graphmetal1_nofill has 0 polygons
2026-08-10 18:07:18 +0200: Memory Usage (469196K) : graphmetal1_slit has 0 polygons
2026-08-10 18:07:18 +0200: Memory Usage (469196K) : graphmetal1_OPC has 0 polygons
2026-08-10 18:07:18 +0200: Memory Usage (469196K) : graphmet1l_drw has 0 polygons
2026-08-10 18:07:18 +0200: Memory Usage (469196K) : graphmet1l_filler has 0 polygons
2026-08-10 18:07:18 +0200: Memory Usage (469196K) : graphmet1l_nofill has 0 polygons
2026-08-10 18:07:18 +0200: Memory Usage (469196K) : graphmet1l_slit has 0 polygons
2026-08-10 18:07:18 +0200: Memory Usage (469196K) : graphmet1l_OPC has 0 polygons
2026-08-10 18:07:18 +0200: Memory Usage (469196K) : extblock_drw has 0 polygons
2026-08-10 18:07:18 +0200: Memory Usage (469196K) : nldd_drw has 0 polygons
2026-08-10 18:07:18 +0200: Memory Usage (469324K) : pldd_drw has 0 polygons
2026-08-10 18:07:18 +0200: Memory Usage (469324K) : next_drw has 0 polygons
2026-08-10 18:07:18 +0200: Memory Usage (469452K) : pext_drw has 0 polygons
2026-08-10 18:07:18 +0200: Memory Usage (469452K) : nexthv_drw has 0 polygons
2026-08-10 18:07:18 +0200: Memory Usage (469580K) : pexthv_drw has 0 polygons
2026-08-10 18:07:18 +0200: Memory Usage (469580K) : graphgate_drw has 0 polygons
2026-08-10 18:07:18 +0200: Memory Usage (469708K) : sinwg_drw has 0 polygons
2026-08-10 18:07:18 +0200: Memory Usage (469708K) : sinwg_filler has 0 polygons
2026-08-10 18:07:18 +0200: Memory Usage (469836K) : sinwg_nofill has 0 polygons
2026-08-10 18:07:18 +0200: Memory Usage (469964K) : mempad_drw has 0 polygons
2026-08-10 18:07:18 +0200: Memory Usage (469964K) : topvia1_drw has 2315 polygons
2026-08-10 18:07:18 +0200: Memory Usage (470092K) : topmetal1_drw has 8 polygons
2026-08-10 18:07:18 +0200: Memory Usage (470220K) : topmetal1_filler has 0 polygons
2026-08-10 18:07:18 +0200: Memory Usage (470220K) : topmetal1_slit has 0 polygons
2026-08-10 18:07:18 +0200: Memory Usage (470348K) : topmetal1 has 8 polygons
2026-08-10 18:07:18 +0200: Memory Usage (470476K) : topmetal1_pin has 8 polygons
2026-08-10 18:07:18 +0200: Memory Usage (470476K) : topmetal1_mask has 0 polygons
2026-08-10 18:07:18 +0200: Memory Usage (470604K) : topmetal1_nofill has 0 polygons
2026-08-10 18:07:18 +0200: Memory Usage (470604K) : topmetal1_text has 8 polygons
2026-08-10 18:07:18 +0200: Memory Usage (470732K) : topmetal1_noqrc has 0 polygons
2026-08-10 18:07:18 +0200: Memory Usage (470732K) : topmetal1_res has 0 polygons
2026-08-10 18:07:18 +0200: Memory Usage (470860K) : topmetal1_iprobe has 0 polygons
2026-08-10 18:07:18 +0200: Memory Usage (470860K) : topmetal1_diffprb has 0 polygons
2026-08-10 18:07:18 +0200: Memory Usage (470988K) : inldpwl_drw has 0 polygons
2026-08-10 18:07:18 +0200: Memory Usage (470988K) : polyres_drw has 0 polygons
2026-08-10 18:07:18 +0200: Memory Usage (471116K) : polyres_pin has 0 polygons
2026-08-10 18:07:18 +0200: Memory Usage (471244K) : vmim_drw has 0 polygons
2026-08-10 18:07:18 +0200: Memory Usage (471244K) : nbulaycut_drw has 0 polygons
2026-08-10 18:07:18 +0200: Memory Usage (471372K) : antmetal1_drw has 0 polygons
2026-08-10 18:07:18 +0200: Memory Usage (471372K) : topvia2_drw has 1593 polygons
2026-08-10 18:07:18 +0200: Memory Usage (471500K) : topmetal2_drw has 6 polygons
2026-08-10 18:07:18 +0200: Memory Usage (471628K) : topmetal2_filler has 0 polygons
2026-08-10 18:07:18 +0200: Memory Usage (471628K) : topmetal2_slit has 0 polygons
2026-08-10 18:07:18 +0200: Memory Usage (471756K) : topmetal2 has 6 polygons
2026-08-10 18:07:18 +0200: Memory Usage (471884K) : topmetal2_pin has 6 polygons
2026-08-10 18:07:18 +0200: Memory Usage (471884K) : topmetal2_mask has 0 polygons
2026-08-10 18:07:18 +0200: Memory Usage (472012K) : topmetal2_nofill has 0 polygons
2026-08-10 18:07:18 +0200: Memory Usage (472012K) : topmetal2_text has 6 polygons
2026-08-10 18:07:18 +0200: Memory Usage (472140K) : topmetal2_noqrc has 0 polygons
2026-08-10 18:07:18 +0200: Memory Usage (472140K) : topmetal2_res has 0 polygons
2026-08-10 18:07:18 +0200: Memory Usage (472268K) : topmetal2_iprobe has 0 polygons
2026-08-10 18:07:18 +0200: Memory Usage (472268K) : topmetal2_diffprb has 0 polygons
2026-08-10 18:07:18 +0200: Memory Usage (472396K) : snsring_drw has 0 polygons
2026-08-10 18:07:18 +0200: Memory Usage (472396K) : sensor_drw has 0 polygons
2026-08-10 18:07:18 +0200: Memory Usage (472524K) : snsarms_drw has 0 polygons
2026-08-10 18:07:18 +0200: Memory Usage (472524K) : snscmosvia_drw has 0 polygons
2026-08-10 18:07:18 +0200: Memory Usage (472652K) : colwind_drw has 0 polygons
2026-08-10 18:07:18 +0200: Memory Usage (472652K) : flm_drw has 0 polygons
2026-08-10 18:07:18 +0200: Memory Usage (472780K) : hafniumox_drw has 0 polygons
2026-08-10 18:07:18 +0200: Memory Usage (472908K) : memvia_drw has 0 polygons
2026-08-10 18:07:18 +0200: Memory Usage (472908K) : thinfilmres_drw has 0 polygons
2026-08-10 18:07:18 +0200: Memory Usage (473036K) : rfmem_drw has 0 polygons
2026-08-10 18:07:18 +0200: Memory Usage (473036K) : norcx_drw has 0 polygons
2026-08-10 18:07:18 +0200: Memory Usage (473164K) : norcx_m2m3 has 0 polygons
2026-08-10 18:07:18 +0200: Memory Usage (473164K) : norcx_m2m4 has 0 polygons
2026-08-10 18:07:18 +0200: Memory Usage (473292K) : norcx_m2m5 has 0 polygons
2026-08-10 18:07:18 +0200: Memory Usage (473292K) : norcx_m2tm1 has 0 polygons
2026-08-10 18:07:18 +0200: Memory Usage (473420K) : norcx_m2tm2 has 0 polygons
2026-08-10 18:07:18 +0200: Memory Usage (473548K) : norcx_m3m4 has 0 polygons
2026-08-10 18:07:18 +0200: Memory Usage (473548K) : norcx_m3m5 has 0 polygons
2026-08-10 18:07:18 +0200: Memory Usage (473676K) : norcx_m3tm1 has 0 polygons
2026-08-10 18:07:18 +0200: Memory Usage (473676K) : norcx_m3tm2 has 0 polygons
2026-08-10 18:07:18 +0200: Memory Usage (473804K) : norcx_m4m5 has 0 polygons
2026-08-10 18:07:18 +0200: Memory Usage (473804K) : norcx_m4tm1 has 0 polygons
2026-08-10 18:07:18 +0200: Memory Usage (473932K) : norcx_m4tm2 has 0 polygons
2026-08-10 18:07:18 +0200: Memory Usage (473932K) : norcx_m5tm1 has 0 polygons
2026-08-10 18:07:18 +0200: Memory Usage (474060K) : norcx_m5tm2 has 0 polygons
2026-08-10 18:07:18 +0200: Memory Usage (474060K) : norcx_tm1tm2 has 0 polygons
2026-08-10 18:07:18 +0200: Memory Usage (474188K) : norcx_m1sub has 0 polygons
2026-08-10 18:07:18 +0200: Memory Usage (474188K) : norcx_m2sub has 0 polygons
2026-08-10 18:07:18 +0200: Memory Usage (474316K) : norcx_m3sub has 0 polygons
2026-08-10 18:07:18 +0200: Memory Usage (474444K) : norcx_m4sub has 0 polygons
2026-08-10 18:07:18 +0200: Memory Usage (474444K) : norcx_m5sub has 0 polygons
2026-08-10 18:07:18 +0200: Memory Usage (474572K) : norcx_tm1sub has 0 polygons
2026-08-10 18:07:18 +0200: Memory Usage (474572K) : norcx_tm2sub has 0 polygons
2026-08-10 18:07:18 +0200: Memory Usage (474700K) : snsbotvia_drw has 0 polygons
2026-08-10 18:07:18 +0200: Memory Usage (474700K) : snstopvia_drw has 0 polygons
2026-08-10 18:07:18 +0200: Memory Usage (474828K) : deepvia_drw has 0 polygons
2026-08-10 18:07:18 +0200: Memory Usage (474828K) : fgetch_drw has 0 polygons
2026-08-10 18:07:18 +0200: Memory Usage (474956K) : ctrgat_drw has 0 polygons
2026-08-10 18:07:18 +0200: Memory Usage (474956K) : fgimp_drw has 0 polygons
2026-08-10 18:07:18 +0200: Memory Usage (475084K) : emwihv_drw has 0 polygons
2026-08-10 18:07:18 +0200: Memory Usage (475212K) : lbe_drw has 0 polygons
2026-08-10 18:07:18 +0200: Memory Usage (475212K) : alcustop_drw has 0 polygons
2026-08-10 18:07:18 +0200: Memory Usage (475340K) : nometfiller_drw has 0 polygons
2026-08-10 18:07:18 +0200: Memory Usage (475340K) : prboundary_drw has 0 polygons
2026-08-10 18:07:18 +0200: Memory Usage (475468K) : exchange0_drw has 0 polygons
2026-08-10 18:07:18 +0200: Memory Usage (475468K) : exchange0_pin has 0 polygons
2026-08-10 18:07:18 +0200: Memory Usage (475596K) : exchange0_text has 0 polygons
2026-08-10 18:07:18 +0200: Memory Usage (475596K) : exchange1_drw has 0 polygons
2026-08-10 18:07:18 +0200: Memory Usage (475724K) : exchange1_pin has 0 polygons
2026-08-10 18:07:18 +0200: Memory Usage (475724K) : exchange1_text has 0 polygons
2026-08-10 18:07:18 +0200: Memory Usage (475852K) : exchange2_drw has 0 polygons
2026-08-10 18:07:18 +0200: Memory Usage (475852K) : exchange2_pin has 0 polygons
2026-08-10 18:07:18 +0200: Memory Usage (475980K) : exchange2_text has 0 polygons
2026-08-10 18:07:18 +0200: Memory Usage (475980K) : exchange3_drw has 0 polygons
2026-08-10 18:07:18 +0200: Memory Usage (476108K) : exchange3_pin has 0 polygons
2026-08-10 18:07:18 +0200: Memory Usage (476108K) : exchange3_text has 0 polygons
2026-08-10 18:07:18 +0200: Memory Usage (476236K) : exchange4_drw has 0 polygons
2026-08-10 18:07:18 +0200: Memory Usage (476236K) : exchange4_pin has 0 polygons
2026-08-10 18:07:18 +0200: Memory Usage (476364K) : exchange4_text has 0 polygons
2026-08-10 18:07:18 +0200: Memory Usage (476364K) : isonwell_drw has 0 polygons
2026-08-10 18:07:18 +0200: Memory Usage (476364K) : Total no. of polygons in the design is 90895
2026-08-10 18:07:18 +0200: Memory Usage (476364K) : Starting base layers derivations
2026-08-10 18:07:18 +0200: Memory Usage (476364K) : Starting general LVS derivations
2026-08-10 18:07:18 +0200: Memory Usage (480716K) : Starting MOSFET DERIVATIONS
2026-08-10 18:07:19 +0200: Memory Usage (509336K) : Starting NMOS DERIVATIONS
2026-08-10 18:07:19 +0200: Memory Usage (509336K) : Starting PMOS DERIVATIONS
2026-08-10 18:07:19 +0200: Memory Usage (509336K) : Starting RF-MOSFET DERIVATIONS
2026-08-10 18:07:19 +0200: Memory Usage (509336K) : Starting RF-NMOS DERIVATIONS
2026-08-10 18:07:19 +0200: Memory Usage (509336K) : Starting RF-PMOS DERIVATIONS
2026-08-10 18:07:19 +0200: Memory Usage (509336K) : Starting BJT DERIVATIONS
2026-08-10 18:07:19 +0200: Memory Usage (509336K) : Starting NPN-BJT DERIVATIONS
2026-08-10 18:07:19 +0200: Memory Usage (509336K) : Starting PNP-BJT DERIVATIONS
2026-08-10 18:07:19 +0200: Memory Usage (509336K) : Starting DIODE DERIVATIONS
2026-08-10 18:07:20 +0200: Memory Usage (481592K) : Starting RESISTOR DERIVATIONS
2026-08-10 18:07:20 +0200: Memory Usage (481592K) : Starting CAP DERIVATIONS
2026-08-10 18:07:20 +0200: Memory Usage (481592K) : Starting CAP_CMOM DERIVATIONS
2026-08-10 18:07:20 +0200: Memory Usage (481592K) : Starting ESD DERIVATIONS
2026-08-10 18:07:20 +0200: Memory Usage (490168K) : Starting Inductor DERIVATIONS
2026-08-10 18:07:20 +0200: Memory Usage (490168K) : Starting Taps DERIVATIONS
2026-08-10 18:07:20 +0200: Memory Usage (490168K) : Starting SG13G2 LVS connectivity setup
2026-08-10 18:07:20 +0200: Memory Usage (490168K) : Starting SG13G2 LVS connectivity setup (Inter-layer)
2026-08-10 18:07:20 +0200: Memory Usage (490168K) : Starting SG13G2 LVS connectivity setup (Global)
2026-08-10 18:07:20 +0200: Memory Usage (490168K) : Starting LVS MOSFET CONNECTIONS
2026-08-10 18:07:20 +0200: Memory Usage (490168K) : Starting LVS RF-MOSFET CONNECTIONS
2026-08-10 18:07:20 +0200: Memory Usage (490168K) : Starting LVS BJT CONNECTIONS
2026-08-10 18:07:20 +0200: Memory Usage (490168K) : Starting LVS DIODE CONNECTIONS
2026-08-10 18:07:20 +0200: Memory Usage (490168K) : Starting RESISTOR CONNECTIONS
2026-08-10 18:07:20 +0200: Memory Usage (490168K) : Starting LVS CAP CONNECTIONS
2026-08-10 18:07:20 +0200: Memory Usage (490168K) : Starting CAP_CMOM CONNECTIONS
2026-08-10 18:07:20 +0200: Memory Usage (490168K) : Starting ESD CONNECTIONS
2026-08-10 18:07:20 +0200: Memory Usage (490168K) : Starting Inductor CONNECTIONS
2026-08-10 18:07:20 +0200: Memory Usage (490168K) : Starting LVS Taps CONNECTIONS
2026-08-10 18:07:20 +0200: Memory Usage (490168K) : Starting SG13G2 LVS DEVICES EXTRACTION
2026-08-10 18:07:20 +0200: Memory Usage (490168K) : Starting MOSFET EXTRACTION
2026-08-10 18:07:20 +0200: Memory Usage (490168K) : Starting NMOS EXTRACTION
2026-08-10 18:07:20 +0200: Memory Usage (490168K) : Extraction of NMOS-LV transistor
2026-08-10 18:07:20 +0200: Memory Usage (490296K) : Extraction of NMOS-HV transistor
2026-08-10 18:07:20 +0200: Memory Usage (490296K) : Starting PMOS EXTRACTION
2026-08-10 18:07:20 +0200: Memory Usage (490296K) : Extraction of PMOS-LV transistor
2026-08-10 18:07:20 +0200: Memory Usage (490296K) : Extraction of PMOS-HV transistor
2026-08-10 18:07:20 +0200: Memory Usage (490296K) : Starting RF-MOSFET EXTRACTION
2026-08-10 18:07:20 +0200: Memory Usage (490296K) : Extraction of RF-NMOS-LV transistor
2026-08-10 18:07:20 +0200: Memory Usage (490296K) : Extraction of RF-NMOS-HV transistor
2026-08-10 18:07:20 +0200: Memory Usage (490296K) : Extraction of RF-PMOS-LV transistor
2026-08-10 18:07:20 +0200: Memory Usage (490296K) : Extraction of RF-PMOS-HV transistor
2026-08-10 18:07:20 +0200: Memory Usage (490296K) : Starting BJT EXTRACTION
2026-08-10 18:07:20 +0200: Memory Usage (490296K) : Starting NPN-BJT EXTRACTION
2026-08-10 18:07:20 +0200: Memory Usage (490296K) : Extraction of npn13G2 BJT transistor
2026-08-10 18:07:20 +0200: Memory Usage (490296K) : Extraction of npn13G2L BJT transistor
2026-08-10 18:07:20 +0200: Memory Usage (490296K) : Extraction of npn13G2V BJT transistor
2026-08-10 18:07:20 +0200: Memory Usage (490296K) : Starting PNP-BJT EXTRACTION
2026-08-10 18:07:20 +0200: Memory Usage (490296K) : Extracting pnpMPA BJT
2026-08-10 18:07:20 +0200: Memory Usage (490296K) : Starting DIODE EXTRACTION
2026-08-10 18:07:20 +0200: Memory Usage (490296K) : Extracting dantenna diode
2026-08-10 18:07:20 +0200: Memory Usage (490296K) : Extracting dpantenna diode
2026-08-10 18:07:20 +0200: Memory Usage (490296K) : Extracting schottky_nbl1 diode
2026-08-10 18:07:20 +0200: Memory Usage (490296K) : Extracting isolbox diode
2026-08-10 18:07:20 +0200: Memory Usage (490296K) : Starting RESISTOR EXTRACTION
2026-08-10 18:07:20 +0200: Memory Usage (490296K) : Extracting rsil resistor
2026-08-10 18:07:20 +0200: Memory Usage (490296K) : Extracting rppd resistor
2026-08-10 18:07:20 +0200: Memory Usage (490296K) : Extracting rhigh resistor
2026-08-10 18:07:20 +0200: Memory Usage (490296K) : Extracting res_metal1 resistor
2026-08-10 18:07:21 +0200: Memory Usage (490296K) : Extracting res_metal2 resistor
2026-08-10 18:07:21 +0200: Memory Usage (490296K) : Extracting res_metal3 resistor
2026-08-10 18:07:21 +0200: Memory Usage (490296K) : Extracting res_metal4 resistor
2026-08-10 18:07:21 +0200: Memory Usage (490296K) : Extracting res_metal5 resistor
2026-08-10 18:07:21 +0200: Memory Usage (490296K) : Extracting res_topmetal1 resistor
2026-08-10 18:07:21 +0200: Memory Usage (490296K) : Extracting res_topmetal2 resistor
2026-08-10 18:07:21 +0200: Memory Usage (490296K) : Starting CAP EXTRACTION
2026-08-10 18:07:21 +0200: Memory Usage (490296K) : Extracting cap_cmim device
2026-08-10 18:07:21 +0200: Memory Usage (490296K) : Extracting rfcmim device
2026-08-10 18:07:21 +0200: Memory Usage (490296K) : Extracting sg13_hv_svaricap varactor
2026-08-10 18:07:21 +0200: Memory Usage (490296K) : Extracting cap_cmomi device
2026-08-10 18:07:21 +0200: Memory Usage (490296K) : Extracting sg13_moscap_n capacitor
2026-08-10 18:07:21 +0200: Memory Usage (490296K) : Extracting sg13_moscap_p capacitor
2026-08-10 18:07:21 +0200: Memory Usage (490296K) : Starting ESD EXTRACTION
2026-08-10 18:07:21 +0200: Memory Usage (490296K) : Extracting diodevdd_2kv ESD device
2026-08-10 18:07:21 +0200: Memory Usage (490296K) : Extracting diodevdd_4kv ESD device
2026-08-10 18:07:21 +0200: Memory Usage (490296K) : Extracting diodevss_2kv ESD device
2026-08-10 18:07:21 +0200: Memory Usage (490296K) : Extracting diodevss_4kv ESD device
2026-08-10 18:07:21 +0200: Memory Usage (490296K) : Extracting idiodevdd_2kv ESD device
2026-08-10 18:07:21 +0200: Memory Usage (490296K) : Extracting idiodevdd_4kv ESD device
2026-08-10 18:07:21 +0200: Memory Usage (490296K) : Extracting idiodevss_2kv ESD device
2026-08-10 18:07:21 +0200: Memory Usage (490296K) : Extracting idiodevss_4kv ESD device
2026-08-10 18:07:21 +0200: Memory Usage (490296K) : Extracting nmoscl_2 ESD device
2026-08-10 18:07:21 +0200: Memory Usage (490296K) : Extracting nmoscl_4 ESD device
2026-08-10 18:07:21 +0200: Memory Usage (490296K) : Starting Inductor EXTRACTION
2026-08-10 18:07:21 +0200: Memory Usage (490296K) : Extracting Inductor2 device
2026-08-10 18:07:21 +0200: Memory Usage (490296K) : Extracting Inductor3 device
2026-08-10 18:07:21 +0200: Memory Usage (490296K) : Starting Taps EXTRACTION
2026-08-10 18:07:21 +0200: Memory Usage (490296K) : Extracting ntap1 device
2026-08-10 18:07:21 +0200: Memory Usage (490296K) : Extracting ptap1 device
2026-08-10 18:07:21 +0200: Memory Usage (490296K) : Starting SG13G2 LVS RF MOS Model Mapping
2026-08-10 18:07:22 +0200: Memory Usage (503096K) : [layout_netlist] Apply RF MOS model mapping and rfmode parameter.
2026-08-10 18:07:22 +0200: Memory Usage (503096K) : Starting SG13G2 LVS Options Preparations
2026-08-10 18:07:22 +0200: Memory Usage (503096K) : SG13G2 LVS flow: extraction -> alignment -> option preparation -> comparison.
2026-08-10 18:07:22 +0200: Memory Usage (503096K) : Starting SG13G2 LVS Alignment
2026-08-10 18:07:22 +0200: Memory Usage (503096K) : Starting SG13G2 LVS Simplification
2026-08-10 18:07:22 +0200: Memory Usage (503096K) : [layout_netlist] simplify: ENABLED
2026-08-10 18:07:22 +0200: Memory Usage (503096K) : [layout_netlist] make_top_level_pins: SKIPPED
2026-08-10 18:07:22 +0200: Memory Usage (503096K) : [layout_netlist] combine_devices: ENABLED
2026-08-10 18:07:22 +0200: Memory Usage (503096K) : [layout_netlist] purge: SKIPPED
2026-08-10 18:07:22 +0200: Memory Usage (503096K) : [layout_netlist] purge_nets: SKIPPED
2026-08-10 18:07:22 +0200: Memory Usage (503096K) : [schematic_netlist] simplify: ENABLED
2026-08-10 18:07:22 +0200: Memory Usage (503096K) : [schematic_netlist] make_top_level_pins: SKIPPED
2026-08-10 18:07:22 +0200: Memory Usage (503096K) : [schematic_netlist] combine_devices: ENABLED
2026-08-10 18:07:22 +0200: Memory Usage (503096K) : [schematic_netlist] purge: SKIPPED
2026-08-10 18:07:22 +0200: Memory Usage (503096K) : [schematic_netlist] purge_nets: SKIPPED
2026-08-10 18:07:22 +0200: Memory Usage (503096K) : Starting SG13G2 LVS Comparison
2026-08-10 18:07:22 +0200: Memory Usage (503224K) : ==========================================
2026-08-10 18:07:22 +0200: Memory Usage (503224K) : INFO : Congratulations! Netlists match.
2026-08-10 18:07:22 +0200: Memory Usage (503224K) : ==========================================
2026-08-10 18:07:22 +0200: Memory Usage (503224K) : LVS Total Run time 5.120082 seconds
10-Aug-2026 18:07:23 | INFO    | ==============================================================================
10-Aug-2026 18:07:23 | INFO    | Important Summary
10-Aug-2026 18:07:23 | INFO    | +------------------+----------------------------------------------------------------------------------------+
10-Aug-2026 18:07:23 | INFO    | | Status           | PASS                                                                                   |
10-Aug-2026 18:07:23 | INFO    | | Mode             | COMPARE                                                                                |
10-Aug-2026 18:07:23 | INFO    | | Outcome          | Comparison mode: PASS (netlists match).                                                |
10-Aug-2026 18:07:23 | INFO    | | Layout           | sg13g2_IOPadVss.gds                                                                    |
10-Aug-2026 18:07:23 | INFO    | | Top Cell         | sg13g2_IOPadVss                                                                        |
10-Aug-2026 18:07:23 | INFO    | | Results Dir      | /foss/designs/ihp-open-pdk-regression/IOPADS/lvs_sweep/20260810_180504/sg13g2_IOPadVss |
10-Aug-2026 18:07:23 | INFO    | | Warnings         | 0                                                                                      |
10-Aug-2026 18:07:23 | INFO    | | Errors           | 0                                                                                      |
10-Aug-2026 18:07:23 | INFO    | | Run Time (s)     | 8.788                                                                                  |
10-Aug-2026 18:07:23 | INFO    | +------------------+----------------------------------------------------------------------------------------+
10-Aug-2026 18:07:23 | INFO    | ==============================================================================
