11-Aug-2026 13:42:57 | INFO    | Your Klayout version is: KLayout 0.30.10 (required >= 0.30.5)
11-Aug-2026 13:42:57 | INFO    | Running SG13G2 LVS checks on design /foss/designs/ihp-open-pdk-regression/IOPADS/layout/sg13g2_IOPadTriOut16mA.gds on cell sg13g2_IOPadTriOut16mA
2026-08-11 13:43:03 +0200: Memory Usage (456496K) : Starting running SG13G2 Klayout LVS runset on /foss/designs/ihp-open-pdk-regression/IOPADS/layout/sg13g2_IOPadTriOut16mA.gds
2026-08-11 13:43:03 +0200: Memory Usage (456496K) : Ruby Version for klayout: 3.2.3
2026-08-11 13:43:03 +0200: Memory Usage (457776K) : Loading database to memory is complete.
2026-08-11 13:43:03 +0200: Memory Usage (457776K) : SG13G2 Klayout LVS runset output at: /foss/designs/ihp-open-pdk-regression/IOPADS/lvs_sweep/20260811_134120/sg13g2_IOPadTriOut16mA/sg13g2_IOPadTriOut16mA.lvsdb
2026-08-11 13:43:03 +0200: Memory Usage (457776K) : Evaluate switches.
2026-08-11 13:43:03 +0200: Memory Usage (457776K) : Extracted netlist with net names: true
2026-08-11 13:43:03 +0200: Memory Usage (457776K) : Extracted netlist with comments in details: false
2026-08-11 13:43:03 +0200: Memory Usage (457776K) : Selected NET_ONLY option: false
2026-08-11 13:43:03 +0200: Memory Usage (457776K) : Selected LAYOUT_NETLIST option: (none)
2026-08-11 13:43:03 +0200: Memory Usage (457776K) : Selected IGNORE_TOP_PORTS_MISMATCH option: true
2026-08-11 13:43:03 +0200: Memory Usage (457776K) : Selected IMPLICIT_NETS option: iovss,iovdd,vss,vdd,pad,cathode,anode
2026-08-11 13:43:03 +0200: Memory Usage (457776K) : Selected TOP_LVL_PINS option: false
2026-08-11 13:43:03 +0200: Memory Usage (457776K) : Selected COMBINE DEVICES option: true
2026-08-11 13:43:03 +0200: Memory Usage (457776K) : Selected PURGE option: false
2026-08-11 13:43:03 +0200: Memory Usage (457776K) : Selected PURGE_NETS option: false
2026-08-11 13:43:03 +0200: Memory Usage (457776K) : Selected SIMPLIFY option: true
2026-08-11 13:43:03 +0200: Memory Usage (457776K) : Selected SERIES_RES option: true
2026-08-11 13:43:03 +0200: Memory Usage (457776K) : Selected PARALLEL_RES option: true
2026-08-11 13:43:03 +0200: Memory Usage (457776K) : Selected DISABLE_TAP_EXTRACTION option: false
2026-08-11 13:43:03 +0200: Memory Usage (457776K) : deep  mode is enabled.
2026-08-11 13:43:03 +0200: Memory Usage (457776K) : Applying implicit connections (case-sensitive, pattern supported) for nets: iovss, iovdd, vss, vdd, pad, cathode, anode
2026-08-11 13:43:03 +0200: Memory Usage (459184K) : Netlist file: /foss/designs/ihp-open-pdk-regression/IOPADS/netlist/pads_upstream/sg13g2_IOPadTriOut16mA.spi
2026-08-11 13:43:03 +0200: Memory Usage (459184K) : LVS extracted netlist at: /foss/designs/ihp-open-pdk-regression/IOPADS/lvs_sweep/20260811_134120/sg13g2_IOPadTriOut16mA/sg13g2_IOPadTriOut16mA_extracted.cir
2026-08-11 13:43:03 +0200: Memory Usage (459184K) : Applying SRAM integration support.
2026-08-11 13:43:03 +0200: Memory Usage (459184K) : Starting SG13G2 LVS runset
2026-08-11 13:43:03 +0200: Memory Usage (459184K) : Read in polygons from layers.
2026-08-11 13:43:03 +0200: Memory Usage (460976K) : activ_drw has 96 polygons
2026-08-11 13:43:03 +0200: Memory Usage (460976K) : activ_filler has 0 polygons
2026-08-11 13:43:03 +0200: Memory Usage (461104K) : activ has 96 polygons
2026-08-11 13:43:03 +0200: Memory Usage (461104K) : activ_pin has 0 polygons
2026-08-11 13:43:03 +0200: Memory Usage (461104K) : activ_mask has 0 polygons
2026-08-11 13:43:03 +0200: Memory Usage (461104K) : activ_nofill has 0 polygons
2026-08-11 13:43:03 +0200: Memory Usage (461232K) : activ_OPC has 0 polygons
2026-08-11 13:43:03 +0200: Memory Usage (461232K) : activ_iOPC has 0 polygons
2026-08-11 13:43:03 +0200: Memory Usage (461360K) : activ_noqrc has 0 polygons
2026-08-11 13:43:03 +0200: Memory Usage (461360K) : biwind_drw has 0 polygons
2026-08-11 13:43:03 +0200: Memory Usage (461488K) : biwind_OPC has 0 polygons
2026-08-11 13:43:03 +0200: Memory Usage (461488K) : gatpoly_drw has 47 polygons
2026-08-11 13:43:03 +0200: Memory Usage (461616K) : gatpoly_filler has 0 polygons
2026-08-11 13:43:03 +0200: Memory Usage (461616K) : gatpoly has 47 polygons
2026-08-11 13:43:03 +0200: Memory Usage (461744K) : gatpoly_pin has 0 polygons
2026-08-11 13:43:03 +0200: Memory Usage (461744K) : gatpoly_nofill has 0 polygons
2026-08-11 13:43:03 +0200: Memory Usage (461872K) : gatpoly_OPC has 0 polygons
2026-08-11 13:43:03 +0200: Memory Usage (461872K) : gatpoly_iOPC has 0 polygons
2026-08-11 13:43:03 +0200: Memory Usage (462000K) : gatpoly_noqrc has 0 polygons
2026-08-11 13:43:03 +0200: Memory Usage (463408K) : cont_drw has 46097 polygons
2026-08-11 13:43:03 +0200: Memory Usage (463408K) : cont_OPC has 0 polygons
2026-08-11 13:43:03 +0200: Memory Usage (463408K) : nsd_drw has 0 polygons
2026-08-11 13:43:03 +0200: Memory Usage (463408K) : nsd_block has 0 polygons
2026-08-11 13:43:03 +0200: Memory Usage (463408K) : metal1_drw has 268 polygons
2026-08-11 13:43:03 +0200: Memory Usage (463408K) : metal1_filler has 0 polygons
2026-08-11 13:43:03 +0200: Memory Usage (463408K) : metal1_slit has 0 polygons
2026-08-11 13:43:03 +0200: Memory Usage (463792K) : metal1 has 268 polygons
2026-08-11 13:43:03 +0200: Memory Usage (463792K) : metal1_pin has 42 polygons
2026-08-11 13:43:03 +0200: Memory Usage (463792K) : metal1_mask has 0 polygons
2026-08-11 13:43:03 +0200: Memory Usage (463792K) : metal1_nofill has 0 polygons
2026-08-11 13:43:03 +0200: Memory Usage (464048K) : metal1_text has 42 polygons
2026-08-11 13:43:03 +0200: Memory Usage (464048K) : metal1_OPC has 0 polygons
2026-08-11 13:43:03 +0200: Memory Usage (464176K) : metal1_noqrc has 0 polygons
2026-08-11 13:43:03 +0200: Memory Usage (464176K) : metal1_res has 0 polygons
2026-08-11 13:43:03 +0200: Memory Usage (464304K) : metal1_iprobe has 0 polygons
2026-08-11 13:43:03 +0200: Memory Usage (464304K) : metal1_diffprb has 0 polygons
2026-08-11 13:43:03 +0200: Memory Usage (464432K) : passiv_drw has 0 polygons
2026-08-11 13:43:03 +0200: Memory Usage (464432K) : passiv_pin has 0 polygons
2026-08-11 13:43:03 +0200: Memory Usage (464560K) : passiv_sbump has 0 polygons
2026-08-11 13:43:03 +0200: Memory Usage (464560K) : passiv_pillar has 0 polygons
2026-08-11 13:43:03 +0200: Memory Usage (464688K) : passiv_pdl has 0 polygons
2026-08-11 13:43:03 +0200: Memory Usage (464688K) : metal2_drw has 70 polygons
2026-08-11 13:43:03 +0200: Memory Usage (464816K) : metal2_filler has 0 polygons
2026-08-11 13:43:03 +0200: Memory Usage (464816K) : metal2_slit has 0 polygons
2026-08-11 13:43:03 +0200: Memory Usage (465072K) : metal2 has 70 polygons
2026-08-11 13:43:03 +0200: Memory Usage (465072K) : metal2_pin has 21 polygons
2026-08-11 13:43:03 +0200: Memory Usage (465200K) : metal2_mask has 0 polygons
2026-08-11 13:43:03 +0200: Memory Usage (465200K) : metal2_nofill has 0 polygons
2026-08-11 13:43:03 +0200: Memory Usage (465328K) : metal2_text has 21 polygons
2026-08-11 13:43:03 +0200: Memory Usage (465328K) : metal2_OPC has 0 polygons
2026-08-11 13:43:03 +0200: Memory Usage (465328K) : metal2_noqrc has 0 polygons
2026-08-11 13:43:03 +0200: Memory Usage (465456K) : metal2_res has 0 polygons
2026-08-11 13:43:03 +0200: Memory Usage (465456K) : metal2_iprobe has 0 polygons
2026-08-11 13:43:03 +0200: Memory Usage (465456K) : metal2_diffprb has 0 polygons
2026-08-11 13:43:03 +0200: Memory Usage (465584K) : baspoly_drw has 0 polygons
2026-08-11 13:43:03 +0200: Memory Usage (465584K) : baspoly_pin has 0 polygons
2026-08-11 13:43:03 +0200: Memory Usage (465584K) : psd_drw has 38 polygons
2026-08-11 13:43:03 +0200: Memory Usage (465712K) : nldb_drw has 0 polygons
2026-08-11 13:43:03 +0200: Memory Usage (465712K) : digibnd_drw has 0 polygons
2026-08-11 13:43:03 +0200: Memory Usage (465712K) : via1_drw has 1680 polygons
2026-08-11 13:43:03 +0200: Memory Usage (465840K) : backmetal1_drw has 0 polygons
2026-08-11 13:43:03 +0200: Memory Usage (465840K) : backmetal1_pin has 0 polygons
2026-08-11 13:43:03 +0200: Memory Usage (465968K) : backmetal1_mask has 0 polygons
2026-08-11 13:43:03 +0200: Memory Usage (465968K) : backmetal1_filler has 0 polygons
2026-08-11 13:43:03 +0200: Memory Usage (466096K) : backmetal1_nofill has 0 polygons
2026-08-11 13:43:03 +0200: Memory Usage (466096K) : backmetal1_slit has 0 polygons
2026-08-11 13:43:03 +0200: Memory Usage (466224K) : backmetal1_text has 0 polygons
2026-08-11 13:43:03 +0200: Memory Usage (466224K) : backmetal1_OPC has 0 polygons
2026-08-11 13:43:03 +0200: Memory Usage (466352K) : backmetal1_noqrc has 0 polygons
2026-08-11 13:43:03 +0200: Memory Usage (466352K) : backmetal1_res has 0 polygons
2026-08-11 13:43:03 +0200: Memory Usage (466480K) : backmetal1_iprobe has 0 polygons
2026-08-11 13:43:03 +0200: Memory Usage (466608K) : backmetal1_diffprb has 0 polygons
2026-08-11 13:43:03 +0200: Memory Usage (466608K) : backpassiv_drw has 0 polygons
2026-08-11 13:43:03 +0200: Memory Usage (466736K) : res_drw has 0 polygons
2026-08-11 13:43:03 +0200: Memory Usage (466736K) : sram_drw has 0 polygons
2026-08-11 13:43:03 +0200: Memory Usage (466864K) : trans_drw has 0 polygons
2026-08-11 13:43:03 +0200: Memory Usage (466864K) : ind_drw has 0 polygons
2026-08-11 13:43:03 +0200: Memory Usage (466992K) : ind_pin has 0 polygons
2026-08-11 13:43:03 +0200: Memory Usage (466992K) : ind_text has 0 polygons
2026-08-11 13:43:03 +0200: Memory Usage (466992K) : salblock_drw has 0 polygons
2026-08-11 13:43:03 +0200: Memory Usage (466992K) : via2_drw has 1441 polygons
2026-08-11 13:43:03 +0200: Memory Usage (466992K) : metal3_drw has 20 polygons
2026-08-11 13:43:03 +0200: Memory Usage (466992K) : metal3_filler has 0 polygons
2026-08-11 13:43:03 +0200: Memory Usage (466992K) : metal3_slit has 0 polygons
2026-08-11 13:43:03 +0200: Memory Usage (466992K) : metal3 has 20 polygons
2026-08-11 13:43:03 +0200: Memory Usage (466992K) : metal3_pin has 10 polygons
2026-08-11 13:43:03 +0200: Memory Usage (466992K) : metal3_mask has 0 polygons
2026-08-11 13:43:03 +0200: Memory Usage (466992K) : metal3_nofill has 0 polygons
2026-08-11 13:43:03 +0200: Memory Usage (466992K) : metal3_text has 10 polygons
2026-08-11 13:43:03 +0200: Memory Usage (466992K) : metal3_OPC has 0 polygons
2026-08-11 13:43:03 +0200: Memory Usage (466992K) : metal3_noqrc has 0 polygons
2026-08-11 13:43:03 +0200: Memory Usage (466992K) : metal3_res has 0 polygons
2026-08-11 13:43:03 +0200: Memory Usage (466992K) : metal3_iprobe has 0 polygons
2026-08-11 13:43:03 +0200: Memory Usage (466992K) : metal3_diffprb has 0 polygons
2026-08-11 13:43:03 +0200: Memory Usage (466992K) : nwell_drw has 25 polygons
2026-08-11 13:43:03 +0200: Memory Usage (466992K) : nwell_pin has 0 polygons
2026-08-11 13:43:03 +0200: Memory Usage (466992K) : nwell_text has 0 polygons
2026-08-11 13:43:03 +0200: Memory Usage (466992K) : nbulay_drw has 0 polygons
2026-08-11 13:43:03 +0200: Memory Usage (466992K) : nbulay_pin has 0 polygons
2026-08-11 13:43:03 +0200: Memory Usage (466992K) : nbulay_block has 0 polygons
2026-08-11 13:43:03 +0200: Memory Usage (466992K) : emwind_drw has 0 polygons
2026-08-11 13:43:03 +0200: Memory Usage (466992K) : emwind_OPC has 0 polygons
2026-08-11 13:43:03 +0200: Memory Usage (466992K) : deepco_drw has 0 polygons
2026-08-11 13:43:03 +0200: Memory Usage (466992K) : mim_drw has 0 polygons
2026-08-11 13:43:03 +0200: Memory Usage (466992K) : edgeseal_drw has 0 polygons
2026-08-11 13:43:03 +0200: Memory Usage (466992K) : substrate_drw has 23 polygons
2026-08-11 13:43:03 +0200: Memory Usage (466992K) : substrate_text has 0 polygons
2026-08-11 13:43:03 +0200: Memory Usage (466992K) : dfpad_drw has 0 polygons
2026-08-11 13:43:03 +0200: Memory Usage (466992K) : dfpad_pillar has 0 polygons
2026-08-11 13:43:03 +0200: Memory Usage (466992K) : dfpad_sbump has 0 polygons
2026-08-11 13:43:03 +0200: Memory Usage (466992K) : thickgateox_drw has 4 polygons
2026-08-11 13:43:03 +0200: Memory Usage (466992K) : pldb_drw has 0 polygons
2026-08-11 13:43:03 +0200: Memory Usage (466992K) : pwell_drw has 0 polygons
2026-08-11 13:43:03 +0200: Memory Usage (466992K) : pwell_pin has 0 polygons
2026-08-11 13:43:03 +0200: Memory Usage (466992K) : pwell_block has 0 polygons
2026-08-11 13:43:03 +0200: Memory Usage (466992K) : ic_drw has 0 polygons
2026-08-11 13:43:03 +0200: Memory Usage (466992K) : via3_drw has 2087 polygons
2026-08-11 13:43:03 +0200: Memory Usage (466992K) : metal4_drw has 8 polygons
2026-08-11 13:43:03 +0200: Memory Usage (466992K) : metal4_filler has 0 polygons
2026-08-11 13:43:03 +0200: Memory Usage (466992K) : metal4_slit has 0 polygons
2026-08-11 13:43:03 +0200: Memory Usage (466992K) : metal4 has 8 polygons
2026-08-11 13:43:03 +0200: Memory Usage (466992K) : metal4_pin has 8 polygons
2026-08-11 13:43:03 +0200: Memory Usage (466992K) : metal4_mask has 0 polygons
2026-08-11 13:43:03 +0200: Memory Usage (466992K) : metal4_nofill has 0 polygons
2026-08-11 13:43:03 +0200: Memory Usage (466992K) : metal4_text has 8 polygons
2026-08-11 13:43:03 +0200: Memory Usage (466992K) : metal4_OPC has 0 polygons
2026-08-11 13:43:03 +0200: Memory Usage (466992K) : metal4_noqrc has 0 polygons
2026-08-11 13:43:03 +0200: Memory Usage (466992K) : metal4_res has 0 polygons
2026-08-11 13:43:03 +0200: Memory Usage (466992K) : metal4_iprobe has 0 polygons
2026-08-11 13:43:03 +0200: Memory Usage (466992K) : metal4_diffprb has 0 polygons
2026-08-11 13:43:03 +0200: Memory Usage (466992K) : heattrans_drw has 0 polygons
2026-08-11 13:43:03 +0200: Memory Usage (466992K) : heatres_drw has 0 polygons
2026-08-11 13:43:03 +0200: Memory Usage (466992K) : fbe_drw has 0 polygons
2026-08-11 13:43:03 +0200: Memory Usage (466992K) : empoly_drw has 0 polygons
2026-08-11 13:43:03 +0200: Memory Usage (466992K) : digisub_drw has 0 polygons
2026-08-11 13:43:03 +0200: Memory Usage (466992K) : text_drw has 17 polygons
2026-08-11 13:43:03 +0200: Memory Usage (466992K) : via4_drw has 2371 polygons
2026-08-11 13:43:03 +0200: Memory Usage (466992K) : metal5_drw has 8 polygons
2026-08-11 13:43:03 +0200: Memory Usage (466992K) : metal5_filler has 0 polygons
2026-08-11 13:43:03 +0200: Memory Usage (466992K) : metal5_slit has 0 polygons
2026-08-11 13:43:03 +0200: Memory Usage (466992K) : metal5 has 8 polygons
2026-08-11 13:43:03 +0200: Memory Usage (466992K) : metal5_pin has 8 polygons
2026-08-11 13:43:03 +0200: Memory Usage (466992K) : metal5_mask has 0 polygons
2026-08-11 13:43:03 +0200: Memory Usage (466992K) : metal5_nofill has 0 polygons
2026-08-11 13:43:03 +0200: Memory Usage (466992K) : metal5_text has 8 polygons
2026-08-11 13:43:03 +0200: Memory Usage (466992K) : metal5_OPC has 0 polygons
2026-08-11 13:43:03 +0200: Memory Usage (466992K) : metal5_noqrc has 0 polygons
2026-08-11 13:43:03 +0200: Memory Usage (466992K) : metal5_res has 0 polygons
2026-08-11 13:43:03 +0200: Memory Usage (466992K) : metal5_iprobe has 0 polygons
2026-08-11 13:43:03 +0200: Memory Usage (466992K) : metal5_diffprb has 0 polygons
2026-08-11 13:43:03 +0200: Memory Usage (466992K) : radhard_drw has 0 polygons
2026-08-11 13:43:03 +0200: Memory Usage (466992K) : memcap_drw has 0 polygons
2026-08-11 13:43:03 +0200: Memory Usage (466992K) : varicap_drw has 0 polygons
2026-08-11 13:43:03 +0200: Memory Usage (466992K) : intbondvia_drw has 0 polygons
2026-08-11 13:43:03 +0200: Memory Usage (466992K) : intbondmet_drw has 0 polygons
2026-08-11 13:43:03 +0200: Memory Usage (466992K) : devbondvia_drw has 0 polygons
2026-08-11 13:43:03 +0200: Memory Usage (466992K) : devbondmet_drw has 0 polygons
2026-08-11 13:43:03 +0200: Memory Usage (466992K) : devtrench_drw has 0 polygons
2026-08-11 13:43:03 +0200: Memory Usage (466992K) : redist_drw has 0 polygons
2026-08-11 13:43:03 +0200: Memory Usage (467120K) : graphbot_drw has 0 polygons
2026-08-11 13:43:03 +0200: Memory Usage (467120K) : graphtop_drw has 0 polygons
2026-08-11 13:43:03 +0200: Memory Usage (467248K) : antvia1_drw has 0 polygons
2026-08-11 13:43:03 +0200: Memory Usage (467376K) : antmetal2_drw has 0 polygons
2026-08-11 13:43:03 +0200: Memory Usage (467376K) : graphcont_drw has 0 polygons
2026-08-11 13:43:03 +0200: Memory Usage (467504K) : siwg_drw has 0 polygons
2026-08-11 13:43:03 +0200: Memory Usage (467504K) : siwg_filler has 0 polygons
2026-08-11 13:43:03 +0200: Memory Usage (467632K) : siwg_nofill has 0 polygons
2026-08-11 13:43:03 +0200: Memory Usage (467632K) : sigrating_drw has 0 polygons
2026-08-11 13:43:03 +0200: Memory Usage (467760K) : singrating_drw has 0 polygons
2026-08-11 13:43:03 +0200: Memory Usage (467760K) : graphpas_drw has 0 polygons
2026-08-11 13:43:03 +0200: Memory Usage (467888K) : emwind3_drw has 0 polygons
2026-08-11 13:43:03 +0200: Memory Usage (467888K) : emwihv3_drw has 0 polygons
2026-08-11 13:43:03 +0200: Memory Usage (468016K) : redbulay_drw has 0 polygons
2026-08-11 13:43:03 +0200: Memory Usage (468144K) : smos_drw has 0 polygons
2026-08-11 13:43:03 +0200: Memory Usage (468144K) : graphpad_drw has 0 polygons
2026-08-11 13:43:03 +0200: Memory Usage (468272K) : polimide_drw has 0 polygons
2026-08-11 13:43:03 +0200: Memory Usage (468272K) : polimide_pin has 0 polygons
2026-08-11 13:43:03 +0200: Memory Usage (468400K) : recog_drw has 0 polygons
2026-08-11 13:43:03 +0200: Memory Usage (468400K) : recog_pin has 0 polygons
2026-08-11 13:43:03 +0200: Memory Usage (468528K) : recog_esd has 0 polygons
2026-08-11 13:43:03 +0200: Memory Usage (468528K) : recog_diode has 6 polygons
2026-08-11 13:43:03 +0200: Memory Usage (468656K) : recog_tsv has 0 polygons
2026-08-11 13:43:03 +0200: Memory Usage (468656K) : recog_iprobe has 0 polygons
2026-08-11 13:43:03 +0200: Memory Usage (468784K) : recog_diffprb has 0 polygons
2026-08-11 13:43:03 +0200: Memory Usage (468912K) : recog_pillar has 0 polygons
2026-08-11 13:43:03 +0200: Memory Usage (468912K) : recog_sbump has 0 polygons
2026-08-11 13:43:03 +0200: Memory Usage (469040K) : recog_otp has 0 polygons
2026-08-11 13:43:03 +0200: Memory Usage (469040K) : recog_pdiode has 0 polygons
2026-08-11 13:43:03 +0200: Memory Usage (469168K) : recog_mom has 0 polygons
2026-08-11 13:43:03 +0200: Memory Usage (469168K) : recog_pcm has 0 polygons
2026-08-11 13:43:03 +0200: Memory Usage (469296K) : colopen_drw has 0 polygons
2026-08-11 13:43:03 +0200: Memory Usage (469296K) : graphmetal1_drw has 0 polygons
2026-08-11 13:43:03 +0200: Memory Usage (469424K) : graphmetal1_filler has 0 polygons
2026-08-11 13:43:03 +0200: Memory Usage (469424K) : graphmetal1_nofill has 0 polygons
2026-08-11 13:43:03 +0200: Memory Usage (469552K) : graphmetal1_slit has 0 polygons
2026-08-11 13:43:03 +0200: Memory Usage (469680K) : graphmetal1_OPC has 0 polygons
2026-08-11 13:43:03 +0200: Memory Usage (469680K) : graphmet1l_drw has 0 polygons
2026-08-11 13:43:03 +0200: Memory Usage (469808K) : graphmet1l_filler has 0 polygons
2026-08-11 13:43:03 +0200: Memory Usage (469808K) : graphmet1l_nofill has 0 polygons
2026-08-11 13:43:03 +0200: Memory Usage (469936K) : graphmet1l_slit has 0 polygons
2026-08-11 13:43:03 +0200: Memory Usage (469936K) : graphmet1l_OPC has 0 polygons
2026-08-11 13:43:03 +0200: Memory Usage (470064K) : extblock_drw has 0 polygons
2026-08-11 13:43:03 +0200: Memory Usage (470064K) : nldd_drw has 0 polygons
2026-08-11 13:43:03 +0200: Memory Usage (470192K) : pldd_drw has 0 polygons
2026-08-11 13:43:03 +0200: Memory Usage (470192K) : next_drw has 0 polygons
2026-08-11 13:43:03 +0200: Memory Usage (470320K) : pext_drw has 0 polygons
2026-08-11 13:43:03 +0200: Memory Usage (470320K) : nexthv_drw has 0 polygons
2026-08-11 13:43:03 +0200: Memory Usage (470448K) : pexthv_drw has 0 polygons
2026-08-11 13:43:03 +0200: Memory Usage (470576K) : graphgate_drw has 0 polygons
2026-08-11 13:43:03 +0200: Memory Usage (470576K) : sinwg_drw has 0 polygons
2026-08-11 13:43:03 +0200: Memory Usage (470704K) : sinwg_filler has 0 polygons
2026-08-11 13:43:03 +0200: Memory Usage (470704K) : sinwg_nofill has 0 polygons
2026-08-11 13:43:03 +0200: Memory Usage (470832K) : mempad_drw has 0 polygons
2026-08-11 13:43:03 +0200: Memory Usage (470832K) : topvia1_drw has 2315 polygons
2026-08-11 13:43:03 +0200: Memory Usage (471088K) : topmetal1_drw has 8 polygons
2026-08-11 13:43:03 +0200: Memory Usage (471088K) : topmetal1_filler has 0 polygons
2026-08-11 13:43:03 +0200: Memory Usage (471088K) : topmetal1_slit has 0 polygons
2026-08-11 13:43:03 +0200: Memory Usage (471216K) : topmetal1 has 8 polygons
2026-08-11 13:43:03 +0200: Memory Usage (471344K) : topmetal1_pin has 8 polygons
2026-08-11 13:43:03 +0200: Memory Usage (471344K) : topmetal1_mask has 0 polygons
2026-08-11 13:43:03 +0200: Memory Usage (471472K) : topmetal1_nofill has 0 polygons
2026-08-11 13:43:03 +0200: Memory Usage (471600K) : topmetal1_text has 8 polygons
2026-08-11 13:43:03 +0200: Memory Usage (471600K) : topmetal1_noqrc has 0 polygons
2026-08-11 13:43:03 +0200: Memory Usage (471600K) : topmetal1_res has 0 polygons
2026-08-11 13:43:03 +0200: Memory Usage (471728K) : topmetal1_iprobe has 0 polygons
2026-08-11 13:43:03 +0200: Memory Usage (471856K) : topmetal1_diffprb has 0 polygons
2026-08-11 13:43:03 +0200: Memory Usage (471856K) : inldpwl_drw has 0 polygons
2026-08-11 13:43:03 +0200: Memory Usage (471984K) : polyres_drw has 0 polygons
2026-08-11 13:43:03 +0200: Memory Usage (471984K) : polyres_pin has 0 polygons
2026-08-11 13:43:03 +0200: Memory Usage (472112K) : vmim_drw has 0 polygons
2026-08-11 13:43:03 +0200: Memory Usage (472112K) : nbulaycut_drw has 0 polygons
2026-08-11 13:43:03 +0200: Memory Usage (472240K) : antmetal1_drw has 0 polygons
2026-08-11 13:43:03 +0200: Memory Usage (472240K) : topvia2_drw has 1593 polygons
2026-08-11 13:43:03 +0200: Memory Usage (472368K) : topmetal2_drw has 6 polygons
2026-08-11 13:43:03 +0200: Memory Usage (472496K) : topmetal2_filler has 0 polygons
2026-08-11 13:43:04 +0200: Memory Usage (472496K) : topmetal2_slit has 0 polygons
2026-08-11 13:43:04 +0200: Memory Usage (472496K) : topmetal2 has 6 polygons
2026-08-11 13:43:04 +0200: Memory Usage (472496K) : topmetal2_pin has 6 polygons
2026-08-11 13:43:04 +0200: Memory Usage (472496K) : topmetal2_mask has 0 polygons
2026-08-11 13:43:04 +0200: Memory Usage (472496K) : topmetal2_nofill has 0 polygons
2026-08-11 13:43:04 +0200: Memory Usage (472496K) : topmetal2_text has 6 polygons
2026-08-11 13:43:04 +0200: Memory Usage (472496K) : topmetal2_noqrc has 0 polygons
2026-08-11 13:43:04 +0200: Memory Usage (472496K) : topmetal2_res has 0 polygons
2026-08-11 13:43:04 +0200: Memory Usage (472496K) : topmetal2_iprobe has 0 polygons
2026-08-11 13:43:04 +0200: Memory Usage (472496K) : topmetal2_diffprb has 0 polygons
2026-08-11 13:43:04 +0200: Memory Usage (472496K) : snsring_drw has 0 polygons
2026-08-11 13:43:04 +0200: Memory Usage (472496K) : sensor_drw has 0 polygons
2026-08-11 13:43:04 +0200: Memory Usage (472496K) : snsarms_drw has 0 polygons
2026-08-11 13:43:04 +0200: Memory Usage (472496K) : snscmosvia_drw has 0 polygons
2026-08-11 13:43:04 +0200: Memory Usage (472496K) : colwind_drw has 0 polygons
2026-08-11 13:43:04 +0200: Memory Usage (472496K) : flm_drw has 0 polygons
2026-08-11 13:43:04 +0200: Memory Usage (472496K) : hafniumox_drw has 0 polygons
2026-08-11 13:43:04 +0200: Memory Usage (472496K) : memvia_drw has 0 polygons
2026-08-11 13:43:04 +0200: Memory Usage (472496K) : thinfilmres_drw has 0 polygons
2026-08-11 13:43:04 +0200: Memory Usage (472496K) : rfmem_drw has 0 polygons
2026-08-11 13:43:04 +0200: Memory Usage (472496K) : norcx_drw has 0 polygons
2026-08-11 13:43:04 +0200: Memory Usage (472496K) : norcx_m2m3 has 0 polygons
2026-08-11 13:43:04 +0200: Memory Usage (472496K) : norcx_m2m4 has 0 polygons
2026-08-11 13:43:04 +0200: Memory Usage (472496K) : norcx_m2m5 has 0 polygons
2026-08-11 13:43:04 +0200: Memory Usage (472496K) : norcx_m2tm1 has 0 polygons
2026-08-11 13:43:04 +0200: Memory Usage (472496K) : norcx_m2tm2 has 0 polygons
2026-08-11 13:43:04 +0200: Memory Usage (472496K) : norcx_m3m4 has 0 polygons
2026-08-11 13:43:04 +0200: Memory Usage (472496K) : norcx_m3m5 has 0 polygons
2026-08-11 13:43:04 +0200: Memory Usage (472496K) : norcx_m3tm1 has 0 polygons
2026-08-11 13:43:04 +0200: Memory Usage (472496K) : norcx_m3tm2 has 0 polygons
2026-08-11 13:43:04 +0200: Memory Usage (472496K) : norcx_m4m5 has 0 polygons
2026-08-11 13:43:04 +0200: Memory Usage (472496K) : norcx_m4tm1 has 0 polygons
2026-08-11 13:43:04 +0200: Memory Usage (472496K) : norcx_m4tm2 has 0 polygons
2026-08-11 13:43:04 +0200: Memory Usage (472496K) : norcx_m5tm1 has 0 polygons
2026-08-11 13:43:04 +0200: Memory Usage (472496K) : norcx_m5tm2 has 0 polygons
2026-08-11 13:43:04 +0200: Memory Usage (472496K) : norcx_tm1tm2 has 0 polygons
2026-08-11 13:43:04 +0200: Memory Usage (472496K) : norcx_m1sub has 0 polygons
2026-08-11 13:43:04 +0200: Memory Usage (472496K) : norcx_m2sub has 0 polygons
2026-08-11 13:43:04 +0200: Memory Usage (472496K) : norcx_m3sub has 0 polygons
2026-08-11 13:43:04 +0200: Memory Usage (472496K) : norcx_m4sub has 0 polygons
2026-08-11 13:43:04 +0200: Memory Usage (472496K) : norcx_m5sub has 0 polygons
2026-08-11 13:43:04 +0200: Memory Usage (472496K) : norcx_tm1sub has 0 polygons
2026-08-11 13:43:04 +0200: Memory Usage (472496K) : norcx_tm2sub has 0 polygons
2026-08-11 13:43:04 +0200: Memory Usage (472496K) : snsbotvia_drw has 0 polygons
2026-08-11 13:43:04 +0200: Memory Usage (472496K) : snstopvia_drw has 0 polygons
2026-08-11 13:43:04 +0200: Memory Usage (472496K) : deepvia_drw has 0 polygons
2026-08-11 13:43:04 +0200: Memory Usage (472496K) : fgetch_drw has 0 polygons
2026-08-11 13:43:04 +0200: Memory Usage (472496K) : ctrgat_drw has 0 polygons
2026-08-11 13:43:04 +0200: Memory Usage (472496K) : fgimp_drw has 0 polygons
2026-08-11 13:43:04 +0200: Memory Usage (472496K) : emwihv_drw has 0 polygons
2026-08-11 13:43:04 +0200: Memory Usage (472496K) : lbe_drw has 0 polygons
2026-08-11 13:43:04 +0200: Memory Usage (472496K) : alcustop_drw has 0 polygons
2026-08-11 13:43:04 +0200: Memory Usage (472496K) : nometfiller_drw has 0 polygons
2026-08-11 13:43:04 +0200: Memory Usage (472496K) : prboundary_drw has 0 polygons
2026-08-11 13:43:04 +0200: Memory Usage (472496K) : exchange0_drw has 0 polygons
2026-08-11 13:43:04 +0200: Memory Usage (472496K) : exchange0_pin has 0 polygons
2026-08-11 13:43:04 +0200: Memory Usage (472496K) : exchange0_text has 0 polygons
2026-08-11 13:43:04 +0200: Memory Usage (472496K) : exchange1_drw has 0 polygons
2026-08-11 13:43:04 +0200: Memory Usage (472496K) : exchange1_pin has 0 polygons
2026-08-11 13:43:04 +0200: Memory Usage (472496K) : exchange1_text has 0 polygons
2026-08-11 13:43:04 +0200: Memory Usage (472496K) : exchange2_drw has 0 polygons
2026-08-11 13:43:04 +0200: Memory Usage (472496K) : exchange2_pin has 0 polygons
2026-08-11 13:43:04 +0200: Memory Usage (472496K) : exchange2_text has 0 polygons
2026-08-11 13:43:04 +0200: Memory Usage (472496K) : exchange3_drw has 0 polygons
2026-08-11 13:43:04 +0200: Memory Usage (472496K) : exchange3_pin has 0 polygons
2026-08-11 13:43:04 +0200: Memory Usage (472496K) : exchange3_text has 0 polygons
2026-08-11 13:43:04 +0200: Memory Usage (472496K) : exchange4_drw has 0 polygons
2026-08-11 13:43:04 +0200: Memory Usage (472496K) : exchange4_pin has 0 polygons
2026-08-11 13:43:04 +0200: Memory Usage (472496K) : exchange4_text has 0 polygons
2026-08-11 13:43:04 +0200: Memory Usage (472496K) : isonwell_drw has 0 polygons
2026-08-11 13:43:04 +0200: Memory Usage (472496K) : Total no. of polygons in the design is 58434
2026-08-11 13:43:04 +0200: Memory Usage (472496K) : Starting base layers derivations
2026-08-11 13:43:04 +0200: Memory Usage (472496K) : Starting general LVS derivations
2026-08-11 13:43:04 +0200: Memory Usage (476592K) : Starting MOSFET DERIVATIONS
2026-08-11 13:43:05 +0200: Memory Usage (476952K) : Starting NMOS DERIVATIONS
2026-08-11 13:43:05 +0200: Memory Usage (476952K) : Starting PMOS DERIVATIONS
2026-08-11 13:43:05 +0200: Memory Usage (476952K) : Starting RF-MOSFET DERIVATIONS
2026-08-11 13:43:05 +0200: Memory Usage (476952K) : Starting RF-NMOS DERIVATIONS
2026-08-11 13:43:05 +0200: Memory Usage (476952K) : Starting RF-PMOS DERIVATIONS
2026-08-11 13:43:05 +0200: Memory Usage (476952K) : Starting BJT DERIVATIONS
2026-08-11 13:43:05 +0200: Memory Usage (476952K) : Starting NPN-BJT DERIVATIONS
2026-08-11 13:43:05 +0200: Memory Usage (476952K) : Starting PNP-BJT DERIVATIONS
2026-08-11 13:43:05 +0200: Memory Usage (476952K) : Starting DIODE DERIVATIONS
2026-08-11 13:43:06 +0200: Memory Usage (477516K) : Starting RESISTOR DERIVATIONS
2026-08-11 13:43:06 +0200: Memory Usage (477516K) : Starting CAP DERIVATIONS
2026-08-11 13:43:06 +0200: Memory Usage (479564K) : Starting CAP_CMOM DERIVATIONS
2026-08-11 13:43:06 +0200: Memory Usage (479820K) : Starting ESD DERIVATIONS
2026-08-11 13:43:06 +0200: Memory Usage (483788K) : Starting Inductor DERIVATIONS
2026-08-11 13:43:07 +0200: Memory Usage (483788K) : Starting Taps DERIVATIONS
2026-08-11 13:43:07 +0200: Memory Usage (483788K) : Starting SG13G2 LVS connectivity setup
2026-08-11 13:43:07 +0200: Memory Usage (483788K) : Starting SG13G2 LVS connectivity setup (Inter-layer)
2026-08-11 13:43:07 +0200: Memory Usage (483916K) : Starting SG13G2 LVS connectivity setup (Global)
2026-08-11 13:43:07 +0200: Memory Usage (483916K) : Starting LVS MOSFET CONNECTIONS
2026-08-11 13:43:07 +0200: Memory Usage (483916K) : Starting LVS RF-MOSFET CONNECTIONS
2026-08-11 13:43:07 +0200: Memory Usage (483916K) : Starting LVS BJT CONNECTIONS
2026-08-11 13:43:07 +0200: Memory Usage (483916K) : Starting LVS DIODE CONNECTIONS
2026-08-11 13:43:07 +0200: Memory Usage (483916K) : Starting RESISTOR CONNECTIONS
2026-08-11 13:43:07 +0200: Memory Usage (483916K) : Starting LVS CAP CONNECTIONS
2026-08-11 13:43:07 +0200: Memory Usage (483916K) : Starting CAP_CMOM CONNECTIONS
2026-08-11 13:43:07 +0200: Memory Usage (483916K) : Starting ESD CONNECTIONS
2026-08-11 13:43:07 +0200: Memory Usage (483916K) : Starting Inductor CONNECTIONS
2026-08-11 13:43:07 +0200: Memory Usage (483916K) : Starting LVS Taps CONNECTIONS
2026-08-11 13:43:07 +0200: Memory Usage (483916K) : Starting SG13G2 LVS DEVICES EXTRACTION
2026-08-11 13:43:07 +0200: Memory Usage (483916K) : Starting MOSFET EXTRACTION
2026-08-11 13:43:07 +0200: Memory Usage (483916K) : Starting NMOS EXTRACTION
2026-08-11 13:43:07 +0200: Memory Usage (483916K) : Extraction of NMOS-LV transistor
2026-08-11 13:43:07 +0200: Memory Usage (484172K) : Extraction of NMOS-HV transistor
2026-08-11 13:43:07 +0200: Memory Usage (484172K) : Starting PMOS EXTRACTION
2026-08-11 13:43:07 +0200: Memory Usage (484172K) : Extraction of PMOS-LV transistor
2026-08-11 13:43:07 +0200: Memory Usage (484172K) : Extraction of PMOS-HV transistor
2026-08-11 13:43:07 +0200: Memory Usage (484172K) : Starting RF-MOSFET EXTRACTION
2026-08-11 13:43:07 +0200: Memory Usage (484172K) : Extraction of RF-NMOS-LV transistor
2026-08-11 13:43:07 +0200: Memory Usage (484172K) : Extraction of RF-NMOS-HV transistor
2026-08-11 13:43:07 +0200: Memory Usage (484172K) : Extraction of RF-PMOS-LV transistor
2026-08-11 13:43:07 +0200: Memory Usage (484172K) : Extraction of RF-PMOS-HV transistor
2026-08-11 13:43:07 +0200: Memory Usage (484172K) : Starting BJT EXTRACTION
2026-08-11 13:43:07 +0200: Memory Usage (484172K) : Starting NPN-BJT EXTRACTION
2026-08-11 13:43:07 +0200: Memory Usage (484172K) : Extraction of npn13G2 BJT transistor
2026-08-11 13:43:07 +0200: Memory Usage (484172K) : Extraction of npn13G2L BJT transistor
2026-08-11 13:43:07 +0200: Memory Usage (484172K) : Extraction of npn13G2V BJT transistor
2026-08-11 13:43:07 +0200: Memory Usage (484172K) : Starting PNP-BJT EXTRACTION
2026-08-11 13:43:07 +0200: Memory Usage (484172K) : Extracting pnpMPA BJT
2026-08-11 13:43:07 +0200: Memory Usage (484172K) : Starting DIODE EXTRACTION
2026-08-11 13:43:07 +0200: Memory Usage (484172K) : Extracting dantenna diode
2026-08-11 13:43:07 +0200: Memory Usage (484172K) : Extracting dpantenna diode
2026-08-11 13:43:07 +0200: Memory Usage (484172K) : Extracting schottky_nbl1 diode
2026-08-11 13:43:07 +0200: Memory Usage (484172K) : Extracting isolbox diode
2026-08-11 13:43:07 +0200: Memory Usage (484172K) : Starting RESISTOR EXTRACTION
2026-08-11 13:43:07 +0200: Memory Usage (484172K) : Extracting rsil resistor
2026-08-11 13:43:07 +0200: Memory Usage (484172K) : Extracting rppd resistor
2026-08-11 13:43:07 +0200: Memory Usage (484172K) : Extracting rhigh resistor
2026-08-11 13:43:07 +0200: Memory Usage (484172K) : Extracting res_metal1 resistor
2026-08-11 13:43:07 +0200: Memory Usage (484300K) : Extracting res_metal2 resistor
2026-08-11 13:43:07 +0200: Memory Usage (484300K) : Extracting res_metal3 resistor
2026-08-11 13:43:07 +0200: Memory Usage (484300K) : Extracting res_metal4 resistor
2026-08-11 13:43:07 +0200: Memory Usage (484300K) : Extracting res_metal5 resistor
2026-08-11 13:43:07 +0200: Memory Usage (484300K) : Extracting res_topmetal1 resistor
2026-08-11 13:43:07 +0200: Memory Usage (484300K) : Extracting res_topmetal2 resistor
2026-08-11 13:43:07 +0200: Memory Usage (484300K) : Starting CAP EXTRACTION
2026-08-11 13:43:07 +0200: Memory Usage (484300K) : Extracting cap_cmim device
2026-08-11 13:43:07 +0200: Memory Usage (484300K) : Extracting rfcmim device
2026-08-11 13:43:07 +0200: Memory Usage (484300K) : Extracting sg13_hv_svaricap varactor
2026-08-11 13:43:07 +0200: Memory Usage (484300K) : Extracting cap_cmomi device
2026-08-11 13:43:07 +0200: Memory Usage (484300K) : Extracting sg13_moscap_n capacitor
2026-08-11 13:43:07 +0200: Memory Usage (484300K) : Extracting sg13_moscap_p capacitor
2026-08-11 13:43:07 +0200: Memory Usage (484300K) : Starting ESD EXTRACTION
2026-08-11 13:43:07 +0200: Memory Usage (484300K) : Extracting diodevdd_2kv ESD device
2026-08-11 13:43:07 +0200: Memory Usage (484300K) : Extracting diodevdd_4kv ESD device
2026-08-11 13:43:07 +0200: Memory Usage (484300K) : Extracting diodevss_2kv ESD device
2026-08-11 13:43:07 +0200: Memory Usage (484300K) : Extracting diodevss_4kv ESD device
2026-08-11 13:43:07 +0200: Memory Usage (484300K) : Extracting idiodevdd_2kv ESD device
2026-08-11 13:43:07 +0200: Memory Usage (484300K) : Extracting idiodevdd_4kv ESD device
2026-08-11 13:43:07 +0200: Memory Usage (484300K) : Extracting idiodevss_2kv ESD device
2026-08-11 13:43:07 +0200: Memory Usage (484300K) : Extracting idiodevss_4kv ESD device
2026-08-11 13:43:07 +0200: Memory Usage (484300K) : Extracting nmoscl_2 ESD device
2026-08-11 13:43:07 +0200: Memory Usage (484300K) : Extracting nmoscl_4 ESD device
2026-08-11 13:43:07 +0200: Memory Usage (484300K) : Starting Inductor EXTRACTION
2026-08-11 13:43:07 +0200: Memory Usage (484300K) : Extracting Inductor2 device
2026-08-11 13:43:07 +0200: Memory Usage (484300K) : Extracting Inductor3 device
2026-08-11 13:43:07 +0200: Memory Usage (484300K) : Starting Taps EXTRACTION
2026-08-11 13:43:07 +0200: Memory Usage (484300K) : Extracting ntap1 device
2026-08-11 13:43:07 +0200: Memory Usage (484300K) : Extracting ptap1 device
2026-08-11 13:43:07 +0200: Memory Usage (484300K) : Starting SG13G2 LVS RF MOS Model Mapping
2026-08-11 13:43:08 +0200: Memory Usage (486348K) : [layout_netlist] Apply RF MOS model mapping and rfmode parameter.
2026-08-11 13:43:08 +0200: Memory Usage (486348K) : Starting SG13G2 LVS Options Preparations
2026-08-11 13:43:08 +0200: Memory Usage (486348K) : SG13G2 LVS flow: extraction -> alignment -> option preparation -> comparison.
2026-08-11 13:43:08 +0200: Memory Usage (486348K) : Starting SG13G2 LVS Alignment
2026-08-11 13:43:08 +0200: Memory Usage (486476K) : Starting SG13G2 LVS Simplification
2026-08-11 13:43:08 +0200: Memory Usage (486476K) : [layout_netlist] simplify: ENABLED
2026-08-11 13:43:08 +0200: Memory Usage (486476K) : [layout_netlist] make_top_level_pins: SKIPPED
2026-08-11 13:43:08 +0200: Memory Usage (486476K) : [layout_netlist] combine_devices: ENABLED
2026-08-11 13:43:08 +0200: Memory Usage (486476K) : [layout_netlist] purge: SKIPPED
2026-08-11 13:43:08 +0200: Memory Usage (486476K) : [layout_netlist] purge_nets: SKIPPED
2026-08-11 13:43:08 +0200: Memory Usage (486476K) : [schematic_netlist] simplify: ENABLED
2026-08-11 13:43:08 +0200: Memory Usage (486476K) : [schematic_netlist] make_top_level_pins: SKIPPED
2026-08-11 13:43:08 +0200: Memory Usage (486476K) : [schematic_netlist] combine_devices: ENABLED
2026-08-11 13:43:08 +0200: Memory Usage (486476K) : [schematic_netlist] purge: SKIPPED
2026-08-11 13:43:08 +0200: Memory Usage (486476K) : [schematic_netlist] purge_nets: SKIPPED
2026-08-11 13:43:08 +0200: Memory Usage (486476K) : Starting SG13G2 LVS Comparison
2026-08-11 13:43:08 +0200: Memory Usage (486476K) : ==========================================
2026-08-11 13:43:08 +0200: Memory Usage (486476K) : INFO : Congratulations! Netlists match.
2026-08-11 13:43:08 +0200: Memory Usage (486476K) : ==========================================
2026-08-11 13:43:08 +0200: Memory Usage (486476K) : LVS Total Run time 5.123250 seconds
11-Aug-2026 13:43:08 | INFO    | ==============================================================================
11-Aug-2026 13:43:08 | INFO    | Important Summary
11-Aug-2026 13:43:08 | INFO    | +------------------+-----------------------------------------------------------------------------------------------+
11-Aug-2026 13:43:08 | INFO    | | Status           | PASS                                                                                          |
11-Aug-2026 13:43:08 | INFO    | | Mode             | COMPARE                                                                                       |
11-Aug-2026 13:43:08 | INFO    | | Outcome          | Comparison mode: PASS (netlists match).                                                       |
11-Aug-2026 13:43:08 | INFO    | | Layout           | sg13g2_IOPadTriOut16mA.gds                                                                    |
11-Aug-2026 13:43:08 | INFO    | | Top Cell         | sg13g2_IOPadTriOut16mA                                                                        |
11-Aug-2026 13:43:08 | INFO    | | Results Dir      | /foss/designs/ihp-open-pdk-regression/IOPADS/lvs_sweep/20260811_134120/sg13g2_IOPadTriOut16mA |
11-Aug-2026 13:43:08 | INFO    | | Warnings         | 0                                                                                             |
11-Aug-2026 13:43:08 | INFO    | | Errors           | 0                                                                                             |
11-Aug-2026 13:43:08 | INFO    | | Run Time (s)     | 11.259                                                                                        |
11-Aug-2026 13:43:08 | INFO    | +------------------+-----------------------------------------------------------------------------------------------+
11-Aug-2026 13:43:08 | INFO    | ==============================================================================
