10-Aug-2026 16:43:15 | INFO    | Your Klayout version is: KLayout 0.30.10 (required >= 0.30.5)
10-Aug-2026 16:43:15 | INFO    | Running SG13G2 LVS checks on design /foss/designs/ihp-open-pdk-regression/IOPADS/layout/sg13g2_IOPadAnalog.gds on cell sg13g2_IOPadAnalog
2026-08-10 16:43:18 +0200: Memory Usage (455756K) : Starting running SG13G2 Klayout LVS runset on /foss/designs/ihp-open-pdk-regression/IOPADS/layout/sg13g2_IOPadAnalog.gds
2026-08-10 16:43:18 +0200: Memory Usage (455756K) : Ruby Version for klayout: 3.2.3
2026-08-10 16:43:18 +0200: Memory Usage (457292K) : Loading database to memory is complete.
2026-08-10 16:43:18 +0200: Memory Usage (457292K) : SG13G2 Klayout LVS runset output at: /foss/designs/ihp-open-pdk-regression/IOPADS/lvs_sweep/20260810_164315/sg13g2_IOPadAnalog/sg13g2_IOPadAnalog.lvsdb
2026-08-10 16:43:18 +0200: Memory Usage (457292K) : Evaluate switches.
2026-08-10 16:43:18 +0200: Memory Usage (457292K) : Extracted netlist with net names: true
2026-08-10 16:43:18 +0200: Memory Usage (457292K) : Extracted netlist with comments in details: false
2026-08-10 16:43:18 +0200: Memory Usage (457292K) : Selected NET_ONLY option: false
2026-08-10 16:43:18 +0200: Memory Usage (457292K) : Selected LAYOUT_NETLIST option: (none)
2026-08-10 16:43:18 +0200: Memory Usage (457292K) : Selected IGNORE_TOP_PORTS_MISMATCH option: true
2026-08-10 16:43:18 +0200: Memory Usage (457292K) : Selected IMPLICIT_NETS option: iovss,iovdd,vss,vdd,pad,cathode,anode
2026-08-10 16:43:18 +0200: Memory Usage (457292K) : Selected TOP_LVL_PINS option: false
2026-08-10 16:43:18 +0200: Memory Usage (457292K) : Selected COMBINE DEVICES option: true
2026-08-10 16:43:18 +0200: Memory Usage (457292K) : Selected PURGE option: false
2026-08-10 16:43:18 +0200: Memory Usage (457292K) : Selected PURGE_NETS option: false
2026-08-10 16:43:18 +0200: Memory Usage (457292K) : Selected SIMPLIFY option: true
2026-08-10 16:43:18 +0200: Memory Usage (457292K) : Selected SERIES_RES option: true
2026-08-10 16:43:18 +0200: Memory Usage (457420K) : Selected PARALLEL_RES option: true
2026-08-10 16:43:18 +0200: Memory Usage (457420K) : Selected DISABLE_TAP_EXTRACTION option: false
2026-08-10 16:43:18 +0200: Memory Usage (457420K) : deep  mode is enabled.
2026-08-10 16:43:18 +0200: Memory Usage (457420K) : Applying implicit connections (case-sensitive, pattern supported) for nets: iovss, iovdd, vss, vdd, pad, cathode, anode
2026-08-10 16:43:18 +0200: Memory Usage (458956K) : Netlist file: /foss/designs/ihp-open-pdk-regression/IOPADS/netlist/pads_sub/sg13g2_IOPadAnalog.spi
2026-08-10 16:43:18 +0200: Memory Usage (458956K) : LVS extracted netlist at: /foss/designs/ihp-open-pdk-regression/IOPADS/lvs_sweep/20260810_164315/sg13g2_IOPadAnalog/sg13g2_IOPadAnalog_extracted.cir
2026-08-10 16:43:18 +0200: Memory Usage (458956K) : Applying SRAM integration support.
2026-08-10 16:43:18 +0200: Memory Usage (458956K) : Starting SG13G2 LVS runset
2026-08-10 16:43:18 +0200: Memory Usage (458956K) : Read in polygons from layers.
2026-08-10 16:43:18 +0200: Memory Usage (460364K) : activ_drw has 51 polygons
2026-08-10 16:43:18 +0200: Memory Usage (460364K) : activ_filler has 0 polygons
2026-08-10 16:43:18 +0200: Memory Usage (460492K) : activ has 51 polygons
2026-08-10 16:43:18 +0200: Memory Usage (460492K) : activ_pin has 0 polygons
2026-08-10 16:43:18 +0200: Memory Usage (460492K) : activ_mask has 0 polygons
2026-08-10 16:43:18 +0200: Memory Usage (460492K) : activ_nofill has 0 polygons
2026-08-10 16:43:18 +0200: Memory Usage (460492K) : activ_OPC has 0 polygons
2026-08-10 16:43:18 +0200: Memory Usage (460492K) : activ_iOPC has 0 polygons
2026-08-10 16:43:18 +0200: Memory Usage (460620K) : activ_noqrc has 0 polygons
2026-08-10 16:43:18 +0200: Memory Usage (460620K) : biwind_drw has 0 polygons
2026-08-10 16:43:18 +0200: Memory Usage (460748K) : biwind_OPC has 0 polygons
2026-08-10 16:43:18 +0200: Memory Usage (460748K) : gatpoly_drw has 49 polygons
2026-08-10 16:43:18 +0200: Memory Usage (460876K) : gatpoly_filler has 0 polygons
2026-08-10 16:43:18 +0200: Memory Usage (460876K) : gatpoly has 49 polygons
2026-08-10 16:43:18 +0200: Memory Usage (461260K) : gatpoly_pin has 0 polygons
2026-08-10 16:43:18 +0200: Memory Usage (461260K) : gatpoly_nofill has 0 polygons
2026-08-10 16:43:18 +0200: Memory Usage (461388K) : gatpoly_OPC has 0 polygons
2026-08-10 16:43:18 +0200: Memory Usage (461388K) : gatpoly_iOPC has 0 polygons
2026-08-10 16:43:18 +0200: Memory Usage (461388K) : gatpoly_noqrc has 0 polygons
2026-08-10 16:43:18 +0200: Memory Usage (462668K) : cont_drw has 46288 polygons
2026-08-10 16:43:18 +0200: Memory Usage (462668K) : cont_OPC has 0 polygons
2026-08-10 16:43:18 +0200: Memory Usage (462668K) : nsd_drw has 0 polygons
2026-08-10 16:43:18 +0200: Memory Usage (462668K) : nsd_block has 0 polygons
2026-08-10 16:43:18 +0200: Memory Usage (462668K) : metal1_drw has 344 polygons
2026-08-10 16:43:18 +0200: Memory Usage (462668K) : metal1_filler has 0 polygons
2026-08-10 16:43:18 +0200: Memory Usage (462668K) : metal1_slit has 0 polygons
2026-08-10 16:43:18 +0200: Memory Usage (463052K) : metal1 has 344 polygons
2026-08-10 16:43:18 +0200: Memory Usage (463052K) : metal1_pin has 22 polygons
2026-08-10 16:43:18 +0200: Memory Usage (463052K) : metal1_mask has 0 polygons
2026-08-10 16:43:18 +0200: Memory Usage (463052K) : metal1_nofill has 0 polygons
2026-08-10 16:43:18 +0200: Memory Usage (463308K) : metal1_text has 18 polygons
2026-08-10 16:43:18 +0200: Memory Usage (463308K) : metal1_OPC has 0 polygons
2026-08-10 16:43:18 +0200: Memory Usage (463308K) : metal1_noqrc has 0 polygons
2026-08-10 16:43:18 +0200: Memory Usage (463436K) : metal1_res has 0 polygons
2026-08-10 16:43:18 +0200: Memory Usage (463564K) : metal1_iprobe has 0 polygons
2026-08-10 16:43:18 +0200: Memory Usage (463564K) : metal1_diffprb has 0 polygons
2026-08-10 16:43:18 +0200: Memory Usage (463692K) : passiv_drw has 0 polygons
2026-08-10 16:43:18 +0200: Memory Usage (463692K) : passiv_pin has 0 polygons
2026-08-10 16:43:18 +0200: Memory Usage (463820K) : passiv_sbump has 0 polygons
2026-08-10 16:43:18 +0200: Memory Usage (463820K) : passiv_pillar has 0 polygons
2026-08-10 16:43:18 +0200: Memory Usage (463948K) : passiv_pdl has 0 polygons
2026-08-10 16:43:18 +0200: Memory Usage (463948K) : metal2_drw has 96 polygons
2026-08-10 16:43:18 +0200: Memory Usage (464076K) : metal2_filler has 0 polygons
2026-08-10 16:43:18 +0200: Memory Usage (464076K) : metal2_slit has 0 polygons
2026-08-10 16:43:18 +0200: Memory Usage (464204K) : metal2 has 96 polygons
2026-08-10 16:43:18 +0200: Memory Usage (464204K) : metal2_pin has 26 polygons
2026-08-10 16:43:18 +0200: Memory Usage (464204K) : metal2_mask has 0 polygons
2026-08-10 16:43:18 +0200: Memory Usage (464204K) : metal2_nofill has 0 polygons
2026-08-10 16:43:18 +0200: Memory Usage (464332K) : metal2_text has 26 polygons
2026-08-10 16:43:18 +0200: Memory Usage (464332K) : metal2_OPC has 0 polygons
2026-08-10 16:43:18 +0200: Memory Usage (464332K) : metal2_noqrc has 0 polygons
2026-08-10 16:43:18 +0200: Memory Usage (464460K) : metal2_res has 0 polygons
2026-08-10 16:43:18 +0200: Memory Usage (464460K) : metal2_iprobe has 0 polygons
2026-08-10 16:43:18 +0200: Memory Usage (464460K) : metal2_diffprb has 0 polygons
2026-08-10 16:43:18 +0200: Memory Usage (464588K) : baspoly_drw has 0 polygons
2026-08-10 16:43:18 +0200: Memory Usage (464716K) : baspoly_pin has 0 polygons
2026-08-10 16:43:18 +0200: Memory Usage (464716K) : psd_drw has 35 polygons
2026-08-10 16:43:18 +0200: Memory Usage (464844K) : nldb_drw has 0 polygons
2026-08-10 16:43:18 +0200: Memory Usage (464844K) : digibnd_drw has 0 polygons
2026-08-10 16:43:18 +0200: Memory Usage (464972K) : via1_drw has 1936 polygons
2026-08-10 16:43:18 +0200: Memory Usage (465100K) : backmetal1_drw has 0 polygons
2026-08-10 16:43:18 +0200: Memory Usage (465100K) : backmetal1_pin has 0 polygons
2026-08-10 16:43:18 +0200: Memory Usage (465228K) : backmetal1_mask has 0 polygons
2026-08-10 16:43:18 +0200: Memory Usage (465228K) : backmetal1_filler has 0 polygons
2026-08-10 16:43:18 +0200: Memory Usage (465356K) : backmetal1_nofill has 0 polygons
2026-08-10 16:43:18 +0200: Memory Usage (465356K) : backmetal1_slit has 0 polygons
2026-08-10 16:43:18 +0200: Memory Usage (465484K) : backmetal1_text has 0 polygons
2026-08-10 16:43:18 +0200: Memory Usage (465484K) : backmetal1_OPC has 0 polygons
2026-08-10 16:43:18 +0200: Memory Usage (465612K) : backmetal1_noqrc has 0 polygons
2026-08-10 16:43:18 +0200: Memory Usage (465612K) : backmetal1_res has 0 polygons
2026-08-10 16:43:18 +0200: Memory Usage (465740K) : backmetal1_iprobe has 0 polygons
2026-08-10 16:43:18 +0200: Memory Usage (465740K) : backmetal1_diffprb has 0 polygons
2026-08-10 16:43:18 +0200: Memory Usage (465868K) : backpassiv_drw has 0 polygons
2026-08-10 16:43:18 +0200: Memory Usage (465868K) : res_drw has 0 polygons
2026-08-10 16:43:18 +0200: Memory Usage (465996K) : sram_drw has 0 polygons
2026-08-10 16:43:18 +0200: Memory Usage (466124K) : trans_drw has 0 polygons
2026-08-10 16:43:18 +0200: Memory Usage (466124K) : ind_drw has 0 polygons
2026-08-10 16:43:18 +0200: Memory Usage (466252K) : ind_pin has 0 polygons
2026-08-10 16:43:18 +0200: Memory Usage (466252K) : ind_text has 0 polygons
2026-08-10 16:43:18 +0200: Memory Usage (466380K) : salblock_drw has 3 polygons
2026-08-10 16:43:18 +0200: Memory Usage (466380K) : via2_drw has 1926 polygons
2026-08-10 16:43:18 +0200: Memory Usage (466508K) : metal3_drw has 32 polygons
2026-08-10 16:43:18 +0200: Memory Usage (466636K) : metal3_filler has 0 polygons
2026-08-10 16:43:18 +0200: Memory Usage (466636K) : metal3_slit has 0 polygons
2026-08-10 16:43:18 +0200: Memory Usage (466636K) : metal3 has 32 polygons
2026-08-10 16:43:18 +0200: Memory Usage (466764K) : metal3_pin has 10 polygons
2026-08-10 16:43:18 +0200: Memory Usage (466764K) : metal3_mask has 0 polygons
2026-08-10 16:43:18 +0200: Memory Usage (466892K) : metal3_nofill has 0 polygons
2026-08-10 16:43:18 +0200: Memory Usage (466892K) : metal3_text has 10 polygons
2026-08-10 16:43:18 +0200: Memory Usage (467020K) : metal3_OPC has 0 polygons
2026-08-10 16:43:18 +0200: Memory Usage (467020K) : metal3_noqrc has 0 polygons
2026-08-10 16:43:18 +0200: Memory Usage (467148K) : metal3_res has 0 polygons
2026-08-10 16:43:18 +0200: Memory Usage (467148K) : metal3_iprobe has 0 polygons
2026-08-10 16:43:18 +0200: Memory Usage (467276K) : metal3_diffprb has 0 polygons
2026-08-10 16:43:18 +0200: Memory Usage (467276K) : nwell_drw has 19 polygons
2026-08-10 16:43:18 +0200: Memory Usage (467404K) : nwell_pin has 0 polygons
2026-08-10 16:43:18 +0200: Memory Usage (467404K) : nwell_text has 0 polygons
2026-08-10 16:43:18 +0200: Memory Usage (467532K) : nbulay_drw has 0 polygons
2026-08-10 16:43:18 +0200: Memory Usage (467532K) : nbulay_pin has 0 polygons
2026-08-10 16:43:18 +0200: Memory Usage (467660K) : nbulay_block has 0 polygons
2026-08-10 16:43:18 +0200: Memory Usage (467788K) : emwind_drw has 0 polygons
2026-08-10 16:43:18 +0200: Memory Usage (467788K) : emwind_OPC has 0 polygons
2026-08-10 16:43:18 +0200: Memory Usage (467916K) : deepco_drw has 0 polygons
2026-08-10 16:43:18 +0200: Memory Usage (467916K) : mim_drw has 0 polygons
2026-08-10 16:43:18 +0200: Memory Usage (468044K) : edgeseal_drw has 0 polygons
2026-08-10 16:43:18 +0200: Memory Usage (468044K) : substrate_drw has 19 polygons
2026-08-10 16:43:18 +0200: Memory Usage (468172K) : substrate_text has 0 polygons
2026-08-10 16:43:18 +0200: Memory Usage (468172K) : dfpad_drw has 0 polygons
2026-08-10 16:43:18 +0200: Memory Usage (468300K) : dfpad_pillar has 0 polygons
2026-08-10 16:43:18 +0200: Memory Usage (468300K) : dfpad_sbump has 0 polygons
2026-08-10 16:43:18 +0200: Memory Usage (468428K) : thickgateox_drw has 2 polygons
2026-08-10 16:43:18 +0200: Memory Usage (468428K) : pldb_drw has 0 polygons
2026-08-10 16:43:18 +0200: Memory Usage (468556K) : pwell_drw has 0 polygons
2026-08-10 16:43:18 +0200: Memory Usage (468556K) : pwell_pin has 0 polygons
2026-08-10 16:43:18 +0200: Memory Usage (468684K) : pwell_block has 0 polygons
2026-08-10 16:43:18 +0200: Memory Usage (468812K) : ic_drw has 0 polygons
2026-08-10 16:43:18 +0200: Memory Usage (468812K) : via3_drw has 2087 polygons
2026-08-10 16:43:18 +0200: Memory Usage (468940K) : metal4_drw has 8 polygons
2026-08-10 16:43:18 +0200: Memory Usage (469068K) : metal4_filler has 0 polygons
2026-08-10 16:43:18 +0200: Memory Usage (469068K) : metal4_slit has 0 polygons
2026-08-10 16:43:18 +0200: Memory Usage (469196K) : metal4 has 8 polygons
2026-08-10 16:43:18 +0200: Memory Usage (469196K) : metal4_pin has 8 polygons
2026-08-10 16:43:18 +0200: Memory Usage (469324K) : metal4_mask has 0 polygons
2026-08-10 16:43:18 +0200: Memory Usage (469324K) : metal4_nofill has 0 polygons
2026-08-10 16:43:18 +0200: Memory Usage (469452K) : metal4_text has 8 polygons
2026-08-10 16:43:18 +0200: Memory Usage (469452K) : metal4_OPC has 0 polygons
2026-08-10 16:43:18 +0200: Memory Usage (469580K) : metal4_noqrc has 0 polygons
2026-08-10 16:43:18 +0200: Memory Usage (469708K) : metal4_res has 0 polygons
2026-08-10 16:43:18 +0200: Memory Usage (469708K) : metal4_iprobe has 0 polygons
2026-08-10 16:43:18 +0200: Memory Usage (469836K) : metal4_diffprb has 0 polygons
2026-08-10 16:43:18 +0200: Memory Usage (469836K) : heattrans_drw has 0 polygons
2026-08-10 16:43:18 +0200: Memory Usage (469964K) : heatres_drw has 2 polygons
2026-08-10 16:43:18 +0200: Memory Usage (469964K) : fbe_drw has 0 polygons
2026-08-10 16:43:18 +0200: Memory Usage (470092K) : empoly_drw has 0 polygons
2026-08-10 16:43:18 +0200: Memory Usage (470092K) : digisub_drw has 0 polygons
2026-08-10 16:43:18 +0200: Memory Usage (470220K) : text_drw has 17 polygons
2026-08-10 16:43:18 +0200: Memory Usage (470220K) : via4_drw has 2371 polygons
2026-08-10 16:43:18 +0200: Memory Usage (470476K) : metal5_drw has 8 polygons
2026-08-10 16:43:18 +0200: Memory Usage (470476K) : metal5_filler has 0 polygons
2026-08-10 16:43:18 +0200: Memory Usage (470476K) : metal5_slit has 0 polygons
2026-08-10 16:43:18 +0200: Memory Usage (470604K) : metal5 has 8 polygons
2026-08-10 16:43:18 +0200: Memory Usage (470732K) : metal5_pin has 8 polygons
2026-08-10 16:43:18 +0200: Memory Usage (470732K) : metal5_mask has 0 polygons
2026-08-10 16:43:18 +0200: Memory Usage (470860K) : metal5_nofill has 0 polygons
2026-08-10 16:43:18 +0200: Memory Usage (470860K) : metal5_text has 8 polygons
2026-08-10 16:43:18 +0200: Memory Usage (470988K) : metal5_OPC has 0 polygons
2026-08-10 16:43:18 +0200: Memory Usage (470988K) : metal5_noqrc has 0 polygons
2026-08-10 16:43:18 +0200: Memory Usage (471116K) : metal5_res has 0 polygons
2026-08-10 16:43:18 +0200: Memory Usage (471244K) : metal5_iprobe has 0 polygons
2026-08-10 16:43:18 +0200: Memory Usage (471244K) : metal5_diffprb has 0 polygons
2026-08-10 16:43:18 +0200: Memory Usage (471372K) : radhard_drw has 0 polygons
2026-08-10 16:43:18 +0200: Memory Usage (471372K) : memcap_drw has 0 polygons
2026-08-10 16:43:18 +0200: Memory Usage (471500K) : varicap_drw has 0 polygons
2026-08-10 16:43:18 +0200: Memory Usage (471500K) : intbondvia_drw has 0 polygons
2026-08-10 16:43:18 +0200: Memory Usage (471628K) : intbondmet_drw has 0 polygons
2026-08-10 16:43:18 +0200: Memory Usage (471628K) : devbondvia_drw has 0 polygons
2026-08-10 16:43:18 +0200: Memory Usage (471628K) : devbondmet_drw has 0 polygons
2026-08-10 16:43:18 +0200: Memory Usage (471628K) : devtrench_drw has 0 polygons
2026-08-10 16:43:18 +0200: Memory Usage (471628K) : redist_drw has 0 polygons
2026-08-10 16:43:18 +0200: Memory Usage (471628K) : graphbot_drw has 0 polygons
2026-08-10 16:43:18 +0200: Memory Usage (471628K) : graphtop_drw has 0 polygons
2026-08-10 16:43:18 +0200: Memory Usage (471756K) : antvia1_drw has 0 polygons
2026-08-10 16:43:18 +0200: Memory Usage (471756K) : antmetal2_drw has 0 polygons
2026-08-10 16:43:18 +0200: Memory Usage (471884K) : graphcont_drw has 0 polygons
2026-08-10 16:43:18 +0200: Memory Usage (472012K) : siwg_drw has 0 polygons
2026-08-10 16:43:18 +0200: Memory Usage (472012K) : siwg_filler has 0 polygons
2026-08-10 16:43:18 +0200: Memory Usage (472140K) : siwg_nofill has 0 polygons
2026-08-10 16:43:18 +0200: Memory Usage (472140K) : sigrating_drw has 0 polygons
2026-08-10 16:43:18 +0200: Memory Usage (472268K) : singrating_drw has 0 polygons
2026-08-10 16:43:18 +0200: Memory Usage (472268K) : graphpas_drw has 0 polygons
2026-08-10 16:43:18 +0200: Memory Usage (472396K) : emwind3_drw has 0 polygons
2026-08-10 16:43:18 +0200: Memory Usage (472396K) : emwihv3_drw has 0 polygons
2026-08-10 16:43:18 +0200: Memory Usage (472524K) : redbulay_drw has 0 polygons
2026-08-10 16:43:18 +0200: Memory Usage (472524K) : smos_drw has 0 polygons
2026-08-10 16:43:18 +0200: Memory Usage (472652K) : graphpad_drw has 0 polygons
2026-08-10 16:43:18 +0200: Memory Usage (472780K) : polimide_drw has 0 polygons
2026-08-10 16:43:18 +0200: Memory Usage (472780K) : polimide_pin has 0 polygons
2026-08-10 16:43:18 +0200: Memory Usage (472908K) : recog_drw has 0 polygons
2026-08-10 16:43:18 +0200: Memory Usage (472908K) : recog_pin has 0 polygons
2026-08-10 16:43:18 +0200: Memory Usage (473036K) : recog_esd has 0 polygons
2026-08-10 16:43:18 +0200: Memory Usage (473036K) : recog_diode has 6 polygons
2026-08-10 16:43:18 +0200: Memory Usage (473036K) : recog_tsv has 0 polygons
2026-08-10 16:43:18 +0200: Memory Usage (473036K) : recog_iprobe has 0 polygons
2026-08-10 16:43:18 +0200: Memory Usage (473036K) : recog_diffprb has 0 polygons
2026-08-10 16:43:18 +0200: Memory Usage (473036K) : recog_pillar has 0 polygons
2026-08-10 16:43:18 +0200: Memory Usage (473036K) : recog_sbump has 0 polygons
2026-08-10 16:43:18 +0200: Memory Usage (473036K) : recog_otp has 0 polygons
2026-08-10 16:43:18 +0200: Memory Usage (473036K) : recog_pdiode has 0 polygons
2026-08-10 16:43:18 +0200: Memory Usage (473036K) : recog_mom has 0 polygons
2026-08-10 16:43:18 +0200: Memory Usage (473036K) : recog_pcm has 0 polygons
2026-08-10 16:43:18 +0200: Memory Usage (473036K) : colopen_drw has 0 polygons
2026-08-10 16:43:18 +0200: Memory Usage (473036K) : graphmetal1_drw has 0 polygons
2026-08-10 16:43:18 +0200: Memory Usage (473036K) : graphmetal1_filler has 0 polygons
2026-08-10 16:43:18 +0200: Memory Usage (473036K) : graphmetal1_nofill has 0 polygons
2026-08-10 16:43:18 +0200: Memory Usage (473036K) : graphmetal1_slit has 0 polygons
2026-08-10 16:43:18 +0200: Memory Usage (473036K) : graphmetal1_OPC has 0 polygons
2026-08-10 16:43:18 +0200: Memory Usage (473036K) : graphmet1l_drw has 0 polygons
2026-08-10 16:43:18 +0200: Memory Usage (473036K) : graphmet1l_filler has 0 polygons
2026-08-10 16:43:18 +0200: Memory Usage (473036K) : graphmet1l_nofill has 0 polygons
2026-08-10 16:43:18 +0200: Memory Usage (473036K) : graphmet1l_slit has 0 polygons
2026-08-10 16:43:18 +0200: Memory Usage (473036K) : graphmet1l_OPC has 0 polygons
2026-08-10 16:43:18 +0200: Memory Usage (473036K) : extblock_drw has 8 polygons
2026-08-10 16:43:18 +0200: Memory Usage (473036K) : nldd_drw has 0 polygons
2026-08-10 16:43:18 +0200: Memory Usage (473036K) : pldd_drw has 0 polygons
2026-08-10 16:43:18 +0200: Memory Usage (473036K) : next_drw has 0 polygons
2026-08-10 16:43:18 +0200: Memory Usage (473036K) : pext_drw has 0 polygons
2026-08-10 16:43:18 +0200: Memory Usage (473036K) : nexthv_drw has 0 polygons
2026-08-10 16:43:18 +0200: Memory Usage (473036K) : pexthv_drw has 0 polygons
2026-08-10 16:43:18 +0200: Memory Usage (473036K) : graphgate_drw has 0 polygons
2026-08-10 16:43:18 +0200: Memory Usage (473036K) : sinwg_drw has 0 polygons
2026-08-10 16:43:18 +0200: Memory Usage (473036K) : sinwg_filler has 0 polygons
2026-08-10 16:43:18 +0200: Memory Usage (473036K) : sinwg_nofill has 0 polygons
2026-08-10 16:43:18 +0200: Memory Usage (473036K) : mempad_drw has 0 polygons
2026-08-10 16:43:18 +0200: Memory Usage (473036K) : topvia1_drw has 2315 polygons
2026-08-10 16:43:18 +0200: Memory Usage (473036K) : topmetal1_drw has 8 polygons
2026-08-10 16:43:18 +0200: Memory Usage (473036K) : topmetal1_filler has 0 polygons
2026-08-10 16:43:18 +0200: Memory Usage (473036K) : topmetal1_slit has 0 polygons
2026-08-10 16:43:18 +0200: Memory Usage (473036K) : topmetal1 has 8 polygons
2026-08-10 16:43:18 +0200: Memory Usage (473036K) : topmetal1_pin has 10 polygons
2026-08-10 16:43:18 +0200: Memory Usage (473036K) : topmetal1_mask has 0 polygons
2026-08-10 16:43:18 +0200: Memory Usage (473036K) : topmetal1_nofill has 0 polygons
2026-08-10 16:43:18 +0200: Memory Usage (473036K) : topmetal1_text has 8 polygons
2026-08-10 16:43:18 +0200: Memory Usage (473036K) : topmetal1_noqrc has 0 polygons
2026-08-10 16:43:18 +0200: Memory Usage (473036K) : topmetal1_res has 0 polygons
2026-08-10 16:43:18 +0200: Memory Usage (473036K) : topmetal1_iprobe has 0 polygons
2026-08-10 16:43:18 +0200: Memory Usage (473036K) : topmetal1_diffprb has 0 polygons
2026-08-10 16:43:18 +0200: Memory Usage (473036K) : inldpwl_drw has 0 polygons
2026-08-10 16:43:18 +0200: Memory Usage (473036K) : polyres_drw has 3 polygons
2026-08-10 16:43:18 +0200: Memory Usage (473036K) : polyres_pin has 0 polygons
2026-08-10 16:43:19 +0200: Memory Usage (473036K) : vmim_drw has 0 polygons
2026-08-10 16:43:19 +0200: Memory Usage (473036K) : nbulaycut_drw has 0 polygons
2026-08-10 16:43:19 +0200: Memory Usage (473036K) : antmetal1_drw has 0 polygons
2026-08-10 16:43:19 +0200: Memory Usage (473036K) : topvia2_drw has 1593 polygons
2026-08-10 16:43:19 +0200: Memory Usage (473036K) : topmetal2_drw has 6 polygons
2026-08-10 16:43:19 +0200: Memory Usage (473036K) : topmetal2_filler has 0 polygons
2026-08-10 16:43:19 +0200: Memory Usage (473036K) : topmetal2_slit has 0 polygons
2026-08-10 16:43:19 +0200: Memory Usage (473036K) : topmetal2 has 6 polygons
2026-08-10 16:43:19 +0200: Memory Usage (473036K) : topmetal2_pin has 6 polygons
2026-08-10 16:43:19 +0200: Memory Usage (473036K) : topmetal2_mask has 0 polygons
2026-08-10 16:43:19 +0200: Memory Usage (473036K) : topmetal2_nofill has 0 polygons
2026-08-10 16:43:19 +0200: Memory Usage (473036K) : topmetal2_text has 6 polygons
2026-08-10 16:43:19 +0200: Memory Usage (473036K) : topmetal2_noqrc has 0 polygons
2026-08-10 16:43:19 +0200: Memory Usage (473036K) : topmetal2_res has 0 polygons
2026-08-10 16:43:19 +0200: Memory Usage (473036K) : topmetal2_iprobe has 0 polygons
2026-08-10 16:43:19 +0200: Memory Usage (473036K) : topmetal2_diffprb has 0 polygons
2026-08-10 16:43:19 +0200: Memory Usage (473036K) : snsring_drw has 0 polygons
2026-08-10 16:43:19 +0200: Memory Usage (473036K) : sensor_drw has 0 polygons
2026-08-10 16:43:19 +0200: Memory Usage (473036K) : snsarms_drw has 0 polygons
2026-08-10 16:43:19 +0200: Memory Usage (473036K) : snscmosvia_drw has 0 polygons
2026-08-10 16:43:19 +0200: Memory Usage (473036K) : colwind_drw has 0 polygons
2026-08-10 16:43:19 +0200: Memory Usage (473036K) : flm_drw has 0 polygons
2026-08-10 16:43:19 +0200: Memory Usage (473036K) : hafniumox_drw has 0 polygons
2026-08-10 16:43:19 +0200: Memory Usage (473036K) : memvia_drw has 0 polygons
2026-08-10 16:43:19 +0200: Memory Usage (473036K) : thinfilmres_drw has 0 polygons
2026-08-10 16:43:19 +0200: Memory Usage (473036K) : rfmem_drw has 0 polygons
2026-08-10 16:43:19 +0200: Memory Usage (473036K) : norcx_drw has 0 polygons
2026-08-10 16:43:19 +0200: Memory Usage (473036K) : norcx_m2m3 has 0 polygons
2026-08-10 16:43:19 +0200: Memory Usage (473036K) : norcx_m2m4 has 0 polygons
2026-08-10 16:43:19 +0200: Memory Usage (473036K) : norcx_m2m5 has 0 polygons
2026-08-10 16:43:19 +0200: Memory Usage (473036K) : norcx_m2tm1 has 0 polygons
2026-08-10 16:43:19 +0200: Memory Usage (473036K) : norcx_m2tm2 has 0 polygons
2026-08-10 16:43:19 +0200: Memory Usage (473036K) : norcx_m3m4 has 0 polygons
2026-08-10 16:43:19 +0200: Memory Usage (473036K) : norcx_m3m5 has 0 polygons
2026-08-10 16:43:19 +0200: Memory Usage (473036K) : norcx_m3tm1 has 0 polygons
2026-08-10 16:43:19 +0200: Memory Usage (473036K) : norcx_m3tm2 has 0 polygons
2026-08-10 16:43:19 +0200: Memory Usage (473036K) : norcx_m4m5 has 0 polygons
2026-08-10 16:43:19 +0200: Memory Usage (473036K) : norcx_m4tm1 has 0 polygons
2026-08-10 16:43:19 +0200: Memory Usage (473036K) : norcx_m4tm2 has 0 polygons
2026-08-10 16:43:19 +0200: Memory Usage (473036K) : norcx_m5tm1 has 0 polygons
2026-08-10 16:43:19 +0200: Memory Usage (473036K) : norcx_m5tm2 has 0 polygons
2026-08-10 16:43:19 +0200: Memory Usage (473036K) : norcx_tm1tm2 has 0 polygons
2026-08-10 16:43:19 +0200: Memory Usage (473036K) : norcx_m1sub has 0 polygons
2026-08-10 16:43:19 +0200: Memory Usage (473036K) : norcx_m2sub has 0 polygons
2026-08-10 16:43:19 +0200: Memory Usage (473036K) : norcx_m3sub has 0 polygons
2026-08-10 16:43:19 +0200: Memory Usage (473036K) : norcx_m4sub has 0 polygons
2026-08-10 16:43:19 +0200: Memory Usage (473036K) : norcx_m5sub has 0 polygons
2026-08-10 16:43:19 +0200: Memory Usage (473036K) : norcx_tm1sub has 0 polygons
2026-08-10 16:43:19 +0200: Memory Usage (473036K) : norcx_tm2sub has 0 polygons
2026-08-10 16:43:19 +0200: Memory Usage (473036K) : snsbotvia_drw has 0 polygons
2026-08-10 16:43:19 +0200: Memory Usage (473036K) : snstopvia_drw has 0 polygons
2026-08-10 16:43:19 +0200: Memory Usage (473036K) : deepvia_drw has 0 polygons
2026-08-10 16:43:19 +0200: Memory Usage (473036K) : fgetch_drw has 0 polygons
2026-08-10 16:43:19 +0200: Memory Usage (473036K) : ctrgat_drw has 0 polygons
2026-08-10 16:43:19 +0200: Memory Usage (473036K) : fgimp_drw has 0 polygons
2026-08-10 16:43:19 +0200: Memory Usage (473036K) : emwihv_drw has 0 polygons
2026-08-10 16:43:19 +0200: Memory Usage (473036K) : lbe_drw has 0 polygons
2026-08-10 16:43:19 +0200: Memory Usage (473036K) : alcustop_drw has 0 polygons
2026-08-10 16:43:19 +0200: Memory Usage (473036K) : nometfiller_drw has 0 polygons
2026-08-10 16:43:19 +0200: Memory Usage (473036K) : prboundary_drw has 0 polygons
2026-08-10 16:43:19 +0200: Memory Usage (473036K) : exchange0_drw has 0 polygons
2026-08-10 16:43:19 +0200: Memory Usage (473036K) : exchange0_pin has 0 polygons
2026-08-10 16:43:19 +0200: Memory Usage (473036K) : exchange0_text has 0 polygons
2026-08-10 16:43:19 +0200: Memory Usage (473036K) : exchange1_drw has 0 polygons
2026-08-10 16:43:19 +0200: Memory Usage (473036K) : exchange1_pin has 0 polygons
2026-08-10 16:43:19 +0200: Memory Usage (473036K) : exchange1_text has 0 polygons
2026-08-10 16:43:19 +0200: Memory Usage (473036K) : exchange2_drw has 0 polygons
2026-08-10 16:43:19 +0200: Memory Usage (473036K) : exchange2_pin has 0 polygons
2026-08-10 16:43:19 +0200: Memory Usage (473036K) : exchange2_text has 0 polygons
2026-08-10 16:43:19 +0200: Memory Usage (473036K) : exchange3_drw has 0 polygons
2026-08-10 16:43:19 +0200: Memory Usage (473036K) : exchange3_pin has 0 polygons
2026-08-10 16:43:19 +0200: Memory Usage (473036K) : exchange3_text has 0 polygons
2026-08-10 16:43:19 +0200: Memory Usage (473036K) : exchange4_drw has 0 polygons
2026-08-10 16:43:19 +0200: Memory Usage (473036K) : exchange4_pin has 0 polygons
2026-08-10 16:43:19 +0200: Memory Usage (473036K) : exchange4_text has 0 polygons
2026-08-10 16:43:19 +0200: Memory Usage (473036K) : isonwell_drw has 0 polygons
2026-08-10 16:43:19 +0200: Memory Usage (473036K) : Total no. of polygons in the design is 59406
2026-08-10 16:43:19 +0200: Memory Usage (473036K) : Starting base layers derivations
2026-08-10 16:43:19 +0200: Memory Usage (473036K) : Starting general LVS derivations
2026-08-10 16:43:19 +0200: Memory Usage (478284K) : Starting MOSFET DERIVATIONS
2026-08-10 16:43:19 +0200: Memory Usage (480844K) : Starting NMOS DERIVATIONS
2026-08-10 16:43:19 +0200: Memory Usage (480844K) : Starting PMOS DERIVATIONS
2026-08-10 16:43:19 +0200: Memory Usage (480844K) : Starting RF-MOSFET DERIVATIONS
2026-08-10 16:43:19 +0200: Memory Usage (480844K) : Starting RF-NMOS DERIVATIONS
2026-08-10 16:43:19 +0200: Memory Usage (480844K) : Starting RF-PMOS DERIVATIONS
2026-08-10 16:43:19 +0200: Memory Usage (480844K) : Starting BJT DERIVATIONS
2026-08-10 16:43:19 +0200: Memory Usage (480844K) : Starting NPN-BJT DERIVATIONS
2026-08-10 16:43:19 +0200: Memory Usage (480844K) : Starting PNP-BJT DERIVATIONS
2026-08-10 16:43:19 +0200: Memory Usage (480844K) : Starting DIODE DERIVATIONS
2026-08-10 16:43:20 +0200: Memory Usage (480660K) : Starting RESISTOR DERIVATIONS
2026-08-10 16:43:20 +0200: Memory Usage (480916K) : Starting CAP DERIVATIONS
2026-08-10 16:43:20 +0200: Memory Usage (480916K) : Starting CAP_CMOM DERIVATIONS
2026-08-10 16:43:20 +0200: Memory Usage (480916K) : Starting ESD DERIVATIONS
2026-08-10 16:43:20 +0200: Memory Usage (481172K) : Starting Inductor DERIVATIONS
2026-08-10 16:43:21 +0200: Memory Usage (481172K) : Starting Taps DERIVATIONS
2026-08-10 16:43:21 +0200: Memory Usage (481172K) : Starting SG13G2 LVS connectivity setup
2026-08-10 16:43:21 +0200: Memory Usage (481172K) : Starting SG13G2 LVS connectivity setup (Inter-layer)
2026-08-10 16:43:21 +0200: Memory Usage (481300K) : Starting SG13G2 LVS connectivity setup (Global)
2026-08-10 16:43:21 +0200: Memory Usage (481300K) : Starting LVS MOSFET CONNECTIONS
2026-08-10 16:43:21 +0200: Memory Usage (481300K) : Starting LVS RF-MOSFET CONNECTIONS
2026-08-10 16:43:21 +0200: Memory Usage (481300K) : Starting LVS BJT CONNECTIONS
2026-08-10 16:43:21 +0200: Memory Usage (481300K) : Starting LVS DIODE CONNECTIONS
2026-08-10 16:43:21 +0200: Memory Usage (481300K) : Starting RESISTOR CONNECTIONS
2026-08-10 16:43:21 +0200: Memory Usage (481300K) : Starting LVS CAP CONNECTIONS
2026-08-10 16:43:21 +0200: Memory Usage (481300K) : Starting CAP_CMOM CONNECTIONS
2026-08-10 16:43:21 +0200: Memory Usage (481300K) : Starting ESD CONNECTIONS
2026-08-10 16:43:21 +0200: Memory Usage (481300K) : Starting Inductor CONNECTIONS
2026-08-10 16:43:21 +0200: Memory Usage (481300K) : Starting LVS Taps CONNECTIONS
2026-08-10 16:43:21 +0200: Memory Usage (481300K) : Starting SG13G2 LVS DEVICES EXTRACTION
2026-08-10 16:43:21 +0200: Memory Usage (481300K) : Starting MOSFET EXTRACTION
2026-08-10 16:43:21 +0200: Memory Usage (481300K) : Starting NMOS EXTRACTION
2026-08-10 16:43:21 +0200: Memory Usage (481300K) : Extraction of NMOS-LV transistor
2026-08-10 16:43:21 +0200: Memory Usage (481300K) : Extraction of NMOS-HV transistor
2026-08-10 16:43:21 +0200: Memory Usage (481428K) : Starting PMOS EXTRACTION
2026-08-10 16:43:21 +0200: Memory Usage (481428K) : Extraction of PMOS-LV transistor
2026-08-10 16:43:21 +0200: Memory Usage (481428K) : Extraction of PMOS-HV transistor
2026-08-10 16:43:21 +0200: Memory Usage (481428K) : Starting RF-MOSFET EXTRACTION
2026-08-10 16:43:21 +0200: Memory Usage (481428K) : Extraction of RF-NMOS-LV transistor
2026-08-10 16:43:21 +0200: Memory Usage (481428K) : Extraction of RF-NMOS-HV transistor
2026-08-10 16:43:21 +0200: Memory Usage (481428K) : Extraction of RF-PMOS-LV transistor
2026-08-10 16:43:21 +0200: Memory Usage (481428K) : Extraction of RF-PMOS-HV transistor
2026-08-10 16:43:21 +0200: Memory Usage (481428K) : Starting BJT EXTRACTION
2026-08-10 16:43:21 +0200: Memory Usage (481428K) : Starting NPN-BJT EXTRACTION
2026-08-10 16:43:21 +0200: Memory Usage (481428K) : Extraction of npn13G2 BJT transistor
2026-08-10 16:43:21 +0200: Memory Usage (481428K) : Extraction of npn13G2L BJT transistor
2026-08-10 16:43:21 +0200: Memory Usage (481428K) : Extraction of npn13G2V BJT transistor
2026-08-10 16:43:21 +0200: Memory Usage (481428K) : Starting PNP-BJT EXTRACTION
2026-08-10 16:43:21 +0200: Memory Usage (481428K) : Extracting pnpMPA BJT
2026-08-10 16:43:21 +0200: Memory Usage (481428K) : Starting DIODE EXTRACTION
2026-08-10 16:43:21 +0200: Memory Usage (481428K) : Extracting dantenna diode
2026-08-10 16:43:21 +0200: Memory Usage (481556K) : Extracting dpantenna diode
2026-08-10 16:43:21 +0200: Memory Usage (481556K) : Extracting schottky_nbl1 diode
2026-08-10 16:43:21 +0200: Memory Usage (481684K) : Extracting isolbox diode
2026-08-10 16:43:21 +0200: Memory Usage (481684K) : Starting RESISTOR EXTRACTION
2026-08-10 16:43:21 +0200: Memory Usage (481684K) : Extracting rsil resistor
2026-08-10 16:43:21 +0200: Memory Usage (481812K) : Extracting rppd resistor
2026-08-10 16:43:21 +0200: Memory Usage (481940K) : Extracting rhigh resistor
2026-08-10 16:43:21 +0200: Memory Usage (482068K) : Extracting res_metal1 resistor
2026-08-10 16:43:21 +0200: Memory Usage (482324K) : Extracting res_metal2 resistor
2026-08-10 16:43:21 +0200: Memory Usage (482324K) : Extracting res_metal3 resistor
2026-08-10 16:43:21 +0200: Memory Usage (482452K) : Extracting res_metal4 resistor
2026-08-10 16:43:21 +0200: Memory Usage (482452K) : Extracting res_metal5 resistor
2026-08-10 16:43:21 +0200: Memory Usage (482452K) : Extracting res_topmetal1 resistor
2026-08-10 16:43:21 +0200: Memory Usage (482580K) : Extracting res_topmetal2 resistor
2026-08-10 16:43:21 +0200: Memory Usage (482580K) : Starting CAP EXTRACTION
2026-08-10 16:43:21 +0200: Memory Usage (482580K) : Extracting cap_cmim device
2026-08-10 16:43:21 +0200: Memory Usage (482708K) : Extracting rfcmim device
2026-08-10 16:43:21 +0200: Memory Usage (482836K) : Extracting sg13_hv_svaricap varactor
2026-08-10 16:43:21 +0200: Memory Usage (482836K) : Extracting cap_cmomi device
2026-08-10 16:43:21 +0200: Memory Usage (482964K) : Extracting sg13_moscap_n capacitor
2026-08-10 16:43:21 +0200: Memory Usage (482964K) : Extracting sg13_moscap_p capacitor
2026-08-10 16:43:21 +0200: Memory Usage (483092K) : Starting ESD EXTRACTION
2026-08-10 16:43:21 +0200: Memory Usage (483092K) : Extracting diodevdd_2kv ESD device
2026-08-10 16:43:21 +0200: Memory Usage (483220K) : Extracting diodevdd_4kv ESD device
2026-08-10 16:43:21 +0200: Memory Usage (483348K) : Extracting diodevss_2kv ESD device
2026-08-10 16:43:21 +0200: Memory Usage (483604K) : Extracting diodevss_4kv ESD device
2026-08-10 16:43:21 +0200: Memory Usage (483732K) : Extracting idiodevdd_2kv ESD device
2026-08-10 16:43:21 +0200: Memory Usage (483860K) : Extracting idiodevdd_4kv ESD device
2026-08-10 16:43:21 +0200: Memory Usage (483860K) : Extracting idiodevss_2kv ESD device
2026-08-10 16:43:21 +0200: Memory Usage (483860K) : Extracting idiodevss_4kv ESD device
2026-08-10 16:43:21 +0200: Memory Usage (483860K) : Extracting nmoscl_2 ESD device
2026-08-10 16:43:21 +0200: Memory Usage (483860K) : Extracting nmoscl_4 ESD device
2026-08-10 16:43:21 +0200: Memory Usage (483860K) : Starting Inductor EXTRACTION
2026-08-10 16:43:21 +0200: Memory Usage (483860K) : Extracting Inductor2 device
2026-08-10 16:43:21 +0200: Memory Usage (483860K) : Extracting Inductor3 device
2026-08-10 16:43:21 +0200: Memory Usage (483860K) : Starting Taps EXTRACTION
2026-08-10 16:43:21 +0200: Memory Usage (483860K) : Extracting ntap1 device
2026-08-10 16:43:21 +0200: Memory Usage (483860K) : Extracting ptap1 device
2026-08-10 16:43:21 +0200: Memory Usage (483860K) : Starting SG13G2 LVS RF MOS Model Mapping
2026-08-10 16:43:21 +0200: Memory Usage (486804K) : [layout_netlist] Apply RF MOS model mapping and rfmode parameter.
2026-08-10 16:43:21 +0200: Memory Usage (486804K) : Starting SG13G2 LVS Options Preparations
2026-08-10 16:43:21 +0200: Memory Usage (486804K) : SG13G2 LVS flow: extraction -> alignment -> option preparation -> comparison.
2026-08-10 16:43:21 +0200: Memory Usage (486804K) : Starting SG13G2 LVS Alignment
2026-08-10 16:43:21 +0200: Memory Usage (486804K) : Starting SG13G2 LVS Simplification
2026-08-10 16:43:21 +0200: Memory Usage (486804K) : [layout_netlist] simplify: ENABLED
2026-08-10 16:43:21 +0200: Memory Usage (486804K) : [layout_netlist] make_top_level_pins: SKIPPED
2026-08-10 16:43:21 +0200: Memory Usage (486804K) : [layout_netlist] combine_devices: ENABLED
2026-08-10 16:43:21 +0200: Memory Usage (486804K) : [layout_netlist] purge: SKIPPED
2026-08-10 16:43:21 +0200: Memory Usage (486804K) : [layout_netlist] purge_nets: SKIPPED
2026-08-10 16:43:21 +0200: Memory Usage (486804K) : [schematic_netlist] simplify: ENABLED
2026-08-10 16:43:21 +0200: Memory Usage (486804K) : [schematic_netlist] make_top_level_pins: SKIPPED
2026-08-10 16:43:21 +0200: Memory Usage (486804K) : [schematic_netlist] combine_devices: ENABLED
2026-08-10 16:43:21 +0200: Memory Usage (486804K) : [schematic_netlist] purge: SKIPPED
2026-08-10 16:43:21 +0200: Memory Usage (486804K) : [schematic_netlist] purge_nets: SKIPPED
2026-08-10 16:43:21 +0200: Memory Usage (486804K) : Starting SG13G2 LVS Comparison
2026-08-10 16:43:21 +0200: Memory Usage (486932K) : xxxxxxxxxxxxxxxxxxxxxxxxxxxxxxxxxxxxxxxxxx
2026-08-10 16:43:21 +0200: Memory Usage (486932K) : ERROR : Netlists don't match
2026-08-10 16:43:21 +0200: Memory Usage (486932K) : xxxxxxxxxxxxxxxxxxxxxxxxxxxxxxxxxxxxxxxxxx
2026-08-10 16:43:21 +0200: Memory Usage (486932K) : LVS Total Run time 3.510625 seconds
10-Aug-2026 16:43:22 | INFO    | ==============================================================================
10-Aug-2026 16:43:22 | INFO    | Important Summary
10-Aug-2026 16:43:22 | INFO    | +------------------+-------------------------------------------------------------------------------------------+
10-Aug-2026 16:43:22 | INFO    | | Status           | FAIL                                                                                      |
10-Aug-2026 16:43:22 | INFO    | | Mode             | COMPARE                                                                                   |
10-Aug-2026 16:43:22 | INFO    | | Outcome          | Comparison mode: FAIL (netlists do not match).                                            |
10-Aug-2026 16:43:22 | INFO    | | Layout           | sg13g2_IOPadAnalog.gds                                                                    |
10-Aug-2026 16:43:22 | INFO    | | Top Cell         | sg13g2_IOPadAnalog                                                                        |
10-Aug-2026 16:43:22 | INFO    | | Results Dir      | /foss/designs/ihp-open-pdk-regression/IOPADS/lvs_sweep/20260810_164315/sg13g2_IOPadAnalog |
10-Aug-2026 16:43:22 | INFO    | | Warnings         | 0                                                                                         |
10-Aug-2026 16:43:22 | INFO    | | Errors           | 1                                                                                         |
10-Aug-2026 16:43:22 | INFO    | | Run Time (s)     | 6.857                                                                                     |
10-Aug-2026 16:43:22 | INFO    | +------------------+-------------------------------------------------------------------------------------------+
10-Aug-2026 16:43:22 | ERROR   | Key errors:
10-Aug-2026 16:43:22 | ERROR   |   - 2026-08-10 16:43:21 +0200: Memory Usage (486932K) : ERROR : Netlists don't match
10-Aug-2026 16:43:22 | INFO    | ==============================================================================
