# Logfile created on 2026-08-11 13:41:49 +0200 by logger.rb/v1.5.3
2026-08-11 13:41:49 +0200: Memory Usage (455740K) : Starting running SG13G2 Klayout LVS runset on /foss/designs/ihp-open-pdk-regression/IOPADS/layout/sg13g2_IOPadInOut16mA.gds
2026-08-11 13:41:49 +0200: Memory Usage (455740K) : Ruby Version for klayout: 3.2.3
2026-08-11 13:41:49 +0200: Memory Usage (457404K) : Loading database to memory is complete.
2026-08-11 13:41:49 +0200: Memory Usage (457404K) : SG13G2 Klayout LVS runset output at: /foss/designs/ihp-open-pdk-regression/IOPADS/lvs_sweep/20260811_134120/sg13g2_IOPadInOut16mA/sg13g2_IOPadInOut16mA.lvsdb
2026-08-11 13:41:49 +0200: Memory Usage (457404K) : Evaluate switches.
2026-08-11 13:41:49 +0200: Memory Usage (457404K) : Extracted netlist with net names: true
2026-08-11 13:41:49 +0200: Memory Usage (457404K) : Extracted netlist with comments in details: false
2026-08-11 13:41:49 +0200: Memory Usage (457404K) : Selected NET_ONLY option: false
2026-08-11 13:41:49 +0200: Memory Usage (457404K) : Selected LAYOUT_NETLIST option: (none)
2026-08-11 13:41:49 +0200: Memory Usage (457404K) : Selected IGNORE_TOP_PORTS_MISMATCH option: true
2026-08-11 13:41:49 +0200: Memory Usage (457404K) : Selected IMPLICIT_NETS option: iovss,iovdd,vss,vdd,pad,cathode,anode
2026-08-11 13:41:49 +0200: Memory Usage (457404K) : Selected TOP_LVL_PINS option: false
2026-08-11 13:41:49 +0200: Memory Usage (457404K) : Selected COMBINE DEVICES option: true
2026-08-11 13:41:49 +0200: Memory Usage (457404K) : Selected PURGE option: false
2026-08-11 13:41:49 +0200: Memory Usage (457404K) : Selected PURGE_NETS option: false
2026-08-11 13:41:49 +0200: Memory Usage (457404K) : Selected SIMPLIFY option: true
2026-08-11 13:41:49 +0200: Memory Usage (457404K) : Selected SERIES_RES option: true
2026-08-11 13:41:49 +0200: Memory Usage (457404K) : Selected PARALLEL_RES option: true
2026-08-11 13:41:49 +0200: Memory Usage (457404K) : Selected DISABLE_TAP_EXTRACTION option: false
2026-08-11 13:41:49 +0200: Memory Usage (457404K) : deep  mode is enabled.
2026-08-11 13:41:49 +0200: Memory Usage (457404K) : Applying implicit connections (case-sensitive, pattern supported) for nets: iovss, iovdd, vss, vdd, pad, cathode, anode
2026-08-11 13:41:49 +0200: Memory Usage (458940K) : Netlist file: /foss/designs/ihp-open-pdk-regression/IOPADS/netlist/pads_upstream/sg13g2_IOPadInOut16mA.spi
2026-08-11 13:41:49 +0200: Memory Usage (458940K) : LVS extracted netlist at: /foss/designs/ihp-open-pdk-regression/IOPADS/lvs_sweep/20260811_134120/sg13g2_IOPadInOut16mA/sg13g2_IOPadInOut16mA_extracted.cir
2026-08-11 13:41:49 +0200: Memory Usage (458940K) : Applying SRAM integration support.
2026-08-11 13:41:49 +0200: Memory Usage (458940K) : Starting SG13G2 LVS runset
2026-08-11 13:41:49 +0200: Memory Usage (458940K) : Read in polygons from layers.
2026-08-11 13:41:49 +0200: Memory Usage (460604K) : activ_drw has 110 polygons
2026-08-11 13:41:49 +0200: Memory Usage (460604K) : activ_filler has 0 polygons
2026-08-11 13:41:49 +0200: Memory Usage (460860K) : activ has 110 polygons
2026-08-11 13:41:49 +0200: Memory Usage (460860K) : activ_pin has 0 polygons
2026-08-11 13:41:49 +0200: Memory Usage (460988K) : activ_mask has 0 polygons
2026-08-11 13:41:49 +0200: Memory Usage (460988K) : activ_nofill has 0 polygons
2026-08-11 13:41:49 +0200: Memory Usage (461116K) : activ_OPC has 0 polygons
2026-08-11 13:41:49 +0200: Memory Usage (461116K) : activ_iOPC has 0 polygons
2026-08-11 13:41:49 +0200: Memory Usage (461244K) : activ_noqrc has 0 polygons
2026-08-11 13:41:49 +0200: Memory Usage (461244K) : biwind_drw has 0 polygons
2026-08-11 13:41:49 +0200: Memory Usage (461372K) : biwind_OPC has 0 polygons
2026-08-11 13:41:49 +0200: Memory Usage (461372K) : gatpoly_drw has 55 polygons
2026-08-11 13:41:49 +0200: Memory Usage (461500K) : gatpoly_filler has 0 polygons
2026-08-11 13:41:49 +0200: Memory Usage (461500K) : gatpoly has 55 polygons
2026-08-11 13:41:49 +0200: Memory Usage (461628K) : gatpoly_pin has 6 polygons
2026-08-11 13:41:49 +0200: Memory Usage (461628K) : gatpoly_nofill has 0 polygons
2026-08-11 13:41:49 +0200: Memory Usage (461756K) : gatpoly_OPC has 0 polygons
2026-08-11 13:41:49 +0200: Memory Usage (461884K) : gatpoly_iOPC has 0 polygons
2026-08-11 13:41:49 +0200: Memory Usage (461884K) : gatpoly_noqrc has 0 polygons
2026-08-11 13:41:49 +0200: Memory Usage (463292K) : cont_drw has 46400 polygons
2026-08-11 13:41:49 +0200: Memory Usage (463292K) : cont_OPC has 0 polygons
2026-08-11 13:41:49 +0200: Memory Usage (463292K) : nsd_drw has 0 polygons
2026-08-11 13:41:49 +0200: Memory Usage (463292K) : nsd_block has 0 polygons
2026-08-11 13:41:49 +0200: Memory Usage (463292K) : metal1_drw has 312 polygons
2026-08-11 13:41:49 +0200: Memory Usage (463292K) : metal1_filler has 0 polygons
2026-08-11 13:41:49 +0200: Memory Usage (463292K) : metal1_slit has 0 polygons
2026-08-11 13:41:49 +0200: Memory Usage (463420K) : metal1 has 312 polygons
2026-08-11 13:41:49 +0200: Memory Usage (463420K) : metal1_pin has 57 polygons
2026-08-11 13:41:49 +0200: Memory Usage (463420K) : metal1_mask has 0 polygons
2026-08-11 13:41:49 +0200: Memory Usage (463420K) : metal1_nofill has 0 polygons
2026-08-11 13:41:49 +0200: Memory Usage (463548K) : metal1_text has 47 polygons
2026-08-11 13:41:49 +0200: Memory Usage (463548K) : metal1_OPC has 0 polygons
2026-08-11 13:41:49 +0200: Memory Usage (463548K) : metal1_noqrc has 0 polygons
2026-08-11 13:41:49 +0200: Memory Usage (463548K) : metal1_res has 0 polygons
2026-08-11 13:41:49 +0200: Memory Usage (463548K) : metal1_iprobe has 0 polygons
2026-08-11 13:41:49 +0200: Memory Usage (463548K) : metal1_diffprb has 0 polygons
2026-08-11 13:41:49 +0200: Memory Usage (463548K) : passiv_drw has 0 polygons
2026-08-11 13:41:49 +0200: Memory Usage (463548K) : passiv_pin has 0 polygons
2026-08-11 13:41:49 +0200: Memory Usage (463548K) : passiv_sbump has 0 polygons
2026-08-11 13:41:49 +0200: Memory Usage (463548K) : passiv_pillar has 0 polygons
2026-08-11 13:41:49 +0200: Memory Usage (463548K) : passiv_pdl has 0 polygons
2026-08-11 13:41:49 +0200: Memory Usage (463676K) : metal2_drw has 90 polygons
2026-08-11 13:41:49 +0200: Memory Usage (463676K) : metal2_filler has 0 polygons
2026-08-11 13:41:49 +0200: Memory Usage (463676K) : metal2_slit has 0 polygons
2026-08-11 13:41:49 +0200: Memory Usage (463676K) : metal2 has 90 polygons
2026-08-11 13:41:49 +0200: Memory Usage (463676K) : metal2_pin has 27 polygons
2026-08-11 13:41:49 +0200: Memory Usage (463676K) : metal2_mask has 0 polygons
2026-08-11 13:41:49 +0200: Memory Usage (463676K) : metal2_nofill has 0 polygons
2026-08-11 13:41:49 +0200: Memory Usage (463676K) : metal2_text has 27 polygons
2026-08-11 13:41:49 +0200: Memory Usage (463676K) : metal2_OPC has 0 polygons
2026-08-11 13:41:49 +0200: Memory Usage (463676K) : metal2_noqrc has 0 polygons
2026-08-11 13:41:49 +0200: Memory Usage (463676K) : metal2_res has 0 polygons
2026-08-11 13:41:49 +0200: Memory Usage (463676K) : metal2_iprobe has 0 polygons
2026-08-11 13:41:49 +0200: Memory Usage (463676K) : metal2_diffprb has 0 polygons
2026-08-11 13:41:49 +0200: Memory Usage (463676K) : baspoly_drw has 0 polygons
2026-08-11 13:41:49 +0200: Memory Usage (464060K) : baspoly_pin has 0 polygons
2026-08-11 13:41:49 +0200: Memory Usage (464060K) : psd_drw has 45 polygons
2026-08-11 13:41:49 +0200: Memory Usage (464060K) : nldb_drw has 0 polygons
2026-08-11 13:41:49 +0200: Memory Usage (464060K) : digibnd_drw has 0 polygons
2026-08-11 13:41:49 +0200: Memory Usage (464060K) : via1_drw has 1757 polygons
2026-08-11 13:41:49 +0200: Memory Usage (464060K) : backmetal1_drw has 0 polygons
2026-08-11 13:41:49 +0200: Memory Usage (464060K) : backmetal1_pin has 0 polygons
2026-08-11 13:41:49 +0200: Memory Usage (464060K) : backmetal1_mask has 0 polygons
2026-08-11 13:41:49 +0200: Memory Usage (464188K) : backmetal1_filler has 0 polygons
2026-08-11 13:41:49 +0200: Memory Usage (464188K) : backmetal1_nofill has 0 polygons
2026-08-11 13:41:49 +0200: Memory Usage (464316K) : backmetal1_slit has 0 polygons
2026-08-11 13:41:49 +0200: Memory Usage (464316K) : backmetal1_text has 0 polygons
2026-08-11 13:41:49 +0200: Memory Usage (464444K) : backmetal1_OPC has 0 polygons
2026-08-11 13:41:49 +0200: Memory Usage (464444K) : backmetal1_noqrc has 0 polygons
2026-08-11 13:41:49 +0200: Memory Usage (464572K) : backmetal1_res has 0 polygons
2026-08-11 13:41:49 +0200: Memory Usage (464572K) : backmetal1_iprobe has 0 polygons
2026-08-11 13:41:49 +0200: Memory Usage (464700K) : backmetal1_diffprb has 0 polygons
2026-08-11 13:41:49 +0200: Memory Usage (464828K) : backpassiv_drw has 0 polygons
2026-08-11 13:41:49 +0200: Memory Usage (464828K) : res_drw has 0 polygons
2026-08-11 13:41:49 +0200: Memory Usage (464956K) : sram_drw has 0 polygons
2026-08-11 13:41:49 +0200: Memory Usage (464956K) : trans_drw has 0 polygons
2026-08-11 13:41:49 +0200: Memory Usage (465084K) : ind_drw has 0 polygons
2026-08-11 13:41:49 +0200: Memory Usage (465084K) : ind_pin has 0 polygons
2026-08-11 13:41:49 +0200: Memory Usage (465212K) : ind_text has 0 polygons
2026-08-11 13:41:49 +0200: Memory Usage (465212K) : salblock_drw has 1 polygons
2026-08-11 13:41:49 +0200: Memory Usage (465340K) : via2_drw has 1442 polygons
2026-08-11 13:41:49 +0200: Memory Usage (465468K) : metal3_drw has 21 polygons
2026-08-11 13:41:49 +0200: Memory Usage (465468K) : metal3_filler has 0 polygons
2026-08-11 13:41:49 +0200: Memory Usage (465596K) : metal3_slit has 0 polygons
2026-08-11 13:41:49 +0200: Memory Usage (465724K) : metal3 has 21 polygons
2026-08-11 13:41:49 +0200: Memory Usage (465724K) : metal3_pin has 11 polygons
2026-08-11 13:41:49 +0200: Memory Usage (465852K) : metal3_mask has 0 polygons
2026-08-11 13:41:49 +0200: Memory Usage (465852K) : metal3_nofill has 0 polygons
2026-08-11 13:41:49 +0200: Memory Usage (465980K) : metal3_text has 11 polygons
2026-08-11 13:41:49 +0200: Memory Usage (465980K) : metal3_OPC has 0 polygons
2026-08-11 13:41:49 +0200: Memory Usage (466108K) : metal3_noqrc has 0 polygons
2026-08-11 13:41:49 +0200: Memory Usage (466108K) : metal3_res has 0 polygons
2026-08-11 13:41:49 +0200: Memory Usage (466236K) : metal3_iprobe has 0 polygons
2026-08-11 13:41:49 +0200: Memory Usage (466236K) : metal3_diffprb has 0 polygons
2026-08-11 13:41:49 +0200: Memory Usage (466364K) : nwell_drw has 29 polygons
2026-08-11 13:41:49 +0200: Memory Usage (466364K) : nwell_pin has 0 polygons
2026-08-11 13:41:49 +0200: Memory Usage (466492K) : nwell_text has 0 polygons
2026-08-11 13:41:49 +0200: Memory Usage (466492K) : nbulay_drw has 0 polygons
2026-08-11 13:41:49 +0200: Memory Usage (466620K) : nbulay_pin has 0 polygons
2026-08-11 13:41:49 +0200: Memory Usage (466620K) : nbulay_block has 0 polygons
2026-08-11 13:41:49 +0200: Memory Usage (466748K) : emwind_drw has 0 polygons
2026-08-11 13:41:49 +0200: Memory Usage (466876K) : emwind_OPC has 0 polygons
2026-08-11 13:41:49 +0200: Memory Usage (466876K) : deepco_drw has 0 polygons
2026-08-11 13:41:49 +0200: Memory Usage (467004K) : mim_drw has 0 polygons
2026-08-11 13:41:49 +0200: Memory Usage (467004K) : edgeseal_drw has 0 polygons
2026-08-11 13:41:49 +0200: Memory Usage (467132K) : substrate_drw has 29 polygons
2026-08-11 13:41:49 +0200: Memory Usage (467132K) : substrate_text has 0 polygons
2026-08-11 13:41:49 +0200: Memory Usage (467260K) : dfpad_drw has 0 polygons
2026-08-11 13:41:49 +0200: Memory Usage (467260K) : dfpad_pillar has 0 polygons
2026-08-11 13:41:49 +0200: Memory Usage (467388K) : dfpad_sbump has 0 polygons
2026-08-11 13:41:49 +0200: Memory Usage (467388K) : thickgateox_drw has 8 polygons
2026-08-11 13:41:49 +0200: Memory Usage (467516K) : pldb_drw has 0 polygons
2026-08-11 13:41:49 +0200: Memory Usage (467516K) : pwell_drw has 0 polygons
2026-08-11 13:41:49 +0200: Memory Usage (467644K) : pwell_pin has 0 polygons
2026-08-11 13:41:49 +0200: Memory Usage (467772K) : pwell_block has 0 polygons
2026-08-11 13:41:49 +0200: Memory Usage (467772K) : ic_drw has 0 polygons
2026-08-11 13:41:49 +0200: Memory Usage (467900K) : via3_drw has 2087 polygons
2026-08-11 13:41:49 +0200: Memory Usage (468028K) : metal4_drw has 8 polygons
2026-08-11 13:41:49 +0200: Memory Usage (468028K) : metal4_filler has 0 polygons
2026-08-11 13:41:49 +0200: Memory Usage (468156K) : metal4_slit has 0 polygons
2026-08-11 13:41:49 +0200: Memory Usage (468284K) : metal4 has 8 polygons
2026-08-11 13:41:49 +0200: Memory Usage (468284K) : metal4_pin has 8 polygons
2026-08-11 13:41:49 +0200: Memory Usage (468412K) : metal4_mask has 0 polygons
2026-08-11 13:41:49 +0200: Memory Usage (468412K) : metal4_nofill has 0 polygons
2026-08-11 13:41:49 +0200: Memory Usage (468540K) : metal4_text has 8 polygons
2026-08-11 13:41:49 +0200: Memory Usage (468540K) : metal4_OPC has 0 polygons
2026-08-11 13:41:49 +0200: Memory Usage (468668K) : metal4_noqrc has 0 polygons
2026-08-11 13:41:49 +0200: Memory Usage (468668K) : metal4_res has 0 polygons
2026-08-11 13:41:49 +0200: Memory Usage (468796K) : metal4_iprobe has 0 polygons
2026-08-11 13:41:49 +0200: Memory Usage (468796K) : metal4_diffprb has 0 polygons
2026-08-11 13:41:49 +0200: Memory Usage (468924K) : heattrans_drw has 6 polygons
2026-08-11 13:41:49 +0200: Memory Usage (469052K) : heatres_drw has 0 polygons
2026-08-11 13:41:49 +0200: Memory Usage (469052K) : fbe_drw has 0 polygons
2026-08-11 13:41:49 +0200: Memory Usage (469180K) : empoly_drw has 0 polygons
2026-08-11 13:41:49 +0200: Memory Usage (469180K) : digisub_drw has 0 polygons
2026-08-11 13:41:49 +0200: Memory Usage (469308K) : text_drw has 29 polygons
2026-08-11 13:41:49 +0200: Memory Usage (469308K) : via4_drw has 2371 polygons
2026-08-11 13:41:49 +0200: Memory Usage (469436K) : metal5_drw has 8 polygons
2026-08-11 13:41:49 +0200: Memory Usage (469564K) : metal5_filler has 0 polygons
2026-08-11 13:41:49 +0200: Memory Usage (469564K) : metal5_slit has 0 polygons
2026-08-11 13:41:49 +0200: Memory Usage (469692K) : metal5 has 8 polygons
2026-08-11 13:41:49 +0200: Memory Usage (469820K) : metal5_pin has 8 polygons
2026-08-11 13:41:49 +0200: Memory Usage (469820K) : metal5_mask has 0 polygons
2026-08-11 13:41:49 +0200: Memory Usage (469948K) : metal5_nofill has 0 polygons
2026-08-11 13:41:49 +0200: Memory Usage (469948K) : metal5_text has 8 polygons
2026-08-11 13:41:49 +0200: Memory Usage (470076K) : metal5_OPC has 0 polygons
2026-08-11 13:41:49 +0200: Memory Usage (470076K) : metal5_noqrc has 0 polygons
2026-08-11 13:41:49 +0200: Memory Usage (470204K) : metal5_res has 0 polygons
2026-08-11 13:41:49 +0200: Memory Usage (470204K) : metal5_iprobe has 0 polygons
2026-08-11 13:41:49 +0200: Memory Usage (470332K) : metal5_diffprb has 0 polygons
2026-08-11 13:41:49 +0200: Memory Usage (470460K) : radhard_drw has 0 polygons
2026-08-11 13:41:49 +0200: Memory Usage (470460K) : memcap_drw has 0 polygons
2026-08-11 13:41:49 +0200: Memory Usage (470588K) : varicap_drw has 0 polygons
2026-08-11 13:41:49 +0200: Memory Usage (470588K) : intbondvia_drw has 0 polygons
2026-08-11 13:41:49 +0200: Memory Usage (470716K) : intbondmet_drw has 0 polygons
2026-08-11 13:41:49 +0200: Memory Usage (470716K) : devbondvia_drw has 0 polygons
2026-08-11 13:41:49 +0200: Memory Usage (470844K) : devbondmet_drw has 0 polygons
2026-08-11 13:41:49 +0200: Memory Usage (470844K) : devtrench_drw has 0 polygons
2026-08-11 13:41:49 +0200: Memory Usage (470972K) : redist_drw has 0 polygons
2026-08-11 13:41:49 +0200: Memory Usage (470972K) : graphbot_drw has 0 polygons
2026-08-11 13:41:49 +0200: Memory Usage (471100K) : graphtop_drw has 0 polygons
2026-08-11 13:41:49 +0200: Memory Usage (471228K) : antvia1_drw has 0 polygons
2026-08-11 13:41:49 +0200: Memory Usage (471228K) : antmetal2_drw has 0 polygons
2026-08-11 13:41:49 +0200: Memory Usage (471356K) : graphcont_drw has 0 polygons
2026-08-11 13:41:49 +0200: Memory Usage (471356K) : siwg_drw has 0 polygons
2026-08-11 13:41:49 +0200: Memory Usage (471484K) : siwg_filler has 0 polygons
2026-08-11 13:41:49 +0200: Memory Usage (471484K) : siwg_nofill has 0 polygons
2026-08-11 13:41:49 +0200: Memory Usage (471612K) : sigrating_drw has 0 polygons
2026-08-11 13:41:49 +0200: Memory Usage (471612K) : singrating_drw has 0 polygons
2026-08-11 13:41:49 +0200: Memory Usage (471740K) : graphpas_drw has 0 polygons
2026-08-11 13:41:49 +0200: Memory Usage (471740K) : emwind3_drw has 0 polygons
2026-08-11 13:41:49 +0200: Memory Usage (471868K) : emwihv3_drw has 0 polygons
2026-08-11 13:41:49 +0200: Memory Usage (471996K) : redbulay_drw has 0 polygons
2026-08-11 13:41:49 +0200: Memory Usage (471996K) : smos_drw has 0 polygons
2026-08-11 13:41:49 +0200: Memory Usage (472124K) : graphpad_drw has 0 polygons
2026-08-11 13:41:49 +0200: Memory Usage (472124K) : polimide_drw has 0 polygons
2026-08-11 13:41:49 +0200: Memory Usage (472252K) : polimide_pin has 0 polygons
2026-08-11 13:41:49 +0200: Memory Usage (472252K) : recog_drw has 0 polygons
2026-08-11 13:41:49 +0200: Memory Usage (472380K) : recog_pin has 0 polygons
2026-08-11 13:41:49 +0200: Memory Usage (472380K) : recog_esd has 0 polygons
2026-08-11 13:41:49 +0200: Memory Usage (472508K) : recog_diode has 8 polygons
2026-08-11 13:41:49 +0200: Memory Usage (472508K) : recog_tsv has 0 polygons
2026-08-11 13:41:49 +0200: Memory Usage (472636K) : recog_iprobe has 0 polygons
2026-08-11 13:41:49 +0200: Memory Usage (472636K) : recog_diffprb has 0 polygons
2026-08-11 13:41:49 +0200: Memory Usage (472764K) : recog_pillar has 0 polygons
2026-08-11 13:41:49 +0200: Memory Usage (472892K) : recog_sbump has 0 polygons
2026-08-11 13:41:49 +0200: Memory Usage (472892K) : recog_otp has 0 polygons
2026-08-11 13:41:49 +0200: Memory Usage (473020K) : recog_pdiode has 0 polygons
2026-08-11 13:41:49 +0200: Memory Usage (473020K) : recog_mom has 0 polygons
2026-08-11 13:41:49 +0200: Memory Usage (473148K) : recog_pcm has 0 polygons
2026-08-11 13:41:49 +0200: Memory Usage (473148K) : colopen_drw has 0 polygons
2026-08-11 13:41:49 +0200: Memory Usage (473276K) : graphmetal1_drw has 0 polygons
2026-08-11 13:41:49 +0200: Memory Usage (473276K) : graphmetal1_filler has 0 polygons
2026-08-11 13:41:49 +0200: Memory Usage (473404K) : graphmetal1_nofill has 0 polygons
2026-08-11 13:41:49 +0200: Memory Usage (473404K) : graphmetal1_slit has 0 polygons
2026-08-11 13:41:49 +0200: Memory Usage (473532K) : graphmetal1_OPC has 0 polygons
2026-08-11 13:41:49 +0200: Memory Usage (473660K) : graphmet1l_drw has 0 polygons
2026-08-11 13:41:49 +0200: Memory Usage (473660K) : graphmet1l_filler has 0 polygons
2026-08-11 13:41:49 +0200: Memory Usage (473788K) : graphmet1l_nofill has 0 polygons
2026-08-11 13:41:49 +0200: Memory Usage (473788K) : graphmet1l_slit has 0 polygons
2026-08-11 13:41:49 +0200: Memory Usage (473916K) : graphmet1l_OPC has 0 polygons
2026-08-11 13:41:49 +0200: Memory Usage (473916K) : extblock_drw has 1 polygons
2026-08-11 13:41:49 +0200: Memory Usage (474044K) : nldd_drw has 0 polygons
2026-08-11 13:41:49 +0200: Memory Usage (474044K) : pldd_drw has 0 polygons
2026-08-11 13:41:49 +0200: Memory Usage (474172K) : next_drw has 0 polygons
2026-08-11 13:41:49 +0200: Memory Usage (474172K) : pext_drw has 0 polygons
2026-08-11 13:41:49 +0200: Memory Usage (474300K) : nexthv_drw has 0 polygons
2026-08-11 13:41:49 +0200: Memory Usage (474428K) : pexthv_drw has 0 polygons
2026-08-11 13:41:49 +0200: Memory Usage (474428K) : graphgate_drw has 0 polygons
2026-08-11 13:41:49 +0200: Memory Usage (474556K) : sinwg_drw has 0 polygons
2026-08-11 13:41:49 +0200: Memory Usage (474556K) : sinwg_filler has 0 polygons
2026-08-11 13:41:49 +0200: Memory Usage (474684K) : sinwg_nofill has 0 polygons
2026-08-11 13:41:49 +0200: Memory Usage (474684K) : mempad_drw has 0 polygons
2026-08-11 13:41:49 +0200: Memory Usage (474812K) : topvia1_drw has 2315 polygons
2026-08-11 13:41:49 +0200: Memory Usage (474940K) : topmetal1_drw has 8 polygons
2026-08-11 13:41:49 +0200: Memory Usage (474940K) : topmetal1_filler has 0 polygons
2026-08-11 13:41:50 +0200: Memory Usage (475068K) : topmetal1_slit has 0 polygons
2026-08-11 13:41:50 +0200: Memory Usage (475196K) : topmetal1 has 8 polygons
2026-08-11 13:41:50 +0200: Memory Usage (475196K) : topmetal1_pin has 8 polygons
2026-08-11 13:41:50 +0200: Memory Usage (475324K) : topmetal1_mask has 0 polygons
2026-08-11 13:41:50 +0200: Memory Usage (475324K) : topmetal1_nofill has 0 polygons
2026-08-11 13:41:50 +0200: Memory Usage (475452K) : topmetal1_text has 8 polygons
2026-08-11 13:41:50 +0200: Memory Usage (475580K) : topmetal1_noqrc has 0 polygons
2026-08-11 13:41:50 +0200: Memory Usage (475580K) : topmetal1_res has 0 polygons
2026-08-11 13:41:50 +0200: Memory Usage (475708K) : topmetal1_iprobe has 0 polygons
2026-08-11 13:41:50 +0200: Memory Usage (475708K) : topmetal1_diffprb has 0 polygons
2026-08-11 13:41:50 +0200: Memory Usage (475836K) : inldpwl_drw has 0 polygons
2026-08-11 13:41:50 +0200: Memory Usage (475836K) : polyres_drw has 1 polygons
2026-08-11 13:41:50 +0200: Memory Usage (475964K) : polyres_pin has 0 polygons
2026-08-11 13:41:50 +0200: Memory Usage (475964K) : vmim_drw has 0 polygons
2026-08-11 13:41:50 +0200: Memory Usage (476092K) : nbulaycut_drw has 0 polygons
2026-08-11 13:41:50 +0200: Memory Usage (476092K) : antmetal1_drw has 0 polygons
2026-08-11 13:41:50 +0200: Memory Usage (476220K) : topvia2_drw has 1593 polygons
2026-08-11 13:41:50 +0200: Memory Usage (476348K) : topmetal2_drw has 6 polygons
2026-08-11 13:41:50 +0200: Memory Usage (476348K) : topmetal2_filler has 0 polygons
2026-08-11 13:41:50 +0200: Memory Usage (476476K) : topmetal2_slit has 0 polygons
2026-08-11 13:41:50 +0200: Memory Usage (476604K) : topmetal2 has 6 polygons
2026-08-11 13:41:50 +0200: Memory Usage (476604K) : topmetal2_pin has 6 polygons
2026-08-11 13:41:50 +0200: Memory Usage (476732K) : topmetal2_mask has 0 polygons
2026-08-11 13:41:50 +0200: Memory Usage (476860K) : topmetal2_nofill has 0 polygons
2026-08-11 13:41:50 +0200: Memory Usage (476860K) : topmetal2_text has 6 polygons
2026-08-11 13:41:50 +0200: Memory Usage (476988K) : topmetal2_noqrc has 0 polygons
2026-08-11 13:41:50 +0200: Memory Usage (476988K) : topmetal2_res has 0 polygons
2026-08-11 13:41:50 +0200: Memory Usage (477116K) : topmetal2_iprobe has 0 polygons
2026-08-11 13:41:50 +0200: Memory Usage (477116K) : topmetal2_diffprb has 0 polygons
2026-08-11 13:41:50 +0200: Memory Usage (477244K) : snsring_drw has 0 polygons
2026-08-11 13:41:50 +0200: Memory Usage (477244K) : sensor_drw has 0 polygons
2026-08-11 13:41:50 +0200: Memory Usage (477372K) : snsarms_drw has 0 polygons
2026-08-11 13:41:50 +0200: Memory Usage (477500K) : snscmosvia_drw has 0 polygons
2026-08-11 13:41:50 +0200: Memory Usage (477500K) : colwind_drw has 0 polygons
2026-08-11 13:41:50 +0200: Memory Usage (477628K) : flm_drw has 0 polygons
2026-08-11 13:41:50 +0200: Memory Usage (477628K) : hafniumox_drw has 0 polygons
2026-08-11 13:41:50 +0200: Memory Usage (477756K) : memvia_drw has 0 polygons
2026-08-11 13:41:50 +0200: Memory Usage (477756K) : thinfilmres_drw has 0 polygons
2026-08-11 13:41:50 +0200: Memory Usage (477884K) : rfmem_drw has 0 polygons
2026-08-11 13:41:50 +0200: Memory Usage (477884K) : norcx_drw has 0 polygons
2026-08-11 13:41:50 +0200: Memory Usage (477884K) : norcx_m2m3 has 0 polygons
2026-08-11 13:41:50 +0200: Memory Usage (477884K) : norcx_m2m4 has 0 polygons
2026-08-11 13:41:50 +0200: Memory Usage (477884K) : norcx_m2m5 has 0 polygons
2026-08-11 13:41:50 +0200: Memory Usage (477884K) : norcx_m2tm1 has 0 polygons
2026-08-11 13:41:50 +0200: Memory Usage (477884K) : norcx_m2tm2 has 0 polygons
2026-08-11 13:41:50 +0200: Memory Usage (477884K) : norcx_m3m4 has 0 polygons
2026-08-11 13:41:50 +0200: Memory Usage (477884K) : norcx_m3m5 has 0 polygons
2026-08-11 13:41:50 +0200: Memory Usage (477884K) : norcx_m3tm1 has 0 polygons
2026-08-11 13:41:50 +0200: Memory Usage (477884K) : norcx_m3tm2 has 0 polygons
2026-08-11 13:41:50 +0200: Memory Usage (477884K) : norcx_m4m5 has 0 polygons
2026-08-11 13:41:50 +0200: Memory Usage (477884K) : norcx_m4tm1 has 0 polygons
2026-08-11 13:41:50 +0200: Memory Usage (477884K) : norcx_m4tm2 has 0 polygons
2026-08-11 13:41:50 +0200: Memory Usage (477884K) : norcx_m5tm1 has 0 polygons
2026-08-11 13:41:50 +0200: Memory Usage (477884K) : norcx_m5tm2 has 0 polygons
2026-08-11 13:41:50 +0200: Memory Usage (477884K) : norcx_tm1tm2 has 0 polygons
2026-08-11 13:41:50 +0200: Memory Usage (477884K) : norcx_m1sub has 0 polygons
2026-08-11 13:41:50 +0200: Memory Usage (477884K) : norcx_m2sub has 0 polygons
2026-08-11 13:41:50 +0200: Memory Usage (477884K) : norcx_m3sub has 0 polygons
2026-08-11 13:41:50 +0200: Memory Usage (477884K) : norcx_m4sub has 0 polygons
2026-08-11 13:41:50 +0200: Memory Usage (477884K) : norcx_m5sub has 0 polygons
2026-08-11 13:41:50 +0200: Memory Usage (477884K) : norcx_tm1sub has 0 polygons
2026-08-11 13:41:50 +0200: Memory Usage (477884K) : norcx_tm2sub has 0 polygons
2026-08-11 13:41:50 +0200: Memory Usage (477884K) : snsbotvia_drw has 0 polygons
2026-08-11 13:41:50 +0200: Memory Usage (477884K) : snstopvia_drw has 0 polygons
2026-08-11 13:41:50 +0200: Memory Usage (477884K) : deepvia_drw has 0 polygons
2026-08-11 13:41:50 +0200: Memory Usage (477884K) : fgetch_drw has 0 polygons
2026-08-11 13:41:50 +0200: Memory Usage (477884K) : ctrgat_drw has 0 polygons
2026-08-11 13:41:50 +0200: Memory Usage (477884K) : fgimp_drw has 0 polygons
2026-08-11 13:41:50 +0200: Memory Usage (477884K) : emwihv_drw has 0 polygons
2026-08-11 13:41:50 +0200: Memory Usage (477884K) : lbe_drw has 0 polygons
2026-08-11 13:41:50 +0200: Memory Usage (477884K) : alcustop_drw has 0 polygons
2026-08-11 13:41:50 +0200: Memory Usage (477884K) : nometfiller_drw has 0 polygons
2026-08-11 13:41:50 +0200: Memory Usage (477884K) : prboundary_drw has 0 polygons
2026-08-11 13:41:50 +0200: Memory Usage (477884K) : exchange0_drw has 0 polygons
2026-08-11 13:41:50 +0200: Memory Usage (477884K) : exchange0_pin has 0 polygons
2026-08-11 13:41:50 +0200: Memory Usage (477884K) : exchange0_text has 0 polygons
2026-08-11 13:41:50 +0200: Memory Usage (477884K) : exchange1_drw has 0 polygons
2026-08-11 13:41:50 +0200: Memory Usage (477884K) : exchange1_pin has 0 polygons
2026-08-11 13:41:50 +0200: Memory Usage (477884K) : exchange1_text has 0 polygons
2026-08-11 13:41:50 +0200: Memory Usage (477884K) : exchange2_drw has 0 polygons
2026-08-11 13:41:50 +0200: Memory Usage (477884K) : exchange2_pin has 0 polygons
2026-08-11 13:41:50 +0200: Memory Usage (477884K) : exchange2_text has 0 polygons
2026-08-11 13:41:50 +0200: Memory Usage (477884K) : exchange3_drw has 0 polygons
2026-08-11 13:41:50 +0200: Memory Usage (477884K) : exchange3_pin has 0 polygons
2026-08-11 13:41:50 +0200: Memory Usage (477884K) : exchange3_text has 0 polygons
2026-08-11 13:41:50 +0200: Memory Usage (477884K) : exchange4_drw has 0 polygons
2026-08-11 13:41:50 +0200: Memory Usage (477884K) : exchange4_pin has 0 polygons
2026-08-11 13:41:50 +0200: Memory Usage (477884K) : exchange4_text has 0 polygons
2026-08-11 13:41:50 +0200: Memory Usage (477884K) : isonwell_drw has 0 polygons
2026-08-11 13:41:50 +0200: Memory Usage (477884K) : Total no. of polygons in the design is 58986
2026-08-11 13:41:50 +0200: Memory Usage (477884K) : Starting base layers derivations
2026-08-11 13:41:50 +0200: Memory Usage (477884K) : Starting general LVS derivations
2026-08-11 13:41:50 +0200: Memory Usage (481852K) : Starting MOSFET DERIVATIONS
2026-08-11 13:41:50 +0200: Memory Usage (482628K) : Starting NMOS DERIVATIONS
2026-08-11 13:41:50 +0200: Memory Usage (482628K) : Starting PMOS DERIVATIONS
2026-08-11 13:41:50 +0200: Memory Usage (482628K) : Starting RF-MOSFET DERIVATIONS
2026-08-11 13:41:50 +0200: Memory Usage (482628K) : Starting RF-NMOS DERIVATIONS
2026-08-11 13:41:50 +0200: Memory Usage (482628K) : Starting RF-PMOS DERIVATIONS
2026-08-11 13:41:50 +0200: Memory Usage (482628K) : Starting BJT DERIVATIONS
2026-08-11 13:41:50 +0200: Memory Usage (482628K) : Starting NPN-BJT DERIVATIONS
2026-08-11 13:41:50 +0200: Memory Usage (482628K) : Starting PNP-BJT DERIVATIONS
2026-08-11 13:41:51 +0200: Memory Usage (482628K) : Starting DIODE DERIVATIONS
2026-08-11 13:41:51 +0200: Memory Usage (482468K) : Starting RESISTOR DERIVATIONS
2026-08-11 13:41:51 +0200: Memory Usage (482596K) : Starting CAP DERIVATIONS
2026-08-11 13:41:51 +0200: Memory Usage (482596K) : Starting CAP_CMOM DERIVATIONS
2026-08-11 13:41:51 +0200: Memory Usage (482596K) : Starting ESD DERIVATIONS
2026-08-11 13:41:52 +0200: Memory Usage (482596K) : Starting Inductor DERIVATIONS
2026-08-11 13:41:52 +0200: Memory Usage (482596K) : Starting Taps DERIVATIONS
2026-08-11 13:41:52 +0200: Memory Usage (482596K) : Starting SG13G2 LVS connectivity setup
2026-08-11 13:41:52 +0200: Memory Usage (482596K) : Starting SG13G2 LVS connectivity setup (Inter-layer)
2026-08-11 13:41:52 +0200: Memory Usage (482724K) : Starting SG13G2 LVS connectivity setup (Global)
2026-08-11 13:41:52 +0200: Memory Usage (482724K) : Starting LVS MOSFET CONNECTIONS
2026-08-11 13:41:52 +0200: Memory Usage (482724K) : Starting LVS RF-MOSFET CONNECTIONS
2026-08-11 13:41:52 +0200: Memory Usage (482724K) : Starting LVS BJT CONNECTIONS
2026-08-11 13:41:52 +0200: Memory Usage (482724K) : Starting LVS DIODE CONNECTIONS
2026-08-11 13:41:52 +0200: Memory Usage (482724K) : Starting RESISTOR CONNECTIONS
2026-08-11 13:41:52 +0200: Memory Usage (482724K) : Starting LVS CAP CONNECTIONS
2026-08-11 13:41:52 +0200: Memory Usage (482724K) : Starting CAP_CMOM CONNECTIONS
2026-08-11 13:41:52 +0200: Memory Usage (482724K) : Starting ESD CONNECTIONS
2026-08-11 13:41:52 +0200: Memory Usage (482724K) : Starting Inductor CONNECTIONS
2026-08-11 13:41:52 +0200: Memory Usage (482724K) : Starting LVS Taps CONNECTIONS
2026-08-11 13:41:52 +0200: Memory Usage (482724K) : Starting SG13G2 LVS DEVICES EXTRACTION
2026-08-11 13:41:52 +0200: Memory Usage (482724K) : Starting MOSFET EXTRACTION
2026-08-11 13:41:52 +0200: Memory Usage (482724K) : Starting NMOS EXTRACTION
2026-08-11 13:41:52 +0200: Memory Usage (482724K) : Extraction of NMOS-LV transistor
2026-08-11 13:41:52 +0200: Memory Usage (482980K) : Extraction of NMOS-HV transistor
2026-08-11 13:41:52 +0200: Memory Usage (482980K) : Starting PMOS EXTRACTION
2026-08-11 13:41:52 +0200: Memory Usage (482980K) : Extraction of PMOS-LV transistor
2026-08-11 13:41:52 +0200: Memory Usage (482980K) : Extraction of PMOS-HV transistor
2026-08-11 13:41:52 +0200: Memory Usage (482980K) : Starting RF-MOSFET EXTRACTION
2026-08-11 13:41:52 +0200: Memory Usage (482980K) : Extraction of RF-NMOS-LV transistor
2026-08-11 13:41:52 +0200: Memory Usage (482980K) : Extraction of RF-NMOS-HV transistor
2026-08-11 13:41:52 +0200: Memory Usage (482980K) : Extraction of RF-PMOS-LV transistor
2026-08-11 13:41:52 +0200: Memory Usage (482980K) : Extraction of RF-PMOS-HV transistor
2026-08-11 13:41:52 +0200: Memory Usage (482980K) : Starting BJT EXTRACTION
2026-08-11 13:41:52 +0200: Memory Usage (482980K) : Starting NPN-BJT EXTRACTION
2026-08-11 13:41:52 +0200: Memory Usage (482980K) : Extraction of npn13G2 BJT transistor
2026-08-11 13:41:52 +0200: Memory Usage (482980K) : Extraction of npn13G2L BJT transistor
2026-08-11 13:41:52 +0200: Memory Usage (482980K) : Extraction of npn13G2V BJT transistor
2026-08-11 13:41:52 +0200: Memory Usage (482980K) : Starting PNP-BJT EXTRACTION
2026-08-11 13:41:52 +0200: Memory Usage (482980K) : Extracting pnpMPA BJT
2026-08-11 13:41:52 +0200: Memory Usage (482980K) : Starting DIODE EXTRACTION
2026-08-11 13:41:52 +0200: Memory Usage (482980K) : Extracting dantenna diode
2026-08-11 13:41:52 +0200: Memory Usage (482980K) : Extracting dpantenna diode
2026-08-11 13:41:52 +0200: Memory Usage (482980K) : Extracting schottky_nbl1 diode
2026-08-11 13:41:52 +0200: Memory Usage (482980K) : Extracting isolbox diode
2026-08-11 13:41:52 +0200: Memory Usage (482980K) : Starting RESISTOR EXTRACTION
2026-08-11 13:41:52 +0200: Memory Usage (482980K) : Extracting rsil resistor
2026-08-11 13:41:52 +0200: Memory Usage (482980K) : Extracting rppd resistor
2026-08-11 13:41:52 +0200: Memory Usage (482980K) : Extracting rhigh resistor
2026-08-11 13:41:52 +0200: Memory Usage (482980K) : Extracting res_metal1 resistor
2026-08-11 13:41:52 +0200: Memory Usage (482980K) : Extracting res_metal2 resistor
2026-08-11 13:41:52 +0200: Memory Usage (482980K) : Extracting res_metal3 resistor
2026-08-11 13:41:52 +0200: Memory Usage (482980K) : Extracting res_metal4 resistor
2026-08-11 13:41:52 +0200: Memory Usage (482980K) : Extracting res_metal5 resistor
2026-08-11 13:41:52 +0200: Memory Usage (482980K) : Extracting res_topmetal1 resistor
2026-08-11 13:41:52 +0200: Memory Usage (482980K) : Extracting res_topmetal2 resistor
2026-08-11 13:41:52 +0200: Memory Usage (482980K) : Starting CAP EXTRACTION
2026-08-11 13:41:52 +0200: Memory Usage (482980K) : Extracting cap_cmim device
2026-08-11 13:41:52 +0200: Memory Usage (482980K) : Extracting rfcmim device
2026-08-11 13:41:52 +0200: Memory Usage (482980K) : Extracting sg13_hv_svaricap varactor
2026-08-11 13:41:52 +0200: Memory Usage (482980K) : Extracting cap_cmomi device
2026-08-11 13:41:52 +0200: Memory Usage (482980K) : Extracting sg13_moscap_n capacitor
2026-08-11 13:41:52 +0200: Memory Usage (482980K) : Extracting sg13_moscap_p capacitor
2026-08-11 13:41:52 +0200: Memory Usage (482980K) : Starting ESD EXTRACTION
2026-08-11 13:41:52 +0200: Memory Usage (482980K) : Extracting diodevdd_2kv ESD device
2026-08-11 13:41:52 +0200: Memory Usage (482980K) : Extracting diodevdd_4kv ESD device
2026-08-11 13:41:52 +0200: Memory Usage (482980K) : Extracting diodevss_2kv ESD device
2026-08-11 13:41:52 +0200: Memory Usage (482980K) : Extracting diodevss_4kv ESD device
2026-08-11 13:41:52 +0200: Memory Usage (482980K) : Extracting idiodevdd_2kv ESD device
2026-08-11 13:41:52 +0200: Memory Usage (482980K) : Extracting idiodevdd_4kv ESD device
2026-08-11 13:41:52 +0200: Memory Usage (482980K) : Extracting idiodevss_2kv ESD device
2026-08-11 13:41:52 +0200: Memory Usage (482980K) : Extracting idiodevss_4kv ESD device
2026-08-11 13:41:52 +0200: Memory Usage (482980K) : Extracting nmoscl_2 ESD device
2026-08-11 13:41:52 +0200: Memory Usage (482980K) : Extracting nmoscl_4 ESD device
2026-08-11 13:41:52 +0200: Memory Usage (482980K) : Starting Inductor EXTRACTION
2026-08-11 13:41:52 +0200: Memory Usage (482980K) : Extracting Inductor2 device
2026-08-11 13:41:52 +0200: Memory Usage (482980K) : Extracting Inductor3 device
2026-08-11 13:41:52 +0200: Memory Usage (482980K) : Starting Taps EXTRACTION
2026-08-11 13:41:52 +0200: Memory Usage (482980K) : Extracting ntap1 device
2026-08-11 13:41:52 +0200: Memory Usage (482980K) : Extracting ptap1 device
2026-08-11 13:41:52 +0200: Memory Usage (482980K) : Starting SG13G2 LVS RF MOS Model Mapping
2026-08-11 13:41:53 +0200: Memory Usage (494628K) : [layout_netlist] Apply RF MOS model mapping and rfmode parameter.
2026-08-11 13:41:53 +0200: Memory Usage (494628K) : Starting SG13G2 LVS Options Preparations
2026-08-11 13:41:53 +0200: Memory Usage (494628K) : SG13G2 LVS flow: extraction -> alignment -> option preparation -> comparison.
2026-08-11 13:41:53 +0200: Memory Usage (494628K) : Starting SG13G2 LVS Alignment
2026-08-11 13:41:53 +0200: Memory Usage (494628K) : Starting SG13G2 LVS Simplification
2026-08-11 13:41:53 +0200: Memory Usage (494628K) : [layout_netlist] simplify: ENABLED
2026-08-11 13:41:53 +0200: Memory Usage (494628K) : [layout_netlist] make_top_level_pins: SKIPPED
2026-08-11 13:41:53 +0200: Memory Usage (494628K) : [layout_netlist] combine_devices: ENABLED
2026-08-11 13:41:53 +0200: Memory Usage (494628K) : [layout_netlist] purge: SKIPPED
2026-08-11 13:41:53 +0200: Memory Usage (494628K) : [layout_netlist] purge_nets: SKIPPED
2026-08-11 13:41:53 +0200: Memory Usage (494628K) : [schematic_netlist] simplify: ENABLED
2026-08-11 13:41:53 +0200: Memory Usage (494628K) : [schematic_netlist] make_top_level_pins: SKIPPED
2026-08-11 13:41:53 +0200: Memory Usage (494628K) : [schematic_netlist] combine_devices: ENABLED
2026-08-11 13:41:53 +0200: Memory Usage (494628K) : [schematic_netlist] purge: SKIPPED
2026-08-11 13:41:53 +0200: Memory Usage (494628K) : [schematic_netlist] purge_nets: SKIPPED
2026-08-11 13:41:53 +0200: Memory Usage (494628K) : Starting SG13G2 LVS Comparison
2026-08-11 13:41:53 +0200: Memory Usage (494756K) : ==========================================
2026-08-11 13:41:53 +0200: Memory Usage (494756K) : INFO : Congratulations! Netlists match.
2026-08-11 13:41:53 +0200: Memory Usage (494756K) : ==========================================
2026-08-11 13:41:53 +0200: Memory Usage (494756K) : LVS Total Run time 4.168486 seconds
