10-Aug-2026 16:37:21 | INFO    | Your Klayout version is: KLayout 0.30.10 (required >= 0.30.5)
10-Aug-2026 16:37:21 | INFO    | Running SG13G2 LVS checks on design /foss/designs/ihp-open-pdk-regression/IOPADS/layout/sg13g2_IOPadOut16mA.gds on cell sg13g2_IOPadOut16mA
2026-08-10 16:37:23 +0200: Memory Usage (455516K) : Starting running SG13G2 Klayout LVS runset on /foss/designs/ihp-open-pdk-regression/IOPADS/layout/sg13g2_IOPadOut16mA.gds
2026-08-10 16:37:23 +0200: Memory Usage (455516K) : Ruby Version for klayout: 3.2.3
2026-08-10 16:37:23 +0200: Memory Usage (457052K) : Loading database to memory is complete.
2026-08-10 16:37:23 +0200: Memory Usage (457052K) : SG13G2 Klayout LVS runset output at: /foss/designs/ihp-open-pdk-regression/IOPADS/lvs_sweep/20260810_163620/sg13g2_IOPadOut16mA/sg13g2_IOPadOut16mA.lvsdb
2026-08-10 16:37:23 +0200: Memory Usage (457052K) : Evaluate switches.
2026-08-10 16:37:23 +0200: Memory Usage (457052K) : Extracted netlist with net names: true
2026-08-10 16:37:23 +0200: Memory Usage (457052K) : Extracted netlist with comments in details: false
2026-08-10 16:37:23 +0200: Memory Usage (457052K) : Selected NET_ONLY option: false
2026-08-10 16:37:23 +0200: Memory Usage (457052K) : Selected LAYOUT_NETLIST option: (none)
2026-08-10 16:37:23 +0200: Memory Usage (457052K) : Selected IGNORE_TOP_PORTS_MISMATCH option: true
2026-08-10 16:37:23 +0200: Memory Usage (457052K) : Selected IMPLICIT_NETS option: iovss,iovdd,vss,vdd,pad,cathode,anode
2026-08-10 16:37:23 +0200: Memory Usage (457052K) : Selected TOP_LVL_PINS option: false
2026-08-10 16:37:23 +0200: Memory Usage (457052K) : Selected COMBINE DEVICES option: true
2026-08-10 16:37:23 +0200: Memory Usage (457052K) : Selected PURGE option: false
2026-08-10 16:37:23 +0200: Memory Usage (457052K) : Selected PURGE_NETS option: false
2026-08-10 16:37:23 +0200: Memory Usage (457052K) : Selected SIMPLIFY option: true
2026-08-10 16:37:23 +0200: Memory Usage (457052K) : Selected SERIES_RES option: true
2026-08-10 16:37:23 +0200: Memory Usage (457180K) : Selected PARALLEL_RES option: true
2026-08-10 16:37:23 +0200: Memory Usage (457180K) : Selected DISABLE_TAP_EXTRACTION option: false
2026-08-10 16:37:23 +0200: Memory Usage (457180K) : deep  mode is enabled.
2026-08-10 16:37:23 +0200: Memory Usage (457180K) : Applying implicit connections (case-sensitive, pattern supported) for nets: iovss, iovdd, vss, vdd, pad, cathode, anode
2026-08-10 16:37:23 +0200: Memory Usage (458460K) : Netlist file: /foss/designs/ihp-open-pdk-regression/IOPADS/netlist/pads_sub/sg13g2_IOPadOut16mA.spi
2026-08-10 16:37:23 +0200: Memory Usage (458460K) : LVS extracted netlist at: /foss/designs/ihp-open-pdk-regression/IOPADS/lvs_sweep/20260810_163620/sg13g2_IOPadOut16mA/sg13g2_IOPadOut16mA_extracted.cir
2026-08-10 16:37:23 +0200: Memory Usage (458460K) : Applying SRAM integration support.
2026-08-10 16:37:23 +0200: Memory Usage (458460K) : Starting SG13G2 LVS runset
2026-08-10 16:37:23 +0200: Memory Usage (458460K) : Read in polygons from layers.
2026-08-10 16:37:23 +0200: Memory Usage (459740K) : activ_drw has 75 polygons
2026-08-10 16:37:23 +0200: Memory Usage (459868K) : activ_filler has 0 polygons
2026-08-10 16:37:23 +0200: Memory Usage (459868K) : activ has 75 polygons
2026-08-10 16:37:23 +0200: Memory Usage (459868K) : activ_pin has 0 polygons
2026-08-10 16:37:23 +0200: Memory Usage (459868K) : activ_mask has 0 polygons
2026-08-10 16:37:23 +0200: Memory Usage (459868K) : activ_nofill has 0 polygons
2026-08-10 16:37:23 +0200: Memory Usage (459868K) : activ_OPC has 0 polygons
2026-08-10 16:37:23 +0200: Memory Usage (459868K) : activ_iOPC has 0 polygons
2026-08-10 16:37:23 +0200: Memory Usage (459868K) : activ_noqrc has 0 polygons
2026-08-10 16:37:23 +0200: Memory Usage (459868K) : biwind_drw has 0 polygons
2026-08-10 16:37:23 +0200: Memory Usage (459868K) : biwind_OPC has 0 polygons
2026-08-10 16:37:23 +0200: Memory Usage (459996K) : gatpoly_drw has 40 polygons
2026-08-10 16:37:23 +0200: Memory Usage (460124K) : gatpoly_filler has 0 polygons
2026-08-10 16:37:23 +0200: Memory Usage (460252K) : gatpoly has 40 polygons
2026-08-10 16:37:23 +0200: Memory Usage (460252K) : gatpoly_pin has 0 polygons
2026-08-10 16:37:23 +0200: Memory Usage (460636K) : gatpoly_nofill has 0 polygons
2026-08-10 16:37:23 +0200: Memory Usage (460636K) : gatpoly_OPC has 0 polygons
2026-08-10 16:37:23 +0200: Memory Usage (460764K) : gatpoly_iOPC has 0 polygons
2026-08-10 16:37:23 +0200: Memory Usage (460764K) : gatpoly_noqrc has 0 polygons
2026-08-10 16:37:23 +0200: Memory Usage (462044K) : cont_drw has 45918 polygons
2026-08-10 16:37:23 +0200: Memory Usage (462044K) : cont_OPC has 0 polygons
2026-08-10 16:37:23 +0200: Memory Usage (462044K) : nsd_drw has 0 polygons
2026-08-10 16:37:23 +0200: Memory Usage (462044K) : nsd_block has 0 polygons
2026-08-10 16:37:23 +0200: Memory Usage (462044K) : metal1_drw has 241 polygons
2026-08-10 16:37:23 +0200: Memory Usage (462044K) : metal1_filler has 0 polygons
2026-08-10 16:37:23 +0200: Memory Usage (462044K) : metal1_slit has 0 polygons
2026-08-10 16:37:23 +0200: Memory Usage (462428K) : metal1 has 241 polygons
2026-08-10 16:37:23 +0200: Memory Usage (462428K) : metal1_pin has 26 polygons
2026-08-10 16:37:23 +0200: Memory Usage (462428K) : metal1_mask has 0 polygons
2026-08-10 16:37:23 +0200: Memory Usage (462428K) : metal1_nofill has 0 polygons
2026-08-10 16:37:23 +0200: Memory Usage (462812K) : metal1_text has 26 polygons
2026-08-10 16:37:23 +0200: Memory Usage (462812K) : metal1_OPC has 0 polygons
2026-08-10 16:37:23 +0200: Memory Usage (462812K) : metal1_noqrc has 0 polygons
2026-08-10 16:37:23 +0200: Memory Usage (462940K) : metal1_res has 0 polygons
2026-08-10 16:37:23 +0200: Memory Usage (462940K) : metal1_iprobe has 0 polygons
2026-08-10 16:37:23 +0200: Memory Usage (463068K) : metal1_diffprb has 0 polygons
2026-08-10 16:37:23 +0200: Memory Usage (463196K) : passiv_drw has 0 polygons
2026-08-10 16:37:23 +0200: Memory Usage (463196K) : passiv_pin has 0 polygons
2026-08-10 16:37:23 +0200: Memory Usage (463324K) : passiv_sbump has 0 polygons
2026-08-10 16:37:23 +0200: Memory Usage (463324K) : passiv_pillar has 0 polygons
2026-08-10 16:37:23 +0200: Memory Usage (463452K) : passiv_pdl has 0 polygons
2026-08-10 16:37:23 +0200: Memory Usage (463452K) : metal2_drw has 70 polygons
2026-08-10 16:37:23 +0200: Memory Usage (463580K) : metal2_filler has 0 polygons
2026-08-10 16:37:23 +0200: Memory Usage (463580K) : metal2_slit has 0 polygons
2026-08-10 16:37:23 +0200: Memory Usage (463708K) : metal2 has 70 polygons
2026-08-10 16:37:23 +0200: Memory Usage (463836K) : metal2_pin has 19 polygons
2026-08-10 16:37:23 +0200: Memory Usage (463836K) : metal2_mask has 0 polygons
2026-08-10 16:37:23 +0200: Memory Usage (463964K) : metal2_nofill has 0 polygons
2026-08-10 16:37:23 +0200: Memory Usage (463964K) : metal2_text has 19 polygons
2026-08-10 16:37:23 +0200: Memory Usage (464092K) : metal2_OPC has 0 polygons
2026-08-10 16:37:23 +0200: Memory Usage (464092K) : metal2_noqrc has 0 polygons
2026-08-10 16:37:23 +0200: Memory Usage (464220K) : metal2_res has 0 polygons
2026-08-10 16:37:23 +0200: Memory Usage (464220K) : metal2_iprobe has 0 polygons
2026-08-10 16:37:23 +0200: Memory Usage (464348K) : metal2_diffprb has 0 polygons
2026-08-10 16:37:23 +0200: Memory Usage (464476K) : baspoly_drw has 0 polygons
2026-08-10 16:37:23 +0200: Memory Usage (464476K) : baspoly_pin has 0 polygons
2026-08-10 16:37:23 +0200: Memory Usage (464604K) : psd_drw has 30 polygons
2026-08-10 16:37:23 +0200: Memory Usage (464732K) : nldb_drw has 0 polygons
2026-08-10 16:37:23 +0200: Memory Usage (464732K) : digibnd_drw has 0 polygons
2026-08-10 16:37:23 +0200: Memory Usage (464860K) : via1_drw has 1668 polygons
2026-08-10 16:37:23 +0200: Memory Usage (464860K) : backmetal1_drw has 0 polygons
2026-08-10 16:37:23 +0200: Memory Usage (464860K) : backmetal1_pin has 0 polygons
2026-08-10 16:37:23 +0200: Memory Usage (464988K) : backmetal1_mask has 0 polygons
2026-08-10 16:37:23 +0200: Memory Usage (464988K) : backmetal1_filler has 0 polygons
2026-08-10 16:37:23 +0200: Memory Usage (464988K) : backmetal1_nofill has 0 polygons
2026-08-10 16:37:23 +0200: Memory Usage (464988K) : backmetal1_slit has 0 polygons
2026-08-10 16:37:23 +0200: Memory Usage (465116K) : backmetal1_text has 0 polygons
2026-08-10 16:37:23 +0200: Memory Usage (465116K) : backmetal1_OPC has 0 polygons
2026-08-10 16:37:23 +0200: Memory Usage (465116K) : backmetal1_noqrc has 0 polygons
2026-08-10 16:37:23 +0200: Memory Usage (465244K) : backmetal1_res has 0 polygons
2026-08-10 16:37:23 +0200: Memory Usage (465244K) : backmetal1_iprobe has 0 polygons
2026-08-10 16:37:23 +0200: Memory Usage (465244K) : backmetal1_diffprb has 0 polygons
2026-08-10 16:37:23 +0200: Memory Usage (465372K) : backpassiv_drw has 0 polygons
2026-08-10 16:37:23 +0200: Memory Usage (465372K) : res_drw has 0 polygons
2026-08-10 16:37:23 +0200: Memory Usage (465500K) : sram_drw has 0 polygons
2026-08-10 16:37:23 +0200: Memory Usage (465500K) : trans_drw has 0 polygons
2026-08-10 16:37:23 +0200: Memory Usage (465628K) : ind_drw has 0 polygons
2026-08-10 16:37:23 +0200: Memory Usage (465756K) : ind_pin has 0 polygons
2026-08-10 16:37:23 +0200: Memory Usage (465756K) : ind_text has 0 polygons
2026-08-10 16:37:23 +0200: Memory Usage (465884K) : salblock_drw has 0 polygons
2026-08-10 16:37:23 +0200: Memory Usage (465884K) : via2_drw has 1448 polygons
2026-08-10 16:37:23 +0200: Memory Usage (466012K) : metal3_drw has 19 polygons
2026-08-10 16:37:23 +0200: Memory Usage (466012K) : metal3_filler has 0 polygons
2026-08-10 16:37:23 +0200: Memory Usage (466140K) : metal3_slit has 0 polygons
2026-08-10 16:37:23 +0200: Memory Usage (466268K) : metal3 has 19 polygons
2026-08-10 16:37:23 +0200: Memory Usage (466268K) : metal3_pin has 9 polygons
2026-08-10 16:37:23 +0200: Memory Usage (466396K) : metal3_mask has 0 polygons
2026-08-10 16:37:23 +0200: Memory Usage (466396K) : metal3_nofill has 0 polygons
2026-08-10 16:37:23 +0200: Memory Usage (466524K) : metal3_text has 9 polygons
2026-08-10 16:37:23 +0200: Memory Usage (466652K) : metal3_OPC has 0 polygons
2026-08-10 16:37:23 +0200: Memory Usage (466652K) : metal3_noqrc has 0 polygons
2026-08-10 16:37:23 +0200: Memory Usage (466780K) : metal3_res has 0 polygons
2026-08-10 16:37:23 +0200: Memory Usage (466780K) : metal3_iprobe has 0 polygons
2026-08-10 16:37:23 +0200: Memory Usage (466908K) : metal3_diffprb has 0 polygons
2026-08-10 16:37:23 +0200: Memory Usage (466908K) : nwell_drw has 21 polygons
2026-08-10 16:37:23 +0200: Memory Usage (467036K) : nwell_pin has 0 polygons
2026-08-10 16:37:23 +0200: Memory Usage (467036K) : nwell_text has 0 polygons
2026-08-10 16:37:23 +0200: Memory Usage (467164K) : nbulay_drw has 0 polygons
2026-08-10 16:37:23 +0200: Memory Usage (467164K) : nbulay_pin has 0 polygons
2026-08-10 16:37:23 +0200: Memory Usage (467292K) : nbulay_block has 0 polygons
2026-08-10 16:37:23 +0200: Memory Usage (467292K) : emwind_drw has 0 polygons
2026-08-10 16:37:23 +0200: Memory Usage (467292K) : emwind_OPC has 0 polygons
2026-08-10 16:37:23 +0200: Memory Usage (467292K) : deepco_drw has 0 polygons
2026-08-10 16:37:23 +0200: Memory Usage (467420K) : mim_drw has 0 polygons
2026-08-10 16:37:23 +0200: Memory Usage (467420K) : edgeseal_drw has 0 polygons
2026-08-10 16:37:23 +0200: Memory Usage (467548K) : substrate_drw has 19 polygons
2026-08-10 16:37:23 +0200: Memory Usage (467548K) : substrate_text has 0 polygons
2026-08-10 16:37:23 +0200: Memory Usage (467548K) : dfpad_drw has 0 polygons
2026-08-10 16:37:23 +0200: Memory Usage (467676K) : dfpad_pillar has 0 polygons
2026-08-10 16:37:23 +0200: Memory Usage (467676K) : dfpad_sbump has 0 polygons
2026-08-10 16:37:23 +0200: Memory Usage (467804K) : thickgateox_drw has 4 polygons
2026-08-10 16:37:23 +0200: Memory Usage (467932K) : pldb_drw has 0 polygons
2026-08-10 16:37:23 +0200: Memory Usage (467932K) : pwell_drw has 0 polygons
2026-08-10 16:37:23 +0200: Memory Usage (468060K) : pwell_pin has 0 polygons
2026-08-10 16:37:23 +0200: Memory Usage (468060K) : pwell_block has 0 polygons
2026-08-10 16:37:23 +0200: Memory Usage (468188K) : ic_drw has 0 polygons
2026-08-10 16:37:23 +0200: Memory Usage (468188K) : via3_drw has 2087 polygons
2026-08-10 16:37:23 +0200: Memory Usage (468444K) : metal4_drw has 8 polygons
2026-08-10 16:37:23 +0200: Memory Usage (468444K) : metal4_filler has 0 polygons
2026-08-10 16:37:23 +0200: Memory Usage (468444K) : metal4_slit has 0 polygons
2026-08-10 16:37:23 +0200: Memory Usage (468572K) : metal4 has 8 polygons
2026-08-10 16:37:23 +0200: Memory Usage (468700K) : metal4_pin has 8 polygons
2026-08-10 16:37:23 +0200: Memory Usage (468700K) : metal4_mask has 0 polygons
2026-08-10 16:37:23 +0200: Memory Usage (468828K) : metal4_nofill has 0 polygons
2026-08-10 16:37:23 +0200: Memory Usage (468956K) : metal4_text has 8 polygons
2026-08-10 16:37:23 +0200: Memory Usage (468956K) : metal4_OPC has 0 polygons
2026-08-10 16:37:23 +0200: Memory Usage (469084K) : metal4_noqrc has 0 polygons
2026-08-10 16:37:23 +0200: Memory Usage (469084K) : metal4_res has 0 polygons
2026-08-10 16:37:23 +0200: Memory Usage (469212K) : metal4_iprobe has 0 polygons
2026-08-10 16:37:23 +0200: Memory Usage (469212K) : metal4_diffprb has 0 polygons
2026-08-10 16:37:23 +0200: Memory Usage (469340K) : heattrans_drw has 0 polygons
2026-08-10 16:37:23 +0200: Memory Usage (469340K) : heatres_drw has 0 polygons
2026-08-10 16:37:23 +0200: Memory Usage (469468K) : fbe_drw has 0 polygons
2026-08-10 16:37:23 +0200: Memory Usage (469468K) : empoly_drw has 0 polygons
2026-08-10 16:37:23 +0200: Memory Usage (469596K) : digisub_drw has 0 polygons
2026-08-10 16:37:23 +0200: Memory Usage (469596K) : text_drw has 13 polygons
2026-08-10 16:37:23 +0200: Memory Usage (469596K) : via4_drw has 2371 polygons
2026-08-10 16:37:23 +0200: Memory Usage (469852K) : metal5_drw has 8 polygons
2026-08-10 16:37:23 +0200: Memory Usage (469852K) : metal5_filler has 0 polygons
2026-08-10 16:37:23 +0200: Memory Usage (469980K) : metal5_slit has 0 polygons
2026-08-10 16:37:23 +0200: Memory Usage (470108K) : metal5 has 8 polygons
2026-08-10 16:37:23 +0200: Memory Usage (470108K) : metal5_pin has 8 polygons
2026-08-10 16:37:23 +0200: Memory Usage (470236K) : metal5_mask has 0 polygons
2026-08-10 16:37:23 +0200: Memory Usage (470236K) : metal5_nofill has 0 polygons
2026-08-10 16:37:23 +0200: Memory Usage (470364K) : metal5_text has 8 polygons
2026-08-10 16:37:23 +0200: Memory Usage (470364K) : metal5_OPC has 0 polygons
2026-08-10 16:37:23 +0200: Memory Usage (470492K) : metal5_noqrc has 0 polygons
2026-08-10 16:37:23 +0200: Memory Usage (470492K) : metal5_res has 0 polygons
2026-08-10 16:37:23 +0200: Memory Usage (470620K) : metal5_iprobe has 0 polygons
2026-08-10 16:37:23 +0200: Memory Usage (470620K) : metal5_diffprb has 0 polygons
2026-08-10 16:37:23 +0200: Memory Usage (470748K) : radhard_drw has 0 polygons
2026-08-10 16:37:23 +0200: Memory Usage (470748K) : memcap_drw has 0 polygons
2026-08-10 16:37:23 +0200: Memory Usage (470876K) : varicap_drw has 0 polygons
2026-08-10 16:37:23 +0200: Memory Usage (470876K) : intbondvia_drw has 0 polygons
2026-08-10 16:37:23 +0200: Memory Usage (471004K) : intbondmet_drw has 0 polygons
2026-08-10 16:37:23 +0200: Memory Usage (471004K) : devbondvia_drw has 0 polygons
2026-08-10 16:37:23 +0200: Memory Usage (471132K) : devbondmet_drw has 0 polygons
2026-08-10 16:37:23 +0200: Memory Usage (471260K) : devtrench_drw has 0 polygons
2026-08-10 16:37:23 +0200: Memory Usage (471260K) : redist_drw has 0 polygons
2026-08-10 16:37:23 +0200: Memory Usage (471388K) : graphbot_drw has 0 polygons
2026-08-10 16:37:23 +0200: Memory Usage (471388K) : graphtop_drw has 0 polygons
2026-08-10 16:37:23 +0200: Memory Usage (471516K) : antvia1_drw has 0 polygons
2026-08-10 16:37:23 +0200: Memory Usage (471516K) : antmetal2_drw has 0 polygons
2026-08-10 16:37:23 +0200: Memory Usage (471644K) : graphcont_drw has 0 polygons
2026-08-10 16:37:23 +0200: Memory Usage (471644K) : siwg_drw has 0 polygons
2026-08-10 16:37:23 +0200: Memory Usage (471772K) : siwg_filler has 0 polygons
2026-08-10 16:37:23 +0200: Memory Usage (471772K) : siwg_nofill has 0 polygons
2026-08-10 16:37:23 +0200: Memory Usage (471900K) : sigrating_drw has 0 polygons
2026-08-10 16:37:23 +0200: Memory Usage (472028K) : singrating_drw has 0 polygons
2026-08-10 16:37:23 +0200: Memory Usage (472028K) : graphpas_drw has 0 polygons
2026-08-10 16:37:23 +0200: Memory Usage (472156K) : emwind3_drw has 0 polygons
2026-08-10 16:37:23 +0200: Memory Usage (472156K) : emwihv3_drw has 0 polygons
2026-08-10 16:37:23 +0200: Memory Usage (472284K) : redbulay_drw has 0 polygons
2026-08-10 16:37:23 +0200: Memory Usage (472284K) : smos_drw has 0 polygons
2026-08-10 16:37:23 +0200: Memory Usage (472284K) : graphpad_drw has 0 polygons
2026-08-10 16:37:23 +0200: Memory Usage (472284K) : polimide_drw has 0 polygons
2026-08-10 16:37:23 +0200: Memory Usage (472284K) : polimide_pin has 0 polygons
2026-08-10 16:37:23 +0200: Memory Usage (472284K) : recog_drw has 0 polygons
2026-08-10 16:37:23 +0200: Memory Usage (472284K) : recog_pin has 0 polygons
2026-08-10 16:37:23 +0200: Memory Usage (472412K) : recog_esd has 0 polygons
2026-08-10 16:37:23 +0200: Memory Usage (472412K) : recog_diode has 6 polygons
2026-08-10 16:37:23 +0200: Memory Usage (472540K) : recog_tsv has 0 polygons
2026-08-10 16:37:23 +0200: Memory Usage (472540K) : recog_iprobe has 0 polygons
2026-08-10 16:37:23 +0200: Memory Usage (472668K) : recog_diffprb has 0 polygons
2026-08-10 16:37:24 +0200: Memory Usage (472796K) : recog_pillar has 0 polygons
2026-08-10 16:37:24 +0200: Memory Usage (472796K) : recog_sbump has 0 polygons
2026-08-10 16:37:24 +0200: Memory Usage (472796K) : recog_otp has 0 polygons
2026-08-10 16:37:24 +0200: Memory Usage (472796K) : recog_pdiode has 0 polygons
2026-08-10 16:37:24 +0200: Memory Usage (472796K) : recog_mom has 0 polygons
2026-08-10 16:37:24 +0200: Memory Usage (472796K) : recog_pcm has 0 polygons
2026-08-10 16:37:24 +0200: Memory Usage (472796K) : colopen_drw has 0 polygons
2026-08-10 16:37:24 +0200: Memory Usage (472796K) : graphmetal1_drw has 0 polygons
2026-08-10 16:37:24 +0200: Memory Usage (472796K) : graphmetal1_filler has 0 polygons
2026-08-10 16:37:24 +0200: Memory Usage (472796K) : graphmetal1_nofill has 0 polygons
2026-08-10 16:37:24 +0200: Memory Usage (472796K) : graphmetal1_slit has 0 polygons
2026-08-10 16:37:24 +0200: Memory Usage (472796K) : graphmetal1_OPC has 0 polygons
2026-08-10 16:37:24 +0200: Memory Usage (472796K) : graphmet1l_drw has 0 polygons
2026-08-10 16:37:24 +0200: Memory Usage (472796K) : graphmet1l_filler has 0 polygons
2026-08-10 16:37:24 +0200: Memory Usage (472796K) : graphmet1l_nofill has 0 polygons
2026-08-10 16:37:24 +0200: Memory Usage (472796K) : graphmet1l_slit has 0 polygons
2026-08-10 16:37:24 +0200: Memory Usage (472796K) : graphmet1l_OPC has 0 polygons
2026-08-10 16:37:24 +0200: Memory Usage (472796K) : extblock_drw has 0 polygons
2026-08-10 16:37:24 +0200: Memory Usage (472796K) : nldd_drw has 0 polygons
2026-08-10 16:37:24 +0200: Memory Usage (472796K) : pldd_drw has 0 polygons
2026-08-10 16:37:24 +0200: Memory Usage (472796K) : next_drw has 0 polygons
2026-08-10 16:37:24 +0200: Memory Usage (472796K) : pext_drw has 0 polygons
2026-08-10 16:37:24 +0200: Memory Usage (472796K) : nexthv_drw has 0 polygons
2026-08-10 16:37:24 +0200: Memory Usage (472796K) : pexthv_drw has 0 polygons
2026-08-10 16:37:24 +0200: Memory Usage (472796K) : graphgate_drw has 0 polygons
2026-08-10 16:37:24 +0200: Memory Usage (472796K) : sinwg_drw has 0 polygons
2026-08-10 16:37:24 +0200: Memory Usage (472796K) : sinwg_filler has 0 polygons
2026-08-10 16:37:24 +0200: Memory Usage (472796K) : sinwg_nofill has 0 polygons
2026-08-10 16:37:24 +0200: Memory Usage (472796K) : mempad_drw has 0 polygons
2026-08-10 16:37:24 +0200: Memory Usage (472796K) : topvia1_drw has 2315 polygons
2026-08-10 16:37:24 +0200: Memory Usage (472796K) : topmetal1_drw has 8 polygons
2026-08-10 16:37:24 +0200: Memory Usage (472796K) : topmetal1_filler has 0 polygons
2026-08-10 16:37:24 +0200: Memory Usage (472796K) : topmetal1_slit has 0 polygons
2026-08-10 16:37:24 +0200: Memory Usage (472796K) : topmetal1 has 8 polygons
2026-08-10 16:37:24 +0200: Memory Usage (472796K) : topmetal1_pin has 8 polygons
2026-08-10 16:37:24 +0200: Memory Usage (472796K) : topmetal1_mask has 0 polygons
2026-08-10 16:37:24 +0200: Memory Usage (472796K) : topmetal1_nofill has 0 polygons
2026-08-10 16:37:24 +0200: Memory Usage (472796K) : topmetal1_text has 8 polygons
2026-08-10 16:37:24 +0200: Memory Usage (472796K) : topmetal1_noqrc has 0 polygons
2026-08-10 16:37:24 +0200: Memory Usage (472796K) : topmetal1_res has 0 polygons
2026-08-10 16:37:24 +0200: Memory Usage (472796K) : topmetal1_iprobe has 0 polygons
2026-08-10 16:37:24 +0200: Memory Usage (472796K) : topmetal1_diffprb has 0 polygons
2026-08-10 16:37:24 +0200: Memory Usage (472796K) : inldpwl_drw has 0 polygons
2026-08-10 16:37:24 +0200: Memory Usage (472796K) : polyres_drw has 0 polygons
2026-08-10 16:37:24 +0200: Memory Usage (472796K) : polyres_pin has 0 polygons
2026-08-10 16:37:24 +0200: Memory Usage (472796K) : vmim_drw has 0 polygons
2026-08-10 16:37:24 +0200: Memory Usage (472796K) : nbulaycut_drw has 0 polygons
2026-08-10 16:37:24 +0200: Memory Usage (472796K) : antmetal1_drw has 0 polygons
2026-08-10 16:37:24 +0200: Memory Usage (472796K) : topvia2_drw has 1593 polygons
2026-08-10 16:37:24 +0200: Memory Usage (472796K) : topmetal2_drw has 6 polygons
2026-08-10 16:37:24 +0200: Memory Usage (472796K) : topmetal2_filler has 0 polygons
2026-08-10 16:37:24 +0200: Memory Usage (472796K) : topmetal2_slit has 0 polygons
2026-08-10 16:37:24 +0200: Memory Usage (472796K) : topmetal2 has 6 polygons
2026-08-10 16:37:24 +0200: Memory Usage (472796K) : topmetal2_pin has 6 polygons
2026-08-10 16:37:24 +0200: Memory Usage (472796K) : topmetal2_mask has 0 polygons
2026-08-10 16:37:24 +0200: Memory Usage (472796K) : topmetal2_nofill has 0 polygons
2026-08-10 16:37:24 +0200: Memory Usage (472796K) : topmetal2_text has 6 polygons
2026-08-10 16:37:24 +0200: Memory Usage (472796K) : topmetal2_noqrc has 0 polygons
2026-08-10 16:37:24 +0200: Memory Usage (472796K) : topmetal2_res has 0 polygons
2026-08-10 16:37:24 +0200: Memory Usage (472796K) : topmetal2_iprobe has 0 polygons
2026-08-10 16:37:24 +0200: Memory Usage (472796K) : topmetal2_diffprb has 0 polygons
2026-08-10 16:37:24 +0200: Memory Usage (472796K) : snsring_drw has 0 polygons
2026-08-10 16:37:24 +0200: Memory Usage (472796K) : sensor_drw has 0 polygons
2026-08-10 16:37:24 +0200: Memory Usage (472796K) : snsarms_drw has 0 polygons
2026-08-10 16:37:24 +0200: Memory Usage (472796K) : snscmosvia_drw has 0 polygons
2026-08-10 16:37:24 +0200: Memory Usage (472796K) : colwind_drw has 0 polygons
2026-08-10 16:37:24 +0200: Memory Usage (472796K) : flm_drw has 0 polygons
2026-08-10 16:37:24 +0200: Memory Usage (472796K) : hafniumox_drw has 0 polygons
2026-08-10 16:37:24 +0200: Memory Usage (472796K) : memvia_drw has 0 polygons
2026-08-10 16:37:24 +0200: Memory Usage (472796K) : thinfilmres_drw has 0 polygons
2026-08-10 16:37:24 +0200: Memory Usage (472796K) : rfmem_drw has 0 polygons
2026-08-10 16:37:24 +0200: Memory Usage (472796K) : norcx_drw has 0 polygons
2026-08-10 16:37:24 +0200: Memory Usage (472796K) : norcx_m2m3 has 0 polygons
2026-08-10 16:37:24 +0200: Memory Usage (472796K) : norcx_m2m4 has 0 polygons
2026-08-10 16:37:24 +0200: Memory Usage (472796K) : norcx_m2m5 has 0 polygons
2026-08-10 16:37:24 +0200: Memory Usage (472796K) : norcx_m2tm1 has 0 polygons
2026-08-10 16:37:24 +0200: Memory Usage (472796K) : norcx_m2tm2 has 0 polygons
2026-08-10 16:37:24 +0200: Memory Usage (472796K) : norcx_m3m4 has 0 polygons
2026-08-10 16:37:24 +0200: Memory Usage (472796K) : norcx_m3m5 has 0 polygons
2026-08-10 16:37:24 +0200: Memory Usage (472796K) : norcx_m3tm1 has 0 polygons
2026-08-10 16:37:24 +0200: Memory Usage (472796K) : norcx_m3tm2 has 0 polygons
2026-08-10 16:37:24 +0200: Memory Usage (472796K) : norcx_m4m5 has 0 polygons
2026-08-10 16:37:24 +0200: Memory Usage (472796K) : norcx_m4tm1 has 0 polygons
2026-08-10 16:37:24 +0200: Memory Usage (472796K) : norcx_m4tm2 has 0 polygons
2026-08-10 16:37:24 +0200: Memory Usage (472796K) : norcx_m5tm1 has 0 polygons
2026-08-10 16:37:24 +0200: Memory Usage (472796K) : norcx_m5tm2 has 0 polygons
2026-08-10 16:37:24 +0200: Memory Usage (472796K) : norcx_tm1tm2 has 0 polygons
2026-08-10 16:37:24 +0200: Memory Usage (472796K) : norcx_m1sub has 0 polygons
2026-08-10 16:37:24 +0200: Memory Usage (472796K) : norcx_m2sub has 0 polygons
2026-08-10 16:37:24 +0200: Memory Usage (472796K) : norcx_m3sub has 0 polygons
2026-08-10 16:37:24 +0200: Memory Usage (472796K) : norcx_m4sub has 0 polygons
2026-08-10 16:37:24 +0200: Memory Usage (472796K) : norcx_m5sub has 0 polygons
2026-08-10 16:37:24 +0200: Memory Usage (472796K) : norcx_tm1sub has 0 polygons
2026-08-10 16:37:24 +0200: Memory Usage (472796K) : norcx_tm2sub has 0 polygons
2026-08-10 16:37:24 +0200: Memory Usage (472796K) : snsbotvia_drw has 0 polygons
2026-08-10 16:37:24 +0200: Memory Usage (472796K) : snstopvia_drw has 0 polygons
2026-08-10 16:37:24 +0200: Memory Usage (472796K) : deepvia_drw has 0 polygons
2026-08-10 16:37:24 +0200: Memory Usage (472796K) : fgetch_drw has 0 polygons
2026-08-10 16:37:24 +0200: Memory Usage (472796K) : ctrgat_drw has 0 polygons
2026-08-10 16:37:24 +0200: Memory Usage (472796K) : fgimp_drw has 0 polygons
2026-08-10 16:37:24 +0200: Memory Usage (472796K) : emwihv_drw has 0 polygons
2026-08-10 16:37:24 +0200: Memory Usage (472796K) : lbe_drw has 0 polygons
2026-08-10 16:37:24 +0200: Memory Usage (472796K) : alcustop_drw has 0 polygons
2026-08-10 16:37:24 +0200: Memory Usage (472796K) : nometfiller_drw has 0 polygons
2026-08-10 16:37:24 +0200: Memory Usage (472796K) : prboundary_drw has 0 polygons
2026-08-10 16:37:24 +0200: Memory Usage (472796K) : exchange0_drw has 0 polygons
2026-08-10 16:37:24 +0200: Memory Usage (472796K) : exchange0_pin has 0 polygons
2026-08-10 16:37:24 +0200: Memory Usage (472796K) : exchange0_text has 0 polygons
2026-08-10 16:37:24 +0200: Memory Usage (472796K) : exchange1_drw has 0 polygons
2026-08-10 16:37:24 +0200: Memory Usage (472796K) : exchange1_pin has 0 polygons
2026-08-10 16:37:24 +0200: Memory Usage (472796K) : exchange1_text has 0 polygons
2026-08-10 16:37:24 +0200: Memory Usage (472796K) : exchange2_drw has 0 polygons
2026-08-10 16:37:24 +0200: Memory Usage (472796K) : exchange2_pin has 0 polygons
2026-08-10 16:37:24 +0200: Memory Usage (472796K) : exchange2_text has 0 polygons
2026-08-10 16:37:24 +0200: Memory Usage (472796K) : exchange3_drw has 0 polygons
2026-08-10 16:37:24 +0200: Memory Usage (472796K) : exchange3_pin has 0 polygons
2026-08-10 16:37:24 +0200: Memory Usage (472796K) : exchange3_text has 0 polygons
2026-08-10 16:37:24 +0200: Memory Usage (472796K) : exchange4_drw has 0 polygons
2026-08-10 16:37:24 +0200: Memory Usage (472796K) : exchange4_pin has 0 polygons
2026-08-10 16:37:24 +0200: Memory Usage (472796K) : exchange4_text has 0 polygons
2026-08-10 16:37:24 +0200: Memory Usage (472796K) : isonwell_drw has 0 polygons
2026-08-10 16:37:24 +0200: Memory Usage (472796K) : Total no. of polygons in the design is 58136
2026-08-10 16:37:24 +0200: Memory Usage (472796K) : Starting base layers derivations
2026-08-10 16:37:24 +0200: Memory Usage (472796K) : Starting general LVS derivations
2026-08-10 16:37:24 +0200: Memory Usage (477020K) : Starting MOSFET DERIVATIONS
2026-08-10 16:37:24 +0200: Memory Usage (479612K) : Starting NMOS DERIVATIONS
2026-08-10 16:37:24 +0200: Memory Usage (479612K) : Starting PMOS DERIVATIONS
2026-08-10 16:37:24 +0200: Memory Usage (479612K) : Starting RF-MOSFET DERIVATIONS
2026-08-10 16:37:24 +0200: Memory Usage (479612K) : Starting RF-NMOS DERIVATIONS
2026-08-10 16:37:24 +0200: Memory Usage (479612K) : Starting RF-PMOS DERIVATIONS
2026-08-10 16:37:24 +0200: Memory Usage (479612K) : Starting BJT DERIVATIONS
2026-08-10 16:37:24 +0200: Memory Usage (479612K) : Starting NPN-BJT DERIVATIONS
2026-08-10 16:37:24 +0200: Memory Usage (479612K) : Starting PNP-BJT DERIVATIONS
2026-08-10 16:37:25 +0200: Memory Usage (479612K) : Starting DIODE DERIVATIONS
2026-08-10 16:37:25 +0200: Memory Usage (480808K) : Starting RESISTOR DERIVATIONS
2026-08-10 16:37:25 +0200: Memory Usage (480808K) : Starting CAP DERIVATIONS
2026-08-10 16:37:25 +0200: Memory Usage (480808K) : Starting CAP_CMOM DERIVATIONS
2026-08-10 16:37:25 +0200: Memory Usage (480808K) : Starting ESD DERIVATIONS
2026-08-10 16:37:26 +0200: Memory Usage (485416K) : Starting Inductor DERIVATIONS
2026-08-10 16:37:26 +0200: Memory Usage (485416K) : Starting Taps DERIVATIONS
2026-08-10 16:37:26 +0200: Memory Usage (485416K) : Starting SG13G2 LVS connectivity setup
2026-08-10 16:37:26 +0200: Memory Usage (485416K) : Starting SG13G2 LVS connectivity setup (Inter-layer)
2026-08-10 16:37:26 +0200: Memory Usage (485544K) : Starting SG13G2 LVS connectivity setup (Global)
2026-08-10 16:37:26 +0200: Memory Usage (485544K) : Starting LVS MOSFET CONNECTIONS
2026-08-10 16:37:26 +0200: Memory Usage (485544K) : Starting LVS RF-MOSFET CONNECTIONS
2026-08-10 16:37:26 +0200: Memory Usage (485544K) : Starting LVS BJT CONNECTIONS
2026-08-10 16:37:26 +0200: Memory Usage (485544K) : Starting LVS DIODE CONNECTIONS
2026-08-10 16:37:26 +0200: Memory Usage (485544K) : Starting RESISTOR CONNECTIONS
2026-08-10 16:37:26 +0200: Memory Usage (485544K) : Starting LVS CAP CONNECTIONS
2026-08-10 16:37:26 +0200: Memory Usage (485544K) : Starting CAP_CMOM CONNECTIONS
2026-08-10 16:37:26 +0200: Memory Usage (485544K) : Starting ESD CONNECTIONS
2026-08-10 16:37:26 +0200: Memory Usage (485544K) : Starting Inductor CONNECTIONS
2026-08-10 16:37:26 +0200: Memory Usage (485544K) : Starting LVS Taps CONNECTIONS
2026-08-10 16:37:26 +0200: Memory Usage (485544K) : Starting SG13G2 LVS DEVICES EXTRACTION
2026-08-10 16:37:26 +0200: Memory Usage (485544K) : Starting MOSFET EXTRACTION
2026-08-10 16:37:26 +0200: Memory Usage (485544K) : Starting NMOS EXTRACTION
2026-08-10 16:37:26 +0200: Memory Usage (485544K) : Extraction of NMOS-LV transistor
2026-08-10 16:37:26 +0200: Memory Usage (485800K) : Extraction of NMOS-HV transistor
2026-08-10 16:37:26 +0200: Memory Usage (485800K) : Starting PMOS EXTRACTION
2026-08-10 16:37:26 +0200: Memory Usage (485800K) : Extraction of PMOS-LV transistor
2026-08-10 16:37:26 +0200: Memory Usage (485800K) : Extraction of PMOS-HV transistor
2026-08-10 16:37:26 +0200: Memory Usage (485800K) : Starting RF-MOSFET EXTRACTION
2026-08-10 16:37:26 +0200: Memory Usage (485800K) : Extraction of RF-NMOS-LV transistor
2026-08-10 16:37:26 +0200: Memory Usage (485800K) : Extraction of RF-NMOS-HV transistor
2026-08-10 16:37:26 +0200: Memory Usage (485800K) : Extraction of RF-PMOS-LV transistor
2026-08-10 16:37:26 +0200: Memory Usage (485800K) : Extraction of RF-PMOS-HV transistor
2026-08-10 16:37:26 +0200: Memory Usage (485800K) : Starting BJT EXTRACTION
2026-08-10 16:37:26 +0200: Memory Usage (485800K) : Starting NPN-BJT EXTRACTION
2026-08-10 16:37:26 +0200: Memory Usage (485800K) : Extraction of npn13G2 BJT transistor
2026-08-10 16:37:26 +0200: Memory Usage (485800K) : Extraction of npn13G2L BJT transistor
2026-08-10 16:37:26 +0200: Memory Usage (485800K) : Extraction of npn13G2V BJT transistor
2026-08-10 16:37:26 +0200: Memory Usage (485800K) : Starting PNP-BJT EXTRACTION
2026-08-10 16:37:26 +0200: Memory Usage (485800K) : Extracting pnpMPA BJT
2026-08-10 16:37:26 +0200: Memory Usage (485800K) : Starting DIODE EXTRACTION
2026-08-10 16:37:26 +0200: Memory Usage (485800K) : Extracting dantenna diode
2026-08-10 16:37:26 +0200: Memory Usage (485800K) : Extracting dpantenna diode
2026-08-10 16:37:26 +0200: Memory Usage (485800K) : Extracting schottky_nbl1 diode
2026-08-10 16:37:26 +0200: Memory Usage (485800K) : Extracting isolbox diode
2026-08-10 16:37:26 +0200: Memory Usage (485800K) : Starting RESISTOR EXTRACTION
2026-08-10 16:37:26 +0200: Memory Usage (485800K) : Extracting rsil resistor
2026-08-10 16:37:26 +0200: Memory Usage (485800K) : Extracting rppd resistor
2026-08-10 16:37:26 +0200: Memory Usage (485800K) : Extracting rhigh resistor
2026-08-10 16:37:26 +0200: Memory Usage (485800K) : Extracting res_metal1 resistor
2026-08-10 16:37:26 +0200: Memory Usage (485928K) : Extracting res_metal2 resistor
2026-08-10 16:37:26 +0200: Memory Usage (485928K) : Extracting res_metal3 resistor
2026-08-10 16:37:26 +0200: Memory Usage (485928K) : Extracting res_metal4 resistor
2026-08-10 16:37:26 +0200: Memory Usage (485928K) : Extracting res_metal5 resistor
2026-08-10 16:37:26 +0200: Memory Usage (485928K) : Extracting res_topmetal1 resistor
2026-08-10 16:37:26 +0200: Memory Usage (485928K) : Extracting res_topmetal2 resistor
2026-08-10 16:37:26 +0200: Memory Usage (485928K) : Starting CAP EXTRACTION
2026-08-10 16:37:26 +0200: Memory Usage (485928K) : Extracting cap_cmim device
2026-08-10 16:37:26 +0200: Memory Usage (485928K) : Extracting rfcmim device
2026-08-10 16:37:26 +0200: Memory Usage (485928K) : Extracting sg13_hv_svaricap varactor
2026-08-10 16:37:26 +0200: Memory Usage (485928K) : Extracting cap_cmomi device
2026-08-10 16:37:26 +0200: Memory Usage (485928K) : Extracting sg13_moscap_n capacitor
2026-08-10 16:37:26 +0200: Memory Usage (485928K) : Extracting sg13_moscap_p capacitor
2026-08-10 16:37:26 +0200: Memory Usage (485928K) : Starting ESD EXTRACTION
2026-08-10 16:37:26 +0200: Memory Usage (485928K) : Extracting diodevdd_2kv ESD device
2026-08-10 16:37:26 +0200: Memory Usage (485928K) : Extracting diodevdd_4kv ESD device
2026-08-10 16:37:26 +0200: Memory Usage (485928K) : Extracting diodevss_2kv ESD device
2026-08-10 16:37:26 +0200: Memory Usage (485928K) : Extracting diodevss_4kv ESD device
2026-08-10 16:37:26 +0200: Memory Usage (485928K) : Extracting idiodevdd_2kv ESD device
2026-08-10 16:37:26 +0200: Memory Usage (485928K) : Extracting idiodevdd_4kv ESD device
2026-08-10 16:37:26 +0200: Memory Usage (485928K) : Extracting idiodevss_2kv ESD device
2026-08-10 16:37:26 +0200: Memory Usage (485928K) : Extracting idiodevss_4kv ESD device
2026-08-10 16:37:26 +0200: Memory Usage (485928K) : Extracting nmoscl_2 ESD device
2026-08-10 16:37:26 +0200: Memory Usage (485928K) : Extracting nmoscl_4 ESD device
2026-08-10 16:37:26 +0200: Memory Usage (485928K) : Starting Inductor EXTRACTION
2026-08-10 16:37:26 +0200: Memory Usage (485928K) : Extracting Inductor2 device
2026-08-10 16:37:26 +0200: Memory Usage (485928K) : Extracting Inductor3 device
2026-08-10 16:37:26 +0200: Memory Usage (485928K) : Starting Taps EXTRACTION
2026-08-10 16:37:26 +0200: Memory Usage (485928K) : Extracting ntap1 device
2026-08-10 16:37:26 +0200: Memory Usage (485928K) : Extracting ptap1 device
2026-08-10 16:37:26 +0200: Memory Usage (485928K) : Starting SG13G2 LVS RF MOS Model Mapping
2026-08-10 16:37:27 +0200: Memory Usage (495144K) : [layout_netlist] Apply RF MOS model mapping and rfmode parameter.
2026-08-10 16:37:27 +0200: Memory Usage (495144K) : Starting SG13G2 LVS Options Preparations
2026-08-10 16:37:27 +0200: Memory Usage (495144K) : SG13G2 LVS flow: extraction -> alignment -> option preparation -> comparison.
2026-08-10 16:37:27 +0200: Memory Usage (495144K) : Starting SG13G2 LVS Alignment
2026-08-10 16:37:27 +0200: Memory Usage (495400K) : Starting SG13G2 LVS Simplification
2026-08-10 16:37:27 +0200: Memory Usage (495400K) : [layout_netlist] simplify: ENABLED
2026-08-10 16:37:27 +0200: Memory Usage (495400K) : [layout_netlist] make_top_level_pins: SKIPPED
2026-08-10 16:37:27 +0200: Memory Usage (495400K) : [layout_netlist] combine_devices: ENABLED
2026-08-10 16:37:27 +0200: Memory Usage (495400K) : [layout_netlist] purge: SKIPPED
2026-08-10 16:37:27 +0200: Memory Usage (495400K) : [layout_netlist] purge_nets: SKIPPED
2026-08-10 16:37:27 +0200: Memory Usage (495400K) : [schematic_netlist] simplify: ENABLED
2026-08-10 16:37:27 +0200: Memory Usage (495400K) : [schematic_netlist] make_top_level_pins: SKIPPED
2026-08-10 16:37:27 +0200: Memory Usage (495400K) : [schematic_netlist] combine_devices: ENABLED
2026-08-10 16:37:27 +0200: Memory Usage (495400K) : [schematic_netlist] purge: SKIPPED
2026-08-10 16:37:27 +0200: Memory Usage (495400K) : [schematic_netlist] purge_nets: SKIPPED
2026-08-10 16:37:27 +0200: Memory Usage (495400K) : Starting SG13G2 LVS Comparison
2026-08-10 16:37:27 +0200: Memory Usage (495400K) : ==========================================
2026-08-10 16:37:27 +0200: Memory Usage (495400K) : INFO : Congratulations! Netlists match.
2026-08-10 16:37:27 +0200: Memory Usage (495400K) : ==========================================
2026-08-10 16:37:27 +0200: Memory Usage (495400K) : LVS Total Run time 3.602798 seconds
10-Aug-2026 16:37:27 | INFO    | ==============================================================================
10-Aug-2026 16:37:27 | INFO    | Important Summary
10-Aug-2026 16:37:27 | INFO    | +------------------+--------------------------------------------------------------------------------------------+
10-Aug-2026 16:37:27 | INFO    | | Status           | PASS                                                                                       |
10-Aug-2026 16:37:27 | INFO    | | Mode             | COMPARE                                                                                    |
10-Aug-2026 16:37:27 | INFO    | | Outcome          | Comparison mode: PASS (netlists match).                                                    |
10-Aug-2026 16:37:27 | INFO    | | Layout           | sg13g2_IOPadOut16mA.gds                                                                    |
10-Aug-2026 16:37:27 | INFO    | | Top Cell         | sg13g2_IOPadOut16mA                                                                        |
10-Aug-2026 16:37:27 | INFO    | | Results Dir      | /foss/designs/ihp-open-pdk-regression/IOPADS/lvs_sweep/20260810_163620/sg13g2_IOPadOut16mA |
10-Aug-2026 16:37:27 | INFO    | | Warnings         | 0                                                                                          |
10-Aug-2026 16:37:27 | INFO    | | Errors           | 0                                                                                          |
10-Aug-2026 16:37:27 | INFO    | | Run Time (s)     | 6.764                                                                                      |
10-Aug-2026 16:37:27 | INFO    | +------------------+--------------------------------------------------------------------------------------------+
10-Aug-2026 16:37:27 | INFO    | ==============================================================================
