# Logfile created on 2026-08-10 16:37:38 +0200 by logger.rb/v1.5.3
2026-08-10 16:37:38 +0200: Memory Usage (456256K) : Starting running SG13G2 Klayout LVS runset on /foss/designs/ihp-open-pdk-regression/IOPADS/layout/sg13g2_IOPadOut4mA.gds
2026-08-10 16:37:38 +0200: Memory Usage (456256K) : Ruby Version for klayout: 3.2.3
2026-08-10 16:37:38 +0200: Memory Usage (457408K) : Loading database to memory is complete.
2026-08-10 16:37:38 +0200: Memory Usage (457408K) : SG13G2 Klayout LVS runset output at: /foss/designs/ihp-open-pdk-regression/IOPADS/lvs_sweep/20260810_163620/sg13g2_IOPadOut4mA/sg13g2_IOPadOut4mA.lvsdb
2026-08-10 16:37:38 +0200: Memory Usage (457408K) : Evaluate switches.
2026-08-10 16:37:38 +0200: Memory Usage (457408K) : Extracted netlist with net names: true
2026-08-10 16:37:38 +0200: Memory Usage (457408K) : Extracted netlist with comments in details: false
2026-08-10 16:37:38 +0200: Memory Usage (457408K) : Selected NET_ONLY option: false
2026-08-10 16:37:38 +0200: Memory Usage (457408K) : Selected LAYOUT_NETLIST option: (none)
2026-08-10 16:37:38 +0200: Memory Usage (457408K) : Selected IGNORE_TOP_PORTS_MISMATCH option: true
2026-08-10 16:37:38 +0200: Memory Usage (457408K) : Selected IMPLICIT_NETS option: iovss,iovdd,vss,vdd,pad,cathode,anode
2026-08-10 16:37:38 +0200: Memory Usage (457408K) : Selected TOP_LVL_PINS option: false
2026-08-10 16:37:38 +0200: Memory Usage (457408K) : Selected COMBINE DEVICES option: true
2026-08-10 16:37:38 +0200: Memory Usage (457408K) : Selected PURGE option: false
2026-08-10 16:37:38 +0200: Memory Usage (457536K) : Selected PURGE_NETS option: false
2026-08-10 16:37:38 +0200: Memory Usage (457536K) : Selected SIMPLIFY option: true
2026-08-10 16:37:38 +0200: Memory Usage (457536K) : Selected SERIES_RES option: true
2026-08-10 16:37:38 +0200: Memory Usage (457536K) : Selected PARALLEL_RES option: true
2026-08-10 16:37:38 +0200: Memory Usage (457536K) : Selected DISABLE_TAP_EXTRACTION option: false
2026-08-10 16:37:38 +0200: Memory Usage (457536K) : deep  mode is enabled.
2026-08-10 16:37:38 +0200: Memory Usage (457536K) : Applying implicit connections (case-sensitive, pattern supported) for nets: iovss, iovdd, vss, vdd, pad, cathode, anode
2026-08-10 16:37:38 +0200: Memory Usage (458816K) : Netlist file: /foss/designs/ihp-open-pdk-regression/IOPADS/netlist/pads_sub/sg13g2_IOPadOut4mA.spi
2026-08-10 16:37:38 +0200: Memory Usage (458816K) : LVS extracted netlist at: /foss/designs/ihp-open-pdk-regression/IOPADS/lvs_sweep/20260810_163620/sg13g2_IOPadOut4mA/sg13g2_IOPadOut4mA_extracted.cir
2026-08-10 16:37:38 +0200: Memory Usage (458816K) : Applying SRAM integration support.
2026-08-10 16:37:38 +0200: Memory Usage (458816K) : Starting SG13G2 LVS runset
2026-08-10 16:37:38 +0200: Memory Usage (458816K) : Read in polygons from layers.
2026-08-10 16:37:38 +0200: Memory Usage (460224K) : activ_drw has 77 polygons
2026-08-10 16:37:38 +0200: Memory Usage (460608K) : activ_filler has 0 polygons
2026-08-10 16:37:38 +0200: Memory Usage (460736K) : activ has 77 polygons
2026-08-10 16:37:38 +0200: Memory Usage (460736K) : activ_pin has 0 polygons
2026-08-10 16:37:38 +0200: Memory Usage (460736K) : activ_mask has 0 polygons
2026-08-10 16:37:38 +0200: Memory Usage (460736K) : activ_nofill has 0 polygons
2026-08-10 16:37:38 +0200: Memory Usage (460736K) : activ_OPC has 0 polygons
2026-08-10 16:37:38 +0200: Memory Usage (460736K) : activ_iOPC has 0 polygons
2026-08-10 16:37:38 +0200: Memory Usage (460864K) : activ_noqrc has 0 polygons
2026-08-10 16:37:38 +0200: Memory Usage (460864K) : biwind_drw has 0 polygons
2026-08-10 16:37:38 +0200: Memory Usage (460992K) : biwind_OPC has 0 polygons
2026-08-10 16:37:38 +0200: Memory Usage (460992K) : gatpoly_drw has 28 polygons
2026-08-10 16:37:38 +0200: Memory Usage (461120K) : gatpoly_filler has 0 polygons
2026-08-10 16:37:38 +0200: Memory Usage (461120K) : gatpoly has 28 polygons
2026-08-10 16:37:38 +0200: Memory Usage (461248K) : gatpoly_pin has 0 polygons
2026-08-10 16:37:38 +0200: Memory Usage (461248K) : gatpoly_nofill has 0 polygons
2026-08-10 16:37:38 +0200: Memory Usage (461376K) : gatpoly_OPC has 0 polygons
2026-08-10 16:37:38 +0200: Memory Usage (461376K) : gatpoly_iOPC has 0 polygons
2026-08-10 16:37:38 +0200: Memory Usage (461504K) : gatpoly_noqrc has 0 polygons
2026-08-10 16:37:38 +0200: Memory Usage (462912K) : cont_drw has 45805 polygons
2026-08-10 16:37:38 +0200: Memory Usage (462912K) : cont_OPC has 0 polygons
2026-08-10 16:37:38 +0200: Memory Usage (462912K) : nsd_drw has 0 polygons
2026-08-10 16:37:38 +0200: Memory Usage (462912K) : nsd_block has 0 polygons
2026-08-10 16:37:38 +0200: Memory Usage (462912K) : metal1_drw has 162 polygons
2026-08-10 16:37:38 +0200: Memory Usage (462912K) : metal1_filler has 0 polygons
2026-08-10 16:37:38 +0200: Memory Usage (462912K) : metal1_slit has 0 polygons
2026-08-10 16:37:38 +0200: Memory Usage (463296K) : metal1 has 162 polygons
2026-08-10 16:37:38 +0200: Memory Usage (463296K) : metal1_pin has 27 polygons
2026-08-10 16:37:38 +0200: Memory Usage (463296K) : metal1_mask has 0 polygons
2026-08-10 16:37:38 +0200: Memory Usage (463296K) : metal1_nofill has 0 polygons
2026-08-10 16:37:38 +0200: Memory Usage (463552K) : metal1_text has 26 polygons
2026-08-10 16:37:38 +0200: Memory Usage (463552K) : metal1_OPC has 0 polygons
2026-08-10 16:37:38 +0200: Memory Usage (463552K) : metal1_noqrc has 0 polygons
2026-08-10 16:37:38 +0200: Memory Usage (463680K) : metal1_res has 0 polygons
2026-08-10 16:37:38 +0200: Memory Usage (463680K) : metal1_iprobe has 0 polygons
2026-08-10 16:37:38 +0200: Memory Usage (463808K) : metal1_diffprb has 0 polygons
2026-08-10 16:37:38 +0200: Memory Usage (463808K) : passiv_drw has 0 polygons
2026-08-10 16:37:38 +0200: Memory Usage (463936K) : passiv_pin has 0 polygons
2026-08-10 16:37:38 +0200: Memory Usage (463936K) : passiv_sbump has 0 polygons
2026-08-10 16:37:38 +0200: Memory Usage (464064K) : passiv_pillar has 0 polygons
2026-08-10 16:37:38 +0200: Memory Usage (464192K) : passiv_pdl has 0 polygons
2026-08-10 16:37:38 +0200: Memory Usage (464192K) : metal2_drw has 50 polygons
2026-08-10 16:37:38 +0200: Memory Usage (464320K) : metal2_filler has 0 polygons
2026-08-10 16:37:38 +0200: Memory Usage (464320K) : metal2_slit has 0 polygons
2026-08-10 16:37:38 +0200: Memory Usage (464448K) : metal2 has 50 polygons
2026-08-10 16:37:38 +0200: Memory Usage (464576K) : metal2_pin has 13 polygons
2026-08-10 16:37:38 +0200: Memory Usage (464576K) : metal2_mask has 0 polygons
2026-08-10 16:37:38 +0200: Memory Usage (464704K) : metal2_nofill has 0 polygons
2026-08-10 16:37:38 +0200: Memory Usage (464704K) : metal2_text has 13 polygons
2026-08-10 16:37:38 +0200: Memory Usage (464832K) : metal2_OPC has 0 polygons
2026-08-10 16:37:38 +0200: Memory Usage (464960K) : metal2_noqrc has 0 polygons
2026-08-10 16:37:38 +0200: Memory Usage (464960K) : metal2_res has 0 polygons
2026-08-10 16:37:38 +0200: Memory Usage (465088K) : metal2_iprobe has 0 polygons
2026-08-10 16:37:38 +0200: Memory Usage (465088K) : metal2_diffprb has 0 polygons
2026-08-10 16:37:38 +0200: Memory Usage (465216K) : baspoly_drw has 0 polygons
2026-08-10 16:37:38 +0200: Memory Usage (465216K) : baspoly_pin has 0 polygons
2026-08-10 16:37:39 +0200: Memory Usage (465344K) : psd_drw has 30 polygons
2026-08-10 16:37:39 +0200: Memory Usage (465472K) : nldb_drw has 0 polygons
2026-08-10 16:37:39 +0200: Memory Usage (465600K) : digibnd_drw has 0 polygons
2026-08-10 16:37:39 +0200: Memory Usage (465600K) : via1_drw has 1524 polygons
2026-08-10 16:37:39 +0200: Memory Usage (465728K) : backmetal1_drw has 0 polygons
2026-08-10 16:37:39 +0200: Memory Usage (465728K) : backmetal1_pin has 0 polygons
2026-08-10 16:37:39 +0200: Memory Usage (465856K) : backmetal1_mask has 0 polygons
2026-08-10 16:37:39 +0200: Memory Usage (465984K) : backmetal1_filler has 0 polygons
2026-08-10 16:37:39 +0200: Memory Usage (465984K) : backmetal1_nofill has 0 polygons
2026-08-10 16:37:39 +0200: Memory Usage (466112K) : backmetal1_slit has 0 polygons
2026-08-10 16:37:39 +0200: Memory Usage (466112K) : backmetal1_text has 0 polygons
2026-08-10 16:37:39 +0200: Memory Usage (466112K) : backmetal1_OPC has 0 polygons
2026-08-10 16:37:39 +0200: Memory Usage (466240K) : backmetal1_noqrc has 0 polygons
2026-08-10 16:37:39 +0200: Memory Usage (466240K) : backmetal1_res has 0 polygons
2026-08-10 16:37:39 +0200: Memory Usage (466240K) : backmetal1_iprobe has 0 polygons
2026-08-10 16:37:39 +0200: Memory Usage (466368K) : backmetal1_diffprb has 0 polygons
2026-08-10 16:37:39 +0200: Memory Usage (466368K) : backpassiv_drw has 0 polygons
2026-08-10 16:37:39 +0200: Memory Usage (466368K) : res_drw has 0 polygons
2026-08-10 16:37:39 +0200: Memory Usage (466368K) : sram_drw has 0 polygons
2026-08-10 16:37:39 +0200: Memory Usage (466496K) : trans_drw has 0 polygons
2026-08-10 16:37:39 +0200: Memory Usage (466496K) : ind_drw has 0 polygons
2026-08-10 16:37:39 +0200: Memory Usage (466496K) : ind_pin has 0 polygons
2026-08-10 16:37:39 +0200: Memory Usage (466624K) : ind_text has 0 polygons
2026-08-10 16:37:39 +0200: Memory Usage (466624K) : salblock_drw has 0 polygons
2026-08-10 16:37:39 +0200: Memory Usage (466624K) : via2_drw has 1235 polygons
2026-08-10 16:37:39 +0200: Memory Usage (466752K) : metal3_drw has 13 polygons
2026-08-10 16:37:39 +0200: Memory Usage (466880K) : metal3_filler has 0 polygons
2026-08-10 16:37:39 +0200: Memory Usage (466880K) : metal3_slit has 0 polygons
2026-08-10 16:37:39 +0200: Memory Usage (467008K) : metal3 has 13 polygons
2026-08-10 16:37:39 +0200: Memory Usage (467136K) : metal3_pin has 9 polygons
2026-08-10 16:37:39 +0200: Memory Usage (467136K) : metal3_mask has 0 polygons
2026-08-10 16:37:39 +0200: Memory Usage (467264K) : metal3_nofill has 0 polygons
2026-08-10 16:37:39 +0200: Memory Usage (467264K) : metal3_text has 9 polygons
2026-08-10 16:37:39 +0200: Memory Usage (467392K) : metal3_OPC has 0 polygons
2026-08-10 16:37:39 +0200: Memory Usage (467392K) : metal3_noqrc has 0 polygons
2026-08-10 16:37:39 +0200: Memory Usage (467520K) : metal3_res has 0 polygons
2026-08-10 16:37:39 +0200: Memory Usage (467520K) : metal3_iprobe has 0 polygons
2026-08-10 16:37:39 +0200: Memory Usage (467648K) : metal3_diffprb has 0 polygons
2026-08-10 16:37:39 +0200: Memory Usage (467648K) : nwell_drw has 21 polygons
2026-08-10 16:37:39 +0200: Memory Usage (467776K) : nwell_pin has 0 polygons
2026-08-10 16:37:39 +0200: Memory Usage (467904K) : nwell_text has 0 polygons
2026-08-10 16:37:39 +0200: Memory Usage (467904K) : nbulay_drw has 0 polygons
2026-08-10 16:37:39 +0200: Memory Usage (468032K) : nbulay_pin has 0 polygons
2026-08-10 16:37:39 +0200: Memory Usage (468032K) : nbulay_block has 0 polygons
2026-08-10 16:37:39 +0200: Memory Usage (468160K) : emwind_drw has 0 polygons
2026-08-10 16:37:39 +0200: Memory Usage (468160K) : emwind_OPC has 0 polygons
2026-08-10 16:37:39 +0200: Memory Usage (468288K) : deepco_drw has 0 polygons
2026-08-10 16:37:39 +0200: Memory Usage (468288K) : mim_drw has 0 polygons
2026-08-10 16:37:39 +0200: Memory Usage (468416K) : edgeseal_drw has 0 polygons
2026-08-10 16:37:39 +0200: Memory Usage (468416K) : substrate_drw has 22 polygons
2026-08-10 16:37:39 +0200: Memory Usage (468544K) : substrate_text has 0 polygons
2026-08-10 16:37:39 +0200: Memory Usage (468544K) : dfpad_drw has 0 polygons
2026-08-10 16:37:39 +0200: Memory Usage (468544K) : dfpad_pillar has 0 polygons
2026-08-10 16:37:39 +0200: Memory Usage (468544K) : dfpad_sbump has 0 polygons
2026-08-10 16:37:39 +0200: Memory Usage (468672K) : thickgateox_drw has 4 polygons
2026-08-10 16:37:39 +0200: Memory Usage (468672K) : pldb_drw has 0 polygons
2026-08-10 16:37:39 +0200: Memory Usage (468800K) : pwell_drw has 0 polygons
2026-08-10 16:37:39 +0200: Memory Usage (468800K) : pwell_pin has 0 polygons
2026-08-10 16:37:39 +0200: Memory Usage (468928K) : pwell_block has 0 polygons
2026-08-10 16:37:39 +0200: Memory Usage (468928K) : ic_drw has 0 polygons
2026-08-10 16:37:39 +0200: Memory Usage (469056K) : via3_drw has 2087 polygons
2026-08-10 16:37:39 +0200: Memory Usage (469184K) : metal4_drw has 8 polygons
2026-08-10 16:37:39 +0200: Memory Usage (469184K) : metal4_filler has 0 polygons
2026-08-10 16:37:39 +0200: Memory Usage (469312K) : metal4_slit has 0 polygons
2026-08-10 16:37:39 +0200: Memory Usage (469440K) : metal4 has 8 polygons
2026-08-10 16:37:39 +0200: Memory Usage (469440K) : metal4_pin has 8 polygons
2026-08-10 16:37:39 +0200: Memory Usage (469568K) : metal4_mask has 0 polygons
2026-08-10 16:37:39 +0200: Memory Usage (469568K) : metal4_nofill has 0 polygons
2026-08-10 16:37:39 +0200: Memory Usage (469696K) : metal4_text has 8 polygons
2026-08-10 16:37:39 +0200: Memory Usage (469824K) : metal4_OPC has 0 polygons
2026-08-10 16:37:39 +0200: Memory Usage (469824K) : metal4_noqrc has 0 polygons
2026-08-10 16:37:39 +0200: Memory Usage (469952K) : metal4_res has 0 polygons
2026-08-10 16:37:39 +0200: Memory Usage (469952K) : metal4_iprobe has 0 polygons
2026-08-10 16:37:39 +0200: Memory Usage (470080K) : metal4_diffprb has 0 polygons
2026-08-10 16:37:39 +0200: Memory Usage (470080K) : heattrans_drw has 0 polygons
2026-08-10 16:37:39 +0200: Memory Usage (470208K) : heatres_drw has 0 polygons
2026-08-10 16:37:39 +0200: Memory Usage (470208K) : fbe_drw has 0 polygons
2026-08-10 16:37:39 +0200: Memory Usage (470336K) : empoly_drw has 0 polygons
2026-08-10 16:37:39 +0200: Memory Usage (470336K) : digisub_drw has 0 polygons
2026-08-10 16:37:39 +0200: Memory Usage (470464K) : text_drw has 15 polygons
2026-08-10 16:37:39 +0200: Memory Usage (470464K) : via4_drw has 2371 polygons
2026-08-10 16:37:39 +0200: Memory Usage (470720K) : metal5_drw has 8 polygons
2026-08-10 16:37:39 +0200: Memory Usage (470720K) : metal5_filler has 0 polygons
2026-08-10 16:37:39 +0200: Memory Usage (470720K) : metal5_slit has 0 polygons
2026-08-10 16:37:39 +0200: Memory Usage (470848K) : metal5 has 8 polygons
2026-08-10 16:37:39 +0200: Memory Usage (470976K) : metal5_pin has 8 polygons
2026-08-10 16:37:39 +0200: Memory Usage (470976K) : metal5_mask has 0 polygons
2026-08-10 16:37:39 +0200: Memory Usage (470976K) : metal5_nofill has 0 polygons
2026-08-10 16:37:39 +0200: Memory Usage (471104K) : metal5_text has 8 polygons
2026-08-10 16:37:39 +0200: Memory Usage (471104K) : metal5_OPC has 0 polygons
2026-08-10 16:37:39 +0200: Memory Usage (471104K) : metal5_noqrc has 0 polygons
2026-08-10 16:37:39 +0200: Memory Usage (471232K) : metal5_res has 0 polygons
2026-08-10 16:37:39 +0200: Memory Usage (471360K) : metal5_iprobe has 0 polygons
2026-08-10 16:37:39 +0200: Memory Usage (471360K) : metal5_diffprb has 0 polygons
2026-08-10 16:37:39 +0200: Memory Usage (471360K) : radhard_drw has 0 polygons
2026-08-10 16:37:39 +0200: Memory Usage (471360K) : memcap_drw has 0 polygons
2026-08-10 16:37:39 +0200: Memory Usage (471360K) : varicap_drw has 0 polygons
2026-08-10 16:37:39 +0200: Memory Usage (471360K) : intbondvia_drw has 0 polygons
2026-08-10 16:37:39 +0200: Memory Usage (471360K) : intbondmet_drw has 0 polygons
2026-08-10 16:37:39 +0200: Memory Usage (471360K) : devbondvia_drw has 0 polygons
2026-08-10 16:37:39 +0200: Memory Usage (471360K) : devbondmet_drw has 0 polygons
2026-08-10 16:37:39 +0200: Memory Usage (471360K) : devtrench_drw has 0 polygons
2026-08-10 16:37:39 +0200: Memory Usage (471360K) : redist_drw has 0 polygons
2026-08-10 16:37:39 +0200: Memory Usage (471360K) : graphbot_drw has 0 polygons
2026-08-10 16:37:39 +0200: Memory Usage (471360K) : graphtop_drw has 0 polygons
2026-08-10 16:37:39 +0200: Memory Usage (471360K) : antvia1_drw has 0 polygons
2026-08-10 16:37:39 +0200: Memory Usage (471360K) : antmetal2_drw has 0 polygons
2026-08-10 16:37:39 +0200: Memory Usage (471360K) : graphcont_drw has 0 polygons
2026-08-10 16:37:39 +0200: Memory Usage (471360K) : siwg_drw has 0 polygons
2026-08-10 16:37:39 +0200: Memory Usage (471360K) : siwg_filler has 0 polygons
2026-08-10 16:37:39 +0200: Memory Usage (471360K) : siwg_nofill has 0 polygons
2026-08-10 16:37:39 +0200: Memory Usage (471360K) : sigrating_drw has 0 polygons
2026-08-10 16:37:39 +0200: Memory Usage (471360K) : singrating_drw has 0 polygons
2026-08-10 16:37:39 +0200: Memory Usage (471360K) : graphpas_drw has 0 polygons
2026-08-10 16:37:39 +0200: Memory Usage (471360K) : emwind3_drw has 0 polygons
2026-08-10 16:37:39 +0200: Memory Usage (471360K) : emwihv3_drw has 0 polygons
2026-08-10 16:37:39 +0200: Memory Usage (471360K) : redbulay_drw has 0 polygons
2026-08-10 16:37:39 +0200: Memory Usage (471360K) : smos_drw has 0 polygons
2026-08-10 16:37:39 +0200: Memory Usage (471360K) : graphpad_drw has 0 polygons
2026-08-10 16:37:39 +0200: Memory Usage (471360K) : polimide_drw has 0 polygons
2026-08-10 16:37:39 +0200: Memory Usage (471360K) : polimide_pin has 0 polygons
2026-08-10 16:37:39 +0200: Memory Usage (471360K) : recog_drw has 0 polygons
2026-08-10 16:37:39 +0200: Memory Usage (471360K) : recog_pin has 0 polygons
2026-08-10 16:37:39 +0200: Memory Usage (471360K) : recog_esd has 0 polygons
2026-08-10 16:37:39 +0200: Memory Usage (471360K) : recog_diode has 6 polygons
2026-08-10 16:37:39 +0200: Memory Usage (471360K) : recog_tsv has 0 polygons
2026-08-10 16:37:39 +0200: Memory Usage (471360K) : recog_iprobe has 0 polygons
2026-08-10 16:37:39 +0200: Memory Usage (471360K) : recog_diffprb has 0 polygons
2026-08-10 16:37:39 +0200: Memory Usage (471360K) : recog_pillar has 0 polygons
2026-08-10 16:37:39 +0200: Memory Usage (471360K) : recog_sbump has 0 polygons
2026-08-10 16:37:39 +0200: Memory Usage (471360K) : recog_otp has 0 polygons
2026-08-10 16:37:39 +0200: Memory Usage (471360K) : recog_pdiode has 0 polygons
2026-08-10 16:37:39 +0200: Memory Usage (471360K) : recog_mom has 0 polygons
2026-08-10 16:37:39 +0200: Memory Usage (471360K) : recog_pcm has 0 polygons
2026-08-10 16:37:39 +0200: Memory Usage (471360K) : colopen_drw has 0 polygons
2026-08-10 16:37:39 +0200: Memory Usage (471360K) : graphmetal1_drw has 0 polygons
2026-08-10 16:37:39 +0200: Memory Usage (471360K) : graphmetal1_filler has 0 polygons
2026-08-10 16:37:39 +0200: Memory Usage (471360K) : graphmetal1_nofill has 0 polygons
2026-08-10 16:37:39 +0200: Memory Usage (471360K) : graphmetal1_slit has 0 polygons
2026-08-10 16:37:39 +0200: Memory Usage (471360K) : graphmetal1_OPC has 0 polygons
2026-08-10 16:37:39 +0200: Memory Usage (471360K) : graphmet1l_drw has 0 polygons
2026-08-10 16:37:39 +0200: Memory Usage (471360K) : graphmet1l_filler has 0 polygons
2026-08-10 16:37:39 +0200: Memory Usage (471360K) : graphmet1l_nofill has 0 polygons
2026-08-10 16:37:39 +0200: Memory Usage (471360K) : graphmet1l_slit has 0 polygons
2026-08-10 16:37:39 +0200: Memory Usage (471360K) : graphmet1l_OPC has 0 polygons
2026-08-10 16:37:39 +0200: Memory Usage (471360K) : extblock_drw has 0 polygons
2026-08-10 16:37:39 +0200: Memory Usage (471360K) : nldd_drw has 0 polygons
2026-08-10 16:37:39 +0200: Memory Usage (471360K) : pldd_drw has 0 polygons
2026-08-10 16:37:39 +0200: Memory Usage (471360K) : next_drw has 0 polygons
2026-08-10 16:37:39 +0200: Memory Usage (471360K) : pext_drw has 0 polygons
2026-08-10 16:37:39 +0200: Memory Usage (471360K) : nexthv_drw has 0 polygons
2026-08-10 16:37:39 +0200: Memory Usage (471360K) : pexthv_drw has 0 polygons
2026-08-10 16:37:39 +0200: Memory Usage (471360K) : graphgate_drw has 0 polygons
2026-08-10 16:37:39 +0200: Memory Usage (471360K) : sinwg_drw has 0 polygons
2026-08-10 16:37:39 +0200: Memory Usage (471360K) : sinwg_filler has 0 polygons
2026-08-10 16:37:39 +0200: Memory Usage (471360K) : sinwg_nofill has 0 polygons
2026-08-10 16:37:39 +0200: Memory Usage (471360K) : mempad_drw has 0 polygons
2026-08-10 16:37:39 +0200: Memory Usage (471360K) : topvia1_drw has 2315 polygons
2026-08-10 16:37:39 +0200: Memory Usage (471360K) : topmetal1_drw has 8 polygons
2026-08-10 16:37:39 +0200: Memory Usage (471360K) : topmetal1_filler has 0 polygons
2026-08-10 16:37:39 +0200: Memory Usage (471360K) : topmetal1_slit has 0 polygons
2026-08-10 16:37:39 +0200: Memory Usage (471360K) : topmetal1 has 8 polygons
2026-08-10 16:37:39 +0200: Memory Usage (471360K) : topmetal1_pin has 8 polygons
2026-08-10 16:37:39 +0200: Memory Usage (471360K) : topmetal1_mask has 0 polygons
2026-08-10 16:37:39 +0200: Memory Usage (471360K) : topmetal1_nofill has 0 polygons
2026-08-10 16:37:39 +0200: Memory Usage (471360K) : topmetal1_text has 8 polygons
2026-08-10 16:37:39 +0200: Memory Usage (471360K) : topmetal1_noqrc has 0 polygons
2026-08-10 16:37:39 +0200: Memory Usage (471360K) : topmetal1_res has 0 polygons
2026-08-10 16:37:39 +0200: Memory Usage (471360K) : topmetal1_iprobe has 0 polygons
2026-08-10 16:37:39 +0200: Memory Usage (471360K) : topmetal1_diffprb has 0 polygons
2026-08-10 16:37:39 +0200: Memory Usage (471360K) : inldpwl_drw has 0 polygons
2026-08-10 16:37:39 +0200: Memory Usage (471360K) : polyres_drw has 0 polygons
2026-08-10 16:37:39 +0200: Memory Usage (471360K) : polyres_pin has 0 polygons
2026-08-10 16:37:39 +0200: Memory Usage (471360K) : vmim_drw has 0 polygons
2026-08-10 16:37:39 +0200: Memory Usage (471360K) : nbulaycut_drw has 0 polygons
2026-08-10 16:37:39 +0200: Memory Usage (471360K) : antmetal1_drw has 0 polygons
2026-08-10 16:37:39 +0200: Memory Usage (471360K) : topvia2_drw has 1593 polygons
2026-08-10 16:37:39 +0200: Memory Usage (471360K) : topmetal2_drw has 6 polygons
2026-08-10 16:37:39 +0200: Memory Usage (471360K) : topmetal2_filler has 0 polygons
2026-08-10 16:37:39 +0200: Memory Usage (471360K) : topmetal2_slit has 0 polygons
2026-08-10 16:37:39 +0200: Memory Usage (471360K) : topmetal2 has 6 polygons
2026-08-10 16:37:39 +0200: Memory Usage (471360K) : topmetal2_pin has 6 polygons
2026-08-10 16:37:39 +0200: Memory Usage (471360K) : topmetal2_mask has 0 polygons
2026-08-10 16:37:39 +0200: Memory Usage (471360K) : topmetal2_nofill has 0 polygons
2026-08-10 16:37:39 +0200: Memory Usage (471360K) : topmetal2_text has 6 polygons
2026-08-10 16:37:39 +0200: Memory Usage (471360K) : topmetal2_noqrc has 0 polygons
2026-08-10 16:37:39 +0200: Memory Usage (471360K) : topmetal2_res has 0 polygons
2026-08-10 16:37:39 +0200: Memory Usage (471360K) : topmetal2_iprobe has 0 polygons
2026-08-10 16:37:39 +0200: Memory Usage (471360K) : topmetal2_diffprb has 0 polygons
2026-08-10 16:37:39 +0200: Memory Usage (471360K) : snsring_drw has 0 polygons
2026-08-10 16:37:39 +0200: Memory Usage (471360K) : sensor_drw has 0 polygons
2026-08-10 16:37:39 +0200: Memory Usage (471360K) : snsarms_drw has 0 polygons
2026-08-10 16:37:39 +0200: Memory Usage (471360K) : snscmosvia_drw has 0 polygons
2026-08-10 16:37:39 +0200: Memory Usage (471360K) : colwind_drw has 0 polygons
2026-08-10 16:37:39 +0200: Memory Usage (471360K) : flm_drw has 0 polygons
2026-08-10 16:37:39 +0200: Memory Usage (471360K) : hafniumox_drw has 0 polygons
2026-08-10 16:37:39 +0200: Memory Usage (471360K) : memvia_drw has 0 polygons
2026-08-10 16:37:39 +0200: Memory Usage (471360K) : thinfilmres_drw has 0 polygons
2026-08-10 16:37:39 +0200: Memory Usage (471360K) : rfmem_drw has 0 polygons
2026-08-10 16:37:39 +0200: Memory Usage (471360K) : norcx_drw has 0 polygons
2026-08-10 16:37:39 +0200: Memory Usage (471360K) : norcx_m2m3 has 0 polygons
2026-08-10 16:37:39 +0200: Memory Usage (471360K) : norcx_m2m4 has 0 polygons
2026-08-10 16:37:39 +0200: Memory Usage (471360K) : norcx_m2m5 has 0 polygons
2026-08-10 16:37:39 +0200: Memory Usage (471360K) : norcx_m2tm1 has 0 polygons
2026-08-10 16:37:39 +0200: Memory Usage (471360K) : norcx_m2tm2 has 0 polygons
2026-08-10 16:37:39 +0200: Memory Usage (471360K) : norcx_m3m4 has 0 polygons
2026-08-10 16:37:39 +0200: Memory Usage (471360K) : norcx_m3m5 has 0 polygons
2026-08-10 16:37:39 +0200: Memory Usage (471360K) : norcx_m3tm1 has 0 polygons
2026-08-10 16:37:39 +0200: Memory Usage (471360K) : norcx_m3tm2 has 0 polygons
2026-08-10 16:37:39 +0200: Memory Usage (471360K) : norcx_m4m5 has 0 polygons
2026-08-10 16:37:39 +0200: Memory Usage (471360K) : norcx_m4tm1 has 0 polygons
2026-08-10 16:37:39 +0200: Memory Usage (471360K) : norcx_m4tm2 has 0 polygons
2026-08-10 16:37:39 +0200: Memory Usage (471360K) : norcx_m5tm1 has 0 polygons
2026-08-10 16:37:39 +0200: Memory Usage (471360K) : norcx_m5tm2 has 0 polygons
2026-08-10 16:37:39 +0200: Memory Usage (471360K) : norcx_tm1tm2 has 0 polygons
2026-08-10 16:37:39 +0200: Memory Usage (471360K) : norcx_m1sub has 0 polygons
2026-08-10 16:37:39 +0200: Memory Usage (471360K) : norcx_m2sub has 0 polygons
2026-08-10 16:37:39 +0200: Memory Usage (471360K) : norcx_m3sub has 0 polygons
2026-08-10 16:37:39 +0200: Memory Usage (471360K) : norcx_m4sub has 0 polygons
2026-08-10 16:37:39 +0200: Memory Usage (471360K) : norcx_m5sub has 0 polygons
2026-08-10 16:37:39 +0200: Memory Usage (471360K) : norcx_tm1sub has 0 polygons
2026-08-10 16:37:39 +0200: Memory Usage (471360K) : norcx_tm2sub has 0 polygons
2026-08-10 16:37:39 +0200: Memory Usage (471360K) : snsbotvia_drw has 0 polygons
2026-08-10 16:37:39 +0200: Memory Usage (471360K) : snstopvia_drw has 0 polygons
2026-08-10 16:37:39 +0200: Memory Usage (471360K) : deepvia_drw has 0 polygons
2026-08-10 16:37:39 +0200: Memory Usage (471360K) : fgetch_drw has 0 polygons
2026-08-10 16:37:39 +0200: Memory Usage (471360K) : ctrgat_drw has 0 polygons
2026-08-10 16:37:39 +0200: Memory Usage (471360K) : fgimp_drw has 0 polygons
2026-08-10 16:37:39 +0200: Memory Usage (471360K) : emwihv_drw has 0 polygons
2026-08-10 16:37:39 +0200: Memory Usage (471360K) : lbe_drw has 0 polygons
2026-08-10 16:37:39 +0200: Memory Usage (471360K) : alcustop_drw has 0 polygons
2026-08-10 16:37:39 +0200: Memory Usage (471360K) : nometfiller_drw has 0 polygons
2026-08-10 16:37:39 +0200: Memory Usage (471360K) : prboundary_drw has 0 polygons
2026-08-10 16:37:39 +0200: Memory Usage (471360K) : exchange0_drw has 0 polygons
2026-08-10 16:37:39 +0200: Memory Usage (471360K) : exchange0_pin has 0 polygons
2026-08-10 16:37:39 +0200: Memory Usage (471360K) : exchange0_text has 0 polygons
2026-08-10 16:37:39 +0200: Memory Usage (471488K) : exchange1_drw has 0 polygons
2026-08-10 16:37:39 +0200: Memory Usage (471488K) : exchange1_pin has 0 polygons
2026-08-10 16:37:39 +0200: Memory Usage (471616K) : exchange1_text has 0 polygons
2026-08-10 16:37:39 +0200: Memory Usage (471616K) : exchange2_drw has 0 polygons
2026-08-10 16:37:39 +0200: Memory Usage (471744K) : exchange2_pin has 0 polygons
2026-08-10 16:37:39 +0200: Memory Usage (471744K) : exchange2_text has 0 polygons
2026-08-10 16:37:39 +0200: Memory Usage (471872K) : exchange3_drw has 0 polygons
2026-08-10 16:37:39 +0200: Memory Usage (471872K) : exchange3_pin has 0 polygons
2026-08-10 16:37:39 +0200: Memory Usage (472000K) : exchange3_text has 0 polygons
2026-08-10 16:37:39 +0200: Memory Usage (472000K) : exchange4_drw has 0 polygons
2026-08-10 16:37:39 +0200: Memory Usage (472128K) : exchange4_pin has 0 polygons
2026-08-10 16:37:39 +0200: Memory Usage (472128K) : exchange4_text has 0 polygons
2026-08-10 16:37:39 +0200: Memory Usage (472256K) : isonwell_drw has 0 polygons
2026-08-10 16:37:39 +0200: Memory Usage (472256K) : Total no. of polygons in the design is 57545
2026-08-10 16:37:39 +0200: Memory Usage (472256K) : Starting base layers derivations
2026-08-10 16:37:39 +0200: Memory Usage (472256K) : Starting general LVS derivations
2026-08-10 16:37:39 +0200: Memory Usage (480320K) : Starting MOSFET DERIVATIONS
2026-08-10 16:37:40 +0200: Memory Usage (481852K) : Starting NMOS DERIVATIONS
2026-08-10 16:37:40 +0200: Memory Usage (481852K) : Starting PMOS DERIVATIONS
2026-08-10 16:37:40 +0200: Memory Usage (481852K) : Starting RF-MOSFET DERIVATIONS
2026-08-10 16:37:40 +0200: Memory Usage (481852K) : Starting RF-NMOS DERIVATIONS
2026-08-10 16:37:40 +0200: Memory Usage (481852K) : Starting RF-PMOS DERIVATIONS
2026-08-10 16:37:40 +0200: Memory Usage (481852K) : Starting BJT DERIVATIONS
2026-08-10 16:37:40 +0200: Memory Usage (481852K) : Starting NPN-BJT DERIVATIONS
2026-08-10 16:37:40 +0200: Memory Usage (481852K) : Starting PNP-BJT DERIVATIONS
2026-08-10 16:37:40 +0200: Memory Usage (481852K) : Starting DIODE DERIVATIONS
2026-08-10 16:37:41 +0200: Memory Usage (481760K) : Starting RESISTOR DERIVATIONS
2026-08-10 16:37:41 +0200: Memory Usage (481760K) : Starting CAP DERIVATIONS
2026-08-10 16:37:41 +0200: Memory Usage (481760K) : Starting CAP_CMOM DERIVATIONS
2026-08-10 16:37:41 +0200: Memory Usage (481760K) : Starting ESD DERIVATIONS
2026-08-10 16:37:41 +0200: Memory Usage (481760K) : Starting Inductor DERIVATIONS
2026-08-10 16:37:41 +0200: Memory Usage (483680K) : Starting Taps DERIVATIONS
2026-08-10 16:37:41 +0200: Memory Usage (484960K) : Starting SG13G2 LVS connectivity setup
2026-08-10 16:37:41 +0200: Memory Usage (484960K) : Starting SG13G2 LVS connectivity setup (Inter-layer)
2026-08-10 16:37:41 +0200: Memory Usage (485088K) : Starting SG13G2 LVS connectivity setup (Global)
2026-08-10 16:37:41 +0200: Memory Usage (485088K) : Starting LVS MOSFET CONNECTIONS
2026-08-10 16:37:41 +0200: Memory Usage (485088K) : Starting LVS RF-MOSFET CONNECTIONS
2026-08-10 16:37:41 +0200: Memory Usage (485088K) : Starting LVS BJT CONNECTIONS
2026-08-10 16:37:41 +0200: Memory Usage (485088K) : Starting LVS DIODE CONNECTIONS
2026-08-10 16:37:41 +0200: Memory Usage (485088K) : Starting RESISTOR CONNECTIONS
2026-08-10 16:37:41 +0200: Memory Usage (485088K) : Starting LVS CAP CONNECTIONS
2026-08-10 16:37:41 +0200: Memory Usage (485088K) : Starting CAP_CMOM CONNECTIONS
2026-08-10 16:37:41 +0200: Memory Usage (485088K) : Starting ESD CONNECTIONS
2026-08-10 16:37:41 +0200: Memory Usage (485088K) : Starting Inductor CONNECTIONS
2026-08-10 16:37:41 +0200: Memory Usage (485088K) : Starting LVS Taps CONNECTIONS
2026-08-10 16:37:41 +0200: Memory Usage (485088K) : Starting SG13G2 LVS DEVICES EXTRACTION
2026-08-10 16:37:41 +0200: Memory Usage (485088K) : Starting MOSFET EXTRACTION
2026-08-10 16:37:41 +0200: Memory Usage (485088K) : Starting NMOS EXTRACTION
2026-08-10 16:37:41 +0200: Memory Usage (485088K) : Extraction of NMOS-LV transistor
2026-08-10 16:37:41 +0200: Memory Usage (485344K) : Extraction of NMOS-HV transistor
2026-08-10 16:37:41 +0200: Memory Usage (485344K) : Starting PMOS EXTRACTION
2026-08-10 16:37:41 +0200: Memory Usage (485344K) : Extraction of PMOS-LV transistor
2026-08-10 16:37:41 +0200: Memory Usage (485344K) : Extraction of PMOS-HV transistor
2026-08-10 16:37:41 +0200: Memory Usage (485344K) : Starting RF-MOSFET EXTRACTION
2026-08-10 16:37:41 +0200: Memory Usage (485344K) : Extraction of RF-NMOS-LV transistor
2026-08-10 16:37:41 +0200: Memory Usage (485344K) : Extraction of RF-NMOS-HV transistor
2026-08-10 16:37:41 +0200: Memory Usage (485344K) : Extraction of RF-PMOS-LV transistor
2026-08-10 16:37:42 +0200: Memory Usage (485344K) : Extraction of RF-PMOS-HV transistor
2026-08-10 16:37:42 +0200: Memory Usage (485344K) : Starting BJT EXTRACTION
2026-08-10 16:37:42 +0200: Memory Usage (485344K) : Starting NPN-BJT EXTRACTION
2026-08-10 16:37:42 +0200: Memory Usage (485344K) : Extraction of npn13G2 BJT transistor
2026-08-10 16:37:42 +0200: Memory Usage (485344K) : Extraction of npn13G2L BJT transistor
2026-08-10 16:37:42 +0200: Memory Usage (485344K) : Extraction of npn13G2V BJT transistor
2026-08-10 16:37:42 +0200: Memory Usage (485344K) : Starting PNP-BJT EXTRACTION
2026-08-10 16:37:42 +0200: Memory Usage (485344K) : Extracting pnpMPA BJT
2026-08-10 16:37:42 +0200: Memory Usage (485344K) : Starting DIODE EXTRACTION
2026-08-10 16:37:42 +0200: Memory Usage (485344K) : Extracting dantenna diode
2026-08-10 16:37:42 +0200: Memory Usage (485344K) : Extracting dpantenna diode
2026-08-10 16:37:42 +0200: Memory Usage (485344K) : Extracting schottky_nbl1 diode
2026-08-10 16:37:42 +0200: Memory Usage (485344K) : Extracting isolbox diode
2026-08-10 16:37:42 +0200: Memory Usage (485344K) : Starting RESISTOR EXTRACTION
2026-08-10 16:37:42 +0200: Memory Usage (485344K) : Extracting rsil resistor
2026-08-10 16:37:42 +0200: Memory Usage (485344K) : Extracting rppd resistor
2026-08-10 16:37:42 +0200: Memory Usage (485344K) : Extracting rhigh resistor
2026-08-10 16:37:42 +0200: Memory Usage (485344K) : Extracting res_metal1 resistor
2026-08-10 16:37:42 +0200: Memory Usage (485344K) : Extracting res_metal2 resistor
2026-08-10 16:37:42 +0200: Memory Usage (485344K) : Extracting res_metal3 resistor
2026-08-10 16:37:42 +0200: Memory Usage (485344K) : Extracting res_metal4 resistor
2026-08-10 16:37:42 +0200: Memory Usage (485344K) : Extracting res_metal5 resistor
2026-08-10 16:37:42 +0200: Memory Usage (485344K) : Extracting res_topmetal1 resistor
2026-08-10 16:37:42 +0200: Memory Usage (485344K) : Extracting res_topmetal2 resistor
2026-08-10 16:37:42 +0200: Memory Usage (485344K) : Starting CAP EXTRACTION
2026-08-10 16:37:42 +0200: Memory Usage (485344K) : Extracting cap_cmim device
2026-08-10 16:37:42 +0200: Memory Usage (485344K) : Extracting rfcmim device
2026-08-10 16:37:42 +0200: Memory Usage (485344K) : Extracting sg13_hv_svaricap varactor
2026-08-10 16:37:42 +0200: Memory Usage (485344K) : Extracting cap_cmomi device
2026-08-10 16:37:42 +0200: Memory Usage (485344K) : Extracting sg13_moscap_n capacitor
2026-08-10 16:37:42 +0200: Memory Usage (485344K) : Extracting sg13_moscap_p capacitor
2026-08-10 16:37:42 +0200: Memory Usage (485344K) : Starting ESD EXTRACTION
2026-08-10 16:37:42 +0200: Memory Usage (485344K) : Extracting diodevdd_2kv ESD device
2026-08-10 16:37:42 +0200: Memory Usage (485344K) : Extracting diodevdd_4kv ESD device
2026-08-10 16:37:42 +0200: Memory Usage (485344K) : Extracting diodevss_2kv ESD device
2026-08-10 16:37:42 +0200: Memory Usage (485344K) : Extracting diodevss_4kv ESD device
2026-08-10 16:37:42 +0200: Memory Usage (485344K) : Extracting idiodevdd_2kv ESD device
2026-08-10 16:37:42 +0200: Memory Usage (485344K) : Extracting idiodevdd_4kv ESD device
2026-08-10 16:37:42 +0200: Memory Usage (485344K) : Extracting idiodevss_2kv ESD device
2026-08-10 16:37:42 +0200: Memory Usage (485344K) : Extracting idiodevss_4kv ESD device
2026-08-10 16:37:42 +0200: Memory Usage (485344K) : Extracting nmoscl_2 ESD device
2026-08-10 16:37:42 +0200: Memory Usage (485344K) : Extracting nmoscl_4 ESD device
2026-08-10 16:37:42 +0200: Memory Usage (485344K) : Starting Inductor EXTRACTION
2026-08-10 16:37:42 +0200: Memory Usage (485344K) : Extracting Inductor2 device
2026-08-10 16:37:42 +0200: Memory Usage (485344K) : Extracting Inductor3 device
2026-08-10 16:37:42 +0200: Memory Usage (485344K) : Starting Taps EXTRACTION
2026-08-10 16:37:42 +0200: Memory Usage (485344K) : Extracting ntap1 device
2026-08-10 16:37:42 +0200: Memory Usage (485344K) : Extracting ptap1 device
2026-08-10 16:37:42 +0200: Memory Usage (485344K) : Starting SG13G2 LVS RF MOS Model Mapping
2026-08-10 16:37:42 +0200: Memory Usage (489824K) : [layout_netlist] Apply RF MOS model mapping and rfmode parameter.
2026-08-10 16:37:42 +0200: Memory Usage (489824K) : Starting SG13G2 LVS Options Preparations
2026-08-10 16:37:42 +0200: Memory Usage (489824K) : SG13G2 LVS flow: extraction -> alignment -> option preparation -> comparison.
2026-08-10 16:37:42 +0200: Memory Usage (489824K) : Starting SG13G2 LVS Alignment
2026-08-10 16:37:42 +0200: Memory Usage (489824K) : Starting SG13G2 LVS Simplification
2026-08-10 16:37:42 +0200: Memory Usage (489824K) : [layout_netlist] simplify: ENABLED
2026-08-10 16:37:42 +0200: Memory Usage (489824K) : [layout_netlist] make_top_level_pins: SKIPPED
2026-08-10 16:37:42 +0200: Memory Usage (489824K) : [layout_netlist] combine_devices: ENABLED
2026-08-10 16:37:42 +0200: Memory Usage (489824K) : [layout_netlist] purge: SKIPPED
2026-08-10 16:37:42 +0200: Memory Usage (489824K) : [layout_netlist] purge_nets: SKIPPED
2026-08-10 16:37:42 +0200: Memory Usage (489824K) : [schematic_netlist] simplify: ENABLED
2026-08-10 16:37:42 +0200: Memory Usage (489824K) : [schematic_netlist] make_top_level_pins: SKIPPED
2026-08-10 16:37:42 +0200: Memory Usage (489824K) : [schematic_netlist] combine_devices: ENABLED
2026-08-10 16:37:42 +0200: Memory Usage (489824K) : [schematic_netlist] purge: SKIPPED
2026-08-10 16:37:42 +0200: Memory Usage (489824K) : [schematic_netlist] purge_nets: SKIPPED
2026-08-10 16:37:42 +0200: Memory Usage (489824K) : Starting SG13G2 LVS Comparison
2026-08-10 16:37:42 +0200: Memory Usage (489952K) : ==========================================
2026-08-10 16:37:42 +0200: Memory Usage (489952K) : INFO : Congratulations! Netlists match.
2026-08-10 16:37:42 +0200: Memory Usage (489952K) : ==========================================
2026-08-10 16:37:42 +0200: Memory Usage (489952K) : LVS Total Run time 4.019468 seconds
