# Logfile created on 2026-08-10 17:00:46 +0200 by logger.rb/v1.5.3
2026-08-10 17:00:46 +0200: Memory Usage (455564K) : Starting running SG13G2 Klayout LVS runset on /foss/designs/ihp-open-pdk-regression/IOPADS/layout/sg13g2_IOPadIOVss.gds
2026-08-10 17:00:46 +0200: Memory Usage (455564K) : Ruby Version for klayout: 3.2.3
2026-08-10 17:00:46 +0200: Memory Usage (457740K) : Loading database to memory is complete.
2026-08-10 17:00:46 +0200: Memory Usage (457740K) : SG13G2 Klayout LVS runset output at: /foss/designs/ihp-open-pdk-regression/IOPADS/lvs_sweep/20260810_165956/sg13g2_IOPadIOVss/sg13g2_IOPadIOVss.lvsdb
2026-08-10 17:00:46 +0200: Memory Usage (457740K) : Evaluate switches.
2026-08-10 17:00:46 +0200: Memory Usage (457740K) : Extracted netlist with net names: true
2026-08-10 17:00:46 +0200: Memory Usage (457740K) : Extracted netlist with comments in details: false
2026-08-10 17:00:46 +0200: Memory Usage (457740K) : Selected NET_ONLY option: false
2026-08-10 17:00:46 +0200: Memory Usage (457740K) : Selected LAYOUT_NETLIST option: (none)
2026-08-10 17:00:46 +0200: Memory Usage (457740K) : Selected IGNORE_TOP_PORTS_MISMATCH option: true
2026-08-10 17:00:46 +0200: Memory Usage (457740K) : Selected IMPLICIT_NETS option: iovss,iovdd,vss,vdd,pad,cathode,anode
2026-08-10 17:00:46 +0200: Memory Usage (457740K) : Selected TOP_LVL_PINS option: false
2026-08-10 17:00:46 +0200: Memory Usage (457740K) : Selected COMBINE DEVICES option: true
2026-08-10 17:00:46 +0200: Memory Usage (457740K) : Selected PURGE option: false
2026-08-10 17:00:46 +0200: Memory Usage (457740K) : Selected PURGE_NETS option: false
2026-08-10 17:00:46 +0200: Memory Usage (457868K) : Selected SIMPLIFY option: true
2026-08-10 17:00:46 +0200: Memory Usage (457868K) : Selected SERIES_RES option: true
2026-08-10 17:00:46 +0200: Memory Usage (457868K) : Selected PARALLEL_RES option: true
2026-08-10 17:00:46 +0200: Memory Usage (457868K) : Selected DISABLE_TAP_EXTRACTION option: false
2026-08-10 17:00:46 +0200: Memory Usage (457868K) : deep  mode is enabled.
2026-08-10 17:00:46 +0200: Memory Usage (457868K) : Applying implicit connections (case-sensitive, pattern supported) for nets: iovss, iovdd, vss, vdd, pad, cathode, anode
2026-08-10 17:00:46 +0200: Memory Usage (459020K) : Netlist file: /foss/designs/ihp-open-pdk-regression/IOPADS/netlist/pads_sub/sg13g2_IOPadIOVss.spi
2026-08-10 17:00:46 +0200: Memory Usage (459020K) : LVS extracted netlist at: /foss/designs/ihp-open-pdk-regression/IOPADS/lvs_sweep/20260810_165956/sg13g2_IOPadIOVss/sg13g2_IOPadIOVss_extracted.cir
2026-08-10 17:00:46 +0200: Memory Usage (459020K) : Applying SRAM integration support.
2026-08-10 17:00:46 +0200: Memory Usage (459020K) : Starting SG13G2 LVS runset
2026-08-10 17:00:46 +0200: Memory Usage (459020K) : Read in polygons from layers.
2026-08-10 17:00:46 +0200: Memory Usage (460300K) : activ_drw has 21 polygons
2026-08-10 17:00:46 +0200: Memory Usage (460300K) : activ_filler has 0 polygons
2026-08-10 17:00:46 +0200: Memory Usage (460428K) : activ has 21 polygons
2026-08-10 17:00:46 +0200: Memory Usage (460428K) : activ_pin has 0 polygons
2026-08-10 17:00:46 +0200: Memory Usage (460556K) : activ_mask has 0 polygons
2026-08-10 17:00:46 +0200: Memory Usage (460556K) : activ_nofill has 0 polygons
2026-08-10 17:00:46 +0200: Memory Usage (460556K) : activ_OPC has 0 polygons
2026-08-10 17:00:46 +0200: Memory Usage (460684K) : activ_iOPC has 0 polygons
2026-08-10 17:00:46 +0200: Memory Usage (460812K) : activ_noqrc has 0 polygons
2026-08-10 17:00:46 +0200: Memory Usage (460812K) : biwind_drw has 0 polygons
2026-08-10 17:00:46 +0200: Memory Usage (461196K) : biwind_OPC has 0 polygons
2026-08-10 17:00:46 +0200: Memory Usage (461196K) : gatpoly_drw has 0 polygons
2026-08-10 17:00:46 +0200: Memory Usage (461324K) : gatpoly_filler has 0 polygons
2026-08-10 17:00:46 +0200: Memory Usage (461324K) : gatpoly has 0 polygons
2026-08-10 17:00:46 +0200: Memory Usage (461324K) : gatpoly_pin has 0 polygons
2026-08-10 17:00:46 +0200: Memory Usage (461324K) : gatpoly_nofill has 0 polygons
2026-08-10 17:00:46 +0200: Memory Usage (461324K) : gatpoly_OPC has 0 polygons
2026-08-10 17:00:46 +0200: Memory Usage (461324K) : gatpoly_iOPC has 0 polygons
2026-08-10 17:00:46 +0200: Memory Usage (461452K) : gatpoly_noqrc has 0 polygons
2026-08-10 17:00:46 +0200: Memory Usage (464396K) : cont_drw has 73574 polygons
2026-08-10 17:00:46 +0200: Memory Usage (464396K) : cont_OPC has 0 polygons
2026-08-10 17:00:46 +0200: Memory Usage (464396K) : nsd_drw has 0 polygons
2026-08-10 17:00:46 +0200: Memory Usage (464396K) : nsd_block has 0 polygons
2026-08-10 17:00:46 +0200: Memory Usage (464396K) : metal1_drw has 37 polygons
2026-08-10 17:00:46 +0200: Memory Usage (464524K) : metal1_filler has 0 polygons
2026-08-10 17:00:46 +0200: Memory Usage (464524K) : metal1_slit has 0 polygons
2026-08-10 17:00:46 +0200: Memory Usage (464524K) : metal1 has 37 polygons
2026-08-10 17:00:46 +0200: Memory Usage (464524K) : metal1_pin has 14 polygons
2026-08-10 17:00:46 +0200: Memory Usage (464524K) : metal1_mask has 0 polygons
2026-08-10 17:00:46 +0200: Memory Usage (464524K) : metal1_nofill has 0 polygons
2026-08-10 17:00:46 +0200: Memory Usage (464780K) : metal1_text has 14 polygons
2026-08-10 17:00:46 +0200: Memory Usage (464780K) : metal1_OPC has 0 polygons
2026-08-10 17:00:46 +0200: Memory Usage (464780K) : metal1_noqrc has 0 polygons
2026-08-10 17:00:46 +0200: Memory Usage (464780K) : metal1_res has 0 polygons
2026-08-10 17:00:46 +0200: Memory Usage (464780K) : metal1_iprobe has 0 polygons
2026-08-10 17:00:46 +0200: Memory Usage (464780K) : metal1_diffprb has 0 polygons
2026-08-10 17:00:46 +0200: Memory Usage (464780K) : passiv_drw has 0 polygons
2026-08-10 17:00:46 +0200: Memory Usage (464780K) : passiv_pin has 0 polygons
2026-08-10 17:00:46 +0200: Memory Usage (464780K) : passiv_sbump has 0 polygons
2026-08-10 17:00:46 +0200: Memory Usage (464780K) : passiv_pillar has 0 polygons
2026-08-10 17:00:46 +0200: Memory Usage (464780K) : passiv_pdl has 0 polygons
2026-08-10 17:00:46 +0200: Memory Usage (465164K) : metal2_drw has 20 polygons
2026-08-10 17:00:46 +0200: Memory Usage (465164K) : metal2_filler has 0 polygons
2026-08-10 17:00:46 +0200: Memory Usage (465164K) : metal2_slit has 0 polygons
2026-08-10 17:00:46 +0200: Memory Usage (465164K) : metal2 has 20 polygons
2026-08-10 17:00:46 +0200: Memory Usage (465164K) : metal2_pin has 1 polygons
2026-08-10 17:00:46 +0200: Memory Usage (465164K) : metal2_mask has 0 polygons
2026-08-10 17:00:46 +0200: Memory Usage (465164K) : metal2_nofill has 0 polygons
2026-08-10 17:00:46 +0200: Memory Usage (465292K) : metal2_text has 1 polygons
2026-08-10 17:00:46 +0200: Memory Usage (465292K) : metal2_OPC has 0 polygons
2026-08-10 17:00:46 +0200: Memory Usage (465420K) : metal2_noqrc has 0 polygons
2026-08-10 17:00:46 +0200: Memory Usage (465420K) : metal2_res has 0 polygons
2026-08-10 17:00:46 +0200: Memory Usage (465548K) : metal2_iprobe has 0 polygons
2026-08-10 17:00:46 +0200: Memory Usage (465676K) : metal2_diffprb has 0 polygons
2026-08-10 17:00:46 +0200: Memory Usage (465676K) : baspoly_drw has 0 polygons
2026-08-10 17:00:46 +0200: Memory Usage (465804K) : baspoly_pin has 0 polygons
2026-08-10 17:00:46 +0200: Memory Usage (465804K) : psd_drw has 11 polygons
2026-08-10 17:00:46 +0200: Memory Usage (465932K) : nldb_drw has 0 polygons
2026-08-10 17:00:46 +0200: Memory Usage (466060K) : digibnd_drw has 0 polygons
2026-08-10 17:00:47 +0200: Memory Usage (466060K) : via1_drw has 2182 polygons
2026-08-10 17:00:47 +0200: Memory Usage (466316K) : backmetal1_drw has 0 polygons
2026-08-10 17:00:47 +0200: Memory Usage (466316K) : backmetal1_pin has 0 polygons
2026-08-10 17:00:47 +0200: Memory Usage (466316K) : backmetal1_mask has 0 polygons
2026-08-10 17:00:47 +0200: Memory Usage (466444K) : backmetal1_filler has 0 polygons
2026-08-10 17:00:47 +0200: Memory Usage (466444K) : backmetal1_nofill has 0 polygons
2026-08-10 17:00:47 +0200: Memory Usage (466572K) : backmetal1_slit has 0 polygons
2026-08-10 17:00:47 +0200: Memory Usage (466700K) : backmetal1_text has 0 polygons
2026-08-10 17:00:47 +0200: Memory Usage (466700K) : backmetal1_OPC has 0 polygons
2026-08-10 17:00:47 +0200: Memory Usage (466828K) : backmetal1_noqrc has 0 polygons
2026-08-10 17:00:47 +0200: Memory Usage (466828K) : backmetal1_res has 0 polygons
2026-08-10 17:00:47 +0200: Memory Usage (466956K) : backmetal1_iprobe has 0 polygons
2026-08-10 17:00:47 +0200: Memory Usage (466956K) : backmetal1_diffprb has 0 polygons
2026-08-10 17:00:47 +0200: Memory Usage (467084K) : backpassiv_drw has 0 polygons
2026-08-10 17:00:47 +0200: Memory Usage (467084K) : res_drw has 0 polygons
2026-08-10 17:00:47 +0200: Memory Usage (467212K) : sram_drw has 0 polygons
2026-08-10 17:00:47 +0200: Memory Usage (467340K) : trans_drw has 0 polygons
2026-08-10 17:00:47 +0200: Memory Usage (467468K) : ind_drw has 0 polygons
2026-08-10 17:00:47 +0200: Memory Usage (467468K) : ind_pin has 0 polygons
2026-08-10 17:00:47 +0200: Memory Usage (467596K) : ind_text has 0 polygons
2026-08-10 17:00:47 +0200: Memory Usage (467596K) : salblock_drw has 0 polygons
2026-08-10 17:00:47 +0200: Memory Usage (467852K) : via2_drw has 16312 polygons
2026-08-10 17:00:47 +0200: Memory Usage (468236K) : metal3_drw has 14 polygons
2026-08-10 17:00:47 +0200: Memory Usage (468236K) : metal3_filler has 0 polygons
2026-08-10 17:00:47 +0200: Memory Usage (468236K) : metal3_slit has 0 polygons
2026-08-10 17:00:47 +0200: Memory Usage (468236K) : metal3 has 14 polygons
2026-08-10 17:00:47 +0200: Memory Usage (468236K) : metal3_pin has 8 polygons
2026-08-10 17:00:47 +0200: Memory Usage (468364K) : metal3_mask has 0 polygons
2026-08-10 17:00:47 +0200: Memory Usage (468364K) : metal3_nofill has 0 polygons
2026-08-10 17:00:47 +0200: Memory Usage (468364K) : metal3_text has 8 polygons
2026-08-10 17:00:47 +0200: Memory Usage (468364K) : metal3_OPC has 0 polygons
2026-08-10 17:00:47 +0200: Memory Usage (468492K) : metal3_noqrc has 0 polygons
2026-08-10 17:00:47 +0200: Memory Usage (468492K) : metal3_res has 0 polygons
2026-08-10 17:00:47 +0200: Memory Usage (468492K) : metal3_iprobe has 0 polygons
2026-08-10 17:00:47 +0200: Memory Usage (468620K) : metal3_diffprb has 0 polygons
2026-08-10 17:00:47 +0200: Memory Usage (468620K) : nwell_drw has 8 polygons
2026-08-10 17:00:47 +0200: Memory Usage (468620K) : nwell_pin has 0 polygons
2026-08-10 17:00:47 +0200: Memory Usage (468748K) : nwell_text has 0 polygons
2026-08-10 17:00:47 +0200: Memory Usage (468748K) : nbulay_drw has 0 polygons
2026-08-10 17:00:47 +0200: Memory Usage (468876K) : nbulay_pin has 0 polygons
2026-08-10 17:00:47 +0200: Memory Usage (468876K) : nbulay_block has 0 polygons
2026-08-10 17:00:47 +0200: Memory Usage (468876K) : emwind_drw has 0 polygons
2026-08-10 17:00:47 +0200: Memory Usage (468876K) : emwind_OPC has 0 polygons
2026-08-10 17:00:47 +0200: Memory Usage (468876K) : deepco_drw has 0 polygons
2026-08-10 17:00:47 +0200: Memory Usage (468876K) : mim_drw has 0 polygons
2026-08-10 17:00:47 +0200: Memory Usage (468876K) : edgeseal_drw has 0 polygons
2026-08-10 17:00:47 +0200: Memory Usage (468876K) : substrate_drw has 9 polygons
2026-08-10 17:00:47 +0200: Memory Usage (468876K) : substrate_text has 0 polygons
2026-08-10 17:00:47 +0200: Memory Usage (468876K) : dfpad_drw has 0 polygons
2026-08-10 17:00:47 +0200: Memory Usage (468876K) : dfpad_pillar has 0 polygons
2026-08-10 17:00:47 +0200: Memory Usage (468876K) : dfpad_sbump has 0 polygons
2026-08-10 17:00:47 +0200: Memory Usage (468876K) : thickgateox_drw has 0 polygons
2026-08-10 17:00:47 +0200: Memory Usage (468876K) : pldb_drw has 0 polygons
2026-08-10 17:00:47 +0200: Memory Usage (468876K) : pwell_drw has 0 polygons
2026-08-10 17:00:47 +0200: Memory Usage (468876K) : pwell_pin has 0 polygons
2026-08-10 17:00:47 +0200: Memory Usage (468876K) : pwell_block has 0 polygons
2026-08-10 17:00:47 +0200: Memory Usage (468876K) : ic_drw has 0 polygons
2026-08-10 17:00:47 +0200: Memory Usage (468876K) : via3_drw has 2087 polygons
2026-08-10 17:00:47 +0200: Memory Usage (468876K) : metal4_drw has 8 polygons
2026-08-10 17:00:47 +0200: Memory Usage (468876K) : metal4_filler has 0 polygons
2026-08-10 17:00:47 +0200: Memory Usage (468876K) : metal4_slit has 0 polygons
2026-08-10 17:00:47 +0200: Memory Usage (468876K) : metal4 has 8 polygons
2026-08-10 17:00:47 +0200: Memory Usage (468876K) : metal4_pin has 8 polygons
2026-08-10 17:00:47 +0200: Memory Usage (468876K) : metal4_mask has 0 polygons
2026-08-10 17:00:47 +0200: Memory Usage (468876K) : metal4_nofill has 0 polygons
2026-08-10 17:00:47 +0200: Memory Usage (468876K) : metal4_text has 8 polygons
2026-08-10 17:00:47 +0200: Memory Usage (468876K) : metal4_OPC has 0 polygons
2026-08-10 17:00:47 +0200: Memory Usage (468876K) : metal4_noqrc has 0 polygons
2026-08-10 17:00:47 +0200: Memory Usage (468876K) : metal4_res has 0 polygons
2026-08-10 17:00:47 +0200: Memory Usage (468876K) : metal4_iprobe has 0 polygons
2026-08-10 17:00:47 +0200: Memory Usage (468876K) : metal4_diffprb has 0 polygons
2026-08-10 17:00:47 +0200: Memory Usage (468876K) : heattrans_drw has 0 polygons
2026-08-10 17:00:47 +0200: Memory Usage (468876K) : heatres_drw has 0 polygons
2026-08-10 17:00:47 +0200: Memory Usage (468876K) : fbe_drw has 0 polygons
2026-08-10 17:00:47 +0200: Memory Usage (468876K) : empoly_drw has 0 polygons
2026-08-10 17:00:47 +0200: Memory Usage (468876K) : digisub_drw has 0 polygons
2026-08-10 17:00:47 +0200: Memory Usage (468876K) : text_drw has 7 polygons
2026-08-10 17:00:47 +0200: Memory Usage (468876K) : via4_drw has 2371 polygons
2026-08-10 17:00:47 +0200: Memory Usage (468876K) : metal5_drw has 8 polygons
2026-08-10 17:00:47 +0200: Memory Usage (468876K) : metal5_filler has 0 polygons
2026-08-10 17:00:47 +0200: Memory Usage (468876K) : metal5_slit has 0 polygons
2026-08-10 17:00:47 +0200: Memory Usage (468876K) : metal5 has 8 polygons
2026-08-10 17:00:47 +0200: Memory Usage (468876K) : metal5_pin has 8 polygons
2026-08-10 17:00:47 +0200: Memory Usage (468876K) : metal5_mask has 0 polygons
2026-08-10 17:00:47 +0200: Memory Usage (468876K) : metal5_nofill has 0 polygons
2026-08-10 17:00:47 +0200: Memory Usage (468876K) : metal5_text has 8 polygons
2026-08-10 17:00:47 +0200: Memory Usage (468876K) : metal5_OPC has 0 polygons
2026-08-10 17:00:47 +0200: Memory Usage (468876K) : metal5_noqrc has 0 polygons
2026-08-10 17:00:47 +0200: Memory Usage (468876K) : metal5_res has 0 polygons
2026-08-10 17:00:47 +0200: Memory Usage (468876K) : metal5_iprobe has 0 polygons
2026-08-10 17:00:47 +0200: Memory Usage (468876K) : metal5_diffprb has 0 polygons
2026-08-10 17:00:47 +0200: Memory Usage (468876K) : radhard_drw has 0 polygons
2026-08-10 17:00:47 +0200: Memory Usage (468876K) : memcap_drw has 0 polygons
2026-08-10 17:00:47 +0200: Memory Usage (468876K) : varicap_drw has 0 polygons
2026-08-10 17:00:47 +0200: Memory Usage (468876K) : intbondvia_drw has 0 polygons
2026-08-10 17:00:47 +0200: Memory Usage (468876K) : intbondmet_drw has 0 polygons
2026-08-10 17:00:47 +0200: Memory Usage (468876K) : devbondvia_drw has 0 polygons
2026-08-10 17:00:47 +0200: Memory Usage (468876K) : devbondmet_drw has 0 polygons
2026-08-10 17:00:47 +0200: Memory Usage (468876K) : devtrench_drw has 0 polygons
2026-08-10 17:00:47 +0200: Memory Usage (468876K) : redist_drw has 0 polygons
2026-08-10 17:00:47 +0200: Memory Usage (468876K) : graphbot_drw has 0 polygons
2026-08-10 17:00:47 +0200: Memory Usage (468876K) : graphtop_drw has 0 polygons
2026-08-10 17:00:47 +0200: Memory Usage (468876K) : antvia1_drw has 0 polygons
2026-08-10 17:00:47 +0200: Memory Usage (468876K) : antmetal2_drw has 0 polygons
2026-08-10 17:00:47 +0200: Memory Usage (468876K) : graphcont_drw has 0 polygons
2026-08-10 17:00:47 +0200: Memory Usage (468876K) : siwg_drw has 0 polygons
2026-08-10 17:00:47 +0200: Memory Usage (468876K) : siwg_filler has 0 polygons
2026-08-10 17:00:47 +0200: Memory Usage (468876K) : siwg_nofill has 0 polygons
2026-08-10 17:00:47 +0200: Memory Usage (468876K) : sigrating_drw has 0 polygons
2026-08-10 17:00:47 +0200: Memory Usage (468876K) : singrating_drw has 0 polygons
2026-08-10 17:00:47 +0200: Memory Usage (468876K) : graphpas_drw has 0 polygons
2026-08-10 17:00:47 +0200: Memory Usage (468876K) : emwind3_drw has 0 polygons
2026-08-10 17:00:47 +0200: Memory Usage (468876K) : emwihv3_drw has 0 polygons
2026-08-10 17:00:47 +0200: Memory Usage (468876K) : redbulay_drw has 0 polygons
2026-08-10 17:00:47 +0200: Memory Usage (468876K) : smos_drw has 0 polygons
2026-08-10 17:00:47 +0200: Memory Usage (468876K) : graphpad_drw has 0 polygons
2026-08-10 17:00:47 +0200: Memory Usage (468876K) : polimide_drw has 0 polygons
2026-08-10 17:00:47 +0200: Memory Usage (468876K) : polimide_pin has 0 polygons
2026-08-10 17:00:47 +0200: Memory Usage (468876K) : recog_drw has 0 polygons
2026-08-10 17:00:47 +0200: Memory Usage (468876K) : recog_pin has 0 polygons
2026-08-10 17:00:47 +0200: Memory Usage (468876K) : recog_esd has 0 polygons
2026-08-10 17:00:47 +0200: Memory Usage (468876K) : recog_diode has 4 polygons
2026-08-10 17:00:47 +0200: Memory Usage (468876K) : recog_tsv has 0 polygons
2026-08-10 17:00:47 +0200: Memory Usage (468876K) : recog_iprobe has 0 polygons
2026-08-10 17:00:47 +0200: Memory Usage (468876K) : recog_diffprb has 0 polygons
2026-08-10 17:00:47 +0200: Memory Usage (468876K) : recog_pillar has 0 polygons
2026-08-10 17:00:47 +0200: Memory Usage (468876K) : recog_sbump has 0 polygons
2026-08-10 17:00:47 +0200: Memory Usage (468876K) : recog_otp has 0 polygons
2026-08-10 17:00:47 +0200: Memory Usage (468876K) : recog_pdiode has 0 polygons
2026-08-10 17:00:47 +0200: Memory Usage (468876K) : recog_mom has 0 polygons
2026-08-10 17:00:47 +0200: Memory Usage (468876K) : recog_pcm has 0 polygons
2026-08-10 17:00:47 +0200: Memory Usage (468876K) : colopen_drw has 0 polygons
2026-08-10 17:00:47 +0200: Memory Usage (468876K) : graphmetal1_drw has 0 polygons
2026-08-10 17:00:47 +0200: Memory Usage (468876K) : graphmetal1_filler has 0 polygons
2026-08-10 17:00:47 +0200: Memory Usage (468876K) : graphmetal1_nofill has 0 polygons
2026-08-10 17:00:47 +0200: Memory Usage (468876K) : graphmetal1_slit has 0 polygons
2026-08-10 17:00:47 +0200: Memory Usage (468876K) : graphmetal1_OPC has 0 polygons
2026-08-10 17:00:47 +0200: Memory Usage (468876K) : graphmet1l_drw has 0 polygons
2026-08-10 17:00:47 +0200: Memory Usage (469004K) : graphmet1l_filler has 0 polygons
2026-08-10 17:00:47 +0200: Memory Usage (469004K) : graphmet1l_nofill has 0 polygons
2026-08-10 17:00:47 +0200: Memory Usage (469132K) : graphmet1l_slit has 0 polygons
2026-08-10 17:00:47 +0200: Memory Usage (469132K) : graphmet1l_OPC has 0 polygons
2026-08-10 17:00:47 +0200: Memory Usage (469260K) : extblock_drw has 0 polygons
2026-08-10 17:00:47 +0200: Memory Usage (469260K) : nldd_drw has 0 polygons
2026-08-10 17:00:47 +0200: Memory Usage (469388K) : pldd_drw has 0 polygons
2026-08-10 17:00:47 +0200: Memory Usage (469388K) : next_drw has 0 polygons
2026-08-10 17:00:47 +0200: Memory Usage (469516K) : pext_drw has 0 polygons
2026-08-10 17:00:47 +0200: Memory Usage (469516K) : nexthv_drw has 0 polygons
2026-08-10 17:00:47 +0200: Memory Usage (469644K) : pexthv_drw has 0 polygons
2026-08-10 17:00:47 +0200: Memory Usage (469644K) : graphgate_drw has 0 polygons
2026-08-10 17:00:47 +0200: Memory Usage (469772K) : sinwg_drw has 0 polygons
2026-08-10 17:00:47 +0200: Memory Usage (469900K) : sinwg_filler has 0 polygons
2026-08-10 17:00:47 +0200: Memory Usage (469900K) : sinwg_nofill has 0 polygons
2026-08-10 17:00:47 +0200: Memory Usage (470028K) : mempad_drw has 0 polygons
2026-08-10 17:00:47 +0200: Memory Usage (470028K) : topvia1_drw has 2315 polygons
2026-08-10 17:00:47 +0200: Memory Usage (470156K) : topmetal1_drw has 8 polygons
2026-08-10 17:00:47 +0200: Memory Usage (470284K) : topmetal1_filler has 0 polygons
2026-08-10 17:00:47 +0200: Memory Usage (470284K) : topmetal1_slit has 0 polygons
2026-08-10 17:00:47 +0200: Memory Usage (470412K) : topmetal1 has 8 polygons
2026-08-10 17:00:47 +0200: Memory Usage (470540K) : topmetal1_pin has 8 polygons
2026-08-10 17:00:47 +0200: Memory Usage (470540K) : topmetal1_mask has 0 polygons
2026-08-10 17:00:47 +0200: Memory Usage (470668K) : topmetal1_nofill has 0 polygons
2026-08-10 17:00:47 +0200: Memory Usage (470668K) : topmetal1_text has 8 polygons
2026-08-10 17:00:47 +0200: Memory Usage (470796K) : topmetal1_noqrc has 0 polygons
2026-08-10 17:00:47 +0200: Memory Usage (470796K) : topmetal1_res has 0 polygons
2026-08-10 17:00:47 +0200: Memory Usage (470924K) : topmetal1_iprobe has 0 polygons
2026-08-10 17:00:47 +0200: Memory Usage (470924K) : topmetal1_diffprb has 0 polygons
2026-08-10 17:00:47 +0200: Memory Usage (471052K) : inldpwl_drw has 0 polygons
2026-08-10 17:00:47 +0200: Memory Usage (471180K) : polyres_drw has 0 polygons
2026-08-10 17:00:47 +0200: Memory Usage (471180K) : polyres_pin has 0 polygons
2026-08-10 17:00:47 +0200: Memory Usage (471308K) : vmim_drw has 0 polygons
2026-08-10 17:00:47 +0200: Memory Usage (471308K) : nbulaycut_drw has 0 polygons
2026-08-10 17:00:47 +0200: Memory Usage (471436K) : antmetal1_drw has 0 polygons
2026-08-10 17:00:47 +0200: Memory Usage (471436K) : topvia2_drw has 1593 polygons
2026-08-10 17:00:47 +0200: Memory Usage (471564K) : topmetal2_drw has 10 polygons
2026-08-10 17:00:47 +0200: Memory Usage (471692K) : topmetal2_filler has 0 polygons
2026-08-10 17:00:47 +0200: Memory Usage (471692K) : topmetal2_slit has 0 polygons
2026-08-10 17:00:47 +0200: Memory Usage (471820K) : topmetal2 has 10 polygons
2026-08-10 17:00:47 +0200: Memory Usage (471948K) : topmetal2_pin has 6 polygons
2026-08-10 17:00:47 +0200: Memory Usage (471948K) : topmetal2_mask has 0 polygons
2026-08-10 17:00:47 +0200: Memory Usage (472076K) : topmetal2_nofill has 0 polygons
2026-08-10 17:00:47 +0200: Memory Usage (472076K) : topmetal2_text has 6 polygons
2026-08-10 17:00:47 +0200: Memory Usage (472204K) : topmetal2_noqrc has 0 polygons
2026-08-10 17:00:47 +0200: Memory Usage (472204K) : topmetal2_res has 0 polygons
2026-08-10 17:00:47 +0200: Memory Usage (472332K) : topmetal2_iprobe has 0 polygons
2026-08-10 17:00:47 +0200: Memory Usage (472332K) : topmetal2_diffprb has 0 polygons
2026-08-10 17:00:47 +0200: Memory Usage (472460K) : snsring_drw has 0 polygons
2026-08-10 17:00:47 +0200: Memory Usage (472460K) : sensor_drw has 0 polygons
2026-08-10 17:00:47 +0200: Memory Usage (472588K) : snsarms_drw has 0 polygons
2026-08-10 17:00:47 +0200: Memory Usage (472588K) : snscmosvia_drw has 0 polygons
2026-08-10 17:00:47 +0200: Memory Usage (472716K) : colwind_drw has 0 polygons
2026-08-10 17:00:47 +0200: Memory Usage (472844K) : flm_drw has 0 polygons
2026-08-10 17:00:47 +0200: Memory Usage (472844K) : hafniumox_drw has 0 polygons
2026-08-10 17:00:47 +0200: Memory Usage (472972K) : memvia_drw has 0 polygons
2026-08-10 17:00:47 +0200: Memory Usage (472972K) : thinfilmres_drw has 0 polygons
2026-08-10 17:00:47 +0200: Memory Usage (473100K) : rfmem_drw has 0 polygons
2026-08-10 17:00:47 +0200: Memory Usage (473100K) : norcx_drw has 0 polygons
2026-08-10 17:00:47 +0200: Memory Usage (473228K) : norcx_m2m3 has 0 polygons
2026-08-10 17:00:47 +0200: Memory Usage (473228K) : norcx_m2m4 has 0 polygons
2026-08-10 17:00:47 +0200: Memory Usage (473356K) : norcx_m2m5 has 0 polygons
2026-08-10 17:00:47 +0200: Memory Usage (473356K) : norcx_m2tm1 has 0 polygons
2026-08-10 17:00:47 +0200: Memory Usage (473484K) : norcx_m2tm2 has 0 polygons
2026-08-10 17:00:47 +0200: Memory Usage (473612K) : norcx_m3m4 has 0 polygons
2026-08-10 17:00:47 +0200: Memory Usage (473612K) : norcx_m3m5 has 0 polygons
2026-08-10 17:00:47 +0200: Memory Usage (473740K) : norcx_m3tm1 has 0 polygons
2026-08-10 17:00:47 +0200: Memory Usage (473740K) : norcx_m3tm2 has 0 polygons
2026-08-10 17:00:47 +0200: Memory Usage (473868K) : norcx_m4m5 has 0 polygons
2026-08-10 17:00:47 +0200: Memory Usage (473868K) : norcx_m4tm1 has 0 polygons
2026-08-10 17:00:47 +0200: Memory Usage (473996K) : norcx_m4tm2 has 0 polygons
2026-08-10 17:00:47 +0200: Memory Usage (473996K) : norcx_m5tm1 has 0 polygons
2026-08-10 17:00:47 +0200: Memory Usage (474124K) : norcx_m5tm2 has 0 polygons
2026-08-10 17:00:47 +0200: Memory Usage (474124K) : norcx_tm1tm2 has 0 polygons
2026-08-10 17:00:47 +0200: Memory Usage (474252K) : norcx_m1sub has 0 polygons
2026-08-10 17:00:47 +0200: Memory Usage (474380K) : norcx_m2sub has 0 polygons
2026-08-10 17:00:47 +0200: Memory Usage (474380K) : norcx_m3sub has 0 polygons
2026-08-10 17:00:47 +0200: Memory Usage (474508K) : norcx_m4sub has 0 polygons
2026-08-10 17:00:47 +0200: Memory Usage (474508K) : norcx_m5sub has 0 polygons
2026-08-10 17:00:47 +0200: Memory Usage (474636K) : norcx_tm1sub has 0 polygons
2026-08-10 17:00:47 +0200: Memory Usage (474636K) : norcx_tm2sub has 0 polygons
2026-08-10 17:00:47 +0200: Memory Usage (474764K) : snsbotvia_drw has 0 polygons
2026-08-10 17:00:47 +0200: Memory Usage (474764K) : snstopvia_drw has 0 polygons
2026-08-10 17:00:47 +0200: Memory Usage (474892K) : deepvia_drw has 0 polygons
2026-08-10 17:00:47 +0200: Memory Usage (474892K) : fgetch_drw has 0 polygons
2026-08-10 17:00:47 +0200: Memory Usage (475020K) : ctrgat_drw has 0 polygons
2026-08-10 17:00:47 +0200: Memory Usage (475148K) : fgimp_drw has 0 polygons
2026-08-10 17:00:47 +0200: Memory Usage (475148K) : emwihv_drw has 0 polygons
2026-08-10 17:00:47 +0200: Memory Usage (475276K) : lbe_drw has 0 polygons
2026-08-10 17:00:47 +0200: Memory Usage (475276K) : alcustop_drw has 0 polygons
2026-08-10 17:00:47 +0200: Memory Usage (475404K) : nometfiller_drw has 0 polygons
2026-08-10 17:00:47 +0200: Memory Usage (475404K) : prboundary_drw has 0 polygons
2026-08-10 17:00:47 +0200: Memory Usage (475532K) : exchange0_drw has 0 polygons
2026-08-10 17:00:47 +0200: Memory Usage (475532K) : exchange0_pin has 0 polygons
2026-08-10 17:00:47 +0200: Memory Usage (475660K) : exchange0_text has 0 polygons
2026-08-10 17:00:47 +0200: Memory Usage (475660K) : exchange1_drw has 0 polygons
2026-08-10 17:00:47 +0200: Memory Usage (475788K) : exchange1_pin has 0 polygons
2026-08-10 17:00:47 +0200: Memory Usage (475788K) : exchange1_text has 0 polygons
2026-08-10 17:00:47 +0200: Memory Usage (475916K) : exchange2_drw has 0 polygons
2026-08-10 17:00:47 +0200: Memory Usage (475916K) : exchange2_pin has 0 polygons
2026-08-10 17:00:47 +0200: Memory Usage (476044K) : exchange2_text has 0 polygons
2026-08-10 17:00:47 +0200: Memory Usage (476044K) : exchange3_drw has 0 polygons
2026-08-10 17:00:47 +0200: Memory Usage (476172K) : exchange3_pin has 0 polygons
2026-08-10 17:00:47 +0200: Memory Usage (476172K) : exchange3_text has 0 polygons
2026-08-10 17:00:47 +0200: Memory Usage (476300K) : exchange4_drw has 0 polygons
2026-08-10 17:00:47 +0200: Memory Usage (476300K) : exchange4_pin has 0 polygons
2026-08-10 17:00:47 +0200: Memory Usage (476428K) : exchange4_text has 0 polygons
2026-08-10 17:00:47 +0200: Memory Usage (476428K) : isonwell_drw has 0 polygons
2026-08-10 17:00:47 +0200: Memory Usage (476428K) : Total no. of polygons in the design is 100705
2026-08-10 17:00:47 +0200: Memory Usage (476428K) : Starting base layers derivations
2026-08-10 17:00:47 +0200: Memory Usage (476428K) : Starting general LVS derivations
2026-08-10 17:00:47 +0200: Memory Usage (482444K) : Starting MOSFET DERIVATIONS
2026-08-10 17:00:48 +0200: Memory Usage (511060K) : Starting NMOS DERIVATIONS
2026-08-10 17:00:48 +0200: Memory Usage (511060K) : Starting PMOS DERIVATIONS
2026-08-10 17:00:48 +0200: Memory Usage (511060K) : Starting RF-MOSFET DERIVATIONS
2026-08-10 17:00:48 +0200: Memory Usage (511060K) : Starting RF-NMOS DERIVATIONS
2026-08-10 17:00:48 +0200: Memory Usage (511060K) : Starting RF-PMOS DERIVATIONS
2026-08-10 17:00:48 +0200: Memory Usage (511060K) : Starting BJT DERIVATIONS
2026-08-10 17:00:48 +0200: Memory Usage (511060K) : Starting NPN-BJT DERIVATIONS
2026-08-10 17:00:48 +0200: Memory Usage (511060K) : Starting PNP-BJT DERIVATIONS
2026-08-10 17:00:48 +0200: Memory Usage (511060K) : Starting DIODE DERIVATIONS
2026-08-10 17:00:49 +0200: Memory Usage (483032K) : Starting RESISTOR DERIVATIONS
2026-08-10 17:00:49 +0200: Memory Usage (483032K) : Starting CAP DERIVATIONS
2026-08-10 17:00:49 +0200: Memory Usage (483032K) : Starting CAP_CMOM DERIVATIONS
2026-08-10 17:00:49 +0200: Memory Usage (483032K) : Starting ESD DERIVATIONS
2026-08-10 17:00:50 +0200: Memory Usage (485848K) : Starting Inductor DERIVATIONS
2026-08-10 17:00:50 +0200: Memory Usage (488920K) : Starting Taps DERIVATIONS
2026-08-10 17:00:50 +0200: Memory Usage (488920K) : Starting SG13G2 LVS connectivity setup
2026-08-10 17:00:50 +0200: Memory Usage (488920K) : Starting SG13G2 LVS connectivity setup (Inter-layer)
2026-08-10 17:00:50 +0200: Memory Usage (489048K) : Starting SG13G2 LVS connectivity setup (Global)
2026-08-10 17:00:50 +0200: Memory Usage (489048K) : Starting LVS MOSFET CONNECTIONS
2026-08-10 17:00:50 +0200: Memory Usage (489048K) : Starting LVS RF-MOSFET CONNECTIONS
2026-08-10 17:00:50 +0200: Memory Usage (489048K) : Starting LVS BJT CONNECTIONS
2026-08-10 17:00:50 +0200: Memory Usage (489048K) : Starting LVS DIODE CONNECTIONS
2026-08-10 17:00:50 +0200: Memory Usage (489048K) : Starting RESISTOR CONNECTIONS
2026-08-10 17:00:50 +0200: Memory Usage (489048K) : Starting LVS CAP CONNECTIONS
2026-08-10 17:00:50 +0200: Memory Usage (489048K) : Starting CAP_CMOM CONNECTIONS
2026-08-10 17:00:50 +0200: Memory Usage (489048K) : Starting ESD CONNECTIONS
2026-08-10 17:00:50 +0200: Memory Usage (489048K) : Starting Inductor CONNECTIONS
2026-08-10 17:00:50 +0200: Memory Usage (489048K) : Starting LVS Taps CONNECTIONS
2026-08-10 17:00:50 +0200: Memory Usage (489048K) : Starting SG13G2 LVS DEVICES EXTRACTION
2026-08-10 17:00:50 +0200: Memory Usage (489048K) : Starting MOSFET EXTRACTION
2026-08-10 17:00:50 +0200: Memory Usage (489048K) : Starting NMOS EXTRACTION
2026-08-10 17:00:50 +0200: Memory Usage (489048K) : Extraction of NMOS-LV transistor
2026-08-10 17:00:50 +0200: Memory Usage (489048K) : Extraction of NMOS-HV transistor
2026-08-10 17:00:50 +0200: Memory Usage (489048K) : Starting PMOS EXTRACTION
2026-08-10 17:00:50 +0200: Memory Usage (489048K) : Extraction of PMOS-LV transistor
2026-08-10 17:00:50 +0200: Memory Usage (489048K) : Extraction of PMOS-HV transistor
2026-08-10 17:00:50 +0200: Memory Usage (489048K) : Starting RF-MOSFET EXTRACTION
2026-08-10 17:00:50 +0200: Memory Usage (489048K) : Extraction of RF-NMOS-LV transistor
2026-08-10 17:00:50 +0200: Memory Usage (489048K) : Extraction of RF-NMOS-HV transistor
2026-08-10 17:00:50 +0200: Memory Usage (489048K) : Extraction of RF-PMOS-LV transistor
2026-08-10 17:00:50 +0200: Memory Usage (489048K) : Extraction of RF-PMOS-HV transistor
2026-08-10 17:00:50 +0200: Memory Usage (489048K) : Starting BJT EXTRACTION
2026-08-10 17:00:50 +0200: Memory Usage (489048K) : Starting NPN-BJT EXTRACTION
2026-08-10 17:00:50 +0200: Memory Usage (489048K) : Extraction of npn13G2 BJT transistor
2026-08-10 17:00:50 +0200: Memory Usage (489048K) : Extraction of npn13G2L BJT transistor
2026-08-10 17:00:50 +0200: Memory Usage (489048K) : Extraction of npn13G2V BJT transistor
2026-08-10 17:00:50 +0200: Memory Usage (489048K) : Starting PNP-BJT EXTRACTION
2026-08-10 17:00:50 +0200: Memory Usage (489048K) : Extracting pnpMPA BJT
2026-08-10 17:00:50 +0200: Memory Usage (489048K) : Starting DIODE EXTRACTION
2026-08-10 17:00:50 +0200: Memory Usage (489048K) : Extracting dantenna diode
2026-08-10 17:00:50 +0200: Memory Usage (489048K) : Extracting dpantenna diode
2026-08-10 17:00:50 +0200: Memory Usage (489048K) : Extracting schottky_nbl1 diode
2026-08-10 17:00:50 +0200: Memory Usage (489048K) : Extracting isolbox diode
2026-08-10 17:00:50 +0200: Memory Usage (489048K) : Starting RESISTOR EXTRACTION
2026-08-10 17:00:50 +0200: Memory Usage (489048K) : Extracting rsil resistor
2026-08-10 17:00:50 +0200: Memory Usage (489048K) : Extracting rppd resistor
2026-08-10 17:00:50 +0200: Memory Usage (489048K) : Extracting rhigh resistor
2026-08-10 17:00:50 +0200: Memory Usage (489048K) : Extracting res_metal1 resistor
2026-08-10 17:00:50 +0200: Memory Usage (489048K) : Extracting res_metal2 resistor
2026-08-10 17:00:50 +0200: Memory Usage (489048K) : Extracting res_metal3 resistor
2026-08-10 17:00:50 +0200: Memory Usage (489048K) : Extracting res_metal4 resistor
2026-08-10 17:00:50 +0200: Memory Usage (489048K) : Extracting res_metal5 resistor
2026-08-10 17:00:50 +0200: Memory Usage (489048K) : Extracting res_topmetal1 resistor
2026-08-10 17:00:50 +0200: Memory Usage (489048K) : Extracting res_topmetal2 resistor
2026-08-10 17:00:50 +0200: Memory Usage (489048K) : Starting CAP EXTRACTION
2026-08-10 17:00:50 +0200: Memory Usage (489048K) : Extracting cap_cmim device
2026-08-10 17:00:50 +0200: Memory Usage (489048K) : Extracting rfcmim device
2026-08-10 17:00:50 +0200: Memory Usage (489048K) : Extracting sg13_hv_svaricap varactor
2026-08-10 17:00:50 +0200: Memory Usage (489048K) : Extracting cap_cmomi device
2026-08-10 17:00:50 +0200: Memory Usage (489048K) : Extracting sg13_moscap_n capacitor
2026-08-10 17:00:50 +0200: Memory Usage (489048K) : Extracting sg13_moscap_p capacitor
2026-08-10 17:00:50 +0200: Memory Usage (489048K) : Starting ESD EXTRACTION
2026-08-10 17:00:50 +0200: Memory Usage (489048K) : Extracting diodevdd_2kv ESD device
2026-08-10 17:00:50 +0200: Memory Usage (489048K) : Extracting diodevdd_4kv ESD device
2026-08-10 17:00:50 +0200: Memory Usage (489048K) : Extracting diodevss_2kv ESD device
2026-08-10 17:00:50 +0200: Memory Usage (489048K) : Extracting diodevss_4kv ESD device
2026-08-10 17:00:50 +0200: Memory Usage (489048K) : Extracting idiodevdd_2kv ESD device
2026-08-10 17:00:50 +0200: Memory Usage (489048K) : Extracting idiodevdd_4kv ESD device
2026-08-10 17:00:50 +0200: Memory Usage (489048K) : Extracting idiodevss_2kv ESD device
2026-08-10 17:00:50 +0200: Memory Usage (489048K) : Extracting idiodevss_4kv ESD device
2026-08-10 17:00:50 +0200: Memory Usage (489048K) : Extracting nmoscl_2 ESD device
2026-08-10 17:00:50 +0200: Memory Usage (489048K) : Extracting nmoscl_4 ESD device
2026-08-10 17:00:50 +0200: Memory Usage (489048K) : Starting Inductor EXTRACTION
2026-08-10 17:00:50 +0200: Memory Usage (489048K) : Extracting Inductor2 device
2026-08-10 17:00:50 +0200: Memory Usage (489048K) : Extracting Inductor3 device
2026-08-10 17:00:50 +0200: Memory Usage (489048K) : Starting Taps EXTRACTION
2026-08-10 17:00:50 +0200: Memory Usage (489048K) : Extracting ntap1 device
2026-08-10 17:00:50 +0200: Memory Usage (489048K) : Extracting ptap1 device
2026-08-10 17:00:50 +0200: Memory Usage (489048K) : Starting SG13G2 LVS RF MOS Model Mapping
2026-08-10 17:00:51 +0200: Memory Usage (501720K) : [layout_netlist] Apply RF MOS model mapping and rfmode parameter.
2026-08-10 17:00:51 +0200: Memory Usage (501720K) : Starting SG13G2 LVS Options Preparations
2026-08-10 17:00:52 +0200: Memory Usage (501720K) : SG13G2 LVS flow: extraction -> alignment -> option preparation -> comparison.
2026-08-10 17:00:52 +0200: Memory Usage (501720K) : Starting SG13G2 LVS Alignment
2026-08-10 17:00:52 +0200: Memory Usage (501848K) : Starting SG13G2 LVS Simplification
2026-08-10 17:00:52 +0200: Memory Usage (501848K) : [layout_netlist] simplify: ENABLED
2026-08-10 17:00:52 +0200: Memory Usage (501848K) : [layout_netlist] make_top_level_pins: SKIPPED
2026-08-10 17:00:52 +0200: Memory Usage (501848K) : [layout_netlist] combine_devices: ENABLED
2026-08-10 17:00:52 +0200: Memory Usage (501848K) : [layout_netlist] purge: SKIPPED
2026-08-10 17:00:52 +0200: Memory Usage (501848K) : [layout_netlist] purge_nets: SKIPPED
2026-08-10 17:00:52 +0200: Memory Usage (501848K) : [schematic_netlist] simplify: ENABLED
2026-08-10 17:00:52 +0200: Memory Usage (501848K) : [schematic_netlist] make_top_level_pins: SKIPPED
2026-08-10 17:00:52 +0200: Memory Usage (501848K) : [schematic_netlist] combine_devices: ENABLED
2026-08-10 17:00:52 +0200: Memory Usage (501848K) : [schematic_netlist] purge: SKIPPED
2026-08-10 17:00:52 +0200: Memory Usage (501848K) : [schematic_netlist] purge_nets: SKIPPED
2026-08-10 17:00:52 +0200: Memory Usage (501848K) : Starting SG13G2 LVS Comparison
2026-08-10 17:00:52 +0200: Memory Usage (501976K) : ==========================================
2026-08-10 17:00:52 +0200: Memory Usage (501976K) : INFO : Congratulations! Netlists match.
2026-08-10 17:00:52 +0200: Memory Usage (501976K) : ==========================================
2026-08-10 17:00:52 +0200: Memory Usage (501976K) : LVS Total Run time 5.378462 seconds
