# Logfile created on 2026-08-11 13:57:18 +0200 by logger.rb/v1.5.3
2026-08-11 13:57:18 +0200: Memory Usage (456344K) : Starting running SG13G2 Klayout LVS runset on /foss/designs/ihp-open-pdk-regression/IOPADS/layout/sg13g2_IOPadInOut4mA.gds
2026-08-11 13:57:18 +0200: Memory Usage (456344K) : Ruby Version for klayout: 3.2.3
2026-08-11 13:57:19 +0200: Memory Usage (457624K) : Loading database to memory is complete.
2026-08-11 13:57:19 +0200: Memory Usage (457624K) : SG13G2 Klayout LVS runset output at: /foss/designs/ihp-open-pdk-regression/IOPADS/lvs_sweep/20260811_135643/sg13g2_IOPadInOut4mA/sg13g2_IOPadInOut4mA.lvsdb
2026-08-11 13:57:19 +0200: Memory Usage (457624K) : Evaluate switches.
2026-08-11 13:57:19 +0200: Memory Usage (457624K) : Extracted netlist with net names: true
2026-08-11 13:57:19 +0200: Memory Usage (457624K) : Extracted netlist with comments in details: false
2026-08-11 13:57:19 +0200: Memory Usage (457624K) : Selected NET_ONLY option: false
2026-08-11 13:57:19 +0200: Memory Usage (457624K) : Selected LAYOUT_NETLIST option: (none)
2026-08-11 13:57:19 +0200: Memory Usage (457624K) : Selected IGNORE_TOP_PORTS_MISMATCH option: true
2026-08-11 13:57:19 +0200: Memory Usage (457624K) : Selected IMPLICIT_NETS option: iovss,iovdd,vss,vdd,pad,cathode,anode
2026-08-11 13:57:19 +0200: Memory Usage (457624K) : Selected TOP_LVL_PINS option: false
2026-08-11 13:57:19 +0200: Memory Usage (457624K) : Selected COMBINE DEVICES option: true
2026-08-11 13:57:19 +0200: Memory Usage (457624K) : Selected PURGE option: false
2026-08-11 13:57:19 +0200: Memory Usage (457624K) : Selected PURGE_NETS option: false
2026-08-11 13:57:19 +0200: Memory Usage (457752K) : Selected SIMPLIFY option: true
2026-08-11 13:57:19 +0200: Memory Usage (457752K) : Selected SERIES_RES option: true
2026-08-11 13:57:19 +0200: Memory Usage (457752K) : Selected PARALLEL_RES option: true
2026-08-11 13:57:19 +0200: Memory Usage (457752K) : Selected DISABLE_TAP_EXTRACTION option: false
2026-08-11 13:57:19 +0200: Memory Usage (457752K) : deep  mode is enabled.
2026-08-11 13:57:19 +0200: Memory Usage (457752K) : Applying implicit connections (case-sensitive, pattern supported) for nets: iovss, iovdd, vss, vdd, pad, cathode, anode
2026-08-11 13:57:19 +0200: Memory Usage (459288K) : Netlist file: /foss/designs/ihp-open-pdk-regression/IOPADS/netlist/pads_upstream/sg13g2_IOPadInOut4mA.spi
2026-08-11 13:57:19 +0200: Memory Usage (459288K) : LVS extracted netlist at: /foss/designs/ihp-open-pdk-regression/IOPADS/lvs_sweep/20260811_135643/sg13g2_IOPadInOut4mA/sg13g2_IOPadInOut4mA_extracted.cir
2026-08-11 13:57:19 +0200: Memory Usage (459288K) : Applying SRAM integration support.
2026-08-11 13:57:19 +0200: Memory Usage (459288K) : Starting SG13G2 LVS runset
2026-08-11 13:57:19 +0200: Memory Usage (459288K) : Read in polygons from layers.
2026-08-11 13:57:19 +0200: Memory Usage (460952K) : activ_drw has 113 polygons
2026-08-11 13:57:19 +0200: Memory Usage (460952K) : activ_filler has 0 polygons
2026-08-11 13:57:19 +0200: Memory Usage (461080K) : activ has 113 polygons
2026-08-11 13:57:19 +0200: Memory Usage (461080K) : activ_pin has 0 polygons
2026-08-11 13:57:19 +0200: Memory Usage (461080K) : activ_mask has 0 polygons
2026-08-11 13:57:19 +0200: Memory Usage (461080K) : activ_nofill has 0 polygons
2026-08-11 13:57:19 +0200: Memory Usage (461080K) : activ_OPC has 0 polygons
2026-08-11 13:57:19 +0200: Memory Usage (461208K) : activ_iOPC has 0 polygons
2026-08-11 13:57:19 +0200: Memory Usage (461336K) : activ_noqrc has 0 polygons
2026-08-11 13:57:19 +0200: Memory Usage (461336K) : biwind_drw has 0 polygons
2026-08-11 13:57:19 +0200: Memory Usage (461464K) : biwind_OPC has 0 polygons
2026-08-11 13:57:19 +0200: Memory Usage (461464K) : gatpoly_drw has 43 polygons
2026-08-11 13:57:19 +0200: Memory Usage (461592K) : gatpoly_filler has 0 polygons
2026-08-11 13:57:19 +0200: Memory Usage (461592K) : gatpoly has 43 polygons
2026-08-11 13:57:19 +0200: Memory Usage (461720K) : gatpoly_pin has 6 polygons
2026-08-11 13:57:19 +0200: Memory Usage (461720K) : gatpoly_nofill has 0 polygons
2026-08-11 13:57:19 +0200: Memory Usage (461848K) : gatpoly_OPC has 0 polygons
2026-08-11 13:57:19 +0200: Memory Usage (461976K) : gatpoly_iOPC has 0 polygons
2026-08-11 13:57:19 +0200: Memory Usage (461976K) : gatpoly_noqrc has 0 polygons
2026-08-11 13:57:19 +0200: Memory Usage (463384K) : cont_drw has 46286 polygons
2026-08-11 13:57:19 +0200: Memory Usage (463384K) : cont_OPC has 0 polygons
2026-08-11 13:57:19 +0200: Memory Usage (463384K) : nsd_drw has 0 polygons
2026-08-11 13:57:19 +0200: Memory Usage (463384K) : nsd_block has 0 polygons
2026-08-11 13:57:19 +0200: Memory Usage (463384K) : metal1_drw has 233 polygons
2026-08-11 13:57:19 +0200: Memory Usage (463384K) : metal1_filler has 0 polygons
2026-08-11 13:57:19 +0200: Memory Usage (463384K) : metal1_slit has 0 polygons
2026-08-11 13:57:19 +0200: Memory Usage (463768K) : metal1 has 233 polygons
2026-08-11 13:57:19 +0200: Memory Usage (463768K) : metal1_pin has 58 polygons
2026-08-11 13:57:19 +0200: Memory Usage (463768K) : metal1_mask has 0 polygons
2026-08-11 13:57:19 +0200: Memory Usage (463768K) : metal1_nofill has 0 polygons
2026-08-11 13:57:19 +0200: Memory Usage (464024K) : metal1_text has 47 polygons
2026-08-11 13:57:19 +0200: Memory Usage (464024K) : metal1_OPC has 0 polygons
2026-08-11 13:57:19 +0200: Memory Usage (464024K) : metal1_noqrc has 0 polygons
2026-08-11 13:57:19 +0200: Memory Usage (464152K) : metal1_res has 0 polygons
2026-08-11 13:57:19 +0200: Memory Usage (464280K) : metal1_iprobe has 0 polygons
2026-08-11 13:57:19 +0200: Memory Usage (464280K) : metal1_diffprb has 0 polygons
2026-08-11 13:57:19 +0200: Memory Usage (464408K) : passiv_drw has 0 polygons
2026-08-11 13:57:19 +0200: Memory Usage (464408K) : passiv_pin has 0 polygons
2026-08-11 13:57:19 +0200: Memory Usage (464536K) : passiv_sbump has 0 polygons
2026-08-11 13:57:19 +0200: Memory Usage (464536K) : passiv_pillar has 0 polygons
2026-08-11 13:57:19 +0200: Memory Usage (464664K) : passiv_pdl has 0 polygons
2026-08-11 13:57:19 +0200: Memory Usage (464920K) : metal2_drw has 66 polygons
2026-08-11 13:57:19 +0200: Memory Usage (464920K) : metal2_filler has 0 polygons
2026-08-11 13:57:19 +0200: Memory Usage (465048K) : metal2_slit has 0 polygons
2026-08-11 13:57:19 +0200: Memory Usage (465176K) : metal2 has 66 polygons
2026-08-11 13:57:19 +0200: Memory Usage (465176K) : metal2_pin has 21 polygons
2026-08-11 13:57:19 +0200: Memory Usage (465304K) : metal2_mask has 0 polygons
2026-08-11 13:57:19 +0200: Memory Usage (465304K) : metal2_nofill has 0 polygons
2026-08-11 13:57:19 +0200: Memory Usage (465432K) : metal2_text has 21 polygons
2026-08-11 13:57:19 +0200: Memory Usage (465432K) : metal2_OPC has 0 polygons
2026-08-11 13:57:19 +0200: Memory Usage (465432K) : metal2_noqrc has 0 polygons
2026-08-11 13:57:19 +0200: Memory Usage (465560K) : metal2_res has 0 polygons
2026-08-11 13:57:19 +0200: Memory Usage (465560K) : metal2_iprobe has 0 polygons
2026-08-11 13:57:19 +0200: Memory Usage (465560K) : metal2_diffprb has 0 polygons
2026-08-11 13:57:19 +0200: Memory Usage (465560K) : baspoly_drw has 0 polygons
2026-08-11 13:57:19 +0200: Memory Usage (465688K) : baspoly_pin has 0 polygons
2026-08-11 13:57:19 +0200: Memory Usage (465688K) : psd_drw has 46 polygons
2026-08-11 13:57:19 +0200: Memory Usage (465688K) : nldb_drw has 0 polygons
2026-08-11 13:57:19 +0200: Memory Usage (465816K) : digibnd_drw has 0 polygons
2026-08-11 13:57:19 +0200: Memory Usage (465816K) : via1_drw has 1613 polygons
2026-08-11 13:57:19 +0200: Memory Usage (465944K) : backmetal1_drw has 0 polygons
2026-08-11 13:57:19 +0200: Memory Usage (466072K) : backmetal1_pin has 0 polygons
2026-08-11 13:57:19 +0200: Memory Usage (466072K) : backmetal1_mask has 0 polygons
2026-08-11 13:57:19 +0200: Memory Usage (466200K) : backmetal1_filler has 0 polygons
2026-08-11 13:57:19 +0200: Memory Usage (466200K) : backmetal1_nofill has 0 polygons
2026-08-11 13:57:19 +0200: Memory Usage (466328K) : backmetal1_slit has 0 polygons
2026-08-11 13:57:19 +0200: Memory Usage (466328K) : backmetal1_text has 0 polygons
2026-08-11 13:57:19 +0200: Memory Usage (466456K) : backmetal1_OPC has 0 polygons
2026-08-11 13:57:19 +0200: Memory Usage (466456K) : backmetal1_noqrc has 0 polygons
2026-08-11 13:57:19 +0200: Memory Usage (466584K) : backmetal1_res has 0 polygons
2026-08-11 13:57:19 +0200: Memory Usage (466584K) : backmetal1_iprobe has 0 polygons
2026-08-11 13:57:19 +0200: Memory Usage (466712K) : backmetal1_diffprb has 0 polygons
2026-08-11 13:57:19 +0200: Memory Usage (466712K) : backpassiv_drw has 0 polygons
2026-08-11 13:57:19 +0200: Memory Usage (466840K) : res_drw has 0 polygons
2026-08-11 13:57:19 +0200: Memory Usage (466840K) : sram_drw has 0 polygons
2026-08-11 13:57:19 +0200: Memory Usage (466968K) : trans_drw has 0 polygons
2026-08-11 13:57:19 +0200: Memory Usage (467096K) : ind_drw has 0 polygons
2026-08-11 13:57:19 +0200: Memory Usage (467096K) : ind_pin has 0 polygons
2026-08-11 13:57:19 +0200: Memory Usage (467224K) : ind_text has 0 polygons
2026-08-11 13:57:19 +0200: Memory Usage (467224K) : salblock_drw has 1 polygons
2026-08-11 13:57:19 +0200: Memory Usage (467352K) : via2_drw has 1229 polygons
2026-08-11 13:57:19 +0200: Memory Usage (467352K) : metal3_drw has 15 polygons
2026-08-11 13:57:19 +0200: Memory Usage (467480K) : metal3_filler has 0 polygons
2026-08-11 13:57:19 +0200: Memory Usage (467608K) : metal3_slit has 0 polygons
2026-08-11 13:57:19 +0200: Memory Usage (467736K) : metal3 has 15 polygons
2026-08-11 13:57:19 +0200: Memory Usage (467736K) : metal3_pin has 11 polygons
2026-08-11 13:57:19 +0200: Memory Usage (467864K) : metal3_mask has 0 polygons
2026-08-11 13:57:19 +0200: Memory Usage (467864K) : metal3_nofill has 0 polygons
2026-08-11 13:57:19 +0200: Memory Usage (467864K) : metal3_text has 11 polygons
2026-08-11 13:57:19 +0200: Memory Usage (467992K) : metal3_OPC has 0 polygons
2026-08-11 13:57:19 +0200: Memory Usage (467992K) : metal3_noqrc has 0 polygons
2026-08-11 13:57:19 +0200: Memory Usage (467992K) : metal3_res has 0 polygons
2026-08-11 13:57:19 +0200: Memory Usage (467992K) : metal3_iprobe has 0 polygons
2026-08-11 13:57:19 +0200: Memory Usage (468120K) : metal3_diffprb has 0 polygons
2026-08-11 13:57:19 +0200: Memory Usage (468120K) : nwell_drw has 29 polygons
2026-08-11 13:57:19 +0200: Memory Usage (468248K) : nwell_pin has 0 polygons
2026-08-11 13:57:19 +0200: Memory Usage (468248K) : nwell_text has 0 polygons
2026-08-11 13:57:19 +0200: Memory Usage (468376K) : nbulay_drw has 0 polygons
2026-08-11 13:57:19 +0200: Memory Usage (468376K) : nbulay_pin has 0 polygons
2026-08-11 13:57:19 +0200: Memory Usage (468504K) : nbulay_block has 0 polygons
2026-08-11 13:57:19 +0200: Memory Usage (468632K) : emwind_drw has 0 polygons
2026-08-11 13:57:19 +0200: Memory Usage (468632K) : emwind_OPC has 0 polygons
2026-08-11 13:57:19 +0200: Memory Usage (468760K) : deepco_drw has 0 polygons
2026-08-11 13:57:19 +0200: Memory Usage (468760K) : mim_drw has 0 polygons
2026-08-11 13:57:19 +0200: Memory Usage (468888K) : edgeseal_drw has 0 polygons
2026-08-11 13:57:19 +0200: Memory Usage (468888K) : substrate_drw has 33 polygons
2026-08-11 13:57:19 +0200: Memory Usage (469016K) : substrate_text has 0 polygons
2026-08-11 13:57:19 +0200: Memory Usage (469016K) : dfpad_drw has 0 polygons
2026-08-11 13:57:19 +0200: Memory Usage (469144K) : dfpad_pillar has 0 polygons
2026-08-11 13:57:19 +0200: Memory Usage (469144K) : dfpad_sbump has 0 polygons
2026-08-11 13:57:19 +0200: Memory Usage (469272K) : thickgateox_drw has 8 polygons
2026-08-11 13:57:19 +0200: Memory Usage (469272K) : pldb_drw has 0 polygons
2026-08-11 13:57:19 +0200: Memory Usage (469400K) : pwell_drw has 0 polygons
2026-08-11 13:57:19 +0200: Memory Usage (469400K) : pwell_pin has 0 polygons
2026-08-11 13:57:19 +0200: Memory Usage (469528K) : pwell_block has 0 polygons
2026-08-11 13:57:19 +0200: Memory Usage (469656K) : ic_drw has 0 polygons
2026-08-11 13:57:19 +0200: Memory Usage (469656K) : via3_drw has 2087 polygons
2026-08-11 13:57:19 +0200: Memory Usage (469784K) : metal4_drw has 8 polygons
2026-08-11 13:57:19 +0200: Memory Usage (469912K) : metal4_filler has 0 polygons
2026-08-11 13:57:19 +0200: Memory Usage (469912K) : metal4_slit has 0 polygons
2026-08-11 13:57:19 +0200: Memory Usage (470040K) : metal4 has 8 polygons
2026-08-11 13:57:19 +0200: Memory Usage (470168K) : metal4_pin has 8 polygons
2026-08-11 13:57:19 +0200: Memory Usage (470168K) : metal4_mask has 0 polygons
2026-08-11 13:57:19 +0200: Memory Usage (470296K) : metal4_nofill has 0 polygons
2026-08-11 13:57:19 +0200: Memory Usage (470296K) : metal4_text has 8 polygons
2026-08-11 13:57:19 +0200: Memory Usage (470296K) : metal4_OPC has 0 polygons
2026-08-11 13:57:19 +0200: Memory Usage (470424K) : metal4_noqrc has 0 polygons
2026-08-11 13:57:19 +0200: Memory Usage (470552K) : metal4_res has 0 polygons
2026-08-11 13:57:19 +0200: Memory Usage (470552K) : metal4_iprobe has 0 polygons
2026-08-11 13:57:19 +0200: Memory Usage (470680K) : metal4_diffprb has 0 polygons
2026-08-11 13:57:19 +0200: Memory Usage (470680K) : heattrans_drw has 6 polygons
2026-08-11 13:57:19 +0200: Memory Usage (470808K) : heatres_drw has 0 polygons
2026-08-11 13:57:19 +0200: Memory Usage (470808K) : fbe_drw has 0 polygons
2026-08-11 13:57:19 +0200: Memory Usage (470936K) : empoly_drw has 0 polygons
2026-08-11 13:57:19 +0200: Memory Usage (470936K) : digisub_drw has 0 polygons
2026-08-11 13:57:19 +0200: Memory Usage (471064K) : text_drw has 30 polygons
2026-08-11 13:57:19 +0200: Memory Usage (471064K) : via4_drw has 2371 polygons
2026-08-11 13:57:19 +0200: Memory Usage (471320K) : metal5_drw has 8 polygons
2026-08-11 13:57:19 +0200: Memory Usage (471320K) : metal5_filler has 0 polygons
2026-08-11 13:57:19 +0200: Memory Usage (471320K) : metal5_slit has 0 polygons
2026-08-11 13:57:19 +0200: Memory Usage (471320K) : metal5 has 8 polygons
2026-08-11 13:57:19 +0200: Memory Usage (471320K) : metal5_pin has 8 polygons
2026-08-11 13:57:19 +0200: Memory Usage (471320K) : metal5_mask has 0 polygons
2026-08-11 13:57:19 +0200: Memory Usage (471320K) : metal5_nofill has 0 polygons
2026-08-11 13:57:19 +0200: Memory Usage (471320K) : metal5_text has 8 polygons
2026-08-11 13:57:19 +0200: Memory Usage (471320K) : metal5_OPC has 0 polygons
2026-08-11 13:57:19 +0200: Memory Usage (471320K) : metal5_noqrc has 0 polygons
2026-08-11 13:57:19 +0200: Memory Usage (471320K) : metal5_res has 0 polygons
2026-08-11 13:57:19 +0200: Memory Usage (471320K) : metal5_iprobe has 0 polygons
2026-08-11 13:57:19 +0200: Memory Usage (471320K) : metal5_diffprb has 0 polygons
2026-08-11 13:57:19 +0200: Memory Usage (471320K) : radhard_drw has 0 polygons
2026-08-11 13:57:19 +0200: Memory Usage (471320K) : memcap_drw has 0 polygons
2026-08-11 13:57:19 +0200: Memory Usage (471320K) : varicap_drw has 0 polygons
2026-08-11 13:57:19 +0200: Memory Usage (471320K) : intbondvia_drw has 0 polygons
2026-08-11 13:57:19 +0200: Memory Usage (471320K) : intbondmet_drw has 0 polygons
2026-08-11 13:57:19 +0200: Memory Usage (471320K) : devbondvia_drw has 0 polygons
2026-08-11 13:57:19 +0200: Memory Usage (471320K) : devbondmet_drw has 0 polygons
2026-08-11 13:57:19 +0200: Memory Usage (471320K) : devtrench_drw has 0 polygons
2026-08-11 13:57:19 +0200: Memory Usage (471320K) : redist_drw has 0 polygons
2026-08-11 13:57:19 +0200: Memory Usage (471320K) : graphbot_drw has 0 polygons
2026-08-11 13:57:19 +0200: Memory Usage (471320K) : graphtop_drw has 0 polygons
2026-08-11 13:57:19 +0200: Memory Usage (471320K) : antvia1_drw has 0 polygons
2026-08-11 13:57:19 +0200: Memory Usage (471320K) : antmetal2_drw has 0 polygons
2026-08-11 13:57:19 +0200: Memory Usage (471320K) : graphcont_drw has 0 polygons
2026-08-11 13:57:19 +0200: Memory Usage (471320K) : siwg_drw has 0 polygons
2026-08-11 13:57:19 +0200: Memory Usage (471320K) : siwg_filler has 0 polygons
2026-08-11 13:57:19 +0200: Memory Usage (471320K) : siwg_nofill has 0 polygons
2026-08-11 13:57:19 +0200: Memory Usage (471320K) : sigrating_drw has 0 polygons
2026-08-11 13:57:19 +0200: Memory Usage (471320K) : singrating_drw has 0 polygons
2026-08-11 13:57:19 +0200: Memory Usage (471320K) : graphpas_drw has 0 polygons
2026-08-11 13:57:19 +0200: Memory Usage (471320K) : emwind3_drw has 0 polygons
2026-08-11 13:57:19 +0200: Memory Usage (471320K) : emwihv3_drw has 0 polygons
2026-08-11 13:57:19 +0200: Memory Usage (471320K) : redbulay_drw has 0 polygons
2026-08-11 13:57:19 +0200: Memory Usage (471320K) : smos_drw has 0 polygons
2026-08-11 13:57:19 +0200: Memory Usage (471320K) : graphpad_drw has 0 polygons
2026-08-11 13:57:19 +0200: Memory Usage (471320K) : polimide_drw has 0 polygons
2026-08-11 13:57:19 +0200: Memory Usage (471320K) : polimide_pin has 0 polygons
2026-08-11 13:57:19 +0200: Memory Usage (471320K) : recog_drw has 0 polygons
2026-08-11 13:57:19 +0200: Memory Usage (471320K) : recog_pin has 0 polygons
2026-08-11 13:57:19 +0200: Memory Usage (471320K) : recog_esd has 0 polygons
2026-08-11 13:57:19 +0200: Memory Usage (471320K) : recog_diode has 8 polygons
2026-08-11 13:57:19 +0200: Memory Usage (471320K) : recog_tsv has 0 polygons
2026-08-11 13:57:19 +0200: Memory Usage (471320K) : recog_iprobe has 0 polygons
2026-08-11 13:57:19 +0200: Memory Usage (471320K) : recog_diffprb has 0 polygons
2026-08-11 13:57:19 +0200: Memory Usage (471320K) : recog_pillar has 0 polygons
2026-08-11 13:57:19 +0200: Memory Usage (471320K) : recog_sbump has 0 polygons
2026-08-11 13:57:19 +0200: Memory Usage (471320K) : recog_otp has 0 polygons
2026-08-11 13:57:19 +0200: Memory Usage (471320K) : recog_pdiode has 0 polygons
2026-08-11 13:57:19 +0200: Memory Usage (471320K) : recog_mom has 0 polygons
2026-08-11 13:57:19 +0200: Memory Usage (471320K) : recog_pcm has 0 polygons
2026-08-11 13:57:19 +0200: Memory Usage (471320K) : colopen_drw has 0 polygons
2026-08-11 13:57:19 +0200: Memory Usage (471320K) : graphmetal1_drw has 0 polygons
2026-08-11 13:57:19 +0200: Memory Usage (471320K) : graphmetal1_filler has 0 polygons
2026-08-11 13:57:19 +0200: Memory Usage (471320K) : graphmetal1_nofill has 0 polygons
2026-08-11 13:57:19 +0200: Memory Usage (471320K) : graphmetal1_slit has 0 polygons
2026-08-11 13:57:19 +0200: Memory Usage (471320K) : graphmetal1_OPC has 0 polygons
2026-08-11 13:57:19 +0200: Memory Usage (471320K) : graphmet1l_drw has 0 polygons
2026-08-11 13:57:19 +0200: Memory Usage (471320K) : graphmet1l_filler has 0 polygons
2026-08-11 13:57:19 +0200: Memory Usage (471320K) : graphmet1l_nofill has 0 polygons
2026-08-11 13:57:19 +0200: Memory Usage (471320K) : graphmet1l_slit has 0 polygons
2026-08-11 13:57:19 +0200: Memory Usage (471320K) : graphmet1l_OPC has 0 polygons
2026-08-11 13:57:19 +0200: Memory Usage (471320K) : extblock_drw has 1 polygons
2026-08-11 13:57:19 +0200: Memory Usage (471320K) : nldd_drw has 0 polygons
2026-08-11 13:57:19 +0200: Memory Usage (471320K) : pldd_drw has 0 polygons
2026-08-11 13:57:19 +0200: Memory Usage (471320K) : next_drw has 0 polygons
2026-08-11 13:57:19 +0200: Memory Usage (471320K) : pext_drw has 0 polygons
2026-08-11 13:57:19 +0200: Memory Usage (471320K) : nexthv_drw has 0 polygons
2026-08-11 13:57:19 +0200: Memory Usage (471320K) : pexthv_drw has 0 polygons
2026-08-11 13:57:19 +0200: Memory Usage (471320K) : graphgate_drw has 0 polygons
2026-08-11 13:57:19 +0200: Memory Usage (471320K) : sinwg_drw has 0 polygons
2026-08-11 13:57:19 +0200: Memory Usage (471320K) : sinwg_filler has 0 polygons
2026-08-11 13:57:19 +0200: Memory Usage (471320K) : sinwg_nofill has 0 polygons
2026-08-11 13:57:19 +0200: Memory Usage (471320K) : mempad_drw has 0 polygons
2026-08-11 13:57:19 +0200: Memory Usage (471320K) : topvia1_drw has 2315 polygons
2026-08-11 13:57:19 +0200: Memory Usage (471320K) : topmetal1_drw has 8 polygons
2026-08-11 13:57:19 +0200: Memory Usage (471320K) : topmetal1_filler has 0 polygons
2026-08-11 13:57:19 +0200: Memory Usage (471320K) : topmetal1_slit has 0 polygons
2026-08-11 13:57:19 +0200: Memory Usage (471320K) : topmetal1 has 8 polygons
2026-08-11 13:57:19 +0200: Memory Usage (471320K) : topmetal1_pin has 8 polygons
2026-08-11 13:57:19 +0200: Memory Usage (471320K) : topmetal1_mask has 0 polygons
2026-08-11 13:57:19 +0200: Memory Usage (471320K) : topmetal1_nofill has 0 polygons
2026-08-11 13:57:19 +0200: Memory Usage (471320K) : topmetal1_text has 8 polygons
2026-08-11 13:57:19 +0200: Memory Usage (471320K) : topmetal1_noqrc has 0 polygons
2026-08-11 13:57:19 +0200: Memory Usage (471320K) : topmetal1_res has 0 polygons
2026-08-11 13:57:19 +0200: Memory Usage (471320K) : topmetal1_iprobe has 0 polygons
2026-08-11 13:57:19 +0200: Memory Usage (471320K) : topmetal1_diffprb has 0 polygons
2026-08-11 13:57:19 +0200: Memory Usage (471320K) : inldpwl_drw has 0 polygons
2026-08-11 13:57:19 +0200: Memory Usage (471320K) : polyres_drw has 1 polygons
2026-08-11 13:57:19 +0200: Memory Usage (471320K) : polyres_pin has 0 polygons
2026-08-11 13:57:19 +0200: Memory Usage (471320K) : vmim_drw has 0 polygons
2026-08-11 13:57:19 +0200: Memory Usage (471320K) : nbulaycut_drw has 0 polygons
2026-08-11 13:57:19 +0200: Memory Usage (471320K) : antmetal1_drw has 0 polygons
2026-08-11 13:57:19 +0200: Memory Usage (471320K) : topvia2_drw has 1593 polygons
2026-08-11 13:57:19 +0200: Memory Usage (471320K) : topmetal2_drw has 6 polygons
2026-08-11 13:57:19 +0200: Memory Usage (471320K) : topmetal2_filler has 0 polygons
2026-08-11 13:57:19 +0200: Memory Usage (471320K) : topmetal2_slit has 0 polygons
2026-08-11 13:57:19 +0200: Memory Usage (471320K) : topmetal2 has 6 polygons
2026-08-11 13:57:19 +0200: Memory Usage (471320K) : topmetal2_pin has 6 polygons
2026-08-11 13:57:19 +0200: Memory Usage (471320K) : topmetal2_mask has 0 polygons
2026-08-11 13:57:19 +0200: Memory Usage (471320K) : topmetal2_nofill has 0 polygons
2026-08-11 13:57:19 +0200: Memory Usage (471320K) : topmetal2_text has 6 polygons
2026-08-11 13:57:19 +0200: Memory Usage (471320K) : topmetal2_noqrc has 0 polygons
2026-08-11 13:57:19 +0200: Memory Usage (471320K) : topmetal2_res has 0 polygons
2026-08-11 13:57:19 +0200: Memory Usage (471320K) : topmetal2_iprobe has 0 polygons
2026-08-11 13:57:19 +0200: Memory Usage (471320K) : topmetal2_diffprb has 0 polygons
2026-08-11 13:57:19 +0200: Memory Usage (471320K) : snsring_drw has 0 polygons
2026-08-11 13:57:19 +0200: Memory Usage (471320K) : sensor_drw has 0 polygons
2026-08-11 13:57:19 +0200: Memory Usage (471320K) : snsarms_drw has 0 polygons
2026-08-11 13:57:19 +0200: Memory Usage (471320K) : snscmosvia_drw has 0 polygons
2026-08-11 13:57:19 +0200: Memory Usage (471320K) : colwind_drw has 0 polygons
2026-08-11 13:57:19 +0200: Memory Usage (471320K) : flm_drw has 0 polygons
2026-08-11 13:57:19 +0200: Memory Usage (471320K) : hafniumox_drw has 0 polygons
2026-08-11 13:57:19 +0200: Memory Usage (471320K) : memvia_drw has 0 polygons
2026-08-11 13:57:19 +0200: Memory Usage (471320K) : thinfilmres_drw has 0 polygons
2026-08-11 13:57:19 +0200: Memory Usage (471320K) : rfmem_drw has 0 polygons
2026-08-11 13:57:19 +0200: Memory Usage (471320K) : norcx_drw has 0 polygons
2026-08-11 13:57:19 +0200: Memory Usage (471320K) : norcx_m2m3 has 0 polygons
2026-08-11 13:57:19 +0200: Memory Usage (471320K) : norcx_m2m4 has 0 polygons
2026-08-11 13:57:19 +0200: Memory Usage (471320K) : norcx_m2m5 has 0 polygons
2026-08-11 13:57:19 +0200: Memory Usage (471320K) : norcx_m2tm1 has 0 polygons
2026-08-11 13:57:19 +0200: Memory Usage (471320K) : norcx_m2tm2 has 0 polygons
2026-08-11 13:57:19 +0200: Memory Usage (471320K) : norcx_m3m4 has 0 polygons
2026-08-11 13:57:19 +0200: Memory Usage (471320K) : norcx_m3m5 has 0 polygons
2026-08-11 13:57:19 +0200: Memory Usage (471320K) : norcx_m3tm1 has 0 polygons
2026-08-11 13:57:19 +0200: Memory Usage (471320K) : norcx_m3tm2 has 0 polygons
2026-08-11 13:57:19 +0200: Memory Usage (471320K) : norcx_m4m5 has 0 polygons
2026-08-11 13:57:19 +0200: Memory Usage (471320K) : norcx_m4tm1 has 0 polygons
2026-08-11 13:57:19 +0200: Memory Usage (471320K) : norcx_m4tm2 has 0 polygons
2026-08-11 13:57:19 +0200: Memory Usage (471320K) : norcx_m5tm1 has 0 polygons
2026-08-11 13:57:19 +0200: Memory Usage (471320K) : norcx_m5tm2 has 0 polygons
2026-08-11 13:57:19 +0200: Memory Usage (471320K) : norcx_tm1tm2 has 0 polygons
2026-08-11 13:57:19 +0200: Memory Usage (471320K) : norcx_m1sub has 0 polygons
2026-08-11 13:57:19 +0200: Memory Usage (471320K) : norcx_m2sub has 0 polygons
2026-08-11 13:57:19 +0200: Memory Usage (471320K) : norcx_m3sub has 0 polygons
2026-08-11 13:57:19 +0200: Memory Usage (471320K) : norcx_m4sub has 0 polygons
2026-08-11 13:57:19 +0200: Memory Usage (471320K) : norcx_m5sub has 0 polygons
2026-08-11 13:57:19 +0200: Memory Usage (471320K) : norcx_tm1sub has 0 polygons
2026-08-11 13:57:19 +0200: Memory Usage (471448K) : norcx_tm2sub has 0 polygons
2026-08-11 13:57:19 +0200: Memory Usage (471576K) : snsbotvia_drw has 0 polygons
2026-08-11 13:57:19 +0200: Memory Usage (471576K) : snstopvia_drw has 0 polygons
2026-08-11 13:57:19 +0200: Memory Usage (471576K) : deepvia_drw has 0 polygons
2026-08-11 13:57:19 +0200: Memory Usage (471704K) : fgetch_drw has 0 polygons
2026-08-11 13:57:19 +0200: Memory Usage (471832K) : ctrgat_drw has 0 polygons
2026-08-11 13:57:19 +0200: Memory Usage (471832K) : fgimp_drw has 0 polygons
2026-08-11 13:57:19 +0200: Memory Usage (471960K) : emwihv_drw has 0 polygons
2026-08-11 13:57:19 +0200: Memory Usage (472088K) : lbe_drw has 0 polygons
2026-08-11 13:57:19 +0200: Memory Usage (472216K) : alcustop_drw has 0 polygons
2026-08-11 13:57:19 +0200: Memory Usage (472344K) : nometfiller_drw has 0 polygons
2026-08-11 13:57:19 +0200: Memory Usage (472344K) : prboundary_drw has 0 polygons
2026-08-11 13:57:19 +0200: Memory Usage (472344K) : exchange0_drw has 0 polygons
2026-08-11 13:57:19 +0200: Memory Usage (472472K) : exchange0_pin has 0 polygons
2026-08-11 13:57:19 +0200: Memory Usage (472600K) : exchange0_text has 0 polygons
2026-08-11 13:57:20 +0200: Memory Usage (472600K) : exchange1_drw has 0 polygons
2026-08-11 13:57:20 +0200: Memory Usage (472600K) : exchange1_pin has 0 polygons
2026-08-11 13:57:20 +0200: Memory Usage (472600K) : exchange1_text has 0 polygons
2026-08-11 13:57:20 +0200: Memory Usage (472600K) : exchange2_drw has 0 polygons
2026-08-11 13:57:20 +0200: Memory Usage (472600K) : exchange2_pin has 0 polygons
2026-08-11 13:57:20 +0200: Memory Usage (472600K) : exchange2_text has 0 polygons
2026-08-11 13:57:20 +0200: Memory Usage (472600K) : exchange3_drw has 0 polygons
2026-08-11 13:57:20 +0200: Memory Usage (472600K) : exchange3_pin has 0 polygons
2026-08-11 13:57:20 +0200: Memory Usage (472600K) : exchange3_text has 0 polygons
2026-08-11 13:57:20 +0200: Memory Usage (472600K) : exchange4_drw has 0 polygons
2026-08-11 13:57:20 +0200: Memory Usage (472600K) : exchange4_pin has 0 polygons
2026-08-11 13:57:20 +0200: Memory Usage (472600K) : exchange4_text has 0 polygons
2026-08-11 13:57:20 +0200: Memory Usage (472600K) : isonwell_drw has 0 polygons
2026-08-11 13:57:20 +0200: Memory Usage (472600K) : Total no. of polygons in the design is 58392
2026-08-11 13:57:20 +0200: Memory Usage (472600K) : Starting base layers derivations
2026-08-11 13:57:20 +0200: Memory Usage (472600K) : Starting general LVS derivations
2026-08-11 13:57:20 +0200: Memory Usage (476952K) : Starting MOSFET DERIVATIONS
2026-08-11 13:57:20 +0200: Memory Usage (477528K) : Starting NMOS DERIVATIONS
2026-08-11 13:57:20 +0200: Memory Usage (477528K) : Starting PMOS DERIVATIONS
2026-08-11 13:57:20 +0200: Memory Usage (477528K) : Starting RF-MOSFET DERIVATIONS
2026-08-11 13:57:20 +0200: Memory Usage (477528K) : Starting RF-NMOS DERIVATIONS
2026-08-11 13:57:20 +0200: Memory Usage (477528K) : Starting RF-PMOS DERIVATIONS
2026-08-11 13:57:20 +0200: Memory Usage (477528K) : Starting BJT DERIVATIONS
2026-08-11 13:57:20 +0200: Memory Usage (477528K) : Starting NPN-BJT DERIVATIONS
2026-08-11 13:57:20 +0200: Memory Usage (477528K) : Starting PNP-BJT DERIVATIONS
2026-08-11 13:57:20 +0200: Memory Usage (477528K) : Starting DIODE DERIVATIONS
2026-08-11 13:57:21 +0200: Memory Usage (479332K) : Starting RESISTOR DERIVATIONS
2026-08-11 13:57:21 +0200: Memory Usage (479460K) : Starting CAP DERIVATIONS
2026-08-11 13:57:22 +0200: Memory Usage (479460K) : Starting CAP_CMOM DERIVATIONS
2026-08-11 13:57:22 +0200: Memory Usage (479460K) : Starting ESD DERIVATIONS
2026-08-11 13:57:22 +0200: Memory Usage (479460K) : Starting Inductor DERIVATIONS
2026-08-11 13:57:22 +0200: Memory Usage (479460K) : Starting Taps DERIVATIONS
2026-08-11 13:57:22 +0200: Memory Usage (479460K) : Starting SG13G2 LVS connectivity setup
2026-08-11 13:57:22 +0200: Memory Usage (479460K) : Starting SG13G2 LVS connectivity setup (Inter-layer)
2026-08-11 13:57:22 +0200: Memory Usage (479588K) : Starting SG13G2 LVS connectivity setup (Global)
2026-08-11 13:57:22 +0200: Memory Usage (479588K) : Starting LVS MOSFET CONNECTIONS
2026-08-11 13:57:22 +0200: Memory Usage (479588K) : Starting LVS RF-MOSFET CONNECTIONS
2026-08-11 13:57:22 +0200: Memory Usage (479588K) : Starting LVS BJT CONNECTIONS
2026-08-11 13:57:22 +0200: Memory Usage (479588K) : Starting LVS DIODE CONNECTIONS
2026-08-11 13:57:22 +0200: Memory Usage (479588K) : Starting RESISTOR CONNECTIONS
2026-08-11 13:57:22 +0200: Memory Usage (479588K) : Starting LVS CAP CONNECTIONS
2026-08-11 13:57:22 +0200: Memory Usage (479588K) : Starting CAP_CMOM CONNECTIONS
2026-08-11 13:57:22 +0200: Memory Usage (479588K) : Starting ESD CONNECTIONS
2026-08-11 13:57:22 +0200: Memory Usage (479588K) : Starting Inductor CONNECTIONS
2026-08-11 13:57:22 +0200: Memory Usage (479588K) : Starting LVS Taps CONNECTIONS
2026-08-11 13:57:22 +0200: Memory Usage (479588K) : Starting SG13G2 LVS DEVICES EXTRACTION
2026-08-11 13:57:22 +0200: Memory Usage (479588K) : Starting MOSFET EXTRACTION
2026-08-11 13:57:22 +0200: Memory Usage (479588K) : Starting NMOS EXTRACTION
2026-08-11 13:57:22 +0200: Memory Usage (479588K) : Extraction of NMOS-LV transistor
2026-08-11 13:57:22 +0200: Memory Usage (479716K) : Extraction of NMOS-HV transistor
2026-08-11 13:57:22 +0200: Memory Usage (479716K) : Starting PMOS EXTRACTION
2026-08-11 13:57:22 +0200: Memory Usage (479716K) : Extraction of PMOS-LV transistor
2026-08-11 13:57:22 +0200: Memory Usage (479716K) : Extraction of PMOS-HV transistor
2026-08-11 13:57:22 +0200: Memory Usage (479716K) : Starting RF-MOSFET EXTRACTION
2026-08-11 13:57:22 +0200: Memory Usage (479716K) : Extraction of RF-NMOS-LV transistor
2026-08-11 13:57:22 +0200: Memory Usage (479716K) : Extraction of RF-NMOS-HV transistor
2026-08-11 13:57:22 +0200: Memory Usage (479716K) : Extraction of RF-PMOS-LV transistor
2026-08-11 13:57:22 +0200: Memory Usage (479716K) : Extraction of RF-PMOS-HV transistor
2026-08-11 13:57:22 +0200: Memory Usage (479716K) : Starting BJT EXTRACTION
2026-08-11 13:57:22 +0200: Memory Usage (479716K) : Starting NPN-BJT EXTRACTION
2026-08-11 13:57:22 +0200: Memory Usage (479716K) : Extraction of npn13G2 BJT transistor
2026-08-11 13:57:22 +0200: Memory Usage (479716K) : Extraction of npn13G2L BJT transistor
2026-08-11 13:57:22 +0200: Memory Usage (479716K) : Extraction of npn13G2V BJT transistor
2026-08-11 13:57:22 +0200: Memory Usage (479716K) : Starting PNP-BJT EXTRACTION
2026-08-11 13:57:22 +0200: Memory Usage (479716K) : Extracting pnpMPA BJT
2026-08-11 13:57:22 +0200: Memory Usage (479716K) : Starting DIODE EXTRACTION
2026-08-11 13:57:22 +0200: Memory Usage (479716K) : Extracting dantenna diode
2026-08-11 13:57:22 +0200: Memory Usage (479716K) : Extracting dpantenna diode
2026-08-11 13:57:22 +0200: Memory Usage (479716K) : Extracting schottky_nbl1 diode
2026-08-11 13:57:22 +0200: Memory Usage (479716K) : Extracting isolbox diode
2026-08-11 13:57:22 +0200: Memory Usage (479716K) : Starting RESISTOR EXTRACTION
2026-08-11 13:57:22 +0200: Memory Usage (479716K) : Extracting rsil resistor
2026-08-11 13:57:22 +0200: Memory Usage (479716K) : Extracting rppd resistor
2026-08-11 13:57:22 +0200: Memory Usage (479844K) : Extracting rhigh resistor
2026-08-11 13:57:22 +0200: Memory Usage (479844K) : Extracting res_metal1 resistor
2026-08-11 13:57:22 +0200: Memory Usage (479844K) : Extracting res_metal2 resistor
2026-08-11 13:57:22 +0200: Memory Usage (479844K) : Extracting res_metal3 resistor
2026-08-11 13:57:22 +0200: Memory Usage (479844K) : Extracting res_metal4 resistor
2026-08-11 13:57:22 +0200: Memory Usage (479844K) : Extracting res_metal5 resistor
2026-08-11 13:57:22 +0200: Memory Usage (479844K) : Extracting res_topmetal1 resistor
2026-08-11 13:57:22 +0200: Memory Usage (479844K) : Extracting res_topmetal2 resistor
2026-08-11 13:57:22 +0200: Memory Usage (479844K) : Starting CAP EXTRACTION
2026-08-11 13:57:22 +0200: Memory Usage (479844K) : Extracting cap_cmim device
2026-08-11 13:57:22 +0200: Memory Usage (479844K) : Extracting rfcmim device
2026-08-11 13:57:22 +0200: Memory Usage (479844K) : Extracting sg13_hv_svaricap varactor
2026-08-11 13:57:22 +0200: Memory Usage (479844K) : Extracting cap_cmomi device
2026-08-11 13:57:22 +0200: Memory Usage (479844K) : Extracting sg13_moscap_n capacitor
2026-08-11 13:57:22 +0200: Memory Usage (479972K) : Extracting sg13_moscap_p capacitor
2026-08-11 13:57:22 +0200: Memory Usage (479972K) : Starting ESD EXTRACTION
2026-08-11 13:57:22 +0200: Memory Usage (479972K) : Extracting diodevdd_2kv ESD device
2026-08-11 13:57:22 +0200: Memory Usage (480228K) : Extracting diodevdd_4kv ESD device
2026-08-11 13:57:22 +0200: Memory Usage (480356K) : Extracting diodevss_2kv ESD device
2026-08-11 13:57:22 +0200: Memory Usage (480484K) : Extracting diodevss_4kv ESD device
2026-08-11 13:57:22 +0200: Memory Usage (480740K) : Extracting idiodevdd_2kv ESD device
2026-08-11 13:57:22 +0200: Memory Usage (480868K) : Extracting idiodevdd_4kv ESD device
2026-08-11 13:57:22 +0200: Memory Usage (480996K) : Extracting idiodevss_2kv ESD device
2026-08-11 13:57:22 +0200: Memory Usage (481252K) : Extracting idiodevss_4kv ESD device
2026-08-11 13:57:22 +0200: Memory Usage (481252K) : Extracting nmoscl_2 ESD device
2026-08-11 13:57:22 +0200: Memory Usage (481252K) : Extracting nmoscl_4 ESD device
2026-08-11 13:57:22 +0200: Memory Usage (481252K) : Starting Inductor EXTRACTION
2026-08-11 13:57:22 +0200: Memory Usage (481252K) : Extracting Inductor2 device
2026-08-11 13:57:22 +0200: Memory Usage (481252K) : Extracting Inductor3 device
2026-08-11 13:57:22 +0200: Memory Usage (481252K) : Starting Taps EXTRACTION
2026-08-11 13:57:22 +0200: Memory Usage (481252K) : Extracting ntap1 device
2026-08-11 13:57:22 +0200: Memory Usage (481252K) : Extracting ptap1 device
2026-08-11 13:57:22 +0200: Memory Usage (481380K) : Starting SG13G2 LVS RF MOS Model Mapping
2026-08-11 13:57:23 +0200: Memory Usage (487524K) : [layout_netlist] Apply RF MOS model mapping and rfmode parameter.
2026-08-11 13:57:23 +0200: Memory Usage (487524K) : Starting SG13G2 LVS Options Preparations
2026-08-11 13:57:23 +0200: Memory Usage (487524K) : SG13G2 LVS flow: extraction -> alignment -> option preparation -> comparison.
2026-08-11 13:57:23 +0200: Memory Usage (487524K) : Starting SG13G2 LVS Alignment
2026-08-11 13:57:23 +0200: Memory Usage (487652K) : Starting SG13G2 LVS Simplification
2026-08-11 13:57:23 +0200: Memory Usage (487652K) : [layout_netlist] simplify: ENABLED
2026-08-11 13:57:23 +0200: Memory Usage (487652K) : [layout_netlist] make_top_level_pins: SKIPPED
2026-08-11 13:57:23 +0200: Memory Usage (487652K) : [layout_netlist] combine_devices: ENABLED
2026-08-11 13:57:23 +0200: Memory Usage (487652K) : [layout_netlist] purge: SKIPPED
2026-08-11 13:57:23 +0200: Memory Usage (487652K) : [layout_netlist] purge_nets: SKIPPED
2026-08-11 13:57:23 +0200: Memory Usage (487652K) : [schematic_netlist] simplify: ENABLED
2026-08-11 13:57:23 +0200: Memory Usage (487652K) : [schematic_netlist] make_top_level_pins: SKIPPED
2026-08-11 13:57:23 +0200: Memory Usage (487652K) : [schematic_netlist] combine_devices: ENABLED
2026-08-11 13:57:23 +0200: Memory Usage (487652K) : [schematic_netlist] purge: SKIPPED
2026-08-11 13:57:23 +0200: Memory Usage (487652K) : [schematic_netlist] purge_nets: SKIPPED
2026-08-11 13:57:23 +0200: Memory Usage (487652K) : Starting SG13G2 LVS Comparison
2026-08-11 13:57:23 +0200: Memory Usage (487652K) : ==========================================
2026-08-11 13:57:23 +0200: Memory Usage (487652K) : INFO : Congratulations! Netlists match.
2026-08-11 13:57:23 +0200: Memory Usage (487652K) : ==========================================
2026-08-11 13:57:23 +0200: Memory Usage (487652K) : LVS Total Run time 4.670403 seconds
