# Logfile created on 2026-08-10 16:36:23 +0200 by logger.rb/v1.5.3
2026-08-10 16:36:23 +0200: Memory Usage (455172K) : Starting running SG13G2 Klayout LVS runset on /foss/designs/ihp-open-pdk-regression/IOPADS/layout/sg13g2_IOPadAnalog.gds
2026-08-10 16:36:23 +0200: Memory Usage (455172K) : Ruby Version for klayout: 3.2.3
2026-08-10 16:36:23 +0200: Memory Usage (456580K) : Loading database to memory is complete.
2026-08-10 16:36:23 +0200: Memory Usage (456580K) : SG13G2 Klayout LVS runset output at: /foss/designs/ihp-open-pdk-regression/IOPADS/lvs_sweep/20260810_163620/sg13g2_IOPadAnalog/sg13g2_IOPadAnalog.lvsdb
2026-08-10 16:36:23 +0200: Memory Usage (456580K) : Evaluate switches.
2026-08-10 16:36:23 +0200: Memory Usage (456580K) : Extracted netlist with net names: true
2026-08-10 16:36:23 +0200: Memory Usage (456580K) : Extracted netlist with comments in details: false
2026-08-10 16:36:23 +0200: Memory Usage (456580K) : Selected NET_ONLY option: false
2026-08-10 16:36:23 +0200: Memory Usage (456580K) : Selected LAYOUT_NETLIST option: (none)
2026-08-10 16:36:23 +0200: Memory Usage (456580K) : Selected IGNORE_TOP_PORTS_MISMATCH option: true
2026-08-10 16:36:23 +0200: Memory Usage (456580K) : Selected IMPLICIT_NETS option: iovss,iovdd,vss,vdd,pad,cathode,anode
2026-08-10 16:36:23 +0200: Memory Usage (456580K) : Selected TOP_LVL_PINS option: false
2026-08-10 16:36:23 +0200: Memory Usage (456580K) : Selected COMBINE DEVICES option: true
2026-08-10 16:36:23 +0200: Memory Usage (456580K) : Selected PURGE option: false
2026-08-10 16:36:23 +0200: Memory Usage (456580K) : Selected PURGE_NETS option: false
2026-08-10 16:36:23 +0200: Memory Usage (456708K) : Selected SIMPLIFY option: true
2026-08-10 16:36:23 +0200: Memory Usage (456708K) : Selected SERIES_RES option: true
2026-08-10 16:36:23 +0200: Memory Usage (456708K) : Selected PARALLEL_RES option: true
2026-08-10 16:36:23 +0200: Memory Usage (456708K) : Selected DISABLE_TAP_EXTRACTION option: false
2026-08-10 16:36:23 +0200: Memory Usage (456708K) : deep  mode is enabled.
2026-08-10 16:36:23 +0200: Memory Usage (456708K) : Applying implicit connections (case-sensitive, pattern supported) for nets: iovss, iovdd, vss, vdd, pad, cathode, anode
2026-08-10 16:36:23 +0200: Memory Usage (458116K) : Netlist file: /foss/designs/ihp-open-pdk-regression/IOPADS/netlist/pads_sub/sg13g2_IOPadAnalog.spi
2026-08-10 16:36:23 +0200: Memory Usage (458116K) : LVS extracted netlist at: /foss/designs/ihp-open-pdk-regression/IOPADS/lvs_sweep/20260810_163620/sg13g2_IOPadAnalog/sg13g2_IOPadAnalog_extracted.cir
2026-08-10 16:36:23 +0200: Memory Usage (458116K) : Applying SRAM integration support.
2026-08-10 16:36:23 +0200: Memory Usage (458116K) : Starting SG13G2 LVS runset
2026-08-10 16:36:23 +0200: Memory Usage (458116K) : Read in polygons from layers.
2026-08-10 16:36:23 +0200: Memory Usage (459652K) : activ_drw has 51 polygons
2026-08-10 16:36:23 +0200: Memory Usage (459652K) : activ_filler has 0 polygons
2026-08-10 16:36:23 +0200: Memory Usage (459780K) : activ has 51 polygons
2026-08-10 16:36:23 +0200: Memory Usage (459780K) : activ_pin has 0 polygons
2026-08-10 16:36:23 +0200: Memory Usage (459780K) : activ_mask has 0 polygons
2026-08-10 16:36:23 +0200: Memory Usage (459780K) : activ_nofill has 0 polygons
2026-08-10 16:36:23 +0200: Memory Usage (459908K) : activ_OPC has 0 polygons
2026-08-10 16:36:23 +0200: Memory Usage (460036K) : activ_iOPC has 0 polygons
2026-08-10 16:36:23 +0200: Memory Usage (460164K) : activ_noqrc has 0 polygons
2026-08-10 16:36:23 +0200: Memory Usage (460164K) : biwind_drw has 0 polygons
2026-08-10 16:36:23 +0200: Memory Usage (460292K) : biwind_OPC has 0 polygons
2026-08-10 16:36:23 +0200: Memory Usage (460292K) : gatpoly_drw has 49 polygons
2026-08-10 16:36:23 +0200: Memory Usage (460420K) : gatpoly_filler has 0 polygons
2026-08-10 16:36:23 +0200: Memory Usage (460420K) : gatpoly has 49 polygons
2026-08-10 16:36:23 +0200: Memory Usage (460548K) : gatpoly_pin has 0 polygons
2026-08-10 16:36:23 +0200: Memory Usage (460548K) : gatpoly_nofill has 0 polygons
2026-08-10 16:36:23 +0200: Memory Usage (460676K) : gatpoly_OPC has 0 polygons
2026-08-10 16:36:23 +0200: Memory Usage (460676K) : gatpoly_iOPC has 0 polygons
2026-08-10 16:36:23 +0200: Memory Usage (460804K) : gatpoly_noqrc has 0 polygons
2026-08-10 16:36:23 +0200: Memory Usage (462340K) : cont_drw has 46288 polygons
2026-08-10 16:36:23 +0200: Memory Usage (462340K) : cont_OPC has 0 polygons
2026-08-10 16:36:23 +0200: Memory Usage (462340K) : nsd_drw has 0 polygons
2026-08-10 16:36:23 +0200: Memory Usage (462340K) : nsd_block has 0 polygons
2026-08-10 16:36:23 +0200: Memory Usage (462340K) : metal1_drw has 344 polygons
2026-08-10 16:36:23 +0200: Memory Usage (462340K) : metal1_filler has 0 polygons
2026-08-10 16:36:23 +0200: Memory Usage (462340K) : metal1_slit has 0 polygons
2026-08-10 16:36:23 +0200: Memory Usage (462724K) : metal1 has 344 polygons
2026-08-10 16:36:23 +0200: Memory Usage (462724K) : metal1_pin has 22 polygons
2026-08-10 16:36:23 +0200: Memory Usage (462724K) : metal1_mask has 0 polygons
2026-08-10 16:36:23 +0200: Memory Usage (462724K) : metal1_nofill has 0 polygons
2026-08-10 16:36:23 +0200: Memory Usage (462852K) : metal1_text has 18 polygons
2026-08-10 16:36:23 +0200: Memory Usage (462852K) : metal1_OPC has 0 polygons
2026-08-10 16:36:23 +0200: Memory Usage (462852K) : metal1_noqrc has 0 polygons
2026-08-10 16:36:23 +0200: Memory Usage (462980K) : metal1_res has 0 polygons
2026-08-10 16:36:23 +0200: Memory Usage (462980K) : metal1_iprobe has 0 polygons
2026-08-10 16:36:23 +0200: Memory Usage (463108K) : metal1_diffprb has 0 polygons
2026-08-10 16:36:23 +0200: Memory Usage (463108K) : passiv_drw has 0 polygons
2026-08-10 16:36:23 +0200: Memory Usage (463236K) : passiv_pin has 0 polygons
2026-08-10 16:36:23 +0200: Memory Usage (463364K) : passiv_sbump has 0 polygons
2026-08-10 16:36:23 +0200: Memory Usage (463364K) : passiv_pillar has 0 polygons
2026-08-10 16:36:23 +0200: Memory Usage (463492K) : passiv_pdl has 0 polygons
2026-08-10 16:36:23 +0200: Memory Usage (463492K) : metal2_drw has 96 polygons
2026-08-10 16:36:23 +0200: Memory Usage (463620K) : metal2_filler has 0 polygons
2026-08-10 16:36:23 +0200: Memory Usage (463620K) : metal2_slit has 0 polygons
2026-08-10 16:36:23 +0200: Memory Usage (463748K) : metal2 has 96 polygons
2026-08-10 16:36:23 +0200: Memory Usage (463748K) : metal2_pin has 26 polygons
2026-08-10 16:36:23 +0200: Memory Usage (463748K) : metal2_mask has 0 polygons
2026-08-10 16:36:23 +0200: Memory Usage (463748K) : metal2_nofill has 0 polygons
2026-08-10 16:36:23 +0200: Memory Usage (463876K) : metal2_text has 26 polygons
2026-08-10 16:36:23 +0200: Memory Usage (463876K) : metal2_OPC has 0 polygons
2026-08-10 16:36:23 +0200: Memory Usage (463876K) : metal2_noqrc has 0 polygons
2026-08-10 16:36:23 +0200: Memory Usage (464004K) : metal2_res has 0 polygons
2026-08-10 16:36:23 +0200: Memory Usage (464004K) : metal2_iprobe has 0 polygons
2026-08-10 16:36:23 +0200: Memory Usage (464004K) : metal2_diffprb has 0 polygons
2026-08-10 16:36:23 +0200: Memory Usage (464132K) : baspoly_drw has 0 polygons
2026-08-10 16:36:23 +0200: Memory Usage (464132K) : baspoly_pin has 0 polygons
2026-08-10 16:36:23 +0200: Memory Usage (464260K) : psd_drw has 35 polygons
2026-08-10 16:36:23 +0200: Memory Usage (464388K) : nldb_drw has 0 polygons
2026-08-10 16:36:23 +0200: Memory Usage (464388K) : digibnd_drw has 0 polygons
2026-08-10 16:36:23 +0200: Memory Usage (464516K) : via1_drw has 1936 polygons
2026-08-10 16:36:23 +0200: Memory Usage (464516K) : backmetal1_drw has 0 polygons
2026-08-10 16:36:23 +0200: Memory Usage (464644K) : backmetal1_pin has 0 polygons
2026-08-10 16:36:23 +0200: Memory Usage (464772K) : backmetal1_mask has 0 polygons
2026-08-10 16:36:23 +0200: Memory Usage (464772K) : backmetal1_filler has 0 polygons
2026-08-10 16:36:23 +0200: Memory Usage (464900K) : backmetal1_nofill has 0 polygons
2026-08-10 16:36:23 +0200: Memory Usage (464900K) : backmetal1_slit has 0 polygons
2026-08-10 16:36:23 +0200: Memory Usage (465028K) : backmetal1_text has 0 polygons
2026-08-10 16:36:23 +0200: Memory Usage (465028K) : backmetal1_OPC has 0 polygons
2026-08-10 16:36:23 +0200: Memory Usage (465156K) : backmetal1_noqrc has 0 polygons
2026-08-10 16:36:23 +0200: Memory Usage (465156K) : backmetal1_res has 0 polygons
2026-08-10 16:36:23 +0200: Memory Usage (465284K) : backmetal1_iprobe has 0 polygons
2026-08-10 16:36:23 +0200: Memory Usage (465284K) : backmetal1_diffprb has 0 polygons
2026-08-10 16:36:23 +0200: Memory Usage (465412K) : backpassiv_drw has 0 polygons
2026-08-10 16:36:23 +0200: Memory Usage (465412K) : res_drw has 0 polygons
2026-08-10 16:36:23 +0200: Memory Usage (465540K) : sram_drw has 0 polygons
2026-08-10 16:36:23 +0200: Memory Usage (465540K) : trans_drw has 0 polygons
2026-08-10 16:36:23 +0200: Memory Usage (465668K) : ind_drw has 0 polygons
2026-08-10 16:36:23 +0200: Memory Usage (465796K) : ind_pin has 0 polygons
2026-08-10 16:36:23 +0200: Memory Usage (465796K) : ind_text has 0 polygons
2026-08-10 16:36:23 +0200: Memory Usage (465924K) : salblock_drw has 3 polygons
2026-08-10 16:36:23 +0200: Memory Usage (465924K) : via2_drw has 1926 polygons
2026-08-10 16:36:23 +0200: Memory Usage (466052K) : metal3_drw has 32 polygons
2026-08-10 16:36:23 +0200: Memory Usage (466052K) : metal3_filler has 0 polygons
2026-08-10 16:36:23 +0200: Memory Usage (466180K) : metal3_slit has 0 polygons
2026-08-10 16:36:23 +0200: Memory Usage (466180K) : metal3 has 32 polygons
2026-08-10 16:36:23 +0200: Memory Usage (466308K) : metal3_pin has 10 polygons
2026-08-10 16:36:23 +0200: Memory Usage (466308K) : metal3_mask has 0 polygons
2026-08-10 16:36:23 +0200: Memory Usage (466436K) : metal3_nofill has 0 polygons
2026-08-10 16:36:23 +0200: Memory Usage (466436K) : metal3_text has 10 polygons
2026-08-10 16:36:23 +0200: Memory Usage (466564K) : metal3_OPC has 0 polygons
2026-08-10 16:36:23 +0200: Memory Usage (466564K) : metal3_noqrc has 0 polygons
2026-08-10 16:36:23 +0200: Memory Usage (466692K) : metal3_res has 0 polygons
2026-08-10 16:36:23 +0200: Memory Usage (466692K) : metal3_iprobe has 0 polygons
2026-08-10 16:36:23 +0200: Memory Usage (466820K) : metal3_diffprb has 0 polygons
2026-08-10 16:36:23 +0200: Memory Usage (466820K) : nwell_drw has 19 polygons
2026-08-10 16:36:23 +0200: Memory Usage (466948K) : nwell_pin has 0 polygons
2026-08-10 16:36:23 +0200: Memory Usage (466948K) : nwell_text has 0 polygons
2026-08-10 16:36:23 +0200: Memory Usage (467076K) : nbulay_drw has 0 polygons
2026-08-10 16:36:23 +0200: Memory Usage (467076K) : nbulay_pin has 0 polygons
2026-08-10 16:36:23 +0200: Memory Usage (467204K) : nbulay_block has 0 polygons
2026-08-10 16:36:23 +0200: Memory Usage (467332K) : emwind_drw has 0 polygons
2026-08-10 16:36:23 +0200: Memory Usage (467332K) : emwind_OPC has 0 polygons
2026-08-10 16:36:23 +0200: Memory Usage (467460K) : deepco_drw has 0 polygons
2026-08-10 16:36:23 +0200: Memory Usage (467460K) : mim_drw has 0 polygons
2026-08-10 16:36:23 +0200: Memory Usage (467588K) : edgeseal_drw has 0 polygons
2026-08-10 16:36:23 +0200: Memory Usage (467588K) : substrate_drw has 19 polygons
2026-08-10 16:36:23 +0200: Memory Usage (467716K) : substrate_text has 0 polygons
2026-08-10 16:36:23 +0200: Memory Usage (467716K) : dfpad_drw has 0 polygons
2026-08-10 16:36:23 +0200: Memory Usage (467844K) : dfpad_pillar has 0 polygons
2026-08-10 16:36:23 +0200: Memory Usage (467844K) : dfpad_sbump has 0 polygons
2026-08-10 16:36:23 +0200: Memory Usage (467972K) : thickgateox_drw has 2 polygons
2026-08-10 16:36:23 +0200: Memory Usage (467972K) : pldb_drw has 0 polygons
2026-08-10 16:36:23 +0200: Memory Usage (468100K) : pwell_drw has 0 polygons
2026-08-10 16:36:23 +0200: Memory Usage (468100K) : pwell_pin has 0 polygons
2026-08-10 16:36:23 +0200: Memory Usage (468228K) : pwell_block has 0 polygons
2026-08-10 16:36:23 +0200: Memory Usage (468356K) : ic_drw has 0 polygons
2026-08-10 16:36:23 +0200: Memory Usage (468356K) : via3_drw has 2087 polygons
2026-08-10 16:36:23 +0200: Memory Usage (468484K) : metal4_drw has 8 polygons
2026-08-10 16:36:23 +0200: Memory Usage (468612K) : metal4_filler has 0 polygons
2026-08-10 16:36:23 +0200: Memory Usage (468612K) : metal4_slit has 0 polygons
2026-08-10 16:36:23 +0200: Memory Usage (468740K) : metal4 has 8 polygons
2026-08-10 16:36:23 +0200: Memory Usage (468740K) : metal4_pin has 8 polygons
2026-08-10 16:36:23 +0200: Memory Usage (468868K) : metal4_mask has 0 polygons
2026-08-10 16:36:23 +0200: Memory Usage (468868K) : metal4_nofill has 0 polygons
2026-08-10 16:36:23 +0200: Memory Usage (468996K) : metal4_text has 8 polygons
2026-08-10 16:36:23 +0200: Memory Usage (469124K) : metal4_OPC has 0 polygons
2026-08-10 16:36:23 +0200: Memory Usage (469124K) : metal4_noqrc has 0 polygons
2026-08-10 16:36:23 +0200: Memory Usage (469252K) : metal4_res has 0 polygons
2026-08-10 16:36:23 +0200: Memory Usage (469252K) : metal4_iprobe has 0 polygons
2026-08-10 16:36:23 +0200: Memory Usage (469380K) : metal4_diffprb has 0 polygons
2026-08-10 16:36:23 +0200: Memory Usage (469380K) : heattrans_drw has 0 polygons
2026-08-10 16:36:23 +0200: Memory Usage (469508K) : heatres_drw has 2 polygons
2026-08-10 16:36:23 +0200: Memory Usage (469508K) : fbe_drw has 0 polygons
2026-08-10 16:36:23 +0200: Memory Usage (469636K) : empoly_drw has 0 polygons
2026-08-10 16:36:23 +0200: Memory Usage (469636K) : digisub_drw has 0 polygons
2026-08-10 16:36:23 +0200: Memory Usage (469764K) : text_drw has 17 polygons
2026-08-10 16:36:23 +0200: Memory Usage (469764K) : via4_drw has 2371 polygons
2026-08-10 16:36:23 +0200: Memory Usage (470020K) : metal5_drw has 8 polygons
2026-08-10 16:36:23 +0200: Memory Usage (470020K) : metal5_filler has 0 polygons
2026-08-10 16:36:23 +0200: Memory Usage (470020K) : metal5_slit has 0 polygons
2026-08-10 16:36:23 +0200: Memory Usage (470020K) : metal5 has 8 polygons
2026-08-10 16:36:23 +0200: Memory Usage (470020K) : metal5_pin has 8 polygons
2026-08-10 16:36:23 +0200: Memory Usage (470020K) : metal5_mask has 0 polygons
2026-08-10 16:36:23 +0200: Memory Usage (470020K) : metal5_nofill has 0 polygons
2026-08-10 16:36:23 +0200: Memory Usage (470020K) : metal5_text has 8 polygons
2026-08-10 16:36:23 +0200: Memory Usage (470020K) : metal5_OPC has 0 polygons
2026-08-10 16:36:23 +0200: Memory Usage (470020K) : metal5_noqrc has 0 polygons
2026-08-10 16:36:23 +0200: Memory Usage (470020K) : metal5_res has 0 polygons
2026-08-10 16:36:23 +0200: Memory Usage (470020K) : metal5_iprobe has 0 polygons
2026-08-10 16:36:23 +0200: Memory Usage (470020K) : metal5_diffprb has 0 polygons
2026-08-10 16:36:23 +0200: Memory Usage (470020K) : radhard_drw has 0 polygons
2026-08-10 16:36:23 +0200: Memory Usage (470020K) : memcap_drw has 0 polygons
2026-08-10 16:36:23 +0200: Memory Usage (470020K) : varicap_drw has 0 polygons
2026-08-10 16:36:23 +0200: Memory Usage (470020K) : intbondvia_drw has 0 polygons
2026-08-10 16:36:23 +0200: Memory Usage (470020K) : intbondmet_drw has 0 polygons
2026-08-10 16:36:23 +0200: Memory Usage (470020K) : devbondvia_drw has 0 polygons
2026-08-10 16:36:23 +0200: Memory Usage (470020K) : devbondmet_drw has 0 polygons
2026-08-10 16:36:23 +0200: Memory Usage (470020K) : devtrench_drw has 0 polygons
2026-08-10 16:36:23 +0200: Memory Usage (470020K) : redist_drw has 0 polygons
2026-08-10 16:36:23 +0200: Memory Usage (470020K) : graphbot_drw has 0 polygons
2026-08-10 16:36:23 +0200: Memory Usage (470020K) : graphtop_drw has 0 polygons
2026-08-10 16:36:23 +0200: Memory Usage (470020K) : antvia1_drw has 0 polygons
2026-08-10 16:36:23 +0200: Memory Usage (470020K) : antmetal2_drw has 0 polygons
2026-08-10 16:36:23 +0200: Memory Usage (470020K) : graphcont_drw has 0 polygons
2026-08-10 16:36:23 +0200: Memory Usage (470020K) : siwg_drw has 0 polygons
2026-08-10 16:36:23 +0200: Memory Usage (470020K) : siwg_filler has 0 polygons
2026-08-10 16:36:23 +0200: Memory Usage (470020K) : siwg_nofill has 0 polygons
2026-08-10 16:36:23 +0200: Memory Usage (470020K) : sigrating_drw has 0 polygons
2026-08-10 16:36:23 +0200: Memory Usage (470020K) : singrating_drw has 0 polygons
2026-08-10 16:36:23 +0200: Memory Usage (470020K) : graphpas_drw has 0 polygons
2026-08-10 16:36:23 +0200: Memory Usage (470020K) : emwind3_drw has 0 polygons
2026-08-10 16:36:23 +0200: Memory Usage (470020K) : emwihv3_drw has 0 polygons
2026-08-10 16:36:23 +0200: Memory Usage (470020K) : redbulay_drw has 0 polygons
2026-08-10 16:36:23 +0200: Memory Usage (470020K) : smos_drw has 0 polygons
2026-08-10 16:36:23 +0200: Memory Usage (470020K) : graphpad_drw has 0 polygons
2026-08-10 16:36:23 +0200: Memory Usage (470020K) : polimide_drw has 0 polygons
2026-08-10 16:36:23 +0200: Memory Usage (470020K) : polimide_pin has 0 polygons
2026-08-10 16:36:23 +0200: Memory Usage (470020K) : recog_drw has 0 polygons
2026-08-10 16:36:23 +0200: Memory Usage (470020K) : recog_pin has 0 polygons
2026-08-10 16:36:23 +0200: Memory Usage (470020K) : recog_esd has 0 polygons
2026-08-10 16:36:23 +0200: Memory Usage (470020K) : recog_diode has 6 polygons
2026-08-10 16:36:23 +0200: Memory Usage (470020K) : recog_tsv has 0 polygons
2026-08-10 16:36:23 +0200: Memory Usage (470020K) : recog_iprobe has 0 polygons
2026-08-10 16:36:23 +0200: Memory Usage (470020K) : recog_diffprb has 0 polygons
2026-08-10 16:36:23 +0200: Memory Usage (470020K) : recog_pillar has 0 polygons
2026-08-10 16:36:23 +0200: Memory Usage (470020K) : recog_sbump has 0 polygons
2026-08-10 16:36:23 +0200: Memory Usage (470020K) : recog_otp has 0 polygons
2026-08-10 16:36:23 +0200: Memory Usage (470020K) : recog_pdiode has 0 polygons
2026-08-10 16:36:23 +0200: Memory Usage (470020K) : recog_mom has 0 polygons
2026-08-10 16:36:23 +0200: Memory Usage (470020K) : recog_pcm has 0 polygons
2026-08-10 16:36:23 +0200: Memory Usage (470020K) : colopen_drw has 0 polygons
2026-08-10 16:36:23 +0200: Memory Usage (470020K) : graphmetal1_drw has 0 polygons
2026-08-10 16:36:23 +0200: Memory Usage (470020K) : graphmetal1_filler has 0 polygons
2026-08-10 16:36:23 +0200: Memory Usage (470020K) : graphmetal1_nofill has 0 polygons
2026-08-10 16:36:23 +0200: Memory Usage (470020K) : graphmetal1_slit has 0 polygons
2026-08-10 16:36:23 +0200: Memory Usage (470020K) : graphmetal1_OPC has 0 polygons
2026-08-10 16:36:23 +0200: Memory Usage (470020K) : graphmet1l_drw has 0 polygons
2026-08-10 16:36:23 +0200: Memory Usage (470020K) : graphmet1l_filler has 0 polygons
2026-08-10 16:36:23 +0200: Memory Usage (470020K) : graphmet1l_nofill has 0 polygons
2026-08-10 16:36:23 +0200: Memory Usage (470020K) : graphmet1l_slit has 0 polygons
2026-08-10 16:36:23 +0200: Memory Usage (470020K) : graphmet1l_OPC has 0 polygons
2026-08-10 16:36:23 +0200: Memory Usage (470020K) : extblock_drw has 8 polygons
2026-08-10 16:36:23 +0200: Memory Usage (470020K) : nldd_drw has 0 polygons
2026-08-10 16:36:23 +0200: Memory Usage (470020K) : pldd_drw has 0 polygons
2026-08-10 16:36:23 +0200: Memory Usage (470020K) : next_drw has 0 polygons
2026-08-10 16:36:23 +0200: Memory Usage (470020K) : pext_drw has 0 polygons
2026-08-10 16:36:23 +0200: Memory Usage (470020K) : nexthv_drw has 0 polygons
2026-08-10 16:36:23 +0200: Memory Usage (470020K) : pexthv_drw has 0 polygons
2026-08-10 16:36:23 +0200: Memory Usage (470020K) : graphgate_drw has 0 polygons
2026-08-10 16:36:23 +0200: Memory Usage (470020K) : sinwg_drw has 0 polygons
2026-08-10 16:36:23 +0200: Memory Usage (470020K) : sinwg_filler has 0 polygons
2026-08-10 16:36:23 +0200: Memory Usage (470020K) : sinwg_nofill has 0 polygons
2026-08-10 16:36:24 +0200: Memory Usage (470020K) : mempad_drw has 0 polygons
2026-08-10 16:36:24 +0200: Memory Usage (470020K) : topvia1_drw has 2315 polygons
2026-08-10 16:36:24 +0200: Memory Usage (470020K) : topmetal1_drw has 8 polygons
2026-08-10 16:36:24 +0200: Memory Usage (470020K) : topmetal1_filler has 0 polygons
2026-08-10 16:36:24 +0200: Memory Usage (470020K) : topmetal1_slit has 0 polygons
2026-08-10 16:36:24 +0200: Memory Usage (470020K) : topmetal1 has 8 polygons
2026-08-10 16:36:24 +0200: Memory Usage (470020K) : topmetal1_pin has 10 polygons
2026-08-10 16:36:24 +0200: Memory Usage (470020K) : topmetal1_mask has 0 polygons
2026-08-10 16:36:24 +0200: Memory Usage (470020K) : topmetal1_nofill has 0 polygons
2026-08-10 16:36:24 +0200: Memory Usage (470020K) : topmetal1_text has 8 polygons
2026-08-10 16:36:24 +0200: Memory Usage (470020K) : topmetal1_noqrc has 0 polygons
2026-08-10 16:36:24 +0200: Memory Usage (470020K) : topmetal1_res has 0 polygons
2026-08-10 16:36:24 +0200: Memory Usage (470020K) : topmetal1_iprobe has 0 polygons
2026-08-10 16:36:24 +0200: Memory Usage (470020K) : topmetal1_diffprb has 0 polygons
2026-08-10 16:36:24 +0200: Memory Usage (470020K) : inldpwl_drw has 0 polygons
2026-08-10 16:36:24 +0200: Memory Usage (470020K) : polyres_drw has 3 polygons
2026-08-10 16:36:24 +0200: Memory Usage (470020K) : polyres_pin has 0 polygons
2026-08-10 16:36:24 +0200: Memory Usage (470020K) : vmim_drw has 0 polygons
2026-08-10 16:36:24 +0200: Memory Usage (470020K) : nbulaycut_drw has 0 polygons
2026-08-10 16:36:24 +0200: Memory Usage (470020K) : antmetal1_drw has 0 polygons
2026-08-10 16:36:24 +0200: Memory Usage (470020K) : topvia2_drw has 1593 polygons
2026-08-10 16:36:24 +0200: Memory Usage (470020K) : topmetal2_drw has 6 polygons
2026-08-10 16:36:24 +0200: Memory Usage (470020K) : topmetal2_filler has 0 polygons
2026-08-10 16:36:24 +0200: Memory Usage (470020K) : topmetal2_slit has 0 polygons
2026-08-10 16:36:24 +0200: Memory Usage (470020K) : topmetal2 has 6 polygons
2026-08-10 16:36:24 +0200: Memory Usage (470020K) : topmetal2_pin has 6 polygons
2026-08-10 16:36:24 +0200: Memory Usage (470020K) : topmetal2_mask has 0 polygons
2026-08-10 16:36:24 +0200: Memory Usage (470020K) : topmetal2_nofill has 0 polygons
2026-08-10 16:36:24 +0200: Memory Usage (470020K) : topmetal2_text has 6 polygons
2026-08-10 16:36:24 +0200: Memory Usage (470020K) : topmetal2_noqrc has 0 polygons
2026-08-10 16:36:24 +0200: Memory Usage (470020K) : topmetal2_res has 0 polygons
2026-08-10 16:36:24 +0200: Memory Usage (470020K) : topmetal2_iprobe has 0 polygons
2026-08-10 16:36:24 +0200: Memory Usage (470020K) : topmetal2_diffprb has 0 polygons
2026-08-10 16:36:24 +0200: Memory Usage (470020K) : snsring_drw has 0 polygons
2026-08-10 16:36:24 +0200: Memory Usage (470020K) : sensor_drw has 0 polygons
2026-08-10 16:36:24 +0200: Memory Usage (470020K) : snsarms_drw has 0 polygons
2026-08-10 16:36:24 +0200: Memory Usage (470020K) : snscmosvia_drw has 0 polygons
2026-08-10 16:36:24 +0200: Memory Usage (470020K) : colwind_drw has 0 polygons
2026-08-10 16:36:24 +0200: Memory Usage (470020K) : flm_drw has 0 polygons
2026-08-10 16:36:24 +0200: Memory Usage (470020K) : hafniumox_drw has 0 polygons
2026-08-10 16:36:24 +0200: Memory Usage (470020K) : memvia_drw has 0 polygons
2026-08-10 16:36:24 +0200: Memory Usage (470020K) : thinfilmres_drw has 0 polygons
2026-08-10 16:36:24 +0200: Memory Usage (470020K) : rfmem_drw has 0 polygons
2026-08-10 16:36:24 +0200: Memory Usage (470020K) : norcx_drw has 0 polygons
2026-08-10 16:36:24 +0200: Memory Usage (470020K) : norcx_m2m3 has 0 polygons
2026-08-10 16:36:24 +0200: Memory Usage (470020K) : norcx_m2m4 has 0 polygons
2026-08-10 16:36:24 +0200: Memory Usage (470020K) : norcx_m2m5 has 0 polygons
2026-08-10 16:36:24 +0200: Memory Usage (470020K) : norcx_m2tm1 has 0 polygons
2026-08-10 16:36:24 +0200: Memory Usage (470020K) : norcx_m2tm2 has 0 polygons
2026-08-10 16:36:24 +0200: Memory Usage (470020K) : norcx_m3m4 has 0 polygons
2026-08-10 16:36:24 +0200: Memory Usage (470020K) : norcx_m3m5 has 0 polygons
2026-08-10 16:36:24 +0200: Memory Usage (470020K) : norcx_m3tm1 has 0 polygons
2026-08-10 16:36:24 +0200: Memory Usage (470020K) : norcx_m3tm2 has 0 polygons
2026-08-10 16:36:24 +0200: Memory Usage (470020K) : norcx_m4m5 has 0 polygons
2026-08-10 16:36:24 +0200: Memory Usage (470020K) : norcx_m4tm1 has 0 polygons
2026-08-10 16:36:24 +0200: Memory Usage (470020K) : norcx_m4tm2 has 0 polygons
2026-08-10 16:36:24 +0200: Memory Usage (470020K) : norcx_m5tm1 has 0 polygons
2026-08-10 16:36:24 +0200: Memory Usage (470020K) : norcx_m5tm2 has 0 polygons
2026-08-10 16:36:24 +0200: Memory Usage (470020K) : norcx_tm1tm2 has 0 polygons
2026-08-10 16:36:24 +0200: Memory Usage (470020K) : norcx_m1sub has 0 polygons
2026-08-10 16:36:24 +0200: Memory Usage (470020K) : norcx_m2sub has 0 polygons
2026-08-10 16:36:24 +0200: Memory Usage (470020K) : norcx_m3sub has 0 polygons
2026-08-10 16:36:24 +0200: Memory Usage (470020K) : norcx_m4sub has 0 polygons
2026-08-10 16:36:24 +0200: Memory Usage (470020K) : norcx_m5sub has 0 polygons
2026-08-10 16:36:24 +0200: Memory Usage (470020K) : norcx_tm1sub has 0 polygons
2026-08-10 16:36:24 +0200: Memory Usage (470148K) : norcx_tm2sub has 0 polygons
2026-08-10 16:36:24 +0200: Memory Usage (470148K) : snsbotvia_drw has 0 polygons
2026-08-10 16:36:24 +0200: Memory Usage (470276K) : snstopvia_drw has 0 polygons
2026-08-10 16:36:24 +0200: Memory Usage (470276K) : deepvia_drw has 0 polygons
2026-08-10 16:36:24 +0200: Memory Usage (470404K) : fgetch_drw has 0 polygons
2026-08-10 16:36:24 +0200: Memory Usage (470404K) : ctrgat_drw has 0 polygons
2026-08-10 16:36:24 +0200: Memory Usage (470532K) : fgimp_drw has 0 polygons
2026-08-10 16:36:24 +0200: Memory Usage (470532K) : emwihv_drw has 0 polygons
2026-08-10 16:36:24 +0200: Memory Usage (470660K) : lbe_drw has 0 polygons
2026-08-10 16:36:24 +0200: Memory Usage (470788K) : alcustop_drw has 0 polygons
2026-08-10 16:36:24 +0200: Memory Usage (470788K) : nometfiller_drw has 0 polygons
2026-08-10 16:36:24 +0200: Memory Usage (470916K) : prboundary_drw has 0 polygons
2026-08-10 16:36:24 +0200: Memory Usage (470916K) : exchange0_drw has 0 polygons
2026-08-10 16:36:24 +0200: Memory Usage (471044K) : exchange0_pin has 0 polygons
2026-08-10 16:36:24 +0200: Memory Usage (471044K) : exchange0_text has 0 polygons
2026-08-10 16:36:24 +0200: Memory Usage (471172K) : exchange1_drw has 0 polygons
2026-08-10 16:36:24 +0200: Memory Usage (471172K) : exchange1_pin has 0 polygons
2026-08-10 16:36:24 +0200: Memory Usage (471300K) : exchange1_text has 0 polygons
2026-08-10 16:36:24 +0200: Memory Usage (471300K) : exchange2_drw has 0 polygons
2026-08-10 16:36:24 +0200: Memory Usage (471428K) : exchange2_pin has 0 polygons
2026-08-10 16:36:24 +0200: Memory Usage (471428K) : exchange2_text has 0 polygons
2026-08-10 16:36:24 +0200: Memory Usage (471556K) : exchange3_drw has 0 polygons
2026-08-10 16:36:24 +0200: Memory Usage (471556K) : exchange3_pin has 0 polygons
2026-08-10 16:36:24 +0200: Memory Usage (471684K) : exchange3_text has 0 polygons
2026-08-10 16:36:24 +0200: Memory Usage (471684K) : exchange4_drw has 0 polygons
2026-08-10 16:36:24 +0200: Memory Usage (471812K) : exchange4_pin has 0 polygons
2026-08-10 16:36:24 +0200: Memory Usage (471812K) : exchange4_text has 0 polygons
2026-08-10 16:36:24 +0200: Memory Usage (471940K) : isonwell_drw has 0 polygons
2026-08-10 16:36:24 +0200: Memory Usage (471940K) : Total no. of polygons in the design is 59406
2026-08-10 16:36:24 +0200: Memory Usage (471940K) : Starting base layers derivations
2026-08-10 16:36:24 +0200: Memory Usage (471940K) : Starting general LVS derivations
2026-08-10 16:36:24 +0200: Memory Usage (479236K) : Starting MOSFET DERIVATIONS
2026-08-10 16:36:24 +0200: Memory Usage (479492K) : Starting NMOS DERIVATIONS
2026-08-10 16:36:24 +0200: Memory Usage (479492K) : Starting PMOS DERIVATIONS
2026-08-10 16:36:24 +0200: Memory Usage (479492K) : Starting RF-MOSFET DERIVATIONS
2026-08-10 16:36:24 +0200: Memory Usage (479492K) : Starting RF-NMOS DERIVATIONS
2026-08-10 16:36:24 +0200: Memory Usage (479492K) : Starting RF-PMOS DERIVATIONS
2026-08-10 16:36:24 +0200: Memory Usage (479492K) : Starting BJT DERIVATIONS
2026-08-10 16:36:24 +0200: Memory Usage (479492K) : Starting NPN-BJT DERIVATIONS
2026-08-10 16:36:24 +0200: Memory Usage (479492K) : Starting PNP-BJT DERIVATIONS
2026-08-10 16:36:25 +0200: Memory Usage (479492K) : Starting DIODE DERIVATIONS
2026-08-10 16:36:25 +0200: Memory Usage (479992K) : Starting RESISTOR DERIVATIONS
2026-08-10 16:36:25 +0200: Memory Usage (480120K) : Starting CAP DERIVATIONS
2026-08-10 16:36:25 +0200: Memory Usage (480120K) : Starting CAP_CMOM DERIVATIONS
2026-08-10 16:36:25 +0200: Memory Usage (480120K) : Starting ESD DERIVATIONS
2026-08-10 16:36:26 +0200: Memory Usage (482936K) : Starting Inductor DERIVATIONS
2026-08-10 16:36:26 +0200: Memory Usage (482936K) : Starting Taps DERIVATIONS
2026-08-10 16:36:26 +0200: Memory Usage (482936K) : Starting SG13G2 LVS connectivity setup
2026-08-10 16:36:26 +0200: Memory Usage (482936K) : Starting SG13G2 LVS connectivity setup (Inter-layer)
2026-08-10 16:36:26 +0200: Memory Usage (483064K) : Starting SG13G2 LVS connectivity setup (Global)
2026-08-10 16:36:26 +0200: Memory Usage (483064K) : Starting LVS MOSFET CONNECTIONS
2026-08-10 16:36:26 +0200: Memory Usage (483064K) : Starting LVS RF-MOSFET CONNECTIONS
2026-08-10 16:36:26 +0200: Memory Usage (483064K) : Starting LVS BJT CONNECTIONS
2026-08-10 16:36:26 +0200: Memory Usage (483064K) : Starting LVS DIODE CONNECTIONS
2026-08-10 16:36:26 +0200: Memory Usage (483064K) : Starting RESISTOR CONNECTIONS
2026-08-10 16:36:26 +0200: Memory Usage (483064K) : Starting LVS CAP CONNECTIONS
2026-08-10 16:36:26 +0200: Memory Usage (483064K) : Starting CAP_CMOM CONNECTIONS
2026-08-10 16:36:26 +0200: Memory Usage (483064K) : Starting ESD CONNECTIONS
2026-08-10 16:36:26 +0200: Memory Usage (483064K) : Starting Inductor CONNECTIONS
2026-08-10 16:36:26 +0200: Memory Usage (483064K) : Starting LVS Taps CONNECTIONS
2026-08-10 16:36:26 +0200: Memory Usage (483064K) : Starting SG13G2 LVS DEVICES EXTRACTION
2026-08-10 16:36:26 +0200: Memory Usage (483064K) : Starting MOSFET EXTRACTION
2026-08-10 16:36:26 +0200: Memory Usage (483064K) : Starting NMOS EXTRACTION
2026-08-10 16:36:26 +0200: Memory Usage (483064K) : Extraction of NMOS-LV transistor
2026-08-10 16:36:26 +0200: Memory Usage (483064K) : Extraction of NMOS-HV transistor
2026-08-10 16:36:26 +0200: Memory Usage (483064K) : Starting PMOS EXTRACTION
2026-08-10 16:36:26 +0200: Memory Usage (483064K) : Extraction of PMOS-LV transistor
2026-08-10 16:36:26 +0200: Memory Usage (483064K) : Extraction of PMOS-HV transistor
2026-08-10 16:36:26 +0200: Memory Usage (483064K) : Starting RF-MOSFET EXTRACTION
2026-08-10 16:36:26 +0200: Memory Usage (483064K) : Extraction of RF-NMOS-LV transistor
2026-08-10 16:36:26 +0200: Memory Usage (483064K) : Extraction of RF-NMOS-HV transistor
2026-08-10 16:36:26 +0200: Memory Usage (483064K) : Extraction of RF-PMOS-LV transistor
2026-08-10 16:36:26 +0200: Memory Usage (483064K) : Extraction of RF-PMOS-HV transistor
2026-08-10 16:36:26 +0200: Memory Usage (483064K) : Starting BJT EXTRACTION
2026-08-10 16:36:26 +0200: Memory Usage (483064K) : Starting NPN-BJT EXTRACTION
2026-08-10 16:36:26 +0200: Memory Usage (483064K) : Extraction of npn13G2 BJT transistor
2026-08-10 16:36:26 +0200: Memory Usage (483064K) : Extraction of npn13G2L BJT transistor
2026-08-10 16:36:26 +0200: Memory Usage (483064K) : Extraction of npn13G2V BJT transistor
2026-08-10 16:36:26 +0200: Memory Usage (483064K) : Starting PNP-BJT EXTRACTION
2026-08-10 16:36:26 +0200: Memory Usage (483064K) : Extracting pnpMPA BJT
2026-08-10 16:36:26 +0200: Memory Usage (483064K) : Starting DIODE EXTRACTION
2026-08-10 16:36:26 +0200: Memory Usage (483064K) : Extracting dantenna diode
2026-08-10 16:36:26 +0200: Memory Usage (483064K) : Extracting dpantenna diode
2026-08-10 16:36:26 +0200: Memory Usage (483064K) : Extracting schottky_nbl1 diode
2026-08-10 16:36:26 +0200: Memory Usage (483064K) : Extracting isolbox diode
2026-08-10 16:36:26 +0200: Memory Usage (483064K) : Starting RESISTOR EXTRACTION
2026-08-10 16:36:26 +0200: Memory Usage (483064K) : Extracting rsil resistor
2026-08-10 16:36:26 +0200: Memory Usage (483064K) : Extracting rppd resistor
2026-08-10 16:36:26 +0200: Memory Usage (483192K) : Extracting rhigh resistor
2026-08-10 16:36:26 +0200: Memory Usage (483192K) : Extracting res_metal1 resistor
2026-08-10 16:36:26 +0200: Memory Usage (483192K) : Extracting res_metal2 resistor
2026-08-10 16:36:26 +0200: Memory Usage (483192K) : Extracting res_metal3 resistor
2026-08-10 16:36:26 +0200: Memory Usage (483192K) : Extracting res_metal4 resistor
2026-08-10 16:36:26 +0200: Memory Usage (483192K) : Extracting res_metal5 resistor
2026-08-10 16:36:26 +0200: Memory Usage (483192K) : Extracting res_topmetal1 resistor
2026-08-10 16:36:26 +0200: Memory Usage (483192K) : Extracting res_topmetal2 resistor
2026-08-10 16:36:26 +0200: Memory Usage (483192K) : Starting CAP EXTRACTION
2026-08-10 16:36:26 +0200: Memory Usage (483192K) : Extracting cap_cmim device
2026-08-10 16:36:26 +0200: Memory Usage (483192K) : Extracting rfcmim device
2026-08-10 16:36:26 +0200: Memory Usage (483192K) : Extracting sg13_hv_svaricap varactor
2026-08-10 16:36:26 +0200: Memory Usage (483192K) : Extracting cap_cmomi device
2026-08-10 16:36:26 +0200: Memory Usage (483192K) : Extracting sg13_moscap_n capacitor
2026-08-10 16:36:26 +0200: Memory Usage (483192K) : Extracting sg13_moscap_p capacitor
2026-08-10 16:36:26 +0200: Memory Usage (483192K) : Starting ESD EXTRACTION
2026-08-10 16:36:26 +0200: Memory Usage (483192K) : Extracting diodevdd_2kv ESD device
2026-08-10 16:36:26 +0200: Memory Usage (483192K) : Extracting diodevdd_4kv ESD device
2026-08-10 16:36:26 +0200: Memory Usage (483192K) : Extracting diodevss_2kv ESD device
2026-08-10 16:36:26 +0200: Memory Usage (483192K) : Extracting diodevss_4kv ESD device
2026-08-10 16:36:26 +0200: Memory Usage (483192K) : Extracting idiodevdd_2kv ESD device
2026-08-10 16:36:26 +0200: Memory Usage (483192K) : Extracting idiodevdd_4kv ESD device
2026-08-10 16:36:26 +0200: Memory Usage (483192K) : Extracting idiodevss_2kv ESD device
2026-08-10 16:36:26 +0200: Memory Usage (483192K) : Extracting idiodevss_4kv ESD device
2026-08-10 16:36:26 +0200: Memory Usage (483192K) : Extracting nmoscl_2 ESD device
2026-08-10 16:36:26 +0200: Memory Usage (483192K) : Extracting nmoscl_4 ESD device
2026-08-10 16:36:26 +0200: Memory Usage (483192K) : Starting Inductor EXTRACTION
2026-08-10 16:36:26 +0200: Memory Usage (483192K) : Extracting Inductor2 device
2026-08-10 16:36:26 +0200: Memory Usage (483192K) : Extracting Inductor3 device
2026-08-10 16:36:26 +0200: Memory Usage (483192K) : Starting Taps EXTRACTION
2026-08-10 16:36:26 +0200: Memory Usage (483192K) : Extracting ntap1 device
2026-08-10 16:36:26 +0200: Memory Usage (483192K) : Extracting ptap1 device
2026-08-10 16:36:26 +0200: Memory Usage (483192K) : Starting SG13G2 LVS RF MOS Model Mapping
2026-08-10 16:36:27 +0200: Memory Usage (500472K) : [layout_netlist] Apply RF MOS model mapping and rfmode parameter.
2026-08-10 16:36:27 +0200: Memory Usage (500472K) : Starting SG13G2 LVS Options Preparations
2026-08-10 16:36:27 +0200: Memory Usage (500472K) : SG13G2 LVS flow: extraction -> alignment -> option preparation -> comparison.
2026-08-10 16:36:27 +0200: Memory Usage (500472K) : Starting SG13G2 LVS Alignment
2026-08-10 16:36:27 +0200: Memory Usage (500472K) : Starting SG13G2 LVS Simplification
2026-08-10 16:36:27 +0200: Memory Usage (500472K) : [layout_netlist] simplify: ENABLED
2026-08-10 16:36:27 +0200: Memory Usage (500472K) : [layout_netlist] make_top_level_pins: SKIPPED
2026-08-10 16:36:27 +0200: Memory Usage (500472K) : [layout_netlist] combine_devices: ENABLED
2026-08-10 16:36:27 +0200: Memory Usage (500472K) : [layout_netlist] purge: SKIPPED
2026-08-10 16:36:27 +0200: Memory Usage (500472K) : [layout_netlist] purge_nets: SKIPPED
2026-08-10 16:36:27 +0200: Memory Usage (500472K) : [schematic_netlist] simplify: ENABLED
2026-08-10 16:36:27 +0200: Memory Usage (500472K) : [schematic_netlist] make_top_level_pins: SKIPPED
2026-08-10 16:36:27 +0200: Memory Usage (500472K) : [schematic_netlist] combine_devices: ENABLED
2026-08-10 16:36:27 +0200: Memory Usage (500472K) : [schematic_netlist] purge: SKIPPED
2026-08-10 16:36:27 +0200: Memory Usage (500472K) : [schematic_netlist] purge_nets: SKIPPED
2026-08-10 16:36:27 +0200: Memory Usage (500472K) : Starting SG13G2 LVS Comparison
2026-08-10 16:36:27 +0200: Memory Usage (500600K) : xxxxxxxxxxxxxxxxxxxxxxxxxxxxxxxxxxxxxxxxxx
2026-08-10 16:36:27 +0200: Memory Usage (500600K) : ERROR : Netlists don't match
2026-08-10 16:36:27 +0200: Memory Usage (500600K) : xxxxxxxxxxxxxxxxxxxxxxxxxxxxxxxxxxxxxxxxxx
2026-08-10 16:36:27 +0200: Memory Usage (500600K) : LVS Total Run time 3.726290 seconds
