# Logfile created on 2026-08-10 17:36:39 +0200 by logger.rb/v1.5.3
2026-08-10 17:36:39 +0200: Memory Usage (455572K) : Starting running SG13G2 Klayout LVS runset on /foss/designs/ihp-open-pdk-regression/IOPADS/layout/sg13g2_IOPadTriOut4mA.gds
2026-08-10 17:36:39 +0200: Memory Usage (455572K) : Ruby Version for klayout: 3.2.3
2026-08-10 17:36:39 +0200: Memory Usage (457236K) : Loading database to memory is complete.
2026-08-10 17:36:39 +0200: Memory Usage (457236K) : SG13G2 Klayout LVS runset output at: /foss/designs/ihp-open-pdk-regression/IOPADS/lvs_sweep/20260810_173421/sg13g2_IOPadTriOut4mA/sg13g2_IOPadTriOut4mA.lvsdb
2026-08-10 17:36:39 +0200: Memory Usage (457236K) : Evaluate switches.
2026-08-10 17:36:39 +0200: Memory Usage (457236K) : Extracted netlist with net names: true
2026-08-10 17:36:39 +0200: Memory Usage (457236K) : Extracted netlist with comments in details: false
2026-08-10 17:36:39 +0200: Memory Usage (457236K) : Selected NET_ONLY option: false
2026-08-10 17:36:39 +0200: Memory Usage (457236K) : Selected LAYOUT_NETLIST option: (none)
2026-08-10 17:36:39 +0200: Memory Usage (457236K) : Selected IGNORE_TOP_PORTS_MISMATCH option: true
2026-08-10 17:36:39 +0200: Memory Usage (457236K) : Selected IMPLICIT_NETS option: iovss,iovdd,vss,vdd,pad,cathode,anode
2026-08-10 17:36:39 +0200: Memory Usage (457236K) : Selected TOP_LVL_PINS option: false
2026-08-10 17:36:39 +0200: Memory Usage (457236K) : Selected COMBINE DEVICES option: true
2026-08-10 17:36:39 +0200: Memory Usage (457236K) : Selected PURGE option: false
2026-08-10 17:36:39 +0200: Memory Usage (457236K) : Selected PURGE_NETS option: false
2026-08-10 17:36:39 +0200: Memory Usage (457236K) : Selected SIMPLIFY option: true
2026-08-10 17:36:39 +0200: Memory Usage (457236K) : Selected SERIES_RES option: true
2026-08-10 17:36:39 +0200: Memory Usage (457236K) : Selected PARALLEL_RES option: true
2026-08-10 17:36:39 +0200: Memory Usage (457236K) : Selected DISABLE_TAP_EXTRACTION option: false
2026-08-10 17:36:39 +0200: Memory Usage (457236K) : deep  mode is enabled.
2026-08-10 17:36:39 +0200: Memory Usage (457236K) : Applying implicit connections (case-sensitive, pattern supported) for nets: iovss, iovdd, vss, vdd, pad, cathode, anode
2026-08-10 17:36:39 +0200: Memory Usage (458644K) : Netlist file: /foss/designs/ihp-open-pdk-regression/IOPADS/netlist/pads_sub/sg13g2_IOPadTriOut4mA.spi
2026-08-10 17:36:39 +0200: Memory Usage (458644K) : LVS extracted netlist at: /foss/designs/ihp-open-pdk-regression/IOPADS/lvs_sweep/20260810_173421/sg13g2_IOPadTriOut4mA/sg13g2_IOPadTriOut4mA_extracted.cir
2026-08-10 17:36:39 +0200: Memory Usage (458644K) : Applying SRAM integration support.
2026-08-10 17:36:39 +0200: Memory Usage (458644K) : Starting SG13G2 LVS runset
2026-08-10 17:36:39 +0200: Memory Usage (458644K) : Read in polygons from layers.
2026-08-10 17:36:39 +0200: Memory Usage (460052K) : activ_drw has 95 polygons
2026-08-10 17:36:39 +0200: Memory Usage (460052K) : activ_filler has 0 polygons
2026-08-10 17:36:39 +0200: Memory Usage (460180K) : activ has 95 polygons
2026-08-10 17:36:39 +0200: Memory Usage (460180K) : activ_pin has 0 polygons
2026-08-10 17:36:39 +0200: Memory Usage (460180K) : activ_mask has 0 polygons
2026-08-10 17:36:39 +0200: Memory Usage (460180K) : activ_nofill has 0 polygons
2026-08-10 17:36:39 +0200: Memory Usage (460180K) : activ_OPC has 0 polygons
2026-08-10 17:36:39 +0200: Memory Usage (460180K) : activ_iOPC has 0 polygons
2026-08-10 17:36:39 +0200: Memory Usage (460180K) : activ_noqrc has 0 polygons
2026-08-10 17:36:39 +0200: Memory Usage (460308K) : biwind_drw has 0 polygons
2026-08-10 17:36:39 +0200: Memory Usage (460436K) : biwind_OPC has 0 polygons
2026-08-10 17:36:39 +0200: Memory Usage (460436K) : gatpoly_drw has 35 polygons
2026-08-10 17:36:39 +0200: Memory Usage (460564K) : gatpoly_filler has 0 polygons
2026-08-10 17:36:39 +0200: Memory Usage (460564K) : gatpoly has 35 polygons
2026-08-10 17:36:39 +0200: Memory Usage (460692K) : gatpoly_pin has 0 polygons
2026-08-10 17:36:39 +0200: Memory Usage (461076K) : gatpoly_nofill has 0 polygons
2026-08-10 17:36:39 +0200: Memory Usage (461076K) : gatpoly_OPC has 0 polygons
2026-08-10 17:36:39 +0200: Memory Usage (461076K) : gatpoly_iOPC has 0 polygons
2026-08-10 17:36:39 +0200: Memory Usage (461204K) : gatpoly_noqrc has 0 polygons
2026-08-10 17:36:39 +0200: Memory Usage (462356K) : cont_drw has 45760 polygons
2026-08-10 17:36:39 +0200: Memory Usage (462356K) : cont_OPC has 0 polygons
2026-08-10 17:36:39 +0200: Memory Usage (462356K) : nsd_drw has 0 polygons
2026-08-10 17:36:39 +0200: Memory Usage (462356K) : nsd_block has 0 polygons
2026-08-10 17:36:39 +0200: Memory Usage (462356K) : metal1_drw has 189 polygons
2026-08-10 17:36:39 +0200: Memory Usage (462356K) : metal1_filler has 0 polygons
2026-08-10 17:36:39 +0200: Memory Usage (462356K) : metal1_slit has 0 polygons
2026-08-10 17:36:39 +0200: Memory Usage (462868K) : metal1 has 189 polygons
2026-08-10 17:36:39 +0200: Memory Usage (462868K) : metal1_pin has 43 polygons
2026-08-10 17:36:39 +0200: Memory Usage (462868K) : metal1_mask has 0 polygons
2026-08-10 17:36:39 +0200: Memory Usage (462868K) : metal1_nofill has 0 polygons
2026-08-10 17:36:39 +0200: Memory Usage (462996K) : metal1_text has 42 polygons
2026-08-10 17:36:39 +0200: Memory Usage (462996K) : metal1_OPC has 0 polygons
2026-08-10 17:36:39 +0200: Memory Usage (462996K) : metal1_noqrc has 0 polygons
2026-08-10 17:36:39 +0200: Memory Usage (463124K) : metal1_res has 0 polygons
2026-08-10 17:36:39 +0200: Memory Usage (463124K) : metal1_iprobe has 0 polygons
2026-08-10 17:36:39 +0200: Memory Usage (463252K) : metal1_diffprb has 0 polygons
2026-08-10 17:36:39 +0200: Memory Usage (463380K) : passiv_drw has 0 polygons
2026-08-10 17:36:39 +0200: Memory Usage (463380K) : passiv_pin has 0 polygons
2026-08-10 17:36:39 +0200: Memory Usage (463508K) : passiv_sbump has 0 polygons
2026-08-10 17:36:39 +0200: Memory Usage (463508K) : passiv_pillar has 0 polygons
2026-08-10 17:36:39 +0200: Memory Usage (463636K) : passiv_pdl has 0 polygons
2026-08-10 17:36:39 +0200: Memory Usage (463636K) : metal2_drw has 50 polygons
2026-08-10 17:36:39 +0200: Memory Usage (463764K) : metal2_filler has 0 polygons
2026-08-10 17:36:39 +0200: Memory Usage (463764K) : metal2_slit has 0 polygons
2026-08-10 17:36:39 +0200: Memory Usage (463892K) : metal2 has 50 polygons
2026-08-10 17:36:39 +0200: Memory Usage (464020K) : metal2_pin has 15 polygons
2026-08-10 17:36:39 +0200: Memory Usage (464020K) : metal2_mask has 0 polygons
2026-08-10 17:36:39 +0200: Memory Usage (464148K) : metal2_nofill has 0 polygons
2026-08-10 17:36:39 +0200: Memory Usage (464148K) : metal2_text has 15 polygons
2026-08-10 17:36:39 +0200: Memory Usage (464276K) : metal2_OPC has 0 polygons
2026-08-10 17:36:39 +0200: Memory Usage (464276K) : metal2_noqrc has 0 polygons
2026-08-10 17:36:39 +0200: Memory Usage (464404K) : metal2_res has 0 polygons
2026-08-10 17:36:39 +0200: Memory Usage (464404K) : metal2_iprobe has 0 polygons
2026-08-10 17:36:39 +0200: Memory Usage (464532K) : metal2_diffprb has 0 polygons
2026-08-10 17:36:39 +0200: Memory Usage (464660K) : baspoly_drw has 0 polygons
2026-08-10 17:36:39 +0200: Memory Usage (464660K) : baspoly_pin has 0 polygons
2026-08-10 17:36:39 +0200: Memory Usage (464788K) : psd_drw has 38 polygons
2026-08-10 17:36:39 +0200: Memory Usage (464916K) : nldb_drw has 0 polygons
2026-08-10 17:36:39 +0200: Memory Usage (464916K) : digibnd_drw has 0 polygons
2026-08-10 17:36:39 +0200: Memory Usage (464916K) : via1_drw has 1536 polygons
2026-08-10 17:36:39 +0200: Memory Usage (465044K) : backmetal1_drw has 0 polygons
2026-08-10 17:36:39 +0200: Memory Usage (465044K) : backmetal1_pin has 0 polygons
2026-08-10 17:36:39 +0200: Memory Usage (465044K) : backmetal1_mask has 0 polygons
2026-08-10 17:36:39 +0200: Memory Usage (465172K) : backmetal1_filler has 0 polygons
2026-08-10 17:36:39 +0200: Memory Usage (465172K) : backmetal1_nofill has 0 polygons
2026-08-10 17:36:39 +0200: Memory Usage (465172K) : backmetal1_slit has 0 polygons
2026-08-10 17:36:39 +0200: Memory Usage (465300K) : backmetal1_text has 0 polygons
2026-08-10 17:36:39 +0200: Memory Usage (465300K) : backmetal1_OPC has 0 polygons
2026-08-10 17:36:39 +0200: Memory Usage (465300K) : backmetal1_noqrc has 0 polygons
2026-08-10 17:36:39 +0200: Memory Usage (465300K) : backmetal1_res has 0 polygons
2026-08-10 17:36:39 +0200: Memory Usage (465428K) : backmetal1_iprobe has 0 polygons
2026-08-10 17:36:39 +0200: Memory Usage (465428K) : backmetal1_diffprb has 0 polygons
2026-08-10 17:36:39 +0200: Memory Usage (465428K) : backpassiv_drw has 0 polygons
2026-08-10 17:36:39 +0200: Memory Usage (465428K) : res_drw has 0 polygons
2026-08-10 17:36:39 +0200: Memory Usage (465428K) : sram_drw has 0 polygons
2026-08-10 17:36:39 +0200: Memory Usage (465428K) : trans_drw has 0 polygons
2026-08-10 17:36:39 +0200: Memory Usage (465428K) : ind_drw has 0 polygons
2026-08-10 17:36:39 +0200: Memory Usage (465428K) : ind_pin has 0 polygons
2026-08-10 17:36:39 +0200: Memory Usage (465428K) : ind_text has 0 polygons
2026-08-10 17:36:39 +0200: Memory Usage (465428K) : salblock_drw has 0 polygons
2026-08-10 17:36:39 +0200: Memory Usage (465428K) : via2_drw has 1228 polygons
2026-08-10 17:36:39 +0200: Memory Usage (465428K) : metal3_drw has 14 polygons
2026-08-10 17:36:39 +0200: Memory Usage (465428K) : metal3_filler has 0 polygons
2026-08-10 17:36:39 +0200: Memory Usage (465428K) : metal3_slit has 0 polygons
2026-08-10 17:36:39 +0200: Memory Usage (465428K) : metal3 has 14 polygons
2026-08-10 17:36:39 +0200: Memory Usage (465428K) : metal3_pin has 10 polygons
2026-08-10 17:36:39 +0200: Memory Usage (465428K) : metal3_mask has 0 polygons
2026-08-10 17:36:39 +0200: Memory Usage (465428K) : metal3_nofill has 0 polygons
2026-08-10 17:36:39 +0200: Memory Usage (465428K) : metal3_text has 10 polygons
2026-08-10 17:36:39 +0200: Memory Usage (465428K) : metal3_OPC has 0 polygons
2026-08-10 17:36:39 +0200: Memory Usage (465428K) : metal3_noqrc has 0 polygons
2026-08-10 17:36:39 +0200: Memory Usage (465428K) : metal3_res has 0 polygons
2026-08-10 17:36:39 +0200: Memory Usage (465428K) : metal3_iprobe has 0 polygons
2026-08-10 17:36:39 +0200: Memory Usage (465428K) : metal3_diffprb has 0 polygons
2026-08-10 17:36:39 +0200: Memory Usage (465428K) : nwell_drw has 25 polygons
2026-08-10 17:36:39 +0200: Memory Usage (465428K) : nwell_pin has 0 polygons
2026-08-10 17:36:39 +0200: Memory Usage (465428K) : nwell_text has 0 polygons
2026-08-10 17:36:39 +0200: Memory Usage (465428K) : nbulay_drw has 0 polygons
2026-08-10 17:36:39 +0200: Memory Usage (465428K) : nbulay_pin has 0 polygons
2026-08-10 17:36:39 +0200: Memory Usage (465428K) : nbulay_block has 0 polygons
2026-08-10 17:36:39 +0200: Memory Usage (465428K) : emwind_drw has 0 polygons
2026-08-10 17:36:39 +0200: Memory Usage (465428K) : emwind_OPC has 0 polygons
2026-08-10 17:36:39 +0200: Memory Usage (465428K) : deepco_drw has 0 polygons
2026-08-10 17:36:39 +0200: Memory Usage (465428K) : mim_drw has 0 polygons
2026-08-10 17:36:39 +0200: Memory Usage (465428K) : edgeseal_drw has 0 polygons
2026-08-10 17:36:39 +0200: Memory Usage (465428K) : substrate_drw has 23 polygons
2026-08-10 17:36:39 +0200: Memory Usage (465428K) : substrate_text has 0 polygons
2026-08-10 17:36:39 +0200: Memory Usage (465428K) : dfpad_drw has 0 polygons
2026-08-10 17:36:39 +0200: Memory Usage (465428K) : dfpad_pillar has 0 polygons
2026-08-10 17:36:39 +0200: Memory Usage (465428K) : dfpad_sbump has 0 polygons
2026-08-10 17:36:39 +0200: Memory Usage (465428K) : thickgateox_drw has 4 polygons
2026-08-10 17:36:39 +0200: Memory Usage (465428K) : pldb_drw has 0 polygons
2026-08-10 17:36:39 +0200: Memory Usage (465428K) : pwell_drw has 0 polygons
2026-08-10 17:36:40 +0200: Memory Usage (465428K) : pwell_pin has 0 polygons
2026-08-10 17:36:40 +0200: Memory Usage (465428K) : pwell_block has 0 polygons
2026-08-10 17:36:40 +0200: Memory Usage (465428K) : ic_drw has 0 polygons
2026-08-10 17:36:40 +0200: Memory Usage (465428K) : via3_drw has 2087 polygons
2026-08-10 17:36:40 +0200: Memory Usage (465428K) : metal4_drw has 8 polygons
2026-08-10 17:36:40 +0200: Memory Usage (465428K) : metal4_filler has 0 polygons
2026-08-10 17:36:40 +0200: Memory Usage (465428K) : metal4_slit has 0 polygons
2026-08-10 17:36:40 +0200: Memory Usage (465428K) : metal4 has 8 polygons
2026-08-10 17:36:40 +0200: Memory Usage (465428K) : metal4_pin has 8 polygons
2026-08-10 17:36:40 +0200: Memory Usage (465428K) : metal4_mask has 0 polygons
2026-08-10 17:36:40 +0200: Memory Usage (465428K) : metal4_nofill has 0 polygons
2026-08-10 17:36:40 +0200: Memory Usage (465428K) : metal4_text has 8 polygons
2026-08-10 17:36:40 +0200: Memory Usage (465428K) : metal4_OPC has 0 polygons
2026-08-10 17:36:40 +0200: Memory Usage (465428K) : metal4_noqrc has 0 polygons
2026-08-10 17:36:40 +0200: Memory Usage (465428K) : metal4_res has 0 polygons
2026-08-10 17:36:40 +0200: Memory Usage (465428K) : metal4_iprobe has 0 polygons
2026-08-10 17:36:40 +0200: Memory Usage (465428K) : metal4_diffprb has 0 polygons
2026-08-10 17:36:40 +0200: Memory Usage (465428K) : heattrans_drw has 0 polygons
2026-08-10 17:36:40 +0200: Memory Usage (465428K) : heatres_drw has 0 polygons
2026-08-10 17:36:40 +0200: Memory Usage (465428K) : fbe_drw has 0 polygons
2026-08-10 17:36:40 +0200: Memory Usage (465428K) : empoly_drw has 0 polygons
2026-08-10 17:36:40 +0200: Memory Usage (465428K) : digisub_drw has 0 polygons
2026-08-10 17:36:40 +0200: Memory Usage (465428K) : text_drw has 17 polygons
2026-08-10 17:36:40 +0200: Memory Usage (465428K) : via4_drw has 2371 polygons
2026-08-10 17:36:40 +0200: Memory Usage (465428K) : metal5_drw has 8 polygons
2026-08-10 17:36:40 +0200: Memory Usage (465428K) : metal5_filler has 0 polygons
2026-08-10 17:36:40 +0200: Memory Usage (465428K) : metal5_slit has 0 polygons
2026-08-10 17:36:40 +0200: Memory Usage (465428K) : metal5 has 8 polygons
2026-08-10 17:36:40 +0200: Memory Usage (465428K) : metal5_pin has 8 polygons
2026-08-10 17:36:40 +0200: Memory Usage (465556K) : metal5_mask has 0 polygons
2026-08-10 17:36:40 +0200: Memory Usage (465556K) : metal5_nofill has 0 polygons
2026-08-10 17:36:40 +0200: Memory Usage (465684K) : metal5_text has 8 polygons
2026-08-10 17:36:40 +0200: Memory Usage (465684K) : metal5_OPC has 0 polygons
2026-08-10 17:36:40 +0200: Memory Usage (465684K) : metal5_noqrc has 0 polygons
2026-08-10 17:36:40 +0200: Memory Usage (465684K) : metal5_res has 0 polygons
2026-08-10 17:36:40 +0200: Memory Usage (465812K) : metal5_iprobe has 0 polygons
2026-08-10 17:36:40 +0200: Memory Usage (465812K) : metal5_diffprb has 0 polygons
2026-08-10 17:36:40 +0200: Memory Usage (465940K) : radhard_drw has 0 polygons
2026-08-10 17:36:40 +0200: Memory Usage (465940K) : memcap_drw has 0 polygons
2026-08-10 17:36:40 +0200: Memory Usage (465940K) : varicap_drw has 0 polygons
2026-08-10 17:36:40 +0200: Memory Usage (466068K) : intbondvia_drw has 0 polygons
2026-08-10 17:36:40 +0200: Memory Usage (466068K) : intbondmet_drw has 0 polygons
2026-08-10 17:36:40 +0200: Memory Usage (466196K) : devbondvia_drw has 0 polygons
2026-08-10 17:36:40 +0200: Memory Usage (466196K) : devbondmet_drw has 0 polygons
2026-08-10 17:36:40 +0200: Memory Usage (466324K) : devtrench_drw has 0 polygons
2026-08-10 17:36:40 +0200: Memory Usage (466324K) : redist_drw has 0 polygons
2026-08-10 17:36:40 +0200: Memory Usage (466452K) : graphbot_drw has 0 polygons
2026-08-10 17:36:40 +0200: Memory Usage (466452K) : graphtop_drw has 0 polygons
2026-08-10 17:36:40 +0200: Memory Usage (466452K) : antvia1_drw has 0 polygons
2026-08-10 17:36:40 +0200: Memory Usage (466580K) : antmetal2_drw has 0 polygons
2026-08-10 17:36:40 +0200: Memory Usage (466580K) : graphcont_drw has 0 polygons
2026-08-10 17:36:40 +0200: Memory Usage (466708K) : siwg_drw has 0 polygons
2026-08-10 17:36:40 +0200: Memory Usage (466708K) : siwg_filler has 0 polygons
2026-08-10 17:36:40 +0200: Memory Usage (466836K) : siwg_nofill has 0 polygons
2026-08-10 17:36:40 +0200: Memory Usage (466836K) : sigrating_drw has 0 polygons
2026-08-10 17:36:40 +0200: Memory Usage (466836K) : singrating_drw has 0 polygons
2026-08-10 17:36:40 +0200: Memory Usage (466836K) : graphpas_drw has 0 polygons
2026-08-10 17:36:40 +0200: Memory Usage (466836K) : emwind3_drw has 0 polygons
2026-08-10 17:36:40 +0200: Memory Usage (466836K) : emwihv3_drw has 0 polygons
2026-08-10 17:36:40 +0200: Memory Usage (466836K) : redbulay_drw has 0 polygons
2026-08-10 17:36:40 +0200: Memory Usage (466836K) : smos_drw has 0 polygons
2026-08-10 17:36:40 +0200: Memory Usage (466836K) : graphpad_drw has 0 polygons
2026-08-10 17:36:40 +0200: Memory Usage (466836K) : polimide_drw has 0 polygons
2026-08-10 17:36:40 +0200: Memory Usage (466836K) : polimide_pin has 0 polygons
2026-08-10 17:36:40 +0200: Memory Usage (466836K) : recog_drw has 0 polygons
2026-08-10 17:36:40 +0200: Memory Usage (466836K) : recog_pin has 0 polygons
2026-08-10 17:36:40 +0200: Memory Usage (466836K) : recog_esd has 0 polygons
2026-08-10 17:36:40 +0200: Memory Usage (466836K) : recog_diode has 6 polygons
2026-08-10 17:36:40 +0200: Memory Usage (466836K) : recog_tsv has 0 polygons
2026-08-10 17:36:40 +0200: Memory Usage (466836K) : recog_iprobe has 0 polygons
2026-08-10 17:36:40 +0200: Memory Usage (466836K) : recog_diffprb has 0 polygons
2026-08-10 17:36:40 +0200: Memory Usage (466836K) : recog_pillar has 0 polygons
2026-08-10 17:36:40 +0200: Memory Usage (466836K) : recog_sbump has 0 polygons
2026-08-10 17:36:40 +0200: Memory Usage (466836K) : recog_otp has 0 polygons
2026-08-10 17:36:40 +0200: Memory Usage (466836K) : recog_pdiode has 0 polygons
2026-08-10 17:36:40 +0200: Memory Usage (466836K) : recog_mom has 0 polygons
2026-08-10 17:36:40 +0200: Memory Usage (466836K) : recog_pcm has 0 polygons
2026-08-10 17:36:40 +0200: Memory Usage (466836K) : colopen_drw has 0 polygons
2026-08-10 17:36:40 +0200: Memory Usage (466836K) : graphmetal1_drw has 0 polygons
2026-08-10 17:36:40 +0200: Memory Usage (466836K) : graphmetal1_filler has 0 polygons
2026-08-10 17:36:40 +0200: Memory Usage (466836K) : graphmetal1_nofill has 0 polygons
2026-08-10 17:36:40 +0200: Memory Usage (466836K) : graphmetal1_slit has 0 polygons
2026-08-10 17:36:40 +0200: Memory Usage (466836K) : graphmetal1_OPC has 0 polygons
2026-08-10 17:36:40 +0200: Memory Usage (466836K) : graphmet1l_drw has 0 polygons
2026-08-10 17:36:40 +0200: Memory Usage (466836K) : graphmet1l_filler has 0 polygons
2026-08-10 17:36:40 +0200: Memory Usage (466836K) : graphmet1l_nofill has 0 polygons
2026-08-10 17:36:40 +0200: Memory Usage (466836K) : graphmet1l_slit has 0 polygons
2026-08-10 17:36:40 +0200: Memory Usage (466836K) : graphmet1l_OPC has 0 polygons
2026-08-10 17:36:40 +0200: Memory Usage (466836K) : extblock_drw has 0 polygons
2026-08-10 17:36:40 +0200: Memory Usage (466836K) : nldd_drw has 0 polygons
2026-08-10 17:36:40 +0200: Memory Usage (466836K) : pldd_drw has 0 polygons
2026-08-10 17:36:40 +0200: Memory Usage (466836K) : next_drw has 0 polygons
2026-08-10 17:36:40 +0200: Memory Usage (466836K) : pext_drw has 0 polygons
2026-08-10 17:36:40 +0200: Memory Usage (466836K) : nexthv_drw has 0 polygons
2026-08-10 17:36:40 +0200: Memory Usage (466836K) : pexthv_drw has 0 polygons
2026-08-10 17:36:40 +0200: Memory Usage (466836K) : graphgate_drw has 0 polygons
2026-08-10 17:36:40 +0200: Memory Usage (466836K) : sinwg_drw has 0 polygons
2026-08-10 17:36:40 +0200: Memory Usage (466836K) : sinwg_filler has 0 polygons
2026-08-10 17:36:40 +0200: Memory Usage (466836K) : sinwg_nofill has 0 polygons
2026-08-10 17:36:40 +0200: Memory Usage (466836K) : mempad_drw has 0 polygons
2026-08-10 17:36:40 +0200: Memory Usage (466836K) : topvia1_drw has 2315 polygons
2026-08-10 17:36:40 +0200: Memory Usage (466836K) : topmetal1_drw has 8 polygons
2026-08-10 17:36:40 +0200: Memory Usage (466836K) : topmetal1_filler has 0 polygons
2026-08-10 17:36:40 +0200: Memory Usage (466836K) : topmetal1_slit has 0 polygons
2026-08-10 17:36:40 +0200: Memory Usage (466836K) : topmetal1 has 8 polygons
2026-08-10 17:36:40 +0200: Memory Usage (466836K) : topmetal1_pin has 8 polygons
2026-08-10 17:36:40 +0200: Memory Usage (466836K) : topmetal1_mask has 0 polygons
2026-08-10 17:36:40 +0200: Memory Usage (466836K) : topmetal1_nofill has 0 polygons
2026-08-10 17:36:40 +0200: Memory Usage (466836K) : topmetal1_text has 8 polygons
2026-08-10 17:36:40 +0200: Memory Usage (466836K) : topmetal1_noqrc has 0 polygons
2026-08-10 17:36:40 +0200: Memory Usage (466836K) : topmetal1_res has 0 polygons
2026-08-10 17:36:40 +0200: Memory Usage (466836K) : topmetal1_iprobe has 0 polygons
2026-08-10 17:36:40 +0200: Memory Usage (466836K) : topmetal1_diffprb has 0 polygons
2026-08-10 17:36:40 +0200: Memory Usage (466836K) : inldpwl_drw has 0 polygons
2026-08-10 17:36:40 +0200: Memory Usage (466836K) : polyres_drw has 0 polygons
2026-08-10 17:36:40 +0200: Memory Usage (466836K) : polyres_pin has 0 polygons
2026-08-10 17:36:40 +0200: Memory Usage (466836K) : vmim_drw has 0 polygons
2026-08-10 17:36:40 +0200: Memory Usage (466836K) : nbulaycut_drw has 0 polygons
2026-08-10 17:36:40 +0200: Memory Usage (466836K) : antmetal1_drw has 0 polygons
2026-08-10 17:36:40 +0200: Memory Usage (466836K) : topvia2_drw has 1593 polygons
2026-08-10 17:36:40 +0200: Memory Usage (466836K) : topmetal2_drw has 6 polygons
2026-08-10 17:36:40 +0200: Memory Usage (466836K) : topmetal2_filler has 0 polygons
2026-08-10 17:36:40 +0200: Memory Usage (466836K) : topmetal2_slit has 0 polygons
2026-08-10 17:36:40 +0200: Memory Usage (466836K) : topmetal2 has 6 polygons
2026-08-10 17:36:40 +0200: Memory Usage (466836K) : topmetal2_pin has 6 polygons
2026-08-10 17:36:40 +0200: Memory Usage (466836K) : topmetal2_mask has 0 polygons
2026-08-10 17:36:40 +0200: Memory Usage (466836K) : topmetal2_nofill has 0 polygons
2026-08-10 17:36:40 +0200: Memory Usage (466836K) : topmetal2_text has 6 polygons
2026-08-10 17:36:40 +0200: Memory Usage (466836K) : topmetal2_noqrc has 0 polygons
2026-08-10 17:36:40 +0200: Memory Usage (466836K) : topmetal2_res has 0 polygons
2026-08-10 17:36:40 +0200: Memory Usage (466836K) : topmetal2_iprobe has 0 polygons
2026-08-10 17:36:40 +0200: Memory Usage (466836K) : topmetal2_diffprb has 0 polygons
2026-08-10 17:36:40 +0200: Memory Usage (466836K) : snsring_drw has 0 polygons
2026-08-10 17:36:40 +0200: Memory Usage (466836K) : sensor_drw has 0 polygons
2026-08-10 17:36:40 +0200: Memory Usage (466836K) : snsarms_drw has 0 polygons
2026-08-10 17:36:40 +0200: Memory Usage (466836K) : snscmosvia_drw has 0 polygons
2026-08-10 17:36:40 +0200: Memory Usage (466836K) : colwind_drw has 0 polygons
2026-08-10 17:36:40 +0200: Memory Usage (466836K) : flm_drw has 0 polygons
2026-08-10 17:36:40 +0200: Memory Usage (466836K) : hafniumox_drw has 0 polygons
2026-08-10 17:36:40 +0200: Memory Usage (466836K) : memvia_drw has 0 polygons
2026-08-10 17:36:40 +0200: Memory Usage (466836K) : thinfilmres_drw has 0 polygons
2026-08-10 17:36:40 +0200: Memory Usage (466836K) : rfmem_drw has 0 polygons
2026-08-10 17:36:40 +0200: Memory Usage (466836K) : norcx_drw has 0 polygons
2026-08-10 17:36:40 +0200: Memory Usage (466836K) : norcx_m2m3 has 0 polygons
2026-08-10 17:36:40 +0200: Memory Usage (466964K) : norcx_m2m4 has 0 polygons
2026-08-10 17:36:40 +0200: Memory Usage (466964K) : norcx_m2m5 has 0 polygons
2026-08-10 17:36:40 +0200: Memory Usage (466964K) : norcx_m2tm1 has 0 polygons
2026-08-10 17:36:40 +0200: Memory Usage (466964K) : norcx_m2tm2 has 0 polygons
2026-08-10 17:36:40 +0200: Memory Usage (466964K) : norcx_m3m4 has 0 polygons
2026-08-10 17:36:40 +0200: Memory Usage (466964K) : norcx_m3m5 has 0 polygons
2026-08-10 17:36:40 +0200: Memory Usage (466964K) : norcx_m3tm1 has 0 polygons
2026-08-10 17:36:40 +0200: Memory Usage (466964K) : norcx_m3tm2 has 0 polygons
2026-08-10 17:36:40 +0200: Memory Usage (467092K) : norcx_m4m5 has 0 polygons
2026-08-10 17:36:40 +0200: Memory Usage (467220K) : norcx_m4tm1 has 0 polygons
2026-08-10 17:36:40 +0200: Memory Usage (467220K) : norcx_m4tm2 has 0 polygons
2026-08-10 17:36:40 +0200: Memory Usage (467348K) : norcx_m5tm1 has 0 polygons
2026-08-10 17:36:40 +0200: Memory Usage (467348K) : norcx_m5tm2 has 0 polygons
2026-08-10 17:36:40 +0200: Memory Usage (467476K) : norcx_tm1tm2 has 0 polygons
2026-08-10 17:36:40 +0200: Memory Usage (467476K) : norcx_m1sub has 0 polygons
2026-08-10 17:36:40 +0200: Memory Usage (467604K) : norcx_m2sub has 0 polygons
2026-08-10 17:36:40 +0200: Memory Usage (467604K) : norcx_m3sub has 0 polygons
2026-08-10 17:36:40 +0200: Memory Usage (467604K) : norcx_m4sub has 0 polygons
2026-08-10 17:36:40 +0200: Memory Usage (467732K) : norcx_m5sub has 0 polygons
2026-08-10 17:36:40 +0200: Memory Usage (467732K) : norcx_tm1sub has 0 polygons
2026-08-10 17:36:40 +0200: Memory Usage (467860K) : norcx_tm2sub has 0 polygons
2026-08-10 17:36:40 +0200: Memory Usage (467860K) : snsbotvia_drw has 0 polygons
2026-08-10 17:36:40 +0200: Memory Usage (467988K) : snstopvia_drw has 0 polygons
2026-08-10 17:36:40 +0200: Memory Usage (468116K) : deepvia_drw has 0 polygons
2026-08-10 17:36:40 +0200: Memory Usage (468116K) : fgetch_drw has 0 polygons
2026-08-10 17:36:40 +0200: Memory Usage (468244K) : ctrgat_drw has 0 polygons
2026-08-10 17:36:40 +0200: Memory Usage (468244K) : fgimp_drw has 0 polygons
2026-08-10 17:36:40 +0200: Memory Usage (468372K) : emwihv_drw has 0 polygons
2026-08-10 17:36:40 +0200: Memory Usage (468372K) : lbe_drw has 0 polygons
2026-08-10 17:36:40 +0200: Memory Usage (468500K) : alcustop_drw has 0 polygons
2026-08-10 17:36:40 +0200: Memory Usage (468500K) : nometfiller_drw has 0 polygons
2026-08-10 17:36:40 +0200: Memory Usage (468628K) : prboundary_drw has 0 polygons
2026-08-10 17:36:40 +0200: Memory Usage (468628K) : exchange0_drw has 0 polygons
2026-08-10 17:36:40 +0200: Memory Usage (468756K) : exchange0_pin has 0 polygons
2026-08-10 17:36:40 +0200: Memory Usage (468884K) : exchange0_text has 0 polygons
2026-08-10 17:36:40 +0200: Memory Usage (468884K) : exchange1_drw has 0 polygons
2026-08-10 17:36:40 +0200: Memory Usage (469012K) : exchange1_pin has 0 polygons
2026-08-10 17:36:40 +0200: Memory Usage (469012K) : exchange1_text has 0 polygons
2026-08-10 17:36:40 +0200: Memory Usage (469140K) : exchange2_drw has 0 polygons
2026-08-10 17:36:40 +0200: Memory Usage (469140K) : exchange2_pin has 0 polygons
2026-08-10 17:36:40 +0200: Memory Usage (469268K) : exchange2_text has 0 polygons
2026-08-10 17:36:40 +0200: Memory Usage (469268K) : exchange3_drw has 0 polygons
2026-08-10 17:36:40 +0200: Memory Usage (469396K) : exchange3_pin has 0 polygons
2026-08-10 17:36:40 +0200: Memory Usage (469396K) : exchange3_text has 0 polygons
2026-08-10 17:36:40 +0200: Memory Usage (469524K) : exchange4_drw has 0 polygons
2026-08-10 17:36:40 +0200: Memory Usage (469524K) : exchange4_pin has 0 polygons
2026-08-10 17:36:40 +0200: Memory Usage (469652K) : exchange4_text has 0 polygons
2026-08-10 17:36:40 +0200: Memory Usage (469652K) : isonwell_drw has 0 polygons
2026-08-10 17:36:40 +0200: Memory Usage (469652K) : Total no. of polygons in the design is 57611
2026-08-10 17:36:40 +0200: Memory Usage (469652K) : Starting base layers derivations
2026-08-10 17:36:40 +0200: Memory Usage (469652K) : Starting general LVS derivations
2026-08-10 17:36:41 +0200: Memory Usage (474644K) : Starting MOSFET DERIVATIONS
2026-08-10 17:36:41 +0200: Memory Usage (475544K) : Starting NMOS DERIVATIONS
2026-08-10 17:36:41 +0200: Memory Usage (475544K) : Starting PMOS DERIVATIONS
2026-08-10 17:36:41 +0200: Memory Usage (475544K) : Starting RF-MOSFET DERIVATIONS
2026-08-10 17:36:41 +0200: Memory Usage (475544K) : Starting RF-NMOS DERIVATIONS
2026-08-10 17:36:41 +0200: Memory Usage (475544K) : Starting RF-PMOS DERIVATIONS
2026-08-10 17:36:41 +0200: Memory Usage (475544K) : Starting BJT DERIVATIONS
2026-08-10 17:36:41 +0200: Memory Usage (475544K) : Starting NPN-BJT DERIVATIONS
2026-08-10 17:36:42 +0200: Memory Usage (475544K) : Starting PNP-BJT DERIVATIONS
2026-08-10 17:36:42 +0200: Memory Usage (475544K) : Starting DIODE DERIVATIONS
2026-08-10 17:36:42 +0200: Memory Usage (476392K) : Starting RESISTOR DERIVATIONS
2026-08-10 17:36:43 +0200: Memory Usage (476392K) : Starting CAP DERIVATIONS
2026-08-10 17:36:43 +0200: Memory Usage (477544K) : Starting CAP_CMOM DERIVATIONS
2026-08-10 17:36:43 +0200: Memory Usage (477544K) : Starting ESD DERIVATIONS
2026-08-10 17:36:43 +0200: Memory Usage (477544K) : Starting Inductor DERIVATIONS
2026-08-10 17:36:43 +0200: Memory Usage (479336K) : Starting Taps DERIVATIONS
2026-08-10 17:36:43 +0200: Memory Usage (479336K) : Starting SG13G2 LVS connectivity setup
2026-08-10 17:36:43 +0200: Memory Usage (479336K) : Starting SG13G2 LVS connectivity setup (Inter-layer)
2026-08-10 17:36:43 +0200: Memory Usage (479464K) : Starting SG13G2 LVS connectivity setup (Global)
2026-08-10 17:36:43 +0200: Memory Usage (479464K) : Starting LVS MOSFET CONNECTIONS
2026-08-10 17:36:43 +0200: Memory Usage (479464K) : Starting LVS RF-MOSFET CONNECTIONS
2026-08-10 17:36:43 +0200: Memory Usage (479464K) : Starting LVS BJT CONNECTIONS
2026-08-10 17:36:43 +0200: Memory Usage (479464K) : Starting LVS DIODE CONNECTIONS
2026-08-10 17:36:43 +0200: Memory Usage (479464K) : Starting RESISTOR CONNECTIONS
2026-08-10 17:36:43 +0200: Memory Usage (479464K) : Starting LVS CAP CONNECTIONS
2026-08-10 17:36:43 +0200: Memory Usage (479464K) : Starting CAP_CMOM CONNECTIONS
2026-08-10 17:36:43 +0200: Memory Usage (479464K) : Starting ESD CONNECTIONS
2026-08-10 17:36:43 +0200: Memory Usage (479464K) : Starting Inductor CONNECTIONS
2026-08-10 17:36:43 +0200: Memory Usage (479464K) : Starting LVS Taps CONNECTIONS
2026-08-10 17:36:43 +0200: Memory Usage (479464K) : Starting SG13G2 LVS DEVICES EXTRACTION
2026-08-10 17:36:43 +0200: Memory Usage (479464K) : Starting MOSFET EXTRACTION
2026-08-10 17:36:43 +0200: Memory Usage (479464K) : Starting NMOS EXTRACTION
2026-08-10 17:36:44 +0200: Memory Usage (479464K) : Extraction of NMOS-LV transistor
2026-08-10 17:36:44 +0200: Memory Usage (479592K) : Extraction of NMOS-HV transistor
2026-08-10 17:36:44 +0200: Memory Usage (479592K) : Starting PMOS EXTRACTION
2026-08-10 17:36:44 +0200: Memory Usage (479592K) : Extraction of PMOS-LV transistor
2026-08-10 17:36:44 +0200: Memory Usage (479592K) : Extraction of PMOS-HV transistor
2026-08-10 17:36:44 +0200: Memory Usage (479592K) : Starting RF-MOSFET EXTRACTION
2026-08-10 17:36:44 +0200: Memory Usage (479592K) : Extraction of RF-NMOS-LV transistor
2026-08-10 17:36:44 +0200: Memory Usage (479592K) : Extraction of RF-NMOS-HV transistor
2026-08-10 17:36:44 +0200: Memory Usage (479592K) : Extraction of RF-PMOS-LV transistor
2026-08-10 17:36:44 +0200: Memory Usage (479592K) : Extraction of RF-PMOS-HV transistor
2026-08-10 17:36:44 +0200: Memory Usage (479592K) : Starting BJT EXTRACTION
2026-08-10 17:36:44 +0200: Memory Usage (479592K) : Starting NPN-BJT EXTRACTION
2026-08-10 17:36:44 +0200: Memory Usage (479592K) : Extraction of npn13G2 BJT transistor
2026-08-10 17:36:44 +0200: Memory Usage (479592K) : Extraction of npn13G2L BJT transistor
2026-08-10 17:36:44 +0200: Memory Usage (479592K) : Extraction of npn13G2V BJT transistor
2026-08-10 17:36:44 +0200: Memory Usage (479592K) : Starting PNP-BJT EXTRACTION
2026-08-10 17:36:44 +0200: Memory Usage (479592K) : Extracting pnpMPA BJT
2026-08-10 17:36:44 +0200: Memory Usage (479592K) : Starting DIODE EXTRACTION
2026-08-10 17:36:44 +0200: Memory Usage (479592K) : Extracting dantenna diode
2026-08-10 17:36:44 +0200: Memory Usage (479592K) : Extracting dpantenna diode
2026-08-10 17:36:44 +0200: Memory Usage (479592K) : Extracting schottky_nbl1 diode
2026-08-10 17:36:44 +0200: Memory Usage (479592K) : Extracting isolbox diode
2026-08-10 17:36:44 +0200: Memory Usage (479592K) : Starting RESISTOR EXTRACTION
2026-08-10 17:36:44 +0200: Memory Usage (479592K) : Extracting rsil resistor
2026-08-10 17:36:44 +0200: Memory Usage (479592K) : Extracting rppd resistor
2026-08-10 17:36:44 +0200: Memory Usage (479592K) : Extracting rhigh resistor
2026-08-10 17:36:44 +0200: Memory Usage (479592K) : Extracting res_metal1 resistor
2026-08-10 17:36:44 +0200: Memory Usage (479720K) : Extracting res_metal2 resistor
2026-08-10 17:36:44 +0200: Memory Usage (479720K) : Extracting res_metal3 resistor
2026-08-10 17:36:44 +0200: Memory Usage (479720K) : Extracting res_metal4 resistor
2026-08-10 17:36:44 +0200: Memory Usage (479720K) : Extracting res_metal5 resistor
2026-08-10 17:36:44 +0200: Memory Usage (479720K) : Extracting res_topmetal1 resistor
2026-08-10 17:36:44 +0200: Memory Usage (479720K) : Extracting res_topmetal2 resistor
2026-08-10 17:36:44 +0200: Memory Usage (479720K) : Starting CAP EXTRACTION
2026-08-10 17:36:44 +0200: Memory Usage (479720K) : Extracting cap_cmim device
2026-08-10 17:36:44 +0200: Memory Usage (479720K) : Extracting rfcmim device
2026-08-10 17:36:44 +0200: Memory Usage (479720K) : Extracting sg13_hv_svaricap varactor
2026-08-10 17:36:44 +0200: Memory Usage (479720K) : Extracting cap_cmomi device
2026-08-10 17:36:44 +0200: Memory Usage (479720K) : Extracting sg13_moscap_n capacitor
2026-08-10 17:36:44 +0200: Memory Usage (479720K) : Extracting sg13_moscap_p capacitor
2026-08-10 17:36:44 +0200: Memory Usage (479720K) : Starting ESD EXTRACTION
2026-08-10 17:36:44 +0200: Memory Usage (479720K) : Extracting diodevdd_2kv ESD device
2026-08-10 17:36:44 +0200: Memory Usage (479720K) : Extracting diodevdd_4kv ESD device
2026-08-10 17:36:44 +0200: Memory Usage (479720K) : Extracting diodevss_2kv ESD device
2026-08-10 17:36:44 +0200: Memory Usage (479720K) : Extracting diodevss_4kv ESD device
2026-08-10 17:36:44 +0200: Memory Usage (479720K) : Extracting idiodevdd_2kv ESD device
2026-08-10 17:36:44 +0200: Memory Usage (479720K) : Extracting idiodevdd_4kv ESD device
2026-08-10 17:36:44 +0200: Memory Usage (479720K) : Extracting idiodevss_2kv ESD device
2026-08-10 17:36:44 +0200: Memory Usage (479720K) : Extracting idiodevss_4kv ESD device
2026-08-10 17:36:44 +0200: Memory Usage (479720K) : Extracting nmoscl_2 ESD device
2026-08-10 17:36:44 +0200: Memory Usage (479720K) : Extracting nmoscl_4 ESD device
2026-08-10 17:36:44 +0200: Memory Usage (479720K) : Starting Inductor EXTRACTION
2026-08-10 17:36:44 +0200: Memory Usage (479720K) : Extracting Inductor2 device
2026-08-10 17:36:44 +0200: Memory Usage (479720K) : Extracting Inductor3 device
2026-08-10 17:36:44 +0200: Memory Usage (479720K) : Starting Taps EXTRACTION
2026-08-10 17:36:44 +0200: Memory Usage (479720K) : Extracting ntap1 device
2026-08-10 17:36:44 +0200: Memory Usage (479720K) : Extracting ptap1 device
2026-08-10 17:36:44 +0200: Memory Usage (479720K) : Starting SG13G2 LVS RF MOS Model Mapping
2026-08-10 17:36:44 +0200: Memory Usage (487144K) : [layout_netlist] Apply RF MOS model mapping and rfmode parameter.
2026-08-10 17:36:44 +0200: Memory Usage (487144K) : Starting SG13G2 LVS Options Preparations
2026-08-10 17:36:44 +0200: Memory Usage (487144K) : SG13G2 LVS flow: extraction -> alignment -> option preparation -> comparison.
2026-08-10 17:36:44 +0200: Memory Usage (487144K) : Starting SG13G2 LVS Alignment
2026-08-10 17:36:44 +0200: Memory Usage (487272K) : Starting SG13G2 LVS Simplification
2026-08-10 17:36:44 +0200: Memory Usage (487272K) : [layout_netlist] simplify: ENABLED
2026-08-10 17:36:44 +0200: Memory Usage (487272K) : [layout_netlist] make_top_level_pins: SKIPPED
2026-08-10 17:36:44 +0200: Memory Usage (487272K) : [layout_netlist] combine_devices: ENABLED
2026-08-10 17:36:44 +0200: Memory Usage (487272K) : [layout_netlist] purge: SKIPPED
2026-08-10 17:36:44 +0200: Memory Usage (487272K) : [layout_netlist] purge_nets: SKIPPED
2026-08-10 17:36:44 +0200: Memory Usage (487272K) : [schematic_netlist] simplify: ENABLED
2026-08-10 17:36:44 +0200: Memory Usage (487272K) : [schematic_netlist] make_top_level_pins: SKIPPED
2026-08-10 17:36:44 +0200: Memory Usage (487272K) : [schematic_netlist] combine_devices: ENABLED
2026-08-10 17:36:44 +0200: Memory Usage (487272K) : [schematic_netlist] purge: SKIPPED
2026-08-10 17:36:44 +0200: Memory Usage (487272K) : [schematic_netlist] purge_nets: SKIPPED
2026-08-10 17:36:44 +0200: Memory Usage (487272K) : Starting SG13G2 LVS Comparison
2026-08-10 17:36:44 +0200: Memory Usage (487400K) : ==========================================
2026-08-10 17:36:44 +0200: Memory Usage (487400K) : INFO : Congratulations! Netlists match.
2026-08-10 17:36:44 +0200: Memory Usage (487400K) : ==========================================
2026-08-10 17:36:44 +0200: Memory Usage (487400K) : LVS Total Run time 5.593209 seconds
