# Logfile created on 2026-08-10 18:01:52 +0200 by logger.rb/v1.5.3
2026-08-10 18:01:52 +0200: Memory Usage (455768K) : Starting running SG13G2 Klayout LVS runset on /foss/designs/ihp-open-pdk-regression/IOPADS/layout/sg13g2_IOPadOut4mA.gds
2026-08-10 18:01:52 +0200: Memory Usage (455768K) : Ruby Version for klayout: 3.2.3
2026-08-10 18:01:52 +0200: Memory Usage (457432K) : Loading database to memory is complete.
2026-08-10 18:01:52 +0200: Memory Usage (457432K) : SG13G2 Klayout LVS runset output at: /foss/designs/ihp-open-pdk-regression/IOPADS/lvs_sweep/20260810_180010/sg13g2_IOPadOut4mA/sg13g2_IOPadOut4mA.lvsdb
2026-08-10 18:01:52 +0200: Memory Usage (457432K) : Evaluate switches.
2026-08-10 18:01:52 +0200: Memory Usage (457432K) : Extracted netlist with net names: true
2026-08-10 18:01:52 +0200: Memory Usage (457432K) : Extracted netlist with comments in details: false
2026-08-10 18:01:52 +0200: Memory Usage (457432K) : Selected NET_ONLY option: false
2026-08-10 18:01:52 +0200: Memory Usage (457432K) : Selected LAYOUT_NETLIST option: (none)
2026-08-10 18:01:52 +0200: Memory Usage (457432K) : Selected IGNORE_TOP_PORTS_MISMATCH option: true
2026-08-10 18:01:52 +0200: Memory Usage (457432K) : Selected IMPLICIT_NETS option: iovss,iovdd,vss,vdd,pad,cathode,anode
2026-08-10 18:01:52 +0200: Memory Usage (457432K) : Selected TOP_LVL_PINS option: false
2026-08-10 18:01:52 +0200: Memory Usage (457432K) : Selected COMBINE DEVICES option: true
2026-08-10 18:01:52 +0200: Memory Usage (457432K) : Selected PURGE option: false
2026-08-10 18:01:52 +0200: Memory Usage (457432K) : Selected PURGE_NETS option: false
2026-08-10 18:01:52 +0200: Memory Usage (457432K) : Selected SIMPLIFY option: true
2026-08-10 18:01:52 +0200: Memory Usage (457560K) : Selected SERIES_RES option: true
2026-08-10 18:01:52 +0200: Memory Usage (457560K) : Selected PARALLEL_RES option: true
2026-08-10 18:01:52 +0200: Memory Usage (457560K) : Selected DISABLE_TAP_EXTRACTION option: false
2026-08-10 18:01:52 +0200: Memory Usage (457560K) : deep  mode is enabled.
2026-08-10 18:01:52 +0200: Memory Usage (457560K) : Applying implicit connections (case-sensitive, pattern supported) for nets: iovss, iovdd, vss, vdd, pad, cathode, anode
2026-08-10 18:01:52 +0200: Memory Usage (458968K) : Netlist file: /foss/designs/ihp-open-pdk-regression/IOPADS/netlist/pads_sub/sg13g2_IOPadOut4mA.spi
2026-08-10 18:01:52 +0200: Memory Usage (458968K) : LVS extracted netlist at: /foss/designs/ihp-open-pdk-regression/IOPADS/lvs_sweep/20260810_180010/sg13g2_IOPadOut4mA/sg13g2_IOPadOut4mA_extracted.cir
2026-08-10 18:01:52 +0200: Memory Usage (458968K) : Applying SRAM integration support.
2026-08-10 18:01:52 +0200: Memory Usage (458968K) : Starting SG13G2 LVS runset
2026-08-10 18:01:52 +0200: Memory Usage (458968K) : Read in polygons from layers.
2026-08-10 18:01:52 +0200: Memory Usage (460376K) : activ_drw has 77 polygons
2026-08-10 18:01:52 +0200: Memory Usage (460376K) : activ_filler has 0 polygons
2026-08-10 18:01:52 +0200: Memory Usage (460632K) : activ has 77 polygons
2026-08-10 18:01:52 +0200: Memory Usage (460632K) : activ_pin has 0 polygons
2026-08-10 18:01:52 +0200: Memory Usage (460632K) : activ_mask has 0 polygons
2026-08-10 18:01:52 +0200: Memory Usage (460632K) : activ_nofill has 0 polygons
2026-08-10 18:01:52 +0200: Memory Usage (460632K) : activ_OPC has 0 polygons
2026-08-10 18:01:52 +0200: Memory Usage (460632K) : activ_iOPC has 0 polygons
2026-08-10 18:01:52 +0200: Memory Usage (460632K) : activ_noqrc has 0 polygons
2026-08-10 18:01:52 +0200: Memory Usage (460632K) : biwind_drw has 0 polygons
2026-08-10 18:01:52 +0200: Memory Usage (460760K) : biwind_OPC has 0 polygons
2026-08-10 18:01:52 +0200: Memory Usage (460760K) : gatpoly_drw has 28 polygons
2026-08-10 18:01:52 +0200: Memory Usage (460888K) : gatpoly_filler has 0 polygons
2026-08-10 18:01:52 +0200: Memory Usage (460888K) : gatpoly has 28 polygons
2026-08-10 18:01:52 +0200: Memory Usage (461016K) : gatpoly_pin has 0 polygons
2026-08-10 18:01:52 +0200: Memory Usage (461016K) : gatpoly_nofill has 0 polygons
2026-08-10 18:01:52 +0200: Memory Usage (461400K) : gatpoly_OPC has 0 polygons
2026-08-10 18:01:52 +0200: Memory Usage (461400K) : gatpoly_iOPC has 0 polygons
2026-08-10 18:01:52 +0200: Memory Usage (461528K) : gatpoly_noqrc has 0 polygons
2026-08-10 18:01:52 +0200: Memory Usage (462808K) : cont_drw has 45805 polygons
2026-08-10 18:01:52 +0200: Memory Usage (462808K) : cont_OPC has 0 polygons
2026-08-10 18:01:52 +0200: Memory Usage (462808K) : nsd_drw has 0 polygons
2026-08-10 18:01:52 +0200: Memory Usage (462808K) : nsd_block has 0 polygons
2026-08-10 18:01:52 +0200: Memory Usage (462808K) : metal1_drw has 162 polygons
2026-08-10 18:01:52 +0200: Memory Usage (462808K) : metal1_filler has 0 polygons
2026-08-10 18:01:52 +0200: Memory Usage (462808K) : metal1_slit has 0 polygons
2026-08-10 18:01:52 +0200: Memory Usage (463320K) : metal1 has 162 polygons
2026-08-10 18:01:52 +0200: Memory Usage (463320K) : metal1_pin has 27 polygons
2026-08-10 18:01:52 +0200: Memory Usage (463320K) : metal1_mask has 0 polygons
2026-08-10 18:01:52 +0200: Memory Usage (463320K) : metal1_nofill has 0 polygons
2026-08-10 18:01:52 +0200: Memory Usage (463576K) : metal1_text has 26 polygons
2026-08-10 18:01:52 +0200: Memory Usage (463576K) : metal1_OPC has 0 polygons
2026-08-10 18:01:52 +0200: Memory Usage (463576K) : metal1_noqrc has 0 polygons
2026-08-10 18:01:52 +0200: Memory Usage (463576K) : metal1_res has 0 polygons
2026-08-10 18:01:52 +0200: Memory Usage (463576K) : metal1_iprobe has 0 polygons
2026-08-10 18:01:52 +0200: Memory Usage (463704K) : metal1_diffprb has 0 polygons
2026-08-10 18:01:52 +0200: Memory Usage (463704K) : passiv_drw has 0 polygons
2026-08-10 18:01:52 +0200: Memory Usage (463832K) : passiv_pin has 0 polygons
2026-08-10 18:01:52 +0200: Memory Usage (463832K) : passiv_sbump has 0 polygons
2026-08-10 18:01:52 +0200: Memory Usage (463960K) : passiv_pillar has 0 polygons
2026-08-10 18:01:52 +0200: Memory Usage (464088K) : passiv_pdl has 0 polygons
2026-08-10 18:01:52 +0200: Memory Usage (464088K) : metal2_drw has 50 polygons
2026-08-10 18:01:52 +0200: Memory Usage (464216K) : metal2_filler has 0 polygons
2026-08-10 18:01:52 +0200: Memory Usage (464216K) : metal2_slit has 0 polygons
2026-08-10 18:01:52 +0200: Memory Usage (464344K) : metal2 has 50 polygons
2026-08-10 18:01:52 +0200: Memory Usage (464472K) : metal2_pin has 13 polygons
2026-08-10 18:01:52 +0200: Memory Usage (464472K) : metal2_mask has 0 polygons
2026-08-10 18:01:52 +0200: Memory Usage (464600K) : metal2_nofill has 0 polygons
2026-08-10 18:01:52 +0200: Memory Usage (464600K) : metal2_text has 13 polygons
2026-08-10 18:01:52 +0200: Memory Usage (464728K) : metal2_OPC has 0 polygons
2026-08-10 18:01:52 +0200: Memory Usage (464728K) : metal2_noqrc has 0 polygons
2026-08-10 18:01:52 +0200: Memory Usage (464856K) : metal2_res has 0 polygons
2026-08-10 18:01:52 +0200: Memory Usage (464984K) : metal2_iprobe has 0 polygons
2026-08-10 18:01:52 +0200: Memory Usage (464984K) : metal2_diffprb has 0 polygons
2026-08-10 18:01:52 +0200: Memory Usage (465112K) : baspoly_drw has 0 polygons
2026-08-10 18:01:52 +0200: Memory Usage (465112K) : baspoly_pin has 0 polygons
2026-08-10 18:01:52 +0200: Memory Usage (465240K) : psd_drw has 30 polygons
2026-08-10 18:01:52 +0200: Memory Usage (465368K) : nldb_drw has 0 polygons
2026-08-10 18:01:52 +0200: Memory Usage (465496K) : digibnd_drw has 0 polygons
2026-08-10 18:01:52 +0200: Memory Usage (465496K) : via1_drw has 1524 polygons
2026-08-10 18:01:52 +0200: Memory Usage (465624K) : backmetal1_drw has 0 polygons
2026-08-10 18:01:52 +0200: Memory Usage (465624K) : backmetal1_pin has 0 polygons
2026-08-10 18:01:52 +0200: Memory Usage (465752K) : backmetal1_mask has 0 polygons
2026-08-10 18:01:52 +0200: Memory Usage (465880K) : backmetal1_filler has 0 polygons
2026-08-10 18:01:52 +0200: Memory Usage (465880K) : backmetal1_nofill has 0 polygons
2026-08-10 18:01:52 +0200: Memory Usage (466008K) : backmetal1_slit has 0 polygons
2026-08-10 18:01:52 +0200: Memory Usage (466008K) : backmetal1_text has 0 polygons
2026-08-10 18:01:52 +0200: Memory Usage (466136K) : backmetal1_OPC has 0 polygons
2026-08-10 18:01:52 +0200: Memory Usage (466136K) : backmetal1_noqrc has 0 polygons
2026-08-10 18:01:52 +0200: Memory Usage (466136K) : backmetal1_res has 0 polygons
2026-08-10 18:01:52 +0200: Memory Usage (466136K) : backmetal1_iprobe has 0 polygons
2026-08-10 18:01:52 +0200: Memory Usage (466264K) : backmetal1_diffprb has 0 polygons
2026-08-10 18:01:52 +0200: Memory Usage (466264K) : backpassiv_drw has 0 polygons
2026-08-10 18:01:52 +0200: Memory Usage (466264K) : res_drw has 0 polygons
2026-08-10 18:01:52 +0200: Memory Usage (466392K) : sram_drw has 0 polygons
2026-08-10 18:01:52 +0200: Memory Usage (466392K) : trans_drw has 0 polygons
2026-08-10 18:01:52 +0200: Memory Usage (466392K) : ind_drw has 0 polygons
2026-08-10 18:01:52 +0200: Memory Usage (466520K) : ind_pin has 0 polygons
2026-08-10 18:01:52 +0200: Memory Usage (466520K) : ind_text has 0 polygons
2026-08-10 18:01:52 +0200: Memory Usage (466520K) : salblock_drw has 0 polygons
2026-08-10 18:01:52 +0200: Memory Usage (466648K) : via2_drw has 1235 polygons
2026-08-10 18:01:52 +0200: Memory Usage (466648K) : metal3_drw has 13 polygons
2026-08-10 18:01:52 +0200: Memory Usage (466776K) : metal3_filler has 0 polygons
2026-08-10 18:01:52 +0200: Memory Usage (466776K) : metal3_slit has 0 polygons
2026-08-10 18:01:52 +0200: Memory Usage (466904K) : metal3 has 13 polygons
2026-08-10 18:01:52 +0200: Memory Usage (467032K) : metal3_pin has 9 polygons
2026-08-10 18:01:52 +0200: Memory Usage (467032K) : metal3_mask has 0 polygons
2026-08-10 18:01:52 +0200: Memory Usage (467160K) : metal3_nofill has 0 polygons
2026-08-10 18:01:52 +0200: Memory Usage (467288K) : metal3_text has 9 polygons
2026-08-10 18:01:52 +0200: Memory Usage (467288K) : metal3_OPC has 0 polygons
2026-08-10 18:01:52 +0200: Memory Usage (467288K) : metal3_noqrc has 0 polygons
2026-08-10 18:01:52 +0200: Memory Usage (467416K) : metal3_res has 0 polygons
2026-08-10 18:01:52 +0200: Memory Usage (467544K) : metal3_iprobe has 0 polygons
2026-08-10 18:01:52 +0200: Memory Usage (467544K) : metal3_diffprb has 0 polygons
2026-08-10 18:01:52 +0200: Memory Usage (467672K) : nwell_drw has 21 polygons
2026-08-10 18:01:52 +0200: Memory Usage (467672K) : nwell_pin has 0 polygons
2026-08-10 18:01:52 +0200: Memory Usage (467800K) : nwell_text has 0 polygons
2026-08-10 18:01:52 +0200: Memory Usage (467800K) : nbulay_drw has 0 polygons
2026-08-10 18:01:52 +0200: Memory Usage (467928K) : nbulay_pin has 0 polygons
2026-08-10 18:01:52 +0200: Memory Usage (467928K) : nbulay_block has 0 polygons
2026-08-10 18:01:52 +0200: Memory Usage (468056K) : emwind_drw has 0 polygons
2026-08-10 18:01:52 +0200: Memory Usage (468056K) : emwind_OPC has 0 polygons
2026-08-10 18:01:52 +0200: Memory Usage (468184K) : deepco_drw has 0 polygons
2026-08-10 18:01:52 +0200: Memory Usage (468184K) : mim_drw has 0 polygons
2026-08-10 18:01:52 +0200: Memory Usage (468312K) : edgeseal_drw has 0 polygons
2026-08-10 18:01:52 +0200: Memory Usage (468440K) : substrate_drw has 22 polygons
2026-08-10 18:01:52 +0200: Memory Usage (468440K) : substrate_text has 0 polygons
2026-08-10 18:01:52 +0200: Memory Usage (468568K) : dfpad_drw has 0 polygons
2026-08-10 18:01:52 +0200: Memory Usage (468568K) : dfpad_pillar has 0 polygons
2026-08-10 18:01:52 +0200: Memory Usage (468568K) : dfpad_sbump has 0 polygons
2026-08-10 18:01:52 +0200: Memory Usage (468568K) : thickgateox_drw has 4 polygons
2026-08-10 18:01:52 +0200: Memory Usage (468568K) : pldb_drw has 0 polygons
2026-08-10 18:01:52 +0200: Memory Usage (468568K) : pwell_drw has 0 polygons
2026-08-10 18:01:52 +0200: Memory Usage (468568K) : pwell_pin has 0 polygons
2026-08-10 18:01:52 +0200: Memory Usage (468568K) : pwell_block has 0 polygons
2026-08-10 18:01:52 +0200: Memory Usage (468568K) : ic_drw has 0 polygons
2026-08-10 18:01:52 +0200: Memory Usage (468568K) : via3_drw has 2087 polygons
2026-08-10 18:01:52 +0200: Memory Usage (468568K) : metal4_drw has 8 polygons
2026-08-10 18:01:52 +0200: Memory Usage (468568K) : metal4_filler has 0 polygons
2026-08-10 18:01:52 +0200: Memory Usage (468568K) : metal4_slit has 0 polygons
2026-08-10 18:01:52 +0200: Memory Usage (468568K) : metal4 has 8 polygons
2026-08-10 18:01:52 +0200: Memory Usage (468568K) : metal4_pin has 8 polygons
2026-08-10 18:01:52 +0200: Memory Usage (468568K) : metal4_mask has 0 polygons
2026-08-10 18:01:52 +0200: Memory Usage (468568K) : metal4_nofill has 0 polygons
2026-08-10 18:01:52 +0200: Memory Usage (468568K) : metal4_text has 8 polygons
2026-08-10 18:01:52 +0200: Memory Usage (468568K) : metal4_OPC has 0 polygons
2026-08-10 18:01:52 +0200: Memory Usage (468568K) : metal4_noqrc has 0 polygons
2026-08-10 18:01:52 +0200: Memory Usage (468568K) : metal4_res has 0 polygons
2026-08-10 18:01:52 +0200: Memory Usage (468568K) : metal4_iprobe has 0 polygons
2026-08-10 18:01:52 +0200: Memory Usage (468568K) : metal4_diffprb has 0 polygons
2026-08-10 18:01:52 +0200: Memory Usage (468568K) : heattrans_drw has 0 polygons
2026-08-10 18:01:52 +0200: Memory Usage (468568K) : heatres_drw has 0 polygons
2026-08-10 18:01:52 +0200: Memory Usage (468568K) : fbe_drw has 0 polygons
2026-08-10 18:01:52 +0200: Memory Usage (468568K) : empoly_drw has 0 polygons
2026-08-10 18:01:52 +0200: Memory Usage (468568K) : digisub_drw has 0 polygons
2026-08-10 18:01:52 +0200: Memory Usage (468568K) : text_drw has 15 polygons
2026-08-10 18:01:52 +0200: Memory Usage (468568K) : via4_drw has 2371 polygons
2026-08-10 18:01:52 +0200: Memory Usage (468568K) : metal5_drw has 8 polygons
2026-08-10 18:01:52 +0200: Memory Usage (468568K) : metal5_filler has 0 polygons
2026-08-10 18:01:52 +0200: Memory Usage (468568K) : metal5_slit has 0 polygons
2026-08-10 18:01:52 +0200: Memory Usage (468568K) : metal5 has 8 polygons
2026-08-10 18:01:52 +0200: Memory Usage (468568K) : metal5_pin has 8 polygons
2026-08-10 18:01:52 +0200: Memory Usage (468568K) : metal5_mask has 0 polygons
2026-08-10 18:01:52 +0200: Memory Usage (468568K) : metal5_nofill has 0 polygons
2026-08-10 18:01:52 +0200: Memory Usage (468568K) : metal5_text has 8 polygons
2026-08-10 18:01:52 +0200: Memory Usage (468568K) : metal5_OPC has 0 polygons
2026-08-10 18:01:52 +0200: Memory Usage (468568K) : metal5_noqrc has 0 polygons
2026-08-10 18:01:52 +0200: Memory Usage (468568K) : metal5_res has 0 polygons
2026-08-10 18:01:52 +0200: Memory Usage (468568K) : metal5_iprobe has 0 polygons
2026-08-10 18:01:52 +0200: Memory Usage (468568K) : metal5_diffprb has 0 polygons
2026-08-10 18:01:52 +0200: Memory Usage (468568K) : radhard_drw has 0 polygons
2026-08-10 18:01:52 +0200: Memory Usage (468568K) : memcap_drw has 0 polygons
2026-08-10 18:01:52 +0200: Memory Usage (468568K) : varicap_drw has 0 polygons
2026-08-10 18:01:52 +0200: Memory Usage (468568K) : intbondvia_drw has 0 polygons
2026-08-10 18:01:52 +0200: Memory Usage (468568K) : intbondmet_drw has 0 polygons
2026-08-10 18:01:52 +0200: Memory Usage (468568K) : devbondvia_drw has 0 polygons
2026-08-10 18:01:52 +0200: Memory Usage (468568K) : devbondmet_drw has 0 polygons
2026-08-10 18:01:52 +0200: Memory Usage (468568K) : devtrench_drw has 0 polygons
2026-08-10 18:01:52 +0200: Memory Usage (468568K) : redist_drw has 0 polygons
2026-08-10 18:01:52 +0200: Memory Usage (468568K) : graphbot_drw has 0 polygons
2026-08-10 18:01:52 +0200: Memory Usage (468568K) : graphtop_drw has 0 polygons
2026-08-10 18:01:52 +0200: Memory Usage (468568K) : antvia1_drw has 0 polygons
2026-08-10 18:01:52 +0200: Memory Usage (468568K) : antmetal2_drw has 0 polygons
2026-08-10 18:01:52 +0200: Memory Usage (468568K) : graphcont_drw has 0 polygons
2026-08-10 18:01:52 +0200: Memory Usage (468568K) : siwg_drw has 0 polygons
2026-08-10 18:01:52 +0200: Memory Usage (468568K) : siwg_filler has 0 polygons
2026-08-10 18:01:52 +0200: Memory Usage (468568K) : siwg_nofill has 0 polygons
2026-08-10 18:01:52 +0200: Memory Usage (468568K) : sigrating_drw has 0 polygons
2026-08-10 18:01:52 +0200: Memory Usage (468568K) : singrating_drw has 0 polygons
2026-08-10 18:01:52 +0200: Memory Usage (468568K) : graphpas_drw has 0 polygons
2026-08-10 18:01:52 +0200: Memory Usage (468568K) : emwind3_drw has 0 polygons
2026-08-10 18:01:52 +0200: Memory Usage (468568K) : emwihv3_drw has 0 polygons
2026-08-10 18:01:52 +0200: Memory Usage (468568K) : redbulay_drw has 0 polygons
2026-08-10 18:01:52 +0200: Memory Usage (468568K) : smos_drw has 0 polygons
2026-08-10 18:01:52 +0200: Memory Usage (468568K) : graphpad_drw has 0 polygons
2026-08-10 18:01:52 +0200: Memory Usage (468568K) : polimide_drw has 0 polygons
2026-08-10 18:01:52 +0200: Memory Usage (468568K) : polimide_pin has 0 polygons
2026-08-10 18:01:52 +0200: Memory Usage (468568K) : recog_drw has 0 polygons
2026-08-10 18:01:52 +0200: Memory Usage (468568K) : recog_pin has 0 polygons
2026-08-10 18:01:52 +0200: Memory Usage (468568K) : recog_esd has 0 polygons
2026-08-10 18:01:52 +0200: Memory Usage (468568K) : recog_diode has 6 polygons
2026-08-10 18:01:52 +0200: Memory Usage (468568K) : recog_tsv has 0 polygons
2026-08-10 18:01:52 +0200: Memory Usage (468568K) : recog_iprobe has 0 polygons
2026-08-10 18:01:52 +0200: Memory Usage (468568K) : recog_diffprb has 0 polygons
2026-08-10 18:01:52 +0200: Memory Usage (468568K) : recog_pillar has 0 polygons
2026-08-10 18:01:52 +0200: Memory Usage (468568K) : recog_sbump has 0 polygons
2026-08-10 18:01:52 +0200: Memory Usage (468568K) : recog_otp has 0 polygons
2026-08-10 18:01:52 +0200: Memory Usage (468568K) : recog_pdiode has 0 polygons
2026-08-10 18:01:52 +0200: Memory Usage (468568K) : recog_mom has 0 polygons
2026-08-10 18:01:52 +0200: Memory Usage (468568K) : recog_pcm has 0 polygons
2026-08-10 18:01:52 +0200: Memory Usage (468568K) : colopen_drw has 0 polygons
2026-08-10 18:01:52 +0200: Memory Usage (468568K) : graphmetal1_drw has 0 polygons
2026-08-10 18:01:52 +0200: Memory Usage (468568K) : graphmetal1_filler has 0 polygons
2026-08-10 18:01:52 +0200: Memory Usage (468568K) : graphmetal1_nofill has 0 polygons
2026-08-10 18:01:52 +0200: Memory Usage (468568K) : graphmetal1_slit has 0 polygons
2026-08-10 18:01:52 +0200: Memory Usage (468568K) : graphmetal1_OPC has 0 polygons
2026-08-10 18:01:52 +0200: Memory Usage (468568K) : graphmet1l_drw has 0 polygons
2026-08-10 18:01:52 +0200: Memory Usage (468568K) : graphmet1l_filler has 0 polygons
2026-08-10 18:01:52 +0200: Memory Usage (468568K) : graphmet1l_nofill has 0 polygons
2026-08-10 18:01:52 +0200: Memory Usage (468568K) : graphmet1l_slit has 0 polygons
2026-08-10 18:01:52 +0200: Memory Usage (468568K) : graphmet1l_OPC has 0 polygons
2026-08-10 18:01:52 +0200: Memory Usage (468568K) : extblock_drw has 0 polygons
2026-08-10 18:01:52 +0200: Memory Usage (468568K) : nldd_drw has 0 polygons
2026-08-10 18:01:53 +0200: Memory Usage (468568K) : pldd_drw has 0 polygons
2026-08-10 18:01:53 +0200: Memory Usage (468568K) : next_drw has 0 polygons
2026-08-10 18:01:53 +0200: Memory Usage (468568K) : pext_drw has 0 polygons
2026-08-10 18:01:53 +0200: Memory Usage (468568K) : nexthv_drw has 0 polygons
2026-08-10 18:01:53 +0200: Memory Usage (468568K) : pexthv_drw has 0 polygons
2026-08-10 18:01:53 +0200: Memory Usage (468568K) : graphgate_drw has 0 polygons
2026-08-10 18:01:53 +0200: Memory Usage (468568K) : sinwg_drw has 0 polygons
2026-08-10 18:01:53 +0200: Memory Usage (468568K) : sinwg_filler has 0 polygons
2026-08-10 18:01:53 +0200: Memory Usage (468568K) : sinwg_nofill has 0 polygons
2026-08-10 18:01:53 +0200: Memory Usage (468568K) : mempad_drw has 0 polygons
2026-08-10 18:01:53 +0200: Memory Usage (468568K) : topvia1_drw has 2315 polygons
2026-08-10 18:01:53 +0200: Memory Usage (468568K) : topmetal1_drw has 8 polygons
2026-08-10 18:01:53 +0200: Memory Usage (468568K) : topmetal1_filler has 0 polygons
2026-08-10 18:01:53 +0200: Memory Usage (468696K) : topmetal1_slit has 0 polygons
2026-08-10 18:01:53 +0200: Memory Usage (468824K) : topmetal1 has 8 polygons
2026-08-10 18:01:53 +0200: Memory Usage (468824K) : topmetal1_pin has 8 polygons
2026-08-10 18:01:53 +0200: Memory Usage (468952K) : topmetal1_mask has 0 polygons
2026-08-10 18:01:53 +0200: Memory Usage (468952K) : topmetal1_nofill has 0 polygons
2026-08-10 18:01:53 +0200: Memory Usage (469080K) : topmetal1_text has 8 polygons
2026-08-10 18:01:53 +0200: Memory Usage (469080K) : topmetal1_noqrc has 0 polygons
2026-08-10 18:01:53 +0200: Memory Usage (469208K) : topmetal1_res has 0 polygons
2026-08-10 18:01:53 +0200: Memory Usage (469208K) : topmetal1_iprobe has 0 polygons
2026-08-10 18:01:53 +0200: Memory Usage (469336K) : topmetal1_diffprb has 0 polygons
2026-08-10 18:01:53 +0200: Memory Usage (469336K) : inldpwl_drw has 0 polygons
2026-08-10 18:01:53 +0200: Memory Usage (469464K) : polyres_drw has 0 polygons
2026-08-10 18:01:53 +0200: Memory Usage (469592K) : polyres_pin has 0 polygons
2026-08-10 18:01:53 +0200: Memory Usage (469592K) : vmim_drw has 0 polygons
2026-08-10 18:01:53 +0200: Memory Usage (469720K) : nbulaycut_drw has 0 polygons
2026-08-10 18:01:53 +0200: Memory Usage (469720K) : antmetal1_drw has 0 polygons
2026-08-10 18:01:53 +0200: Memory Usage (469848K) : topvia2_drw has 1593 polygons
2026-08-10 18:01:53 +0200: Memory Usage (469976K) : topmetal2_drw has 6 polygons
2026-08-10 18:01:53 +0200: Memory Usage (469976K) : topmetal2_filler has 0 polygons
2026-08-10 18:01:53 +0200: Memory Usage (470104K) : topmetal2_slit has 0 polygons
2026-08-10 18:01:53 +0200: Memory Usage (470232K) : topmetal2 has 6 polygons
2026-08-10 18:01:53 +0200: Memory Usage (470232K) : topmetal2_pin has 6 polygons
2026-08-10 18:01:53 +0200: Memory Usage (470360K) : topmetal2_mask has 0 polygons
2026-08-10 18:01:53 +0200: Memory Usage (470360K) : topmetal2_nofill has 0 polygons
2026-08-10 18:01:53 +0200: Memory Usage (470488K) : topmetal2_text has 6 polygons
2026-08-10 18:01:53 +0200: Memory Usage (470488K) : topmetal2_noqrc has 0 polygons
2026-08-10 18:01:53 +0200: Memory Usage (470616K) : topmetal2_res has 0 polygons
2026-08-10 18:01:53 +0200: Memory Usage (470616K) : topmetal2_iprobe has 0 polygons
2026-08-10 18:01:53 +0200: Memory Usage (470744K) : topmetal2_diffprb has 0 polygons
2026-08-10 18:01:53 +0200: Memory Usage (470744K) : snsring_drw has 0 polygons
2026-08-10 18:01:53 +0200: Memory Usage (470872K) : sensor_drw has 0 polygons
2026-08-10 18:01:53 +0200: Memory Usage (470872K) : snsarms_drw has 0 polygons
2026-08-10 18:01:53 +0200: Memory Usage (471000K) : snscmosvia_drw has 0 polygons
2026-08-10 18:01:53 +0200: Memory Usage (471000K) : colwind_drw has 0 polygons
2026-08-10 18:01:53 +0200: Memory Usage (471128K) : flm_drw has 0 polygons
2026-08-10 18:01:53 +0200: Memory Usage (471256K) : hafniumox_drw has 0 polygons
2026-08-10 18:01:53 +0200: Memory Usage (471256K) : memvia_drw has 0 polygons
2026-08-10 18:01:53 +0200: Memory Usage (471384K) : thinfilmres_drw has 0 polygons
2026-08-10 18:01:53 +0200: Memory Usage (471384K) : rfmem_drw has 0 polygons
2026-08-10 18:01:53 +0200: Memory Usage (471512K) : norcx_drw has 0 polygons
2026-08-10 18:01:53 +0200: Memory Usage (471512K) : norcx_m2m3 has 0 polygons
2026-08-10 18:01:53 +0200: Memory Usage (471640K) : norcx_m2m4 has 0 polygons
2026-08-10 18:01:53 +0200: Memory Usage (471640K) : norcx_m2m5 has 0 polygons
2026-08-10 18:01:53 +0200: Memory Usage (471768K) : norcx_m2tm1 has 0 polygons
2026-08-10 18:01:53 +0200: Memory Usage (471768K) : norcx_m2tm2 has 0 polygons
2026-08-10 18:01:53 +0200: Memory Usage (471896K) : norcx_m3m4 has 0 polygons
2026-08-10 18:01:53 +0200: Memory Usage (472024K) : norcx_m3m5 has 0 polygons
2026-08-10 18:01:53 +0200: Memory Usage (472024K) : norcx_m3tm1 has 0 polygons
2026-08-10 18:01:53 +0200: Memory Usage (472152K) : norcx_m3tm2 has 0 polygons
2026-08-10 18:01:53 +0200: Memory Usage (472152K) : norcx_m4m5 has 0 polygons
2026-08-10 18:01:53 +0200: Memory Usage (472280K) : norcx_m4tm1 has 0 polygons
2026-08-10 18:01:53 +0200: Memory Usage (472280K) : norcx_m4tm2 has 0 polygons
2026-08-10 18:01:53 +0200: Memory Usage (472408K) : norcx_m5tm1 has 0 polygons
2026-08-10 18:01:53 +0200: Memory Usage (472408K) : norcx_m5tm2 has 0 polygons
2026-08-10 18:01:53 +0200: Memory Usage (472536K) : norcx_tm1tm2 has 0 polygons
2026-08-10 18:01:53 +0200: Memory Usage (472536K) : norcx_m1sub has 0 polygons
2026-08-10 18:01:53 +0200: Memory Usage (472664K) : norcx_m2sub has 0 polygons
2026-08-10 18:01:53 +0200: Memory Usage (472792K) : norcx_m3sub has 0 polygons
2026-08-10 18:01:53 +0200: Memory Usage (472792K) : norcx_m4sub has 0 polygons
2026-08-10 18:01:53 +0200: Memory Usage (472920K) : norcx_m5sub has 0 polygons
2026-08-10 18:01:53 +0200: Memory Usage (472920K) : norcx_tm1sub has 0 polygons
2026-08-10 18:01:53 +0200: Memory Usage (473048K) : norcx_tm2sub has 0 polygons
2026-08-10 18:01:53 +0200: Memory Usage (473048K) : snsbotvia_drw has 0 polygons
2026-08-10 18:01:53 +0200: Memory Usage (473176K) : snstopvia_drw has 0 polygons
2026-08-10 18:01:53 +0200: Memory Usage (473176K) : deepvia_drw has 0 polygons
2026-08-10 18:01:53 +0200: Memory Usage (473304K) : fgetch_drw has 0 polygons
2026-08-10 18:01:53 +0200: Memory Usage (473304K) : ctrgat_drw has 0 polygons
2026-08-10 18:01:53 +0200: Memory Usage (473432K) : fgimp_drw has 0 polygons
2026-08-10 18:01:53 +0200: Memory Usage (473560K) : emwihv_drw has 0 polygons
2026-08-10 18:01:53 +0200: Memory Usage (473560K) : lbe_drw has 0 polygons
2026-08-10 18:01:53 +0200: Memory Usage (473688K) : alcustop_drw has 0 polygons
2026-08-10 18:01:53 +0200: Memory Usage (473688K) : nometfiller_drw has 0 polygons
2026-08-10 18:01:53 +0200: Memory Usage (473816K) : prboundary_drw has 0 polygons
2026-08-10 18:01:53 +0200: Memory Usage (473816K) : exchange0_drw has 0 polygons
2026-08-10 18:01:53 +0200: Memory Usage (473944K) : exchange0_pin has 0 polygons
2026-08-10 18:01:53 +0200: Memory Usage (473944K) : exchange0_text has 0 polygons
2026-08-10 18:01:53 +0200: Memory Usage (474072K) : exchange1_drw has 0 polygons
2026-08-10 18:01:53 +0200: Memory Usage (474072K) : exchange1_pin has 0 polygons
2026-08-10 18:01:53 +0200: Memory Usage (474200K) : exchange1_text has 0 polygons
2026-08-10 18:01:53 +0200: Memory Usage (474200K) : exchange2_drw has 0 polygons
2026-08-10 18:01:53 +0200: Memory Usage (474328K) : exchange2_pin has 0 polygons
2026-08-10 18:01:53 +0200: Memory Usage (474328K) : exchange2_text has 0 polygons
2026-08-10 18:01:53 +0200: Memory Usage (474328K) : exchange3_drw has 0 polygons
2026-08-10 18:01:53 +0200: Memory Usage (474328K) : exchange3_pin has 0 polygons
2026-08-10 18:01:53 +0200: Memory Usage (474328K) : exchange3_text has 0 polygons
2026-08-10 18:01:53 +0200: Memory Usage (474328K) : exchange4_drw has 0 polygons
2026-08-10 18:01:53 +0200: Memory Usage (474328K) : exchange4_pin has 0 polygons
2026-08-10 18:01:53 +0200: Memory Usage (474328K) : exchange4_text has 0 polygons
2026-08-10 18:01:53 +0200: Memory Usage (474328K) : isonwell_drw has 0 polygons
2026-08-10 18:01:53 +0200: Memory Usage (474328K) : Total no. of polygons in the design is 57545
2026-08-10 18:01:53 +0200: Memory Usage (474328K) : Starting base layers derivations
2026-08-10 18:01:53 +0200: Memory Usage (474328K) : Starting general LVS derivations
2026-08-10 18:01:53 +0200: Memory Usage (478040K) : Starting MOSFET DERIVATIONS
2026-08-10 18:01:54 +0200: Memory Usage (478984K) : Starting NMOS DERIVATIONS
2026-08-10 18:01:54 +0200: Memory Usage (478984K) : Starting PMOS DERIVATIONS
2026-08-10 18:01:54 +0200: Memory Usage (478984K) : Starting RF-MOSFET DERIVATIONS
2026-08-10 18:01:54 +0200: Memory Usage (478984K) : Starting RF-NMOS DERIVATIONS
2026-08-10 18:01:54 +0200: Memory Usage (478984K) : Starting RF-PMOS DERIVATIONS
2026-08-10 18:01:54 +0200: Memory Usage (478984K) : Starting BJT DERIVATIONS
2026-08-10 18:01:54 +0200: Memory Usage (478984K) : Starting NPN-BJT DERIVATIONS
2026-08-10 18:01:54 +0200: Memory Usage (478984K) : Starting PNP-BJT DERIVATIONS
2026-08-10 18:01:54 +0200: Memory Usage (478984K) : Starting DIODE DERIVATIONS
2026-08-10 18:01:54 +0200: Memory Usage (478932K) : Starting RESISTOR DERIVATIONS
2026-08-10 18:01:55 +0200: Memory Usage (478932K) : Starting CAP DERIVATIONS
2026-08-10 18:01:55 +0200: Memory Usage (478932K) : Starting CAP_CMOM DERIVATIONS
2026-08-10 18:01:55 +0200: Memory Usage (478932K) : Starting ESD DERIVATIONS
2026-08-10 18:01:55 +0200: Memory Usage (480212K) : Starting Inductor DERIVATIONS
2026-08-10 18:01:55 +0200: Memory Usage (480212K) : Starting Taps DERIVATIONS
2026-08-10 18:01:55 +0200: Memory Usage (480212K) : Starting SG13G2 LVS connectivity setup
2026-08-10 18:01:55 +0200: Memory Usage (480212K) : Starting SG13G2 LVS connectivity setup (Inter-layer)
2026-08-10 18:01:55 +0200: Memory Usage (480340K) : Starting SG13G2 LVS connectivity setup (Global)
2026-08-10 18:01:55 +0200: Memory Usage (480340K) : Starting LVS MOSFET CONNECTIONS
2026-08-10 18:01:55 +0200: Memory Usage (480340K) : Starting LVS RF-MOSFET CONNECTIONS
2026-08-10 18:01:55 +0200: Memory Usage (480340K) : Starting LVS BJT CONNECTIONS
2026-08-10 18:01:55 +0200: Memory Usage (480340K) : Starting LVS DIODE CONNECTIONS
2026-08-10 18:01:55 +0200: Memory Usage (480340K) : Starting RESISTOR CONNECTIONS
2026-08-10 18:01:55 +0200: Memory Usage (480340K) : Starting LVS CAP CONNECTIONS
2026-08-10 18:01:55 +0200: Memory Usage (480340K) : Starting CAP_CMOM CONNECTIONS
2026-08-10 18:01:55 +0200: Memory Usage (480340K) : Starting ESD CONNECTIONS
2026-08-10 18:01:55 +0200: Memory Usage (480340K) : Starting Inductor CONNECTIONS
2026-08-10 18:01:55 +0200: Memory Usage (480340K) : Starting LVS Taps CONNECTIONS
2026-08-10 18:01:55 +0200: Memory Usage (480340K) : Starting SG13G2 LVS DEVICES EXTRACTION
2026-08-10 18:01:55 +0200: Memory Usage (480340K) : Starting MOSFET EXTRACTION
2026-08-10 18:01:55 +0200: Memory Usage (480340K) : Starting NMOS EXTRACTION
2026-08-10 18:01:55 +0200: Memory Usage (480340K) : Extraction of NMOS-LV transistor
2026-08-10 18:01:55 +0200: Memory Usage (480724K) : Extraction of NMOS-HV transistor
2026-08-10 18:01:55 +0200: Memory Usage (480724K) : Starting PMOS EXTRACTION
2026-08-10 18:01:55 +0200: Memory Usage (480724K) : Extraction of PMOS-LV transistor
2026-08-10 18:01:55 +0200: Memory Usage (480724K) : Extraction of PMOS-HV transistor
2026-08-10 18:01:55 +0200: Memory Usage (480724K) : Starting RF-MOSFET EXTRACTION
2026-08-10 18:01:55 +0200: Memory Usage (480724K) : Extraction of RF-NMOS-LV transistor
2026-08-10 18:01:55 +0200: Memory Usage (480724K) : Extraction of RF-NMOS-HV transistor
2026-08-10 18:01:55 +0200: Memory Usage (480724K) : Extraction of RF-PMOS-LV transistor
2026-08-10 18:01:55 +0200: Memory Usage (480724K) : Extraction of RF-PMOS-HV transistor
2026-08-10 18:01:55 +0200: Memory Usage (480724K) : Starting BJT EXTRACTION
2026-08-10 18:01:55 +0200: Memory Usage (480724K) : Starting NPN-BJT EXTRACTION
2026-08-10 18:01:55 +0200: Memory Usage (480724K) : Extraction of npn13G2 BJT transistor
2026-08-10 18:01:55 +0200: Memory Usage (480724K) : Extraction of npn13G2L BJT transistor
2026-08-10 18:01:55 +0200: Memory Usage (480724K) : Extraction of npn13G2V BJT transistor
2026-08-10 18:01:55 +0200: Memory Usage (480724K) : Starting PNP-BJT EXTRACTION
2026-08-10 18:01:55 +0200: Memory Usage (480724K) : Extracting pnpMPA BJT
2026-08-10 18:01:55 +0200: Memory Usage (480724K) : Starting DIODE EXTRACTION
2026-08-10 18:01:55 +0200: Memory Usage (480724K) : Extracting dantenna diode
2026-08-10 18:01:55 +0200: Memory Usage (480724K) : Extracting dpantenna diode
2026-08-10 18:01:55 +0200: Memory Usage (480724K) : Extracting schottky_nbl1 diode
2026-08-10 18:01:55 +0200: Memory Usage (480724K) : Extracting isolbox diode
2026-08-10 18:01:55 +0200: Memory Usage (480724K) : Starting RESISTOR EXTRACTION
2026-08-10 18:01:55 +0200: Memory Usage (480724K) : Extracting rsil resistor
2026-08-10 18:01:55 +0200: Memory Usage (480724K) : Extracting rppd resistor
2026-08-10 18:01:56 +0200: Memory Usage (480724K) : Extracting rhigh resistor
2026-08-10 18:01:56 +0200: Memory Usage (480724K) : Extracting res_metal1 resistor
2026-08-10 18:01:56 +0200: Memory Usage (480724K) : Extracting res_metal2 resistor
2026-08-10 18:01:56 +0200: Memory Usage (480724K) : Extracting res_metal3 resistor
2026-08-10 18:01:56 +0200: Memory Usage (480724K) : Extracting res_metal4 resistor
2026-08-10 18:01:56 +0200: Memory Usage (480724K) : Extracting res_metal5 resistor
2026-08-10 18:01:56 +0200: Memory Usage (480724K) : Extracting res_topmetal1 resistor
2026-08-10 18:01:56 +0200: Memory Usage (480724K) : Extracting res_topmetal2 resistor
2026-08-10 18:01:56 +0200: Memory Usage (480724K) : Starting CAP EXTRACTION
2026-08-10 18:01:56 +0200: Memory Usage (480724K) : Extracting cap_cmim device
2026-08-10 18:01:56 +0200: Memory Usage (480724K) : Extracting rfcmim device
2026-08-10 18:01:56 +0200: Memory Usage (480724K) : Extracting sg13_hv_svaricap varactor
2026-08-10 18:01:56 +0200: Memory Usage (480724K) : Extracting cap_cmomi device
2026-08-10 18:01:56 +0200: Memory Usage (480724K) : Extracting sg13_moscap_n capacitor
2026-08-10 18:01:56 +0200: Memory Usage (480724K) : Extracting sg13_moscap_p capacitor
2026-08-10 18:01:56 +0200: Memory Usage (480724K) : Starting ESD EXTRACTION
2026-08-10 18:01:56 +0200: Memory Usage (480724K) : Extracting diodevdd_2kv ESD device
2026-08-10 18:01:56 +0200: Memory Usage (480724K) : Extracting diodevdd_4kv ESD device
2026-08-10 18:01:56 +0200: Memory Usage (480724K) : Extracting diodevss_2kv ESD device
2026-08-10 18:01:56 +0200: Memory Usage (480724K) : Extracting diodevss_4kv ESD device
2026-08-10 18:01:56 +0200: Memory Usage (480724K) : Extracting idiodevdd_2kv ESD device
2026-08-10 18:01:56 +0200: Memory Usage (480724K) : Extracting idiodevdd_4kv ESD device
2026-08-10 18:01:56 +0200: Memory Usage (480724K) : Extracting idiodevss_2kv ESD device
2026-08-10 18:01:56 +0200: Memory Usage (480724K) : Extracting idiodevss_4kv ESD device
2026-08-10 18:01:56 +0200: Memory Usage (480724K) : Extracting nmoscl_2 ESD device
2026-08-10 18:01:56 +0200: Memory Usage (480724K) : Extracting nmoscl_4 ESD device
2026-08-10 18:01:56 +0200: Memory Usage (480724K) : Starting Inductor EXTRACTION
2026-08-10 18:01:56 +0200: Memory Usage (480724K) : Extracting Inductor2 device
2026-08-10 18:01:56 +0200: Memory Usage (480724K) : Extracting Inductor3 device
2026-08-10 18:01:56 +0200: Memory Usage (480724K) : Starting Taps EXTRACTION
2026-08-10 18:01:56 +0200: Memory Usage (480724K) : Extracting ntap1 device
2026-08-10 18:01:56 +0200: Memory Usage (480724K) : Extracting ptap1 device
2026-08-10 18:01:56 +0200: Memory Usage (480724K) : Starting SG13G2 LVS RF MOS Model Mapping
2026-08-10 18:01:56 +0200: Memory Usage (495956K) : [layout_netlist] Apply RF MOS model mapping and rfmode parameter.
2026-08-10 18:01:56 +0200: Memory Usage (495956K) : Starting SG13G2 LVS Options Preparations
2026-08-10 18:01:56 +0200: Memory Usage (495956K) : SG13G2 LVS flow: extraction -> alignment -> option preparation -> comparison.
2026-08-10 18:01:56 +0200: Memory Usage (495956K) : Starting SG13G2 LVS Alignment
2026-08-10 18:01:56 +0200: Memory Usage (496084K) : Starting SG13G2 LVS Simplification
2026-08-10 18:01:56 +0200: Memory Usage (496084K) : [layout_netlist] simplify: ENABLED
2026-08-10 18:01:56 +0200: Memory Usage (496084K) : [layout_netlist] make_top_level_pins: SKIPPED
2026-08-10 18:01:56 +0200: Memory Usage (496084K) : [layout_netlist] combine_devices: ENABLED
2026-08-10 18:01:56 +0200: Memory Usage (496084K) : [layout_netlist] purge: SKIPPED
2026-08-10 18:01:56 +0200: Memory Usage (496084K) : [layout_netlist] purge_nets: SKIPPED
2026-08-10 18:01:56 +0200: Memory Usage (496084K) : [schematic_netlist] simplify: ENABLED
2026-08-10 18:01:56 +0200: Memory Usage (496084K) : [schematic_netlist] make_top_level_pins: SKIPPED
2026-08-10 18:01:56 +0200: Memory Usage (496084K) : [schematic_netlist] combine_devices: ENABLED
2026-08-10 18:01:56 +0200: Memory Usage (496084K) : [schematic_netlist] purge: SKIPPED
2026-08-10 18:01:56 +0200: Memory Usage (496084K) : [schematic_netlist] purge_nets: SKIPPED
2026-08-10 18:01:56 +0200: Memory Usage (496084K) : Starting SG13G2 LVS Comparison
2026-08-10 18:01:56 +0200: Memory Usage (496212K) : ==========================================
2026-08-10 18:01:56 +0200: Memory Usage (496212K) : INFO : Congratulations! Netlists match.
2026-08-10 18:01:56 +0200: Memory Usage (496212K) : ==========================================
2026-08-10 18:01:56 +0200: Memory Usage (496212K) : LVS Total Run time 4.591994 seconds
