03-Aug-2026 14:20:40 | INFO    | Your Klayout version is: KLayout 0.30.9 (required >= 0.30.5)
03-Aug-2026 14:20:40 | INFO    | Running SG13G2 LVS checks on design /foss/designs/ihp-open-pdk-regression/IOPADS/layout/sg13g2_IOPadOut16mA.gds on cell sg13g2_IOPadOut16mA
2026-08-03 14:20:43 +0200: Memory Usage (455496K) : Starting running SG13G2 Klayout LVS runset on /foss/designs/ihp-open-pdk-regression/IOPADS/layout/sg13g2_IOPadOut16mA.gds
2026-08-03 14:20:43 +0200: Memory Usage (455496K) : Ruby Version for klayout: 3.2.3
2026-08-03 14:20:43 +0200: Memory Usage (456648K) : Loading database to memory is complete.
2026-08-03 14:20:43 +0200: Memory Usage (456648K) : SG13G2 Klayout LVS runset output at: /foss/designs/ihp-open-pdk-regression/IOPADS/lvs_sweep/20260803_141940/sg13g2_IOPadOut16mA/sg13g2_IOPadOut16mA.lvsdb
2026-08-03 14:20:43 +0200: Memory Usage (456648K) : Evaluate switches.
2026-08-03 14:20:43 +0200: Memory Usage (456648K) : Extracted netlist with net names: true
2026-08-03 14:20:43 +0200: Memory Usage (456648K) : Extracted netlist with comments in details: false
2026-08-03 14:20:43 +0200: Memory Usage (456648K) : Selected NET_ONLY option: false
2026-08-03 14:20:43 +0200: Memory Usage (456648K) : Selected LAYOUT_NETLIST option: (none)
2026-08-03 14:20:43 +0200: Memory Usage (456648K) : Selected IGNORE_TOP_PORTS_MISMATCH option: 
2026-08-03 14:20:43 +0200: Memory Usage (456648K) : Selected IMPLICIT_NETS option: (none)
2026-08-03 14:20:43 +0200: Memory Usage (456648K) : Selected TOP_LVL_PINS option: false
2026-08-03 14:20:43 +0200: Memory Usage (456648K) : Selected COMBINE DEVICES option: false
2026-08-03 14:20:43 +0200: Memory Usage (456648K) : Selected PURGE option: false
2026-08-03 14:20:43 +0200: Memory Usage (456648K) : Selected PURGE_NETS option: false
2026-08-03 14:20:43 +0200: Memory Usage (456648K) : Selected SIMPLIFY option: true
2026-08-03 14:20:43 +0200: Memory Usage (456648K) : Selected SERIES_RES option: true
2026-08-03 14:20:43 +0200: Memory Usage (456648K) : Selected PARALLEL_RES option: true
2026-08-03 14:20:43 +0200: Memory Usage (456648K) : Selected DISABLE_TAP_EXTRACTION option: false
2026-08-03 14:20:43 +0200: Memory Usage (456648K) : deep  mode is enabled.
2026-08-03 14:20:43 +0200: Memory Usage (457032K) : Netlist file: /foss/designs/ihp-open-pdk-regression/IOPADS/netlist/pads/sg13g2_IOPadOut16mA.spi
2026-08-03 14:20:43 +0200: Memory Usage (457032K) : LVS extracted netlist at: /foss/designs/ihp-open-pdk-regression/IOPADS/lvs_sweep/20260803_141940/sg13g2_IOPadOut16mA/sg13g2_IOPadOut16mA_extracted.cir
2026-08-03 14:20:43 +0200: Memory Usage (457032K) : Applying SRAM integration support.
2026-08-03 14:20:43 +0200: Memory Usage (457032K) : Starting SG13G2 LVS runset
2026-08-03 14:20:43 +0200: Memory Usage (457032K) : Read in polygons from layers.
2026-08-03 14:20:43 +0200: Memory Usage (458440K) : activ_drw has 75 polygons
2026-08-03 14:20:43 +0200: Memory Usage (458824K) : activ_filler has 0 polygons
2026-08-03 14:20:43 +0200: Memory Usage (458952K) : activ has 75 polygons
2026-08-03 14:20:43 +0200: Memory Usage (458952K) : activ_pin has 0 polygons
2026-08-03 14:20:43 +0200: Memory Usage (458952K) : activ_mask has 0 polygons
2026-08-03 14:20:43 +0200: Memory Usage (458952K) : activ_nofill has 0 polygons
2026-08-03 14:20:43 +0200: Memory Usage (458952K) : activ_OPC has 0 polygons
2026-08-03 14:20:43 +0200: Memory Usage (458952K) : activ_iOPC has 0 polygons
2026-08-03 14:20:43 +0200: Memory Usage (458952K) : activ_noqrc has 0 polygons
2026-08-03 14:20:43 +0200: Memory Usage (459080K) : biwind_drw has 0 polygons
2026-08-03 14:20:43 +0200: Memory Usage (459080K) : biwind_OPC has 0 polygons
2026-08-03 14:20:43 +0200: Memory Usage (459208K) : gatpoly_drw has 40 polygons
2026-08-03 14:20:43 +0200: Memory Usage (459208K) : gatpoly_filler has 0 polygons
2026-08-03 14:20:43 +0200: Memory Usage (459336K) : gatpoly has 40 polygons
2026-08-03 14:20:43 +0200: Memory Usage (459336K) : gatpoly_pin has 0 polygons
2026-08-03 14:20:43 +0200: Memory Usage (459464K) : gatpoly_nofill has 0 polygons
2026-08-03 14:20:43 +0200: Memory Usage (459464K) : gatpoly_OPC has 0 polygons
2026-08-03 14:20:43 +0200: Memory Usage (459592K) : gatpoly_iOPC has 0 polygons
2026-08-03 14:20:43 +0200: Memory Usage (459592K) : gatpoly_noqrc has 0 polygons
2026-08-03 14:20:43 +0200: Memory Usage (461000K) : cont_drw has 45918 polygons
2026-08-03 14:20:43 +0200: Memory Usage (461000K) : cont_OPC has 0 polygons
2026-08-03 14:20:43 +0200: Memory Usage (461000K) : nsd_drw has 0 polygons
2026-08-03 14:20:43 +0200: Memory Usage (461000K) : nsd_block has 0 polygons
2026-08-03 14:20:43 +0200: Memory Usage (461000K) : metal1_drw has 241 polygons
2026-08-03 14:20:43 +0200: Memory Usage (461000K) : metal1_filler has 0 polygons
2026-08-03 14:20:43 +0200: Memory Usage (461000K) : metal1_slit has 0 polygons
2026-08-03 14:20:43 +0200: Memory Usage (461384K) : metal1 has 241 polygons
2026-08-03 14:20:43 +0200: Memory Usage (461384K) : metal1_pin has 26 polygons
2026-08-03 14:20:43 +0200: Memory Usage (461384K) : metal1_mask has 0 polygons
2026-08-03 14:20:43 +0200: Memory Usage (461384K) : metal1_nofill has 0 polygons
2026-08-03 14:20:43 +0200: Memory Usage (461640K) : metal1_text has 26 polygons
2026-08-03 14:20:43 +0200: Memory Usage (461640K) : metal1_OPC has 0 polygons
2026-08-03 14:20:43 +0200: Memory Usage (461640K) : metal1_noqrc has 0 polygons
2026-08-03 14:20:43 +0200: Memory Usage (461768K) : metal1_res has 0 polygons
2026-08-03 14:20:43 +0200: Memory Usage (461896K) : metal1_iprobe has 0 polygons
2026-08-03 14:20:43 +0200: Memory Usage (461896K) : metal1_diffprb has 0 polygons
2026-08-03 14:20:43 +0200: Memory Usage (462024K) : passiv_drw has 0 polygons
2026-08-03 14:20:43 +0200: Memory Usage (462024K) : passiv_pin has 0 polygons
2026-08-03 14:20:43 +0200: Memory Usage (462152K) : passiv_sbump has 0 polygons
2026-08-03 14:20:43 +0200: Memory Usage (462152K) : passiv_pillar has 0 polygons
2026-08-03 14:20:43 +0200: Memory Usage (462280K) : passiv_pdl has 0 polygons
2026-08-03 14:20:43 +0200: Memory Usage (462280K) : metal2_drw has 70 polygons
2026-08-03 14:20:43 +0200: Memory Usage (462408K) : metal2_filler has 0 polygons
2026-08-03 14:20:43 +0200: Memory Usage (462408K) : metal2_slit has 0 polygons
2026-08-03 14:20:43 +0200: Memory Usage (462536K) : metal2 has 70 polygons
2026-08-03 14:20:43 +0200: Memory Usage (462664K) : metal2_pin has 19 polygons
2026-08-03 14:20:43 +0200: Memory Usage (462664K) : metal2_mask has 0 polygons
2026-08-03 14:20:43 +0200: Memory Usage (462792K) : metal2_nofill has 0 polygons
2026-08-03 14:20:43 +0200: Memory Usage (462792K) : metal2_text has 19 polygons
2026-08-03 14:20:43 +0200: Memory Usage (462920K) : metal2_OPC has 0 polygons
2026-08-03 14:20:43 +0200: Memory Usage (462920K) : metal2_noqrc has 0 polygons
2026-08-03 14:20:43 +0200: Memory Usage (463048K) : metal2_res has 0 polygons
2026-08-03 14:20:43 +0200: Memory Usage (463048K) : metal2_iprobe has 0 polygons
2026-08-03 14:20:43 +0200: Memory Usage (463176K) : metal2_diffprb has 0 polygons
2026-08-03 14:20:43 +0200: Memory Usage (463176K) : baspoly_drw has 0 polygons
2026-08-03 14:20:43 +0200: Memory Usage (463304K) : baspoly_pin has 0 polygons
2026-08-03 14:20:43 +0200: Memory Usage (463304K) : psd_drw has 30 polygons
2026-08-03 14:20:43 +0200: Memory Usage (463432K) : nldb_drw has 0 polygons
2026-08-03 14:20:43 +0200: Memory Usage (463432K) : digibnd_drw has 0 polygons
2026-08-03 14:20:43 +0200: Memory Usage (463560K) : via1_drw has 1668 polygons
2026-08-03 14:20:43 +0200: Memory Usage (463688K) : backmetal1_drw has 0 polygons
2026-08-03 14:20:43 +0200: Memory Usage (463816K) : backmetal1_pin has 0 polygons
2026-08-03 14:20:43 +0200: Memory Usage (463816K) : backmetal1_mask has 0 polygons
2026-08-03 14:20:43 +0200: Memory Usage (463944K) : backmetal1_filler has 0 polygons
2026-08-03 14:20:43 +0200: Memory Usage (463944K) : backmetal1_nofill has 0 polygons
2026-08-03 14:20:43 +0200: Memory Usage (464072K) : backmetal1_slit has 0 polygons
2026-08-03 14:20:43 +0200: Memory Usage (464072K) : backmetal1_text has 0 polygons
2026-08-03 14:20:43 +0200: Memory Usage (464200K) : backmetal1_OPC has 0 polygons
2026-08-03 14:20:43 +0200: Memory Usage (464328K) : backmetal1_noqrc has 0 polygons
2026-08-03 14:20:43 +0200: Memory Usage (464328K) : backmetal1_res has 0 polygons
2026-08-03 14:20:43 +0200: Memory Usage (464456K) : backmetal1_iprobe has 0 polygons
2026-08-03 14:20:43 +0200: Memory Usage (464456K) : backmetal1_diffprb has 0 polygons
2026-08-03 14:20:43 +0200: Memory Usage (464584K) : backpassiv_drw has 0 polygons
2026-08-03 14:20:43 +0200: Memory Usage (464584K) : res_drw has 0 polygons
2026-08-03 14:20:43 +0200: Memory Usage (464712K) : sram_drw has 0 polygons
2026-08-03 14:20:43 +0200: Memory Usage (464712K) : trans_drw has 0 polygons
2026-08-03 14:20:43 +0200: Memory Usage (464840K) : ind_drw has 0 polygons
2026-08-03 14:20:43 +0200: Memory Usage (464840K) : ind_pin has 0 polygons
2026-08-03 14:20:43 +0200: Memory Usage (464968K) : ind_text has 0 polygons
2026-08-03 14:20:43 +0200: Memory Usage (464968K) : salblock_drw has 0 polygons
2026-08-03 14:20:43 +0200: Memory Usage (465096K) : via2_drw has 1448 polygons
2026-08-03 14:20:43 +0200: Memory Usage (465096K) : metal3_drw has 19 polygons
2026-08-03 14:20:43 +0200: Memory Usage (465224K) : metal3_filler has 0 polygons
2026-08-03 14:20:43 +0200: Memory Usage (465224K) : metal3_slit has 0 polygons
2026-08-03 14:20:43 +0200: Memory Usage (465352K) : metal3 has 19 polygons
2026-08-03 14:20:43 +0200: Memory Usage (465608K) : metal3_pin has 9 polygons
2026-08-03 14:20:43 +0200: Memory Usage (465608K) : metal3_mask has 0 polygons
2026-08-03 14:20:43 +0200: Memory Usage (465736K) : metal3_nofill has 0 polygons
2026-08-03 14:20:43 +0200: Memory Usage (465736K) : metal3_text has 9 polygons
2026-08-03 14:20:43 +0200: Memory Usage (465864K) : metal3_OPC has 0 polygons
2026-08-03 14:20:43 +0200: Memory Usage (465864K) : metal3_noqrc has 0 polygons
2026-08-03 14:20:43 +0200: Memory Usage (465992K) : metal3_res has 0 polygons
2026-08-03 14:20:43 +0200: Memory Usage (465992K) : metal3_iprobe has 0 polygons
2026-08-03 14:20:43 +0200: Memory Usage (466120K) : metal3_diffprb has 0 polygons
2026-08-03 14:20:43 +0200: Memory Usage (466120K) : nwell_drw has 21 polygons
2026-08-03 14:20:43 +0200: Memory Usage (466248K) : nwell_pin has 0 polygons
2026-08-03 14:20:43 +0200: Memory Usage (466248K) : nwell_text has 0 polygons
2026-08-03 14:20:43 +0200: Memory Usage (466376K) : nbulay_drw has 0 polygons
2026-08-03 14:20:43 +0200: Memory Usage (466376K) : nbulay_pin has 0 polygons
2026-08-03 14:20:43 +0200: Memory Usage (466504K) : nbulay_block has 0 polygons
2026-08-03 14:20:43 +0200: Memory Usage (466504K) : emwind_drw has 0 polygons
2026-08-03 14:20:43 +0200: Memory Usage (466632K) : emwind_OPC has 0 polygons
2026-08-03 14:20:43 +0200: Memory Usage (466632K) : deepco_drw has 0 polygons
2026-08-03 14:20:43 +0200: Memory Usage (466760K) : mim_drw has 0 polygons
2026-08-03 14:20:43 +0200: Memory Usage (466760K) : edgeseal_drw has 0 polygons
2026-08-03 14:20:43 +0200: Memory Usage (466760K) : substrate_drw has 19 polygons
2026-08-03 14:20:43 +0200: Memory Usage (466888K) : substrate_text has 0 polygons
2026-08-03 14:20:43 +0200: Memory Usage (466888K) : dfpad_drw has 0 polygons
2026-08-03 14:20:43 +0200: Memory Usage (467016K) : dfpad_pillar has 0 polygons
2026-08-03 14:20:43 +0200: Memory Usage (467016K) : dfpad_sbump has 0 polygons
2026-08-03 14:20:43 +0200: Memory Usage (467144K) : thickgateox_drw has 4 polygons
2026-08-03 14:20:43 +0200: Memory Usage (467144K) : pldb_drw has 0 polygons
2026-08-03 14:20:43 +0200: Memory Usage (467272K) : pwell_drw has 0 polygons
2026-08-03 14:20:43 +0200: Memory Usage (467272K) : pwell_pin has 0 polygons
2026-08-03 14:20:43 +0200: Memory Usage (467272K) : pwell_block has 0 polygons
2026-08-03 14:20:43 +0200: Memory Usage (467400K) : ic_drw has 0 polygons
2026-08-03 14:20:43 +0200: Memory Usage (467400K) : via3_drw has 2087 polygons
2026-08-03 14:20:43 +0200: Memory Usage (467656K) : metal4_drw has 8 polygons
2026-08-03 14:20:43 +0200: Memory Usage (467656K) : metal4_filler has 0 polygons
2026-08-03 14:20:43 +0200: Memory Usage (467656K) : metal4_slit has 0 polygons
2026-08-03 14:20:43 +0200: Memory Usage (467784K) : metal4 has 8 polygons
2026-08-03 14:20:43 +0200: Memory Usage (467912K) : metal4_pin has 8 polygons
2026-08-03 14:20:43 +0200: Memory Usage (467912K) : metal4_mask has 0 polygons
2026-08-03 14:20:43 +0200: Memory Usage (468040K) : metal4_nofill has 0 polygons
2026-08-03 14:20:43 +0200: Memory Usage (468040K) : metal4_text has 8 polygons
2026-08-03 14:20:43 +0200: Memory Usage (468168K) : metal4_OPC has 0 polygons
2026-08-03 14:20:43 +0200: Memory Usage (468168K) : metal4_noqrc has 0 polygons
2026-08-03 14:20:43 +0200: Memory Usage (468296K) : metal4_res has 0 polygons
2026-08-03 14:20:43 +0200: Memory Usage (468296K) : metal4_iprobe has 0 polygons
2026-08-03 14:20:43 +0200: Memory Usage (468424K) : metal4_diffprb has 0 polygons
2026-08-03 14:20:43 +0200: Memory Usage (468424K) : heattrans_drw has 0 polygons
2026-08-03 14:20:43 +0200: Memory Usage (468552K) : heatres_drw has 0 polygons
2026-08-03 14:20:43 +0200: Memory Usage (468552K) : fbe_drw has 0 polygons
2026-08-03 14:20:43 +0200: Memory Usage (468552K) : empoly_drw has 0 polygons
2026-08-03 14:20:43 +0200: Memory Usage (468680K) : digisub_drw has 0 polygons
2026-08-03 14:20:43 +0200: Memory Usage (468680K) : text_drw has 13 polygons
2026-08-03 14:20:43 +0200: Memory Usage (468808K) : via4_drw has 2371 polygons
2026-08-03 14:20:43 +0200: Memory Usage (468936K) : metal5_drw has 8 polygons
2026-08-03 14:20:43 +0200: Memory Usage (468936K) : metal5_filler has 0 polygons
2026-08-03 14:20:43 +0200: Memory Usage (469064K) : metal5_slit has 0 polygons
2026-08-03 14:20:43 +0200: Memory Usage (469192K) : metal5 has 8 polygons
2026-08-03 14:20:43 +0200: Memory Usage (469192K) : metal5_pin has 8 polygons
2026-08-03 14:20:43 +0200: Memory Usage (469320K) : metal5_mask has 0 polygons
2026-08-03 14:20:43 +0200: Memory Usage (469320K) : metal5_nofill has 0 polygons
2026-08-03 14:20:43 +0200: Memory Usage (469448K) : metal5_text has 8 polygons
2026-08-03 14:20:43 +0200: Memory Usage (469448K) : metal5_OPC has 0 polygons
2026-08-03 14:20:43 +0200: Memory Usage (469448K) : metal5_noqrc has 0 polygons
2026-08-03 14:20:43 +0200: Memory Usage (469576K) : metal5_res has 0 polygons
2026-08-03 14:20:43 +0200: Memory Usage (469576K) : metal5_iprobe has 0 polygons
2026-08-03 14:20:43 +0200: Memory Usage (469704K) : metal5_diffprb has 0 polygons
2026-08-03 14:20:43 +0200: Memory Usage (469704K) : radhard_drw has 0 polygons
2026-08-03 14:20:43 +0200: Memory Usage (469832K) : memcap_drw has 0 polygons
2026-08-03 14:20:43 +0200: Memory Usage (469832K) : varicap_drw has 0 polygons
2026-08-03 14:20:43 +0200: Memory Usage (469960K) : intbondvia_drw has 0 polygons
2026-08-03 14:20:43 +0200: Memory Usage (469960K) : intbondmet_drw has 0 polygons
2026-08-03 14:20:43 +0200: Memory Usage (470088K) : devbondvia_drw has 0 polygons
2026-08-03 14:20:43 +0200: Memory Usage (470088K) : devbondmet_drw has 0 polygons
2026-08-03 14:20:43 +0200: Memory Usage (470216K) : devtrench_drw has 0 polygons
2026-08-03 14:20:43 +0200: Memory Usage (470216K) : redist_drw has 0 polygons
2026-08-03 14:20:43 +0200: Memory Usage (470216K) : graphbot_drw has 0 polygons
2026-08-03 14:20:43 +0200: Memory Usage (470344K) : graphtop_drw has 0 polygons
2026-08-03 14:20:43 +0200: Memory Usage (470344K) : antvia1_drw has 0 polygons
2026-08-03 14:20:43 +0200: Memory Usage (470472K) : antmetal2_drw has 0 polygons
2026-08-03 14:20:43 +0200: Memory Usage (470472K) : graphcont_drw has 0 polygons
2026-08-03 14:20:43 +0200: Memory Usage (470600K) : siwg_drw has 0 polygons
2026-08-03 14:20:43 +0200: Memory Usage (470600K) : siwg_filler has 0 polygons
2026-08-03 14:20:43 +0200: Memory Usage (470728K) : siwg_nofill has 0 polygons
2026-08-03 14:20:43 +0200: Memory Usage (470728K) : sigrating_drw has 0 polygons
2026-08-03 14:20:43 +0200: Memory Usage (470856K) : singrating_drw has 0 polygons
2026-08-03 14:20:43 +0200: Memory Usage (470856K) : graphpas_drw has 0 polygons
2026-08-03 14:20:43 +0200: Memory Usage (470984K) : emwind3_drw has 0 polygons
2026-08-03 14:20:43 +0200: Memory Usage (470984K) : emwihv3_drw has 0 polygons
2026-08-03 14:20:43 +0200: Memory Usage (471112K) : redbulay_drw has 0 polygons
2026-08-03 14:20:43 +0200: Memory Usage (471112K) : smos_drw has 0 polygons
2026-08-03 14:20:43 +0200: Memory Usage (471240K) : graphpad_drw has 0 polygons
2026-08-03 14:20:43 +0200: Memory Usage (471240K) : polimide_drw has 0 polygons
2026-08-03 14:20:43 +0200: Memory Usage (471368K) : polimide_pin has 0 polygons
2026-08-03 14:20:43 +0200: Memory Usage (471368K) : recog_drw has 0 polygons
2026-08-03 14:20:43 +0200: Memory Usage (471368K) : recog_pin has 0 polygons
2026-08-03 14:20:43 +0200: Memory Usage (471368K) : recog_esd has 0 polygons
2026-08-03 14:20:43 +0200: Memory Usage (471368K) : recog_diode has 6 polygons
2026-08-03 14:20:43 +0200: Memory Usage (471368K) : recog_tsv has 0 polygons
2026-08-03 14:20:43 +0200: Memory Usage (471368K) : recog_iprobe has 0 polygons
2026-08-03 14:20:43 +0200: Memory Usage (471368K) : recog_diffprb has 0 polygons
2026-08-03 14:20:43 +0200: Memory Usage (471368K) : recog_pillar has 0 polygons
2026-08-03 14:20:43 +0200: Memory Usage (471368K) : recog_sbump has 0 polygons
2026-08-03 14:20:43 +0200: Memory Usage (471368K) : recog_otp has 0 polygons
2026-08-03 14:20:43 +0200: Memory Usage (471368K) : recog_pdiode has 0 polygons
2026-08-03 14:20:43 +0200: Memory Usage (471368K) : recog_mom has 0 polygons
2026-08-03 14:20:43 +0200: Memory Usage (471368K) : recog_pcm has 0 polygons
2026-08-03 14:20:43 +0200: Memory Usage (471368K) : colopen_drw has 0 polygons
2026-08-03 14:20:43 +0200: Memory Usage (471368K) : graphmetal1_drw has 0 polygons
2026-08-03 14:20:43 +0200: Memory Usage (471368K) : graphmetal1_filler has 0 polygons
2026-08-03 14:20:43 +0200: Memory Usage (471368K) : graphmetal1_nofill has 0 polygons
2026-08-03 14:20:43 +0200: Memory Usage (471368K) : graphmetal1_slit has 0 polygons
2026-08-03 14:20:43 +0200: Memory Usage (471368K) : graphmetal1_OPC has 0 polygons
2026-08-03 14:20:43 +0200: Memory Usage (471368K) : graphmet1l_drw has 0 polygons
2026-08-03 14:20:43 +0200: Memory Usage (471368K) : graphmet1l_filler has 0 polygons
2026-08-03 14:20:43 +0200: Memory Usage (471368K) : graphmet1l_nofill has 0 polygons
2026-08-03 14:20:43 +0200: Memory Usage (471368K) : graphmet1l_slit has 0 polygons
2026-08-03 14:20:43 +0200: Memory Usage (471368K) : graphmet1l_OPC has 0 polygons
2026-08-03 14:20:43 +0200: Memory Usage (471368K) : extblock_drw has 0 polygons
2026-08-03 14:20:43 +0200: Memory Usage (471368K) : nldd_drw has 0 polygons
2026-08-03 14:20:43 +0200: Memory Usage (471368K) : pldd_drw has 0 polygons
2026-08-03 14:20:43 +0200: Memory Usage (471368K) : next_drw has 0 polygons
2026-08-03 14:20:43 +0200: Memory Usage (471368K) : pext_drw has 0 polygons
2026-08-03 14:20:43 +0200: Memory Usage (471368K) : nexthv_drw has 0 polygons
2026-08-03 14:20:43 +0200: Memory Usage (471368K) : pexthv_drw has 0 polygons
2026-08-03 14:20:43 +0200: Memory Usage (471368K) : graphgate_drw has 0 polygons
2026-08-03 14:20:43 +0200: Memory Usage (471368K) : sinwg_drw has 0 polygons
2026-08-03 14:20:43 +0200: Memory Usage (471368K) : sinwg_filler has 0 polygons
2026-08-03 14:20:43 +0200: Memory Usage (471368K) : sinwg_nofill has 0 polygons
2026-08-03 14:20:43 +0200: Memory Usage (471368K) : mempad_drw has 0 polygons
2026-08-03 14:20:43 +0200: Memory Usage (471368K) : topvia1_drw has 2315 polygons
2026-08-03 14:20:43 +0200: Memory Usage (471368K) : topmetal1_drw has 8 polygons
2026-08-03 14:20:43 +0200: Memory Usage (471368K) : topmetal1_filler has 0 polygons
2026-08-03 14:20:43 +0200: Memory Usage (471368K) : topmetal1_slit has 0 polygons
2026-08-03 14:20:43 +0200: Memory Usage (471368K) : topmetal1 has 8 polygons
2026-08-03 14:20:43 +0200: Memory Usage (471368K) : topmetal1_pin has 8 polygons
2026-08-03 14:20:43 +0200: Memory Usage (471368K) : topmetal1_mask has 0 polygons
2026-08-03 14:20:43 +0200: Memory Usage (471368K) : topmetal1_nofill has 0 polygons
2026-08-03 14:20:43 +0200: Memory Usage (471368K) : topmetal1_text has 8 polygons
2026-08-03 14:20:43 +0200: Memory Usage (471368K) : topmetal1_noqrc has 0 polygons
2026-08-03 14:20:43 +0200: Memory Usage (471368K) : topmetal1_res has 0 polygons
2026-08-03 14:20:43 +0200: Memory Usage (471368K) : topmetal1_iprobe has 0 polygons
2026-08-03 14:20:43 +0200: Memory Usage (471368K) : topmetal1_diffprb has 0 polygons
2026-08-03 14:20:43 +0200: Memory Usage (471368K) : inldpwl_drw has 0 polygons
2026-08-03 14:20:43 +0200: Memory Usage (471368K) : polyres_drw has 0 polygons
2026-08-03 14:20:43 +0200: Memory Usage (471368K) : polyres_pin has 0 polygons
2026-08-03 14:20:43 +0200: Memory Usage (471368K) : vmim_drw has 0 polygons
2026-08-03 14:20:43 +0200: Memory Usage (471368K) : nbulaycut_drw has 0 polygons
2026-08-03 14:20:43 +0200: Memory Usage (471368K) : antmetal1_drw has 0 polygons
2026-08-03 14:20:43 +0200: Memory Usage (471368K) : topvia2_drw has 1593 polygons
2026-08-03 14:20:43 +0200: Memory Usage (471368K) : topmetal2_drw has 6 polygons
2026-08-03 14:20:43 +0200: Memory Usage (471368K) : topmetal2_filler has 0 polygons
2026-08-03 14:20:43 +0200: Memory Usage (471368K) : topmetal2_slit has 0 polygons
2026-08-03 14:20:43 +0200: Memory Usage (471368K) : topmetal2 has 6 polygons
2026-08-03 14:20:43 +0200: Memory Usage (471368K) : topmetal2_pin has 6 polygons
2026-08-03 14:20:43 +0200: Memory Usage (471368K) : topmetal2_mask has 0 polygons
2026-08-03 14:20:43 +0200: Memory Usage (471368K) : topmetal2_nofill has 0 polygons
2026-08-03 14:20:43 +0200: Memory Usage (471368K) : topmetal2_text has 6 polygons
2026-08-03 14:20:43 +0200: Memory Usage (471368K) : topmetal2_noqrc has 0 polygons
2026-08-03 14:20:43 +0200: Memory Usage (471368K) : topmetal2_res has 0 polygons
2026-08-03 14:20:43 +0200: Memory Usage (471368K) : topmetal2_iprobe has 0 polygons
2026-08-03 14:20:43 +0200: Memory Usage (471368K) : topmetal2_diffprb has 0 polygons
2026-08-03 14:20:43 +0200: Memory Usage (471368K) : snsring_drw has 0 polygons
2026-08-03 14:20:43 +0200: Memory Usage (471368K) : sensor_drw has 0 polygons
2026-08-03 14:20:43 +0200: Memory Usage (471368K) : snsarms_drw has 0 polygons
2026-08-03 14:20:43 +0200: Memory Usage (471368K) : snscmosvia_drw has 0 polygons
2026-08-03 14:20:43 +0200: Memory Usage (471368K) : colwind_drw has 0 polygons
2026-08-03 14:20:43 +0200: Memory Usage (471368K) : flm_drw has 0 polygons
2026-08-03 14:20:43 +0200: Memory Usage (471368K) : hafniumox_drw has 0 polygons
2026-08-03 14:20:43 +0200: Memory Usage (471368K) : memvia_drw has 0 polygons
2026-08-03 14:20:43 +0200: Memory Usage (471368K) : thinfilmres_drw has 0 polygons
2026-08-03 14:20:43 +0200: Memory Usage (471368K) : rfmem_drw has 0 polygons
2026-08-03 14:20:43 +0200: Memory Usage (471368K) : norcx_drw has 0 polygons
2026-08-03 14:20:43 +0200: Memory Usage (471368K) : norcx_m2m3 has 0 polygons
2026-08-03 14:20:43 +0200: Memory Usage (471368K) : norcx_m2m4 has 0 polygons
2026-08-03 14:20:43 +0200: Memory Usage (471368K) : norcx_m2m5 has 0 polygons
2026-08-03 14:20:43 +0200: Memory Usage (471368K) : norcx_m2tm1 has 0 polygons
2026-08-03 14:20:43 +0200: Memory Usage (471368K) : norcx_m2tm2 has 0 polygons
2026-08-03 14:20:43 +0200: Memory Usage (471368K) : norcx_m3m4 has 0 polygons
2026-08-03 14:20:43 +0200: Memory Usage (471368K) : norcx_m3m5 has 0 polygons
2026-08-03 14:20:43 +0200: Memory Usage (471368K) : norcx_m3tm1 has 0 polygons
2026-08-03 14:20:43 +0200: Memory Usage (471368K) : norcx_m3tm2 has 0 polygons
2026-08-03 14:20:43 +0200: Memory Usage (471368K) : norcx_m4m5 has 0 polygons
2026-08-03 14:20:43 +0200: Memory Usage (471368K) : norcx_m4tm1 has 0 polygons
2026-08-03 14:20:43 +0200: Memory Usage (471368K) : norcx_m4tm2 has 0 polygons
2026-08-03 14:20:43 +0200: Memory Usage (471368K) : norcx_m5tm1 has 0 polygons
2026-08-03 14:20:43 +0200: Memory Usage (471368K) : norcx_m5tm2 has 0 polygons
2026-08-03 14:20:43 +0200: Memory Usage (471368K) : norcx_tm1tm2 has 0 polygons
2026-08-03 14:20:43 +0200: Memory Usage (471368K) : norcx_m1sub has 0 polygons
2026-08-03 14:20:43 +0200: Memory Usage (471368K) : norcx_m2sub has 0 polygons
2026-08-03 14:20:43 +0200: Memory Usage (471368K) : norcx_m3sub has 0 polygons
2026-08-03 14:20:43 +0200: Memory Usage (471368K) : norcx_m4sub has 0 polygons
2026-08-03 14:20:43 +0200: Memory Usage (471368K) : norcx_m5sub has 0 polygons
2026-08-03 14:20:43 +0200: Memory Usage (471368K) : norcx_tm1sub has 0 polygons
2026-08-03 14:20:43 +0200: Memory Usage (471368K) : norcx_tm2sub has 0 polygons
2026-08-03 14:20:43 +0200: Memory Usage (471368K) : snsbotvia_drw has 0 polygons
2026-08-03 14:20:43 +0200: Memory Usage (471368K) : snstopvia_drw has 0 polygons
2026-08-03 14:20:43 +0200: Memory Usage (471368K) : deepvia_drw has 0 polygons
2026-08-03 14:20:43 +0200: Memory Usage (471368K) : fgetch_drw has 0 polygons
2026-08-03 14:20:43 +0200: Memory Usage (471368K) : ctrgat_drw has 0 polygons
2026-08-03 14:20:43 +0200: Memory Usage (471368K) : fgimp_drw has 0 polygons
2026-08-03 14:20:43 +0200: Memory Usage (471368K) : emwihv_drw has 0 polygons
2026-08-03 14:20:43 +0200: Memory Usage (471368K) : lbe_drw has 0 polygons
2026-08-03 14:20:43 +0200: Memory Usage (471368K) : alcustop_drw has 0 polygons
2026-08-03 14:20:43 +0200: Memory Usage (471368K) : nometfiller_drw has 0 polygons
2026-08-03 14:20:43 +0200: Memory Usage (471368K) : prboundary_drw has 0 polygons
2026-08-03 14:20:43 +0200: Memory Usage (471368K) : exchange0_drw has 0 polygons
2026-08-03 14:20:43 +0200: Memory Usage (471368K) : exchange0_pin has 0 polygons
2026-08-03 14:20:43 +0200: Memory Usage (471368K) : exchange0_text has 0 polygons
2026-08-03 14:20:43 +0200: Memory Usage (471368K) : exchange1_drw has 0 polygons
2026-08-03 14:20:43 +0200: Memory Usage (471368K) : exchange1_pin has 0 polygons
2026-08-03 14:20:43 +0200: Memory Usage (471368K) : exchange1_text has 0 polygons
2026-08-03 14:20:43 +0200: Memory Usage (471368K) : exchange2_drw has 0 polygons
2026-08-03 14:20:43 +0200: Memory Usage (471368K) : exchange2_pin has 0 polygons
2026-08-03 14:20:43 +0200: Memory Usage (471368K) : exchange2_text has 0 polygons
2026-08-03 14:20:43 +0200: Memory Usage (471368K) : exchange3_drw has 0 polygons
2026-08-03 14:20:43 +0200: Memory Usage (471368K) : exchange3_pin has 0 polygons
2026-08-03 14:20:43 +0200: Memory Usage (471368K) : exchange3_text has 0 polygons
2026-08-03 14:20:43 +0200: Memory Usage (471368K) : exchange4_drw has 0 polygons
2026-08-03 14:20:43 +0200: Memory Usage (471368K) : exchange4_pin has 0 polygons
2026-08-03 14:20:43 +0200: Memory Usage (471368K) : exchange4_text has 0 polygons
2026-08-03 14:20:43 +0200: Memory Usage (471368K) : isonwell_drw has 0 polygons
2026-08-03 14:20:43 +0200: Memory Usage (471368K) : Total no. of polygons in the design is 58136
2026-08-03 14:20:43 +0200: Memory Usage (471368K) : Starting base layers derivations
2026-08-03 14:20:43 +0200: Memory Usage (471368K) : Starting general LVS derivations
2026-08-03 14:20:44 +0200: Memory Usage (477384K) : Starting MOSFET DERIVATIONS
2026-08-03 14:20:44 +0200: Memory Usage (479776K) : Starting NMOS DERIVATIONS
2026-08-03 14:20:44 +0200: Memory Usage (479776K) : Starting PMOS DERIVATIONS
2026-08-03 14:20:44 +0200: Memory Usage (479776K) : Starting RF-MOSFET DERIVATIONS
2026-08-03 14:20:44 +0200: Memory Usage (479776K) : Starting RF-NMOS DERIVATIONS
2026-08-03 14:20:44 +0200: Memory Usage (479776K) : Starting RF-PMOS DERIVATIONS
2026-08-03 14:20:44 +0200: Memory Usage (479776K) : Starting BJT DERIVATIONS
2026-08-03 14:20:44 +0200: Memory Usage (479776K) : Starting NPN-BJT DERIVATIONS
2026-08-03 14:20:44 +0200: Memory Usage (479776K) : Starting PNP-BJT DERIVATIONS
2026-08-03 14:20:44 +0200: Memory Usage (479776K) : Starting DIODE DERIVATIONS
2026-08-03 14:20:45 +0200: Memory Usage (480116K) : Starting RESISTOR DERIVATIONS
2026-08-03 14:20:45 +0200: Memory Usage (480116K) : Starting CAP DERIVATIONS
2026-08-03 14:20:45 +0200: Memory Usage (480116K) : Starting ESD DERIVATIONS
2026-08-03 14:20:45 +0200: Memory Usage (481268K) : Starting Inductor DERIVATIONS
2026-08-03 14:20:45 +0200: Memory Usage (481268K) : Starting Taps DERIVATIONS
2026-08-03 14:20:45 +0200: Memory Usage (481268K) : Starting SG13G2 LVS connectivity setup
2026-08-03 14:20:45 +0200: Memory Usage (481268K) : Starting SG13G2 LVS connectivity setup (Inter-layer)
2026-08-03 14:20:45 +0200: Memory Usage (481396K) : Starting SG13G2 LVS connectivity setup (Global)
2026-08-03 14:20:45 +0200: Memory Usage (481396K) : Starting LVS MOSFET CONNECTIONS
2026-08-03 14:20:45 +0200: Memory Usage (481396K) : Starting LVS RF-MOSFET CONNECTIONS
2026-08-03 14:20:45 +0200: Memory Usage (481396K) : Starting LVS BJT CONNECTIONS
2026-08-03 14:20:45 +0200: Memory Usage (481396K) : Starting LVS DIODE CONNECTIONS
2026-08-03 14:20:45 +0200: Memory Usage (481396K) : Starting RESISTOR CONNECTIONS
2026-08-03 14:20:45 +0200: Memory Usage (481396K) : Starting LVS CAP CONNECTIONS
2026-08-03 14:20:45 +0200: Memory Usage (481396K) : Starting ESD CONNECTIONS
2026-08-03 14:20:45 +0200: Memory Usage (481396K) : Starting Inductor CONNECTIONS
2026-08-03 14:20:45 +0200: Memory Usage (481396K) : Starting LVS Taps CONNECTIONS
2026-08-03 14:20:45 +0200: Memory Usage (481396K) : Starting SG13G2 LVS DEVICES EXTRACTION
2026-08-03 14:20:45 +0200: Memory Usage (481396K) : Starting MOSFET EXTRACTION
2026-08-03 14:20:45 +0200: Memory Usage (481396K) : Starting NMOS EXTRACTION
2026-08-03 14:20:45 +0200: Memory Usage (481396K) : Extraction of NMOS-LV transistor
2026-08-03 14:20:45 +0200: Memory Usage (481524K) : Extraction of NMOS-HV transistor
2026-08-03 14:20:45 +0200: Memory Usage (481524K) : Starting PMOS EXTRACTION
2026-08-03 14:20:45 +0200: Memory Usage (481524K) : Extraction of PMOS-LV transistor
2026-08-03 14:20:45 +0200: Memory Usage (481524K) : Extraction of PMOS-HV transistor
2026-08-03 14:20:45 +0200: Memory Usage (481524K) : Starting RF-MOSFET EXTRACTION
2026-08-03 14:20:45 +0200: Memory Usage (481524K) : Extraction of RF-NMOS-LV transistor
2026-08-03 14:20:45 +0200: Memory Usage (481524K) : Extraction of RF-NMOS-HV transistor
2026-08-03 14:20:45 +0200: Memory Usage (481524K) : Extraction of RF-PMOS-LV transistor
2026-08-03 14:20:45 +0200: Memory Usage (481524K) : Extraction of RF-PMOS-HV transistor
2026-08-03 14:20:45 +0200: Memory Usage (481524K) : Starting BJT EXTRACTION
2026-08-03 14:20:45 +0200: Memory Usage (481524K) : Starting NPN-BJT EXTRACTION
2026-08-03 14:20:45 +0200: Memory Usage (481524K) : Extraction of npn13G2 BJT transistor
2026-08-03 14:20:45 +0200: Memory Usage (481524K) : Extraction of npn13G2L BJT transistor
2026-08-03 14:20:45 +0200: Memory Usage (481524K) : Extraction of npn13G2V BJT transistor
2026-08-03 14:20:45 +0200: Memory Usage (481524K) : Starting PNP-BJT EXTRACTION
2026-08-03 14:20:45 +0200: Memory Usage (481524K) : Extracting pnpMPA BJT
2026-08-03 14:20:45 +0200: Memory Usage (481524K) : Starting DIODE EXTRACTION
2026-08-03 14:20:45 +0200: Memory Usage (481524K) : Extracting dantenna diode
2026-08-03 14:20:45 +0200: Memory Usage (481524K) : Extracting dpantenna diode
2026-08-03 14:20:45 +0200: Memory Usage (481524K) : Extracting schottky_nbl1 diode
2026-08-03 14:20:45 +0200: Memory Usage (481524K) : Extracting isolbox diode
2026-08-03 14:20:45 +0200: Memory Usage (481524K) : Starting RESISTOR EXTRACTION
2026-08-03 14:20:45 +0200: Memory Usage (481524K) : Extracting rsil resistor
2026-08-03 14:20:45 +0200: Memory Usage (481524K) : Extracting rppd resistor
2026-08-03 14:20:45 +0200: Memory Usage (481524K) : Extracting rhigh resistor
2026-08-03 14:20:45 +0200: Memory Usage (481524K) : Extracting res_metal1 resistor
2026-08-03 14:20:45 +0200: Memory Usage (481652K) : Extracting res_metal2 resistor
2026-08-03 14:20:45 +0200: Memory Usage (481652K) : Extracting res_metal3 resistor
2026-08-03 14:20:45 +0200: Memory Usage (481652K) : Extracting res_metal4 resistor
2026-08-03 14:20:45 +0200: Memory Usage (481652K) : Extracting res_metal5 resistor
2026-08-03 14:20:45 +0200: Memory Usage (481652K) : Extracting res_topmetal1 resistor
2026-08-03 14:20:45 +0200: Memory Usage (481652K) : Extracting res_topmetal2 resistor
2026-08-03 14:20:45 +0200: Memory Usage (481652K) : Starting CAP EXTRACTION
2026-08-03 14:20:45 +0200: Memory Usage (481652K) : Extracting cap_cmim device
2026-08-03 14:20:45 +0200: Memory Usage (481652K) : Extracting rfcmim device
2026-08-03 14:20:45 +0200: Memory Usage (481652K) : Extracting sg13_hv_svaricap varactor
2026-08-03 14:20:45 +0200: Memory Usage (481652K) : Starting ESD EXTRACTION
2026-08-03 14:20:45 +0200: Memory Usage (481652K) : Extracting diodevdd_2kv ESD device
2026-08-03 14:20:45 +0200: Memory Usage (481652K) : Extracting diodevdd_4kv ESD device
2026-08-03 14:20:45 +0200: Memory Usage (481652K) : Extracting diodevss_2kv ESD device
2026-08-03 14:20:45 +0200: Memory Usage (481652K) : Extracting diodevss_4kv ESD device
2026-08-03 14:20:45 +0200: Memory Usage (481652K) : Extracting idiodevdd_2kv ESD device
2026-08-03 14:20:45 +0200: Memory Usage (481652K) : Extracting idiodevdd_4kv ESD device
2026-08-03 14:20:45 +0200: Memory Usage (481652K) : Extracting idiodevss_2kv ESD device
2026-08-03 14:20:45 +0200: Memory Usage (481652K) : Extracting idiodevss_4kv ESD device
2026-08-03 14:20:45 +0200: Memory Usage (481652K) : Extracting nmoscl_2 ESD device
2026-08-03 14:20:45 +0200: Memory Usage (481652K) : Extracting nmoscl_4 ESD device
2026-08-03 14:20:45 +0200: Memory Usage (481652K) : Starting Inductor EXTRACTION
2026-08-03 14:20:45 +0200: Memory Usage (481652K) : Extracting Inductor2 device
2026-08-03 14:20:45 +0200: Memory Usage (481652K) : Extracting Inductor3 device
2026-08-03 14:20:45 +0200: Memory Usage (481652K) : Starting Taps EXTRACTION
2026-08-03 14:20:45 +0200: Memory Usage (481652K) : Extracting ntap1 device
2026-08-03 14:20:45 +0200: Memory Usage (481652K) : Extracting ptap1 device
2026-08-03 14:20:45 +0200: Memory Usage (481652K) : Starting SG13G2 LVS RF MOS Model Mapping
2026-08-03 14:20:46 +0200: Memory Usage (494836K) : [layout_netlist] Apply RF MOS model mapping and rfmode parameter.
2026-08-03 14:20:46 +0200: Memory Usage (494836K) : Starting SG13G2 LVS Options Preparations
2026-08-03 14:20:46 +0200: Memory Usage (494836K) : SG13G2 LVS flow: extraction -> alignment -> option preparation -> comparison.
2026-08-03 14:20:46 +0200: Memory Usage (494836K) : Starting SG13G2 LVS Alignment
2026-08-03 14:20:46 +0200: Memory Usage (494836K) : Starting SG13G2 LVS Simplification
2026-08-03 14:20:46 +0200: Memory Usage (494836K) : [layout_netlist] simplify: ENABLED
2026-08-03 14:20:46 +0200: Memory Usage (494836K) : [layout_netlist] make_top_level_pins: SKIPPED
2026-08-03 14:20:46 +0200: Memory Usage (494836K) : [layout_netlist] combine_devices: SKIPPED
2026-08-03 14:20:46 +0200: Memory Usage (494836K) : [layout_netlist] purge: SKIPPED
2026-08-03 14:20:46 +0200: Memory Usage (494836K) : [layout_netlist] purge_nets: SKIPPED
2026-08-03 14:20:46 +0200: Memory Usage (494836K) : [schematic_netlist] simplify: ENABLED
2026-08-03 14:20:46 +0200: Memory Usage (494836K) : [schematic_netlist] make_top_level_pins: SKIPPED
2026-08-03 14:20:46 +0200: Memory Usage (494836K) : [schematic_netlist] combine_devices: SKIPPED
2026-08-03 14:20:46 +0200: Memory Usage (494836K) : [schematic_netlist] purge: SKIPPED
2026-08-03 14:20:46 +0200: Memory Usage (494836K) : [schematic_netlist] purge_nets: SKIPPED
2026-08-03 14:20:46 +0200: Memory Usage (494836K) : Starting SG13G2 LVS Comparison in strict port mode.
2026-08-03 14:20:46 +0200: Memory Usage (494836K) : flag_missing_ports enabled: missing/mislabeled top-level ports are treated as errors.
2026-08-03 14:20:46 +0200: Memory Usage (494836K) : xxxxxxxxxxxxxxxxxxxxxxxxxxxxxxxxxxxxxxxxxx
2026-08-03 14:20:46 +0200: Memory Usage (494836K) : ERROR : Netlists don't match
2026-08-03 14:20:46 +0200: Memory Usage (494836K) : xxxxxxxxxxxxxxxxxxxxxxxxxxxxxxxxxxxxxxxxxx
2026-08-03 14:20:46 +0200: Memory Usage (494836K) : LVS Total Run time 3.549009 seconds
03-Aug-2026 14:20:47 | INFO    | ==============================================================================
03-Aug-2026 14:20:47 | INFO    | Important Summary
03-Aug-2026 14:20:47 | INFO    | +------------------+--------------------------------------------------------------------------------------------+
03-Aug-2026 14:20:47 | INFO    | | Status           | FAIL                                                                                       |
03-Aug-2026 14:20:47 | INFO    | | Mode             | COMPARE                                                                                    |
03-Aug-2026 14:20:47 | INFO    | | Outcome          | Comparison mode: FAIL (netlists do not match).                                             |
03-Aug-2026 14:20:47 | INFO    | | Layout           | sg13g2_IOPadOut16mA.gds                                                                    |
03-Aug-2026 14:20:47 | INFO    | | Top Cell         | sg13g2_IOPadOut16mA                                                                        |
03-Aug-2026 14:20:47 | INFO    | | Results Dir      | /foss/designs/ihp-open-pdk-regression/IOPADS/lvs_sweep/20260803_141940/sg13g2_IOPadOut16mA |
03-Aug-2026 14:20:47 | INFO    | | Warnings         | 0                                                                                          |
03-Aug-2026 14:20:47 | INFO    | | Errors           | 1                                                                                          |
03-Aug-2026 14:20:47 | INFO    | | Run Time (s)     | 7.094                                                                                      |
03-Aug-2026 14:20:47 | INFO    | +------------------+--------------------------------------------------------------------------------------------+
03-Aug-2026 14:20:47 | ERROR   | Key errors:
03-Aug-2026 14:20:47 | ERROR   |   - 2026-08-03 14:20:46 +0200: Memory Usage (494836K) : ERROR : Netlists don't match
03-Aug-2026 14:20:47 | INFO    | ==============================================================================
