11-Aug-2026 10:25:18 | INFO    | Your Klayout version is: KLayout 0.30.10 (required >= 0.30.5)
11-Aug-2026 10:25:18 | INFO    | Running SG13G2 LVS checks on design /foss/designs/ihp-open-pdk-regression/IOPADS/layout/sg13g2_IOPadVss.gds on cell sg13g2_IOPadVss
2026-08-11 10:25:21 +0200: Memory Usage (455912K) : Starting running SG13G2 Klayout LVS runset on /foss/designs/ihp-open-pdk-regression/IOPADS/layout/sg13g2_IOPadVss.gds
2026-08-11 10:25:21 +0200: Memory Usage (455912K) : Ruby Version for klayout: 3.2.3
2026-08-11 10:25:21 +0200: Memory Usage (458728K) : Loading database to memory is complete.
2026-08-11 10:25:21 +0200: Memory Usage (458728K) : SG13G2 Klayout LVS runset output at: /foss/designs/ihp-open-pdk-regression/IOPADS/lvs_sweep/20260811_102346/sg13g2_IOPadVss/sg13g2_IOPadVss.lvsdb
2026-08-11 10:25:21 +0200: Memory Usage (458728K) : Evaluate switches.
2026-08-11 10:25:21 +0200: Memory Usage (458728K) : Extracted netlist with net names: true
2026-08-11 10:25:21 +0200: Memory Usage (458728K) : Extracted netlist with comments in details: false
2026-08-11 10:25:21 +0200: Memory Usage (458728K) : Selected NET_ONLY option: false
2026-08-11 10:25:21 +0200: Memory Usage (458728K) : Selected LAYOUT_NETLIST option: (none)
2026-08-11 10:25:21 +0200: Memory Usage (458728K) : Selected IGNORE_TOP_PORTS_MISMATCH option: true
2026-08-11 10:25:21 +0200: Memory Usage (458728K) : Selected IMPLICIT_NETS option: iovss,iovdd,vss,vdd,pad,cathode,anode
2026-08-11 10:25:21 +0200: Memory Usage (458728K) : Selected TOP_LVL_PINS option: false
2026-08-11 10:25:21 +0200: Memory Usage (458728K) : Selected COMBINE DEVICES option: true
2026-08-11 10:25:21 +0200: Memory Usage (458728K) : Selected PURGE option: false
2026-08-11 10:25:21 +0200: Memory Usage (458728K) : Selected PURGE_NETS option: false
2026-08-11 10:25:21 +0200: Memory Usage (458856K) : Selected SIMPLIFY option: true
2026-08-11 10:25:21 +0200: Memory Usage (458856K) : Selected SERIES_RES option: true
2026-08-11 10:25:21 +0200: Memory Usage (458856K) : Selected PARALLEL_RES option: true
2026-08-11 10:25:21 +0200: Memory Usage (458856K) : Selected DISABLE_TAP_EXTRACTION option: false
2026-08-11 10:25:21 +0200: Memory Usage (458856K) : deep  mode is enabled.
2026-08-11 10:25:21 +0200: Memory Usage (458856K) : Applying implicit connections (case-sensitive, pattern supported) for nets: iovss, iovdd, vss, vdd, pad, cathode, anode
2026-08-11 10:25:21 +0200: Memory Usage (460136K) : Netlist file: /foss/designs/ihp-open-pdk-regression/IOPADS/netlist/pads_sub/sg13g2_IOPadVss.spi
2026-08-11 10:25:21 +0200: Memory Usage (460136K) : LVS extracted netlist at: /foss/designs/ihp-open-pdk-regression/IOPADS/lvs_sweep/20260811_102346/sg13g2_IOPadVss/sg13g2_IOPadVss_extracted.cir
2026-08-11 10:25:21 +0200: Memory Usage (460136K) : Applying SRAM integration support.
2026-08-11 10:25:21 +0200: Memory Usage (460136K) : Starting SG13G2 LVS runset
2026-08-11 10:25:21 +0200: Memory Usage (460136K) : Read in polygons from layers.
2026-08-11 10:25:21 +0200: Memory Usage (461672K) : activ_drw has 21 polygons
2026-08-11 10:25:21 +0200: Memory Usage (461672K) : activ_filler has 0 polygons
2026-08-11 10:25:21 +0200: Memory Usage (461672K) : activ has 21 polygons
2026-08-11 10:25:21 +0200: Memory Usage (461672K) : activ_pin has 0 polygons
2026-08-11 10:25:21 +0200: Memory Usage (461672K) : activ_mask has 0 polygons
2026-08-11 10:25:21 +0200: Memory Usage (461672K) : activ_nofill has 0 polygons
2026-08-11 10:25:21 +0200: Memory Usage (461672K) : activ_OPC has 0 polygons
2026-08-11 10:25:21 +0200: Memory Usage (461672K) : activ_iOPC has 0 polygons
2026-08-11 10:25:21 +0200: Memory Usage (461800K) : activ_noqrc has 0 polygons
2026-08-11 10:25:21 +0200: Memory Usage (461800K) : biwind_drw has 0 polygons
2026-08-11 10:25:21 +0200: Memory Usage (461928K) : biwind_OPC has 0 polygons
2026-08-11 10:25:21 +0200: Memory Usage (461928K) : gatpoly_drw has 0 polygons
2026-08-11 10:25:21 +0200: Memory Usage (461928K) : gatpoly_filler has 0 polygons
2026-08-11 10:25:21 +0200: Memory Usage (461928K) : gatpoly has 0 polygons
2026-08-11 10:25:21 +0200: Memory Usage (462056K) : gatpoly_pin has 0 polygons
2026-08-11 10:25:21 +0200: Memory Usage (462056K) : gatpoly_nofill has 0 polygons
2026-08-11 10:25:21 +0200: Memory Usage (462056K) : gatpoly_OPC has 0 polygons
2026-08-11 10:25:21 +0200: Memory Usage (462056K) : gatpoly_iOPC has 0 polygons
2026-08-11 10:25:21 +0200: Memory Usage (462056K) : gatpoly_noqrc has 0 polygons
2026-08-11 10:25:21 +0200: Memory Usage (464232K) : cont_drw has 73574 polygons
2026-08-11 10:25:21 +0200: Memory Usage (464232K) : cont_OPC has 0 polygons
2026-08-11 10:25:21 +0200: Memory Usage (464232K) : nsd_drw has 0 polygons
2026-08-11 10:25:21 +0200: Memory Usage (464232K) : nsd_block has 0 polygons
2026-08-11 10:25:21 +0200: Memory Usage (464232K) : metal1_drw has 37 polygons
2026-08-11 10:25:21 +0200: Memory Usage (464232K) : metal1_filler has 0 polygons
2026-08-11 10:25:21 +0200: Memory Usage (464232K) : metal1_slit has 0 polygons
2026-08-11 10:25:21 +0200: Memory Usage (464232K) : metal1 has 37 polygons
2026-08-11 10:25:21 +0200: Memory Usage (464232K) : metal1_pin has 14 polygons
2026-08-11 10:25:21 +0200: Memory Usage (464232K) : metal1_mask has 0 polygons
2026-08-11 10:25:21 +0200: Memory Usage (464232K) : metal1_nofill has 0 polygons
2026-08-11 10:25:21 +0200: Memory Usage (464488K) : metal1_text has 14 polygons
2026-08-11 10:25:21 +0200: Memory Usage (464488K) : metal1_OPC has 0 polygons
2026-08-11 10:25:21 +0200: Memory Usage (464488K) : metal1_noqrc has 0 polygons
2026-08-11 10:25:21 +0200: Memory Usage (464488K) : metal1_res has 0 polygons
2026-08-11 10:25:21 +0200: Memory Usage (464488K) : metal1_iprobe has 0 polygons
2026-08-11 10:25:21 +0200: Memory Usage (464488K) : metal1_diffprb has 0 polygons
2026-08-11 10:25:21 +0200: Memory Usage (464488K) : passiv_drw has 0 polygons
2026-08-11 10:25:21 +0200: Memory Usage (464488K) : passiv_pin has 0 polygons
2026-08-11 10:25:21 +0200: Memory Usage (464488K) : passiv_sbump has 0 polygons
2026-08-11 10:25:21 +0200: Memory Usage (464488K) : passiv_pillar has 0 polygons
2026-08-11 10:25:21 +0200: Memory Usage (464488K) : passiv_pdl has 0 polygons
2026-08-11 10:25:21 +0200: Memory Usage (464488K) : metal2_drw has 20 polygons
2026-08-11 10:25:21 +0200: Memory Usage (464488K) : metal2_filler has 0 polygons
2026-08-11 10:25:21 +0200: Memory Usage (464488K) : metal2_slit has 0 polygons
2026-08-11 10:25:21 +0200: Memory Usage (464488K) : metal2 has 20 polygons
2026-08-11 10:25:21 +0200: Memory Usage (464488K) : metal2_pin has 1 polygons
2026-08-11 10:25:21 +0200: Memory Usage (464488K) : metal2_mask has 0 polygons
2026-08-11 10:25:21 +0200: Memory Usage (464488K) : metal2_nofill has 0 polygons
2026-08-11 10:25:21 +0200: Memory Usage (464488K) : metal2_text has 1 polygons
2026-08-11 10:25:21 +0200: Memory Usage (464488K) : metal2_OPC has 0 polygons
2026-08-11 10:25:21 +0200: Memory Usage (464488K) : metal2_noqrc has 0 polygons
2026-08-11 10:25:21 +0200: Memory Usage (464488K) : metal2_res has 0 polygons
2026-08-11 10:25:21 +0200: Memory Usage (464488K) : metal2_iprobe has 0 polygons
2026-08-11 10:25:21 +0200: Memory Usage (464488K) : metal2_diffprb has 0 polygons
2026-08-11 10:25:21 +0200: Memory Usage (464488K) : baspoly_drw has 0 polygons
2026-08-11 10:25:21 +0200: Memory Usage (464488K) : baspoly_pin has 0 polygons
2026-08-11 10:25:21 +0200: Memory Usage (464488K) : psd_drw has 11 polygons
2026-08-11 10:25:21 +0200: Memory Usage (464488K) : nldb_drw has 0 polygons
2026-08-11 10:25:21 +0200: Memory Usage (464488K) : digibnd_drw has 0 polygons
2026-08-11 10:25:21 +0200: Memory Usage (464488K) : via1_drw has 2182 polygons
2026-08-11 10:25:21 +0200: Memory Usage (464488K) : backmetal1_drw has 0 polygons
2026-08-11 10:25:21 +0200: Memory Usage (464488K) : backmetal1_pin has 0 polygons
2026-08-11 10:25:21 +0200: Memory Usage (464488K) : backmetal1_mask has 0 polygons
2026-08-11 10:25:21 +0200: Memory Usage (464488K) : backmetal1_filler has 0 polygons
2026-08-11 10:25:21 +0200: Memory Usage (464488K) : backmetal1_nofill has 0 polygons
2026-08-11 10:25:21 +0200: Memory Usage (464488K) : backmetal1_slit has 0 polygons
2026-08-11 10:25:21 +0200: Memory Usage (464488K) : backmetal1_text has 0 polygons
2026-08-11 10:25:21 +0200: Memory Usage (464488K) : backmetal1_OPC has 0 polygons
2026-08-11 10:25:21 +0200: Memory Usage (464488K) : backmetal1_noqrc has 0 polygons
2026-08-11 10:25:21 +0200: Memory Usage (464872K) : backmetal1_res has 0 polygons
2026-08-11 10:25:21 +0200: Memory Usage (464872K) : backmetal1_iprobe has 0 polygons
2026-08-11 10:25:21 +0200: Memory Usage (464872K) : backmetal1_diffprb has 0 polygons
2026-08-11 10:25:21 +0200: Memory Usage (464872K) : backpassiv_drw has 0 polygons
2026-08-11 10:25:21 +0200: Memory Usage (464872K) : res_drw has 0 polygons
2026-08-11 10:25:21 +0200: Memory Usage (464872K) : sram_drw has 0 polygons
2026-08-11 10:25:21 +0200: Memory Usage (464872K) : trans_drw has 0 polygons
2026-08-11 10:25:21 +0200: Memory Usage (464872K) : ind_drw has 0 polygons
2026-08-11 10:25:21 +0200: Memory Usage (465000K) : ind_pin has 0 polygons
2026-08-11 10:25:21 +0200: Memory Usage (465000K) : ind_text has 0 polygons
2026-08-11 10:25:21 +0200: Memory Usage (465128K) : salblock_drw has 0 polygons
2026-08-11 10:25:22 +0200: Memory Usage (465128K) : via2_drw has 6508 polygons
2026-08-11 10:25:22 +0200: Memory Usage (465512K) : metal3_drw has 12 polygons
2026-08-11 10:25:22 +0200: Memory Usage (465512K) : metal3_filler has 0 polygons
2026-08-11 10:25:22 +0200: Memory Usage (465512K) : metal3_slit has 0 polygons
2026-08-11 10:25:22 +0200: Memory Usage (465640K) : metal3 has 12 polygons
2026-08-11 10:25:22 +0200: Memory Usage (465640K) : metal3_pin has 8 polygons
2026-08-11 10:25:22 +0200: Memory Usage (465768K) : metal3_mask has 0 polygons
2026-08-11 10:25:22 +0200: Memory Usage (465896K) : metal3_nofill has 0 polygons
2026-08-11 10:25:22 +0200: Memory Usage (465896K) : metal3_text has 8 polygons
2026-08-11 10:25:22 +0200: Memory Usage (466024K) : metal3_OPC has 0 polygons
2026-08-11 10:25:22 +0200: Memory Usage (466024K) : metal3_noqrc has 0 polygons
2026-08-11 10:25:22 +0200: Memory Usage (466152K) : metal3_res has 0 polygons
2026-08-11 10:25:22 +0200: Memory Usage (466152K) : metal3_iprobe has 0 polygons
2026-08-11 10:25:22 +0200: Memory Usage (466280K) : metal3_diffprb has 0 polygons
2026-08-11 10:25:22 +0200: Memory Usage (466280K) : nwell_drw has 8 polygons
2026-08-11 10:25:22 +0200: Memory Usage (466408K) : nwell_pin has 0 polygons
2026-08-11 10:25:22 +0200: Memory Usage (466408K) : nwell_text has 0 polygons
2026-08-11 10:25:22 +0200: Memory Usage (466536K) : nbulay_drw has 0 polygons
2026-08-11 10:25:22 +0200: Memory Usage (466536K) : nbulay_pin has 0 polygons
2026-08-11 10:25:22 +0200: Memory Usage (466664K) : nbulay_block has 0 polygons
2026-08-11 10:25:22 +0200: Memory Usage (466664K) : emwind_drw has 0 polygons
2026-08-11 10:25:22 +0200: Memory Usage (466792K) : emwind_OPC has 0 polygons
2026-08-11 10:25:22 +0200: Memory Usage (466792K) : deepco_drw has 0 polygons
2026-08-11 10:25:22 +0200: Memory Usage (466920K) : mim_drw has 0 polygons
2026-08-11 10:25:22 +0200: Memory Usage (467048K) : edgeseal_drw has 0 polygons
2026-08-11 10:25:22 +0200: Memory Usage (467048K) : substrate_drw has 9 polygons
2026-08-11 10:25:22 +0200: Memory Usage (467176K) : substrate_text has 0 polygons
2026-08-11 10:25:22 +0200: Memory Usage (467176K) : dfpad_drw has 0 polygons
2026-08-11 10:25:22 +0200: Memory Usage (467304K) : dfpad_pillar has 0 polygons
2026-08-11 10:25:22 +0200: Memory Usage (467304K) : dfpad_sbump has 0 polygons
2026-08-11 10:25:22 +0200: Memory Usage (467432K) : thickgateox_drw has 0 polygons
2026-08-11 10:25:22 +0200: Memory Usage (467432K) : pldb_drw has 0 polygons
2026-08-11 10:25:22 +0200: Memory Usage (467560K) : pwell_drw has 0 polygons
2026-08-11 10:25:22 +0200: Memory Usage (467560K) : pwell_pin has 0 polygons
2026-08-11 10:25:22 +0200: Memory Usage (467688K) : pwell_block has 0 polygons
2026-08-11 10:25:22 +0200: Memory Usage (467688K) : ic_drw has 0 polygons
2026-08-11 10:25:22 +0200: Memory Usage (467688K) : via3_drw has 2087 polygons
2026-08-11 10:25:22 +0200: Memory Usage (467688K) : metal4_drw has 8 polygons
2026-08-11 10:25:22 +0200: Memory Usage (467688K) : metal4_filler has 0 polygons
2026-08-11 10:25:22 +0200: Memory Usage (467688K) : metal4_slit has 0 polygons
2026-08-11 10:25:22 +0200: Memory Usage (467688K) : metal4 has 8 polygons
2026-08-11 10:25:22 +0200: Memory Usage (467688K) : metal4_pin has 8 polygons
2026-08-11 10:25:22 +0200: Memory Usage (467688K) : metal4_mask has 0 polygons
2026-08-11 10:25:22 +0200: Memory Usage (467688K) : metal4_nofill has 0 polygons
2026-08-11 10:25:22 +0200: Memory Usage (467688K) : metal4_text has 8 polygons
2026-08-11 10:25:22 +0200: Memory Usage (467688K) : metal4_OPC has 0 polygons
2026-08-11 10:25:22 +0200: Memory Usage (467688K) : metal4_noqrc has 0 polygons
2026-08-11 10:25:22 +0200: Memory Usage (467688K) : metal4_res has 0 polygons
2026-08-11 10:25:22 +0200: Memory Usage (467688K) : metal4_iprobe has 0 polygons
2026-08-11 10:25:22 +0200: Memory Usage (467688K) : metal4_diffprb has 0 polygons
2026-08-11 10:25:22 +0200: Memory Usage (467688K) : heattrans_drw has 0 polygons
2026-08-11 10:25:22 +0200: Memory Usage (467688K) : heatres_drw has 0 polygons
2026-08-11 10:25:22 +0200: Memory Usage (467688K) : fbe_drw has 0 polygons
2026-08-11 10:25:22 +0200: Memory Usage (467688K) : empoly_drw has 0 polygons
2026-08-11 10:25:22 +0200: Memory Usage (467688K) : digisub_drw has 0 polygons
2026-08-11 10:25:22 +0200: Memory Usage (467688K) : text_drw has 7 polygons
2026-08-11 10:25:22 +0200: Memory Usage (467688K) : via4_drw has 2371 polygons
2026-08-11 10:25:22 +0200: Memory Usage (467688K) : metal5_drw has 8 polygons
2026-08-11 10:25:22 +0200: Memory Usage (467688K) : metal5_filler has 0 polygons
2026-08-11 10:25:22 +0200: Memory Usage (467688K) : metal5_slit has 0 polygons
2026-08-11 10:25:22 +0200: Memory Usage (467688K) : metal5 has 8 polygons
2026-08-11 10:25:22 +0200: Memory Usage (467688K) : metal5_pin has 8 polygons
2026-08-11 10:25:22 +0200: Memory Usage (467688K) : metal5_mask has 0 polygons
2026-08-11 10:25:22 +0200: Memory Usage (467688K) : metal5_nofill has 0 polygons
2026-08-11 10:25:22 +0200: Memory Usage (467688K) : metal5_text has 8 polygons
2026-08-11 10:25:22 +0200: Memory Usage (467688K) : metal5_OPC has 0 polygons
2026-08-11 10:25:22 +0200: Memory Usage (467688K) : metal5_noqrc has 0 polygons
2026-08-11 10:25:22 +0200: Memory Usage (467688K) : metal5_res has 0 polygons
2026-08-11 10:25:22 +0200: Memory Usage (467688K) : metal5_iprobe has 0 polygons
2026-08-11 10:25:22 +0200: Memory Usage (467688K) : metal5_diffprb has 0 polygons
2026-08-11 10:25:22 +0200: Memory Usage (467688K) : radhard_drw has 0 polygons
2026-08-11 10:25:22 +0200: Memory Usage (467688K) : memcap_drw has 0 polygons
2026-08-11 10:25:22 +0200: Memory Usage (467688K) : varicap_drw has 0 polygons
2026-08-11 10:25:22 +0200: Memory Usage (467688K) : intbondvia_drw has 0 polygons
2026-08-11 10:25:22 +0200: Memory Usage (467688K) : intbondmet_drw has 0 polygons
2026-08-11 10:25:22 +0200: Memory Usage (467688K) : devbondvia_drw has 0 polygons
2026-08-11 10:25:22 +0200: Memory Usage (467688K) : devbondmet_drw has 0 polygons
2026-08-11 10:25:22 +0200: Memory Usage (467688K) : devtrench_drw has 0 polygons
2026-08-11 10:25:22 +0200: Memory Usage (467688K) : redist_drw has 0 polygons
2026-08-11 10:25:22 +0200: Memory Usage (467688K) : graphbot_drw has 0 polygons
2026-08-11 10:25:22 +0200: Memory Usage (467688K) : graphtop_drw has 0 polygons
2026-08-11 10:25:22 +0200: Memory Usage (467688K) : antvia1_drw has 0 polygons
2026-08-11 10:25:22 +0200: Memory Usage (467688K) : antmetal2_drw has 0 polygons
2026-08-11 10:25:22 +0200: Memory Usage (467688K) : graphcont_drw has 0 polygons
2026-08-11 10:25:22 +0200: Memory Usage (467688K) : siwg_drw has 0 polygons
2026-08-11 10:25:22 +0200: Memory Usage (467688K) : siwg_filler has 0 polygons
2026-08-11 10:25:22 +0200: Memory Usage (467688K) : siwg_nofill has 0 polygons
2026-08-11 10:25:22 +0200: Memory Usage (467688K) : sigrating_drw has 0 polygons
2026-08-11 10:25:22 +0200: Memory Usage (467688K) : singrating_drw has 0 polygons
2026-08-11 10:25:22 +0200: Memory Usage (467688K) : graphpas_drw has 0 polygons
2026-08-11 10:25:22 +0200: Memory Usage (467688K) : emwind3_drw has 0 polygons
2026-08-11 10:25:22 +0200: Memory Usage (467688K) : emwihv3_drw has 0 polygons
2026-08-11 10:25:22 +0200: Memory Usage (467688K) : redbulay_drw has 0 polygons
2026-08-11 10:25:22 +0200: Memory Usage (467688K) : smos_drw has 0 polygons
2026-08-11 10:25:22 +0200: Memory Usage (467688K) : graphpad_drw has 0 polygons
2026-08-11 10:25:22 +0200: Memory Usage (467688K) : polimide_drw has 0 polygons
2026-08-11 10:25:22 +0200: Memory Usage (467688K) : polimide_pin has 0 polygons
2026-08-11 10:25:22 +0200: Memory Usage (467688K) : recog_drw has 0 polygons
2026-08-11 10:25:22 +0200: Memory Usage (467688K) : recog_pin has 0 polygons
2026-08-11 10:25:22 +0200: Memory Usage (467688K) : recog_esd has 0 polygons
2026-08-11 10:25:22 +0200: Memory Usage (467688K) : recog_diode has 4 polygons
2026-08-11 10:25:22 +0200: Memory Usage (467688K) : recog_tsv has 0 polygons
2026-08-11 10:25:22 +0200: Memory Usage (467688K) : recog_iprobe has 0 polygons
2026-08-11 10:25:22 +0200: Memory Usage (467688K) : recog_diffprb has 0 polygons
2026-08-11 10:25:22 +0200: Memory Usage (467688K) : recog_pillar has 0 polygons
2026-08-11 10:25:22 +0200: Memory Usage (467688K) : recog_sbump has 0 polygons
2026-08-11 10:25:22 +0200: Memory Usage (467688K) : recog_otp has 0 polygons
2026-08-11 10:25:22 +0200: Memory Usage (467688K) : recog_pdiode has 0 polygons
2026-08-11 10:25:22 +0200: Memory Usage (467688K) : recog_mom has 0 polygons
2026-08-11 10:25:22 +0200: Memory Usage (467688K) : recog_pcm has 0 polygons
2026-08-11 10:25:22 +0200: Memory Usage (467688K) : colopen_drw has 0 polygons
2026-08-11 10:25:22 +0200: Memory Usage (467688K) : graphmetal1_drw has 0 polygons
2026-08-11 10:25:22 +0200: Memory Usage (467688K) : graphmetal1_filler has 0 polygons
2026-08-11 10:25:22 +0200: Memory Usage (467688K) : graphmetal1_nofill has 0 polygons
2026-08-11 10:25:22 +0200: Memory Usage (467688K) : graphmetal1_slit has 0 polygons
2026-08-11 10:25:22 +0200: Memory Usage (467688K) : graphmetal1_OPC has 0 polygons
2026-08-11 10:25:22 +0200: Memory Usage (467688K) : graphmet1l_drw has 0 polygons
2026-08-11 10:25:22 +0200: Memory Usage (467688K) : graphmet1l_filler has 0 polygons
2026-08-11 10:25:22 +0200: Memory Usage (467688K) : graphmet1l_nofill has 0 polygons
2026-08-11 10:25:22 +0200: Memory Usage (467688K) : graphmet1l_slit has 0 polygons
2026-08-11 10:25:22 +0200: Memory Usage (467688K) : graphmet1l_OPC has 0 polygons
2026-08-11 10:25:22 +0200: Memory Usage (467688K) : extblock_drw has 0 polygons
2026-08-11 10:25:22 +0200: Memory Usage (467816K) : nldd_drw has 0 polygons
2026-08-11 10:25:22 +0200: Memory Usage (467816K) : pldd_drw has 0 polygons
2026-08-11 10:25:22 +0200: Memory Usage (467816K) : next_drw has 0 polygons
2026-08-11 10:25:22 +0200: Memory Usage (467816K) : pext_drw has 0 polygons
2026-08-11 10:25:22 +0200: Memory Usage (467816K) : nexthv_drw has 0 polygons
2026-08-11 10:25:22 +0200: Memory Usage (467816K) : pexthv_drw has 0 polygons
2026-08-11 10:25:22 +0200: Memory Usage (467816K) : graphgate_drw has 0 polygons
2026-08-11 10:25:22 +0200: Memory Usage (467816K) : sinwg_drw has 0 polygons
2026-08-11 10:25:22 +0200: Memory Usage (467944K) : sinwg_filler has 0 polygons
2026-08-11 10:25:22 +0200: Memory Usage (467944K) : sinwg_nofill has 0 polygons
2026-08-11 10:25:22 +0200: Memory Usage (468072K) : mempad_drw has 0 polygons
2026-08-11 10:25:22 +0200: Memory Usage (468072K) : topvia1_drw has 2315 polygons
2026-08-11 10:25:22 +0200: Memory Usage (468328K) : topmetal1_drw has 8 polygons
2026-08-11 10:25:22 +0200: Memory Usage (468328K) : topmetal1_filler has 0 polygons
2026-08-11 10:25:22 +0200: Memory Usage (468456K) : topmetal1_slit has 0 polygons
2026-08-11 10:25:22 +0200: Memory Usage (468584K) : topmetal1 has 8 polygons
2026-08-11 10:25:22 +0200: Memory Usage (468584K) : topmetal1_pin has 8 polygons
2026-08-11 10:25:22 +0200: Memory Usage (468712K) : topmetal1_mask has 0 polygons
2026-08-11 10:25:22 +0200: Memory Usage (468712K) : topmetal1_nofill has 0 polygons
2026-08-11 10:25:22 +0200: Memory Usage (468840K) : topmetal1_text has 8 polygons
2026-08-11 10:25:22 +0200: Memory Usage (468840K) : topmetal1_noqrc has 0 polygons
2026-08-11 10:25:22 +0200: Memory Usage (468968K) : topmetal1_res has 0 polygons
2026-08-11 10:25:22 +0200: Memory Usage (468968K) : topmetal1_iprobe has 0 polygons
2026-08-11 10:25:22 +0200: Memory Usage (469096K) : topmetal1_diffprb has 0 polygons
2026-08-11 10:25:22 +0200: Memory Usage (469096K) : inldpwl_drw has 0 polygons
2026-08-11 10:25:22 +0200: Memory Usage (469224K) : polyres_drw has 0 polygons
2026-08-11 10:25:22 +0200: Memory Usage (469224K) : polyres_pin has 0 polygons
2026-08-11 10:25:22 +0200: Memory Usage (469352K) : vmim_drw has 0 polygons
2026-08-11 10:25:22 +0200: Memory Usage (469352K) : nbulaycut_drw has 0 polygons
2026-08-11 10:25:22 +0200: Memory Usage (469480K) : antmetal1_drw has 0 polygons
2026-08-11 10:25:22 +0200: Memory Usage (469480K) : topvia2_drw has 1593 polygons
2026-08-11 10:25:22 +0200: Memory Usage (469608K) : topmetal2_drw has 6 polygons
2026-08-11 10:25:22 +0200: Memory Usage (469736K) : topmetal2_filler has 0 polygons
2026-08-11 10:25:22 +0200: Memory Usage (469736K) : topmetal2_slit has 0 polygons
2026-08-11 10:25:22 +0200: Memory Usage (469864K) : topmetal2 has 6 polygons
2026-08-11 10:25:22 +0200: Memory Usage (469992K) : topmetal2_pin has 6 polygons
2026-08-11 10:25:22 +0200: Memory Usage (469992K) : topmetal2_mask has 0 polygons
2026-08-11 10:25:22 +0200: Memory Usage (470120K) : topmetal2_nofill has 0 polygons
2026-08-11 10:25:22 +0200: Memory Usage (470120K) : topmetal2_text has 6 polygons
2026-08-11 10:25:22 +0200: Memory Usage (470248K) : topmetal2_noqrc has 0 polygons
2026-08-11 10:25:22 +0200: Memory Usage (470248K) : topmetal2_res has 0 polygons
2026-08-11 10:25:22 +0200: Memory Usage (470376K) : topmetal2_iprobe has 0 polygons
2026-08-11 10:25:22 +0200: Memory Usage (470504K) : topmetal2_diffprb has 0 polygons
2026-08-11 10:25:22 +0200: Memory Usage (470504K) : snsring_drw has 0 polygons
2026-08-11 10:25:22 +0200: Memory Usage (470632K) : sensor_drw has 0 polygons
2026-08-11 10:25:22 +0200: Memory Usage (470632K) : snsarms_drw has 0 polygons
2026-08-11 10:25:22 +0200: Memory Usage (470760K) : snscmosvia_drw has 0 polygons
2026-08-11 10:25:22 +0200: Memory Usage (470760K) : colwind_drw has 0 polygons
2026-08-11 10:25:22 +0200: Memory Usage (470888K) : flm_drw has 0 polygons
2026-08-11 10:25:22 +0200: Memory Usage (470888K) : hafniumox_drw has 0 polygons
2026-08-11 10:25:22 +0200: Memory Usage (471016K) : memvia_drw has 0 polygons
2026-08-11 10:25:22 +0200: Memory Usage (471016K) : thinfilmres_drw has 0 polygons
2026-08-11 10:25:22 +0200: Memory Usage (471144K) : rfmem_drw has 0 polygons
2026-08-11 10:25:22 +0200: Memory Usage (471272K) : norcx_drw has 0 polygons
2026-08-11 10:25:22 +0200: Memory Usage (471272K) : norcx_m2m3 has 0 polygons
2026-08-11 10:25:22 +0200: Memory Usage (471400K) : norcx_m2m4 has 0 polygons
2026-08-11 10:25:22 +0200: Memory Usage (471400K) : norcx_m2m5 has 0 polygons
2026-08-11 10:25:22 +0200: Memory Usage (471528K) : norcx_m2tm1 has 0 polygons
2026-08-11 10:25:22 +0200: Memory Usage (471528K) : norcx_m2tm2 has 0 polygons
2026-08-11 10:25:22 +0200: Memory Usage (471656K) : norcx_m3m4 has 0 polygons
2026-08-11 10:25:22 +0200: Memory Usage (471656K) : norcx_m3m5 has 0 polygons
2026-08-11 10:25:22 +0200: Memory Usage (471784K) : norcx_m3tm1 has 0 polygons
2026-08-11 10:25:22 +0200: Memory Usage (471784K) : norcx_m3tm2 has 0 polygons
2026-08-11 10:25:22 +0200: Memory Usage (471912K) : norcx_m4m5 has 0 polygons
2026-08-11 10:25:22 +0200: Memory Usage (472040K) : norcx_m4tm1 has 0 polygons
2026-08-11 10:25:22 +0200: Memory Usage (472040K) : norcx_m4tm2 has 0 polygons
2026-08-11 10:25:22 +0200: Memory Usage (472168K) : norcx_m5tm1 has 0 polygons
2026-08-11 10:25:22 +0200: Memory Usage (472168K) : norcx_m5tm2 has 0 polygons
2026-08-11 10:25:22 +0200: Memory Usage (472296K) : norcx_tm1tm2 has 0 polygons
2026-08-11 10:25:22 +0200: Memory Usage (472296K) : norcx_m1sub has 0 polygons
2026-08-11 10:25:22 +0200: Memory Usage (472424K) : norcx_m2sub has 0 polygons
2026-08-11 10:25:22 +0200: Memory Usage (472424K) : norcx_m3sub has 0 polygons
2026-08-11 10:25:22 +0200: Memory Usage (472552K) : norcx_m4sub has 0 polygons
2026-08-11 10:25:22 +0200: Memory Usage (472552K) : norcx_m5sub has 0 polygons
2026-08-11 10:25:22 +0200: Memory Usage (472680K) : norcx_tm1sub has 0 polygons
2026-08-11 10:25:22 +0200: Memory Usage (472808K) : norcx_tm2sub has 0 polygons
2026-08-11 10:25:22 +0200: Memory Usage (472808K) : snsbotvia_drw has 0 polygons
2026-08-11 10:25:22 +0200: Memory Usage (472936K) : snstopvia_drw has 0 polygons
2026-08-11 10:25:22 +0200: Memory Usage (472936K) : deepvia_drw has 0 polygons
2026-08-11 10:25:22 +0200: Memory Usage (473064K) : fgetch_drw has 0 polygons
2026-08-11 10:25:22 +0200: Memory Usage (473064K) : ctrgat_drw has 0 polygons
2026-08-11 10:25:22 +0200: Memory Usage (473192K) : fgimp_drw has 0 polygons
2026-08-11 10:25:22 +0200: Memory Usage (473192K) : emwihv_drw has 0 polygons
2026-08-11 10:25:22 +0200: Memory Usage (473320K) : lbe_drw has 0 polygons
2026-08-11 10:25:22 +0200: Memory Usage (473320K) : alcustop_drw has 0 polygons
2026-08-11 10:25:22 +0200: Memory Usage (473448K) : nometfiller_drw has 0 polygons
2026-08-11 10:25:22 +0200: Memory Usage (473576K) : prboundary_drw has 0 polygons
2026-08-11 10:25:22 +0200: Memory Usage (473576K) : exchange0_drw has 0 polygons
2026-08-11 10:25:22 +0200: Memory Usage (473704K) : exchange0_pin has 0 polygons
2026-08-11 10:25:22 +0200: Memory Usage (473704K) : exchange0_text has 0 polygons
2026-08-11 10:25:22 +0200: Memory Usage (473832K) : exchange1_drw has 0 polygons
2026-08-11 10:25:22 +0200: Memory Usage (473832K) : exchange1_pin has 0 polygons
2026-08-11 10:25:22 +0200: Memory Usage (473960K) : exchange1_text has 0 polygons
2026-08-11 10:25:22 +0200: Memory Usage (473960K) : exchange2_drw has 0 polygons
2026-08-11 10:25:22 +0200: Memory Usage (474088K) : exchange2_pin has 0 polygons
2026-08-11 10:25:22 +0200: Memory Usage (474088K) : exchange2_text has 0 polygons
2026-08-11 10:25:22 +0200: Memory Usage (474216K) : exchange3_drw has 0 polygons
2026-08-11 10:25:22 +0200: Memory Usage (474216K) : exchange3_pin has 0 polygons
2026-08-11 10:25:22 +0200: Memory Usage (474344K) : exchange3_text has 0 polygons
2026-08-11 10:25:22 +0200: Memory Usage (474344K) : exchange4_drw has 0 polygons
2026-08-11 10:25:22 +0200: Memory Usage (474472K) : exchange4_pin has 0 polygons
2026-08-11 10:25:22 +0200: Memory Usage (474472K) : exchange4_text has 0 polygons
2026-08-11 10:25:22 +0200: Memory Usage (474600K) : isonwell_drw has 0 polygons
2026-08-11 10:25:22 +0200: Memory Usage (474600K) : Total no. of polygons in the design is 90895
2026-08-11 10:25:22 +0200: Memory Usage (474600K) : Starting base layers derivations
2026-08-11 10:25:22 +0200: Memory Usage (474600K) : Starting general LVS derivations
2026-08-11 10:25:22 +0200: Memory Usage (478824K) : Starting MOSFET DERIVATIONS
2026-08-11 10:25:23 +0200: Memory Usage (507548K) : Starting NMOS DERIVATIONS
2026-08-11 10:25:23 +0200: Memory Usage (507548K) : Starting PMOS DERIVATIONS
2026-08-11 10:25:23 +0200: Memory Usage (507548K) : Starting RF-MOSFET DERIVATIONS
2026-08-11 10:25:23 +0200: Memory Usage (507548K) : Starting RF-NMOS DERIVATIONS
2026-08-11 10:25:23 +0200: Memory Usage (507548K) : Starting RF-PMOS DERIVATIONS
2026-08-11 10:25:23 +0200: Memory Usage (507548K) : Starting BJT DERIVATIONS
2026-08-11 10:25:23 +0200: Memory Usage (507548K) : Starting NPN-BJT DERIVATIONS
2026-08-11 10:25:23 +0200: Memory Usage (507548K) : Starting PNP-BJT DERIVATIONS
2026-08-11 10:25:23 +0200: Memory Usage (507548K) : Starting DIODE DERIVATIONS
2026-08-11 10:25:24 +0200: Memory Usage (480172K) : Starting RESISTOR DERIVATIONS
2026-08-11 10:25:24 +0200: Memory Usage (480172K) : Starting CAP DERIVATIONS
2026-08-11 10:25:24 +0200: Memory Usage (480172K) : Starting CAP_CMOM DERIVATIONS
2026-08-11 10:25:24 +0200: Memory Usage (480172K) : Starting ESD DERIVATIONS
2026-08-11 10:25:24 +0200: Memory Usage (486316K) : Starting Inductor DERIVATIONS
2026-08-11 10:25:24 +0200: Memory Usage (486572K) : Starting Taps DERIVATIONS
2026-08-11 10:25:24 +0200: Memory Usage (486572K) : Starting SG13G2 LVS connectivity setup
2026-08-11 10:25:24 +0200: Memory Usage (486572K) : Starting SG13G2 LVS connectivity setup (Inter-layer)
2026-08-11 10:25:24 +0200: Memory Usage (486700K) : Starting SG13G2 LVS connectivity setup (Global)
2026-08-11 10:25:24 +0200: Memory Usage (486700K) : Starting LVS MOSFET CONNECTIONS
2026-08-11 10:25:24 +0200: Memory Usage (486700K) : Starting LVS RF-MOSFET CONNECTIONS
2026-08-11 10:25:24 +0200: Memory Usage (486700K) : Starting LVS BJT CONNECTIONS
2026-08-11 10:25:24 +0200: Memory Usage (486700K) : Starting LVS DIODE CONNECTIONS
2026-08-11 10:25:24 +0200: Memory Usage (486700K) : Starting RESISTOR CONNECTIONS
2026-08-11 10:25:24 +0200: Memory Usage (486700K) : Starting LVS CAP CONNECTIONS
2026-08-11 10:25:24 +0200: Memory Usage (486700K) : Starting CAP_CMOM CONNECTIONS
2026-08-11 10:25:24 +0200: Memory Usage (486700K) : Starting ESD CONNECTIONS
2026-08-11 10:25:24 +0200: Memory Usage (486700K) : Starting Inductor CONNECTIONS
2026-08-11 10:25:24 +0200: Memory Usage (486700K) : Starting LVS Taps CONNECTIONS
2026-08-11 10:25:24 +0200: Memory Usage (486700K) : Starting SG13G2 LVS DEVICES EXTRACTION
2026-08-11 10:25:24 +0200: Memory Usage (486700K) : Starting MOSFET EXTRACTION
2026-08-11 10:25:24 +0200: Memory Usage (486700K) : Starting NMOS EXTRACTION
2026-08-11 10:25:24 +0200: Memory Usage (486700K) : Extraction of NMOS-LV transistor
2026-08-11 10:25:24 +0200: Memory Usage (486700K) : Extraction of NMOS-HV transistor
2026-08-11 10:25:24 +0200: Memory Usage (486700K) : Starting PMOS EXTRACTION
2026-08-11 10:25:24 +0200: Memory Usage (486700K) : Extraction of PMOS-LV transistor
2026-08-11 10:25:24 +0200: Memory Usage (486700K) : Extraction of PMOS-HV transistor
2026-08-11 10:25:24 +0200: Memory Usage (486700K) : Starting RF-MOSFET EXTRACTION
2026-08-11 10:25:24 +0200: Memory Usage (486700K) : Extraction of RF-NMOS-LV transistor
2026-08-11 10:25:24 +0200: Memory Usage (486700K) : Extraction of RF-NMOS-HV transistor
2026-08-11 10:25:24 +0200: Memory Usage (486700K) : Extraction of RF-PMOS-LV transistor
2026-08-11 10:25:24 +0200: Memory Usage (486700K) : Extraction of RF-PMOS-HV transistor
2026-08-11 10:25:24 +0200: Memory Usage (486700K) : Starting BJT EXTRACTION
2026-08-11 10:25:24 +0200: Memory Usage (486700K) : Starting NPN-BJT EXTRACTION
2026-08-11 10:25:24 +0200: Memory Usage (486700K) : Extraction of npn13G2 BJT transistor
2026-08-11 10:25:24 +0200: Memory Usage (486700K) : Extraction of npn13G2L BJT transistor
2026-08-11 10:25:24 +0200: Memory Usage (486700K) : Extraction of npn13G2V BJT transistor
2026-08-11 10:25:24 +0200: Memory Usage (486700K) : Starting PNP-BJT EXTRACTION
2026-08-11 10:25:24 +0200: Memory Usage (486700K) : Extracting pnpMPA BJT
2026-08-11 10:25:24 +0200: Memory Usage (486828K) : Starting DIODE EXTRACTION
2026-08-11 10:25:24 +0200: Memory Usage (486828K) : Extracting dantenna diode
2026-08-11 10:25:24 +0200: Memory Usage (486828K) : Extracting dpantenna diode
2026-08-11 10:25:24 +0200: Memory Usage (486828K) : Extracting schottky_nbl1 diode
2026-08-11 10:25:24 +0200: Memory Usage (486828K) : Extracting isolbox diode
2026-08-11 10:25:24 +0200: Memory Usage (486828K) : Starting RESISTOR EXTRACTION
2026-08-11 10:25:24 +0200: Memory Usage (486828K) : Extracting rsil resistor
2026-08-11 10:25:24 +0200: Memory Usage (486828K) : Extracting rppd resistor
2026-08-11 10:25:24 +0200: Memory Usage (486828K) : Extracting rhigh resistor
2026-08-11 10:25:24 +0200: Memory Usage (486828K) : Extracting res_metal1 resistor
2026-08-11 10:25:24 +0200: Memory Usage (486828K) : Extracting res_metal2 resistor
2026-08-11 10:25:24 +0200: Memory Usage (486828K) : Extracting res_metal3 resistor
2026-08-11 10:25:25 +0200: Memory Usage (486828K) : Extracting res_metal4 resistor
2026-08-11 10:25:25 +0200: Memory Usage (486828K) : Extracting res_metal5 resistor
2026-08-11 10:25:25 +0200: Memory Usage (486828K) : Extracting res_topmetal1 resistor
2026-08-11 10:25:25 +0200: Memory Usage (486828K) : Extracting res_topmetal2 resistor
2026-08-11 10:25:25 +0200: Memory Usage (486828K) : Starting CAP EXTRACTION
2026-08-11 10:25:25 +0200: Memory Usage (486828K) : Extracting cap_cmim device
2026-08-11 10:25:25 +0200: Memory Usage (486828K) : Extracting rfcmim device
2026-08-11 10:25:25 +0200: Memory Usage (486828K) : Extracting sg13_hv_svaricap varactor
2026-08-11 10:25:25 +0200: Memory Usage (486828K) : Extracting cap_cmomi device
2026-08-11 10:25:25 +0200: Memory Usage (486828K) : Extracting sg13_moscap_n capacitor
2026-08-11 10:25:25 +0200: Memory Usage (486828K) : Extracting sg13_moscap_p capacitor
2026-08-11 10:25:25 +0200: Memory Usage (486828K) : Starting ESD EXTRACTION
2026-08-11 10:25:25 +0200: Memory Usage (486828K) : Extracting diodevdd_2kv ESD device
2026-08-11 10:25:25 +0200: Memory Usage (486828K) : Extracting diodevdd_4kv ESD device
2026-08-11 10:25:25 +0200: Memory Usage (486828K) : Extracting diodevss_2kv ESD device
2026-08-11 10:25:25 +0200: Memory Usage (486828K) : Extracting diodevss_4kv ESD device
2026-08-11 10:25:25 +0200: Memory Usage (486828K) : Extracting idiodevdd_2kv ESD device
2026-08-11 10:25:25 +0200: Memory Usage (486828K) : Extracting idiodevdd_4kv ESD device
2026-08-11 10:25:25 +0200: Memory Usage (486828K) : Extracting idiodevss_2kv ESD device
2026-08-11 10:25:25 +0200: Memory Usage (486828K) : Extracting idiodevss_4kv ESD device
2026-08-11 10:25:25 +0200: Memory Usage (486828K) : Extracting nmoscl_2 ESD device
2026-08-11 10:25:25 +0200: Memory Usage (486828K) : Extracting nmoscl_4 ESD device
2026-08-11 10:25:25 +0200: Memory Usage (486828K) : Starting Inductor EXTRACTION
2026-08-11 10:25:25 +0200: Memory Usage (486828K) : Extracting Inductor2 device
2026-08-11 10:25:25 +0200: Memory Usage (486828K) : Extracting Inductor3 device
2026-08-11 10:25:25 +0200: Memory Usage (486828K) : Starting Taps EXTRACTION
2026-08-11 10:25:25 +0200: Memory Usage (486828K) : Extracting ntap1 device
2026-08-11 10:25:25 +0200: Memory Usage (486828K) : Extracting ptap1 device
2026-08-11 10:25:25 +0200: Memory Usage (486828K) : Starting SG13G2 LVS RF MOS Model Mapping
2026-08-11 10:25:26 +0200: Memory Usage (499244K) : [layout_netlist] Apply RF MOS model mapping and rfmode parameter.
2026-08-11 10:25:26 +0200: Memory Usage (499244K) : Starting SG13G2 LVS Options Preparations
2026-08-11 10:25:26 +0200: Memory Usage (499244K) : SG13G2 LVS flow: extraction -> alignment -> option preparation -> comparison.
2026-08-11 10:25:26 +0200: Memory Usage (499244K) : Starting SG13G2 LVS Alignment
2026-08-11 10:25:26 +0200: Memory Usage (499244K) : Starting SG13G2 LVS Simplification
2026-08-11 10:25:26 +0200: Memory Usage (499244K) : [layout_netlist] simplify: ENABLED
2026-08-11 10:25:26 +0200: Memory Usage (499244K) : [layout_netlist] make_top_level_pins: SKIPPED
2026-08-11 10:25:26 +0200: Memory Usage (499244K) : [layout_netlist] combine_devices: ENABLED
2026-08-11 10:25:26 +0200: Memory Usage (499244K) : [layout_netlist] purge: SKIPPED
2026-08-11 10:25:26 +0200: Memory Usage (499244K) : [layout_netlist] purge_nets: SKIPPED
2026-08-11 10:25:26 +0200: Memory Usage (499244K) : [schematic_netlist] simplify: ENABLED
2026-08-11 10:25:26 +0200: Memory Usage (499244K) : [schematic_netlist] make_top_level_pins: SKIPPED
2026-08-11 10:25:26 +0200: Memory Usage (499244K) : [schematic_netlist] combine_devices: ENABLED
2026-08-11 10:25:26 +0200: Memory Usage (499244K) : [schematic_netlist] purge: SKIPPED
2026-08-11 10:25:26 +0200: Memory Usage (499244K) : [schematic_netlist] purge_nets: SKIPPED
2026-08-11 10:25:26 +0200: Memory Usage (499244K) : Starting SG13G2 LVS Comparison
2026-08-11 10:25:26 +0200: Memory Usage (499372K) : ==========================================
2026-08-11 10:25:26 +0200: Memory Usage (499372K) : INFO : Congratulations! Netlists match.
2026-08-11 10:25:26 +0200: Memory Usage (499372K) : ==========================================
2026-08-11 10:25:26 +0200: Memory Usage (499372K) : LVS Total Run time 5.271697 seconds
11-Aug-2026 10:25:26 | INFO    | ==============================================================================
11-Aug-2026 10:25:26 | INFO    | Important Summary
11-Aug-2026 10:25:26 | INFO    | +------------------+----------------------------------------------------------------------------------------+
11-Aug-2026 10:25:26 | INFO    | | Status           | PASS                                                                                   |
11-Aug-2026 10:25:26 | INFO    | | Mode             | COMPARE                                                                                |
11-Aug-2026 10:25:26 | INFO    | | Outcome          | Comparison mode: PASS (netlists match).                                                |
11-Aug-2026 10:25:26 | INFO    | | Layout           | sg13g2_IOPadVss.gds                                                                    |
11-Aug-2026 10:25:26 | INFO    | | Top Cell         | sg13g2_IOPadVss                                                                        |
11-Aug-2026 10:25:26 | INFO    | | Results Dir      | /foss/designs/ihp-open-pdk-regression/IOPADS/lvs_sweep/20260811_102346/sg13g2_IOPadVss |
11-Aug-2026 10:25:26 | INFO    | | Warnings         | 0                                                                                      |
11-Aug-2026 10:25:26 | INFO    | | Errors           | 0                                                                                      |
11-Aug-2026 10:25:26 | INFO    | | Run Time (s)     | 8.328                                                                                  |
11-Aug-2026 10:25:26 | INFO    | +------------------+----------------------------------------------------------------------------------------+
11-Aug-2026 10:25:26 | INFO    | ==============================================================================
