11-Aug-2026 10:07:11 | INFO    | Your Klayout version is: KLayout 0.30.10 (required >= 0.30.5)
11-Aug-2026 10:07:11 | INFO    | Running SG13G2 LVS checks on design /foss/designs/ihp-open-pdk-regression/IOPADS/layout/sg13g2_IOPadIn.gds on cell sg13g2_IOPadIn
2026-08-11 10:07:14 +0200: Memory Usage (455468K) : Starting running SG13G2 Klayout LVS runset on /foss/designs/ihp-open-pdk-regression/IOPADS/layout/sg13g2_IOPadIn.gds
2026-08-11 10:07:14 +0200: Memory Usage (455468K) : Ruby Version for klayout: 3.2.3
2026-08-11 10:07:14 +0200: Memory Usage (458156K) : Loading database to memory is complete.
2026-08-11 10:07:14 +0200: Memory Usage (458156K) : SG13G2 Klayout LVS runset output at: /foss/designs/ihp-open-pdk-regression/IOPADS/lvs_sweep/20260811_100703/sg13g2_IOPadIn/sg13g2_IOPadIn.lvsdb
2026-08-11 10:07:14 +0200: Memory Usage (458156K) : Evaluate switches.
2026-08-11 10:07:14 +0200: Memory Usage (458156K) : Extracted netlist with net names: true
2026-08-11 10:07:14 +0200: Memory Usage (458156K) : Extracted netlist with comments in details: false
2026-08-11 10:07:14 +0200: Memory Usage (458156K) : Selected NET_ONLY option: false
2026-08-11 10:07:14 +0200: Memory Usage (458156K) : Selected LAYOUT_NETLIST option: (none)
2026-08-11 10:07:14 +0200: Memory Usage (458156K) : Selected IGNORE_TOP_PORTS_MISMATCH option: true
2026-08-11 10:07:14 +0200: Memory Usage (458156K) : Selected IMPLICIT_NETS option: iovss,iovdd,vss,vdd,pad,cathode,anode
2026-08-11 10:07:14 +0200: Memory Usage (458156K) : Selected TOP_LVL_PINS option: false
2026-08-11 10:07:14 +0200: Memory Usage (458156K) : Selected COMBINE DEVICES option: true
2026-08-11 10:07:14 +0200: Memory Usage (458156K) : Selected PURGE option: false
2026-08-11 10:07:14 +0200: Memory Usage (458156K) : Selected PURGE_NETS option: false
2026-08-11 10:07:14 +0200: Memory Usage (458156K) : Selected SIMPLIFY option: true
2026-08-11 10:07:14 +0200: Memory Usage (458156K) : Selected SERIES_RES option: true
2026-08-11 10:07:14 +0200: Memory Usage (458156K) : Selected PARALLEL_RES option: true
2026-08-11 10:07:14 +0200: Memory Usage (458156K) : Selected DISABLE_TAP_EXTRACTION option: false
2026-08-11 10:07:14 +0200: Memory Usage (458156K) : deep  mode is enabled.
2026-08-11 10:07:14 +0200: Memory Usage (458156K) : Applying implicit connections (case-sensitive, pattern supported) for nets: iovss, iovdd, vss, vdd, pad, cathode, anode
2026-08-11 10:07:14 +0200: Memory Usage (459436K) : Netlist file: /foss/designs/ihp-open-pdk-regression/IOPADS/netlist/pads_sub/sg13g2_IOPadIn.spi
2026-08-11 10:07:14 +0200: Memory Usage (459436K) : LVS extracted netlist at: /foss/designs/ihp-open-pdk-regression/IOPADS/lvs_sweep/20260811_100703/sg13g2_IOPadIn/sg13g2_IOPadIn_extracted.cir
2026-08-11 10:07:14 +0200: Memory Usage (459436K) : Applying SRAM integration support.
2026-08-11 10:07:14 +0200: Memory Usage (459436K) : Starting SG13G2 LVS runset
2026-08-11 10:07:14 +0200: Memory Usage (459436K) : Read in polygons from layers.
2026-08-11 10:07:14 +0200: Memory Usage (460716K) : activ_drw has 36 polygons
2026-08-11 10:07:14 +0200: Memory Usage (460716K) : activ_filler has 0 polygons
2026-08-11 10:07:14 +0200: Memory Usage (460716K) : activ has 36 polygons
2026-08-11 10:07:14 +0200: Memory Usage (460716K) : activ_pin has 0 polygons
2026-08-11 10:07:14 +0200: Memory Usage (460844K) : activ_mask has 0 polygons
2026-08-11 10:07:14 +0200: Memory Usage (460844K) : activ_nofill has 0 polygons
2026-08-11 10:07:14 +0200: Memory Usage (460844K) : activ_OPC has 0 polygons
2026-08-11 10:07:14 +0200: Memory Usage (460844K) : activ_iOPC has 0 polygons
2026-08-11 10:07:14 +0200: Memory Usage (460844K) : activ_noqrc has 0 polygons
2026-08-11 10:07:14 +0200: Memory Usage (460972K) : biwind_drw has 0 polygons
2026-08-11 10:07:14 +0200: Memory Usage (460972K) : biwind_OPC has 0 polygons
2026-08-11 10:07:14 +0200: Memory Usage (461100K) : gatpoly_drw has 8 polygons
2026-08-11 10:07:14 +0200: Memory Usage (461100K) : gatpoly_filler has 0 polygons
2026-08-11 10:07:14 +0200: Memory Usage (461484K) : gatpoly has 8 polygons
2026-08-11 10:07:14 +0200: Memory Usage (461484K) : gatpoly_pin has 6 polygons
2026-08-11 10:07:14 +0200: Memory Usage (461612K) : gatpoly_nofill has 0 polygons
2026-08-11 10:07:14 +0200: Memory Usage (461612K) : gatpoly_OPC has 0 polygons
2026-08-11 10:07:14 +0200: Memory Usage (461612K) : gatpoly_iOPC has 0 polygons
2026-08-11 10:07:14 +0200: Memory Usage (461612K) : gatpoly_noqrc has 0 polygons
2026-08-11 10:07:14 +0200: Memory Usage (464556K) : cont_drw has 73863 polygons
2026-08-11 10:07:14 +0200: Memory Usage (464556K) : cont_OPC has 0 polygons
2026-08-11 10:07:14 +0200: Memory Usage (464556K) : nsd_drw has 0 polygons
2026-08-11 10:07:14 +0200: Memory Usage (464556K) : nsd_block has 0 polygons
2026-08-11 10:07:14 +0200: Memory Usage (464556K) : metal1_drw has 81 polygons
2026-08-11 10:07:14 +0200: Memory Usage (464556K) : metal1_filler has 0 polygons
2026-08-11 10:07:14 +0200: Memory Usage (464556K) : metal1_slit has 0 polygons
2026-08-11 10:07:14 +0200: Memory Usage (464556K) : metal1 has 81 polygons
2026-08-11 10:07:14 +0200: Memory Usage (464556K) : metal1_pin has 29 polygons
2026-08-11 10:07:14 +0200: Memory Usage (464556K) : metal1_mask has 0 polygons
2026-08-11 10:07:14 +0200: Memory Usage (464556K) : metal1_nofill has 0 polygons
2026-08-11 10:07:14 +0200: Memory Usage (464812K) : metal1_text has 19 polygons
2026-08-11 10:07:14 +0200: Memory Usage (464812K) : metal1_OPC has 0 polygons
2026-08-11 10:07:14 +0200: Memory Usage (464812K) : metal1_noqrc has 0 polygons
2026-08-11 10:07:14 +0200: Memory Usage (464812K) : metal1_res has 0 polygons
2026-08-11 10:07:14 +0200: Memory Usage (464812K) : metal1_iprobe has 0 polygons
2026-08-11 10:07:14 +0200: Memory Usage (464812K) : metal1_diffprb has 0 polygons
2026-08-11 10:07:14 +0200: Memory Usage (464812K) : passiv_drw has 0 polygons
2026-08-11 10:07:14 +0200: Memory Usage (464812K) : passiv_pin has 0 polygons
2026-08-11 10:07:14 +0200: Memory Usage (464812K) : passiv_sbump has 0 polygons
2026-08-11 10:07:14 +0200: Memory Usage (464812K) : passiv_pillar has 0 polygons
2026-08-11 10:07:14 +0200: Memory Usage (464812K) : passiv_pdl has 0 polygons
2026-08-11 10:07:14 +0200: Memory Usage (465324K) : metal2_drw has 33 polygons
2026-08-11 10:07:14 +0200: Memory Usage (465324K) : metal2_filler has 0 polygons
2026-08-11 10:07:14 +0200: Memory Usage (465324K) : metal2_slit has 0 polygons
2026-08-11 10:07:14 +0200: Memory Usage (465324K) : metal2 has 33 polygons
2026-08-11 10:07:14 +0200: Memory Usage (465324K) : metal2_pin has 7 polygons
2026-08-11 10:07:14 +0200: Memory Usage (465324K) : metal2_mask has 0 polygons
2026-08-11 10:07:14 +0200: Memory Usage (465324K) : metal2_nofill has 0 polygons
2026-08-11 10:07:14 +0200: Memory Usage (465452K) : metal2_text has 7 polygons
2026-08-11 10:07:14 +0200: Memory Usage (465452K) : metal2_OPC has 0 polygons
2026-08-11 10:07:14 +0200: Memory Usage (465580K) : metal2_noqrc has 0 polygons
2026-08-11 10:07:14 +0200: Memory Usage (465580K) : metal2_res has 0 polygons
2026-08-11 10:07:14 +0200: Memory Usage (465708K) : metal2_iprobe has 0 polygons
2026-08-11 10:07:14 +0200: Memory Usage (465708K) : metal2_diffprb has 0 polygons
2026-08-11 10:07:14 +0200: Memory Usage (465836K) : baspoly_drw has 0 polygons
2026-08-11 10:07:14 +0200: Memory Usage (465964K) : baspoly_pin has 0 polygons
2026-08-11 10:07:14 +0200: Memory Usage (466092K) : psd_drw has 19 polygons
2026-08-11 10:07:14 +0200: Memory Usage (466220K) : nldb_drw has 0 polygons
2026-08-11 10:07:14 +0200: Memory Usage (466220K) : digibnd_drw has 0 polygons
2026-08-11 10:07:14 +0200: Memory Usage (466348K) : via1_drw has 2259 polygons
2026-08-11 10:07:14 +0200: Memory Usage (466476K) : backmetal1_drw has 0 polygons
2026-08-11 10:07:14 +0200: Memory Usage (466476K) : backmetal1_pin has 0 polygons
2026-08-11 10:07:14 +0200: Memory Usage (466604K) : backmetal1_mask has 0 polygons
2026-08-11 10:07:14 +0200: Memory Usage (466604K) : backmetal1_filler has 0 polygons
2026-08-11 10:07:14 +0200: Memory Usage (466732K) : backmetal1_nofill has 0 polygons
2026-08-11 10:07:14 +0200: Memory Usage (466732K) : backmetal1_slit has 0 polygons
2026-08-11 10:07:14 +0200: Memory Usage (466860K) : backmetal1_text has 0 polygons
2026-08-11 10:07:14 +0200: Memory Usage (466988K) : backmetal1_OPC has 0 polygons
2026-08-11 10:07:14 +0200: Memory Usage (466988K) : backmetal1_noqrc has 0 polygons
2026-08-11 10:07:14 +0200: Memory Usage (467116K) : backmetal1_res has 0 polygons
2026-08-11 10:07:14 +0200: Memory Usage (467116K) : backmetal1_iprobe has 0 polygons
2026-08-11 10:07:14 +0200: Memory Usage (467116K) : backmetal1_diffprb has 0 polygons
2026-08-11 10:07:14 +0200: Memory Usage (467244K) : backpassiv_drw has 0 polygons
2026-08-11 10:07:14 +0200: Memory Usage (467244K) : res_drw has 0 polygons
2026-08-11 10:07:14 +0200: Memory Usage (467244K) : sram_drw has 0 polygons
2026-08-11 10:07:14 +0200: Memory Usage (467244K) : trans_drw has 0 polygons
2026-08-11 10:07:14 +0200: Memory Usage (467372K) : ind_drw has 0 polygons
2026-08-11 10:07:14 +0200: Memory Usage (467372K) : ind_pin has 0 polygons
2026-08-11 10:07:14 +0200: Memory Usage (467372K) : ind_text has 0 polygons
2026-08-11 10:07:14 +0200: Memory Usage (467500K) : salblock_drw has 1 polygons
2026-08-11 10:07:14 +0200: Memory Usage (467500K) : via2_drw has 2291 polygons
2026-08-11 10:07:14 +0200: Memory Usage (467628K) : metal3_drw has 13 polygons
2026-08-11 10:07:14 +0200: Memory Usage (467628K) : metal3_filler has 0 polygons
2026-08-11 10:07:14 +0200: Memory Usage (467756K) : metal3_slit has 0 polygons
2026-08-11 10:07:14 +0200: Memory Usage (467884K) : metal3 has 13 polygons
2026-08-11 10:07:14 +0200: Memory Usage (467884K) : metal3_pin has 9 polygons
2026-08-11 10:07:14 +0200: Memory Usage (467884K) : metal3_mask has 0 polygons
2026-08-11 10:07:14 +0200: Memory Usage (467884K) : metal3_nofill has 0 polygons
2026-08-11 10:07:14 +0200: Memory Usage (468012K) : metal3_text has 9 polygons
2026-08-11 10:07:14 +0200: Memory Usage (468012K) : metal3_OPC has 0 polygons
2026-08-11 10:07:14 +0200: Memory Usage (468140K) : metal3_noqrc has 0 polygons
2026-08-11 10:07:14 +0200: Memory Usage (468140K) : metal3_res has 0 polygons
2026-08-11 10:07:14 +0200: Memory Usage (468268K) : metal3_iprobe has 0 polygons
2026-08-11 10:07:14 +0200: Memory Usage (468268K) : metal3_diffprb has 0 polygons
2026-08-11 10:07:14 +0200: Memory Usage (468396K) : nwell_drw has 12 polygons
2026-08-11 10:07:14 +0200: Memory Usage (468396K) : nwell_pin has 0 polygons
2026-08-11 10:07:14 +0200: Memory Usage (468524K) : nwell_text has 0 polygons
2026-08-11 10:07:14 +0200: Memory Usage (468524K) : nbulay_drw has 0 polygons
2026-08-11 10:07:14 +0200: Memory Usage (468652K) : nbulay_pin has 0 polygons
2026-08-11 10:07:14 +0200: Memory Usage (468652K) : nbulay_block has 0 polygons
2026-08-11 10:07:14 +0200: Memory Usage (468780K) : emwind_drw has 0 polygons
2026-08-11 10:07:14 +0200: Memory Usage (468908K) : emwind_OPC has 0 polygons
2026-08-11 10:07:14 +0200: Memory Usage (468908K) : deepco_drw has 0 polygons
2026-08-11 10:07:14 +0200: Memory Usage (469036K) : mim_drw has 0 polygons
2026-08-11 10:07:14 +0200: Memory Usage (469036K) : edgeseal_drw has 0 polygons
2026-08-11 10:07:14 +0200: Memory Usage (469164K) : substrate_drw has 16 polygons
2026-08-11 10:07:14 +0200: Memory Usage (469164K) : substrate_text has 0 polygons
2026-08-11 10:07:14 +0200: Memory Usage (469292K) : dfpad_drw has 0 polygons
2026-08-11 10:07:14 +0200: Memory Usage (469292K) : dfpad_pillar has 0 polygons
2026-08-11 10:07:14 +0200: Memory Usage (469420K) : dfpad_sbump has 0 polygons
2026-08-11 10:07:14 +0200: Memory Usage (469420K) : thickgateox_drw has 4 polygons
2026-08-11 10:07:14 +0200: Memory Usage (469420K) : pldb_drw has 0 polygons
2026-08-11 10:07:14 +0200: Memory Usage (469548K) : pwell_drw has 0 polygons
2026-08-11 10:07:14 +0200: Memory Usage (469548K) : pwell_pin has 0 polygons
2026-08-11 10:07:14 +0200: Memory Usage (469548K) : pwell_block has 0 polygons
2026-08-11 10:07:14 +0200: Memory Usage (469676K) : ic_drw has 0 polygons
2026-08-11 10:07:14 +0200: Memory Usage (469676K) : via3_drw has 2087 polygons
2026-08-11 10:07:14 +0200: Memory Usage (469804K) : metal4_drw has 8 polygons
2026-08-11 10:07:14 +0200: Memory Usage (469932K) : metal4_filler has 0 polygons
2026-08-11 10:07:14 +0200: Memory Usage (469932K) : metal4_slit has 0 polygons
2026-08-11 10:07:14 +0200: Memory Usage (470060K) : metal4 has 8 polygons
2026-08-11 10:07:14 +0200: Memory Usage (470188K) : metal4_pin has 8 polygons
2026-08-11 10:07:14 +0200: Memory Usage (470188K) : metal4_mask has 0 polygons
2026-08-11 10:07:14 +0200: Memory Usage (470316K) : metal4_nofill has 0 polygons
2026-08-11 10:07:14 +0200: Memory Usage (470316K) : metal4_text has 8 polygons
2026-08-11 10:07:14 +0200: Memory Usage (470444K) : metal4_OPC has 0 polygons
2026-08-11 10:07:14 +0200: Memory Usage (470444K) : metal4_noqrc has 0 polygons
2026-08-11 10:07:14 +0200: Memory Usage (470572K) : metal4_res has 0 polygons
2026-08-11 10:07:14 +0200: Memory Usage (470572K) : metal4_iprobe has 0 polygons
2026-08-11 10:07:14 +0200: Memory Usage (470700K) : metal4_diffprb has 0 polygons
2026-08-11 10:07:14 +0200: Memory Usage (470700K) : heattrans_drw has 6 polygons
2026-08-11 10:07:14 +0200: Memory Usage (470828K) : heatres_drw has 0 polygons
2026-08-11 10:07:14 +0200: Memory Usage (470956K) : fbe_drw has 0 polygons
2026-08-11 10:07:14 +0200: Memory Usage (470956K) : empoly_drw has 0 polygons
2026-08-11 10:07:14 +0200: Memory Usage (471084K) : digisub_drw has 0 polygons
2026-08-11 10:07:14 +0200: Memory Usage (471084K) : text_drw has 19 polygons
2026-08-11 10:07:14 +0200: Memory Usage (471212K) : via4_drw has 2371 polygons
2026-08-11 10:07:14 +0200: Memory Usage (471340K) : metal5_drw has 8 polygons
2026-08-11 10:07:14 +0200: Memory Usage (471340K) : metal5_filler has 0 polygons
2026-08-11 10:07:14 +0200: Memory Usage (471468K) : metal5_slit has 0 polygons
2026-08-11 10:07:14 +0200: Memory Usage (471596K) : metal5 has 8 polygons
2026-08-11 10:07:14 +0200: Memory Usage (471596K) : metal5_pin has 8 polygons
2026-08-11 10:07:14 +0200: Memory Usage (471724K) : metal5_mask has 0 polygons
2026-08-11 10:07:14 +0200: Memory Usage (471724K) : metal5_nofill has 0 polygons
2026-08-11 10:07:14 +0200: Memory Usage (471852K) : metal5_text has 8 polygons
2026-08-11 10:07:14 +0200: Memory Usage (471852K) : metal5_OPC has 0 polygons
2026-08-11 10:07:14 +0200: Memory Usage (471980K) : metal5_noqrc has 0 polygons
2026-08-11 10:07:14 +0200: Memory Usage (471980K) : metal5_res has 0 polygons
2026-08-11 10:07:14 +0200: Memory Usage (471980K) : metal5_iprobe has 0 polygons
2026-08-11 10:07:14 +0200: Memory Usage (471980K) : metal5_diffprb has 0 polygons
2026-08-11 10:07:14 +0200: Memory Usage (472108K) : radhard_drw has 0 polygons
2026-08-11 10:07:14 +0200: Memory Usage (472108K) : memcap_drw has 0 polygons
2026-08-11 10:07:14 +0200: Memory Usage (472236K) : varicap_drw has 0 polygons
2026-08-11 10:07:14 +0200: Memory Usage (472236K) : intbondvia_drw has 0 polygons
2026-08-11 10:07:14 +0200: Memory Usage (472364K) : intbondmet_drw has 0 polygons
2026-08-11 10:07:14 +0200: Memory Usage (472364K) : devbondvia_drw has 0 polygons
2026-08-11 10:07:14 +0200: Memory Usage (472364K) : devbondmet_drw has 0 polygons
2026-08-11 10:07:14 +0200: Memory Usage (472364K) : devtrench_drw has 0 polygons
2026-08-11 10:07:14 +0200: Memory Usage (472364K) : redist_drw has 0 polygons
2026-08-11 10:07:14 +0200: Memory Usage (472364K) : graphbot_drw has 0 polygons
2026-08-11 10:07:14 +0200: Memory Usage (472364K) : graphtop_drw has 0 polygons
2026-08-11 10:07:14 +0200: Memory Usage (472364K) : antvia1_drw has 0 polygons
2026-08-11 10:07:14 +0200: Memory Usage (472364K) : antmetal2_drw has 0 polygons
2026-08-11 10:07:14 +0200: Memory Usage (472364K) : graphcont_drw has 0 polygons
2026-08-11 10:07:14 +0200: Memory Usage (472364K) : siwg_drw has 0 polygons
2026-08-11 10:07:14 +0200: Memory Usage (472364K) : siwg_filler has 0 polygons
2026-08-11 10:07:14 +0200: Memory Usage (472364K) : siwg_nofill has 0 polygons
2026-08-11 10:07:14 +0200: Memory Usage (472364K) : sigrating_drw has 0 polygons
2026-08-11 10:07:14 +0200: Memory Usage (472364K) : singrating_drw has 0 polygons
2026-08-11 10:07:14 +0200: Memory Usage (472364K) : graphpas_drw has 0 polygons
2026-08-11 10:07:14 +0200: Memory Usage (472364K) : emwind3_drw has 0 polygons
2026-08-11 10:07:14 +0200: Memory Usage (472364K) : emwihv3_drw has 0 polygons
2026-08-11 10:07:14 +0200: Memory Usage (472364K) : redbulay_drw has 0 polygons
2026-08-11 10:07:14 +0200: Memory Usage (472364K) : smos_drw has 0 polygons
2026-08-11 10:07:14 +0200: Memory Usage (472364K) : graphpad_drw has 0 polygons
2026-08-11 10:07:14 +0200: Memory Usage (472364K) : polimide_drw has 0 polygons
2026-08-11 10:07:14 +0200: Memory Usage (472364K) : polimide_pin has 0 polygons
2026-08-11 10:07:14 +0200: Memory Usage (472364K) : recog_drw has 0 polygons
2026-08-11 10:07:14 +0200: Memory Usage (472364K) : recog_pin has 0 polygons
2026-08-11 10:07:14 +0200: Memory Usage (472364K) : recog_esd has 0 polygons
2026-08-11 10:07:14 +0200: Memory Usage (472364K) : recog_diode has 6 polygons
2026-08-11 10:07:14 +0200: Memory Usage (472364K) : recog_tsv has 0 polygons
2026-08-11 10:07:14 +0200: Memory Usage (472364K) : recog_iprobe has 0 polygons
2026-08-11 10:07:14 +0200: Memory Usage (472364K) : recog_diffprb has 0 polygons
2026-08-11 10:07:14 +0200: Memory Usage (472364K) : recog_pillar has 0 polygons
2026-08-11 10:07:14 +0200: Memory Usage (472364K) : recog_sbump has 0 polygons
2026-08-11 10:07:14 +0200: Memory Usage (472364K) : recog_otp has 0 polygons
2026-08-11 10:07:14 +0200: Memory Usage (472364K) : recog_pdiode has 0 polygons
2026-08-11 10:07:14 +0200: Memory Usage (472364K) : recog_mom has 0 polygons
2026-08-11 10:07:14 +0200: Memory Usage (472364K) : recog_pcm has 0 polygons
2026-08-11 10:07:14 +0200: Memory Usage (472364K) : colopen_drw has 0 polygons
2026-08-11 10:07:14 +0200: Memory Usage (472364K) : graphmetal1_drw has 0 polygons
2026-08-11 10:07:14 +0200: Memory Usage (472364K) : graphmetal1_filler has 0 polygons
2026-08-11 10:07:14 +0200: Memory Usage (472364K) : graphmetal1_nofill has 0 polygons
2026-08-11 10:07:14 +0200: Memory Usage (472364K) : graphmetal1_slit has 0 polygons
2026-08-11 10:07:14 +0200: Memory Usage (472364K) : graphmetal1_OPC has 0 polygons
2026-08-11 10:07:14 +0200: Memory Usage (472364K) : graphmet1l_drw has 0 polygons
2026-08-11 10:07:14 +0200: Memory Usage (472364K) : graphmet1l_filler has 0 polygons
2026-08-11 10:07:14 +0200: Memory Usage (472364K) : graphmet1l_nofill has 0 polygons
2026-08-11 10:07:14 +0200: Memory Usage (472364K) : graphmet1l_slit has 0 polygons
2026-08-11 10:07:14 +0200: Memory Usage (472364K) : graphmet1l_OPC has 0 polygons
2026-08-11 10:07:14 +0200: Memory Usage (472364K) : extblock_drw has 1 polygons
2026-08-11 10:07:14 +0200: Memory Usage (472364K) : nldd_drw has 0 polygons
2026-08-11 10:07:14 +0200: Memory Usage (472364K) : pldd_drw has 0 polygons
2026-08-11 10:07:14 +0200: Memory Usage (472364K) : next_drw has 0 polygons
2026-08-11 10:07:14 +0200: Memory Usage (472364K) : pext_drw has 0 polygons
2026-08-11 10:07:14 +0200: Memory Usage (472364K) : nexthv_drw has 0 polygons
2026-08-11 10:07:14 +0200: Memory Usage (472364K) : pexthv_drw has 0 polygons
2026-08-11 10:07:14 +0200: Memory Usage (472364K) : graphgate_drw has 0 polygons
2026-08-11 10:07:14 +0200: Memory Usage (472364K) : sinwg_drw has 0 polygons
2026-08-11 10:07:14 +0200: Memory Usage (472364K) : sinwg_filler has 0 polygons
2026-08-11 10:07:14 +0200: Memory Usage (472364K) : sinwg_nofill has 0 polygons
2026-08-11 10:07:14 +0200: Memory Usage (472364K) : mempad_drw has 0 polygons
2026-08-11 10:07:14 +0200: Memory Usage (472364K) : topvia1_drw has 2315 polygons
2026-08-11 10:07:14 +0200: Memory Usage (472364K) : topmetal1_drw has 8 polygons
2026-08-11 10:07:14 +0200: Memory Usage (472364K) : topmetal1_filler has 0 polygons
2026-08-11 10:07:14 +0200: Memory Usage (472364K) : topmetal1_slit has 0 polygons
2026-08-11 10:07:14 +0200: Memory Usage (472364K) : topmetal1 has 8 polygons
2026-08-11 10:07:14 +0200: Memory Usage (472364K) : topmetal1_pin has 8 polygons
2026-08-11 10:07:14 +0200: Memory Usage (472364K) : topmetal1_mask has 0 polygons
2026-08-11 10:07:14 +0200: Memory Usage (472364K) : topmetal1_nofill has 0 polygons
2026-08-11 10:07:14 +0200: Memory Usage (472364K) : topmetal1_text has 8 polygons
2026-08-11 10:07:14 +0200: Memory Usage (472364K) : topmetal1_noqrc has 0 polygons
2026-08-11 10:07:14 +0200: Memory Usage (472364K) : topmetal1_res has 0 polygons
2026-08-11 10:07:14 +0200: Memory Usage (472364K) : topmetal1_iprobe has 0 polygons
2026-08-11 10:07:14 +0200: Memory Usage (472364K) : topmetal1_diffprb has 0 polygons
2026-08-11 10:07:14 +0200: Memory Usage (472364K) : inldpwl_drw has 0 polygons
2026-08-11 10:07:14 +0200: Memory Usage (472364K) : polyres_drw has 1 polygons
2026-08-11 10:07:14 +0200: Memory Usage (472364K) : polyres_pin has 0 polygons
2026-08-11 10:07:14 +0200: Memory Usage (472364K) : vmim_drw has 0 polygons
2026-08-11 10:07:14 +0200: Memory Usage (472364K) : nbulaycut_drw has 0 polygons
2026-08-11 10:07:14 +0200: Memory Usage (472364K) : antmetal1_drw has 0 polygons
2026-08-11 10:07:14 +0200: Memory Usage (472364K) : topvia2_drw has 1593 polygons
2026-08-11 10:07:14 +0200: Memory Usage (472364K) : topmetal2_drw has 6 polygons
2026-08-11 10:07:14 +0200: Memory Usage (472364K) : topmetal2_filler has 0 polygons
2026-08-11 10:07:14 +0200: Memory Usage (472364K) : topmetal2_slit has 0 polygons
2026-08-11 10:07:14 +0200: Memory Usage (472364K) : topmetal2 has 6 polygons
2026-08-11 10:07:14 +0200: Memory Usage (472364K) : topmetal2_pin has 6 polygons
2026-08-11 10:07:14 +0200: Memory Usage (472364K) : topmetal2_mask has 0 polygons
2026-08-11 10:07:14 +0200: Memory Usage (472364K) : topmetal2_nofill has 0 polygons
2026-08-11 10:07:14 +0200: Memory Usage (472364K) : topmetal2_text has 6 polygons
2026-08-11 10:07:14 +0200: Memory Usage (472364K) : topmetal2_noqrc has 0 polygons
2026-08-11 10:07:14 +0200: Memory Usage (472364K) : topmetal2_res has 0 polygons
2026-08-11 10:07:14 +0200: Memory Usage (472364K) : topmetal2_iprobe has 0 polygons
2026-08-11 10:07:14 +0200: Memory Usage (472364K) : topmetal2_diffprb has 0 polygons
2026-08-11 10:07:14 +0200: Memory Usage (472364K) : snsring_drw has 0 polygons
2026-08-11 10:07:14 +0200: Memory Usage (472364K) : sensor_drw has 0 polygons
2026-08-11 10:07:14 +0200: Memory Usage (472364K) : snsarms_drw has 0 polygons
2026-08-11 10:07:14 +0200: Memory Usage (472364K) : snscmosvia_drw has 0 polygons
2026-08-11 10:07:14 +0200: Memory Usage (472364K) : colwind_drw has 0 polygons
2026-08-11 10:07:14 +0200: Memory Usage (472364K) : flm_drw has 0 polygons
2026-08-11 10:07:14 +0200: Memory Usage (472364K) : hafniumox_drw has 0 polygons
2026-08-11 10:07:14 +0200: Memory Usage (472364K) : memvia_drw has 0 polygons
2026-08-11 10:07:14 +0200: Memory Usage (472364K) : thinfilmres_drw has 0 polygons
2026-08-11 10:07:14 +0200: Memory Usage (472364K) : rfmem_drw has 0 polygons
2026-08-11 10:07:14 +0200: Memory Usage (472364K) : norcx_drw has 0 polygons
2026-08-11 10:07:14 +0200: Memory Usage (472364K) : norcx_m2m3 has 0 polygons
2026-08-11 10:07:14 +0200: Memory Usage (472364K) : norcx_m2m4 has 0 polygons
2026-08-11 10:07:14 +0200: Memory Usage (472364K) : norcx_m2m5 has 0 polygons
2026-08-11 10:07:14 +0200: Memory Usage (472364K) : norcx_m2tm1 has 0 polygons
2026-08-11 10:07:14 +0200: Memory Usage (472364K) : norcx_m2tm2 has 0 polygons
2026-08-11 10:07:14 +0200: Memory Usage (472364K) : norcx_m3m4 has 0 polygons
2026-08-11 10:07:14 +0200: Memory Usage (472364K) : norcx_m3m5 has 0 polygons
2026-08-11 10:07:14 +0200: Memory Usage (472364K) : norcx_m3tm1 has 0 polygons
2026-08-11 10:07:14 +0200: Memory Usage (472364K) : norcx_m3tm2 has 0 polygons
2026-08-11 10:07:14 +0200: Memory Usage (472364K) : norcx_m4m5 has 0 polygons
2026-08-11 10:07:14 +0200: Memory Usage (472364K) : norcx_m4tm1 has 0 polygons
2026-08-11 10:07:14 +0200: Memory Usage (472364K) : norcx_m4tm2 has 0 polygons
2026-08-11 10:07:14 +0200: Memory Usage (472364K) : norcx_m5tm1 has 0 polygons
2026-08-11 10:07:14 +0200: Memory Usage (472364K) : norcx_m5tm2 has 0 polygons
2026-08-11 10:07:14 +0200: Memory Usage (472364K) : norcx_tm1tm2 has 0 polygons
2026-08-11 10:07:14 +0200: Memory Usage (472364K) : norcx_m1sub has 0 polygons
2026-08-11 10:07:14 +0200: Memory Usage (472364K) : norcx_m2sub has 0 polygons
2026-08-11 10:07:14 +0200: Memory Usage (472364K) : norcx_m3sub has 0 polygons
2026-08-11 10:07:14 +0200: Memory Usage (472364K) : norcx_m4sub has 0 polygons
2026-08-11 10:07:14 +0200: Memory Usage (472364K) : norcx_m5sub has 0 polygons
2026-08-11 10:07:14 +0200: Memory Usage (472364K) : norcx_tm1sub has 0 polygons
2026-08-11 10:07:14 +0200: Memory Usage (472364K) : norcx_tm2sub has 0 polygons
2026-08-11 10:07:14 +0200: Memory Usage (472364K) : snsbotvia_drw has 0 polygons
2026-08-11 10:07:14 +0200: Memory Usage (472364K) : snstopvia_drw has 0 polygons
2026-08-11 10:07:14 +0200: Memory Usage (472364K) : deepvia_drw has 0 polygons
2026-08-11 10:07:14 +0200: Memory Usage (472364K) : fgetch_drw has 0 polygons
2026-08-11 10:07:14 +0200: Memory Usage (472364K) : ctrgat_drw has 0 polygons
2026-08-11 10:07:14 +0200: Memory Usage (472364K) : fgimp_drw has 0 polygons
2026-08-11 10:07:14 +0200: Memory Usage (472364K) : emwihv_drw has 0 polygons
2026-08-11 10:07:14 +0200: Memory Usage (472364K) : lbe_drw has 0 polygons
2026-08-11 10:07:14 +0200: Memory Usage (472364K) : alcustop_drw has 0 polygons
2026-08-11 10:07:14 +0200: Memory Usage (472364K) : nometfiller_drw has 0 polygons
2026-08-11 10:07:14 +0200: Memory Usage (472364K) : prboundary_drw has 0 polygons
2026-08-11 10:07:14 +0200: Memory Usage (472364K) : exchange0_drw has 0 polygons
2026-08-11 10:07:14 +0200: Memory Usage (472364K) : exchange0_pin has 0 polygons
2026-08-11 10:07:14 +0200: Memory Usage (472364K) : exchange0_text has 0 polygons
2026-08-11 10:07:14 +0200: Memory Usage (472364K) : exchange1_drw has 0 polygons
2026-08-11 10:07:15 +0200: Memory Usage (472364K) : exchange1_pin has 0 polygons
2026-08-11 10:07:15 +0200: Memory Usage (472364K) : exchange1_text has 0 polygons
2026-08-11 10:07:15 +0200: Memory Usage (472364K) : exchange2_drw has 0 polygons
2026-08-11 10:07:15 +0200: Memory Usage (472364K) : exchange2_pin has 0 polygons
2026-08-11 10:07:15 +0200: Memory Usage (472364K) : exchange2_text has 0 polygons
2026-08-11 10:07:15 +0200: Memory Usage (472364K) : exchange3_drw has 0 polygons
2026-08-11 10:07:15 +0200: Memory Usage (472364K) : exchange3_pin has 0 polygons
2026-08-11 10:07:15 +0200: Memory Usage (472364K) : exchange3_text has 0 polygons
2026-08-11 10:07:15 +0200: Memory Usage (472364K) : exchange4_drw has 0 polygons
2026-08-11 10:07:15 +0200: Memory Usage (472364K) : exchange4_pin has 0 polygons
2026-08-11 10:07:15 +0200: Memory Usage (472364K) : exchange4_text has 0 polygons
2026-08-11 10:07:15 +0200: Memory Usage (472492K) : isonwell_drw has 0 polygons
2026-08-11 10:07:15 +0200: Memory Usage (472492K) : Total no. of polygons in the design is 87211
2026-08-11 10:07:15 +0200: Memory Usage (472492K) : Starting base layers derivations
2026-08-11 10:07:15 +0200: Memory Usage (472492K) : Starting general LVS derivations
2026-08-11 10:07:15 +0200: Memory Usage (480172K) : Starting MOSFET DERIVATIONS
2026-08-11 10:07:15 +0200: Memory Usage (511596K) : Starting NMOS DERIVATIONS
2026-08-11 10:07:15 +0200: Memory Usage (511596K) : Starting PMOS DERIVATIONS
2026-08-11 10:07:15 +0200: Memory Usage (511596K) : Starting RF-MOSFET DERIVATIONS
2026-08-11 10:07:15 +0200: Memory Usage (511596K) : Starting RF-NMOS DERIVATIONS
2026-08-11 10:07:15 +0200: Memory Usage (511596K) : Starting RF-PMOS DERIVATIONS
2026-08-11 10:07:15 +0200: Memory Usage (511596K) : Starting BJT DERIVATIONS
2026-08-11 10:07:15 +0200: Memory Usage (511596K) : Starting NPN-BJT DERIVATIONS
2026-08-11 10:07:15 +0200: Memory Usage (511596K) : Starting PNP-BJT DERIVATIONS
2026-08-11 10:07:15 +0200: Memory Usage (511596K) : Starting DIODE DERIVATIONS
2026-08-11 10:07:16 +0200: Memory Usage (484504K) : Starting RESISTOR DERIVATIONS
2026-08-11 10:07:16 +0200: Memory Usage (485016K) : Starting CAP DERIVATIONS
2026-08-11 10:07:17 +0200: Memory Usage (485016K) : Starting CAP_CMOM DERIVATIONS
2026-08-11 10:07:17 +0200: Memory Usage (485016K) : Starting ESD DERIVATIONS
2026-08-11 10:07:17 +0200: Memory Usage (485400K) : Starting Inductor DERIVATIONS
2026-08-11 10:07:17 +0200: Memory Usage (486040K) : Starting Taps DERIVATIONS
2026-08-11 10:07:17 +0200: Memory Usage (486040K) : Starting SG13G2 LVS connectivity setup
2026-08-11 10:07:17 +0200: Memory Usage (486040K) : Starting SG13G2 LVS connectivity setup (Inter-layer)
2026-08-11 10:07:17 +0200: Memory Usage (486040K) : Starting SG13G2 LVS connectivity setup (Global)
2026-08-11 10:07:17 +0200: Memory Usage (486040K) : Starting LVS MOSFET CONNECTIONS
2026-08-11 10:07:17 +0200: Memory Usage (486040K) : Starting LVS RF-MOSFET CONNECTIONS
2026-08-11 10:07:17 +0200: Memory Usage (486040K) : Starting LVS BJT CONNECTIONS
2026-08-11 10:07:17 +0200: Memory Usage (486040K) : Starting LVS DIODE CONNECTIONS
2026-08-11 10:07:17 +0200: Memory Usage (486040K) : Starting RESISTOR CONNECTIONS
2026-08-11 10:07:17 +0200: Memory Usage (486040K) : Starting LVS CAP CONNECTIONS
2026-08-11 10:07:17 +0200: Memory Usage (486040K) : Starting CAP_CMOM CONNECTIONS
2026-08-11 10:07:17 +0200: Memory Usage (486040K) : Starting ESD CONNECTIONS
2026-08-11 10:07:17 +0200: Memory Usage (486040K) : Starting Inductor CONNECTIONS
2026-08-11 10:07:17 +0200: Memory Usage (486040K) : Starting LVS Taps CONNECTIONS
2026-08-11 10:07:17 +0200: Memory Usage (486040K) : Starting SG13G2 LVS DEVICES EXTRACTION
2026-08-11 10:07:17 +0200: Memory Usage (486040K) : Starting MOSFET EXTRACTION
2026-08-11 10:07:17 +0200: Memory Usage (486040K) : Starting NMOS EXTRACTION
2026-08-11 10:07:17 +0200: Memory Usage (486040K) : Extraction of NMOS-LV transistor
2026-08-11 10:07:17 +0200: Memory Usage (486168K) : Extraction of NMOS-HV transistor
2026-08-11 10:07:17 +0200: Memory Usage (486168K) : Starting PMOS EXTRACTION
2026-08-11 10:07:17 +0200: Memory Usage (486168K) : Extraction of PMOS-LV transistor
2026-08-11 10:07:17 +0200: Memory Usage (486168K) : Extraction of PMOS-HV transistor
2026-08-11 10:07:17 +0200: Memory Usage (486168K) : Starting RF-MOSFET EXTRACTION
2026-08-11 10:07:17 +0200: Memory Usage (486168K) : Extraction of RF-NMOS-LV transistor
2026-08-11 10:07:17 +0200: Memory Usage (486168K) : Extraction of RF-NMOS-HV transistor
2026-08-11 10:07:17 +0200: Memory Usage (486168K) : Extraction of RF-PMOS-LV transistor
2026-08-11 10:07:17 +0200: Memory Usage (486168K) : Extraction of RF-PMOS-HV transistor
2026-08-11 10:07:17 +0200: Memory Usage (486168K) : Starting BJT EXTRACTION
2026-08-11 10:07:17 +0200: Memory Usage (486168K) : Starting NPN-BJT EXTRACTION
2026-08-11 10:07:17 +0200: Memory Usage (486168K) : Extraction of npn13G2 BJT transistor
2026-08-11 10:07:17 +0200: Memory Usage (486168K) : Extraction of npn13G2L BJT transistor
2026-08-11 10:07:17 +0200: Memory Usage (486168K) : Extraction of npn13G2V BJT transistor
2026-08-11 10:07:17 +0200: Memory Usage (486168K) : Starting PNP-BJT EXTRACTION
2026-08-11 10:07:17 +0200: Memory Usage (486168K) : Extracting pnpMPA BJT
2026-08-11 10:07:17 +0200: Memory Usage (486168K) : Starting DIODE EXTRACTION
2026-08-11 10:07:17 +0200: Memory Usage (486168K) : Extracting dantenna diode
2026-08-11 10:07:17 +0200: Memory Usage (486168K) : Extracting dpantenna diode
2026-08-11 10:07:17 +0200: Memory Usage (486168K) : Extracting schottky_nbl1 diode
2026-08-11 10:07:17 +0200: Memory Usage (486168K) : Extracting isolbox diode
2026-08-11 10:07:17 +0200: Memory Usage (486168K) : Starting RESISTOR EXTRACTION
2026-08-11 10:07:17 +0200: Memory Usage (486168K) : Extracting rsil resistor
2026-08-11 10:07:17 +0200: Memory Usage (486168K) : Extracting rppd resistor
2026-08-11 10:07:17 +0200: Memory Usage (486168K) : Extracting rhigh resistor
2026-08-11 10:07:17 +0200: Memory Usage (486168K) : Extracting res_metal1 resistor
2026-08-11 10:07:17 +0200: Memory Usage (486296K) : Extracting res_metal2 resistor
2026-08-11 10:07:17 +0200: Memory Usage (486296K) : Extracting res_metal3 resistor
2026-08-11 10:07:17 +0200: Memory Usage (486296K) : Extracting res_metal4 resistor
2026-08-11 10:07:17 +0200: Memory Usage (486296K) : Extracting res_metal5 resistor
2026-08-11 10:07:17 +0200: Memory Usage (486296K) : Extracting res_topmetal1 resistor
2026-08-11 10:07:17 +0200: Memory Usage (486296K) : Extracting res_topmetal2 resistor
2026-08-11 10:07:17 +0200: Memory Usage (486296K) : Starting CAP EXTRACTION
2026-08-11 10:07:17 +0200: Memory Usage (486296K) : Extracting cap_cmim device
2026-08-11 10:07:17 +0200: Memory Usage (486296K) : Extracting rfcmim device
2026-08-11 10:07:17 +0200: Memory Usage (486296K) : Extracting sg13_hv_svaricap varactor
2026-08-11 10:07:17 +0200: Memory Usage (486296K) : Extracting cap_cmomi device
2026-08-11 10:07:17 +0200: Memory Usage (486296K) : Extracting sg13_moscap_n capacitor
2026-08-11 10:07:17 +0200: Memory Usage (486296K) : Extracting sg13_moscap_p capacitor
2026-08-11 10:07:17 +0200: Memory Usage (486296K) : Starting ESD EXTRACTION
2026-08-11 10:07:17 +0200: Memory Usage (486296K) : Extracting diodevdd_2kv ESD device
2026-08-11 10:07:17 +0200: Memory Usage (486296K) : Extracting diodevdd_4kv ESD device
2026-08-11 10:07:17 +0200: Memory Usage (486296K) : Extracting diodevss_2kv ESD device
2026-08-11 10:07:17 +0200: Memory Usage (486296K) : Extracting diodevss_4kv ESD device
2026-08-11 10:07:17 +0200: Memory Usage (486296K) : Extracting idiodevdd_2kv ESD device
2026-08-11 10:07:17 +0200: Memory Usage (486296K) : Extracting idiodevdd_4kv ESD device
2026-08-11 10:07:17 +0200: Memory Usage (486296K) : Extracting idiodevss_2kv ESD device
2026-08-11 10:07:17 +0200: Memory Usage (486296K) : Extracting idiodevss_4kv ESD device
2026-08-11 10:07:17 +0200: Memory Usage (486296K) : Extracting nmoscl_2 ESD device
2026-08-11 10:07:17 +0200: Memory Usage (486296K) : Extracting nmoscl_4 ESD device
2026-08-11 10:07:17 +0200: Memory Usage (486296K) : Starting Inductor EXTRACTION
2026-08-11 10:07:17 +0200: Memory Usage (486296K) : Extracting Inductor2 device
2026-08-11 10:07:17 +0200: Memory Usage (486296K) : Extracting Inductor3 device
2026-08-11 10:07:17 +0200: Memory Usage (486296K) : Starting Taps EXTRACTION
2026-08-11 10:07:17 +0200: Memory Usage (486296K) : Extracting ntap1 device
2026-08-11 10:07:17 +0200: Memory Usage (486296K) : Extracting ptap1 device
2026-08-11 10:07:17 +0200: Memory Usage (486296K) : Starting SG13G2 LVS RF MOS Model Mapping
2026-08-11 10:07:18 +0200: Memory Usage (500120K) : [layout_netlist] Apply RF MOS model mapping and rfmode parameter.
2026-08-11 10:07:18 +0200: Memory Usage (500120K) : Starting SG13G2 LVS Options Preparations
2026-08-11 10:07:18 +0200: Memory Usage (500120K) : SG13G2 LVS flow: extraction -> alignment -> option preparation -> comparison.
2026-08-11 10:07:18 +0200: Memory Usage (500120K) : Starting SG13G2 LVS Alignment
2026-08-11 10:07:18 +0200: Memory Usage (500120K) : Starting SG13G2 LVS Simplification
2026-08-11 10:07:18 +0200: Memory Usage (500120K) : [layout_netlist] simplify: ENABLED
2026-08-11 10:07:18 +0200: Memory Usage (500120K) : [layout_netlist] make_top_level_pins: SKIPPED
2026-08-11 10:07:18 +0200: Memory Usage (500120K) : [layout_netlist] combine_devices: ENABLED
2026-08-11 10:07:18 +0200: Memory Usage (500120K) : [layout_netlist] purge: SKIPPED
2026-08-11 10:07:18 +0200: Memory Usage (500120K) : [layout_netlist] purge_nets: SKIPPED
2026-08-11 10:07:18 +0200: Memory Usage (500120K) : [schematic_netlist] simplify: ENABLED
2026-08-11 10:07:18 +0200: Memory Usage (500120K) : [schematic_netlist] make_top_level_pins: SKIPPED
2026-08-11 10:07:18 +0200: Memory Usage (500120K) : [schematic_netlist] combine_devices: ENABLED
2026-08-11 10:07:18 +0200: Memory Usage (500120K) : [schematic_netlist] purge: SKIPPED
2026-08-11 10:07:18 +0200: Memory Usage (500120K) : [schematic_netlist] purge_nets: SKIPPED
2026-08-11 10:07:18 +0200: Memory Usage (500120K) : Starting SG13G2 LVS Comparison
2026-08-11 10:07:18 +0200: Memory Usage (500248K) : ==========================================
2026-08-11 10:07:18 +0200: Memory Usage (500248K) : INFO : Congratulations! Netlists match.
2026-08-11 10:07:18 +0200: Memory Usage (500248K) : ==========================================
2026-08-11 10:07:18 +0200: Memory Usage (500248K) : LVS Total Run time 4.564336 seconds
11-Aug-2026 10:07:19 | INFO    | ==============================================================================
11-Aug-2026 10:07:19 | INFO    | Important Summary
11-Aug-2026 10:07:19 | INFO    | +------------------+---------------------------------------------------------------------------------------+
11-Aug-2026 10:07:19 | INFO    | | Status           | PASS                                                                                  |
11-Aug-2026 10:07:19 | INFO    | | Mode             | COMPARE                                                                               |
11-Aug-2026 10:07:19 | INFO    | | Outcome          | Comparison mode: PASS (netlists match).                                               |
11-Aug-2026 10:07:19 | INFO    | | Layout           | sg13g2_IOPadIn.gds                                                                    |
11-Aug-2026 10:07:19 | INFO    | | Top Cell         | sg13g2_IOPadIn                                                                        |
11-Aug-2026 10:07:19 | INFO    | | Results Dir      | /foss/designs/ihp-open-pdk-regression/IOPADS/lvs_sweep/20260811_100703/sg13g2_IOPadIn |
11-Aug-2026 10:07:19 | INFO    | | Warnings         | 0                                                                                     |
11-Aug-2026 10:07:19 | INFO    | | Errors           | 0                                                                                     |
11-Aug-2026 10:07:19 | INFO    | | Run Time (s)     | 7.815                                                                                 |
11-Aug-2026 10:07:19 | INFO    | +------------------+---------------------------------------------------------------------------------------+
11-Aug-2026 10:07:19 | INFO    | ==============================================================================
