# Logfile created on 2026-08-03 14:09:49 +0200 by logger.rb/v1.5.3
2026-08-03 14:09:49 +0200: Memory Usage (455104K) : Starting running SG13G2 Klayout LVS runset on /foss/designs/ihp-open-pdk-regression/IOPADS/layout/sg13g2_IOPadInOut16mA.gds
2026-08-03 14:09:49 +0200: Memory Usage (455104K) : Ruby Version for klayout: 3.2.3
2026-08-03 14:09:49 +0200: Memory Usage (456768K) : Loading database to memory is complete.
2026-08-03 14:09:49 +0200: Memory Usage (456768K) : SG13G2 Klayout LVS runset output at: /foss/designs/ihp-open-pdk-regression/IOPADS/lvs_sweep/20260803_140929/sg13g2_IOPadInOut16mA/sg13g2_IOPadInOut16mA.lvsdb
2026-08-03 14:09:49 +0200: Memory Usage (456768K) : Evaluate switches.
2026-08-03 14:09:49 +0200: Memory Usage (456768K) : Extracted netlist with net names: true
2026-08-03 14:09:49 +0200: Memory Usage (456768K) : Extracted netlist with comments in details: false
2026-08-03 14:09:49 +0200: Memory Usage (456768K) : Selected NET_ONLY option: false
2026-08-03 14:09:49 +0200: Memory Usage (456768K) : Selected LAYOUT_NETLIST option: (none)
2026-08-03 14:09:49 +0200: Memory Usage (456768K) : Selected IGNORE_TOP_PORTS_MISMATCH option: 
2026-08-03 14:09:49 +0200: Memory Usage (456768K) : Selected IMPLICIT_NETS option: (none)
2026-08-03 14:09:49 +0200: Memory Usage (456768K) : Selected TOP_LVL_PINS option: false
2026-08-03 14:09:49 +0200: Memory Usage (456768K) : Selected COMBINE DEVICES option: false
2026-08-03 14:09:49 +0200: Memory Usage (456768K) : Selected PURGE option: false
2026-08-03 14:09:49 +0200: Memory Usage (456768K) : Selected PURGE_NETS option: false
2026-08-03 14:09:49 +0200: Memory Usage (456768K) : Selected SIMPLIFY option: true
2026-08-03 14:09:49 +0200: Memory Usage (456768K) : Selected SERIES_RES option: true
2026-08-03 14:09:49 +0200: Memory Usage (456768K) : Selected PARALLEL_RES option: true
2026-08-03 14:09:49 +0200: Memory Usage (456768K) : Selected DISABLE_TAP_EXTRACTION option: false
2026-08-03 14:09:49 +0200: Memory Usage (456768K) : deep  mode is enabled.
2026-08-03 14:09:49 +0200: Memory Usage (457152K) : Netlist file: /foss/designs/ihp-open-pdk-regression/IOPADS/netlist/pads/sg13g2_IOPadInOut16mA.spi
2026-08-03 14:09:49 +0200: Memory Usage (457152K) : LVS extracted netlist at: /foss/designs/ihp-open-pdk-regression/IOPADS/lvs_sweep/20260803_140929/sg13g2_IOPadInOut16mA/sg13g2_IOPadInOut16mA_extracted.cir
2026-08-03 14:09:49 +0200: Memory Usage (457152K) : Applying SRAM integration support.
2026-08-03 14:09:49 +0200: Memory Usage (457152K) : Starting SG13G2 LVS runset
2026-08-03 14:09:49 +0200: Memory Usage (457152K) : Read in polygons from layers.
2026-08-03 14:09:49 +0200: Memory Usage (458304K) : activ_drw has 110 polygons
2026-08-03 14:09:49 +0200: Memory Usage (458304K) : activ_filler has 0 polygons
2026-08-03 14:09:49 +0200: Memory Usage (458816K) : activ has 110 polygons
2026-08-03 14:09:49 +0200: Memory Usage (458816K) : activ_pin has 0 polygons
2026-08-03 14:09:49 +0200: Memory Usage (458816K) : activ_mask has 0 polygons
2026-08-03 14:09:49 +0200: Memory Usage (458816K) : activ_nofill has 0 polygons
2026-08-03 14:09:49 +0200: Memory Usage (458816K) : activ_OPC has 0 polygons
2026-08-03 14:09:49 +0200: Memory Usage (458816K) : activ_iOPC has 0 polygons
2026-08-03 14:09:49 +0200: Memory Usage (458816K) : activ_noqrc has 0 polygons
2026-08-03 14:09:49 +0200: Memory Usage (458816K) : biwind_drw has 0 polygons
2026-08-03 14:09:49 +0200: Memory Usage (458944K) : biwind_OPC has 0 polygons
2026-08-03 14:09:49 +0200: Memory Usage (458944K) : gatpoly_drw has 55 polygons
2026-08-03 14:09:49 +0200: Memory Usage (459072K) : gatpoly_filler has 0 polygons
2026-08-03 14:09:49 +0200: Memory Usage (459072K) : gatpoly has 55 polygons
2026-08-03 14:09:49 +0200: Memory Usage (459200K) : gatpoly_pin has 6 polygons
2026-08-03 14:09:49 +0200: Memory Usage (459200K) : gatpoly_nofill has 0 polygons
2026-08-03 14:09:49 +0200: Memory Usage (459328K) : gatpoly_OPC has 0 polygons
2026-08-03 14:09:49 +0200: Memory Usage (459328K) : gatpoly_iOPC has 0 polygons
2026-08-03 14:09:49 +0200: Memory Usage (459456K) : gatpoly_noqrc has 0 polygons
2026-08-03 14:09:49 +0200: Memory Usage (461120K) : cont_drw has 46400 polygons
2026-08-03 14:09:49 +0200: Memory Usage (461120K) : cont_OPC has 0 polygons
2026-08-03 14:09:49 +0200: Memory Usage (461120K) : nsd_drw has 0 polygons
2026-08-03 14:09:49 +0200: Memory Usage (461120K) : nsd_block has 0 polygons
2026-08-03 14:09:49 +0200: Memory Usage (461120K) : metal1_drw has 312 polygons
2026-08-03 14:09:49 +0200: Memory Usage (461248K) : metal1_filler has 0 polygons
2026-08-03 14:09:49 +0200: Memory Usage (461248K) : metal1_slit has 0 polygons
2026-08-03 14:09:49 +0200: Memory Usage (461248K) : metal1 has 312 polygons
2026-08-03 14:09:49 +0200: Memory Usage (461504K) : metal1_pin has 57 polygons
2026-08-03 14:09:49 +0200: Memory Usage (461504K) : metal1_mask has 0 polygons
2026-08-03 14:09:49 +0200: Memory Usage (461504K) : metal1_nofill has 0 polygons
2026-08-03 14:09:49 +0200: Memory Usage (461760K) : metal1_text has 47 polygons
2026-08-03 14:09:49 +0200: Memory Usage (461760K) : metal1_OPC has 0 polygons
2026-08-03 14:09:49 +0200: Memory Usage (461760K) : metal1_noqrc has 0 polygons
2026-08-03 14:09:49 +0200: Memory Usage (461760K) : metal1_res has 0 polygons
2026-08-03 14:09:49 +0200: Memory Usage (461760K) : metal1_iprobe has 0 polygons
2026-08-03 14:09:49 +0200: Memory Usage (461888K) : metal1_diffprb has 0 polygons
2026-08-03 14:09:49 +0200: Memory Usage (461888K) : passiv_drw has 0 polygons
2026-08-03 14:09:49 +0200: Memory Usage (462016K) : passiv_pin has 0 polygons
2026-08-03 14:09:49 +0200: Memory Usage (462016K) : passiv_sbump has 0 polygons
2026-08-03 14:09:49 +0200: Memory Usage (462144K) : passiv_pillar has 0 polygons
2026-08-03 14:09:49 +0200: Memory Usage (462144K) : passiv_pdl has 0 polygons
2026-08-03 14:09:49 +0200: Memory Usage (462400K) : metal2_drw has 90 polygons
2026-08-03 14:09:49 +0200: Memory Usage (462400K) : metal2_filler has 0 polygons
2026-08-03 14:09:49 +0200: Memory Usage (462528K) : metal2_slit has 0 polygons
2026-08-03 14:09:49 +0200: Memory Usage (462656K) : metal2 has 90 polygons
2026-08-03 14:09:49 +0200: Memory Usage (462656K) : metal2_pin has 27 polygons
2026-08-03 14:09:49 +0200: Memory Usage (462784K) : metal2_mask has 0 polygons
2026-08-03 14:09:49 +0200: Memory Usage (462784K) : metal2_nofill has 0 polygons
2026-08-03 14:09:49 +0200: Memory Usage (462912K) : metal2_text has 27 polygons
2026-08-03 14:09:49 +0200: Memory Usage (463040K) : metal2_OPC has 0 polygons
2026-08-03 14:09:49 +0200: Memory Usage (463040K) : metal2_noqrc has 0 polygons
2026-08-03 14:09:49 +0200: Memory Usage (463168K) : metal2_res has 0 polygons
2026-08-03 14:09:49 +0200: Memory Usage (463168K) : metal2_iprobe has 0 polygons
2026-08-03 14:09:49 +0200: Memory Usage (463296K) : metal2_diffprb has 0 polygons
2026-08-03 14:09:49 +0200: Memory Usage (463296K) : baspoly_drw has 0 polygons
2026-08-03 14:09:49 +0200: Memory Usage (463424K) : baspoly_pin has 0 polygons
2026-08-03 14:09:49 +0200: Memory Usage (463424K) : psd_drw has 45 polygons
2026-08-03 14:09:49 +0200: Memory Usage (463552K) : nldb_drw has 0 polygons
2026-08-03 14:09:49 +0200: Memory Usage (463552K) : digibnd_drw has 0 polygons
2026-08-03 14:09:49 +0200: Memory Usage (463680K) : via1_drw has 1757 polygons
2026-08-03 14:09:49 +0200: Memory Usage (463808K) : backmetal1_drw has 0 polygons
2026-08-03 14:09:49 +0200: Memory Usage (463808K) : backmetal1_pin has 0 polygons
2026-08-03 14:09:49 +0200: Memory Usage (463936K) : backmetal1_mask has 0 polygons
2026-08-03 14:09:49 +0200: Memory Usage (463936K) : backmetal1_filler has 0 polygons
2026-08-03 14:09:49 +0200: Memory Usage (464064K) : backmetal1_nofill has 0 polygons
2026-08-03 14:09:49 +0200: Memory Usage (464064K) : backmetal1_slit has 0 polygons
2026-08-03 14:09:49 +0200: Memory Usage (464192K) : backmetal1_text has 0 polygons
2026-08-03 14:09:49 +0200: Memory Usage (464320K) : backmetal1_OPC has 0 polygons
2026-08-03 14:09:49 +0200: Memory Usage (464320K) : backmetal1_noqrc has 0 polygons
2026-08-03 14:09:49 +0200: Memory Usage (464448K) : backmetal1_res has 0 polygons
2026-08-03 14:09:49 +0200: Memory Usage (464448K) : backmetal1_iprobe has 0 polygons
2026-08-03 14:09:49 +0200: Memory Usage (464576K) : backmetal1_diffprb has 0 polygons
2026-08-03 14:09:49 +0200: Memory Usage (464576K) : backpassiv_drw has 0 polygons
2026-08-03 14:09:49 +0200: Memory Usage (464704K) : res_drw has 0 polygons
2026-08-03 14:09:49 +0200: Memory Usage (464704K) : sram_drw has 0 polygons
2026-08-03 14:09:49 +0200: Memory Usage (464832K) : trans_drw has 0 polygons
2026-08-03 14:09:49 +0200: Memory Usage (464960K) : ind_drw has 0 polygons
2026-08-03 14:09:49 +0200: Memory Usage (464960K) : ind_pin has 0 polygons
2026-08-03 14:09:49 +0200: Memory Usage (465088K) : ind_text has 0 polygons
2026-08-03 14:09:49 +0200: Memory Usage (465088K) : salblock_drw has 1 polygons
2026-08-03 14:09:49 +0200: Memory Usage (465216K) : via2_drw has 1442 polygons
2026-08-03 14:09:49 +0200: Memory Usage (465216K) : metal3_drw has 21 polygons
2026-08-03 14:09:49 +0200: Memory Usage (465344K) : metal3_filler has 0 polygons
2026-08-03 14:09:49 +0200: Memory Usage (465344K) : metal3_slit has 0 polygons
2026-08-03 14:09:49 +0200: Memory Usage (465472K) : metal3 has 21 polygons
2026-08-03 14:09:49 +0200: Memory Usage (465600K) : metal3_pin has 11 polygons
2026-08-03 14:09:49 +0200: Memory Usage (465728K) : metal3_mask has 0 polygons
2026-08-03 14:09:49 +0200: Memory Usage (465728K) : metal3_nofill has 0 polygons
2026-08-03 14:09:49 +0200: Memory Usage (465856K) : metal3_text has 11 polygons
2026-08-03 14:09:49 +0200: Memory Usage (465856K) : metal3_OPC has 0 polygons
2026-08-03 14:09:49 +0200: Memory Usage (465984K) : metal3_noqrc has 0 polygons
2026-08-03 14:09:49 +0200: Memory Usage (465984K) : metal3_res has 0 polygons
2026-08-03 14:09:49 +0200: Memory Usage (466112K) : metal3_iprobe has 0 polygons
2026-08-03 14:09:49 +0200: Memory Usage (466112K) : metal3_diffprb has 0 polygons
2026-08-03 14:09:49 +0200: Memory Usage (466240K) : nwell_drw has 29 polygons
2026-08-03 14:09:49 +0200: Memory Usage (466240K) : nwell_pin has 0 polygons
2026-08-03 14:09:49 +0200: Memory Usage (466240K) : nwell_text has 0 polygons
2026-08-03 14:09:49 +0200: Memory Usage (466368K) : nbulay_drw has 0 polygons
2026-08-03 14:09:49 +0200: Memory Usage (466368K) : nbulay_pin has 0 polygons
2026-08-03 14:09:49 +0200: Memory Usage (466496K) : nbulay_block has 0 polygons
2026-08-03 14:09:49 +0200: Memory Usage (466496K) : emwind_drw has 0 polygons
2026-08-03 14:09:49 +0200: Memory Usage (466624K) : emwind_OPC has 0 polygons
2026-08-03 14:09:49 +0200: Memory Usage (466624K) : deepco_drw has 0 polygons
2026-08-03 14:09:49 +0200: Memory Usage (466752K) : mim_drw has 0 polygons
2026-08-03 14:09:49 +0200: Memory Usage (466752K) : edgeseal_drw has 0 polygons
2026-08-03 14:09:49 +0200: Memory Usage (466880K) : substrate_drw has 29 polygons
2026-08-03 14:09:49 +0200: Memory Usage (466880K) : substrate_text has 0 polygons
2026-08-03 14:09:49 +0200: Memory Usage (466880K) : dfpad_drw has 0 polygons
2026-08-03 14:09:49 +0200: Memory Usage (467008K) : dfpad_pillar has 0 polygons
2026-08-03 14:09:49 +0200: Memory Usage (467008K) : dfpad_sbump has 0 polygons
2026-08-03 14:09:49 +0200: Memory Usage (467136K) : thickgateox_drw has 8 polygons
2026-08-03 14:09:49 +0200: Memory Usage (467136K) : pldb_drw has 0 polygons
2026-08-03 14:09:49 +0200: Memory Usage (467264K) : pwell_drw has 0 polygons
2026-08-03 14:09:49 +0200: Memory Usage (467264K) : pwell_pin has 0 polygons
2026-08-03 14:09:49 +0200: Memory Usage (467392K) : pwell_block has 0 polygons
2026-08-03 14:09:49 +0200: Memory Usage (467392K) : ic_drw has 0 polygons
2026-08-03 14:09:49 +0200: Memory Usage (467520K) : via3_drw has 2087 polygons
2026-08-03 14:09:49 +0200: Memory Usage (467648K) : metal4_drw has 8 polygons
2026-08-03 14:09:49 +0200: Memory Usage (467648K) : metal4_filler has 0 polygons
2026-08-03 14:09:49 +0200: Memory Usage (467776K) : metal4_slit has 0 polygons
2026-08-03 14:09:49 +0200: Memory Usage (467904K) : metal4 has 8 polygons
2026-08-03 14:09:49 +0200: Memory Usage (467904K) : metal4_pin has 8 polygons
2026-08-03 14:09:49 +0200: Memory Usage (467904K) : metal4_mask has 0 polygons
2026-08-03 14:09:49 +0200: Memory Usage (468032K) : metal4_nofill has 0 polygons
2026-08-03 14:09:49 +0200: Memory Usage (468032K) : metal4_text has 8 polygons
2026-08-03 14:09:49 +0200: Memory Usage (468160K) : metal4_OPC has 0 polygons
2026-08-03 14:09:49 +0200: Memory Usage (468160K) : metal4_noqrc has 0 polygons
2026-08-03 14:09:49 +0200: Memory Usage (468288K) : metal4_res has 0 polygons
2026-08-03 14:09:49 +0200: Memory Usage (468288K) : metal4_iprobe has 0 polygons
2026-08-03 14:09:49 +0200: Memory Usage (468416K) : metal4_diffprb has 0 polygons
2026-08-03 14:09:49 +0200: Memory Usage (468416K) : heattrans_drw has 6 polygons
2026-08-03 14:09:49 +0200: Memory Usage (468544K) : heatres_drw has 0 polygons
2026-08-03 14:09:49 +0200: Memory Usage (468544K) : fbe_drw has 0 polygons
2026-08-03 14:09:49 +0200: Memory Usage (468672K) : empoly_drw has 0 polygons
2026-08-03 14:09:49 +0200: Memory Usage (468672K) : digisub_drw has 0 polygons
2026-08-03 14:09:49 +0200: Memory Usage (468800K) : text_drw has 29 polygons
2026-08-03 14:09:49 +0200: Memory Usage (468800K) : via4_drw has 2371 polygons
2026-08-03 14:09:49 +0200: Memory Usage (468928K) : metal5_drw has 8 polygons
2026-08-03 14:09:49 +0200: Memory Usage (468928K) : metal5_filler has 0 polygons
2026-08-03 14:09:49 +0200: Memory Usage (469056K) : metal5_slit has 0 polygons
2026-08-03 14:09:49 +0200: Memory Usage (469184K) : metal5 has 8 polygons
2026-08-03 14:09:49 +0200: Memory Usage (469184K) : metal5_pin has 8 polygons
2026-08-03 14:09:49 +0200: Memory Usage (469312K) : metal5_mask has 0 polygons
2026-08-03 14:09:49 +0200: Memory Usage (469312K) : metal5_nofill has 0 polygons
2026-08-03 14:09:49 +0200: Memory Usage (469440K) : metal5_text has 8 polygons
2026-08-03 14:09:49 +0200: Memory Usage (469440K) : metal5_OPC has 0 polygons
2026-08-03 14:09:49 +0200: Memory Usage (469568K) : metal5_noqrc has 0 polygons
2026-08-03 14:09:49 +0200: Memory Usage (469568K) : metal5_res has 0 polygons
2026-08-03 14:09:49 +0200: Memory Usage (469696K) : metal5_iprobe has 0 polygons
2026-08-03 14:09:49 +0200: Memory Usage (469696K) : metal5_diffprb has 0 polygons
2026-08-03 14:09:49 +0200: Memory Usage (469696K) : radhard_drw has 0 polygons
2026-08-03 14:09:49 +0200: Memory Usage (469824K) : memcap_drw has 0 polygons
2026-08-03 14:09:49 +0200: Memory Usage (469824K) : varicap_drw has 0 polygons
2026-08-03 14:09:49 +0200: Memory Usage (469952K) : intbondvia_drw has 0 polygons
2026-08-03 14:09:49 +0200: Memory Usage (469952K) : intbondmet_drw has 0 polygons
2026-08-03 14:09:49 +0200: Memory Usage (470080K) : devbondvia_drw has 0 polygons
2026-08-03 14:09:49 +0200: Memory Usage (470080K) : devbondmet_drw has 0 polygons
2026-08-03 14:09:49 +0200: Memory Usage (470208K) : devtrench_drw has 0 polygons
2026-08-03 14:09:49 +0200: Memory Usage (470208K) : redist_drw has 0 polygons
2026-08-03 14:09:49 +0200: Memory Usage (470208K) : graphbot_drw has 0 polygons
2026-08-03 14:09:49 +0200: Memory Usage (470208K) : graphtop_drw has 0 polygons
2026-08-03 14:09:49 +0200: Memory Usage (470208K) : antvia1_drw has 0 polygons
2026-08-03 14:09:49 +0200: Memory Usage (470208K) : antmetal2_drw has 0 polygons
2026-08-03 14:09:49 +0200: Memory Usage (470208K) : graphcont_drw has 0 polygons
2026-08-03 14:09:49 +0200: Memory Usage (470208K) : siwg_drw has 0 polygons
2026-08-03 14:09:49 +0200: Memory Usage (470208K) : siwg_filler has 0 polygons
2026-08-03 14:09:49 +0200: Memory Usage (470208K) : siwg_nofill has 0 polygons
2026-08-03 14:09:49 +0200: Memory Usage (470208K) : sigrating_drw has 0 polygons
2026-08-03 14:09:49 +0200: Memory Usage (470208K) : singrating_drw has 0 polygons
2026-08-03 14:09:49 +0200: Memory Usage (470208K) : graphpas_drw has 0 polygons
2026-08-03 14:09:49 +0200: Memory Usage (470208K) : emwind3_drw has 0 polygons
2026-08-03 14:09:49 +0200: Memory Usage (470208K) : emwihv3_drw has 0 polygons
2026-08-03 14:09:49 +0200: Memory Usage (470208K) : redbulay_drw has 0 polygons
2026-08-03 14:09:49 +0200: Memory Usage (470208K) : smos_drw has 0 polygons
2026-08-03 14:09:49 +0200: Memory Usage (470208K) : graphpad_drw has 0 polygons
2026-08-03 14:09:49 +0200: Memory Usage (470208K) : polimide_drw has 0 polygons
2026-08-03 14:09:49 +0200: Memory Usage (470208K) : polimide_pin has 0 polygons
2026-08-03 14:09:49 +0200: Memory Usage (470208K) : recog_drw has 0 polygons
2026-08-03 14:09:49 +0200: Memory Usage (470208K) : recog_pin has 0 polygons
2026-08-03 14:09:49 +0200: Memory Usage (470208K) : recog_esd has 0 polygons
2026-08-03 14:09:49 +0200: Memory Usage (470208K) : recog_diode has 8 polygons
2026-08-03 14:09:49 +0200: Memory Usage (470208K) : recog_tsv has 0 polygons
2026-08-03 14:09:49 +0200: Memory Usage (470208K) : recog_iprobe has 0 polygons
2026-08-03 14:09:49 +0200: Memory Usage (470208K) : recog_diffprb has 0 polygons
2026-08-03 14:09:49 +0200: Memory Usage (470208K) : recog_pillar has 0 polygons
2026-08-03 14:09:49 +0200: Memory Usage (470208K) : recog_sbump has 0 polygons
2026-08-03 14:09:49 +0200: Memory Usage (470208K) : recog_otp has 0 polygons
2026-08-03 14:09:49 +0200: Memory Usage (470208K) : recog_pdiode has 0 polygons
2026-08-03 14:09:49 +0200: Memory Usage (470208K) : recog_mom has 0 polygons
2026-08-03 14:09:49 +0200: Memory Usage (470208K) : recog_pcm has 0 polygons
2026-08-03 14:09:49 +0200: Memory Usage (470208K) : colopen_drw has 0 polygons
2026-08-03 14:09:49 +0200: Memory Usage (470208K) : graphmetal1_drw has 0 polygons
2026-08-03 14:09:49 +0200: Memory Usage (470208K) : graphmetal1_filler has 0 polygons
2026-08-03 14:09:49 +0200: Memory Usage (470208K) : graphmetal1_nofill has 0 polygons
2026-08-03 14:09:49 +0200: Memory Usage (470208K) : graphmetal1_slit has 0 polygons
2026-08-03 14:09:49 +0200: Memory Usage (470208K) : graphmetal1_OPC has 0 polygons
2026-08-03 14:09:49 +0200: Memory Usage (470208K) : graphmet1l_drw has 0 polygons
2026-08-03 14:09:49 +0200: Memory Usage (470208K) : graphmet1l_filler has 0 polygons
2026-08-03 14:09:49 +0200: Memory Usage (470208K) : graphmet1l_nofill has 0 polygons
2026-08-03 14:09:49 +0200: Memory Usage (470208K) : graphmet1l_slit has 0 polygons
2026-08-03 14:09:49 +0200: Memory Usage (470208K) : graphmet1l_OPC has 0 polygons
2026-08-03 14:09:49 +0200: Memory Usage (470208K) : extblock_drw has 1 polygons
2026-08-03 14:09:49 +0200: Memory Usage (470208K) : nldd_drw has 0 polygons
2026-08-03 14:09:49 +0200: Memory Usage (470208K) : pldd_drw has 0 polygons
2026-08-03 14:09:49 +0200: Memory Usage (470208K) : next_drw has 0 polygons
2026-08-03 14:09:49 +0200: Memory Usage (470208K) : pext_drw has 0 polygons
2026-08-03 14:09:49 +0200: Memory Usage (470208K) : nexthv_drw has 0 polygons
2026-08-03 14:09:49 +0200: Memory Usage (470208K) : pexthv_drw has 0 polygons
2026-08-03 14:09:49 +0200: Memory Usage (470208K) : graphgate_drw has 0 polygons
2026-08-03 14:09:49 +0200: Memory Usage (470208K) : sinwg_drw has 0 polygons
2026-08-03 14:09:49 +0200: Memory Usage (470208K) : sinwg_filler has 0 polygons
2026-08-03 14:09:49 +0200: Memory Usage (470208K) : sinwg_nofill has 0 polygons
2026-08-03 14:09:49 +0200: Memory Usage (470208K) : mempad_drw has 0 polygons
2026-08-03 14:09:49 +0200: Memory Usage (470208K) : topvia1_drw has 2315 polygons
2026-08-03 14:09:49 +0200: Memory Usage (470208K) : topmetal1_drw has 8 polygons
2026-08-03 14:09:49 +0200: Memory Usage (470208K) : topmetal1_filler has 0 polygons
2026-08-03 14:09:49 +0200: Memory Usage (470208K) : topmetal1_slit has 0 polygons
2026-08-03 14:09:49 +0200: Memory Usage (470208K) : topmetal1 has 8 polygons
2026-08-03 14:09:49 +0200: Memory Usage (470208K) : topmetal1_pin has 8 polygons
2026-08-03 14:09:49 +0200: Memory Usage (470208K) : topmetal1_mask has 0 polygons
2026-08-03 14:09:49 +0200: Memory Usage (470208K) : topmetal1_nofill has 0 polygons
2026-08-03 14:09:49 +0200: Memory Usage (470208K) : topmetal1_text has 8 polygons
2026-08-03 14:09:49 +0200: Memory Usage (470208K) : topmetal1_noqrc has 0 polygons
2026-08-03 14:09:49 +0200: Memory Usage (470208K) : topmetal1_res has 0 polygons
2026-08-03 14:09:49 +0200: Memory Usage (470208K) : topmetal1_iprobe has 0 polygons
2026-08-03 14:09:49 +0200: Memory Usage (470208K) : topmetal1_diffprb has 0 polygons
2026-08-03 14:09:49 +0200: Memory Usage (470208K) : inldpwl_drw has 0 polygons
2026-08-03 14:09:49 +0200: Memory Usage (470208K) : polyres_drw has 0 polygons
2026-08-03 14:09:49 +0200: Memory Usage (470208K) : polyres_pin has 0 polygons
2026-08-03 14:09:49 +0200: Memory Usage (470208K) : vmim_drw has 0 polygons
2026-08-03 14:09:49 +0200: Memory Usage (470208K) : nbulaycut_drw has 0 polygons
2026-08-03 14:09:49 +0200: Memory Usage (470208K) : antmetal1_drw has 0 polygons
2026-08-03 14:09:49 +0200: Memory Usage (470208K) : topvia2_drw has 1593 polygons
2026-08-03 14:09:49 +0200: Memory Usage (470208K) : topmetal2_drw has 6 polygons
2026-08-03 14:09:49 +0200: Memory Usage (470208K) : topmetal2_filler has 0 polygons
2026-08-03 14:09:49 +0200: Memory Usage (470208K) : topmetal2_slit has 0 polygons
2026-08-03 14:09:49 +0200: Memory Usage (470208K) : topmetal2 has 6 polygons
2026-08-03 14:09:49 +0200: Memory Usage (470208K) : topmetal2_pin has 6 polygons
2026-08-03 14:09:49 +0200: Memory Usage (470208K) : topmetal2_mask has 0 polygons
2026-08-03 14:09:49 +0200: Memory Usage (470208K) : topmetal2_nofill has 0 polygons
2026-08-03 14:09:49 +0200: Memory Usage (470208K) : topmetal2_text has 6 polygons
2026-08-03 14:09:49 +0200: Memory Usage (470208K) : topmetal2_noqrc has 0 polygons
2026-08-03 14:09:49 +0200: Memory Usage (470208K) : topmetal2_res has 0 polygons
2026-08-03 14:09:49 +0200: Memory Usage (470208K) : topmetal2_iprobe has 0 polygons
2026-08-03 14:09:49 +0200: Memory Usage (470208K) : topmetal2_diffprb has 0 polygons
2026-08-03 14:09:49 +0200: Memory Usage (470208K) : snsring_drw has 0 polygons
2026-08-03 14:09:49 +0200: Memory Usage (470208K) : sensor_drw has 0 polygons
2026-08-03 14:09:49 +0200: Memory Usage (470208K) : snsarms_drw has 0 polygons
2026-08-03 14:09:49 +0200: Memory Usage (470208K) : snscmosvia_drw has 0 polygons
2026-08-03 14:09:49 +0200: Memory Usage (470208K) : colwind_drw has 0 polygons
2026-08-03 14:09:49 +0200: Memory Usage (470208K) : flm_drw has 0 polygons
2026-08-03 14:09:49 +0200: Memory Usage (470208K) : hafniumox_drw has 0 polygons
2026-08-03 14:09:49 +0200: Memory Usage (470208K) : memvia_drw has 0 polygons
2026-08-03 14:09:49 +0200: Memory Usage (470208K) : thinfilmres_drw has 0 polygons
2026-08-03 14:09:49 +0200: Memory Usage (470208K) : rfmem_drw has 0 polygons
2026-08-03 14:09:49 +0200: Memory Usage (470208K) : norcx_drw has 0 polygons
2026-08-03 14:09:49 +0200: Memory Usage (470208K) : norcx_m2m3 has 0 polygons
2026-08-03 14:09:49 +0200: Memory Usage (470208K) : norcx_m2m4 has 0 polygons
2026-08-03 14:09:49 +0200: Memory Usage (470208K) : norcx_m2m5 has 0 polygons
2026-08-03 14:09:49 +0200: Memory Usage (470208K) : norcx_m2tm1 has 0 polygons
2026-08-03 14:09:49 +0200: Memory Usage (470208K) : norcx_m2tm2 has 0 polygons
2026-08-03 14:09:49 +0200: Memory Usage (470208K) : norcx_m3m4 has 0 polygons
2026-08-03 14:09:49 +0200: Memory Usage (470208K) : norcx_m3m5 has 0 polygons
2026-08-03 14:09:49 +0200: Memory Usage (470208K) : norcx_m3tm1 has 0 polygons
2026-08-03 14:09:50 +0200: Memory Usage (470208K) : norcx_m3tm2 has 0 polygons
2026-08-03 14:09:50 +0200: Memory Usage (470208K) : norcx_m4m5 has 0 polygons
2026-08-03 14:09:50 +0200: Memory Usage (470208K) : norcx_m4tm1 has 0 polygons
2026-08-03 14:09:50 +0200: Memory Usage (470208K) : norcx_m4tm2 has 0 polygons
2026-08-03 14:09:50 +0200: Memory Usage (470208K) : norcx_m5tm1 has 0 polygons
2026-08-03 14:09:50 +0200: Memory Usage (470208K) : norcx_m5tm2 has 0 polygons
2026-08-03 14:09:50 +0200: Memory Usage (470208K) : norcx_tm1tm2 has 0 polygons
2026-08-03 14:09:50 +0200: Memory Usage (470208K) : norcx_m1sub has 0 polygons
2026-08-03 14:09:50 +0200: Memory Usage (470208K) : norcx_m2sub has 0 polygons
2026-08-03 14:09:50 +0200: Memory Usage (470208K) : norcx_m3sub has 0 polygons
2026-08-03 14:09:50 +0200: Memory Usage (470208K) : norcx_m4sub has 0 polygons
2026-08-03 14:09:50 +0200: Memory Usage (470208K) : norcx_m5sub has 0 polygons
2026-08-03 14:09:50 +0200: Memory Usage (470208K) : norcx_tm1sub has 0 polygons
2026-08-03 14:09:50 +0200: Memory Usage (470208K) : norcx_tm2sub has 0 polygons
2026-08-03 14:09:50 +0200: Memory Usage (470208K) : snsbotvia_drw has 0 polygons
2026-08-03 14:09:50 +0200: Memory Usage (470208K) : snstopvia_drw has 0 polygons
2026-08-03 14:09:50 +0200: Memory Usage (470208K) : deepvia_drw has 0 polygons
2026-08-03 14:09:50 +0200: Memory Usage (470208K) : fgetch_drw has 0 polygons
2026-08-03 14:09:50 +0200: Memory Usage (470208K) : ctrgat_drw has 0 polygons
2026-08-03 14:09:50 +0200: Memory Usage (470208K) : fgimp_drw has 0 polygons
2026-08-03 14:09:50 +0200: Memory Usage (470208K) : emwihv_drw has 0 polygons
2026-08-03 14:09:50 +0200: Memory Usage (470208K) : lbe_drw has 0 polygons
2026-08-03 14:09:50 +0200: Memory Usage (470208K) : alcustop_drw has 0 polygons
2026-08-03 14:09:50 +0200: Memory Usage (470208K) : nometfiller_drw has 0 polygons
2026-08-03 14:09:50 +0200: Memory Usage (470208K) : prboundary_drw has 0 polygons
2026-08-03 14:09:50 +0200: Memory Usage (470208K) : exchange0_drw has 0 polygons
2026-08-03 14:09:50 +0200: Memory Usage (470208K) : exchange0_pin has 0 polygons
2026-08-03 14:09:50 +0200: Memory Usage (470208K) : exchange0_text has 0 polygons
2026-08-03 14:09:50 +0200: Memory Usage (470208K) : exchange1_drw has 0 polygons
2026-08-03 14:09:50 +0200: Memory Usage (470208K) : exchange1_pin has 0 polygons
2026-08-03 14:09:50 +0200: Memory Usage (470208K) : exchange1_text has 0 polygons
2026-08-03 14:09:50 +0200: Memory Usage (470208K) : exchange2_drw has 0 polygons
2026-08-03 14:09:50 +0200: Memory Usage (470208K) : exchange2_pin has 0 polygons
2026-08-03 14:09:50 +0200: Memory Usage (470208K) : exchange2_text has 0 polygons
2026-08-03 14:09:50 +0200: Memory Usage (470208K) : exchange3_drw has 0 polygons
2026-08-03 14:09:50 +0200: Memory Usage (470208K) : exchange3_pin has 0 polygons
2026-08-03 14:09:50 +0200: Memory Usage (470208K) : exchange3_text has 0 polygons
2026-08-03 14:09:50 +0200: Memory Usage (470208K) : exchange4_drw has 0 polygons
2026-08-03 14:09:50 +0200: Memory Usage (470208K) : exchange4_pin has 0 polygons
2026-08-03 14:09:50 +0200: Memory Usage (470208K) : exchange4_text has 0 polygons
2026-08-03 14:09:50 +0200: Memory Usage (470208K) : isonwell_drw has 0 polygons
2026-08-03 14:09:50 +0200: Memory Usage (470208K) : Total no. of polygons in the design is 58985
2026-08-03 14:09:50 +0200: Memory Usage (470208K) : Starting base layers derivations
2026-08-03 14:09:50 +0200: Memory Usage (470208K) : Starting general LVS derivations
2026-08-03 14:09:50 +0200: Memory Usage (478144K) : Starting MOSFET DERIVATIONS
2026-08-03 14:09:50 +0200: Memory Usage (480216K) : Starting NMOS DERIVATIONS
2026-08-03 14:09:50 +0200: Memory Usage (480216K) : Starting PMOS DERIVATIONS
2026-08-03 14:09:50 +0200: Memory Usage (480216K) : Starting RF-MOSFET DERIVATIONS
2026-08-03 14:09:50 +0200: Memory Usage (480216K) : Starting RF-NMOS DERIVATIONS
2026-08-03 14:09:50 +0200: Memory Usage (480216K) : Starting RF-PMOS DERIVATIONS
2026-08-03 14:09:50 +0200: Memory Usage (480216K) : Starting BJT DERIVATIONS
2026-08-03 14:09:50 +0200: Memory Usage (480216K) : Starting NPN-BJT DERIVATIONS
2026-08-03 14:09:50 +0200: Memory Usage (480216K) : Starting PNP-BJT DERIVATIONS
2026-08-03 14:09:50 +0200: Memory Usage (480216K) : Starting DIODE DERIVATIONS
2026-08-03 14:09:51 +0200: Memory Usage (480204K) : Starting RESISTOR DERIVATIONS
2026-08-03 14:09:51 +0200: Memory Usage (480204K) : Starting CAP DERIVATIONS
2026-08-03 14:09:51 +0200: Memory Usage (480204K) : Starting ESD DERIVATIONS
2026-08-03 14:09:51 +0200: Memory Usage (483276K) : Starting Inductor DERIVATIONS
2026-08-03 14:09:51 +0200: Memory Usage (486988K) : Starting Taps DERIVATIONS
2026-08-03 14:09:51 +0200: Memory Usage (488012K) : Starting SG13G2 LVS connectivity setup
2026-08-03 14:09:51 +0200: Memory Usage (488012K) : Starting SG13G2 LVS connectivity setup (Inter-layer)
2026-08-03 14:09:51 +0200: Memory Usage (488140K) : Starting SG13G2 LVS connectivity setup (Global)
2026-08-03 14:09:51 +0200: Memory Usage (488140K) : Starting LVS MOSFET CONNECTIONS
2026-08-03 14:09:51 +0200: Memory Usage (488140K) : Starting LVS RF-MOSFET CONNECTIONS
2026-08-03 14:09:51 +0200: Memory Usage (488140K) : Starting LVS BJT CONNECTIONS
2026-08-03 14:09:51 +0200: Memory Usage (488140K) : Starting LVS DIODE CONNECTIONS
2026-08-03 14:09:51 +0200: Memory Usage (488140K) : Starting RESISTOR CONNECTIONS
2026-08-03 14:09:51 +0200: Memory Usage (488140K) : Starting LVS CAP CONNECTIONS
2026-08-03 14:09:51 +0200: Memory Usage (488140K) : Starting ESD CONNECTIONS
2026-08-03 14:09:51 +0200: Memory Usage (488140K) : Starting Inductor CONNECTIONS
2026-08-03 14:09:51 +0200: Memory Usage (488140K) : Starting LVS Taps CONNECTIONS
2026-08-03 14:09:51 +0200: Memory Usage (488140K) : Starting SG13G2 LVS DEVICES EXTRACTION
2026-08-03 14:09:51 +0200: Memory Usage (488140K) : Starting MOSFET EXTRACTION
2026-08-03 14:09:51 +0200: Memory Usage (488140K) : Starting NMOS EXTRACTION
2026-08-03 14:09:51 +0200: Memory Usage (488140K) : Extraction of NMOS-LV transistor
2026-08-03 14:09:51 +0200: Memory Usage (488396K) : Extraction of NMOS-HV transistor
2026-08-03 14:09:51 +0200: Memory Usage (488396K) : Starting PMOS EXTRACTION
2026-08-03 14:09:51 +0200: Memory Usage (488396K) : Extraction of PMOS-LV transistor
2026-08-03 14:09:51 +0200: Memory Usage (488396K) : Extraction of PMOS-HV transistor
2026-08-03 14:09:51 +0200: Memory Usage (488396K) : Starting RF-MOSFET EXTRACTION
2026-08-03 14:09:51 +0200: Memory Usage (488396K) : Extraction of RF-NMOS-LV transistor
2026-08-03 14:09:51 +0200: Memory Usage (488396K) : Extraction of RF-NMOS-HV transistor
2026-08-03 14:09:51 +0200: Memory Usage (488396K) : Extraction of RF-PMOS-LV transistor
2026-08-03 14:09:51 +0200: Memory Usage (488396K) : Extraction of RF-PMOS-HV transistor
2026-08-03 14:09:51 +0200: Memory Usage (488396K) : Starting BJT EXTRACTION
2026-08-03 14:09:51 +0200: Memory Usage (488396K) : Starting NPN-BJT EXTRACTION
2026-08-03 14:09:51 +0200: Memory Usage (488396K) : Extraction of npn13G2 BJT transistor
2026-08-03 14:09:51 +0200: Memory Usage (488396K) : Extraction of npn13G2L BJT transistor
2026-08-03 14:09:51 +0200: Memory Usage (488396K) : Extraction of npn13G2V BJT transistor
2026-08-03 14:09:51 +0200: Memory Usage (488396K) : Starting PNP-BJT EXTRACTION
2026-08-03 14:09:51 +0200: Memory Usage (488396K) : Extracting pnpMPA BJT
2026-08-03 14:09:51 +0200: Memory Usage (488396K) : Starting DIODE EXTRACTION
2026-08-03 14:09:51 +0200: Memory Usage (488396K) : Extracting dantenna diode
2026-08-03 14:09:51 +0200: Memory Usage (488396K) : Extracting dpantenna diode
2026-08-03 14:09:51 +0200: Memory Usage (488396K) : Extracting schottky_nbl1 diode
2026-08-03 14:09:51 +0200: Memory Usage (488396K) : Extracting isolbox diode
2026-08-03 14:09:51 +0200: Memory Usage (488396K) : Starting RESISTOR EXTRACTION
2026-08-03 14:09:51 +0200: Memory Usage (488396K) : Extracting rsil resistor
2026-08-03 14:09:51 +0200: Memory Usage (488396K) : Extracting rppd resistor
2026-08-03 14:09:51 +0200: Memory Usage (488396K) : Extracting rhigh resistor
2026-08-03 14:09:51 +0200: Memory Usage (488396K) : Extracting res_metal1 resistor
2026-08-03 14:09:51 +0200: Memory Usage (488396K) : Extracting res_metal2 resistor
2026-08-03 14:09:51 +0200: Memory Usage (488396K) : Extracting res_metal3 resistor
2026-08-03 14:09:51 +0200: Memory Usage (488396K) : Extracting res_metal4 resistor
2026-08-03 14:09:51 +0200: Memory Usage (488396K) : Extracting res_metal5 resistor
2026-08-03 14:09:51 +0200: Memory Usage (488396K) : Extracting res_topmetal1 resistor
2026-08-03 14:09:51 +0200: Memory Usage (488396K) : Extracting res_topmetal2 resistor
2026-08-03 14:09:51 +0200: Memory Usage (488396K) : Starting CAP EXTRACTION
2026-08-03 14:09:51 +0200: Memory Usage (488396K) : Extracting cap_cmim device
2026-08-03 14:09:51 +0200: Memory Usage (488396K) : Extracting rfcmim device
2026-08-03 14:09:51 +0200: Memory Usage (488396K) : Extracting sg13_hv_svaricap varactor
2026-08-03 14:09:51 +0200: Memory Usage (488396K) : Starting ESD EXTRACTION
2026-08-03 14:09:51 +0200: Memory Usage (488396K) : Extracting diodevdd_2kv ESD device
2026-08-03 14:09:51 +0200: Memory Usage (488396K) : Extracting diodevdd_4kv ESD device
2026-08-03 14:09:51 +0200: Memory Usage (488396K) : Extracting diodevss_2kv ESD device
2026-08-03 14:09:51 +0200: Memory Usage (488396K) : Extracting diodevss_4kv ESD device
2026-08-03 14:09:51 +0200: Memory Usage (488396K) : Extracting idiodevdd_2kv ESD device
2026-08-03 14:09:51 +0200: Memory Usage (488396K) : Extracting idiodevdd_4kv ESD device
2026-08-03 14:09:51 +0200: Memory Usage (488396K) : Extracting idiodevss_2kv ESD device
2026-08-03 14:09:51 +0200: Memory Usage (488396K) : Extracting idiodevss_4kv ESD device
2026-08-03 14:09:51 +0200: Memory Usage (488396K) : Extracting nmoscl_2 ESD device
2026-08-03 14:09:51 +0200: Memory Usage (488396K) : Extracting nmoscl_4 ESD device
2026-08-03 14:09:51 +0200: Memory Usage (488396K) : Starting Inductor EXTRACTION
2026-08-03 14:09:51 +0200: Memory Usage (488396K) : Extracting Inductor2 device
2026-08-03 14:09:51 +0200: Memory Usage (488396K) : Extracting Inductor3 device
2026-08-03 14:09:51 +0200: Memory Usage (488396K) : Starting Taps EXTRACTION
2026-08-03 14:09:51 +0200: Memory Usage (488396K) : Extracting ntap1 device
2026-08-03 14:09:51 +0200: Memory Usage (488396K) : Extracting ptap1 device
2026-08-03 14:09:51 +0200: Memory Usage (488396K) : Starting SG13G2 LVS RF MOS Model Mapping
2026-08-03 14:09:52 +0200: Memory Usage (488524K) : [layout_netlist] Apply RF MOS model mapping and rfmode parameter.
2026-08-03 14:09:52 +0200: Memory Usage (488524K) : Starting SG13G2 LVS Options Preparations
2026-08-03 14:09:52 +0200: Memory Usage (488524K) : SG13G2 LVS flow: extraction -> alignment -> option preparation -> comparison.
2026-08-03 14:09:52 +0200: Memory Usage (488524K) : Starting SG13G2 LVS Alignment
2026-08-03 14:09:52 +0200: Memory Usage (488524K) : Starting SG13G2 LVS Simplification
2026-08-03 14:09:52 +0200: Memory Usage (488524K) : [layout_netlist] simplify: ENABLED
2026-08-03 14:09:52 +0200: Memory Usage (488524K) : [layout_netlist] make_top_level_pins: SKIPPED
2026-08-03 14:09:52 +0200: Memory Usage (488524K) : [layout_netlist] combine_devices: SKIPPED
2026-08-03 14:09:52 +0200: Memory Usage (488524K) : [layout_netlist] purge: SKIPPED
2026-08-03 14:09:52 +0200: Memory Usage (488524K) : [layout_netlist] purge_nets: SKIPPED
2026-08-03 14:09:52 +0200: Memory Usage (488524K) : [schematic_netlist] simplify: ENABLED
2026-08-03 14:09:52 +0200: Memory Usage (488524K) : [schematic_netlist] make_top_level_pins: SKIPPED
2026-08-03 14:09:52 +0200: Memory Usage (488524K) : [schematic_netlist] combine_devices: SKIPPED
2026-08-03 14:09:52 +0200: Memory Usage (488524K) : [schematic_netlist] purge: SKIPPED
2026-08-03 14:09:52 +0200: Memory Usage (488524K) : [schematic_netlist] purge_nets: SKIPPED
2026-08-03 14:09:52 +0200: Memory Usage (488524K) : Starting SG13G2 LVS Comparison in strict port mode.
2026-08-03 14:09:52 +0200: Memory Usage (488524K) : flag_missing_ports enabled: missing/mislabeled top-level ports are treated as errors.
2026-08-03 14:09:52 +0200: Memory Usage (488524K) : xxxxxxxxxxxxxxxxxxxxxxxxxxxxxxxxxxxxxxxxxx
2026-08-03 14:09:52 +0200: Memory Usage (488524K) : ERROR : Netlists don't match
2026-08-03 14:09:52 +0200: Memory Usage (488524K) : xxxxxxxxxxxxxxxxxxxxxxxxxxxxxxxxxxxxxxxxxx
2026-08-03 14:09:52 +0200: Memory Usage (488524K) : LVS Total Run time 3.475431 seconds
