# Logfile created on 2026-08-11 13:42:49 +0200 by logger.rb/v1.5.3
2026-08-11 13:42:49 +0200: Memory Usage (456088K) : Starting running SG13G2 Klayout LVS runset on /foss/designs/ihp-open-pdk-regression/IOPADS/layout/sg13g2_IOPadOut4mA.gds
2026-08-11 13:42:49 +0200: Memory Usage (456088K) : Ruby Version for klayout: 3.2.3
2026-08-11 13:42:49 +0200: Memory Usage (457496K) : Loading database to memory is complete.
2026-08-11 13:42:49 +0200: Memory Usage (457496K) : SG13G2 Klayout LVS runset output at: /foss/designs/ihp-open-pdk-regression/IOPADS/lvs_sweep/20260811_134120/sg13g2_IOPadOut4mA/sg13g2_IOPadOut4mA.lvsdb
2026-08-11 13:42:49 +0200: Memory Usage (457496K) : Evaluate switches.
2026-08-11 13:42:49 +0200: Memory Usage (457496K) : Extracted netlist with net names: true
2026-08-11 13:42:49 +0200: Memory Usage (457496K) : Extracted netlist with comments in details: false
2026-08-11 13:42:49 +0200: Memory Usage (457496K) : Selected NET_ONLY option: false
2026-08-11 13:42:49 +0200: Memory Usage (457496K) : Selected LAYOUT_NETLIST option: (none)
2026-08-11 13:42:49 +0200: Memory Usage (457496K) : Selected IGNORE_TOP_PORTS_MISMATCH option: true
2026-08-11 13:42:49 +0200: Memory Usage (457496K) : Selected IMPLICIT_NETS option: iovss,iovdd,vss,vdd,pad,cathode,anode
2026-08-11 13:42:49 +0200: Memory Usage (457496K) : Selected TOP_LVL_PINS option: false
2026-08-11 13:42:49 +0200: Memory Usage (457496K) : Selected COMBINE DEVICES option: true
2026-08-11 13:42:49 +0200: Memory Usage (457496K) : Selected PURGE option: false
2026-08-11 13:42:49 +0200: Memory Usage (457496K) : Selected PURGE_NETS option: false
2026-08-11 13:42:49 +0200: Memory Usage (457496K) : Selected SIMPLIFY option: true
2026-08-11 13:42:49 +0200: Memory Usage (457496K) : Selected SERIES_RES option: true
2026-08-11 13:42:49 +0200: Memory Usage (457496K) : Selected PARALLEL_RES option: true
2026-08-11 13:42:49 +0200: Memory Usage (457496K) : Selected DISABLE_TAP_EXTRACTION option: false
2026-08-11 13:42:49 +0200: Memory Usage (457496K) : deep  mode is enabled.
2026-08-11 13:42:49 +0200: Memory Usage (457496K) : Applying implicit connections (case-sensitive, pattern supported) for nets: iovss, iovdd, vss, vdd, pad, cathode, anode
2026-08-11 13:42:49 +0200: Memory Usage (458776K) : Netlist file: /foss/designs/ihp-open-pdk-regression/IOPADS/netlist/pads_upstream/sg13g2_IOPadOut4mA.spi
2026-08-11 13:42:49 +0200: Memory Usage (458776K) : LVS extracted netlist at: /foss/designs/ihp-open-pdk-regression/IOPADS/lvs_sweep/20260811_134120/sg13g2_IOPadOut4mA/sg13g2_IOPadOut4mA_extracted.cir
2026-08-11 13:42:49 +0200: Memory Usage (458776K) : Applying SRAM integration support.
2026-08-11 13:42:49 +0200: Memory Usage (458776K) : Starting SG13G2 LVS runset
2026-08-11 13:42:49 +0200: Memory Usage (458776K) : Read in polygons from layers.
2026-08-11 13:42:49 +0200: Memory Usage (460312K) : activ_drw has 77 polygons
2026-08-11 13:42:49 +0200: Memory Usage (460696K) : activ_filler has 0 polygons
2026-08-11 13:42:49 +0200: Memory Usage (460824K) : activ has 77 polygons
2026-08-11 13:42:49 +0200: Memory Usage (460824K) : activ_pin has 0 polygons
2026-08-11 13:42:49 +0200: Memory Usage (460824K) : activ_mask has 0 polygons
2026-08-11 13:42:49 +0200: Memory Usage (460824K) : activ_nofill has 0 polygons
2026-08-11 13:42:49 +0200: Memory Usage (460824K) : activ_OPC has 0 polygons
2026-08-11 13:42:49 +0200: Memory Usage (460824K) : activ_iOPC has 0 polygons
2026-08-11 13:42:49 +0200: Memory Usage (460824K) : activ_noqrc has 0 polygons
2026-08-11 13:42:49 +0200: Memory Usage (460952K) : biwind_drw has 0 polygons
2026-08-11 13:42:49 +0200: Memory Usage (460952K) : biwind_OPC has 0 polygons
2026-08-11 13:42:49 +0200: Memory Usage (461080K) : gatpoly_drw has 28 polygons
2026-08-11 13:42:50 +0200: Memory Usage (461080K) : gatpoly_filler has 0 polygons
2026-08-11 13:42:50 +0200: Memory Usage (461208K) : gatpoly has 28 polygons
2026-08-11 13:42:50 +0200: Memory Usage (461208K) : gatpoly_pin has 0 polygons
2026-08-11 13:42:50 +0200: Memory Usage (461336K) : gatpoly_nofill has 0 polygons
2026-08-11 13:42:50 +0200: Memory Usage (461336K) : gatpoly_OPC has 0 polygons
2026-08-11 13:42:50 +0200: Memory Usage (461464K) : gatpoly_iOPC has 0 polygons
2026-08-11 13:42:50 +0200: Memory Usage (461464K) : gatpoly_noqrc has 0 polygons
2026-08-11 13:42:50 +0200: Memory Usage (463000K) : cont_drw has 45805 polygons
2026-08-11 13:42:50 +0200: Memory Usage (463000K) : cont_OPC has 0 polygons
2026-08-11 13:42:50 +0200: Memory Usage (463000K) : nsd_drw has 0 polygons
2026-08-11 13:42:50 +0200: Memory Usage (463000K) : nsd_block has 0 polygons
2026-08-11 13:42:50 +0200: Memory Usage (463000K) : metal1_drw has 162 polygons
2026-08-11 13:42:50 +0200: Memory Usage (463000K) : metal1_filler has 0 polygons
2026-08-11 13:42:50 +0200: Memory Usage (463000K) : metal1_slit has 0 polygons
2026-08-11 13:42:50 +0200: Memory Usage (463512K) : metal1 has 162 polygons
2026-08-11 13:42:50 +0200: Memory Usage (463512K) : metal1_pin has 27 polygons
2026-08-11 13:42:50 +0200: Memory Usage (463512K) : metal1_mask has 0 polygons
2026-08-11 13:42:50 +0200: Memory Usage (463512K) : metal1_nofill has 0 polygons
2026-08-11 13:42:50 +0200: Memory Usage (463768K) : metal1_text has 26 polygons
2026-08-11 13:42:50 +0200: Memory Usage (463768K) : metal1_OPC has 0 polygons
2026-08-11 13:42:50 +0200: Memory Usage (463768K) : metal1_noqrc has 0 polygons
2026-08-11 13:42:50 +0200: Memory Usage (463768K) : metal1_res has 0 polygons
2026-08-11 13:42:50 +0200: Memory Usage (463896K) : metal1_iprobe has 0 polygons
2026-08-11 13:42:50 +0200: Memory Usage (463896K) : metal1_diffprb has 0 polygons
2026-08-11 13:42:50 +0200: Memory Usage (464024K) : passiv_drw has 0 polygons
2026-08-11 13:42:50 +0200: Memory Usage (464024K) : passiv_pin has 0 polygons
2026-08-11 13:42:50 +0200: Memory Usage (464152K) : passiv_sbump has 0 polygons
2026-08-11 13:42:50 +0200: Memory Usage (464280K) : passiv_pillar has 0 polygons
2026-08-11 13:42:50 +0200: Memory Usage (464280K) : passiv_pdl has 0 polygons
2026-08-11 13:42:50 +0200: Memory Usage (464408K) : metal2_drw has 50 polygons
2026-08-11 13:42:50 +0200: Memory Usage (464408K) : metal2_filler has 0 polygons
2026-08-11 13:42:50 +0200: Memory Usage (464536K) : metal2_slit has 0 polygons
2026-08-11 13:42:50 +0200: Memory Usage (464664K) : metal2 has 50 polygons
2026-08-11 13:42:50 +0200: Memory Usage (464664K) : metal2_pin has 13 polygons
2026-08-11 13:42:50 +0200: Memory Usage (464792K) : metal2_mask has 0 polygons
2026-08-11 13:42:50 +0200: Memory Usage (464792K) : metal2_nofill has 0 polygons
2026-08-11 13:42:50 +0200: Memory Usage (464920K) : metal2_text has 13 polygons
2026-08-11 13:42:50 +0200: Memory Usage (464920K) : metal2_OPC has 0 polygons
2026-08-11 13:42:50 +0200: Memory Usage (465048K) : metal2_noqrc has 0 polygons
2026-08-11 13:42:50 +0200: Memory Usage (465176K) : metal2_res has 0 polygons
2026-08-11 13:42:50 +0200: Memory Usage (465176K) : metal2_iprobe has 0 polygons
2026-08-11 13:42:50 +0200: Memory Usage (465304K) : metal2_diffprb has 0 polygons
2026-08-11 13:42:50 +0200: Memory Usage (465304K) : baspoly_drw has 0 polygons
2026-08-11 13:42:50 +0200: Memory Usage (465432K) : baspoly_pin has 0 polygons
2026-08-11 13:42:50 +0200: Memory Usage (465560K) : psd_drw has 30 polygons
2026-08-11 13:42:50 +0200: Memory Usage (465688K) : nldb_drw has 0 polygons
2026-08-11 13:42:50 +0200: Memory Usage (465688K) : digibnd_drw has 0 polygons
2026-08-11 13:42:50 +0200: Memory Usage (465816K) : via1_drw has 1524 polygons
2026-08-11 13:42:50 +0200: Memory Usage (465816K) : backmetal1_drw has 0 polygons
2026-08-11 13:42:50 +0200: Memory Usage (465944K) : backmetal1_pin has 0 polygons
2026-08-11 13:42:50 +0200: Memory Usage (466072K) : backmetal1_mask has 0 polygons
2026-08-11 13:42:50 +0200: Memory Usage (466072K) : backmetal1_filler has 0 polygons
2026-08-11 13:42:50 +0200: Memory Usage (466200K) : backmetal1_nofill has 0 polygons
2026-08-11 13:42:50 +0200: Memory Usage (466200K) : backmetal1_slit has 0 polygons
2026-08-11 13:42:50 +0200: Memory Usage (466328K) : backmetal1_text has 0 polygons
2026-08-11 13:42:50 +0200: Memory Usage (466328K) : backmetal1_OPC has 0 polygons
2026-08-11 13:42:50 +0200: Memory Usage (466328K) : backmetal1_noqrc has 0 polygons
2026-08-11 13:42:50 +0200: Memory Usage (466456K) : backmetal1_res has 0 polygons
2026-08-11 13:42:50 +0200: Memory Usage (466456K) : backmetal1_iprobe has 0 polygons
2026-08-11 13:42:50 +0200: Memory Usage (466456K) : backmetal1_diffprb has 0 polygons
2026-08-11 13:42:50 +0200: Memory Usage (466456K) : backpassiv_drw has 0 polygons
2026-08-11 13:42:50 +0200: Memory Usage (466584K) : res_drw has 0 polygons
2026-08-11 13:42:50 +0200: Memory Usage (466584K) : sram_drw has 0 polygons
2026-08-11 13:42:50 +0200: Memory Usage (466584K) : trans_drw has 0 polygons
2026-08-11 13:42:50 +0200: Memory Usage (466712K) : ind_drw has 0 polygons
2026-08-11 13:42:50 +0200: Memory Usage (466712K) : ind_pin has 0 polygons
2026-08-11 13:42:50 +0200: Memory Usage (466712K) : ind_text has 0 polygons
2026-08-11 13:42:50 +0200: Memory Usage (466840K) : salblock_drw has 0 polygons
2026-08-11 13:42:50 +0200: Memory Usage (466840K) : via2_drw has 1235 polygons
2026-08-11 13:42:50 +0200: Memory Usage (466968K) : metal3_drw has 13 polygons
2026-08-11 13:42:50 +0200: Memory Usage (466968K) : metal3_filler has 0 polygons
2026-08-11 13:42:50 +0200: Memory Usage (467096K) : metal3_slit has 0 polygons
2026-08-11 13:42:50 +0200: Memory Usage (467224K) : metal3 has 13 polygons
2026-08-11 13:42:50 +0200: Memory Usage (467224K) : metal3_pin has 9 polygons
2026-08-11 13:42:50 +0200: Memory Usage (467352K) : metal3_mask has 0 polygons
2026-08-11 13:42:50 +0200: Memory Usage (467352K) : metal3_nofill has 0 polygons
2026-08-11 13:42:50 +0200: Memory Usage (467480K) : metal3_text has 9 polygons
2026-08-11 13:42:50 +0200: Memory Usage (467480K) : metal3_OPC has 0 polygons
2026-08-11 13:42:50 +0200: Memory Usage (467608K) : metal3_noqrc has 0 polygons
2026-08-11 13:42:50 +0200: Memory Usage (467608K) : metal3_res has 0 polygons
2026-08-11 13:42:50 +0200: Memory Usage (467736K) : metal3_iprobe has 0 polygons
2026-08-11 13:42:50 +0200: Memory Usage (467864K) : metal3_diffprb has 0 polygons
2026-08-11 13:42:50 +0200: Memory Usage (467864K) : nwell_drw has 21 polygons
2026-08-11 13:42:50 +0200: Memory Usage (467992K) : nwell_pin has 0 polygons
2026-08-11 13:42:50 +0200: Memory Usage (467992K) : nwell_text has 0 polygons
2026-08-11 13:42:50 +0200: Memory Usage (468120K) : nbulay_drw has 0 polygons
2026-08-11 13:42:50 +0200: Memory Usage (468120K) : nbulay_pin has 0 polygons
2026-08-11 13:42:50 +0200: Memory Usage (468248K) : nbulay_block has 0 polygons
2026-08-11 13:42:50 +0200: Memory Usage (468248K) : emwind_drw has 0 polygons
2026-08-11 13:42:50 +0200: Memory Usage (468376K) : emwind_OPC has 0 polygons
2026-08-11 13:42:50 +0200: Memory Usage (468376K) : deepco_drw has 0 polygons
2026-08-11 13:42:50 +0200: Memory Usage (468504K) : mim_drw has 0 polygons
2026-08-11 13:42:50 +0200: Memory Usage (468504K) : edgeseal_drw has 0 polygons
2026-08-11 13:42:50 +0200: Memory Usage (468632K) : substrate_drw has 22 polygons
2026-08-11 13:42:50 +0200: Memory Usage (468760K) : substrate_text has 0 polygons
2026-08-11 13:42:50 +0200: Memory Usage (468760K) : dfpad_drw has 0 polygons
2026-08-11 13:42:50 +0200: Memory Usage (468760K) : dfpad_pillar has 0 polygons
2026-08-11 13:42:50 +0200: Memory Usage (468760K) : dfpad_sbump has 0 polygons
2026-08-11 13:42:50 +0200: Memory Usage (468760K) : thickgateox_drw has 4 polygons
2026-08-11 13:42:50 +0200: Memory Usage (468888K) : pldb_drw has 0 polygons
2026-08-11 13:42:50 +0200: Memory Usage (468888K) : pwell_drw has 0 polygons
2026-08-11 13:42:50 +0200: Memory Usage (469016K) : pwell_pin has 0 polygons
2026-08-11 13:42:50 +0200: Memory Usage (469016K) : pwell_block has 0 polygons
2026-08-11 13:42:50 +0200: Memory Usage (469144K) : ic_drw has 0 polygons
2026-08-11 13:42:50 +0200: Memory Usage (469144K) : via3_drw has 2087 polygons
2026-08-11 13:42:50 +0200: Memory Usage (469400K) : metal4_drw has 8 polygons
2026-08-11 13:42:50 +0200: Memory Usage (469400K) : metal4_filler has 0 polygons
2026-08-11 13:42:50 +0200: Memory Usage (469400K) : metal4_slit has 0 polygons
2026-08-11 13:42:50 +0200: Memory Usage (469528K) : metal4 has 8 polygons
2026-08-11 13:42:50 +0200: Memory Usage (469656K) : metal4_pin has 8 polygons
2026-08-11 13:42:50 +0200: Memory Usage (469656K) : metal4_mask has 0 polygons
2026-08-11 13:42:50 +0200: Memory Usage (469784K) : metal4_nofill has 0 polygons
2026-08-11 13:42:50 +0200: Memory Usage (469912K) : metal4_text has 8 polygons
2026-08-11 13:42:50 +0200: Memory Usage (469912K) : metal4_OPC has 0 polygons
2026-08-11 13:42:50 +0200: Memory Usage (470040K) : metal4_noqrc has 0 polygons
2026-08-11 13:42:50 +0200: Memory Usage (470040K) : metal4_res has 0 polygons
2026-08-11 13:42:50 +0200: Memory Usage (470168K) : metal4_iprobe has 0 polygons
2026-08-11 13:42:50 +0200: Memory Usage (470168K) : metal4_diffprb has 0 polygons
2026-08-11 13:42:50 +0200: Memory Usage (470296K) : heattrans_drw has 0 polygons
2026-08-11 13:42:50 +0200: Memory Usage (470296K) : heatres_drw has 0 polygons
2026-08-11 13:42:50 +0200: Memory Usage (470424K) : fbe_drw has 0 polygons
2026-08-11 13:42:50 +0200: Memory Usage (470424K) : empoly_drw has 0 polygons
2026-08-11 13:42:50 +0200: Memory Usage (470552K) : digisub_drw has 0 polygons
2026-08-11 13:42:50 +0200: Memory Usage (470552K) : text_drw has 15 polygons
2026-08-11 13:42:50 +0200: Memory Usage (470680K) : via4_drw has 2371 polygons
2026-08-11 13:42:50 +0200: Memory Usage (470808K) : metal5_drw has 8 polygons
2026-08-11 13:42:50 +0200: Memory Usage (470808K) : metal5_filler has 0 polygons
2026-08-11 13:42:50 +0200: Memory Usage (470936K) : metal5_slit has 0 polygons
2026-08-11 13:42:50 +0200: Memory Usage (471064K) : metal5 has 8 polygons
2026-08-11 13:42:50 +0200: Memory Usage (471064K) : metal5_pin has 8 polygons
2026-08-11 13:42:50 +0200: Memory Usage (471192K) : metal5_mask has 0 polygons
2026-08-11 13:42:50 +0200: Memory Usage (471192K) : metal5_nofill has 0 polygons
2026-08-11 13:42:50 +0200: Memory Usage (471192K) : metal5_text has 8 polygons
2026-08-11 13:42:50 +0200: Memory Usage (471192K) : metal5_OPC has 0 polygons
2026-08-11 13:42:50 +0200: Memory Usage (471192K) : metal5_noqrc has 0 polygons
2026-08-11 13:42:50 +0200: Memory Usage (471192K) : metal5_res has 0 polygons
2026-08-11 13:42:50 +0200: Memory Usage (471192K) : metal5_iprobe has 0 polygons
2026-08-11 13:42:50 +0200: Memory Usage (471192K) : metal5_diffprb has 0 polygons
2026-08-11 13:42:50 +0200: Memory Usage (471192K) : radhard_drw has 0 polygons
2026-08-11 13:42:50 +0200: Memory Usage (471192K) : memcap_drw has 0 polygons
2026-08-11 13:42:50 +0200: Memory Usage (471192K) : varicap_drw has 0 polygons
2026-08-11 13:42:50 +0200: Memory Usage (471192K) : intbondvia_drw has 0 polygons
2026-08-11 13:42:50 +0200: Memory Usage (471192K) : intbondmet_drw has 0 polygons
2026-08-11 13:42:50 +0200: Memory Usage (471192K) : devbondvia_drw has 0 polygons
2026-08-11 13:42:50 +0200: Memory Usage (471192K) : devbondmet_drw has 0 polygons
2026-08-11 13:42:50 +0200: Memory Usage (471192K) : devtrench_drw has 0 polygons
2026-08-11 13:42:50 +0200: Memory Usage (471192K) : redist_drw has 0 polygons
2026-08-11 13:42:50 +0200: Memory Usage (471192K) : graphbot_drw has 0 polygons
2026-08-11 13:42:50 +0200: Memory Usage (471192K) : graphtop_drw has 0 polygons
2026-08-11 13:42:50 +0200: Memory Usage (471192K) : antvia1_drw has 0 polygons
2026-08-11 13:42:50 +0200: Memory Usage (471192K) : antmetal2_drw has 0 polygons
2026-08-11 13:42:50 +0200: Memory Usage (471192K) : graphcont_drw has 0 polygons
2026-08-11 13:42:50 +0200: Memory Usage (471192K) : siwg_drw has 0 polygons
2026-08-11 13:42:50 +0200: Memory Usage (471192K) : siwg_filler has 0 polygons
2026-08-11 13:42:50 +0200: Memory Usage (471192K) : siwg_nofill has 0 polygons
2026-08-11 13:42:50 +0200: Memory Usage (471192K) : sigrating_drw has 0 polygons
2026-08-11 13:42:50 +0200: Memory Usage (471192K) : singrating_drw has 0 polygons
2026-08-11 13:42:50 +0200: Memory Usage (471192K) : graphpas_drw has 0 polygons
2026-08-11 13:42:50 +0200: Memory Usage (471192K) : emwind3_drw has 0 polygons
2026-08-11 13:42:50 +0200: Memory Usage (471192K) : emwihv3_drw has 0 polygons
2026-08-11 13:42:50 +0200: Memory Usage (471192K) : redbulay_drw has 0 polygons
2026-08-11 13:42:50 +0200: Memory Usage (471192K) : smos_drw has 0 polygons
2026-08-11 13:42:50 +0200: Memory Usage (471192K) : graphpad_drw has 0 polygons
2026-08-11 13:42:50 +0200: Memory Usage (471192K) : polimide_drw has 0 polygons
2026-08-11 13:42:50 +0200: Memory Usage (471192K) : polimide_pin has 0 polygons
2026-08-11 13:42:50 +0200: Memory Usage (471192K) : recog_drw has 0 polygons
2026-08-11 13:42:50 +0200: Memory Usage (471192K) : recog_pin has 0 polygons
2026-08-11 13:42:50 +0200: Memory Usage (471192K) : recog_esd has 0 polygons
2026-08-11 13:42:50 +0200: Memory Usage (471192K) : recog_diode has 6 polygons
2026-08-11 13:42:50 +0200: Memory Usage (471192K) : recog_tsv has 0 polygons
2026-08-11 13:42:50 +0200: Memory Usage (471192K) : recog_iprobe has 0 polygons
2026-08-11 13:42:50 +0200: Memory Usage (471192K) : recog_diffprb has 0 polygons
2026-08-11 13:42:50 +0200: Memory Usage (471192K) : recog_pillar has 0 polygons
2026-08-11 13:42:50 +0200: Memory Usage (471192K) : recog_sbump has 0 polygons
2026-08-11 13:42:50 +0200: Memory Usage (471192K) : recog_otp has 0 polygons
2026-08-11 13:42:50 +0200: Memory Usage (471192K) : recog_pdiode has 0 polygons
2026-08-11 13:42:50 +0200: Memory Usage (471192K) : recog_mom has 0 polygons
2026-08-11 13:42:50 +0200: Memory Usage (471192K) : recog_pcm has 0 polygons
2026-08-11 13:42:50 +0200: Memory Usage (471192K) : colopen_drw has 0 polygons
2026-08-11 13:42:50 +0200: Memory Usage (471192K) : graphmetal1_drw has 0 polygons
2026-08-11 13:42:50 +0200: Memory Usage (471192K) : graphmetal1_filler has 0 polygons
2026-08-11 13:42:50 +0200: Memory Usage (471192K) : graphmetal1_nofill has 0 polygons
2026-08-11 13:42:50 +0200: Memory Usage (471192K) : graphmetal1_slit has 0 polygons
2026-08-11 13:42:50 +0200: Memory Usage (471192K) : graphmetal1_OPC has 0 polygons
2026-08-11 13:42:50 +0200: Memory Usage (471192K) : graphmet1l_drw has 0 polygons
2026-08-11 13:42:50 +0200: Memory Usage (471192K) : graphmet1l_filler has 0 polygons
2026-08-11 13:42:50 +0200: Memory Usage (471192K) : graphmet1l_nofill has 0 polygons
2026-08-11 13:42:50 +0200: Memory Usage (471192K) : graphmet1l_slit has 0 polygons
2026-08-11 13:42:50 +0200: Memory Usage (471192K) : graphmet1l_OPC has 0 polygons
2026-08-11 13:42:50 +0200: Memory Usage (471192K) : extblock_drw has 0 polygons
2026-08-11 13:42:50 +0200: Memory Usage (471192K) : nldd_drw has 0 polygons
2026-08-11 13:42:50 +0200: Memory Usage (471192K) : pldd_drw has 0 polygons
2026-08-11 13:42:50 +0200: Memory Usage (471192K) : next_drw has 0 polygons
2026-08-11 13:42:50 +0200: Memory Usage (471192K) : pext_drw has 0 polygons
2026-08-11 13:42:50 +0200: Memory Usage (471192K) : nexthv_drw has 0 polygons
2026-08-11 13:42:50 +0200: Memory Usage (471192K) : pexthv_drw has 0 polygons
2026-08-11 13:42:50 +0200: Memory Usage (471192K) : graphgate_drw has 0 polygons
2026-08-11 13:42:50 +0200: Memory Usage (471192K) : sinwg_drw has 0 polygons
2026-08-11 13:42:50 +0200: Memory Usage (471192K) : sinwg_filler has 0 polygons
2026-08-11 13:42:50 +0200: Memory Usage (471192K) : sinwg_nofill has 0 polygons
2026-08-11 13:42:50 +0200: Memory Usage (471192K) : mempad_drw has 0 polygons
2026-08-11 13:42:50 +0200: Memory Usage (471192K) : topvia1_drw has 2315 polygons
2026-08-11 13:42:50 +0200: Memory Usage (471192K) : topmetal1_drw has 8 polygons
2026-08-11 13:42:50 +0200: Memory Usage (471192K) : topmetal1_filler has 0 polygons
2026-08-11 13:42:50 +0200: Memory Usage (471192K) : topmetal1_slit has 0 polygons
2026-08-11 13:42:50 +0200: Memory Usage (471192K) : topmetal1 has 8 polygons
2026-08-11 13:42:50 +0200: Memory Usage (471192K) : topmetal1_pin has 8 polygons
2026-08-11 13:42:50 +0200: Memory Usage (471192K) : topmetal1_mask has 0 polygons
2026-08-11 13:42:50 +0200: Memory Usage (471192K) : topmetal1_nofill has 0 polygons
2026-08-11 13:42:50 +0200: Memory Usage (471192K) : topmetal1_text has 8 polygons
2026-08-11 13:42:50 +0200: Memory Usage (471192K) : topmetal1_noqrc has 0 polygons
2026-08-11 13:42:50 +0200: Memory Usage (471192K) : topmetal1_res has 0 polygons
2026-08-11 13:42:50 +0200: Memory Usage (471192K) : topmetal1_iprobe has 0 polygons
2026-08-11 13:42:50 +0200: Memory Usage (471192K) : topmetal1_diffprb has 0 polygons
2026-08-11 13:42:50 +0200: Memory Usage (471192K) : inldpwl_drw has 0 polygons
2026-08-11 13:42:50 +0200: Memory Usage (471192K) : polyres_drw has 0 polygons
2026-08-11 13:42:50 +0200: Memory Usage (471192K) : polyres_pin has 0 polygons
2026-08-11 13:42:50 +0200: Memory Usage (471192K) : vmim_drw has 0 polygons
2026-08-11 13:42:50 +0200: Memory Usage (471192K) : nbulaycut_drw has 0 polygons
2026-08-11 13:42:50 +0200: Memory Usage (471192K) : antmetal1_drw has 0 polygons
2026-08-11 13:42:50 +0200: Memory Usage (471192K) : topvia2_drw has 1593 polygons
2026-08-11 13:42:50 +0200: Memory Usage (471192K) : topmetal2_drw has 6 polygons
2026-08-11 13:42:50 +0200: Memory Usage (471192K) : topmetal2_filler has 0 polygons
2026-08-11 13:42:50 +0200: Memory Usage (471192K) : topmetal2_slit has 0 polygons
2026-08-11 13:42:50 +0200: Memory Usage (471192K) : topmetal2 has 6 polygons
2026-08-11 13:42:50 +0200: Memory Usage (471192K) : topmetal2_pin has 6 polygons
2026-08-11 13:42:50 +0200: Memory Usage (471192K) : topmetal2_mask has 0 polygons
2026-08-11 13:42:50 +0200: Memory Usage (471192K) : topmetal2_nofill has 0 polygons
2026-08-11 13:42:50 +0200: Memory Usage (471192K) : topmetal2_text has 6 polygons
2026-08-11 13:42:50 +0200: Memory Usage (471192K) : topmetal2_noqrc has 0 polygons
2026-08-11 13:42:50 +0200: Memory Usage (471192K) : topmetal2_res has 0 polygons
2026-08-11 13:42:50 +0200: Memory Usage (471192K) : topmetal2_iprobe has 0 polygons
2026-08-11 13:42:50 +0200: Memory Usage (471192K) : topmetal2_diffprb has 0 polygons
2026-08-11 13:42:50 +0200: Memory Usage (471192K) : snsring_drw has 0 polygons
2026-08-11 13:42:50 +0200: Memory Usage (471192K) : sensor_drw has 0 polygons
2026-08-11 13:42:50 +0200: Memory Usage (471192K) : snsarms_drw has 0 polygons
2026-08-11 13:42:50 +0200: Memory Usage (471192K) : snscmosvia_drw has 0 polygons
2026-08-11 13:42:50 +0200: Memory Usage (471192K) : colwind_drw has 0 polygons
2026-08-11 13:42:50 +0200: Memory Usage (471192K) : flm_drw has 0 polygons
2026-08-11 13:42:50 +0200: Memory Usage (471192K) : hafniumox_drw has 0 polygons
2026-08-11 13:42:50 +0200: Memory Usage (471192K) : memvia_drw has 0 polygons
2026-08-11 13:42:50 +0200: Memory Usage (471192K) : thinfilmres_drw has 0 polygons
2026-08-11 13:42:50 +0200: Memory Usage (471192K) : rfmem_drw has 0 polygons
2026-08-11 13:42:50 +0200: Memory Usage (471192K) : norcx_drw has 0 polygons
2026-08-11 13:42:50 +0200: Memory Usage (471192K) : norcx_m2m3 has 0 polygons
2026-08-11 13:42:50 +0200: Memory Usage (471192K) : norcx_m2m4 has 0 polygons
2026-08-11 13:42:50 +0200: Memory Usage (471192K) : norcx_m2m5 has 0 polygons
2026-08-11 13:42:50 +0200: Memory Usage (471192K) : norcx_m2tm1 has 0 polygons
2026-08-11 13:42:50 +0200: Memory Usage (471192K) : norcx_m2tm2 has 0 polygons
2026-08-11 13:42:50 +0200: Memory Usage (471192K) : norcx_m3m4 has 0 polygons
2026-08-11 13:42:50 +0200: Memory Usage (471192K) : norcx_m3m5 has 0 polygons
2026-08-11 13:42:50 +0200: Memory Usage (471192K) : norcx_m3tm1 has 0 polygons
2026-08-11 13:42:50 +0200: Memory Usage (471192K) : norcx_m3tm2 has 0 polygons
2026-08-11 13:42:50 +0200: Memory Usage (471192K) : norcx_m4m5 has 0 polygons
2026-08-11 13:42:50 +0200: Memory Usage (471192K) : norcx_m4tm1 has 0 polygons
2026-08-11 13:42:50 +0200: Memory Usage (471192K) : norcx_m4tm2 has 0 polygons
2026-08-11 13:42:50 +0200: Memory Usage (471192K) : norcx_m5tm1 has 0 polygons
2026-08-11 13:42:50 +0200: Memory Usage (471192K) : norcx_m5tm2 has 0 polygons
2026-08-11 13:42:50 +0200: Memory Usage (471192K) : norcx_tm1tm2 has 0 polygons
2026-08-11 13:42:50 +0200: Memory Usage (471192K) : norcx_m1sub has 0 polygons
2026-08-11 13:42:50 +0200: Memory Usage (471192K) : norcx_m2sub has 0 polygons
2026-08-11 13:42:50 +0200: Memory Usage (471192K) : norcx_m3sub has 0 polygons
2026-08-11 13:42:50 +0200: Memory Usage (471192K) : norcx_m4sub has 0 polygons
2026-08-11 13:42:50 +0200: Memory Usage (471192K) : norcx_m5sub has 0 polygons
2026-08-11 13:42:50 +0200: Memory Usage (471192K) : norcx_tm1sub has 0 polygons
2026-08-11 13:42:50 +0200: Memory Usage (471192K) : norcx_tm2sub has 0 polygons
2026-08-11 13:42:50 +0200: Memory Usage (471192K) : snsbotvia_drw has 0 polygons
2026-08-11 13:42:50 +0200: Memory Usage (471192K) : snstopvia_drw has 0 polygons
2026-08-11 13:42:50 +0200: Memory Usage (471192K) : deepvia_drw has 0 polygons
2026-08-11 13:42:50 +0200: Memory Usage (471192K) : fgetch_drw has 0 polygons
2026-08-11 13:42:50 +0200: Memory Usage (471192K) : ctrgat_drw has 0 polygons
2026-08-11 13:42:50 +0200: Memory Usage (471192K) : fgimp_drw has 0 polygons
2026-08-11 13:42:50 +0200: Memory Usage (471192K) : emwihv_drw has 0 polygons
2026-08-11 13:42:50 +0200: Memory Usage (471192K) : lbe_drw has 0 polygons
2026-08-11 13:42:50 +0200: Memory Usage (471192K) : alcustop_drw has 0 polygons
2026-08-11 13:42:50 +0200: Memory Usage (471192K) : nometfiller_drw has 0 polygons
2026-08-11 13:42:50 +0200: Memory Usage (471192K) : prboundary_drw has 0 polygons
2026-08-11 13:42:50 +0200: Memory Usage (471192K) : exchange0_drw has 0 polygons
2026-08-11 13:42:50 +0200: Memory Usage (471192K) : exchange0_pin has 0 polygons
2026-08-11 13:42:50 +0200: Memory Usage (471192K) : exchange0_text has 0 polygons
2026-08-11 13:42:50 +0200: Memory Usage (471192K) : exchange1_drw has 0 polygons
2026-08-11 13:42:50 +0200: Memory Usage (471192K) : exchange1_pin has 0 polygons
2026-08-11 13:42:50 +0200: Memory Usage (471192K) : exchange1_text has 0 polygons
2026-08-11 13:42:50 +0200: Memory Usage (471192K) : exchange2_drw has 0 polygons
2026-08-11 13:42:50 +0200: Memory Usage (471192K) : exchange2_pin has 0 polygons
2026-08-11 13:42:50 +0200: Memory Usage (471192K) : exchange2_text has 0 polygons
2026-08-11 13:42:50 +0200: Memory Usage (471192K) : exchange3_drw has 0 polygons
2026-08-11 13:42:50 +0200: Memory Usage (471192K) : exchange3_pin has 0 polygons
2026-08-11 13:42:50 +0200: Memory Usage (471192K) : exchange3_text has 0 polygons
2026-08-11 13:42:50 +0200: Memory Usage (471192K) : exchange4_drw has 0 polygons
2026-08-11 13:42:50 +0200: Memory Usage (471192K) : exchange4_pin has 0 polygons
2026-08-11 13:42:50 +0200: Memory Usage (471192K) : exchange4_text has 0 polygons
2026-08-11 13:42:50 +0200: Memory Usage (471192K) : isonwell_drw has 0 polygons
2026-08-11 13:42:50 +0200: Memory Usage (471192K) : Total no. of polygons in the design is 57545
2026-08-11 13:42:51 +0200: Memory Usage (471192K) : Starting base layers derivations
2026-08-11 13:42:51 +0200: Memory Usage (471192K) : Starting general LVS derivations
2026-08-11 13:42:51 +0200: Memory Usage (474776K) : Starting MOSFET DERIVATIONS
2026-08-11 13:42:52 +0200: Memory Usage (476400K) : Starting NMOS DERIVATIONS
2026-08-11 13:42:52 +0200: Memory Usage (476400K) : Starting PMOS DERIVATIONS
2026-08-11 13:42:52 +0200: Memory Usage (476400K) : Starting RF-MOSFET DERIVATIONS
2026-08-11 13:42:52 +0200: Memory Usage (476400K) : Starting RF-NMOS DERIVATIONS
2026-08-11 13:42:52 +0200: Memory Usage (476400K) : Starting RF-PMOS DERIVATIONS
2026-08-11 13:42:52 +0200: Memory Usage (476400K) : Starting BJT DERIVATIONS
2026-08-11 13:42:52 +0200: Memory Usage (476400K) : Starting NPN-BJT DERIVATIONS
2026-08-11 13:42:52 +0200: Memory Usage (476400K) : Starting PNP-BJT DERIVATIONS
2026-08-11 13:42:52 +0200: Memory Usage (476400K) : Starting DIODE DERIVATIONS
2026-08-11 13:42:53 +0200: Memory Usage (478488K) : Starting RESISTOR DERIVATIONS
2026-08-11 13:42:54 +0200: Memory Usage (478488K) : Starting CAP DERIVATIONS
2026-08-11 13:42:54 +0200: Memory Usage (478488K) : Starting CAP_CMOM DERIVATIONS
2026-08-11 13:42:54 +0200: Memory Usage (478488K) : Starting ESD DERIVATIONS
2026-08-11 13:42:55 +0200: Memory Usage (478488K) : Starting Inductor DERIVATIONS
2026-08-11 13:42:55 +0200: Memory Usage (478488K) : Starting Taps DERIVATIONS
2026-08-11 13:42:55 +0200: Memory Usage (478488K) : Starting SG13G2 LVS connectivity setup
2026-08-11 13:42:55 +0200: Memory Usage (478488K) : Starting SG13G2 LVS connectivity setup (Inter-layer)
2026-08-11 13:42:55 +0200: Memory Usage (478616K) : Starting SG13G2 LVS connectivity setup (Global)
2026-08-11 13:42:55 +0200: Memory Usage (478616K) : Starting LVS MOSFET CONNECTIONS
2026-08-11 13:42:55 +0200: Memory Usage (478616K) : Starting LVS RF-MOSFET CONNECTIONS
2026-08-11 13:42:55 +0200: Memory Usage (478616K) : Starting LVS BJT CONNECTIONS
2026-08-11 13:42:55 +0200: Memory Usage (478616K) : Starting LVS DIODE CONNECTIONS
2026-08-11 13:42:55 +0200: Memory Usage (478616K) : Starting RESISTOR CONNECTIONS
2026-08-11 13:42:55 +0200: Memory Usage (478616K) : Starting LVS CAP CONNECTIONS
2026-08-11 13:42:55 +0200: Memory Usage (478616K) : Starting CAP_CMOM CONNECTIONS
2026-08-11 13:42:55 +0200: Memory Usage (478616K) : Starting ESD CONNECTIONS
2026-08-11 13:42:55 +0200: Memory Usage (478616K) : Starting Inductor CONNECTIONS
2026-08-11 13:42:55 +0200: Memory Usage (478616K) : Starting LVS Taps CONNECTIONS
2026-08-11 13:42:55 +0200: Memory Usage (478616K) : Starting SG13G2 LVS DEVICES EXTRACTION
2026-08-11 13:42:55 +0200: Memory Usage (478616K) : Starting MOSFET EXTRACTION
2026-08-11 13:42:55 +0200: Memory Usage (478616K) : Starting NMOS EXTRACTION
2026-08-11 13:42:55 +0200: Memory Usage (478616K) : Extraction of NMOS-LV transistor
2026-08-11 13:42:55 +0200: Memory Usage (478872K) : Extraction of NMOS-HV transistor
2026-08-11 13:42:55 +0200: Memory Usage (478872K) : Starting PMOS EXTRACTION
2026-08-11 13:42:55 +0200: Memory Usage (478872K) : Extraction of PMOS-LV transistor
2026-08-11 13:42:55 +0200: Memory Usage (478872K) : Extraction of PMOS-HV transistor
2026-08-11 13:42:55 +0200: Memory Usage (478872K) : Starting RF-MOSFET EXTRACTION
2026-08-11 13:42:55 +0200: Memory Usage (478872K) : Extraction of RF-NMOS-LV transistor
2026-08-11 13:42:55 +0200: Memory Usage (478872K) : Extraction of RF-NMOS-HV transistor
2026-08-11 13:42:55 +0200: Memory Usage (478872K) : Extraction of RF-PMOS-LV transistor
2026-08-11 13:42:55 +0200: Memory Usage (478872K) : Extraction of RF-PMOS-HV transistor
2026-08-11 13:42:55 +0200: Memory Usage (478872K) : Starting BJT EXTRACTION
2026-08-11 13:42:55 +0200: Memory Usage (478872K) : Starting NPN-BJT EXTRACTION
2026-08-11 13:42:55 +0200: Memory Usage (478872K) : Extraction of npn13G2 BJT transistor
2026-08-11 13:42:55 +0200: Memory Usage (478872K) : Extraction of npn13G2L BJT transistor
2026-08-11 13:42:55 +0200: Memory Usage (478872K) : Extraction of npn13G2V BJT transistor
2026-08-11 13:42:55 +0200: Memory Usage (478872K) : Starting PNP-BJT EXTRACTION
2026-08-11 13:42:55 +0200: Memory Usage (478872K) : Extracting pnpMPA BJT
2026-08-11 13:42:55 +0200: Memory Usage (478872K) : Starting DIODE EXTRACTION
2026-08-11 13:42:55 +0200: Memory Usage (478872K) : Extracting dantenna diode
2026-08-11 13:42:55 +0200: Memory Usage (478872K) : Extracting dpantenna diode
2026-08-11 13:42:55 +0200: Memory Usage (478872K) : Extracting schottky_nbl1 diode
2026-08-11 13:42:55 +0200: Memory Usage (478872K) : Extracting isolbox diode
2026-08-11 13:42:55 +0200: Memory Usage (478872K) : Starting RESISTOR EXTRACTION
2026-08-11 13:42:55 +0200: Memory Usage (478872K) : Extracting rsil resistor
2026-08-11 13:42:55 +0200: Memory Usage (478872K) : Extracting rppd resistor
2026-08-11 13:42:55 +0200: Memory Usage (478872K) : Extracting rhigh resistor
2026-08-11 13:42:55 +0200: Memory Usage (478872K) : Extracting res_metal1 resistor
2026-08-11 13:42:55 +0200: Memory Usage (479000K) : Extracting res_metal2 resistor
2026-08-11 13:42:55 +0200: Memory Usage (479000K) : Extracting res_metal3 resistor
2026-08-11 13:42:55 +0200: Memory Usage (479000K) : Extracting res_metal4 resistor
2026-08-11 13:42:55 +0200: Memory Usage (479000K) : Extracting res_metal5 resistor
2026-08-11 13:42:55 +0200: Memory Usage (479000K) : Extracting res_topmetal1 resistor
2026-08-11 13:42:55 +0200: Memory Usage (479000K) : Extracting res_topmetal2 resistor
2026-08-11 13:42:55 +0200: Memory Usage (479000K) : Starting CAP EXTRACTION
2026-08-11 13:42:55 +0200: Memory Usage (479000K) : Extracting cap_cmim device
2026-08-11 13:42:55 +0200: Memory Usage (479000K) : Extracting rfcmim device
2026-08-11 13:42:55 +0200: Memory Usage (479000K) : Extracting sg13_hv_svaricap varactor
2026-08-11 13:42:55 +0200: Memory Usage (479000K) : Extracting cap_cmomi device
2026-08-11 13:42:55 +0200: Memory Usage (479000K) : Extracting sg13_moscap_n capacitor
2026-08-11 13:42:55 +0200: Memory Usage (479000K) : Extracting sg13_moscap_p capacitor
2026-08-11 13:42:55 +0200: Memory Usage (479000K) : Starting ESD EXTRACTION
2026-08-11 13:42:55 +0200: Memory Usage (479000K) : Extracting diodevdd_2kv ESD device
2026-08-11 13:42:55 +0200: Memory Usage (479000K) : Extracting diodevdd_4kv ESD device
2026-08-11 13:42:55 +0200: Memory Usage (479000K) : Extracting diodevss_2kv ESD device
2026-08-11 13:42:55 +0200: Memory Usage (479000K) : Extracting diodevss_4kv ESD device
2026-08-11 13:42:55 +0200: Memory Usage (479000K) : Extracting idiodevdd_2kv ESD device
2026-08-11 13:42:55 +0200: Memory Usage (479000K) : Extracting idiodevdd_4kv ESD device
2026-08-11 13:42:55 +0200: Memory Usage (479000K) : Extracting idiodevss_2kv ESD device
2026-08-11 13:42:55 +0200: Memory Usage (479000K) : Extracting idiodevss_4kv ESD device
2026-08-11 13:42:55 +0200: Memory Usage (479000K) : Extracting nmoscl_2 ESD device
2026-08-11 13:42:55 +0200: Memory Usage (479000K) : Extracting nmoscl_4 ESD device
2026-08-11 13:42:55 +0200: Memory Usage (479000K) : Starting Inductor EXTRACTION
2026-08-11 13:42:55 +0200: Memory Usage (479000K) : Extracting Inductor2 device
2026-08-11 13:42:55 +0200: Memory Usage (479000K) : Extracting Inductor3 device
2026-08-11 13:42:55 +0200: Memory Usage (479000K) : Starting Taps EXTRACTION
2026-08-11 13:42:55 +0200: Memory Usage (479000K) : Extracting ntap1 device
2026-08-11 13:42:55 +0200: Memory Usage (479000K) : Extracting ptap1 device
2026-08-11 13:42:55 +0200: Memory Usage (479000K) : Starting SG13G2 LVS RF MOS Model Mapping
2026-08-11 13:42:56 +0200: Memory Usage (482712K) : [layout_netlist] Apply RF MOS model mapping and rfmode parameter.
2026-08-11 13:42:56 +0200: Memory Usage (482712K) : Starting SG13G2 LVS Options Preparations
2026-08-11 13:42:56 +0200: Memory Usage (482712K) : SG13G2 LVS flow: extraction -> alignment -> option preparation -> comparison.
2026-08-11 13:42:56 +0200: Memory Usage (482712K) : Starting SG13G2 LVS Alignment
2026-08-11 13:42:56 +0200: Memory Usage (482840K) : Starting SG13G2 LVS Simplification
2026-08-11 13:42:56 +0200: Memory Usage (482840K) : [layout_netlist] simplify: ENABLED
2026-08-11 13:42:56 +0200: Memory Usage (482840K) : [layout_netlist] make_top_level_pins: SKIPPED
2026-08-11 13:42:56 +0200: Memory Usage (482840K) : [layout_netlist] combine_devices: ENABLED
2026-08-11 13:42:56 +0200: Memory Usage (482840K) : [layout_netlist] purge: SKIPPED
2026-08-11 13:42:56 +0200: Memory Usage (482840K) : [layout_netlist] purge_nets: SKIPPED
2026-08-11 13:42:56 +0200: Memory Usage (482840K) : [schematic_netlist] simplify: ENABLED
2026-08-11 13:42:56 +0200: Memory Usage (482840K) : [schematic_netlist] make_top_level_pins: SKIPPED
2026-08-11 13:42:56 +0200: Memory Usage (482840K) : [schematic_netlist] combine_devices: ENABLED
2026-08-11 13:42:56 +0200: Memory Usage (482840K) : [schematic_netlist] purge: SKIPPED
2026-08-11 13:42:56 +0200: Memory Usage (482840K) : [schematic_netlist] purge_nets: SKIPPED
2026-08-11 13:42:56 +0200: Memory Usage (482840K) : Starting SG13G2 LVS Comparison
2026-08-11 13:42:56 +0200: Memory Usage (482968K) : ==========================================
2026-08-11 13:42:56 +0200: Memory Usage (482968K) : INFO : Congratulations! Netlists match.
2026-08-11 13:42:56 +0200: Memory Usage (482968K) : ==========================================
2026-08-11 13:42:56 +0200: Memory Usage (482968K) : LVS Total Run time 6.958447 seconds
