# Logfile created on 2026-08-03 18:04:34 +0200 by logger.rb/v1.5.3
2026-08-03 18:04:34 +0200: Memory Usage (455948K) : Starting running SG13G2 Klayout LVS runset on /foss/designs/ihp-open-pdk-regression/IOPADS/layout/sg13g2_IOPadIn.gds
2026-08-03 18:04:34 +0200: Memory Usage (455948K) : Ruby Version for klayout: 3.2.3
2026-08-03 18:04:34 +0200: Memory Usage (458636K) : Loading database to memory is complete.
2026-08-03 18:04:34 +0200: Memory Usage (458636K) : SG13G2 Klayout LVS runset output at: /foss/designs/ihp-open-pdk-regression/IOPADS/lvs_sweep/20260803_180423/sg13g2_IOPadIn/sg13g2_IOPadIn.lvsdb
2026-08-03 18:04:34 +0200: Memory Usage (458636K) : Evaluate switches.
2026-08-03 18:04:34 +0200: Memory Usage (458636K) : Extracted netlist with net names: true
2026-08-03 18:04:34 +0200: Memory Usage (458636K) : Extracted netlist with comments in details: false
2026-08-03 18:04:34 +0200: Memory Usage (458636K) : Selected NET_ONLY option: false
2026-08-03 18:04:34 +0200: Memory Usage (458636K) : Selected LAYOUT_NETLIST option: (none)
2026-08-03 18:04:34 +0200: Memory Usage (458636K) : Selected IGNORE_TOP_PORTS_MISMATCH option: 
2026-08-03 18:04:34 +0200: Memory Usage (458636K) : Selected IMPLICIT_NETS option: iovss,iovdd,vss,vdd,pad,cathode,anode
2026-08-03 18:04:34 +0200: Memory Usage (458636K) : Selected FLATTEN_CELLS option: sg13g2_GuardRing_*
2026-08-03 18:04:34 +0200: Memory Usage (458636K) : Selected TOP_LVL_PINS option: false
2026-08-03 18:04:34 +0200: Memory Usage (458636K) : Selected COMBINE DEVICES option: true
2026-08-03 18:04:34 +0200: Memory Usage (458636K) : Selected PURGE option: false
2026-08-03 18:04:34 +0200: Memory Usage (458636K) : Selected PURGE_NETS option: false
2026-08-03 18:04:34 +0200: Memory Usage (458636K) : Selected SIMPLIFY option: true
2026-08-03 18:04:34 +0200: Memory Usage (458636K) : Selected SERIES_RES option: true
2026-08-03 18:04:34 +0200: Memory Usage (458636K) : Selected PARALLEL_RES option: true
2026-08-03 18:04:34 +0200: Memory Usage (458636K) : Selected DISABLE_TAP_EXTRACTION option: false
2026-08-03 18:04:34 +0200: Memory Usage (458636K) : deep  mode is enabled.
2026-08-03 18:04:34 +0200: Memory Usage (458636K) : Applying implicit connections (case-sensitive, pattern supported) for nets: iovss, iovdd, vss, vdd, pad, cathode, anode
2026-08-03 18:04:34 +0200: Memory Usage (459020K) : Netlist file: /foss/designs/ihp-open-pdk-regression/IOPADS/netlist/pads_dev/sg13g2_IOPadIn.spi
2026-08-03 18:04:34 +0200: Memory Usage (459020K) : LVS extracted netlist at: /foss/designs/ihp-open-pdk-regression/IOPADS/lvs_sweep/20260803_180423/sg13g2_IOPadIn/sg13g2_IOPadIn_extracted.cir
2026-08-03 18:04:34 +0200: Memory Usage (459020K) : Applying SRAM integration support.
2026-08-03 18:04:34 +0200: Memory Usage (459020K) : Starting SG13G2 LVS runset
2026-08-03 18:04:34 +0200: Memory Usage (459020K) : Read in polygons from layers.
2026-08-03 18:04:34 +0200: Memory Usage (460300K) : activ_drw has 36 polygons
2026-08-03 18:04:34 +0200: Memory Usage (460300K) : activ_filler has 0 polygons
2026-08-03 18:04:34 +0200: Memory Usage (460300K) : activ has 36 polygons
2026-08-03 18:04:34 +0200: Memory Usage (460300K) : activ_pin has 0 polygons
2026-08-03 18:04:34 +0200: Memory Usage (460300K) : activ_mask has 0 polygons
2026-08-03 18:04:34 +0200: Memory Usage (460300K) : activ_nofill has 0 polygons
2026-08-03 18:04:34 +0200: Memory Usage (460300K) : activ_OPC has 0 polygons
2026-08-03 18:04:34 +0200: Memory Usage (460300K) : activ_iOPC has 0 polygons
2026-08-03 18:04:34 +0200: Memory Usage (460300K) : activ_noqrc has 0 polygons
2026-08-03 18:04:34 +0200: Memory Usage (460300K) : biwind_drw has 0 polygons
2026-08-03 18:04:34 +0200: Memory Usage (460428K) : biwind_OPC has 0 polygons
2026-08-03 18:04:34 +0200: Memory Usage (460428K) : gatpoly_drw has 8 polygons
2026-08-03 18:04:34 +0200: Memory Usage (460556K) : gatpoly_filler has 0 polygons
2026-08-03 18:04:34 +0200: Memory Usage (460556K) : gatpoly has 8 polygons
2026-08-03 18:04:34 +0200: Memory Usage (460940K) : gatpoly_pin has 6 polygons
2026-08-03 18:04:34 +0200: Memory Usage (460940K) : gatpoly_nofill has 0 polygons
2026-08-03 18:04:34 +0200: Memory Usage (460940K) : gatpoly_OPC has 0 polygons
2026-08-03 18:04:34 +0200: Memory Usage (461068K) : gatpoly_iOPC has 0 polygons
2026-08-03 18:04:34 +0200: Memory Usage (461068K) : gatpoly_noqrc has 0 polygons
2026-08-03 18:04:34 +0200: Memory Usage (463884K) : cont_drw has 73863 polygons
2026-08-03 18:04:34 +0200: Memory Usage (463884K) : cont_OPC has 0 polygons
2026-08-03 18:04:34 +0200: Memory Usage (463884K) : nsd_drw has 0 polygons
2026-08-03 18:04:34 +0200: Memory Usage (463884K) : nsd_block has 0 polygons
2026-08-03 18:04:34 +0200: Memory Usage (463884K) : metal1_drw has 81 polygons
2026-08-03 18:04:34 +0200: Memory Usage (463884K) : metal1_filler has 0 polygons
2026-08-03 18:04:34 +0200: Memory Usage (463884K) : metal1_slit has 0 polygons
2026-08-03 18:04:34 +0200: Memory Usage (463884K) : metal1 has 81 polygons
2026-08-03 18:04:34 +0200: Memory Usage (463884K) : metal1_pin has 29 polygons
2026-08-03 18:04:34 +0200: Memory Usage (463884K) : metal1_mask has 0 polygons
2026-08-03 18:04:34 +0200: Memory Usage (463884K) : metal1_nofill has 0 polygons
2026-08-03 18:04:34 +0200: Memory Usage (464140K) : metal1_text has 19 polygons
2026-08-03 18:04:34 +0200: Memory Usage (464268K) : metal1_OPC has 0 polygons
2026-08-03 18:04:34 +0200: Memory Usage (464268K) : metal1_noqrc has 0 polygons
2026-08-03 18:04:34 +0200: Memory Usage (464268K) : metal1_res has 0 polygons
2026-08-03 18:04:34 +0200: Memory Usage (464268K) : metal1_iprobe has 0 polygons
2026-08-03 18:04:34 +0200: Memory Usage (464268K) : metal1_diffprb has 0 polygons
2026-08-03 18:04:34 +0200: Memory Usage (464268K) : passiv_drw has 0 polygons
2026-08-03 18:04:34 +0200: Memory Usage (464268K) : passiv_pin has 0 polygons
2026-08-03 18:04:34 +0200: Memory Usage (464268K) : passiv_sbump has 0 polygons
2026-08-03 18:04:34 +0200: Memory Usage (464268K) : passiv_pillar has 0 polygons
2026-08-03 18:04:34 +0200: Memory Usage (464268K) : passiv_pdl has 0 polygons
2026-08-03 18:04:34 +0200: Memory Usage (464396K) : metal2_drw has 33 polygons
2026-08-03 18:04:34 +0200: Memory Usage (464780K) : metal2_filler has 0 polygons
2026-08-03 18:04:34 +0200: Memory Usage (464780K) : metal2_slit has 0 polygons
2026-08-03 18:04:34 +0200: Memory Usage (464780K) : metal2 has 33 polygons
2026-08-03 18:04:34 +0200: Memory Usage (464780K) : metal2_pin has 7 polygons
2026-08-03 18:04:34 +0200: Memory Usage (464780K) : metal2_mask has 0 polygons
2026-08-03 18:04:34 +0200: Memory Usage (464780K) : metal2_nofill has 0 polygons
2026-08-03 18:04:34 +0200: Memory Usage (464780K) : metal2_text has 7 polygons
2026-08-03 18:04:34 +0200: Memory Usage (464780K) : metal2_OPC has 0 polygons
2026-08-03 18:04:34 +0200: Memory Usage (464908K) : metal2_noqrc has 0 polygons
2026-08-03 18:04:34 +0200: Memory Usage (464908K) : metal2_res has 0 polygons
2026-08-03 18:04:34 +0200: Memory Usage (465036K) : metal2_iprobe has 0 polygons
2026-08-03 18:04:34 +0200: Memory Usage (465036K) : metal2_diffprb has 0 polygons
2026-08-03 18:04:34 +0200: Memory Usage (465164K) : baspoly_drw has 0 polygons
2026-08-03 18:04:34 +0200: Memory Usage (465164K) : baspoly_pin has 0 polygons
2026-08-03 18:04:34 +0200: Memory Usage (465292K) : psd_drw has 19 polygons
2026-08-03 18:04:34 +0200: Memory Usage (465420K) : nldb_drw has 0 polygons
2026-08-03 18:04:34 +0200: Memory Usage (465420K) : digibnd_drw has 0 polygons
2026-08-03 18:04:34 +0200: Memory Usage (465548K) : via1_drw has 2259 polygons
2026-08-03 18:04:34 +0200: Memory Usage (465676K) : backmetal1_drw has 0 polygons
2026-08-03 18:04:34 +0200: Memory Usage (465676K) : backmetal1_pin has 0 polygons
2026-08-03 18:04:34 +0200: Memory Usage (465804K) : backmetal1_mask has 0 polygons
2026-08-03 18:04:34 +0200: Memory Usage (465804K) : backmetal1_filler has 0 polygons
2026-08-03 18:04:34 +0200: Memory Usage (465932K) : backmetal1_nofill has 0 polygons
2026-08-03 18:04:34 +0200: Memory Usage (465932K) : backmetal1_slit has 0 polygons
2026-08-03 18:04:34 +0200: Memory Usage (466060K) : backmetal1_text has 0 polygons
2026-08-03 18:04:34 +0200: Memory Usage (466188K) : backmetal1_OPC has 0 polygons
2026-08-03 18:04:34 +0200: Memory Usage (466188K) : backmetal1_noqrc has 0 polygons
2026-08-03 18:04:34 +0200: Memory Usage (466316K) : backmetal1_res has 0 polygons
2026-08-03 18:04:34 +0200: Memory Usage (466316K) : backmetal1_iprobe has 0 polygons
2026-08-03 18:04:34 +0200: Memory Usage (466444K) : backmetal1_diffprb has 0 polygons
2026-08-03 18:04:34 +0200: Memory Usage (466444K) : backpassiv_drw has 0 polygons
2026-08-03 18:04:34 +0200: Memory Usage (466572K) : res_drw has 0 polygons
2026-08-03 18:04:34 +0200: Memory Usage (466572K) : sram_drw has 0 polygons
2026-08-03 18:04:34 +0200: Memory Usage (466572K) : trans_drw has 0 polygons
2026-08-03 18:04:34 +0200: Memory Usage (466572K) : ind_drw has 0 polygons
2026-08-03 18:04:34 +0200: Memory Usage (466572K) : ind_pin has 0 polygons
2026-08-03 18:04:34 +0200: Memory Usage (466572K) : ind_text has 0 polygons
2026-08-03 18:04:34 +0200: Memory Usage (466572K) : salblock_drw has 1 polygons
2026-08-03 18:04:34 +0200: Memory Usage (466572K) : via2_drw has 2291 polygons
2026-08-03 18:04:34 +0200: Memory Usage (466572K) : metal3_drw has 13 polygons
2026-08-03 18:04:34 +0200: Memory Usage (466572K) : metal3_filler has 0 polygons
2026-08-03 18:04:34 +0200: Memory Usage (466572K) : metal3_slit has 0 polygons
2026-08-03 18:04:34 +0200: Memory Usage (466572K) : metal3 has 13 polygons
2026-08-03 18:04:34 +0200: Memory Usage (466572K) : metal3_pin has 9 polygons
2026-08-03 18:04:34 +0200: Memory Usage (466572K) : metal3_mask has 0 polygons
2026-08-03 18:04:34 +0200: Memory Usage (466572K) : metal3_nofill has 0 polygons
2026-08-03 18:04:34 +0200: Memory Usage (466572K) : metal3_text has 9 polygons
2026-08-03 18:04:34 +0200: Memory Usage (466572K) : metal3_OPC has 0 polygons
2026-08-03 18:04:34 +0200: Memory Usage (466572K) : metal3_noqrc has 0 polygons
2026-08-03 18:04:34 +0200: Memory Usage (466572K) : metal3_res has 0 polygons
2026-08-03 18:04:34 +0200: Memory Usage (466572K) : metal3_iprobe has 0 polygons
2026-08-03 18:04:34 +0200: Memory Usage (466572K) : metal3_diffprb has 0 polygons
2026-08-03 18:04:34 +0200: Memory Usage (466572K) : nwell_drw has 12 polygons
2026-08-03 18:04:34 +0200: Memory Usage (466572K) : nwell_pin has 0 polygons
2026-08-03 18:04:34 +0200: Memory Usage (466572K) : nwell_text has 0 polygons
2026-08-03 18:04:34 +0200: Memory Usage (466572K) : nbulay_drw has 0 polygons
2026-08-03 18:04:34 +0200: Memory Usage (466572K) : nbulay_pin has 0 polygons
2026-08-03 18:04:34 +0200: Memory Usage (466572K) : nbulay_block has 0 polygons
2026-08-03 18:04:34 +0200: Memory Usage (466572K) : emwind_drw has 0 polygons
2026-08-03 18:04:34 +0200: Memory Usage (466572K) : emwind_OPC has 0 polygons
2026-08-03 18:04:34 +0200: Memory Usage (466572K) : deepco_drw has 0 polygons
2026-08-03 18:04:34 +0200: Memory Usage (466572K) : mim_drw has 0 polygons
2026-08-03 18:04:34 +0200: Memory Usage (466572K) : edgeseal_drw has 0 polygons
2026-08-03 18:04:34 +0200: Memory Usage (466572K) : substrate_drw has 16 polygons
2026-08-03 18:04:34 +0200: Memory Usage (466572K) : substrate_text has 0 polygons
2026-08-03 18:04:34 +0200: Memory Usage (466572K) : dfpad_drw has 0 polygons
2026-08-03 18:04:34 +0200: Memory Usage (466572K) : dfpad_pillar has 0 polygons
2026-08-03 18:04:34 +0200: Memory Usage (466572K) : dfpad_sbump has 0 polygons
2026-08-03 18:04:34 +0200: Memory Usage (466572K) : thickgateox_drw has 4 polygons
2026-08-03 18:04:34 +0200: Memory Usage (466572K) : pldb_drw has 0 polygons
2026-08-03 18:04:34 +0200: Memory Usage (466572K) : pwell_drw has 0 polygons
2026-08-03 18:04:34 +0200: Memory Usage (466572K) : pwell_pin has 0 polygons
2026-08-03 18:04:34 +0200: Memory Usage (466572K) : pwell_block has 0 polygons
2026-08-03 18:04:34 +0200: Memory Usage (466572K) : ic_drw has 0 polygons
2026-08-03 18:04:34 +0200: Memory Usage (466572K) : via3_drw has 2087 polygons
2026-08-03 18:04:34 +0200: Memory Usage (466572K) : metal4_drw has 8 polygons
2026-08-03 18:04:34 +0200: Memory Usage (466572K) : metal4_filler has 0 polygons
2026-08-03 18:04:34 +0200: Memory Usage (466572K) : metal4_slit has 0 polygons
2026-08-03 18:04:34 +0200: Memory Usage (466572K) : metal4 has 8 polygons
2026-08-03 18:04:34 +0200: Memory Usage (466572K) : metal4_pin has 8 polygons
2026-08-03 18:04:34 +0200: Memory Usage (466572K) : metal4_mask has 0 polygons
2026-08-03 18:04:34 +0200: Memory Usage (466572K) : metal4_nofill has 0 polygons
2026-08-03 18:04:34 +0200: Memory Usage (466572K) : metal4_text has 8 polygons
2026-08-03 18:04:34 +0200: Memory Usage (466572K) : metal4_OPC has 0 polygons
2026-08-03 18:04:34 +0200: Memory Usage (466572K) : metal4_noqrc has 0 polygons
2026-08-03 18:04:34 +0200: Memory Usage (466572K) : metal4_res has 0 polygons
2026-08-03 18:04:34 +0200: Memory Usage (466572K) : metal4_iprobe has 0 polygons
2026-08-03 18:04:34 +0200: Memory Usage (466572K) : metal4_diffprb has 0 polygons
2026-08-03 18:04:34 +0200: Memory Usage (466572K) : heattrans_drw has 6 polygons
2026-08-03 18:04:34 +0200: Memory Usage (466572K) : heatres_drw has 0 polygons
2026-08-03 18:04:34 +0200: Memory Usage (466572K) : fbe_drw has 0 polygons
2026-08-03 18:04:34 +0200: Memory Usage (466572K) : empoly_drw has 0 polygons
2026-08-03 18:04:34 +0200: Memory Usage (466572K) : digisub_drw has 0 polygons
2026-08-03 18:04:34 +0200: Memory Usage (466572K) : text_drw has 19 polygons
2026-08-03 18:04:34 +0200: Memory Usage (466572K) : via4_drw has 2371 polygons
2026-08-03 18:04:34 +0200: Memory Usage (466572K) : metal5_drw has 8 polygons
2026-08-03 18:04:34 +0200: Memory Usage (466572K) : metal5_filler has 0 polygons
2026-08-03 18:04:34 +0200: Memory Usage (466572K) : metal5_slit has 0 polygons
2026-08-03 18:04:34 +0200: Memory Usage (466572K) : metal5 has 8 polygons
2026-08-03 18:04:34 +0200: Memory Usage (466572K) : metal5_pin has 8 polygons
2026-08-03 18:04:34 +0200: Memory Usage (466572K) : metal5_mask has 0 polygons
2026-08-03 18:04:34 +0200: Memory Usage (466572K) : metal5_nofill has 0 polygons
2026-08-03 18:04:34 +0200: Memory Usage (466572K) : metal5_text has 8 polygons
2026-08-03 18:04:34 +0200: Memory Usage (466572K) : metal5_OPC has 0 polygons
2026-08-03 18:04:34 +0200: Memory Usage (466700K) : metal5_noqrc has 0 polygons
2026-08-03 18:04:34 +0200: Memory Usage (466700K) : metal5_res has 0 polygons
2026-08-03 18:04:34 +0200: Memory Usage (466828K) : metal5_iprobe has 0 polygons
2026-08-03 18:04:34 +0200: Memory Usage (466828K) : metal5_diffprb has 0 polygons
2026-08-03 18:04:34 +0200: Memory Usage (466956K) : radhard_drw has 0 polygons
2026-08-03 18:04:34 +0200: Memory Usage (466956K) : memcap_drw has 0 polygons
2026-08-03 18:04:34 +0200: Memory Usage (467084K) : varicap_drw has 0 polygons
2026-08-03 18:04:34 +0200: Memory Usage (467084K) : intbondvia_drw has 0 polygons
2026-08-03 18:04:34 +0200: Memory Usage (467212K) : intbondmet_drw has 0 polygons
2026-08-03 18:04:34 +0200: Memory Usage (467212K) : devbondvia_drw has 0 polygons
2026-08-03 18:04:34 +0200: Memory Usage (467340K) : devbondmet_drw has 0 polygons
2026-08-03 18:04:34 +0200: Memory Usage (467340K) : devtrench_drw has 0 polygons
2026-08-03 18:04:34 +0200: Memory Usage (467468K) : redist_drw has 0 polygons
2026-08-03 18:04:34 +0200: Memory Usage (467468K) : graphbot_drw has 0 polygons
2026-08-03 18:04:34 +0200: Memory Usage (467596K) : graphtop_drw has 0 polygons
2026-08-03 18:04:34 +0200: Memory Usage (467596K) : antvia1_drw has 0 polygons
2026-08-03 18:04:34 +0200: Memory Usage (467596K) : antmetal2_drw has 0 polygons
2026-08-03 18:04:34 +0200: Memory Usage (467724K) : graphcont_drw has 0 polygons
2026-08-03 18:04:34 +0200: Memory Usage (467724K) : siwg_drw has 0 polygons
2026-08-03 18:04:34 +0200: Memory Usage (467852K) : siwg_filler has 0 polygons
2026-08-03 18:04:34 +0200: Memory Usage (467852K) : siwg_nofill has 0 polygons
2026-08-03 18:04:34 +0200: Memory Usage (467980K) : sigrating_drw has 0 polygons
2026-08-03 18:04:34 +0200: Memory Usage (467980K) : singrating_drw has 0 polygons
2026-08-03 18:04:34 +0200: Memory Usage (468108K) : graphpas_drw has 0 polygons
2026-08-03 18:04:34 +0200: Memory Usage (468108K) : emwind3_drw has 0 polygons
2026-08-03 18:04:34 +0200: Memory Usage (468236K) : emwihv3_drw has 0 polygons
2026-08-03 18:04:34 +0200: Memory Usage (468236K) : redbulay_drw has 0 polygons
2026-08-03 18:04:34 +0200: Memory Usage (468364K) : smos_drw has 0 polygons
2026-08-03 18:04:34 +0200: Memory Usage (468364K) : graphpad_drw has 0 polygons
2026-08-03 18:04:34 +0200: Memory Usage (468492K) : polimide_drw has 0 polygons
2026-08-03 18:04:34 +0200: Memory Usage (468492K) : polimide_pin has 0 polygons
2026-08-03 18:04:34 +0200: Memory Usage (468620K) : recog_drw has 0 polygons
2026-08-03 18:04:34 +0200: Memory Usage (468620K) : recog_pin has 0 polygons
2026-08-03 18:04:34 +0200: Memory Usage (468748K) : recog_esd has 0 polygons
2026-08-03 18:04:34 +0200: Memory Usage (468748K) : recog_diode has 6 polygons
2026-08-03 18:04:34 +0200: Memory Usage (468876K) : recog_tsv has 0 polygons
2026-08-03 18:04:34 +0200: Memory Usage (468876K) : recog_iprobe has 0 polygons
2026-08-03 18:04:34 +0200: Memory Usage (468876K) : recog_diffprb has 0 polygons
2026-08-03 18:04:34 +0200: Memory Usage (469004K) : recog_pillar has 0 polygons
2026-08-03 18:04:34 +0200: Memory Usage (469004K) : recog_sbump has 0 polygons
2026-08-03 18:04:34 +0200: Memory Usage (469132K) : recog_otp has 0 polygons
2026-08-03 18:04:34 +0200: Memory Usage (469132K) : recog_pdiode has 0 polygons
2026-08-03 18:04:34 +0200: Memory Usage (469260K) : recog_mom has 0 polygons
2026-08-03 18:04:34 +0200: Memory Usage (469260K) : recog_pcm has 0 polygons
2026-08-03 18:04:34 +0200: Memory Usage (469388K) : colopen_drw has 0 polygons
2026-08-03 18:04:34 +0200: Memory Usage (469388K) : graphmetal1_drw has 0 polygons
2026-08-03 18:04:34 +0200: Memory Usage (469516K) : graphmetal1_filler has 0 polygons
2026-08-03 18:04:34 +0200: Memory Usage (469516K) : graphmetal1_nofill has 0 polygons
2026-08-03 18:04:34 +0200: Memory Usage (469644K) : graphmetal1_slit has 0 polygons
2026-08-03 18:04:34 +0200: Memory Usage (469644K) : graphmetal1_OPC has 0 polygons
2026-08-03 18:04:34 +0200: Memory Usage (469772K) : graphmet1l_drw has 0 polygons
2026-08-03 18:04:34 +0200: Memory Usage (469772K) : graphmet1l_filler has 0 polygons
2026-08-03 18:04:34 +0200: Memory Usage (469900K) : graphmet1l_nofill has 0 polygons
2026-08-03 18:04:34 +0200: Memory Usage (469900K) : graphmet1l_slit has 0 polygons
2026-08-03 18:04:34 +0200: Memory Usage (470028K) : graphmet1l_OPC has 0 polygons
2026-08-03 18:04:34 +0200: Memory Usage (470028K) : extblock_drw has 1 polygons
2026-08-03 18:04:34 +0200: Memory Usage (470156K) : nldd_drw has 0 polygons
2026-08-03 18:04:34 +0200: Memory Usage (470156K) : pldd_drw has 0 polygons
2026-08-03 18:04:34 +0200: Memory Usage (470156K) : next_drw has 0 polygons
2026-08-03 18:04:34 +0200: Memory Usage (470284K) : pext_drw has 0 polygons
2026-08-03 18:04:34 +0200: Memory Usage (470284K) : nexthv_drw has 0 polygons
2026-08-03 18:04:34 +0200: Memory Usage (470412K) : pexthv_drw has 0 polygons
2026-08-03 18:04:34 +0200: Memory Usage (470412K) : graphgate_drw has 0 polygons
2026-08-03 18:04:34 +0200: Memory Usage (470540K) : sinwg_drw has 0 polygons
2026-08-03 18:04:34 +0200: Memory Usage (470540K) : sinwg_filler has 0 polygons
2026-08-03 18:04:34 +0200: Memory Usage (470668K) : sinwg_nofill has 0 polygons
2026-08-03 18:04:34 +0200: Memory Usage (470668K) : mempad_drw has 0 polygons
2026-08-03 18:04:34 +0200: Memory Usage (470796K) : topvia1_drw has 2315 polygons
2026-08-03 18:04:34 +0200: Memory Usage (470924K) : topmetal1_drw has 8 polygons
2026-08-03 18:04:34 +0200: Memory Usage (470924K) : topmetal1_filler has 0 polygons
2026-08-03 18:04:34 +0200: Memory Usage (471052K) : topmetal1_slit has 0 polygons
2026-08-03 18:04:34 +0200: Memory Usage (471180K) : topmetal1 has 8 polygons
2026-08-03 18:04:34 +0200: Memory Usage (471180K) : topmetal1_pin has 8 polygons
2026-08-03 18:04:34 +0200: Memory Usage (471308K) : topmetal1_mask has 0 polygons
2026-08-03 18:04:34 +0200: Memory Usage (471308K) : topmetal1_nofill has 0 polygons
2026-08-03 18:04:34 +0200: Memory Usage (471308K) : topmetal1_text has 8 polygons
2026-08-03 18:04:34 +0200: Memory Usage (471436K) : topmetal1_noqrc has 0 polygons
2026-08-03 18:04:34 +0200: Memory Usage (471436K) : topmetal1_res has 0 polygons
2026-08-03 18:04:34 +0200: Memory Usage (471564K) : topmetal1_iprobe has 0 polygons
2026-08-03 18:04:34 +0200: Memory Usage (471564K) : topmetal1_diffprb has 0 polygons
2026-08-03 18:04:34 +0200: Memory Usage (471692K) : inldpwl_drw has 0 polygons
2026-08-03 18:04:34 +0200: Memory Usage (471692K) : polyres_drw has 0 polygons
2026-08-03 18:04:34 +0200: Memory Usage (471820K) : polyres_pin has 0 polygons
2026-08-03 18:04:34 +0200: Memory Usage (471820K) : vmim_drw has 0 polygons
2026-08-03 18:04:34 +0200: Memory Usage (471948K) : nbulaycut_drw has 0 polygons
2026-08-03 18:04:34 +0200: Memory Usage (471948K) : antmetal1_drw has 0 polygons
2026-08-03 18:04:34 +0200: Memory Usage (472076K) : topvia2_drw has 1593 polygons
2026-08-03 18:04:34 +0200: Memory Usage (472076K) : topmetal2_drw has 6 polygons
2026-08-03 18:04:34 +0200: Memory Usage (472204K) : topmetal2_filler has 0 polygons
2026-08-03 18:04:34 +0200: Memory Usage (472204K) : topmetal2_slit has 0 polygons
2026-08-03 18:04:34 +0200: Memory Usage (472332K) : topmetal2 has 6 polygons
2026-08-03 18:04:34 +0200: Memory Usage (472460K) : topmetal2_pin has 6 polygons
2026-08-03 18:04:34 +0200: Memory Usage (472460K) : topmetal2_mask has 0 polygons
2026-08-03 18:04:34 +0200: Memory Usage (472588K) : topmetal2_nofill has 0 polygons
2026-08-03 18:04:34 +0200: Memory Usage (472588K) : topmetal2_text has 6 polygons
2026-08-03 18:04:34 +0200: Memory Usage (472716K) : topmetal2_noqrc has 0 polygons
2026-08-03 18:04:34 +0200: Memory Usage (472716K) : topmetal2_res has 0 polygons
2026-08-03 18:04:34 +0200: Memory Usage (472716K) : topmetal2_iprobe has 0 polygons
2026-08-03 18:04:34 +0200: Memory Usage (472844K) : topmetal2_diffprb has 0 polygons
2026-08-03 18:04:34 +0200: Memory Usage (472844K) : snsring_drw has 0 polygons
2026-08-03 18:04:34 +0200: Memory Usage (472972K) : sensor_drw has 0 polygons
2026-08-03 18:04:34 +0200: Memory Usage (472972K) : snsarms_drw has 0 polygons
2026-08-03 18:04:34 +0200: Memory Usage (473100K) : snscmosvia_drw has 0 polygons
2026-08-03 18:04:34 +0200: Memory Usage (473100K) : colwind_drw has 0 polygons
2026-08-03 18:04:34 +0200: Memory Usage (473228K) : flm_drw has 0 polygons
2026-08-03 18:04:34 +0200: Memory Usage (473228K) : hafniumox_drw has 0 polygons
2026-08-03 18:04:34 +0200: Memory Usage (473356K) : memvia_drw has 0 polygons
2026-08-03 18:04:34 +0200: Memory Usage (473356K) : thinfilmres_drw has 0 polygons
2026-08-03 18:04:34 +0200: Memory Usage (473484K) : rfmem_drw has 0 polygons
2026-08-03 18:04:34 +0200: Memory Usage (473484K) : norcx_drw has 0 polygons
2026-08-03 18:04:34 +0200: Memory Usage (473612K) : norcx_m2m3 has 0 polygons
2026-08-03 18:04:34 +0200: Memory Usage (473612K) : norcx_m2m4 has 0 polygons
2026-08-03 18:04:34 +0200: Memory Usage (473740K) : norcx_m2m5 has 0 polygons
2026-08-03 18:04:34 +0200: Memory Usage (473740K) : norcx_m2tm1 has 0 polygons
2026-08-03 18:04:34 +0200: Memory Usage (473868K) : norcx_m2tm2 has 0 polygons
2026-08-03 18:04:34 +0200: Memory Usage (473868K) : norcx_m3m4 has 0 polygons
2026-08-03 18:04:34 +0200: Memory Usage (473996K) : norcx_m3m5 has 0 polygons
2026-08-03 18:04:34 +0200: Memory Usage (473996K) : norcx_m3tm1 has 0 polygons
2026-08-03 18:04:34 +0200: Memory Usage (474124K) : norcx_m3tm2 has 0 polygons
2026-08-03 18:04:34 +0200: Memory Usage (474124K) : norcx_m4m5 has 0 polygons
2026-08-03 18:04:34 +0200: Memory Usage (474252K) : norcx_m4tm1 has 0 polygons
2026-08-03 18:04:34 +0200: Memory Usage (474252K) : norcx_m4tm2 has 0 polygons
2026-08-03 18:04:34 +0200: Memory Usage (474380K) : norcx_m5tm1 has 0 polygons
2026-08-03 18:04:34 +0200: Memory Usage (474380K) : norcx_m5tm2 has 0 polygons
2026-08-03 18:04:34 +0200: Memory Usage (474508K) : norcx_tm1tm2 has 0 polygons
2026-08-03 18:04:34 +0200: Memory Usage (474508K) : norcx_m1sub has 0 polygons
2026-08-03 18:04:34 +0200: Memory Usage (474508K) : norcx_m2sub has 0 polygons
2026-08-03 18:04:34 +0200: Memory Usage (474636K) : norcx_m3sub has 0 polygons
2026-08-03 18:04:34 +0200: Memory Usage (474636K) : norcx_m4sub has 0 polygons
2026-08-03 18:04:34 +0200: Memory Usage (474764K) : norcx_m5sub has 0 polygons
2026-08-03 18:04:34 +0200: Memory Usage (474764K) : norcx_tm1sub has 0 polygons
2026-08-03 18:04:34 +0200: Memory Usage (474892K) : norcx_tm2sub has 0 polygons
2026-08-03 18:04:34 +0200: Memory Usage (474892K) : snsbotvia_drw has 0 polygons
2026-08-03 18:04:35 +0200: Memory Usage (475020K) : snstopvia_drw has 0 polygons
2026-08-03 18:04:35 +0200: Memory Usage (475020K) : deepvia_drw has 0 polygons
2026-08-03 18:04:35 +0200: Memory Usage (475148K) : fgetch_drw has 0 polygons
2026-08-03 18:04:35 +0200: Memory Usage (475148K) : ctrgat_drw has 0 polygons
2026-08-03 18:04:35 +0200: Memory Usage (475276K) : fgimp_drw has 0 polygons
2026-08-03 18:04:35 +0200: Memory Usage (475276K) : emwihv_drw has 0 polygons
2026-08-03 18:04:35 +0200: Memory Usage (475404K) : lbe_drw has 0 polygons
2026-08-03 18:04:35 +0200: Memory Usage (475404K) : alcustop_drw has 0 polygons
2026-08-03 18:04:35 +0200: Memory Usage (475532K) : nometfiller_drw has 0 polygons
2026-08-03 18:04:35 +0200: Memory Usage (475532K) : prboundary_drw has 0 polygons
2026-08-03 18:04:35 +0200: Memory Usage (475532K) : exchange0_drw has 0 polygons
2026-08-03 18:04:35 +0200: Memory Usage (475532K) : exchange0_pin has 0 polygons
2026-08-03 18:04:35 +0200: Memory Usage (475532K) : exchange0_text has 0 polygons
2026-08-03 18:04:35 +0200: Memory Usage (475532K) : exchange1_drw has 0 polygons
2026-08-03 18:04:35 +0200: Memory Usage (475532K) : exchange1_pin has 0 polygons
2026-08-03 18:04:35 +0200: Memory Usage (475532K) : exchange1_text has 0 polygons
2026-08-03 18:04:35 +0200: Memory Usage (475532K) : exchange2_drw has 0 polygons
2026-08-03 18:04:35 +0200: Memory Usage (475532K) : exchange2_pin has 0 polygons
2026-08-03 18:04:35 +0200: Memory Usage (475532K) : exchange2_text has 0 polygons
2026-08-03 18:04:35 +0200: Memory Usage (475532K) : exchange3_drw has 0 polygons
2026-08-03 18:04:35 +0200: Memory Usage (475532K) : exchange3_pin has 0 polygons
2026-08-03 18:04:35 +0200: Memory Usage (475532K) : exchange3_text has 0 polygons
2026-08-03 18:04:35 +0200: Memory Usage (475532K) : exchange4_drw has 0 polygons
2026-08-03 18:04:35 +0200: Memory Usage (475532K) : exchange4_pin has 0 polygons
2026-08-03 18:04:35 +0200: Memory Usage (475532K) : exchange4_text has 0 polygons
2026-08-03 18:04:35 +0200: Memory Usage (475532K) : isonwell_drw has 0 polygons
2026-08-03 18:04:35 +0200: Memory Usage (475532K) : Total no. of polygons in the design is 87210
2026-08-03 18:04:35 +0200: Memory Usage (475532K) : Starting base layers derivations
2026-08-03 18:04:35 +0200: Memory Usage (475532K) : Starting general LVS derivations
2026-08-03 18:04:35 +0200: Memory Usage (479116K) : Starting MOSFET DERIVATIONS
2026-08-03 18:04:35 +0200: Memory Usage (507804K) : Starting NMOS DERIVATIONS
2026-08-03 18:04:35 +0200: Memory Usage (507804K) : Starting PMOS DERIVATIONS
2026-08-03 18:04:35 +0200: Memory Usage (507804K) : Starting RF-MOSFET DERIVATIONS
2026-08-03 18:04:35 +0200: Memory Usage (507804K) : Starting RF-NMOS DERIVATIONS
2026-08-03 18:04:35 +0200: Memory Usage (507804K) : Starting RF-PMOS DERIVATIONS
2026-08-03 18:04:35 +0200: Memory Usage (507804K) : Starting BJT DERIVATIONS
2026-08-03 18:04:35 +0200: Memory Usage (507804K) : Starting NPN-BJT DERIVATIONS
2026-08-03 18:04:36 +0200: Memory Usage (507804K) : Starting PNP-BJT DERIVATIONS
2026-08-03 18:04:36 +0200: Memory Usage (507804K) : Starting DIODE DERIVATIONS
2026-08-03 18:04:37 +0200: Memory Usage (479588K) : Starting RESISTOR DERIVATIONS
2026-08-03 18:04:37 +0200: Memory Usage (479588K) : Starting CAP DERIVATIONS
2026-08-03 18:04:37 +0200: Memory Usage (479588K) : Starting ESD DERIVATIONS
2026-08-03 18:04:37 +0200: Memory Usage (481380K) : Starting Inductor DERIVATIONS
2026-08-03 18:04:37 +0200: Memory Usage (484964K) : Starting Taps DERIVATIONS
2026-08-03 18:04:37 +0200: Memory Usage (485476K) : Starting SG13G2 LVS connectivity setup
2026-08-03 18:04:37 +0200: Memory Usage (485476K) : Starting SG13G2 LVS connectivity setup (Inter-layer)
2026-08-03 18:04:37 +0200: Memory Usage (485604K) : Starting SG13G2 LVS connectivity setup (Global)
2026-08-03 18:04:37 +0200: Memory Usage (485604K) : Starting LVS MOSFET CONNECTIONS
2026-08-03 18:04:37 +0200: Memory Usage (485604K) : Starting LVS RF-MOSFET CONNECTIONS
2026-08-03 18:04:37 +0200: Memory Usage (485604K) : Starting LVS BJT CONNECTIONS
2026-08-03 18:04:37 +0200: Memory Usage (485604K) : Starting LVS DIODE CONNECTIONS
2026-08-03 18:04:37 +0200: Memory Usage (485604K) : Starting RESISTOR CONNECTIONS
2026-08-03 18:04:37 +0200: Memory Usage (485604K) : Starting LVS CAP CONNECTIONS
2026-08-03 18:04:37 +0200: Memory Usage (485604K) : Starting ESD CONNECTIONS
2026-08-03 18:04:37 +0200: Memory Usage (485604K) : Starting Inductor CONNECTIONS
2026-08-03 18:04:37 +0200: Memory Usage (485604K) : Starting LVS Taps CONNECTIONS
2026-08-03 18:04:37 +0200: Memory Usage (485604K) : Starting SG13G2 LVS DEVICES EXTRACTION
2026-08-03 18:04:37 +0200: Memory Usage (485604K) : Starting MOSFET EXTRACTION
2026-08-03 18:04:37 +0200: Memory Usage (485604K) : Starting NMOS EXTRACTION
2026-08-03 18:04:37 +0200: Memory Usage (485604K) : Extraction of NMOS-LV transistor
2026-08-03 18:04:37 +0200: Memory Usage (485860K) : Extraction of NMOS-HV transistor
2026-08-03 18:04:37 +0200: Memory Usage (485860K) : Starting PMOS EXTRACTION
2026-08-03 18:04:37 +0200: Memory Usage (485860K) : Extraction of PMOS-LV transistor
2026-08-03 18:04:37 +0200: Memory Usage (485860K) : Extraction of PMOS-HV transistor
2026-08-03 18:04:37 +0200: Memory Usage (485860K) : Starting RF-MOSFET EXTRACTION
2026-08-03 18:04:37 +0200: Memory Usage (485860K) : Extraction of RF-NMOS-LV transistor
2026-08-03 18:04:37 +0200: Memory Usage (485860K) : Extraction of RF-NMOS-HV transistor
2026-08-03 18:04:37 +0200: Memory Usage (485860K) : Extraction of RF-PMOS-LV transistor
2026-08-03 18:04:37 +0200: Memory Usage (485860K) : Extraction of RF-PMOS-HV transistor
2026-08-03 18:04:37 +0200: Memory Usage (485860K) : Starting BJT EXTRACTION
2026-08-03 18:04:37 +0200: Memory Usage (485860K) : Starting NPN-BJT EXTRACTION
2026-08-03 18:04:37 +0200: Memory Usage (485860K) : Extraction of npn13G2 BJT transistor
2026-08-03 18:04:37 +0200: Memory Usage (485860K) : Extraction of npn13G2L BJT transistor
2026-08-03 18:04:37 +0200: Memory Usage (485860K) : Extraction of npn13G2V BJT transistor
2026-08-03 18:04:37 +0200: Memory Usage (485860K) : Starting PNP-BJT EXTRACTION
2026-08-03 18:04:37 +0200: Memory Usage (485860K) : Extracting pnpMPA BJT
2026-08-03 18:04:37 +0200: Memory Usage (485860K) : Starting DIODE EXTRACTION
2026-08-03 18:04:37 +0200: Memory Usage (485860K) : Extracting dantenna diode
2026-08-03 18:04:37 +0200: Memory Usage (485860K) : Extracting dpantenna diode
2026-08-03 18:04:37 +0200: Memory Usage (485860K) : Extracting schottky_nbl1 diode
2026-08-03 18:04:37 +0200: Memory Usage (485860K) : Extracting isolbox diode
2026-08-03 18:04:37 +0200: Memory Usage (485860K) : Starting RESISTOR EXTRACTION
2026-08-03 18:04:37 +0200: Memory Usage (485860K) : Extracting rsil resistor
2026-08-03 18:04:37 +0200: Memory Usage (485860K) : Extracting rppd resistor
2026-08-03 18:04:37 +0200: Memory Usage (485860K) : Extracting rhigh resistor
2026-08-03 18:04:37 +0200: Memory Usage (485860K) : Extracting res_metal1 resistor
2026-08-03 18:04:37 +0200: Memory Usage (485988K) : Extracting res_metal2 resistor
2026-08-03 18:04:37 +0200: Memory Usage (485988K) : Extracting res_metal3 resistor
2026-08-03 18:04:37 +0200: Memory Usage (485988K) : Extracting res_metal4 resistor
2026-08-03 18:04:37 +0200: Memory Usage (485988K) : Extracting res_metal5 resistor
2026-08-03 18:04:37 +0200: Memory Usage (485988K) : Extracting res_topmetal1 resistor
2026-08-03 18:04:37 +0200: Memory Usage (485988K) : Extracting res_topmetal2 resistor
2026-08-03 18:04:37 +0200: Memory Usage (485988K) : Starting CAP EXTRACTION
2026-08-03 18:04:37 +0200: Memory Usage (485988K) : Extracting cap_cmim device
2026-08-03 18:04:37 +0200: Memory Usage (485988K) : Extracting rfcmim device
2026-08-03 18:04:37 +0200: Memory Usage (485988K) : Extracting sg13_hv_svaricap varactor
2026-08-03 18:04:37 +0200: Memory Usage (485988K) : Starting ESD EXTRACTION
2026-08-03 18:04:37 +0200: Memory Usage (485988K) : Extracting diodevdd_2kv ESD device
2026-08-03 18:04:37 +0200: Memory Usage (485988K) : Extracting diodevdd_4kv ESD device
2026-08-03 18:04:37 +0200: Memory Usage (485988K) : Extracting diodevss_2kv ESD device
2026-08-03 18:04:37 +0200: Memory Usage (485988K) : Extracting diodevss_4kv ESD device
2026-08-03 18:04:37 +0200: Memory Usage (485988K) : Extracting idiodevdd_2kv ESD device
2026-08-03 18:04:37 +0200: Memory Usage (485988K) : Extracting idiodevdd_4kv ESD device
2026-08-03 18:04:37 +0200: Memory Usage (485988K) : Extracting idiodevss_2kv ESD device
2026-08-03 18:04:37 +0200: Memory Usage (485988K) : Extracting idiodevss_4kv ESD device
2026-08-03 18:04:37 +0200: Memory Usage (485988K) : Extracting nmoscl_2 ESD device
2026-08-03 18:04:37 +0200: Memory Usage (485988K) : Extracting nmoscl_4 ESD device
2026-08-03 18:04:37 +0200: Memory Usage (485988K) : Starting Inductor EXTRACTION
2026-08-03 18:04:37 +0200: Memory Usage (485988K) : Extracting Inductor2 device
2026-08-03 18:04:37 +0200: Memory Usage (485988K) : Extracting Inductor3 device
2026-08-03 18:04:37 +0200: Memory Usage (485988K) : Starting Taps EXTRACTION
2026-08-03 18:04:37 +0200: Memory Usage (485988K) : Extracting ntap1 device
2026-08-03 18:04:37 +0200: Memory Usage (485988K) : Extracting ptap1 device
2026-08-03 18:04:37 +0200: Memory Usage (485988K) : Starting SG13G2 LVS RF MOS Model Mapping
2026-08-03 18:04:39 +0200: Memory Usage (494180K) : [layout_netlist] Apply RF MOS model mapping and rfmode parameter.
2026-08-03 18:04:39 +0200: Memory Usage (494180K) : Starting SG13G2 LVS Options Preparations
2026-08-03 18:04:39 +0200: Memory Usage (494180K) : SG13G2 LVS flow: extraction -> alignment -> option preparation -> comparison.
2026-08-03 18:04:39 +0200: Memory Usage (494180K) : Starting SG13G2 LVS Alignment
2026-08-03 18:04:39 +0200: Memory Usage (494308K) : Flattening circuits in both netlists: sg13g2_GuardRing_*
2026-08-03 18:04:39 +0200: Memory Usage (494308K) : Starting SG13G2 LVS Simplification
2026-08-03 18:04:39 +0200: Memory Usage (494308K) : [layout_netlist] simplify: ENABLED
2026-08-03 18:04:39 +0200: Memory Usage (494308K) : [layout_netlist] make_top_level_pins: SKIPPED
2026-08-03 18:04:39 +0200: Memory Usage (494308K) : [layout_netlist] combine_devices: ENABLED
2026-08-03 18:04:39 +0200: Memory Usage (494308K) : [layout_netlist] purge: SKIPPED
2026-08-03 18:04:39 +0200: Memory Usage (494308K) : [layout_netlist] purge_nets: SKIPPED
2026-08-03 18:04:39 +0200: Memory Usage (494308K) : [schematic_netlist] simplify: ENABLED
2026-08-03 18:04:39 +0200: Memory Usage (494308K) : [schematic_netlist] make_top_level_pins: SKIPPED
2026-08-03 18:04:39 +0200: Memory Usage (494308K) : [schematic_netlist] combine_devices: ENABLED
2026-08-03 18:04:39 +0200: Memory Usage (494308K) : [schematic_netlist] purge: SKIPPED
2026-08-03 18:04:39 +0200: Memory Usage (494308K) : [schematic_netlist] purge_nets: SKIPPED
2026-08-03 18:04:39 +0200: Memory Usage (494308K) : Starting SG13G2 LVS Comparison in strict port mode.
2026-08-03 18:04:39 +0200: Memory Usage (494308K) : flag_missing_ports enabled: missing/mislabeled top-level ports are treated as errors.
2026-08-03 18:04:39 +0200: Memory Usage (494436K) : xxxxxxxxxxxxxxxxxxxxxxxxxxxxxxxxxxxxxxxxxx
2026-08-03 18:04:39 +0200: Memory Usage (494436K) : ERROR : Netlists don't match
2026-08-03 18:04:39 +0200: Memory Usage (494436K) : xxxxxxxxxxxxxxxxxxxxxxxxxxxxxxxxxxxxxxxxxx
2026-08-03 18:04:39 +0200: Memory Usage (494436K) : LVS Total Run time 4.996841 seconds
