# Logfile created on 2026-08-10 17:00:55 +0200 by logger.rb/v1.5.3
2026-08-10 17:00:55 +0200: Memory Usage (455780K) : Starting running SG13G2 Klayout LVS runset on /foss/designs/ihp-open-pdk-regression/IOPADS/layout/sg13g2_IOPadOut16mA.gds
2026-08-10 17:00:55 +0200: Memory Usage (455780K) : Ruby Version for klayout: 3.2.3
2026-08-10 17:00:55 +0200: Memory Usage (457188K) : Loading database to memory is complete.
2026-08-10 17:00:55 +0200: Memory Usage (457188K) : SG13G2 Klayout LVS runset output at: /foss/designs/ihp-open-pdk-regression/IOPADS/lvs_sweep/20260810_165956/sg13g2_IOPadOut16mA/sg13g2_IOPadOut16mA.lvsdb
2026-08-10 17:00:55 +0200: Memory Usage (457188K) : Evaluate switches.
2026-08-10 17:00:55 +0200: Memory Usage (457188K) : Extracted netlist with net names: true
2026-08-10 17:00:55 +0200: Memory Usage (457188K) : Extracted netlist with comments in details: false
2026-08-10 17:00:55 +0200: Memory Usage (457188K) : Selected NET_ONLY option: false
2026-08-10 17:00:55 +0200: Memory Usage (457188K) : Selected LAYOUT_NETLIST option: (none)
2026-08-10 17:00:55 +0200: Memory Usage (457188K) : Selected IGNORE_TOP_PORTS_MISMATCH option: true
2026-08-10 17:00:55 +0200: Memory Usage (457188K) : Selected IMPLICIT_NETS option: iovss,iovdd,vss,vdd,pad,cathode,anode
2026-08-10 17:00:55 +0200: Memory Usage (457188K) : Selected TOP_LVL_PINS option: false
2026-08-10 17:00:55 +0200: Memory Usage (457188K) : Selected COMBINE DEVICES option: true
2026-08-10 17:00:55 +0200: Memory Usage (457188K) : Selected PURGE option: false
2026-08-10 17:00:55 +0200: Memory Usage (457188K) : Selected PURGE_NETS option: false
2026-08-10 17:00:55 +0200: Memory Usage (457316K) : Selected SIMPLIFY option: true
2026-08-10 17:00:55 +0200: Memory Usage (457316K) : Selected SERIES_RES option: true
2026-08-10 17:00:55 +0200: Memory Usage (457316K) : Selected PARALLEL_RES option: true
2026-08-10 17:00:55 +0200: Memory Usage (457316K) : Selected DISABLE_TAP_EXTRACTION option: false
2026-08-10 17:00:55 +0200: Memory Usage (457316K) : deep  mode is enabled.
2026-08-10 17:00:55 +0200: Memory Usage (457316K) : Applying implicit connections (case-sensitive, pattern supported) for nets: iovss, iovdd, vss, vdd, pad, cathode, anode
2026-08-10 17:00:55 +0200: Memory Usage (458596K) : Netlist file: /foss/designs/ihp-open-pdk-regression/IOPADS/netlist/pads_sub/sg13g2_IOPadOut16mA.spi
2026-08-10 17:00:55 +0200: Memory Usage (458596K) : LVS extracted netlist at: /foss/designs/ihp-open-pdk-regression/IOPADS/lvs_sweep/20260810_165956/sg13g2_IOPadOut16mA/sg13g2_IOPadOut16mA_extracted.cir
2026-08-10 17:00:55 +0200: Memory Usage (458596K) : Applying SRAM integration support.
2026-08-10 17:00:55 +0200: Memory Usage (458596K) : Starting SG13G2 LVS runset
2026-08-10 17:00:55 +0200: Memory Usage (458596K) : Read in polygons from layers.
2026-08-10 17:00:55 +0200: Memory Usage (460004K) : activ_drw has 75 polygons
2026-08-10 17:00:55 +0200: Memory Usage (460132K) : activ_filler has 0 polygons
2026-08-10 17:00:55 +0200: Memory Usage (460388K) : activ has 75 polygons
2026-08-10 17:00:55 +0200: Memory Usage (460388K) : activ_pin has 0 polygons
2026-08-10 17:00:55 +0200: Memory Usage (460388K) : activ_mask has 0 polygons
2026-08-10 17:00:55 +0200: Memory Usage (460388K) : activ_nofill has 0 polygons
2026-08-10 17:00:55 +0200: Memory Usage (460388K) : activ_OPC has 0 polygons
2026-08-10 17:00:55 +0200: Memory Usage (460388K) : activ_iOPC has 0 polygons
2026-08-10 17:00:55 +0200: Memory Usage (460388K) : activ_noqrc has 0 polygons
2026-08-10 17:00:55 +0200: Memory Usage (460388K) : biwind_drw has 0 polygons
2026-08-10 17:00:55 +0200: Memory Usage (460388K) : biwind_OPC has 0 polygons
2026-08-10 17:00:55 +0200: Memory Usage (460516K) : gatpoly_drw has 40 polygons
2026-08-10 17:00:55 +0200: Memory Usage (460644K) : gatpoly_filler has 0 polygons
2026-08-10 17:00:55 +0200: Memory Usage (460644K) : gatpoly has 40 polygons
2026-08-10 17:00:55 +0200: Memory Usage (460772K) : gatpoly_pin has 0 polygons
2026-08-10 17:00:55 +0200: Memory Usage (460772K) : gatpoly_nofill has 0 polygons
2026-08-10 17:00:55 +0200: Memory Usage (461156K) : gatpoly_OPC has 0 polygons
2026-08-10 17:00:55 +0200: Memory Usage (461156K) : gatpoly_iOPC has 0 polygons
2026-08-10 17:00:55 +0200: Memory Usage (461284K) : gatpoly_noqrc has 0 polygons
2026-08-10 17:00:55 +0200: Memory Usage (462436K) : cont_drw has 45918 polygons
2026-08-10 17:00:55 +0200: Memory Usage (462436K) : cont_OPC has 0 polygons
2026-08-10 17:00:55 +0200: Memory Usage (462436K) : nsd_drw has 0 polygons
2026-08-10 17:00:55 +0200: Memory Usage (462436K) : nsd_block has 0 polygons
2026-08-10 17:00:55 +0200: Memory Usage (462436K) : metal1_drw has 241 polygons
2026-08-10 17:00:55 +0200: Memory Usage (462436K) : metal1_filler has 0 polygons
2026-08-10 17:00:55 +0200: Memory Usage (462436K) : metal1_slit has 0 polygons
2026-08-10 17:00:55 +0200: Memory Usage (462820K) : metal1 has 241 polygons
2026-08-10 17:00:55 +0200: Memory Usage (462820K) : metal1_pin has 26 polygons
2026-08-10 17:00:55 +0200: Memory Usage (462820K) : metal1_mask has 0 polygons
2026-08-10 17:00:55 +0200: Memory Usage (462820K) : metal1_nofill has 0 polygons
2026-08-10 17:00:55 +0200: Memory Usage (463076K) : metal1_text has 26 polygons
2026-08-10 17:00:55 +0200: Memory Usage (463076K) : metal1_OPC has 0 polygons
2026-08-10 17:00:55 +0200: Memory Usage (463076K) : metal1_noqrc has 0 polygons
2026-08-10 17:00:55 +0200: Memory Usage (463076K) : metal1_res has 0 polygons
2026-08-10 17:00:55 +0200: Memory Usage (463204K) : metal1_iprobe has 0 polygons
2026-08-10 17:00:55 +0200: Memory Usage (463204K) : metal1_diffprb has 0 polygons
2026-08-10 17:00:55 +0200: Memory Usage (463332K) : passiv_drw has 0 polygons
2026-08-10 17:00:55 +0200: Memory Usage (463460K) : passiv_pin has 0 polygons
2026-08-10 17:00:55 +0200: Memory Usage (463460K) : passiv_sbump has 0 polygons
2026-08-10 17:00:55 +0200: Memory Usage (463588K) : passiv_pillar has 0 polygons
2026-08-10 17:00:55 +0200: Memory Usage (463716K) : passiv_pdl has 0 polygons
2026-08-10 17:00:55 +0200: Memory Usage (463716K) : metal2_drw has 70 polygons
2026-08-10 17:00:55 +0200: Memory Usage (463844K) : metal2_filler has 0 polygons
2026-08-10 17:00:55 +0200: Memory Usage (463844K) : metal2_slit has 0 polygons
2026-08-10 17:00:55 +0200: Memory Usage (463972K) : metal2 has 70 polygons
2026-08-10 17:00:55 +0200: Memory Usage (464100K) : metal2_pin has 19 polygons
2026-08-10 17:00:55 +0200: Memory Usage (464100K) : metal2_mask has 0 polygons
2026-08-10 17:00:55 +0200: Memory Usage (464228K) : metal2_nofill has 0 polygons
2026-08-10 17:00:55 +0200: Memory Usage (464228K) : metal2_text has 19 polygons
2026-08-10 17:00:55 +0200: Memory Usage (464356K) : metal2_OPC has 0 polygons
2026-08-10 17:00:55 +0200: Memory Usage (464356K) : metal2_noqrc has 0 polygons
2026-08-10 17:00:55 +0200: Memory Usage (464484K) : metal2_res has 0 polygons
2026-08-10 17:00:55 +0200: Memory Usage (464484K) : metal2_iprobe has 0 polygons
2026-08-10 17:00:55 +0200: Memory Usage (464612K) : metal2_diffprb has 0 polygons
2026-08-10 17:00:55 +0200: Memory Usage (464612K) : baspoly_drw has 0 polygons
2026-08-10 17:00:55 +0200: Memory Usage (464740K) : baspoly_pin has 0 polygons
2026-08-10 17:00:55 +0200: Memory Usage (464740K) : psd_drw has 30 polygons
2026-08-10 17:00:55 +0200: Memory Usage (464996K) : nldb_drw has 0 polygons
2026-08-10 17:00:55 +0200: Memory Usage (464996K) : digibnd_drw has 0 polygons
2026-08-10 17:00:55 +0200: Memory Usage (464996K) : via1_drw has 1668 polygons
2026-08-10 17:00:55 +0200: Memory Usage (465124K) : backmetal1_drw has 0 polygons
2026-08-10 17:00:55 +0200: Memory Usage (465124K) : backmetal1_pin has 0 polygons
2026-08-10 17:00:55 +0200: Memory Usage (465124K) : backmetal1_mask has 0 polygons
2026-08-10 17:00:55 +0200: Memory Usage (465252K) : backmetal1_filler has 0 polygons
2026-08-10 17:00:55 +0200: Memory Usage (465252K) : backmetal1_nofill has 0 polygons
2026-08-10 17:00:55 +0200: Memory Usage (465252K) : backmetal1_slit has 0 polygons
2026-08-10 17:00:55 +0200: Memory Usage (465380K) : backmetal1_text has 0 polygons
2026-08-10 17:00:55 +0200: Memory Usage (465380K) : backmetal1_OPC has 0 polygons
2026-08-10 17:00:55 +0200: Memory Usage (465380K) : backmetal1_noqrc has 0 polygons
2026-08-10 17:00:55 +0200: Memory Usage (465380K) : backmetal1_res has 0 polygons
2026-08-10 17:00:55 +0200: Memory Usage (465508K) : backmetal1_iprobe has 0 polygons
2026-08-10 17:00:55 +0200: Memory Usage (465508K) : backmetal1_diffprb has 0 polygons
2026-08-10 17:00:55 +0200: Memory Usage (465636K) : backpassiv_drw has 0 polygons
2026-08-10 17:00:55 +0200: Memory Usage (465636K) : res_drw has 0 polygons
2026-08-10 17:00:55 +0200: Memory Usage (465764K) : sram_drw has 0 polygons
2026-08-10 17:00:55 +0200: Memory Usage (465764K) : trans_drw has 0 polygons
2026-08-10 17:00:55 +0200: Memory Usage (465892K) : ind_drw has 0 polygons
2026-08-10 17:00:55 +0200: Memory Usage (465892K) : ind_pin has 0 polygons
2026-08-10 17:00:55 +0200: Memory Usage (466020K) : ind_text has 0 polygons
2026-08-10 17:00:55 +0200: Memory Usage (466020K) : salblock_drw has 0 polygons
2026-08-10 17:00:55 +0200: Memory Usage (466148K) : via2_drw has 1448 polygons
2026-08-10 17:00:55 +0200: Memory Usage (466276K) : metal3_drw has 19 polygons
2026-08-10 17:00:55 +0200: Memory Usage (466276K) : metal3_filler has 0 polygons
2026-08-10 17:00:55 +0200: Memory Usage (466404K) : metal3_slit has 0 polygons
2026-08-10 17:00:55 +0200: Memory Usage (466532K) : metal3 has 19 polygons
2026-08-10 17:00:55 +0200: Memory Usage (466532K) : metal3_pin has 9 polygons
2026-08-10 17:00:55 +0200: Memory Usage (466660K) : metal3_mask has 0 polygons
2026-08-10 17:00:55 +0200: Memory Usage (466660K) : metal3_nofill has 0 polygons
2026-08-10 17:00:55 +0200: Memory Usage (466788K) : metal3_text has 9 polygons
2026-08-10 17:00:55 +0200: Memory Usage (466788K) : metal3_OPC has 0 polygons
2026-08-10 17:00:55 +0200: Memory Usage (466916K) : metal3_noqrc has 0 polygons
2026-08-10 17:00:55 +0200: Memory Usage (466916K) : metal3_res has 0 polygons
2026-08-10 17:00:55 +0200: Memory Usage (467044K) : metal3_iprobe has 0 polygons
2026-08-10 17:00:55 +0200: Memory Usage (467044K) : metal3_diffprb has 0 polygons
2026-08-10 17:00:55 +0200: Memory Usage (467172K) : nwell_drw has 21 polygons
2026-08-10 17:00:55 +0200: Memory Usage (467300K) : nwell_pin has 0 polygons
2026-08-10 17:00:55 +0200: Memory Usage (467300K) : nwell_text has 0 polygons
2026-08-10 17:00:55 +0200: Memory Usage (467428K) : nbulay_drw has 0 polygons
2026-08-10 17:00:55 +0200: Memory Usage (467428K) : nbulay_pin has 0 polygons
2026-08-10 17:00:55 +0200: Memory Usage (467428K) : nbulay_block has 0 polygons
2026-08-10 17:00:55 +0200: Memory Usage (467428K) : emwind_drw has 0 polygons
2026-08-10 17:00:55 +0200: Memory Usage (467556K) : emwind_OPC has 0 polygons
2026-08-10 17:00:55 +0200: Memory Usage (467556K) : deepco_drw has 0 polygons
2026-08-10 17:00:55 +0200: Memory Usage (467556K) : mim_drw has 0 polygons
2026-08-10 17:00:55 +0200: Memory Usage (467684K) : edgeseal_drw has 0 polygons
2026-08-10 17:00:55 +0200: Memory Usage (467684K) : substrate_drw has 19 polygons
2026-08-10 17:00:55 +0200: Memory Usage (467812K) : substrate_text has 0 polygons
2026-08-10 17:00:55 +0200: Memory Usage (467812K) : dfpad_drw has 0 polygons
2026-08-10 17:00:55 +0200: Memory Usage (467940K) : dfpad_pillar has 0 polygons
2026-08-10 17:00:55 +0200: Memory Usage (467940K) : dfpad_sbump has 0 polygons
2026-08-10 17:00:55 +0200: Memory Usage (468068K) : thickgateox_drw has 4 polygons
2026-08-10 17:00:55 +0200: Memory Usage (468068K) : pldb_drw has 0 polygons
2026-08-10 17:00:55 +0200: Memory Usage (468196K) : pwell_drw has 0 polygons
2026-08-10 17:00:55 +0200: Memory Usage (468324K) : pwell_pin has 0 polygons
2026-08-10 17:00:55 +0200: Memory Usage (468324K) : pwell_block has 0 polygons
2026-08-10 17:00:55 +0200: Memory Usage (468452K) : ic_drw has 0 polygons
2026-08-10 17:00:55 +0200: Memory Usage (468452K) : via3_drw has 2087 polygons
2026-08-10 17:00:55 +0200: Memory Usage (468580K) : metal4_drw has 8 polygons
2026-08-10 17:00:55 +0200: Memory Usage (468708K) : metal4_filler has 0 polygons
2026-08-10 17:00:55 +0200: Memory Usage (468708K) : metal4_slit has 0 polygons
2026-08-10 17:00:55 +0200: Memory Usage (468836K) : metal4 has 8 polygons
2026-08-10 17:00:55 +0200: Memory Usage (468964K) : metal4_pin has 8 polygons
2026-08-10 17:00:55 +0200: Memory Usage (468964K) : metal4_mask has 0 polygons
2026-08-10 17:00:55 +0200: Memory Usage (469092K) : metal4_nofill has 0 polygons
2026-08-10 17:00:55 +0200: Memory Usage (469092K) : metal4_text has 8 polygons
2026-08-10 17:00:55 +0200: Memory Usage (469220K) : metal4_OPC has 0 polygons
2026-08-10 17:00:55 +0200: Memory Usage (469220K) : metal4_noqrc has 0 polygons
2026-08-10 17:00:55 +0200: Memory Usage (469348K) : metal4_res has 0 polygons
2026-08-10 17:00:55 +0200: Memory Usage (469476K) : metal4_iprobe has 0 polygons
2026-08-10 17:00:55 +0200: Memory Usage (469476K) : metal4_diffprb has 0 polygons
2026-08-10 17:00:55 +0200: Memory Usage (469604K) : heattrans_drw has 0 polygons
2026-08-10 17:00:55 +0200: Memory Usage (469604K) : heatres_drw has 0 polygons
2026-08-10 17:00:55 +0200: Memory Usage (469732K) : fbe_drw has 0 polygons
2026-08-10 17:00:55 +0200: Memory Usage (469732K) : empoly_drw has 0 polygons
2026-08-10 17:00:55 +0200: Memory Usage (469860K) : digisub_drw has 0 polygons
2026-08-10 17:00:55 +0200: Memory Usage (469860K) : text_drw has 13 polygons
2026-08-10 17:00:55 +0200: Memory Usage (469860K) : via4_drw has 2371 polygons
2026-08-10 17:00:55 +0200: Memory Usage (470116K) : metal5_drw has 8 polygons
2026-08-10 17:00:55 +0200: Memory Usage (470116K) : metal5_filler has 0 polygons
2026-08-10 17:00:55 +0200: Memory Usage (470116K) : metal5_slit has 0 polygons
2026-08-10 17:00:55 +0200: Memory Usage (470244K) : metal5 has 8 polygons
2026-08-10 17:00:55 +0200: Memory Usage (470372K) : metal5_pin has 8 polygons
2026-08-10 17:00:55 +0200: Memory Usage (470372K) : metal5_mask has 0 polygons
2026-08-10 17:00:55 +0200: Memory Usage (470500K) : metal5_nofill has 0 polygons
2026-08-10 17:00:55 +0200: Memory Usage (470500K) : metal5_text has 8 polygons
2026-08-10 17:00:55 +0200: Memory Usage (470628K) : metal5_OPC has 0 polygons
2026-08-10 17:00:55 +0200: Memory Usage (470628K) : metal5_noqrc has 0 polygons
2026-08-10 17:00:55 +0200: Memory Usage (470756K) : metal5_res has 0 polygons
2026-08-10 17:00:55 +0200: Memory Usage (470884K) : metal5_iprobe has 0 polygons
2026-08-10 17:00:55 +0200: Memory Usage (470884K) : metal5_diffprb has 0 polygons
2026-08-10 17:00:55 +0200: Memory Usage (471012K) : radhard_drw has 0 polygons
2026-08-10 17:00:55 +0200: Memory Usage (471012K) : memcap_drw has 0 polygons
2026-08-10 17:00:55 +0200: Memory Usage (471140K) : varicap_drw has 0 polygons
2026-08-10 17:00:55 +0200: Memory Usage (471140K) : intbondvia_drw has 0 polygons
2026-08-10 17:00:55 +0200: Memory Usage (471268K) : intbondmet_drw has 0 polygons
2026-08-10 17:00:55 +0200: Memory Usage (471268K) : devbondvia_drw has 0 polygons
2026-08-10 17:00:55 +0200: Memory Usage (471396K) : devbondmet_drw has 0 polygons
2026-08-10 17:00:55 +0200: Memory Usage (471396K) : devtrench_drw has 0 polygons
2026-08-10 17:00:55 +0200: Memory Usage (471524K) : redist_drw has 0 polygons
2026-08-10 17:00:55 +0200: Memory Usage (471652K) : graphbot_drw has 0 polygons
2026-08-10 17:00:55 +0200: Memory Usage (471652K) : graphtop_drw has 0 polygons
2026-08-10 17:00:55 +0200: Memory Usage (471652K) : antvia1_drw has 0 polygons
2026-08-10 17:00:55 +0200: Memory Usage (471652K) : antmetal2_drw has 0 polygons
2026-08-10 17:00:55 +0200: Memory Usage (471652K) : graphcont_drw has 0 polygons
2026-08-10 17:00:55 +0200: Memory Usage (471652K) : siwg_drw has 0 polygons
2026-08-10 17:00:55 +0200: Memory Usage (471652K) : siwg_filler has 0 polygons
2026-08-10 17:00:56 +0200: Memory Usage (471652K) : siwg_nofill has 0 polygons
2026-08-10 17:00:56 +0200: Memory Usage (471652K) : sigrating_drw has 0 polygons
2026-08-10 17:00:56 +0200: Memory Usage (471652K) : singrating_drw has 0 polygons
2026-08-10 17:00:56 +0200: Memory Usage (471652K) : graphpas_drw has 0 polygons
2026-08-10 17:00:56 +0200: Memory Usage (471652K) : emwind3_drw has 0 polygons
2026-08-10 17:00:56 +0200: Memory Usage (471652K) : emwihv3_drw has 0 polygons
2026-08-10 17:00:56 +0200: Memory Usage (471652K) : redbulay_drw has 0 polygons
2026-08-10 17:00:56 +0200: Memory Usage (471652K) : smos_drw has 0 polygons
2026-08-10 17:00:56 +0200: Memory Usage (471652K) : graphpad_drw has 0 polygons
2026-08-10 17:00:56 +0200: Memory Usage (471652K) : polimide_drw has 0 polygons
2026-08-10 17:00:56 +0200: Memory Usage (471652K) : polimide_pin has 0 polygons
2026-08-10 17:00:56 +0200: Memory Usage (471652K) : recog_drw has 0 polygons
2026-08-10 17:00:56 +0200: Memory Usage (471652K) : recog_pin has 0 polygons
2026-08-10 17:00:56 +0200: Memory Usage (471652K) : recog_esd has 0 polygons
2026-08-10 17:00:56 +0200: Memory Usage (471652K) : recog_diode has 6 polygons
2026-08-10 17:00:56 +0200: Memory Usage (471652K) : recog_tsv has 0 polygons
2026-08-10 17:00:56 +0200: Memory Usage (471652K) : recog_iprobe has 0 polygons
2026-08-10 17:00:56 +0200: Memory Usage (471652K) : recog_diffprb has 0 polygons
2026-08-10 17:00:56 +0200: Memory Usage (471652K) : recog_pillar has 0 polygons
2026-08-10 17:00:56 +0200: Memory Usage (471652K) : recog_sbump has 0 polygons
2026-08-10 17:00:56 +0200: Memory Usage (471652K) : recog_otp has 0 polygons
2026-08-10 17:00:56 +0200: Memory Usage (471652K) : recog_pdiode has 0 polygons
2026-08-10 17:00:56 +0200: Memory Usage (471652K) : recog_mom has 0 polygons
2026-08-10 17:00:56 +0200: Memory Usage (471652K) : recog_pcm has 0 polygons
2026-08-10 17:00:56 +0200: Memory Usage (471652K) : colopen_drw has 0 polygons
2026-08-10 17:00:56 +0200: Memory Usage (471652K) : graphmetal1_drw has 0 polygons
2026-08-10 17:00:56 +0200: Memory Usage (471652K) : graphmetal1_filler has 0 polygons
2026-08-10 17:00:56 +0200: Memory Usage (471652K) : graphmetal1_nofill has 0 polygons
2026-08-10 17:00:56 +0200: Memory Usage (471652K) : graphmetal1_slit has 0 polygons
2026-08-10 17:00:56 +0200: Memory Usage (471652K) : graphmetal1_OPC has 0 polygons
2026-08-10 17:00:56 +0200: Memory Usage (471652K) : graphmet1l_drw has 0 polygons
2026-08-10 17:00:56 +0200: Memory Usage (471652K) : graphmet1l_filler has 0 polygons
2026-08-10 17:00:56 +0200: Memory Usage (471652K) : graphmet1l_nofill has 0 polygons
2026-08-10 17:00:56 +0200: Memory Usage (471652K) : graphmet1l_slit has 0 polygons
2026-08-10 17:00:56 +0200: Memory Usage (471652K) : graphmet1l_OPC has 0 polygons
2026-08-10 17:00:56 +0200: Memory Usage (471652K) : extblock_drw has 0 polygons
2026-08-10 17:00:56 +0200: Memory Usage (471652K) : nldd_drw has 0 polygons
2026-08-10 17:00:56 +0200: Memory Usage (471652K) : pldd_drw has 0 polygons
2026-08-10 17:00:56 +0200: Memory Usage (471652K) : next_drw has 0 polygons
2026-08-10 17:00:56 +0200: Memory Usage (471652K) : pext_drw has 0 polygons
2026-08-10 17:00:56 +0200: Memory Usage (471652K) : nexthv_drw has 0 polygons
2026-08-10 17:00:56 +0200: Memory Usage (471652K) : pexthv_drw has 0 polygons
2026-08-10 17:00:56 +0200: Memory Usage (471652K) : graphgate_drw has 0 polygons
2026-08-10 17:00:56 +0200: Memory Usage (471652K) : sinwg_drw has 0 polygons
2026-08-10 17:00:56 +0200: Memory Usage (471652K) : sinwg_filler has 0 polygons
2026-08-10 17:00:56 +0200: Memory Usage (471652K) : sinwg_nofill has 0 polygons
2026-08-10 17:00:56 +0200: Memory Usage (471652K) : mempad_drw has 0 polygons
2026-08-10 17:00:56 +0200: Memory Usage (471652K) : topvia1_drw has 2315 polygons
2026-08-10 17:00:56 +0200: Memory Usage (471652K) : topmetal1_drw has 8 polygons
2026-08-10 17:00:56 +0200: Memory Usage (471652K) : topmetal1_filler has 0 polygons
2026-08-10 17:00:56 +0200: Memory Usage (471652K) : topmetal1_slit has 0 polygons
2026-08-10 17:00:56 +0200: Memory Usage (471652K) : topmetal1 has 8 polygons
2026-08-10 17:00:56 +0200: Memory Usage (471652K) : topmetal1_pin has 8 polygons
2026-08-10 17:00:56 +0200: Memory Usage (471652K) : topmetal1_mask has 0 polygons
2026-08-10 17:00:56 +0200: Memory Usage (471652K) : topmetal1_nofill has 0 polygons
2026-08-10 17:00:56 +0200: Memory Usage (471652K) : topmetal1_text has 8 polygons
2026-08-10 17:00:56 +0200: Memory Usage (471652K) : topmetal1_noqrc has 0 polygons
2026-08-10 17:00:56 +0200: Memory Usage (471652K) : topmetal1_res has 0 polygons
2026-08-10 17:00:56 +0200: Memory Usage (471652K) : topmetal1_iprobe has 0 polygons
2026-08-10 17:00:56 +0200: Memory Usage (471652K) : topmetal1_diffprb has 0 polygons
2026-08-10 17:00:56 +0200: Memory Usage (471652K) : inldpwl_drw has 0 polygons
2026-08-10 17:00:56 +0200: Memory Usage (471652K) : polyres_drw has 0 polygons
2026-08-10 17:00:56 +0200: Memory Usage (471652K) : polyres_pin has 0 polygons
2026-08-10 17:00:56 +0200: Memory Usage (471652K) : vmim_drw has 0 polygons
2026-08-10 17:00:56 +0200: Memory Usage (471652K) : nbulaycut_drw has 0 polygons
2026-08-10 17:00:56 +0200: Memory Usage (471652K) : antmetal1_drw has 0 polygons
2026-08-10 17:00:56 +0200: Memory Usage (471652K) : topvia2_drw has 1593 polygons
2026-08-10 17:00:56 +0200: Memory Usage (471652K) : topmetal2_drw has 6 polygons
2026-08-10 17:00:56 +0200: Memory Usage (471652K) : topmetal2_filler has 0 polygons
2026-08-10 17:00:56 +0200: Memory Usage (471652K) : topmetal2_slit has 0 polygons
2026-08-10 17:00:56 +0200: Memory Usage (471652K) : topmetal2 has 6 polygons
2026-08-10 17:00:56 +0200: Memory Usage (471652K) : topmetal2_pin has 6 polygons
2026-08-10 17:00:56 +0200: Memory Usage (471652K) : topmetal2_mask has 0 polygons
2026-08-10 17:00:56 +0200: Memory Usage (471652K) : topmetal2_nofill has 0 polygons
2026-08-10 17:00:56 +0200: Memory Usage (471652K) : topmetal2_text has 6 polygons
2026-08-10 17:00:56 +0200: Memory Usage (471652K) : topmetal2_noqrc has 0 polygons
2026-08-10 17:00:56 +0200: Memory Usage (471652K) : topmetal2_res has 0 polygons
2026-08-10 17:00:56 +0200: Memory Usage (471652K) : topmetal2_iprobe has 0 polygons
2026-08-10 17:00:56 +0200: Memory Usage (471652K) : topmetal2_diffprb has 0 polygons
2026-08-10 17:00:56 +0200: Memory Usage (471652K) : snsring_drw has 0 polygons
2026-08-10 17:00:56 +0200: Memory Usage (471652K) : sensor_drw has 0 polygons
2026-08-10 17:00:56 +0200: Memory Usage (471652K) : snsarms_drw has 0 polygons
2026-08-10 17:00:56 +0200: Memory Usage (471652K) : snscmosvia_drw has 0 polygons
2026-08-10 17:00:56 +0200: Memory Usage (471652K) : colwind_drw has 0 polygons
2026-08-10 17:00:56 +0200: Memory Usage (471652K) : flm_drw has 0 polygons
2026-08-10 17:00:56 +0200: Memory Usage (471652K) : hafniumox_drw has 0 polygons
2026-08-10 17:00:56 +0200: Memory Usage (471652K) : memvia_drw has 0 polygons
2026-08-10 17:00:56 +0200: Memory Usage (471652K) : thinfilmres_drw has 0 polygons
2026-08-10 17:00:56 +0200: Memory Usage (471652K) : rfmem_drw has 0 polygons
2026-08-10 17:00:56 +0200: Memory Usage (471652K) : norcx_drw has 0 polygons
2026-08-10 17:00:56 +0200: Memory Usage (471652K) : norcx_m2m3 has 0 polygons
2026-08-10 17:00:56 +0200: Memory Usage (471652K) : norcx_m2m4 has 0 polygons
2026-08-10 17:00:56 +0200: Memory Usage (471652K) : norcx_m2m5 has 0 polygons
2026-08-10 17:00:56 +0200: Memory Usage (471652K) : norcx_m2tm1 has 0 polygons
2026-08-10 17:00:56 +0200: Memory Usage (471652K) : norcx_m2tm2 has 0 polygons
2026-08-10 17:00:56 +0200: Memory Usage (471652K) : norcx_m3m4 has 0 polygons
2026-08-10 17:00:56 +0200: Memory Usage (471652K) : norcx_m3m5 has 0 polygons
2026-08-10 17:00:56 +0200: Memory Usage (471652K) : norcx_m3tm1 has 0 polygons
2026-08-10 17:00:56 +0200: Memory Usage (471652K) : norcx_m3tm2 has 0 polygons
2026-08-10 17:00:56 +0200: Memory Usage (471652K) : norcx_m4m5 has 0 polygons
2026-08-10 17:00:56 +0200: Memory Usage (471652K) : norcx_m4tm1 has 0 polygons
2026-08-10 17:00:56 +0200: Memory Usage (471652K) : norcx_m4tm2 has 0 polygons
2026-08-10 17:00:56 +0200: Memory Usage (471652K) : norcx_m5tm1 has 0 polygons
2026-08-10 17:00:56 +0200: Memory Usage (471652K) : norcx_m5tm2 has 0 polygons
2026-08-10 17:00:56 +0200: Memory Usage (471652K) : norcx_tm1tm2 has 0 polygons
2026-08-10 17:00:56 +0200: Memory Usage (471652K) : norcx_m1sub has 0 polygons
2026-08-10 17:00:56 +0200: Memory Usage (471652K) : norcx_m2sub has 0 polygons
2026-08-10 17:00:56 +0200: Memory Usage (471652K) : norcx_m3sub has 0 polygons
2026-08-10 17:00:56 +0200: Memory Usage (471652K) : norcx_m4sub has 0 polygons
2026-08-10 17:00:56 +0200: Memory Usage (471652K) : norcx_m5sub has 0 polygons
2026-08-10 17:00:56 +0200: Memory Usage (471652K) : norcx_tm1sub has 0 polygons
2026-08-10 17:00:56 +0200: Memory Usage (471652K) : norcx_tm2sub has 0 polygons
2026-08-10 17:00:56 +0200: Memory Usage (471652K) : snsbotvia_drw has 0 polygons
2026-08-10 17:00:56 +0200: Memory Usage (471652K) : snstopvia_drw has 0 polygons
2026-08-10 17:00:56 +0200: Memory Usage (471652K) : deepvia_drw has 0 polygons
2026-08-10 17:00:56 +0200: Memory Usage (471652K) : fgetch_drw has 0 polygons
2026-08-10 17:00:56 +0200: Memory Usage (471652K) : ctrgat_drw has 0 polygons
2026-08-10 17:00:56 +0200: Memory Usage (471652K) : fgimp_drw has 0 polygons
2026-08-10 17:00:56 +0200: Memory Usage (471652K) : emwihv_drw has 0 polygons
2026-08-10 17:00:56 +0200: Memory Usage (471652K) : lbe_drw has 0 polygons
2026-08-10 17:00:56 +0200: Memory Usage (471652K) : alcustop_drw has 0 polygons
2026-08-10 17:00:56 +0200: Memory Usage (471652K) : nometfiller_drw has 0 polygons
2026-08-10 17:00:56 +0200: Memory Usage (471652K) : prboundary_drw has 0 polygons
2026-08-10 17:00:56 +0200: Memory Usage (471652K) : exchange0_drw has 0 polygons
2026-08-10 17:00:56 +0200: Memory Usage (471652K) : exchange0_pin has 0 polygons
2026-08-10 17:00:56 +0200: Memory Usage (471652K) : exchange0_text has 0 polygons
2026-08-10 17:00:56 +0200: Memory Usage (471652K) : exchange1_drw has 0 polygons
2026-08-10 17:00:56 +0200: Memory Usage (471652K) : exchange1_pin has 0 polygons
2026-08-10 17:00:56 +0200: Memory Usage (471652K) : exchange1_text has 0 polygons
2026-08-10 17:00:56 +0200: Memory Usage (471652K) : exchange2_drw has 0 polygons
2026-08-10 17:00:56 +0200: Memory Usage (471652K) : exchange2_pin has 0 polygons
2026-08-10 17:00:56 +0200: Memory Usage (471652K) : exchange2_text has 0 polygons
2026-08-10 17:00:56 +0200: Memory Usage (471652K) : exchange3_drw has 0 polygons
2026-08-10 17:00:56 +0200: Memory Usage (471652K) : exchange3_pin has 0 polygons
2026-08-10 17:00:56 +0200: Memory Usage (471652K) : exchange3_text has 0 polygons
2026-08-10 17:00:56 +0200: Memory Usage (471652K) : exchange4_drw has 0 polygons
2026-08-10 17:00:56 +0200: Memory Usage (471652K) : exchange4_pin has 0 polygons
2026-08-10 17:00:56 +0200: Memory Usage (471652K) : exchange4_text has 0 polygons
2026-08-10 17:00:56 +0200: Memory Usage (471652K) : isonwell_drw has 0 polygons
2026-08-10 17:00:56 +0200: Memory Usage (471652K) : Total no. of polygons in the design is 58136
2026-08-10 17:00:56 +0200: Memory Usage (471652K) : Starting base layers derivations
2026-08-10 17:00:56 +0200: Memory Usage (471652K) : Starting general LVS derivations
2026-08-10 17:00:56 +0200: Memory Usage (479588K) : Starting MOSFET DERIVATIONS
2026-08-10 17:00:56 +0200: Memory Usage (481868K) : Starting NMOS DERIVATIONS
2026-08-10 17:00:56 +0200: Memory Usage (481868K) : Starting PMOS DERIVATIONS
2026-08-10 17:00:56 +0200: Memory Usage (481868K) : Starting RF-MOSFET DERIVATIONS
2026-08-10 17:00:56 +0200: Memory Usage (481868K) : Starting RF-NMOS DERIVATIONS
2026-08-10 17:00:56 +0200: Memory Usage (481868K) : Starting RF-PMOS DERIVATIONS
2026-08-10 17:00:56 +0200: Memory Usage (481868K) : Starting BJT DERIVATIONS
2026-08-10 17:00:56 +0200: Memory Usage (481868K) : Starting NPN-BJT DERIVATIONS
2026-08-10 17:00:56 +0200: Memory Usage (481868K) : Starting PNP-BJT DERIVATIONS
2026-08-10 17:00:56 +0200: Memory Usage (481868K) : Starting DIODE DERIVATIONS
2026-08-10 17:00:57 +0200: Memory Usage (481840K) : Starting RESISTOR DERIVATIONS
2026-08-10 17:00:57 +0200: Memory Usage (481840K) : Starting CAP DERIVATIONS
2026-08-10 17:00:57 +0200: Memory Usage (481840K) : Starting CAP_CMOM DERIVATIONS
2026-08-10 17:00:57 +0200: Memory Usage (481840K) : Starting ESD DERIVATIONS
2026-08-10 17:00:58 +0200: Memory Usage (484784K) : Starting Inductor DERIVATIONS
2026-08-10 17:00:58 +0200: Memory Usage (484784K) : Starting Taps DERIVATIONS
2026-08-10 17:00:58 +0200: Memory Usage (484784K) : Starting SG13G2 LVS connectivity setup
2026-08-10 17:00:58 +0200: Memory Usage (484784K) : Starting SG13G2 LVS connectivity setup (Inter-layer)
2026-08-10 17:00:58 +0200: Memory Usage (485040K) : Starting SG13G2 LVS connectivity setup (Global)
2026-08-10 17:00:58 +0200: Memory Usage (485040K) : Starting LVS MOSFET CONNECTIONS
2026-08-10 17:00:58 +0200: Memory Usage (485040K) : Starting LVS RF-MOSFET CONNECTIONS
2026-08-10 17:00:58 +0200: Memory Usage (485040K) : Starting LVS BJT CONNECTIONS
2026-08-10 17:00:58 +0200: Memory Usage (485040K) : Starting LVS DIODE CONNECTIONS
2026-08-10 17:00:58 +0200: Memory Usage (485040K) : Starting RESISTOR CONNECTIONS
2026-08-10 17:00:58 +0200: Memory Usage (485040K) : Starting LVS CAP CONNECTIONS
2026-08-10 17:00:58 +0200: Memory Usage (485040K) : Starting CAP_CMOM CONNECTIONS
2026-08-10 17:00:58 +0200: Memory Usage (485040K) : Starting ESD CONNECTIONS
2026-08-10 17:00:58 +0200: Memory Usage (485040K) : Starting Inductor CONNECTIONS
2026-08-10 17:00:58 +0200: Memory Usage (485040K) : Starting LVS Taps CONNECTIONS
2026-08-10 17:00:58 +0200: Memory Usage (485040K) : Starting SG13G2 LVS DEVICES EXTRACTION
2026-08-10 17:00:58 +0200: Memory Usage (485040K) : Starting MOSFET EXTRACTION
2026-08-10 17:00:58 +0200: Memory Usage (485040K) : Starting NMOS EXTRACTION
2026-08-10 17:00:58 +0200: Memory Usage (485040K) : Extraction of NMOS-LV transistor
2026-08-10 17:00:58 +0200: Memory Usage (485296K) : Extraction of NMOS-HV transistor
2026-08-10 17:00:58 +0200: Memory Usage (485296K) : Starting PMOS EXTRACTION
2026-08-10 17:00:58 +0200: Memory Usage (485296K) : Extraction of PMOS-LV transistor
2026-08-10 17:00:58 +0200: Memory Usage (485296K) : Extraction of PMOS-HV transistor
2026-08-10 17:00:58 +0200: Memory Usage (485296K) : Starting RF-MOSFET EXTRACTION
2026-08-10 17:00:58 +0200: Memory Usage (485296K) : Extraction of RF-NMOS-LV transistor
2026-08-10 17:00:58 +0200: Memory Usage (485296K) : Extraction of RF-NMOS-HV transistor
2026-08-10 17:00:58 +0200: Memory Usage (485296K) : Extraction of RF-PMOS-LV transistor
2026-08-10 17:00:58 +0200: Memory Usage (485296K) : Extraction of RF-PMOS-HV transistor
2026-08-10 17:00:58 +0200: Memory Usage (485296K) : Starting BJT EXTRACTION
2026-08-10 17:00:58 +0200: Memory Usage (485296K) : Starting NPN-BJT EXTRACTION
2026-08-10 17:00:58 +0200: Memory Usage (485296K) : Extraction of npn13G2 BJT transistor
2026-08-10 17:00:58 +0200: Memory Usage (485296K) : Extraction of npn13G2L BJT transistor
2026-08-10 17:00:58 +0200: Memory Usage (485296K) : Extraction of npn13G2V BJT transistor
2026-08-10 17:00:58 +0200: Memory Usage (485296K) : Starting PNP-BJT EXTRACTION
2026-08-10 17:00:58 +0200: Memory Usage (485296K) : Extracting pnpMPA BJT
2026-08-10 17:00:58 +0200: Memory Usage (485296K) : Starting DIODE EXTRACTION
2026-08-10 17:00:58 +0200: Memory Usage (485296K) : Extracting dantenna diode
2026-08-10 17:00:58 +0200: Memory Usage (485296K) : Extracting dpantenna diode
2026-08-10 17:00:58 +0200: Memory Usage (485296K) : Extracting schottky_nbl1 diode
2026-08-10 17:00:58 +0200: Memory Usage (485296K) : Extracting isolbox diode
2026-08-10 17:00:58 +0200: Memory Usage (485296K) : Starting RESISTOR EXTRACTION
2026-08-10 17:00:58 +0200: Memory Usage (485296K) : Extracting rsil resistor
2026-08-10 17:00:58 +0200: Memory Usage (485296K) : Extracting rppd resistor
2026-08-10 17:00:58 +0200: Memory Usage (485296K) : Extracting rhigh resistor
2026-08-10 17:00:58 +0200: Memory Usage (485296K) : Extracting res_metal1 resistor
2026-08-10 17:00:58 +0200: Memory Usage (485424K) : Extracting res_metal2 resistor
2026-08-10 17:00:58 +0200: Memory Usage (485424K) : Extracting res_metal3 resistor
2026-08-10 17:00:58 +0200: Memory Usage (485424K) : Extracting res_metal4 resistor
2026-08-10 17:00:58 +0200: Memory Usage (485424K) : Extracting res_metal5 resistor
2026-08-10 17:00:58 +0200: Memory Usage (485424K) : Extracting res_topmetal1 resistor
2026-08-10 17:00:58 +0200: Memory Usage (485424K) : Extracting res_topmetal2 resistor
2026-08-10 17:00:58 +0200: Memory Usage (485424K) : Starting CAP EXTRACTION
2026-08-10 17:00:58 +0200: Memory Usage (485424K) : Extracting cap_cmim device
2026-08-10 17:00:58 +0200: Memory Usage (485424K) : Extracting rfcmim device
2026-08-10 17:00:58 +0200: Memory Usage (485424K) : Extracting sg13_hv_svaricap varactor
2026-08-10 17:00:58 +0200: Memory Usage (485424K) : Extracting cap_cmomi device
2026-08-10 17:00:58 +0200: Memory Usage (485424K) : Extracting sg13_moscap_n capacitor
2026-08-10 17:00:58 +0200: Memory Usage (485424K) : Extracting sg13_moscap_p capacitor
2026-08-10 17:00:58 +0200: Memory Usage (485424K) : Starting ESD EXTRACTION
2026-08-10 17:00:58 +0200: Memory Usage (485424K) : Extracting diodevdd_2kv ESD device
2026-08-10 17:00:58 +0200: Memory Usage (485424K) : Extracting diodevdd_4kv ESD device
2026-08-10 17:00:58 +0200: Memory Usage (485424K) : Extracting diodevss_2kv ESD device
2026-08-10 17:00:58 +0200: Memory Usage (485424K) : Extracting diodevss_4kv ESD device
2026-08-10 17:00:58 +0200: Memory Usage (485424K) : Extracting idiodevdd_2kv ESD device
2026-08-10 17:00:58 +0200: Memory Usage (485424K) : Extracting idiodevdd_4kv ESD device
2026-08-10 17:00:58 +0200: Memory Usage (485424K) : Extracting idiodevss_2kv ESD device
2026-08-10 17:00:58 +0200: Memory Usage (485424K) : Extracting idiodevss_4kv ESD device
2026-08-10 17:00:58 +0200: Memory Usage (485424K) : Extracting nmoscl_2 ESD device
2026-08-10 17:00:58 +0200: Memory Usage (485424K) : Extracting nmoscl_4 ESD device
2026-08-10 17:00:58 +0200: Memory Usage (485424K) : Starting Inductor EXTRACTION
2026-08-10 17:00:58 +0200: Memory Usage (485424K) : Extracting Inductor2 device
2026-08-10 17:00:58 +0200: Memory Usage (485424K) : Extracting Inductor3 device
2026-08-10 17:00:58 +0200: Memory Usage (485424K) : Starting Taps EXTRACTION
2026-08-10 17:00:58 +0200: Memory Usage (485424K) : Extracting ntap1 device
2026-08-10 17:00:58 +0200: Memory Usage (485424K) : Extracting ptap1 device
2026-08-10 17:00:58 +0200: Memory Usage (485424K) : Starting SG13G2 LVS RF MOS Model Mapping
2026-08-10 17:00:59 +0200: Memory Usage (487600K) : [layout_netlist] Apply RF MOS model mapping and rfmode parameter.
2026-08-10 17:00:59 +0200: Memory Usage (487600K) : Starting SG13G2 LVS Options Preparations
2026-08-10 17:00:59 +0200: Memory Usage (487600K) : SG13G2 LVS flow: extraction -> alignment -> option preparation -> comparison.
2026-08-10 17:00:59 +0200: Memory Usage (487600K) : Starting SG13G2 LVS Alignment
2026-08-10 17:00:59 +0200: Memory Usage (487728K) : Starting SG13G2 LVS Simplification
2026-08-10 17:00:59 +0200: Memory Usage (487728K) : [layout_netlist] simplify: ENABLED
2026-08-10 17:00:59 +0200: Memory Usage (487728K) : [layout_netlist] make_top_level_pins: SKIPPED
2026-08-10 17:00:59 +0200: Memory Usage (487728K) : [layout_netlist] combine_devices: ENABLED
2026-08-10 17:00:59 +0200: Memory Usage (487728K) : [layout_netlist] purge: SKIPPED
2026-08-10 17:00:59 +0200: Memory Usage (487728K) : [layout_netlist] purge_nets: SKIPPED
2026-08-10 17:00:59 +0200: Memory Usage (487728K) : [schematic_netlist] simplify: ENABLED
2026-08-10 17:00:59 +0200: Memory Usage (487728K) : [schematic_netlist] make_top_level_pins: SKIPPED
2026-08-10 17:00:59 +0200: Memory Usage (487728K) : [schematic_netlist] combine_devices: ENABLED
2026-08-10 17:00:59 +0200: Memory Usage (487728K) : [schematic_netlist] purge: SKIPPED
2026-08-10 17:00:59 +0200: Memory Usage (487728K) : [schematic_netlist] purge_nets: SKIPPED
2026-08-10 17:00:59 +0200: Memory Usage (487728K) : Starting SG13G2 LVS Comparison
2026-08-10 17:00:59 +0200: Memory Usage (487728K) : ==========================================
2026-08-10 17:00:59 +0200: Memory Usage (487728K) : INFO : Congratulations! Netlists match.
2026-08-10 17:00:59 +0200: Memory Usage (487728K) : ==========================================
2026-08-10 17:00:59 +0200: Memory Usage (487728K) : LVS Total Run time 3.878495 seconds
