10-Aug-2026 16:43:58 | INFO    | Your Klayout version is: KLayout 0.30.10 (required >= 0.30.5)
10-Aug-2026 16:43:58 | INFO    | Running SG13G2 LVS checks on design /foss/designs/ihp-open-pdk-regression/IOPADS/layout/sg13g2_IOPadIOVss.gds on cell sg13g2_IOPadIOVss
2026-08-10 16:44:00 +0200: Memory Usage (455960K) : Starting running SG13G2 Klayout LVS runset on /foss/designs/ihp-open-pdk-regression/IOPADS/layout/sg13g2_IOPadIOVss.gds
2026-08-10 16:44:00 +0200: Memory Usage (455960K) : Ruby Version for klayout: 3.2.3
2026-08-10 16:44:00 +0200: Memory Usage (458520K) : Loading database to memory is complete.
2026-08-10 16:44:00 +0200: Memory Usage (458520K) : SG13G2 Klayout LVS runset output at: /foss/designs/ihp-open-pdk-regression/IOPADS/lvs_sweep/20260810_164315/sg13g2_IOPadIOVss/sg13g2_IOPadIOVss.lvsdb
2026-08-10 16:44:00 +0200: Memory Usage (458520K) : Evaluate switches.
2026-08-10 16:44:00 +0200: Memory Usage (458520K) : Extracted netlist with net names: true
2026-08-10 16:44:00 +0200: Memory Usage (458520K) : Extracted netlist with comments in details: false
2026-08-10 16:44:00 +0200: Memory Usage (458520K) : Selected NET_ONLY option: false
2026-08-10 16:44:00 +0200: Memory Usage (458520K) : Selected LAYOUT_NETLIST option: (none)
2026-08-10 16:44:00 +0200: Memory Usage (458520K) : Selected IGNORE_TOP_PORTS_MISMATCH option: true
2026-08-10 16:44:00 +0200: Memory Usage (458520K) : Selected IMPLICIT_NETS option: iovss,iovdd,vss,vdd,pad,cathode,anode
2026-08-10 16:44:00 +0200: Memory Usage (458520K) : Selected TOP_LVL_PINS option: false
2026-08-10 16:44:00 +0200: Memory Usage (458520K) : Selected COMBINE DEVICES option: true
2026-08-10 16:44:00 +0200: Memory Usage (458520K) : Selected PURGE option: false
2026-08-10 16:44:00 +0200: Memory Usage (458520K) : Selected PURGE_NETS option: false
2026-08-10 16:44:00 +0200: Memory Usage (458520K) : Selected SIMPLIFY option: true
2026-08-10 16:44:00 +0200: Memory Usage (458520K) : Selected SERIES_RES option: true
2026-08-10 16:44:00 +0200: Memory Usage (458520K) : Selected PARALLEL_RES option: true
2026-08-10 16:44:00 +0200: Memory Usage (458520K) : Selected DISABLE_TAP_EXTRACTION option: false
2026-08-10 16:44:00 +0200: Memory Usage (458520K) : deep  mode is enabled.
2026-08-10 16:44:00 +0200: Memory Usage (458520K) : Applying implicit connections (case-sensitive, pattern supported) for nets: iovss, iovdd, vss, vdd, pad, cathode, anode
2026-08-10 16:44:00 +0200: Memory Usage (459672K) : Netlist file: /foss/designs/ihp-open-pdk-regression/IOPADS/netlist/pads_sub/sg13g2_IOPadIOVss.spi
2026-08-10 16:44:00 +0200: Memory Usage (459672K) : LVS extracted netlist at: /foss/designs/ihp-open-pdk-regression/IOPADS/lvs_sweep/20260810_164315/sg13g2_IOPadIOVss/sg13g2_IOPadIOVss_extracted.cir
2026-08-10 16:44:00 +0200: Memory Usage (459672K) : Applying SRAM integration support.
2026-08-10 16:44:00 +0200: Memory Usage (459800K) : Starting SG13G2 LVS runset
2026-08-10 16:44:00 +0200: Memory Usage (459800K) : Read in polygons from layers.
2026-08-10 16:44:00 +0200: Memory Usage (461080K) : activ_drw has 21 polygons
2026-08-10 16:44:00 +0200: Memory Usage (461080K) : activ_filler has 0 polygons
2026-08-10 16:44:00 +0200: Memory Usage (461208K) : activ has 21 polygons
2026-08-10 16:44:00 +0200: Memory Usage (461208K) : activ_pin has 0 polygons
2026-08-10 16:44:00 +0200: Memory Usage (461208K) : activ_mask has 0 polygons
2026-08-10 16:44:00 +0200: Memory Usage (461208K) : activ_nofill has 0 polygons
2026-08-10 16:44:00 +0200: Memory Usage (461336K) : activ_OPC has 0 polygons
2026-08-10 16:44:00 +0200: Memory Usage (461336K) : activ_iOPC has 0 polygons
2026-08-10 16:44:00 +0200: Memory Usage (461464K) : activ_noqrc has 0 polygons
2026-08-10 16:44:00 +0200: Memory Usage (461464K) : biwind_drw has 0 polygons
2026-08-10 16:44:00 +0200: Memory Usage (461848K) : biwind_OPC has 0 polygons
2026-08-10 16:44:00 +0200: Memory Usage (461848K) : gatpoly_drw has 0 polygons
2026-08-10 16:44:00 +0200: Memory Usage (461976K) : gatpoly_filler has 0 polygons
2026-08-10 16:44:00 +0200: Memory Usage (461976K) : gatpoly has 0 polygons
2026-08-10 16:44:00 +0200: Memory Usage (461976K) : gatpoly_pin has 0 polygons
2026-08-10 16:44:00 +0200: Memory Usage (461976K) : gatpoly_nofill has 0 polygons
2026-08-10 16:44:00 +0200: Memory Usage (461976K) : gatpoly_OPC has 0 polygons
2026-08-10 16:44:00 +0200: Memory Usage (462104K) : gatpoly_iOPC has 0 polygons
2026-08-10 16:44:00 +0200: Memory Usage (462104K) : gatpoly_noqrc has 0 polygons
2026-08-10 16:44:00 +0200: Memory Usage (465048K) : cont_drw has 73574 polygons
2026-08-10 16:44:00 +0200: Memory Usage (465048K) : cont_OPC has 0 polygons
2026-08-10 16:44:00 +0200: Memory Usage (465048K) : nsd_drw has 0 polygons
2026-08-10 16:44:00 +0200: Memory Usage (465048K) : nsd_block has 0 polygons
2026-08-10 16:44:00 +0200: Memory Usage (465048K) : metal1_drw has 37 polygons
2026-08-10 16:44:00 +0200: Memory Usage (465048K) : metal1_filler has 0 polygons
2026-08-10 16:44:00 +0200: Memory Usage (465048K) : metal1_slit has 0 polygons
2026-08-10 16:44:00 +0200: Memory Usage (465176K) : metal1 has 37 polygons
2026-08-10 16:44:00 +0200: Memory Usage (465176K) : metal1_pin has 14 polygons
2026-08-10 16:44:00 +0200: Memory Usage (465176K) : metal1_mask has 0 polygons
2026-08-10 16:44:00 +0200: Memory Usage (465176K) : metal1_nofill has 0 polygons
2026-08-10 16:44:00 +0200: Memory Usage (465432K) : metal1_text has 14 polygons
2026-08-10 16:44:00 +0200: Memory Usage (465432K) : metal1_OPC has 0 polygons
2026-08-10 16:44:00 +0200: Memory Usage (465432K) : metal1_noqrc has 0 polygons
2026-08-10 16:44:00 +0200: Memory Usage (465432K) : metal1_res has 0 polygons
2026-08-10 16:44:00 +0200: Memory Usage (465432K) : metal1_iprobe has 0 polygons
2026-08-10 16:44:00 +0200: Memory Usage (465432K) : metal1_diffprb has 0 polygons
2026-08-10 16:44:00 +0200: Memory Usage (465432K) : passiv_drw has 0 polygons
2026-08-10 16:44:00 +0200: Memory Usage (465432K) : passiv_pin has 0 polygons
2026-08-10 16:44:00 +0200: Memory Usage (465432K) : passiv_sbump has 0 polygons
2026-08-10 16:44:00 +0200: Memory Usage (465432K) : passiv_pillar has 0 polygons
2026-08-10 16:44:00 +0200: Memory Usage (465432K) : passiv_pdl has 0 polygons
2026-08-10 16:44:00 +0200: Memory Usage (465816K) : metal2_drw has 20 polygons
2026-08-10 16:44:00 +0200: Memory Usage (465816K) : metal2_filler has 0 polygons
2026-08-10 16:44:00 +0200: Memory Usage (465816K) : metal2_slit has 0 polygons
2026-08-10 16:44:00 +0200: Memory Usage (465816K) : metal2 has 20 polygons
2026-08-10 16:44:00 +0200: Memory Usage (465816K) : metal2_pin has 1 polygons
2026-08-10 16:44:00 +0200: Memory Usage (465816K) : metal2_mask has 0 polygons
2026-08-10 16:44:00 +0200: Memory Usage (465816K) : metal2_nofill has 0 polygons
2026-08-10 16:44:00 +0200: Memory Usage (465944K) : metal2_text has 1 polygons
2026-08-10 16:44:00 +0200: Memory Usage (466072K) : metal2_OPC has 0 polygons
2026-08-10 16:44:00 +0200: Memory Usage (466072K) : metal2_noqrc has 0 polygons
2026-08-10 16:44:00 +0200: Memory Usage (466200K) : metal2_res has 0 polygons
2026-08-10 16:44:00 +0200: Memory Usage (466200K) : metal2_iprobe has 0 polygons
2026-08-10 16:44:00 +0200: Memory Usage (466328K) : metal2_diffprb has 0 polygons
2026-08-10 16:44:00 +0200: Memory Usage (466328K) : baspoly_drw has 0 polygons
2026-08-10 16:44:00 +0200: Memory Usage (466456K) : baspoly_pin has 0 polygons
2026-08-10 16:44:00 +0200: Memory Usage (466456K) : psd_drw has 11 polygons
2026-08-10 16:44:00 +0200: Memory Usage (466584K) : nldb_drw has 0 polygons
2026-08-10 16:44:00 +0200: Memory Usage (466712K) : digibnd_drw has 0 polygons
2026-08-10 16:44:00 +0200: Memory Usage (466840K) : via1_drw has 2182 polygons
2026-08-10 16:44:00 +0200: Memory Usage (466968K) : backmetal1_drw has 0 polygons
2026-08-10 16:44:00 +0200: Memory Usage (466968K) : backmetal1_pin has 0 polygons
2026-08-10 16:44:00 +0200: Memory Usage (467096K) : backmetal1_mask has 0 polygons
2026-08-10 16:44:00 +0200: Memory Usage (467096K) : backmetal1_filler has 0 polygons
2026-08-10 16:44:00 +0200: Memory Usage (467224K) : backmetal1_nofill has 0 polygons
2026-08-10 16:44:00 +0200: Memory Usage (467224K) : backmetal1_slit has 0 polygons
2026-08-10 16:44:00 +0200: Memory Usage (467352K) : backmetal1_text has 0 polygons
2026-08-10 16:44:00 +0200: Memory Usage (467352K) : backmetal1_OPC has 0 polygons
2026-08-10 16:44:00 +0200: Memory Usage (467480K) : backmetal1_noqrc has 0 polygons
2026-08-10 16:44:00 +0200: Memory Usage (467480K) : backmetal1_res has 0 polygons
2026-08-10 16:44:01 +0200: Memory Usage (467608K) : backmetal1_iprobe has 0 polygons
2026-08-10 16:44:01 +0200: Memory Usage (467608K) : backmetal1_diffprb has 0 polygons
2026-08-10 16:44:01 +0200: Memory Usage (467736K) : backpassiv_drw has 0 polygons
2026-08-10 16:44:01 +0200: Memory Usage (467864K) : res_drw has 0 polygons
2026-08-10 16:44:01 +0200: Memory Usage (467864K) : sram_drw has 0 polygons
2026-08-10 16:44:01 +0200: Memory Usage (468120K) : trans_drw has 0 polygons
2026-08-10 16:44:01 +0200: Memory Usage (468120K) : ind_drw has 0 polygons
2026-08-10 16:44:01 +0200: Memory Usage (468248K) : ind_pin has 0 polygons
2026-08-10 16:44:01 +0200: Memory Usage (468248K) : ind_text has 0 polygons
2026-08-10 16:44:01 +0200: Memory Usage (468376K) : salblock_drw has 0 polygons
2026-08-10 16:44:01 +0200: Memory Usage (468504K) : via2_drw has 16312 polygons
2026-08-10 16:44:01 +0200: Memory Usage (468888K) : metal3_drw has 14 polygons
2026-08-10 16:44:01 +0200: Memory Usage (468888K) : metal3_filler has 0 polygons
2026-08-10 16:44:01 +0200: Memory Usage (468888K) : metal3_slit has 0 polygons
2026-08-10 16:44:01 +0200: Memory Usage (468888K) : metal3 has 14 polygons
2026-08-10 16:44:01 +0200: Memory Usage (468888K) : metal3_pin has 8 polygons
2026-08-10 16:44:01 +0200: Memory Usage (469016K) : metal3_mask has 0 polygons
2026-08-10 16:44:01 +0200: Memory Usage (469016K) : metal3_nofill has 0 polygons
2026-08-10 16:44:01 +0200: Memory Usage (469016K) : metal3_text has 8 polygons
2026-08-10 16:44:01 +0200: Memory Usage (469144K) : metal3_OPC has 0 polygons
2026-08-10 16:44:01 +0200: Memory Usage (469144K) : metal3_noqrc has 0 polygons
2026-08-10 16:44:01 +0200: Memory Usage (469144K) : metal3_res has 0 polygons
2026-08-10 16:44:01 +0200: Memory Usage (469272K) : metal3_iprobe has 0 polygons
2026-08-10 16:44:01 +0200: Memory Usage (469272K) : metal3_diffprb has 0 polygons
2026-08-10 16:44:01 +0200: Memory Usage (469272K) : nwell_drw has 8 polygons
2026-08-10 16:44:01 +0200: Memory Usage (469400K) : nwell_pin has 0 polygons
2026-08-10 16:44:01 +0200: Memory Usage (469400K) : nwell_text has 0 polygons
2026-08-10 16:44:01 +0200: Memory Usage (469528K) : nbulay_drw has 0 polygons
2026-08-10 16:44:01 +0200: Memory Usage (469528K) : nbulay_pin has 0 polygons
2026-08-10 16:44:01 +0200: Memory Usage (469656K) : nbulay_block has 0 polygons
2026-08-10 16:44:01 +0200: Memory Usage (469656K) : emwind_drw has 0 polygons
2026-08-10 16:44:01 +0200: Memory Usage (469784K) : emwind_OPC has 0 polygons
2026-08-10 16:44:01 +0200: Memory Usage (469784K) : deepco_drw has 0 polygons
2026-08-10 16:44:01 +0200: Memory Usage (469912K) : mim_drw has 0 polygons
2026-08-10 16:44:01 +0200: Memory Usage (469912K) : edgeseal_drw has 0 polygons
2026-08-10 16:44:01 +0200: Memory Usage (470040K) : substrate_drw has 9 polygons
2026-08-10 16:44:01 +0200: Memory Usage (470040K) : substrate_text has 0 polygons
2026-08-10 16:44:01 +0200: Memory Usage (470168K) : dfpad_drw has 0 polygons
2026-08-10 16:44:01 +0200: Memory Usage (470168K) : dfpad_pillar has 0 polygons
2026-08-10 16:44:01 +0200: Memory Usage (470296K) : dfpad_sbump has 0 polygons
2026-08-10 16:44:01 +0200: Memory Usage (470296K) : thickgateox_drw has 0 polygons
2026-08-10 16:44:01 +0200: Memory Usage (470424K) : pldb_drw has 0 polygons
2026-08-10 16:44:01 +0200: Memory Usage (470552K) : pwell_drw has 0 polygons
2026-08-10 16:44:01 +0200: Memory Usage (470552K) : pwell_pin has 0 polygons
2026-08-10 16:44:01 +0200: Memory Usage (470680K) : pwell_block has 0 polygons
2026-08-10 16:44:01 +0200: Memory Usage (470680K) : ic_drw has 0 polygons
2026-08-10 16:44:01 +0200: Memory Usage (470808K) : via3_drw has 2087 polygons
2026-08-10 16:44:01 +0200: Memory Usage (470936K) : metal4_drw has 8 polygons
2026-08-10 16:44:01 +0200: Memory Usage (470936K) : metal4_filler has 0 polygons
2026-08-10 16:44:01 +0200: Memory Usage (470936K) : metal4_slit has 0 polygons
2026-08-10 16:44:01 +0200: Memory Usage (470936K) : metal4 has 8 polygons
2026-08-10 16:44:01 +0200: Memory Usage (470936K) : metal4_pin has 8 polygons
2026-08-10 16:44:01 +0200: Memory Usage (470936K) : metal4_mask has 0 polygons
2026-08-10 16:44:01 +0200: Memory Usage (470936K) : metal4_nofill has 0 polygons
2026-08-10 16:44:01 +0200: Memory Usage (470936K) : metal4_text has 8 polygons
2026-08-10 16:44:01 +0200: Memory Usage (470936K) : metal4_OPC has 0 polygons
2026-08-10 16:44:01 +0200: Memory Usage (470936K) : metal4_noqrc has 0 polygons
2026-08-10 16:44:01 +0200: Memory Usage (470936K) : metal4_res has 0 polygons
2026-08-10 16:44:01 +0200: Memory Usage (470936K) : metal4_iprobe has 0 polygons
2026-08-10 16:44:01 +0200: Memory Usage (470936K) : metal4_diffprb has 0 polygons
2026-08-10 16:44:01 +0200: Memory Usage (470936K) : heattrans_drw has 0 polygons
2026-08-10 16:44:01 +0200: Memory Usage (470936K) : heatres_drw has 0 polygons
2026-08-10 16:44:01 +0200: Memory Usage (470936K) : fbe_drw has 0 polygons
2026-08-10 16:44:01 +0200: Memory Usage (470936K) : empoly_drw has 0 polygons
2026-08-10 16:44:01 +0200: Memory Usage (470936K) : digisub_drw has 0 polygons
2026-08-10 16:44:01 +0200: Memory Usage (470936K) : text_drw has 7 polygons
2026-08-10 16:44:01 +0200: Memory Usage (470936K) : via4_drw has 2371 polygons
2026-08-10 16:44:01 +0200: Memory Usage (470936K) : metal5_drw has 8 polygons
2026-08-10 16:44:01 +0200: Memory Usage (470936K) : metal5_filler has 0 polygons
2026-08-10 16:44:01 +0200: Memory Usage (470936K) : metal5_slit has 0 polygons
2026-08-10 16:44:01 +0200: Memory Usage (470936K) : metal5 has 8 polygons
2026-08-10 16:44:01 +0200: Memory Usage (470936K) : metal5_pin has 8 polygons
2026-08-10 16:44:01 +0200: Memory Usage (470936K) : metal5_mask has 0 polygons
2026-08-10 16:44:01 +0200: Memory Usage (470936K) : metal5_nofill has 0 polygons
2026-08-10 16:44:01 +0200: Memory Usage (470936K) : metal5_text has 8 polygons
2026-08-10 16:44:01 +0200: Memory Usage (470936K) : metal5_OPC has 0 polygons
2026-08-10 16:44:01 +0200: Memory Usage (470936K) : metal5_noqrc has 0 polygons
2026-08-10 16:44:01 +0200: Memory Usage (470936K) : metal5_res has 0 polygons
2026-08-10 16:44:01 +0200: Memory Usage (470936K) : metal5_iprobe has 0 polygons
2026-08-10 16:44:01 +0200: Memory Usage (470936K) : metal5_diffprb has 0 polygons
2026-08-10 16:44:01 +0200: Memory Usage (470936K) : radhard_drw has 0 polygons
2026-08-10 16:44:01 +0200: Memory Usage (470936K) : memcap_drw has 0 polygons
2026-08-10 16:44:01 +0200: Memory Usage (470936K) : varicap_drw has 0 polygons
2026-08-10 16:44:01 +0200: Memory Usage (470936K) : intbondvia_drw has 0 polygons
2026-08-10 16:44:01 +0200: Memory Usage (470936K) : intbondmet_drw has 0 polygons
2026-08-10 16:44:01 +0200: Memory Usage (470936K) : devbondvia_drw has 0 polygons
2026-08-10 16:44:01 +0200: Memory Usage (470936K) : devbondmet_drw has 0 polygons
2026-08-10 16:44:01 +0200: Memory Usage (470936K) : devtrench_drw has 0 polygons
2026-08-10 16:44:01 +0200: Memory Usage (470936K) : redist_drw has 0 polygons
2026-08-10 16:44:01 +0200: Memory Usage (470936K) : graphbot_drw has 0 polygons
2026-08-10 16:44:01 +0200: Memory Usage (470936K) : graphtop_drw has 0 polygons
2026-08-10 16:44:01 +0200: Memory Usage (470936K) : antvia1_drw has 0 polygons
2026-08-10 16:44:01 +0200: Memory Usage (470936K) : antmetal2_drw has 0 polygons
2026-08-10 16:44:01 +0200: Memory Usage (470936K) : graphcont_drw has 0 polygons
2026-08-10 16:44:01 +0200: Memory Usage (470936K) : siwg_drw has 0 polygons
2026-08-10 16:44:01 +0200: Memory Usage (470936K) : siwg_filler has 0 polygons
2026-08-10 16:44:01 +0200: Memory Usage (470936K) : siwg_nofill has 0 polygons
2026-08-10 16:44:01 +0200: Memory Usage (470936K) : sigrating_drw has 0 polygons
2026-08-10 16:44:01 +0200: Memory Usage (470936K) : singrating_drw has 0 polygons
2026-08-10 16:44:01 +0200: Memory Usage (470936K) : graphpas_drw has 0 polygons
2026-08-10 16:44:01 +0200: Memory Usage (470936K) : emwind3_drw has 0 polygons
2026-08-10 16:44:01 +0200: Memory Usage (470936K) : emwihv3_drw has 0 polygons
2026-08-10 16:44:01 +0200: Memory Usage (470936K) : redbulay_drw has 0 polygons
2026-08-10 16:44:01 +0200: Memory Usage (470936K) : smos_drw has 0 polygons
2026-08-10 16:44:01 +0200: Memory Usage (470936K) : graphpad_drw has 0 polygons
2026-08-10 16:44:01 +0200: Memory Usage (470936K) : polimide_drw has 0 polygons
2026-08-10 16:44:01 +0200: Memory Usage (470936K) : polimide_pin has 0 polygons
2026-08-10 16:44:01 +0200: Memory Usage (470936K) : recog_drw has 0 polygons
2026-08-10 16:44:01 +0200: Memory Usage (470936K) : recog_pin has 0 polygons
2026-08-10 16:44:01 +0200: Memory Usage (470936K) : recog_esd has 0 polygons
2026-08-10 16:44:01 +0200: Memory Usage (470936K) : recog_diode has 4 polygons
2026-08-10 16:44:01 +0200: Memory Usage (470936K) : recog_tsv has 0 polygons
2026-08-10 16:44:01 +0200: Memory Usage (470936K) : recog_iprobe has 0 polygons
2026-08-10 16:44:01 +0200: Memory Usage (470936K) : recog_diffprb has 0 polygons
2026-08-10 16:44:01 +0200: Memory Usage (470936K) : recog_pillar has 0 polygons
2026-08-10 16:44:01 +0200: Memory Usage (470936K) : recog_sbump has 0 polygons
2026-08-10 16:44:01 +0200: Memory Usage (470936K) : recog_otp has 0 polygons
2026-08-10 16:44:01 +0200: Memory Usage (470936K) : recog_pdiode has 0 polygons
2026-08-10 16:44:01 +0200: Memory Usage (470936K) : recog_mom has 0 polygons
2026-08-10 16:44:01 +0200: Memory Usage (470936K) : recog_pcm has 0 polygons
2026-08-10 16:44:01 +0200: Memory Usage (470936K) : colopen_drw has 0 polygons
2026-08-10 16:44:01 +0200: Memory Usage (470936K) : graphmetal1_drw has 0 polygons
2026-08-10 16:44:01 +0200: Memory Usage (470936K) : graphmetal1_filler has 0 polygons
2026-08-10 16:44:01 +0200: Memory Usage (470936K) : graphmetal1_nofill has 0 polygons
2026-08-10 16:44:01 +0200: Memory Usage (470936K) : graphmetal1_slit has 0 polygons
2026-08-10 16:44:01 +0200: Memory Usage (470936K) : graphmetal1_OPC has 0 polygons
2026-08-10 16:44:01 +0200: Memory Usage (470936K) : graphmet1l_drw has 0 polygons
2026-08-10 16:44:01 +0200: Memory Usage (470936K) : graphmet1l_filler has 0 polygons
2026-08-10 16:44:01 +0200: Memory Usage (470936K) : graphmet1l_nofill has 0 polygons
2026-08-10 16:44:01 +0200: Memory Usage (470936K) : graphmet1l_slit has 0 polygons
2026-08-10 16:44:01 +0200: Memory Usage (470936K) : graphmet1l_OPC has 0 polygons
2026-08-10 16:44:01 +0200: Memory Usage (470936K) : extblock_drw has 0 polygons
2026-08-10 16:44:01 +0200: Memory Usage (470936K) : nldd_drw has 0 polygons
2026-08-10 16:44:01 +0200: Memory Usage (470936K) : pldd_drw has 0 polygons
2026-08-10 16:44:01 +0200: Memory Usage (470936K) : next_drw has 0 polygons
2026-08-10 16:44:01 +0200: Memory Usage (470936K) : pext_drw has 0 polygons
2026-08-10 16:44:01 +0200: Memory Usage (470936K) : nexthv_drw has 0 polygons
2026-08-10 16:44:01 +0200: Memory Usage (470936K) : pexthv_drw has 0 polygons
2026-08-10 16:44:01 +0200: Memory Usage (470936K) : graphgate_drw has 0 polygons
2026-08-10 16:44:01 +0200: Memory Usage (470936K) : sinwg_drw has 0 polygons
2026-08-10 16:44:01 +0200: Memory Usage (470936K) : sinwg_filler has 0 polygons
2026-08-10 16:44:01 +0200: Memory Usage (470936K) : sinwg_nofill has 0 polygons
2026-08-10 16:44:01 +0200: Memory Usage (470936K) : mempad_drw has 0 polygons
2026-08-10 16:44:01 +0200: Memory Usage (470936K) : topvia1_drw has 2315 polygons
2026-08-10 16:44:01 +0200: Memory Usage (470936K) : topmetal1_drw has 8 polygons
2026-08-10 16:44:01 +0200: Memory Usage (470936K) : topmetal1_filler has 0 polygons
2026-08-10 16:44:01 +0200: Memory Usage (470936K) : topmetal1_slit has 0 polygons
2026-08-10 16:44:01 +0200: Memory Usage (470936K) : topmetal1 has 8 polygons
2026-08-10 16:44:01 +0200: Memory Usage (470936K) : topmetal1_pin has 8 polygons
2026-08-10 16:44:01 +0200: Memory Usage (470936K) : topmetal1_mask has 0 polygons
2026-08-10 16:44:01 +0200: Memory Usage (470936K) : topmetal1_nofill has 0 polygons
2026-08-10 16:44:01 +0200: Memory Usage (470936K) : topmetal1_text has 8 polygons
2026-08-10 16:44:01 +0200: Memory Usage (470936K) : topmetal1_noqrc has 0 polygons
2026-08-10 16:44:01 +0200: Memory Usage (470936K) : topmetal1_res has 0 polygons
2026-08-10 16:44:01 +0200: Memory Usage (470936K) : topmetal1_iprobe has 0 polygons
2026-08-10 16:44:01 +0200: Memory Usage (470936K) : topmetal1_diffprb has 0 polygons
2026-08-10 16:44:01 +0200: Memory Usage (470936K) : inldpwl_drw has 0 polygons
2026-08-10 16:44:01 +0200: Memory Usage (470936K) : polyres_drw has 0 polygons
2026-08-10 16:44:01 +0200: Memory Usage (470936K) : polyres_pin has 0 polygons
2026-08-10 16:44:01 +0200: Memory Usage (470936K) : vmim_drw has 0 polygons
2026-08-10 16:44:01 +0200: Memory Usage (470936K) : nbulaycut_drw has 0 polygons
2026-08-10 16:44:01 +0200: Memory Usage (470936K) : antmetal1_drw has 0 polygons
2026-08-10 16:44:01 +0200: Memory Usage (470936K) : topvia2_drw has 1593 polygons
2026-08-10 16:44:01 +0200: Memory Usage (470936K) : topmetal2_drw has 10 polygons
2026-08-10 16:44:01 +0200: Memory Usage (470936K) : topmetal2_filler has 0 polygons
2026-08-10 16:44:01 +0200: Memory Usage (470936K) : topmetal2_slit has 0 polygons
2026-08-10 16:44:01 +0200: Memory Usage (471064K) : topmetal2 has 10 polygons
2026-08-10 16:44:01 +0200: Memory Usage (471064K) : topmetal2_pin has 6 polygons
2026-08-10 16:44:01 +0200: Memory Usage (471192K) : topmetal2_mask has 0 polygons
2026-08-10 16:44:01 +0200: Memory Usage (471192K) : topmetal2_nofill has 0 polygons
2026-08-10 16:44:01 +0200: Memory Usage (471320K) : topmetal2_text has 6 polygons
2026-08-10 16:44:01 +0200: Memory Usage (471448K) : topmetal2_noqrc has 0 polygons
2026-08-10 16:44:01 +0200: Memory Usage (471448K) : topmetal2_res has 0 polygons
2026-08-10 16:44:01 +0200: Memory Usage (471576K) : topmetal2_iprobe has 0 polygons
2026-08-10 16:44:01 +0200: Memory Usage (471576K) : topmetal2_diffprb has 0 polygons
2026-08-10 16:44:01 +0200: Memory Usage (471704K) : snsring_drw has 0 polygons
2026-08-10 16:44:01 +0200: Memory Usage (471704K) : sensor_drw has 0 polygons
2026-08-10 16:44:01 +0200: Memory Usage (471832K) : snsarms_drw has 0 polygons
2026-08-10 16:44:01 +0200: Memory Usage (471832K) : snscmosvia_drw has 0 polygons
2026-08-10 16:44:01 +0200: Memory Usage (471960K) : colwind_drw has 0 polygons
2026-08-10 16:44:01 +0200: Memory Usage (471960K) : flm_drw has 0 polygons
2026-08-10 16:44:01 +0200: Memory Usage (472088K) : hafniumox_drw has 0 polygons
2026-08-10 16:44:01 +0200: Memory Usage (472088K) : memvia_drw has 0 polygons
2026-08-10 16:44:01 +0200: Memory Usage (472216K) : thinfilmres_drw has 0 polygons
2026-08-10 16:44:01 +0200: Memory Usage (472344K) : rfmem_drw has 0 polygons
2026-08-10 16:44:01 +0200: Memory Usage (472344K) : norcx_drw has 0 polygons
2026-08-10 16:44:01 +0200: Memory Usage (472472K) : norcx_m2m3 has 0 polygons
2026-08-10 16:44:01 +0200: Memory Usage (472472K) : norcx_m2m4 has 0 polygons
2026-08-10 16:44:01 +0200: Memory Usage (472600K) : norcx_m2m5 has 0 polygons
2026-08-10 16:44:01 +0200: Memory Usage (472600K) : norcx_m2tm1 has 0 polygons
2026-08-10 16:44:01 +0200: Memory Usage (472728K) : norcx_m2tm2 has 0 polygons
2026-08-10 16:44:01 +0200: Memory Usage (472728K) : norcx_m3m4 has 0 polygons
2026-08-10 16:44:01 +0200: Memory Usage (472856K) : norcx_m3m5 has 0 polygons
2026-08-10 16:44:01 +0200: Memory Usage (472856K) : norcx_m3tm1 has 0 polygons
2026-08-10 16:44:01 +0200: Memory Usage (472984K) : norcx_m3tm2 has 0 polygons
2026-08-10 16:44:01 +0200: Memory Usage (473112K) : norcx_m4m5 has 0 polygons
2026-08-10 16:44:01 +0200: Memory Usage (473112K) : norcx_m4tm1 has 0 polygons
2026-08-10 16:44:01 +0200: Memory Usage (473240K) : norcx_m4tm2 has 0 polygons
2026-08-10 16:44:01 +0200: Memory Usage (473240K) : norcx_m5tm1 has 0 polygons
2026-08-10 16:44:01 +0200: Memory Usage (473368K) : norcx_m5tm2 has 0 polygons
2026-08-10 16:44:01 +0200: Memory Usage (473368K) : norcx_tm1tm2 has 0 polygons
2026-08-10 16:44:01 +0200: Memory Usage (473496K) : norcx_m1sub has 0 polygons
2026-08-10 16:44:01 +0200: Memory Usage (473496K) : norcx_m2sub has 0 polygons
2026-08-10 16:44:01 +0200: Memory Usage (473624K) : norcx_m3sub has 0 polygons
2026-08-10 16:44:01 +0200: Memory Usage (473624K) : norcx_m4sub has 0 polygons
2026-08-10 16:44:01 +0200: Memory Usage (473752K) : norcx_m5sub has 0 polygons
2026-08-10 16:44:01 +0200: Memory Usage (473880K) : norcx_tm1sub has 0 polygons
2026-08-10 16:44:01 +0200: Memory Usage (473880K) : norcx_tm2sub has 0 polygons
2026-08-10 16:44:01 +0200: Memory Usage (474008K) : snsbotvia_drw has 0 polygons
2026-08-10 16:44:01 +0200: Memory Usage (474008K) : snstopvia_drw has 0 polygons
2026-08-10 16:44:01 +0200: Memory Usage (474136K) : deepvia_drw has 0 polygons
2026-08-10 16:44:01 +0200: Memory Usage (474136K) : fgetch_drw has 0 polygons
2026-08-10 16:44:01 +0200: Memory Usage (474264K) : ctrgat_drw has 0 polygons
2026-08-10 16:44:01 +0200: Memory Usage (474264K) : fgimp_drw has 0 polygons
2026-08-10 16:44:01 +0200: Memory Usage (474392K) : emwihv_drw has 0 polygons
2026-08-10 16:44:01 +0200: Memory Usage (474392K) : lbe_drw has 0 polygons
2026-08-10 16:44:01 +0200: Memory Usage (474520K) : alcustop_drw has 0 polygons
2026-08-10 16:44:01 +0200: Memory Usage (474648K) : nometfiller_drw has 0 polygons
2026-08-10 16:44:01 +0200: Memory Usage (474648K) : prboundary_drw has 0 polygons
2026-08-10 16:44:01 +0200: Memory Usage (474776K) : exchange0_drw has 0 polygons
2026-08-10 16:44:01 +0200: Memory Usage (474776K) : exchange0_pin has 0 polygons
2026-08-10 16:44:01 +0200: Memory Usage (474904K) : exchange0_text has 0 polygons
2026-08-10 16:44:01 +0200: Memory Usage (474904K) : exchange1_drw has 0 polygons
2026-08-10 16:44:01 +0200: Memory Usage (475032K) : exchange1_pin has 0 polygons
2026-08-10 16:44:01 +0200: Memory Usage (475032K) : exchange1_text has 0 polygons
2026-08-10 16:44:01 +0200: Memory Usage (475160K) : exchange2_drw has 0 polygons
2026-08-10 16:44:01 +0200: Memory Usage (475160K) : exchange2_pin has 0 polygons
2026-08-10 16:44:01 +0200: Memory Usage (475288K) : exchange2_text has 0 polygons
2026-08-10 16:44:01 +0200: Memory Usage (475288K) : exchange3_drw has 0 polygons
2026-08-10 16:44:01 +0200: Memory Usage (475416K) : exchange3_pin has 0 polygons
2026-08-10 16:44:01 +0200: Memory Usage (475416K) : exchange3_text has 0 polygons
2026-08-10 16:44:01 +0200: Memory Usage (475544K) : exchange4_drw has 0 polygons
2026-08-10 16:44:01 +0200: Memory Usage (475544K) : exchange4_pin has 0 polygons
2026-08-10 16:44:01 +0200: Memory Usage (475672K) : exchange4_text has 0 polygons
2026-08-10 16:44:01 +0200: Memory Usage (475672K) : isonwell_drw has 0 polygons
2026-08-10 16:44:01 +0200: Memory Usage (475672K) : Total no. of polygons in the design is 100705
2026-08-10 16:44:01 +0200: Memory Usage (475672K) : Starting base layers derivations
2026-08-10 16:44:01 +0200: Memory Usage (475672K) : Starting general LVS derivations
2026-08-10 16:44:01 +0200: Memory Usage (483480K) : Starting MOSFET DERIVATIONS
2026-08-10 16:44:02 +0200: Memory Usage (514800K) : Starting NMOS DERIVATIONS
2026-08-10 16:44:02 +0200: Memory Usage (514800K) : Starting PMOS DERIVATIONS
2026-08-10 16:44:02 +0200: Memory Usage (514800K) : Starting RF-MOSFET DERIVATIONS
2026-08-10 16:44:02 +0200: Memory Usage (514800K) : Starting RF-NMOS DERIVATIONS
2026-08-10 16:44:02 +0200: Memory Usage (514800K) : Starting RF-PMOS DERIVATIONS
2026-08-10 16:44:02 +0200: Memory Usage (514800K) : Starting BJT DERIVATIONS
2026-08-10 16:44:02 +0200: Memory Usage (514800K) : Starting NPN-BJT DERIVATIONS
2026-08-10 16:44:02 +0200: Memory Usage (514800K) : Starting PNP-BJT DERIVATIONS
2026-08-10 16:44:02 +0200: Memory Usage (514800K) : Starting DIODE DERIVATIONS
2026-08-10 16:44:02 +0200: Memory Usage (487600K) : Starting RESISTOR DERIVATIONS
2026-08-10 16:44:02 +0200: Memory Usage (487600K) : Starting CAP DERIVATIONS
2026-08-10 16:44:03 +0200: Memory Usage (487600K) : Starting CAP_CMOM DERIVATIONS
2026-08-10 16:44:03 +0200: Memory Usage (487600K) : Starting ESD DERIVATIONS
2026-08-10 16:44:03 +0200: Memory Usage (487600K) : Starting Inductor DERIVATIONS
2026-08-10 16:44:03 +0200: Memory Usage (487600K) : Starting Taps DERIVATIONS
2026-08-10 16:44:03 +0200: Memory Usage (487600K) : Starting SG13G2 LVS connectivity setup
2026-08-10 16:44:03 +0200: Memory Usage (487600K) : Starting SG13G2 LVS connectivity setup (Inter-layer)
2026-08-10 16:44:03 +0200: Memory Usage (487728K) : Starting SG13G2 LVS connectivity setup (Global)
2026-08-10 16:44:03 +0200: Memory Usage (487728K) : Starting LVS MOSFET CONNECTIONS
2026-08-10 16:44:03 +0200: Memory Usage (487728K) : Starting LVS RF-MOSFET CONNECTIONS
2026-08-10 16:44:03 +0200: Memory Usage (487728K) : Starting LVS BJT CONNECTIONS
2026-08-10 16:44:03 +0200: Memory Usage (487728K) : Starting LVS DIODE CONNECTIONS
2026-08-10 16:44:03 +0200: Memory Usage (487728K) : Starting RESISTOR CONNECTIONS
2026-08-10 16:44:03 +0200: Memory Usage (487728K) : Starting LVS CAP CONNECTIONS
2026-08-10 16:44:03 +0200: Memory Usage (487728K) : Starting CAP_CMOM CONNECTIONS
2026-08-10 16:44:03 +0200: Memory Usage (487728K) : Starting ESD CONNECTIONS
2026-08-10 16:44:03 +0200: Memory Usage (487728K) : Starting Inductor CONNECTIONS
2026-08-10 16:44:03 +0200: Memory Usage (487728K) : Starting LVS Taps CONNECTIONS
2026-08-10 16:44:03 +0200: Memory Usage (487728K) : Starting SG13G2 LVS DEVICES EXTRACTION
2026-08-10 16:44:03 +0200: Memory Usage (487728K) : Starting MOSFET EXTRACTION
2026-08-10 16:44:03 +0200: Memory Usage (487728K) : Starting NMOS EXTRACTION
2026-08-10 16:44:03 +0200: Memory Usage (487728K) : Extraction of NMOS-LV transistor
2026-08-10 16:44:03 +0200: Memory Usage (487728K) : Extraction of NMOS-HV transistor
2026-08-10 16:44:03 +0200: Memory Usage (487728K) : Starting PMOS EXTRACTION
2026-08-10 16:44:03 +0200: Memory Usage (487728K) : Extraction of PMOS-LV transistor
2026-08-10 16:44:03 +0200: Memory Usage (487728K) : Extraction of PMOS-HV transistor
2026-08-10 16:44:03 +0200: Memory Usage (487728K) : Starting RF-MOSFET EXTRACTION
2026-08-10 16:44:03 +0200: Memory Usage (487728K) : Extraction of RF-NMOS-LV transistor
2026-08-10 16:44:03 +0200: Memory Usage (487728K) : Extraction of RF-NMOS-HV transistor
2026-08-10 16:44:03 +0200: Memory Usage (487728K) : Extraction of RF-PMOS-LV transistor
2026-08-10 16:44:03 +0200: Memory Usage (487728K) : Extraction of RF-PMOS-HV transistor
2026-08-10 16:44:03 +0200: Memory Usage (487728K) : Starting BJT EXTRACTION
2026-08-10 16:44:03 +0200: Memory Usage (487728K) : Starting NPN-BJT EXTRACTION
2026-08-10 16:44:03 +0200: Memory Usage (487728K) : Extraction of npn13G2 BJT transistor
2026-08-10 16:44:03 +0200: Memory Usage (487728K) : Extraction of npn13G2L BJT transistor
2026-08-10 16:44:03 +0200: Memory Usage (487728K) : Extraction of npn13G2V BJT transistor
2026-08-10 16:44:03 +0200: Memory Usage (487728K) : Starting PNP-BJT EXTRACTION
2026-08-10 16:44:03 +0200: Memory Usage (487728K) : Extracting pnpMPA BJT
2026-08-10 16:44:03 +0200: Memory Usage (487728K) : Starting DIODE EXTRACTION
2026-08-10 16:44:03 +0200: Memory Usage (487728K) : Extracting dantenna diode
2026-08-10 16:44:03 +0200: Memory Usage (487728K) : Extracting dpantenna diode
2026-08-10 16:44:03 +0200: Memory Usage (487728K) : Extracting schottky_nbl1 diode
2026-08-10 16:44:03 +0200: Memory Usage (487728K) : Extracting isolbox diode
2026-08-10 16:44:03 +0200: Memory Usage (487728K) : Starting RESISTOR EXTRACTION
2026-08-10 16:44:03 +0200: Memory Usage (487728K) : Extracting rsil resistor
2026-08-10 16:44:03 +0200: Memory Usage (487728K) : Extracting rppd resistor
2026-08-10 16:44:03 +0200: Memory Usage (487728K) : Extracting rhigh resistor
2026-08-10 16:44:03 +0200: Memory Usage (487728K) : Extracting res_metal1 resistor
2026-08-10 16:44:03 +0200: Memory Usage (487728K) : Extracting res_metal2 resistor
2026-08-10 16:44:03 +0200: Memory Usage (487728K) : Extracting res_metal3 resistor
2026-08-10 16:44:03 +0200: Memory Usage (487728K) : Extracting res_metal4 resistor
2026-08-10 16:44:03 +0200: Memory Usage (487728K) : Extracting res_metal5 resistor
2026-08-10 16:44:03 +0200: Memory Usage (487728K) : Extracting res_topmetal1 resistor
2026-08-10 16:44:03 +0200: Memory Usage (487728K) : Extracting res_topmetal2 resistor
2026-08-10 16:44:03 +0200: Memory Usage (487728K) : Starting CAP EXTRACTION
2026-08-10 16:44:03 +0200: Memory Usage (487728K) : Extracting cap_cmim device
2026-08-10 16:44:03 +0200: Memory Usage (487728K) : Extracting rfcmim device
2026-08-10 16:44:03 +0200: Memory Usage (487728K) : Extracting sg13_hv_svaricap varactor
2026-08-10 16:44:03 +0200: Memory Usage (487728K) : Extracting cap_cmomi device
2026-08-10 16:44:03 +0200: Memory Usage (487728K) : Extracting sg13_moscap_n capacitor
2026-08-10 16:44:03 +0200: Memory Usage (487728K) : Extracting sg13_moscap_p capacitor
2026-08-10 16:44:03 +0200: Memory Usage (487728K) : Starting ESD EXTRACTION
2026-08-10 16:44:03 +0200: Memory Usage (487728K) : Extracting diodevdd_2kv ESD device
2026-08-10 16:44:03 +0200: Memory Usage (487728K) : Extracting diodevdd_4kv ESD device
2026-08-10 16:44:03 +0200: Memory Usage (487728K) : Extracting diodevss_2kv ESD device
2026-08-10 16:44:03 +0200: Memory Usage (487728K) : Extracting diodevss_4kv ESD device
2026-08-10 16:44:03 +0200: Memory Usage (487728K) : Extracting idiodevdd_2kv ESD device
2026-08-10 16:44:03 +0200: Memory Usage (487728K) : Extracting idiodevdd_4kv ESD device
2026-08-10 16:44:03 +0200: Memory Usage (487728K) : Extracting idiodevss_2kv ESD device
2026-08-10 16:44:03 +0200: Memory Usage (487728K) : Extracting idiodevss_4kv ESD device
2026-08-10 16:44:03 +0200: Memory Usage (487728K) : Extracting nmoscl_2 ESD device
2026-08-10 16:44:03 +0200: Memory Usage (487728K) : Extracting nmoscl_4 ESD device
2026-08-10 16:44:03 +0200: Memory Usage (487728K) : Starting Inductor EXTRACTION
2026-08-10 16:44:03 +0200: Memory Usage (487728K) : Extracting Inductor2 device
2026-08-10 16:44:03 +0200: Memory Usage (487728K) : Extracting Inductor3 device
2026-08-10 16:44:03 +0200: Memory Usage (487728K) : Starting Taps EXTRACTION
2026-08-10 16:44:03 +0200: Memory Usage (487728K) : Extracting ntap1 device
2026-08-10 16:44:03 +0200: Memory Usage (487728K) : Extracting ptap1 device
2026-08-10 16:44:03 +0200: Memory Usage (487728K) : Starting SG13G2 LVS RF MOS Model Mapping
2026-08-10 16:44:04 +0200: Memory Usage (508464K) : [layout_netlist] Apply RF MOS model mapping and rfmode parameter.
2026-08-10 16:44:04 +0200: Memory Usage (508464K) : Starting SG13G2 LVS Options Preparations
2026-08-10 16:44:04 +0200: Memory Usage (508464K) : SG13G2 LVS flow: extraction -> alignment -> option preparation -> comparison.
2026-08-10 16:44:04 +0200: Memory Usage (508464K) : Starting SG13G2 LVS Alignment
2026-08-10 16:44:04 +0200: Memory Usage (508720K) : Starting SG13G2 LVS Simplification
2026-08-10 16:44:04 +0200: Memory Usage (508720K) : [layout_netlist] simplify: ENABLED
2026-08-10 16:44:04 +0200: Memory Usage (508720K) : [layout_netlist] make_top_level_pins: SKIPPED
2026-08-10 16:44:04 +0200: Memory Usage (508720K) : [layout_netlist] combine_devices: ENABLED
2026-08-10 16:44:04 +0200: Memory Usage (508720K) : [layout_netlist] purge: SKIPPED
2026-08-10 16:44:04 +0200: Memory Usage (508720K) : [layout_netlist] purge_nets: SKIPPED
2026-08-10 16:44:04 +0200: Memory Usage (508720K) : [schematic_netlist] simplify: ENABLED
2026-08-10 16:44:04 +0200: Memory Usage (508720K) : [schematic_netlist] make_top_level_pins: SKIPPED
2026-08-10 16:44:04 +0200: Memory Usage (508720K) : [schematic_netlist] combine_devices: ENABLED
2026-08-10 16:44:04 +0200: Memory Usage (508720K) : [schematic_netlist] purge: SKIPPED
2026-08-10 16:44:04 +0200: Memory Usage (508720K) : [schematic_netlist] purge_nets: SKIPPED
2026-08-10 16:44:04 +0200: Memory Usage (508720K) : Starting SG13G2 LVS Comparison
2026-08-10 16:44:04 +0200: Memory Usage (508848K) : xxxxxxxxxxxxxxxxxxxxxxxxxxxxxxxxxxxxxxxxxx
2026-08-10 16:44:04 +0200: Memory Usage (508848K) : ERROR : Netlists don't match
2026-08-10 16:44:04 +0200: Memory Usage (508848K) : xxxxxxxxxxxxxxxxxxxxxxxxxxxxxxxxxxxxxxxxxx
2026-08-10 16:44:04 +0200: Memory Usage (508848K) : LVS Total Run time 4.223270 seconds
10-Aug-2026 16:44:05 | INFO    | ==============================================================================
10-Aug-2026 16:44:05 | INFO    | Important Summary
10-Aug-2026 16:44:05 | INFO    | +------------------+------------------------------------------------------------------------------------------+
10-Aug-2026 16:44:05 | INFO    | | Status           | FAIL                                                                                     |
10-Aug-2026 16:44:05 | INFO    | | Mode             | COMPARE                                                                                  |
10-Aug-2026 16:44:05 | INFO    | | Outcome          | Comparison mode: FAIL (netlists do not match).                                           |
10-Aug-2026 16:44:05 | INFO    | | Layout           | sg13g2_IOPadIOVss.gds                                                                    |
10-Aug-2026 16:44:05 | INFO    | | Top Cell         | sg13g2_IOPadIOVss                                                                        |
10-Aug-2026 16:44:05 | INFO    | | Results Dir      | /foss/designs/ihp-open-pdk-regression/IOPADS/lvs_sweep/20260810_164315/sg13g2_IOPadIOVss |
10-Aug-2026 16:44:05 | INFO    | | Warnings         | 0                                                                                        |
10-Aug-2026 16:44:05 | INFO    | | Errors           | 1                                                                                        |
10-Aug-2026 16:44:05 | INFO    | | Run Time (s)     | 7.346                                                                                    |
10-Aug-2026 16:44:05 | INFO    | +------------------+------------------------------------------------------------------------------------------+
10-Aug-2026 16:44:05 | ERROR   | Key errors:
10-Aug-2026 16:44:05 | ERROR   |   - 2026-08-10 16:44:04 +0200: Memory Usage (508848K) : ERROR : Netlists don't match
10-Aug-2026 16:44:05 | INFO    | ==============================================================================
