11-Aug-2026 10:08:05 | INFO    | Your Klayout version is: KLayout 0.30.10 (required >= 0.30.5)
11-Aug-2026 10:08:05 | INFO    | Running SG13G2 LVS checks on design /foss/designs/ihp-open-pdk-regression/IOPADS/layout/sg13g2_IOPadOut16mA.gds on cell sg13g2_IOPadOut16mA
2026-08-11 10:08:08 +0200: Memory Usage (456064K) : Starting running SG13G2 Klayout LVS runset on /foss/designs/ihp-open-pdk-regression/IOPADS/layout/sg13g2_IOPadOut16mA.gds
2026-08-11 10:08:08 +0200: Memory Usage (456064K) : Ruby Version for klayout: 3.2.3
2026-08-11 10:08:08 +0200: Memory Usage (457344K) : Loading database to memory is complete.
2026-08-11 10:08:08 +0200: Memory Usage (457344K) : SG13G2 Klayout LVS runset output at: /foss/designs/ihp-open-pdk-regression/IOPADS/lvs_sweep/20260811_100703/sg13g2_IOPadOut16mA/sg13g2_IOPadOut16mA.lvsdb
2026-08-11 10:08:08 +0200: Memory Usage (457344K) : Evaluate switches.
2026-08-11 10:08:08 +0200: Memory Usage (457344K) : Extracted netlist with net names: true
2026-08-11 10:08:08 +0200: Memory Usage (457344K) : Extracted netlist with comments in details: false
2026-08-11 10:08:08 +0200: Memory Usage (457344K) : Selected NET_ONLY option: false
2026-08-11 10:08:08 +0200: Memory Usage (457344K) : Selected LAYOUT_NETLIST option: (none)
2026-08-11 10:08:08 +0200: Memory Usage (457344K) : Selected IGNORE_TOP_PORTS_MISMATCH option: true
2026-08-11 10:08:08 +0200: Memory Usage (457344K) : Selected IMPLICIT_NETS option: iovss,iovdd,vss,vdd,pad,cathode,anode
2026-08-11 10:08:08 +0200: Memory Usage (457344K) : Selected TOP_LVL_PINS option: false
2026-08-11 10:08:08 +0200: Memory Usage (457344K) : Selected COMBINE DEVICES option: true
2026-08-11 10:08:08 +0200: Memory Usage (457344K) : Selected PURGE option: false
2026-08-11 10:08:08 +0200: Memory Usage (457344K) : Selected PURGE_NETS option: false
2026-08-11 10:08:08 +0200: Memory Usage (457472K) : Selected SIMPLIFY option: true
2026-08-11 10:08:08 +0200: Memory Usage (457472K) : Selected SERIES_RES option: true
2026-08-11 10:08:08 +0200: Memory Usage (457472K) : Selected PARALLEL_RES option: true
2026-08-11 10:08:08 +0200: Memory Usage (457472K) : Selected DISABLE_TAP_EXTRACTION option: false
2026-08-11 10:08:08 +0200: Memory Usage (457472K) : deep  mode is enabled.
2026-08-11 10:08:08 +0200: Memory Usage (457472K) : Applying implicit connections (case-sensitive, pattern supported) for nets: iovss, iovdd, vss, vdd, pad, cathode, anode
2026-08-11 10:08:08 +0200: Memory Usage (458752K) : Netlist file: /foss/designs/ihp-open-pdk-regression/IOPADS/netlist/pads_sub/sg13g2_IOPadOut16mA.spi
2026-08-11 10:08:08 +0200: Memory Usage (458752K) : LVS extracted netlist at: /foss/designs/ihp-open-pdk-regression/IOPADS/lvs_sweep/20260811_100703/sg13g2_IOPadOut16mA/sg13g2_IOPadOut16mA_extracted.cir
2026-08-11 10:08:08 +0200: Memory Usage (458752K) : Applying SRAM integration support.
2026-08-11 10:08:08 +0200: Memory Usage (458752K) : Starting SG13G2 LVS runset
2026-08-11 10:08:08 +0200: Memory Usage (458752K) : Read in polygons from layers.
2026-08-11 10:08:08 +0200: Memory Usage (460160K) : activ_drw has 75 polygons
2026-08-11 10:08:08 +0200: Memory Usage (460544K) : activ_filler has 0 polygons
2026-08-11 10:08:08 +0200: Memory Usage (460672K) : activ has 75 polygons
2026-08-11 10:08:08 +0200: Memory Usage (460672K) : activ_pin has 0 polygons
2026-08-11 10:08:08 +0200: Memory Usage (460672K) : activ_mask has 0 polygons
2026-08-11 10:08:08 +0200: Memory Usage (460672K) : activ_nofill has 0 polygons
2026-08-11 10:08:08 +0200: Memory Usage (460672K) : activ_OPC has 0 polygons
2026-08-11 10:08:08 +0200: Memory Usage (460672K) : activ_iOPC has 0 polygons
2026-08-11 10:08:08 +0200: Memory Usage (460800K) : activ_noqrc has 0 polygons
2026-08-11 10:08:08 +0200: Memory Usage (460800K) : biwind_drw has 0 polygons
2026-08-11 10:08:08 +0200: Memory Usage (460928K) : biwind_OPC has 0 polygons
2026-08-11 10:08:08 +0200: Memory Usage (461056K) : gatpoly_drw has 40 polygons
2026-08-11 10:08:08 +0200: Memory Usage (461056K) : gatpoly_filler has 0 polygons
2026-08-11 10:08:08 +0200: Memory Usage (461184K) : gatpoly has 40 polygons
2026-08-11 10:08:08 +0200: Memory Usage (461184K) : gatpoly_pin has 0 polygons
2026-08-11 10:08:08 +0200: Memory Usage (461312K) : gatpoly_nofill has 0 polygons
2026-08-11 10:08:08 +0200: Memory Usage (461312K) : gatpoly_OPC has 0 polygons
2026-08-11 10:08:08 +0200: Memory Usage (461440K) : gatpoly_iOPC has 0 polygons
2026-08-11 10:08:08 +0200: Memory Usage (461568K) : gatpoly_noqrc has 0 polygons
2026-08-11 10:08:08 +0200: Memory Usage (462976K) : cont_drw has 45918 polygons
2026-08-11 10:08:08 +0200: Memory Usage (462976K) : cont_OPC has 0 polygons
2026-08-11 10:08:08 +0200: Memory Usage (462976K) : nsd_drw has 0 polygons
2026-08-11 10:08:08 +0200: Memory Usage (462976K) : nsd_block has 0 polygons
2026-08-11 10:08:08 +0200: Memory Usage (462976K) : metal1_drw has 241 polygons
2026-08-11 10:08:08 +0200: Memory Usage (462976K) : metal1_filler has 0 polygons
2026-08-11 10:08:08 +0200: Memory Usage (462976K) : metal1_slit has 0 polygons
2026-08-11 10:08:08 +0200: Memory Usage (463360K) : metal1 has 241 polygons
2026-08-11 10:08:08 +0200: Memory Usage (463360K) : metal1_pin has 26 polygons
2026-08-11 10:08:08 +0200: Memory Usage (463360K) : metal1_mask has 0 polygons
2026-08-11 10:08:08 +0200: Memory Usage (463360K) : metal1_nofill has 0 polygons
2026-08-11 10:08:08 +0200: Memory Usage (463616K) : metal1_text has 26 polygons
2026-08-11 10:08:08 +0200: Memory Usage (463616K) : metal1_OPC has 0 polygons
2026-08-11 10:08:08 +0200: Memory Usage (463744K) : metal1_noqrc has 0 polygons
2026-08-11 10:08:08 +0200: Memory Usage (463744K) : metal1_res has 0 polygons
2026-08-11 10:08:08 +0200: Memory Usage (463872K) : metal1_iprobe has 0 polygons
2026-08-11 10:08:08 +0200: Memory Usage (463872K) : metal1_diffprb has 0 polygons
2026-08-11 10:08:08 +0200: Memory Usage (464000K) : passiv_drw has 0 polygons
2026-08-11 10:08:08 +0200: Memory Usage (464128K) : passiv_pin has 0 polygons
2026-08-11 10:08:08 +0200: Memory Usage (464128K) : passiv_sbump has 0 polygons
2026-08-11 10:08:08 +0200: Memory Usage (464256K) : passiv_pillar has 0 polygons
2026-08-11 10:08:08 +0200: Memory Usage (464256K) : passiv_pdl has 0 polygons
2026-08-11 10:08:08 +0200: Memory Usage (464384K) : metal2_drw has 70 polygons
2026-08-11 10:08:08 +0200: Memory Usage (464384K) : metal2_filler has 0 polygons
2026-08-11 10:08:08 +0200: Memory Usage (464512K) : metal2_slit has 0 polygons
2026-08-11 10:08:08 +0200: Memory Usage (464640K) : metal2 has 70 polygons
2026-08-11 10:08:08 +0200: Memory Usage (464640K) : metal2_pin has 19 polygons
2026-08-11 10:08:08 +0200: Memory Usage (464768K) : metal2_mask has 0 polygons
2026-08-11 10:08:08 +0200: Memory Usage (464768K) : metal2_nofill has 0 polygons
2026-08-11 10:08:08 +0200: Memory Usage (464896K) : metal2_text has 19 polygons
2026-08-11 10:08:08 +0200: Memory Usage (464896K) : metal2_OPC has 0 polygons
2026-08-11 10:08:08 +0200: Memory Usage (465024K) : metal2_noqrc has 0 polygons
2026-08-11 10:08:08 +0200: Memory Usage (465024K) : metal2_res has 0 polygons
2026-08-11 10:08:08 +0200: Memory Usage (465152K) : metal2_iprobe has 0 polygons
2026-08-11 10:08:08 +0200: Memory Usage (465280K) : metal2_diffprb has 0 polygons
2026-08-11 10:08:08 +0200: Memory Usage (465280K) : baspoly_drw has 0 polygons
2026-08-11 10:08:08 +0200: Memory Usage (465408K) : baspoly_pin has 0 polygons
2026-08-11 10:08:08 +0200: Memory Usage (465408K) : psd_drw has 30 polygons
2026-08-11 10:08:08 +0200: Memory Usage (465536K) : nldb_drw has 0 polygons
2026-08-11 10:08:08 +0200: Memory Usage (465664K) : digibnd_drw has 0 polygons
2026-08-11 10:08:08 +0200: Memory Usage (465664K) : via1_drw has 1668 polygons
2026-08-11 10:08:08 +0200: Memory Usage (465664K) : backmetal1_drw has 0 polygons
2026-08-11 10:08:08 +0200: Memory Usage (465792K) : backmetal1_pin has 0 polygons
2026-08-11 10:08:08 +0200: Memory Usage (465792K) : backmetal1_mask has 0 polygons
2026-08-11 10:08:08 +0200: Memory Usage (465792K) : backmetal1_filler has 0 polygons
2026-08-11 10:08:08 +0200: Memory Usage (465920K) : backmetal1_nofill has 0 polygons
2026-08-11 10:08:08 +0200: Memory Usage (465920K) : backmetal1_slit has 0 polygons
2026-08-11 10:08:08 +0200: Memory Usage (465920K) : backmetal1_text has 0 polygons
2026-08-11 10:08:08 +0200: Memory Usage (465920K) : backmetal1_OPC has 0 polygons
2026-08-11 10:08:08 +0200: Memory Usage (466048K) : backmetal1_noqrc has 0 polygons
2026-08-11 10:08:08 +0200: Memory Usage (466048K) : backmetal1_res has 0 polygons
2026-08-11 10:08:08 +0200: Memory Usage (466048K) : backmetal1_iprobe has 0 polygons
2026-08-11 10:08:08 +0200: Memory Usage (466176K) : backmetal1_diffprb has 0 polygons
2026-08-11 10:08:08 +0200: Memory Usage (466176K) : backpassiv_drw has 0 polygons
2026-08-11 10:08:08 +0200: Memory Usage (466304K) : res_drw has 0 polygons
2026-08-11 10:08:08 +0200: Memory Usage (466304K) : sram_drw has 0 polygons
2026-08-11 10:08:08 +0200: Memory Usage (466432K) : trans_drw has 0 polygons
2026-08-11 10:08:08 +0200: Memory Usage (466560K) : ind_drw has 0 polygons
2026-08-11 10:08:08 +0200: Memory Usage (466560K) : ind_pin has 0 polygons
2026-08-11 10:08:08 +0200: Memory Usage (466688K) : ind_text has 0 polygons
2026-08-11 10:08:08 +0200: Memory Usage (466688K) : salblock_drw has 0 polygons
2026-08-11 10:08:08 +0200: Memory Usage (466816K) : via2_drw has 1448 polygons
2026-08-11 10:08:08 +0200: Memory Usage (466816K) : metal3_drw has 19 polygons
2026-08-11 10:08:08 +0200: Memory Usage (466944K) : metal3_filler has 0 polygons
2026-08-11 10:08:08 +0200: Memory Usage (466944K) : metal3_slit has 0 polygons
2026-08-11 10:08:08 +0200: Memory Usage (467200K) : metal3 has 19 polygons
2026-08-11 10:08:08 +0200: Memory Usage (467200K) : metal3_pin has 9 polygons
2026-08-11 10:08:08 +0200: Memory Usage (467200K) : metal3_mask has 0 polygons
2026-08-11 10:08:08 +0200: Memory Usage (467328K) : metal3_nofill has 0 polygons
2026-08-11 10:08:09 +0200: Memory Usage (467456K) : metal3_text has 9 polygons
2026-08-11 10:08:09 +0200: Memory Usage (467456K) : metal3_OPC has 0 polygons
2026-08-11 10:08:09 +0200: Memory Usage (467584K) : metal3_noqrc has 0 polygons
2026-08-11 10:08:09 +0200: Memory Usage (467584K) : metal3_res has 0 polygons
2026-08-11 10:08:09 +0200: Memory Usage (467712K) : metal3_iprobe has 0 polygons
2026-08-11 10:08:09 +0200: Memory Usage (467712K) : metal3_diffprb has 0 polygons
2026-08-11 10:08:09 +0200: Memory Usage (467840K) : nwell_drw has 21 polygons
2026-08-11 10:08:09 +0200: Memory Usage (467840K) : nwell_pin has 0 polygons
2026-08-11 10:08:09 +0200: Memory Usage (467840K) : nwell_text has 0 polygons
2026-08-11 10:08:09 +0200: Memory Usage (467840K) : nbulay_drw has 0 polygons
2026-08-11 10:08:09 +0200: Memory Usage (467840K) : nbulay_pin has 0 polygons
2026-08-11 10:08:09 +0200: Memory Usage (467840K) : nbulay_block has 0 polygons
2026-08-11 10:08:09 +0200: Memory Usage (467840K) : emwind_drw has 0 polygons
2026-08-11 10:08:09 +0200: Memory Usage (467840K) : emwind_OPC has 0 polygons
2026-08-11 10:08:09 +0200: Memory Usage (467840K) : deepco_drw has 0 polygons
2026-08-11 10:08:09 +0200: Memory Usage (467840K) : mim_drw has 0 polygons
2026-08-11 10:08:09 +0200: Memory Usage (467840K) : edgeseal_drw has 0 polygons
2026-08-11 10:08:09 +0200: Memory Usage (467840K) : substrate_drw has 19 polygons
2026-08-11 10:08:09 +0200: Memory Usage (467840K) : substrate_text has 0 polygons
2026-08-11 10:08:09 +0200: Memory Usage (467840K) : dfpad_drw has 0 polygons
2026-08-11 10:08:09 +0200: Memory Usage (467840K) : dfpad_pillar has 0 polygons
2026-08-11 10:08:09 +0200: Memory Usage (467840K) : dfpad_sbump has 0 polygons
2026-08-11 10:08:09 +0200: Memory Usage (467840K) : thickgateox_drw has 4 polygons
2026-08-11 10:08:09 +0200: Memory Usage (467840K) : pldb_drw has 0 polygons
2026-08-11 10:08:09 +0200: Memory Usage (467840K) : pwell_drw has 0 polygons
2026-08-11 10:08:09 +0200: Memory Usage (467840K) : pwell_pin has 0 polygons
2026-08-11 10:08:09 +0200: Memory Usage (467840K) : pwell_block has 0 polygons
2026-08-11 10:08:09 +0200: Memory Usage (467840K) : ic_drw has 0 polygons
2026-08-11 10:08:09 +0200: Memory Usage (467840K) : via3_drw has 2087 polygons
2026-08-11 10:08:09 +0200: Memory Usage (467840K) : metal4_drw has 8 polygons
2026-08-11 10:08:09 +0200: Memory Usage (467840K) : metal4_filler has 0 polygons
2026-08-11 10:08:09 +0200: Memory Usage (467840K) : metal4_slit has 0 polygons
2026-08-11 10:08:09 +0200: Memory Usage (467840K) : metal4 has 8 polygons
2026-08-11 10:08:09 +0200: Memory Usage (467840K) : metal4_pin has 8 polygons
2026-08-11 10:08:09 +0200: Memory Usage (467840K) : metal4_mask has 0 polygons
2026-08-11 10:08:09 +0200: Memory Usage (467840K) : metal4_nofill has 0 polygons
2026-08-11 10:08:09 +0200: Memory Usage (467840K) : metal4_text has 8 polygons
2026-08-11 10:08:09 +0200: Memory Usage (467840K) : metal4_OPC has 0 polygons
2026-08-11 10:08:09 +0200: Memory Usage (467840K) : metal4_noqrc has 0 polygons
2026-08-11 10:08:09 +0200: Memory Usage (467840K) : metal4_res has 0 polygons
2026-08-11 10:08:09 +0200: Memory Usage (467840K) : metal4_iprobe has 0 polygons
2026-08-11 10:08:09 +0200: Memory Usage (467840K) : metal4_diffprb has 0 polygons
2026-08-11 10:08:09 +0200: Memory Usage (467840K) : heattrans_drw has 0 polygons
2026-08-11 10:08:09 +0200: Memory Usage (467840K) : heatres_drw has 0 polygons
2026-08-11 10:08:09 +0200: Memory Usage (467840K) : fbe_drw has 0 polygons
2026-08-11 10:08:09 +0200: Memory Usage (467840K) : empoly_drw has 0 polygons
2026-08-11 10:08:09 +0200: Memory Usage (467840K) : digisub_drw has 0 polygons
2026-08-11 10:08:09 +0200: Memory Usage (467840K) : text_drw has 13 polygons
2026-08-11 10:08:09 +0200: Memory Usage (467840K) : via4_drw has 2371 polygons
2026-08-11 10:08:09 +0200: Memory Usage (467840K) : metal5_drw has 8 polygons
2026-08-11 10:08:09 +0200: Memory Usage (467840K) : metal5_filler has 0 polygons
2026-08-11 10:08:09 +0200: Memory Usage (467840K) : metal5_slit has 0 polygons
2026-08-11 10:08:09 +0200: Memory Usage (467840K) : metal5 has 8 polygons
2026-08-11 10:08:09 +0200: Memory Usage (467840K) : metal5_pin has 8 polygons
2026-08-11 10:08:09 +0200: Memory Usage (467840K) : metal5_mask has 0 polygons
2026-08-11 10:08:09 +0200: Memory Usage (467840K) : metal5_nofill has 0 polygons
2026-08-11 10:08:09 +0200: Memory Usage (467840K) : metal5_text has 8 polygons
2026-08-11 10:08:09 +0200: Memory Usage (467840K) : metal5_OPC has 0 polygons
2026-08-11 10:08:09 +0200: Memory Usage (467840K) : metal5_noqrc has 0 polygons
2026-08-11 10:08:09 +0200: Memory Usage (467840K) : metal5_res has 0 polygons
2026-08-11 10:08:09 +0200: Memory Usage (467840K) : metal5_iprobe has 0 polygons
2026-08-11 10:08:09 +0200: Memory Usage (467840K) : metal5_diffprb has 0 polygons
2026-08-11 10:08:09 +0200: Memory Usage (467840K) : radhard_drw has 0 polygons
2026-08-11 10:08:09 +0200: Memory Usage (467840K) : memcap_drw has 0 polygons
2026-08-11 10:08:09 +0200: Memory Usage (467840K) : varicap_drw has 0 polygons
2026-08-11 10:08:09 +0200: Memory Usage (467840K) : intbondvia_drw has 0 polygons
2026-08-11 10:08:09 +0200: Memory Usage (467840K) : intbondmet_drw has 0 polygons
2026-08-11 10:08:09 +0200: Memory Usage (467840K) : devbondvia_drw has 0 polygons
2026-08-11 10:08:09 +0200: Memory Usage (467840K) : devbondmet_drw has 0 polygons
2026-08-11 10:08:09 +0200: Memory Usage (467840K) : devtrench_drw has 0 polygons
2026-08-11 10:08:09 +0200: Memory Usage (467840K) : redist_drw has 0 polygons
2026-08-11 10:08:09 +0200: Memory Usage (467840K) : graphbot_drw has 0 polygons
2026-08-11 10:08:09 +0200: Memory Usage (467840K) : graphtop_drw has 0 polygons
2026-08-11 10:08:09 +0200: Memory Usage (467840K) : antvia1_drw has 0 polygons
2026-08-11 10:08:09 +0200: Memory Usage (467840K) : antmetal2_drw has 0 polygons
2026-08-11 10:08:09 +0200: Memory Usage (467840K) : graphcont_drw has 0 polygons
2026-08-11 10:08:09 +0200: Memory Usage (467840K) : siwg_drw has 0 polygons
2026-08-11 10:08:09 +0200: Memory Usage (467840K) : siwg_filler has 0 polygons
2026-08-11 10:08:09 +0200: Memory Usage (467840K) : siwg_nofill has 0 polygons
2026-08-11 10:08:09 +0200: Memory Usage (467840K) : sigrating_drw has 0 polygons
2026-08-11 10:08:09 +0200: Memory Usage (467840K) : singrating_drw has 0 polygons
2026-08-11 10:08:09 +0200: Memory Usage (467840K) : graphpas_drw has 0 polygons
2026-08-11 10:08:09 +0200: Memory Usage (467840K) : emwind3_drw has 0 polygons
2026-08-11 10:08:09 +0200: Memory Usage (467840K) : emwihv3_drw has 0 polygons
2026-08-11 10:08:09 +0200: Memory Usage (467840K) : redbulay_drw has 0 polygons
2026-08-11 10:08:09 +0200: Memory Usage (467840K) : smos_drw has 0 polygons
2026-08-11 10:08:09 +0200: Memory Usage (467840K) : graphpad_drw has 0 polygons
2026-08-11 10:08:09 +0200: Memory Usage (467840K) : polimide_drw has 0 polygons
2026-08-11 10:08:09 +0200: Memory Usage (467840K) : polimide_pin has 0 polygons
2026-08-11 10:08:09 +0200: Memory Usage (467840K) : recog_drw has 0 polygons
2026-08-11 10:08:09 +0200: Memory Usage (467840K) : recog_pin has 0 polygons
2026-08-11 10:08:09 +0200: Memory Usage (467840K) : recog_esd has 0 polygons
2026-08-11 10:08:09 +0200: Memory Usage (467840K) : recog_diode has 6 polygons
2026-08-11 10:08:09 +0200: Memory Usage (467840K) : recog_tsv has 0 polygons
2026-08-11 10:08:09 +0200: Memory Usage (467840K) : recog_iprobe has 0 polygons
2026-08-11 10:08:09 +0200: Memory Usage (467840K) : recog_diffprb has 0 polygons
2026-08-11 10:08:09 +0200: Memory Usage (467840K) : recog_pillar has 0 polygons
2026-08-11 10:08:09 +0200: Memory Usage (467840K) : recog_sbump has 0 polygons
2026-08-11 10:08:09 +0200: Memory Usage (467840K) : recog_otp has 0 polygons
2026-08-11 10:08:09 +0200: Memory Usage (467840K) : recog_pdiode has 0 polygons
2026-08-11 10:08:09 +0200: Memory Usage (467840K) : recog_mom has 0 polygons
2026-08-11 10:08:09 +0200: Memory Usage (467840K) : recog_pcm has 0 polygons
2026-08-11 10:08:09 +0200: Memory Usage (467840K) : colopen_drw has 0 polygons
2026-08-11 10:08:09 +0200: Memory Usage (467968K) : graphmetal1_drw has 0 polygons
2026-08-11 10:08:09 +0200: Memory Usage (467968K) : graphmetal1_filler has 0 polygons
2026-08-11 10:08:09 +0200: Memory Usage (468096K) : graphmetal1_nofill has 0 polygons
2026-08-11 10:08:09 +0200: Memory Usage (468096K) : graphmetal1_slit has 0 polygons
2026-08-11 10:08:09 +0200: Memory Usage (468224K) : graphmetal1_OPC has 0 polygons
2026-08-11 10:08:09 +0200: Memory Usage (468224K) : graphmet1l_drw has 0 polygons
2026-08-11 10:08:09 +0200: Memory Usage (468352K) : graphmet1l_filler has 0 polygons
2026-08-11 10:08:09 +0200: Memory Usage (468480K) : graphmet1l_nofill has 0 polygons
2026-08-11 10:08:09 +0200: Memory Usage (468480K) : graphmet1l_slit has 0 polygons
2026-08-11 10:08:09 +0200: Memory Usage (468608K) : graphmet1l_OPC has 0 polygons
2026-08-11 10:08:09 +0200: Memory Usage (468608K) : extblock_drw has 0 polygons
2026-08-11 10:08:09 +0200: Memory Usage (468736K) : nldd_drw has 0 polygons
2026-08-11 10:08:09 +0200: Memory Usage (468736K) : pldd_drw has 0 polygons
2026-08-11 10:08:09 +0200: Memory Usage (468864K) : next_drw has 0 polygons
2026-08-11 10:08:09 +0200: Memory Usage (468864K) : pext_drw has 0 polygons
2026-08-11 10:08:09 +0200: Memory Usage (468992K) : nexthv_drw has 0 polygons
2026-08-11 10:08:09 +0200: Memory Usage (468992K) : pexthv_drw has 0 polygons
2026-08-11 10:08:09 +0200: Memory Usage (469120K) : graphgate_drw has 0 polygons
2026-08-11 10:08:09 +0200: Memory Usage (469248K) : sinwg_drw has 0 polygons
2026-08-11 10:08:09 +0200: Memory Usage (469248K) : sinwg_filler has 0 polygons
2026-08-11 10:08:09 +0200: Memory Usage (469376K) : sinwg_nofill has 0 polygons
2026-08-11 10:08:09 +0200: Memory Usage (469376K) : mempad_drw has 0 polygons
2026-08-11 10:08:09 +0200: Memory Usage (469504K) : topvia1_drw has 2315 polygons
2026-08-11 10:08:09 +0200: Memory Usage (469632K) : topmetal1_drw has 8 polygons
2026-08-11 10:08:09 +0200: Memory Usage (469632K) : topmetal1_filler has 0 polygons
2026-08-11 10:08:09 +0200: Memory Usage (469760K) : topmetal1_slit has 0 polygons
2026-08-11 10:08:09 +0200: Memory Usage (469760K) : topmetal1 has 8 polygons
2026-08-11 10:08:09 +0200: Memory Usage (469760K) : topmetal1_pin has 8 polygons
2026-08-11 10:08:09 +0200: Memory Usage (469760K) : topmetal1_mask has 0 polygons
2026-08-11 10:08:09 +0200: Memory Usage (469760K) : topmetal1_nofill has 0 polygons
2026-08-11 10:08:09 +0200: Memory Usage (469760K) : topmetal1_text has 8 polygons
2026-08-11 10:08:09 +0200: Memory Usage (469760K) : topmetal1_noqrc has 0 polygons
2026-08-11 10:08:09 +0200: Memory Usage (469760K) : topmetal1_res has 0 polygons
2026-08-11 10:08:09 +0200: Memory Usage (469760K) : topmetal1_iprobe has 0 polygons
2026-08-11 10:08:09 +0200: Memory Usage (469760K) : topmetal1_diffprb has 0 polygons
2026-08-11 10:08:09 +0200: Memory Usage (469760K) : inldpwl_drw has 0 polygons
2026-08-11 10:08:09 +0200: Memory Usage (469760K) : polyres_drw has 0 polygons
2026-08-11 10:08:09 +0200: Memory Usage (469760K) : polyres_pin has 0 polygons
2026-08-11 10:08:09 +0200: Memory Usage (469760K) : vmim_drw has 0 polygons
2026-08-11 10:08:09 +0200: Memory Usage (469760K) : nbulaycut_drw has 0 polygons
2026-08-11 10:08:09 +0200: Memory Usage (469760K) : antmetal1_drw has 0 polygons
2026-08-11 10:08:09 +0200: Memory Usage (469760K) : topvia2_drw has 1593 polygons
2026-08-11 10:08:09 +0200: Memory Usage (469760K) : topmetal2_drw has 6 polygons
2026-08-11 10:08:09 +0200: Memory Usage (469760K) : topmetal2_filler has 0 polygons
2026-08-11 10:08:09 +0200: Memory Usage (469760K) : topmetal2_slit has 0 polygons
2026-08-11 10:08:09 +0200: Memory Usage (469760K) : topmetal2 has 6 polygons
2026-08-11 10:08:09 +0200: Memory Usage (469760K) : topmetal2_pin has 6 polygons
2026-08-11 10:08:09 +0200: Memory Usage (469760K) : topmetal2_mask has 0 polygons
2026-08-11 10:08:09 +0200: Memory Usage (469760K) : topmetal2_nofill has 0 polygons
2026-08-11 10:08:09 +0200: Memory Usage (469760K) : topmetal2_text has 6 polygons
2026-08-11 10:08:09 +0200: Memory Usage (469760K) : topmetal2_noqrc has 0 polygons
2026-08-11 10:08:09 +0200: Memory Usage (469760K) : topmetal2_res has 0 polygons
2026-08-11 10:08:09 +0200: Memory Usage (469760K) : topmetal2_iprobe has 0 polygons
2026-08-11 10:08:09 +0200: Memory Usage (469760K) : topmetal2_diffprb has 0 polygons
2026-08-11 10:08:09 +0200: Memory Usage (469760K) : snsring_drw has 0 polygons
2026-08-11 10:08:09 +0200: Memory Usage (469760K) : sensor_drw has 0 polygons
2026-08-11 10:08:09 +0200: Memory Usage (469760K) : snsarms_drw has 0 polygons
2026-08-11 10:08:09 +0200: Memory Usage (469760K) : snscmosvia_drw has 0 polygons
2026-08-11 10:08:09 +0200: Memory Usage (469760K) : colwind_drw has 0 polygons
2026-08-11 10:08:09 +0200: Memory Usage (469760K) : flm_drw has 0 polygons
2026-08-11 10:08:09 +0200: Memory Usage (469760K) : hafniumox_drw has 0 polygons
2026-08-11 10:08:09 +0200: Memory Usage (469760K) : memvia_drw has 0 polygons
2026-08-11 10:08:09 +0200: Memory Usage (469760K) : thinfilmres_drw has 0 polygons
2026-08-11 10:08:09 +0200: Memory Usage (469760K) : rfmem_drw has 0 polygons
2026-08-11 10:08:09 +0200: Memory Usage (469760K) : norcx_drw has 0 polygons
2026-08-11 10:08:09 +0200: Memory Usage (469760K) : norcx_m2m3 has 0 polygons
2026-08-11 10:08:09 +0200: Memory Usage (469760K) : norcx_m2m4 has 0 polygons
2026-08-11 10:08:09 +0200: Memory Usage (469760K) : norcx_m2m5 has 0 polygons
2026-08-11 10:08:09 +0200: Memory Usage (469760K) : norcx_m2tm1 has 0 polygons
2026-08-11 10:08:09 +0200: Memory Usage (469760K) : norcx_m2tm2 has 0 polygons
2026-08-11 10:08:09 +0200: Memory Usage (469760K) : norcx_m3m4 has 0 polygons
2026-08-11 10:08:09 +0200: Memory Usage (469760K) : norcx_m3m5 has 0 polygons
2026-08-11 10:08:09 +0200: Memory Usage (469760K) : norcx_m3tm1 has 0 polygons
2026-08-11 10:08:09 +0200: Memory Usage (469760K) : norcx_m3tm2 has 0 polygons
2026-08-11 10:08:09 +0200: Memory Usage (469760K) : norcx_m4m5 has 0 polygons
2026-08-11 10:08:09 +0200: Memory Usage (469760K) : norcx_m4tm1 has 0 polygons
2026-08-11 10:08:09 +0200: Memory Usage (469760K) : norcx_m4tm2 has 0 polygons
2026-08-11 10:08:09 +0200: Memory Usage (469760K) : norcx_m5tm1 has 0 polygons
2026-08-11 10:08:09 +0200: Memory Usage (469760K) : norcx_m5tm2 has 0 polygons
2026-08-11 10:08:09 +0200: Memory Usage (469760K) : norcx_tm1tm2 has 0 polygons
2026-08-11 10:08:09 +0200: Memory Usage (469760K) : norcx_m1sub has 0 polygons
2026-08-11 10:08:09 +0200: Memory Usage (469760K) : norcx_m2sub has 0 polygons
2026-08-11 10:08:09 +0200: Memory Usage (469760K) : norcx_m3sub has 0 polygons
2026-08-11 10:08:09 +0200: Memory Usage (469760K) : norcx_m4sub has 0 polygons
2026-08-11 10:08:09 +0200: Memory Usage (469760K) : norcx_m5sub has 0 polygons
2026-08-11 10:08:09 +0200: Memory Usage (469760K) : norcx_tm1sub has 0 polygons
2026-08-11 10:08:09 +0200: Memory Usage (469760K) : norcx_tm2sub has 0 polygons
2026-08-11 10:08:09 +0200: Memory Usage (469760K) : snsbotvia_drw has 0 polygons
2026-08-11 10:08:09 +0200: Memory Usage (469760K) : snstopvia_drw has 0 polygons
2026-08-11 10:08:09 +0200: Memory Usage (469760K) : deepvia_drw has 0 polygons
2026-08-11 10:08:09 +0200: Memory Usage (469760K) : fgetch_drw has 0 polygons
2026-08-11 10:08:09 +0200: Memory Usage (469760K) : ctrgat_drw has 0 polygons
2026-08-11 10:08:09 +0200: Memory Usage (469760K) : fgimp_drw has 0 polygons
2026-08-11 10:08:09 +0200: Memory Usage (469760K) : emwihv_drw has 0 polygons
2026-08-11 10:08:09 +0200: Memory Usage (469760K) : lbe_drw has 0 polygons
2026-08-11 10:08:09 +0200: Memory Usage (469760K) : alcustop_drw has 0 polygons
2026-08-11 10:08:09 +0200: Memory Usage (469760K) : nometfiller_drw has 0 polygons
2026-08-11 10:08:09 +0200: Memory Usage (469760K) : prboundary_drw has 0 polygons
2026-08-11 10:08:09 +0200: Memory Usage (469760K) : exchange0_drw has 0 polygons
2026-08-11 10:08:09 +0200: Memory Usage (469760K) : exchange0_pin has 0 polygons
2026-08-11 10:08:09 +0200: Memory Usage (469760K) : exchange0_text has 0 polygons
2026-08-11 10:08:09 +0200: Memory Usage (469760K) : exchange1_drw has 0 polygons
2026-08-11 10:08:09 +0200: Memory Usage (469760K) : exchange1_pin has 0 polygons
2026-08-11 10:08:09 +0200: Memory Usage (469760K) : exchange1_text has 0 polygons
2026-08-11 10:08:09 +0200: Memory Usage (469760K) : exchange2_drw has 0 polygons
2026-08-11 10:08:09 +0200: Memory Usage (469760K) : exchange2_pin has 0 polygons
2026-08-11 10:08:09 +0200: Memory Usage (469760K) : exchange2_text has 0 polygons
2026-08-11 10:08:09 +0200: Memory Usage (469760K) : exchange3_drw has 0 polygons
2026-08-11 10:08:09 +0200: Memory Usage (469760K) : exchange3_pin has 0 polygons
2026-08-11 10:08:09 +0200: Memory Usage (469760K) : exchange3_text has 0 polygons
2026-08-11 10:08:09 +0200: Memory Usage (469760K) : exchange4_drw has 0 polygons
2026-08-11 10:08:09 +0200: Memory Usage (469760K) : exchange4_pin has 0 polygons
2026-08-11 10:08:09 +0200: Memory Usage (469760K) : exchange4_text has 0 polygons
2026-08-11 10:08:09 +0200: Memory Usage (469760K) : isonwell_drw has 0 polygons
2026-08-11 10:08:09 +0200: Memory Usage (469760K) : Total no. of polygons in the design is 58136
2026-08-11 10:08:09 +0200: Memory Usage (469760K) : Starting base layers derivations
2026-08-11 10:08:09 +0200: Memory Usage (469760K) : Starting general LVS derivations
2026-08-11 10:08:10 +0200: Memory Usage (474112K) : Starting MOSFET DERIVATIONS
2026-08-11 10:08:11 +0200: Memory Usage (474548K) : Starting NMOS DERIVATIONS
2026-08-11 10:08:11 +0200: Memory Usage (474548K) : Starting PMOS DERIVATIONS
2026-08-11 10:08:11 +0200: Memory Usage (474548K) : Starting RF-MOSFET DERIVATIONS
2026-08-11 10:08:11 +0200: Memory Usage (474548K) : Starting RF-NMOS DERIVATIONS
2026-08-11 10:08:11 +0200: Memory Usage (474548K) : Starting RF-PMOS DERIVATIONS
2026-08-11 10:08:11 +0200: Memory Usage (474548K) : Starting BJT DERIVATIONS
2026-08-11 10:08:11 +0200: Memory Usage (474548K) : Starting NPN-BJT DERIVATIONS
2026-08-11 10:08:11 +0200: Memory Usage (474548K) : Starting PNP-BJT DERIVATIONS
2026-08-11 10:08:11 +0200: Memory Usage (474548K) : Starting DIODE DERIVATIONS
2026-08-11 10:08:13 +0200: Memory Usage (474904K) : Starting RESISTOR DERIVATIONS
2026-08-11 10:08:13 +0200: Memory Usage (474904K) : Starting CAP DERIVATIONS
2026-08-11 10:08:14 +0200: Memory Usage (474904K) : Starting CAP_CMOM DERIVATIONS
2026-08-11 10:08:14 +0200: Memory Usage (474904K) : Starting ESD DERIVATIONS
2026-08-11 10:08:16 +0200: Memory Usage (474904K) : Starting Inductor DERIVATIONS
2026-08-11 10:08:17 +0200: Memory Usage (474904K) : Starting Taps DERIVATIONS
2026-08-11 10:08:17 +0200: Memory Usage (474904K) : Starting SG13G2 LVS connectivity setup
2026-08-11 10:08:17 +0200: Memory Usage (474904K) : Starting SG13G2 LVS connectivity setup (Inter-layer)
2026-08-11 10:08:17 +0200: Memory Usage (475032K) : Starting SG13G2 LVS connectivity setup (Global)
2026-08-11 10:08:17 +0200: Memory Usage (475032K) : Starting LVS MOSFET CONNECTIONS
2026-08-11 10:08:17 +0200: Memory Usage (475032K) : Starting LVS RF-MOSFET CONNECTIONS
2026-08-11 10:08:17 +0200: Memory Usage (475032K) : Starting LVS BJT CONNECTIONS
2026-08-11 10:08:17 +0200: Memory Usage (475032K) : Starting LVS DIODE CONNECTIONS
2026-08-11 10:08:17 +0200: Memory Usage (475032K) : Starting RESISTOR CONNECTIONS
2026-08-11 10:08:17 +0200: Memory Usage (475032K) : Starting LVS CAP CONNECTIONS
2026-08-11 10:08:17 +0200: Memory Usage (475032K) : Starting CAP_CMOM CONNECTIONS
2026-08-11 10:08:17 +0200: Memory Usage (475032K) : Starting ESD CONNECTIONS
2026-08-11 10:08:17 +0200: Memory Usage (475032K) : Starting Inductor CONNECTIONS
2026-08-11 10:08:17 +0200: Memory Usage (475032K) : Starting LVS Taps CONNECTIONS
2026-08-11 10:08:17 +0200: Memory Usage (475032K) : Starting SG13G2 LVS DEVICES EXTRACTION
2026-08-11 10:08:17 +0200: Memory Usage (475032K) : Starting MOSFET EXTRACTION
2026-08-11 10:08:17 +0200: Memory Usage (475032K) : Starting NMOS EXTRACTION
2026-08-11 10:08:17 +0200: Memory Usage (475032K) : Extraction of NMOS-LV transistor
2026-08-11 10:08:17 +0200: Memory Usage (475288K) : Extraction of NMOS-HV transistor
2026-08-11 10:08:17 +0200: Memory Usage (475288K) : Starting PMOS EXTRACTION
2026-08-11 10:08:17 +0200: Memory Usage (475288K) : Extraction of PMOS-LV transistor
2026-08-11 10:08:17 +0200: Memory Usage (475288K) : Extraction of PMOS-HV transistor
2026-08-11 10:08:17 +0200: Memory Usage (475288K) : Starting RF-MOSFET EXTRACTION
2026-08-11 10:08:17 +0200: Memory Usage (475288K) : Extraction of RF-NMOS-LV transistor
2026-08-11 10:08:17 +0200: Memory Usage (475288K) : Extraction of RF-NMOS-HV transistor
2026-08-11 10:08:17 +0200: Memory Usage (475288K) : Extraction of RF-PMOS-LV transistor
2026-08-11 10:08:17 +0200: Memory Usage (475288K) : Extraction of RF-PMOS-HV transistor
2026-08-11 10:08:17 +0200: Memory Usage (475288K) : Starting BJT EXTRACTION
2026-08-11 10:08:17 +0200: Memory Usage (475288K) : Starting NPN-BJT EXTRACTION
2026-08-11 10:08:17 +0200: Memory Usage (475288K) : Extraction of npn13G2 BJT transistor
2026-08-11 10:08:17 +0200: Memory Usage (475288K) : Extraction of npn13G2L BJT transistor
2026-08-11 10:08:17 +0200: Memory Usage (475288K) : Extraction of npn13G2V BJT transistor
2026-08-11 10:08:17 +0200: Memory Usage (475288K) : Starting PNP-BJT EXTRACTION
2026-08-11 10:08:18 +0200: Memory Usage (475288K) : Extracting pnpMPA BJT
2026-08-11 10:08:18 +0200: Memory Usage (475288K) : Starting DIODE EXTRACTION
2026-08-11 10:08:18 +0200: Memory Usage (475288K) : Extracting dantenna diode
2026-08-11 10:08:18 +0200: Memory Usage (475288K) : Extracting dpantenna diode
2026-08-11 10:08:18 +0200: Memory Usage (475288K) : Extracting schottky_nbl1 diode
2026-08-11 10:08:18 +0200: Memory Usage (475288K) : Extracting isolbox diode
2026-08-11 10:08:18 +0200: Memory Usage (475288K) : Starting RESISTOR EXTRACTION
2026-08-11 10:08:18 +0200: Memory Usage (475288K) : Extracting rsil resistor
2026-08-11 10:08:18 +0200: Memory Usage (475288K) : Extracting rppd resistor
2026-08-11 10:08:18 +0200: Memory Usage (475288K) : Extracting rhigh resistor
2026-08-11 10:08:18 +0200: Memory Usage (475288K) : Extracting res_metal1 resistor
2026-08-11 10:08:18 +0200: Memory Usage (475288K) : Extracting res_metal2 resistor
2026-08-11 10:08:18 +0200: Memory Usage (475288K) : Extracting res_metal3 resistor
2026-08-11 10:08:18 +0200: Memory Usage (475288K) : Extracting res_metal4 resistor
2026-08-11 10:08:18 +0200: Memory Usage (475288K) : Extracting res_metal5 resistor
2026-08-11 10:08:18 +0200: Memory Usage (475288K) : Extracting res_topmetal1 resistor
2026-08-11 10:08:18 +0200: Memory Usage (475288K) : Extracting res_topmetal2 resistor
2026-08-11 10:08:18 +0200: Memory Usage (475288K) : Starting CAP EXTRACTION
2026-08-11 10:08:18 +0200: Memory Usage (475288K) : Extracting cap_cmim device
2026-08-11 10:08:18 +0200: Memory Usage (475288K) : Extracting rfcmim device
2026-08-11 10:08:18 +0200: Memory Usage (475288K) : Extracting sg13_hv_svaricap varactor
2026-08-11 10:08:18 +0200: Memory Usage (475288K) : Extracting cap_cmomi device
2026-08-11 10:08:18 +0200: Memory Usage (475288K) : Extracting sg13_moscap_n capacitor
2026-08-11 10:08:18 +0200: Memory Usage (475288K) : Extracting sg13_moscap_p capacitor
2026-08-11 10:08:18 +0200: Memory Usage (475288K) : Starting ESD EXTRACTION
2026-08-11 10:08:18 +0200: Memory Usage (475288K) : Extracting diodevdd_2kv ESD device
2026-08-11 10:08:18 +0200: Memory Usage (475288K) : Extracting diodevdd_4kv ESD device
2026-08-11 10:08:18 +0200: Memory Usage (475288K) : Extracting diodevss_2kv ESD device
2026-08-11 10:08:18 +0200: Memory Usage (475288K) : Extracting diodevss_4kv ESD device
2026-08-11 10:08:18 +0200: Memory Usage (475288K) : Extracting idiodevdd_2kv ESD device
2026-08-11 10:08:18 +0200: Memory Usage (475288K) : Extracting idiodevdd_4kv ESD device
2026-08-11 10:08:18 +0200: Memory Usage (475288K) : Extracting idiodevss_2kv ESD device
2026-08-11 10:08:18 +0200: Memory Usage (475288K) : Extracting idiodevss_4kv ESD device
2026-08-11 10:08:18 +0200: Memory Usage (475288K) : Extracting nmoscl_2 ESD device
2026-08-11 10:08:18 +0200: Memory Usage (475288K) : Extracting nmoscl_4 ESD device
2026-08-11 10:08:18 +0200: Memory Usage (475288K) : Starting Inductor EXTRACTION
2026-08-11 10:08:18 +0200: Memory Usage (475288K) : Extracting Inductor2 device
2026-08-11 10:08:18 +0200: Memory Usage (475288K) : Extracting Inductor3 device
2026-08-11 10:08:18 +0200: Memory Usage (475288K) : Starting Taps EXTRACTION
2026-08-11 10:08:18 +0200: Memory Usage (475288K) : Extracting ntap1 device
2026-08-11 10:08:18 +0200: Memory Usage (475288K) : Extracting ptap1 device
2026-08-11 10:08:18 +0200: Memory Usage (475288K) : Starting SG13G2 LVS RF MOS Model Mapping
2026-08-11 10:08:21 +0200: Memory Usage (480920K) : [layout_netlist] Apply RF MOS model mapping and rfmode parameter.
2026-08-11 10:08:21 +0200: Memory Usage (480920K) : Starting SG13G2 LVS Options Preparations
2026-08-11 10:08:21 +0200: Memory Usage (480920K) : SG13G2 LVS flow: extraction -> alignment -> option preparation -> comparison.
2026-08-11 10:08:21 +0200: Memory Usage (480920K) : Starting SG13G2 LVS Alignment
2026-08-11 10:08:21 +0200: Memory Usage (480920K) : Starting SG13G2 LVS Simplification
2026-08-11 10:08:21 +0200: Memory Usage (480920K) : [layout_netlist] simplify: ENABLED
2026-08-11 10:08:21 +0200: Memory Usage (480920K) : [layout_netlist] make_top_level_pins: SKIPPED
2026-08-11 10:08:21 +0200: Memory Usage (480920K) : [layout_netlist] combine_devices: ENABLED
2026-08-11 10:08:21 +0200: Memory Usage (480920K) : [layout_netlist] purge: SKIPPED
2026-08-11 10:08:21 +0200: Memory Usage (480920K) : [layout_netlist] purge_nets: SKIPPED
2026-08-11 10:08:21 +0200: Memory Usage (480920K) : [schematic_netlist] simplify: ENABLED
2026-08-11 10:08:21 +0200: Memory Usage (480920K) : [schematic_netlist] make_top_level_pins: SKIPPED
2026-08-11 10:08:21 +0200: Memory Usage (480920K) : [schematic_netlist] combine_devices: ENABLED
2026-08-11 10:08:21 +0200: Memory Usage (480920K) : [schematic_netlist] purge: SKIPPED
2026-08-11 10:08:21 +0200: Memory Usage (480920K) : [schematic_netlist] purge_nets: SKIPPED
2026-08-11 10:08:21 +0200: Memory Usage (480920K) : Starting SG13G2 LVS Comparison
2026-08-11 10:08:21 +0200: Memory Usage (481048K) : ==========================================
2026-08-11 10:08:21 +0200: Memory Usage (481048K) : INFO : Congratulations! Netlists match.
2026-08-11 10:08:21 +0200: Memory Usage (481048K) : ==========================================
2026-08-11 10:08:21 +0200: Memory Usage (481048K) : LVS Total Run time 13.039854 seconds
11-Aug-2026 10:08:22 | INFO    | ==============================================================================
11-Aug-2026 10:08:22 | INFO    | Important Summary
11-Aug-2026 10:08:22 | INFO    | +------------------+--------------------------------------------------------------------------------------------+
11-Aug-2026 10:08:22 | INFO    | | Status           | PASS                                                                                       |
11-Aug-2026 10:08:22 | INFO    | | Mode             | COMPARE                                                                                    |
11-Aug-2026 10:08:22 | INFO    | | Outcome          | Comparison mode: PASS (netlists match).                                                    |
11-Aug-2026 10:08:22 | INFO    | | Layout           | sg13g2_IOPadOut16mA.gds                                                                    |
11-Aug-2026 10:08:22 | INFO    | | Top Cell         | sg13g2_IOPadOut16mA                                                                        |
11-Aug-2026 10:08:22 | INFO    | | Results Dir      | /foss/designs/ihp-open-pdk-regression/IOPADS/lvs_sweep/20260811_100703/sg13g2_IOPadOut16mA |
11-Aug-2026 10:08:22 | INFO    | | Warnings         | 0                                                                                          |
11-Aug-2026 10:08:22 | INFO    | | Errors           | 0                                                                                          |
11-Aug-2026 10:08:22 | INFO    | | Run Time (s)     | 17.975                                                                                     |
11-Aug-2026 10:08:22 | INFO    | +------------------+--------------------------------------------------------------------------------------------+
11-Aug-2026 10:08:22 | INFO    | ==============================================================================
