10-Aug-2026 18:02:28 | INFO    | Your Klayout version is: KLayout 0.30.10 (required >= 0.30.5)
10-Aug-2026 18:02:28 | INFO    | Running SG13G2 LVS checks on design /foss/designs/ihp-open-pdk-regression/IOPADS/layout/sg13g2_IOPadVdd.gds on cell sg13g2_IOPadVdd
2026-08-10 18:02:31 +0200: Memory Usage (455504K) : Starting running SG13G2 Klayout LVS runset on /foss/designs/ihp-open-pdk-regression/IOPADS/layout/sg13g2_IOPadVdd.gds
2026-08-10 18:02:31 +0200: Memory Usage (455504K) : Ruby Version for klayout: 3.2.3
2026-08-10 18:02:31 +0200: Memory Usage (456400K) : Loading database to memory is complete.
2026-08-10 18:02:31 +0200: Memory Usage (456400K) : SG13G2 Klayout LVS runset output at: /foss/designs/ihp-open-pdk-regression/IOPADS/lvs_sweep/20260810_180010/sg13g2_IOPadVdd/sg13g2_IOPadVdd.lvsdb
2026-08-10 18:02:31 +0200: Memory Usage (456400K) : Evaluate switches.
2026-08-10 18:02:31 +0200: Memory Usage (456400K) : Extracted netlist with net names: true
2026-08-10 18:02:31 +0200: Memory Usage (456400K) : Extracted netlist with comments in details: false
2026-08-10 18:02:31 +0200: Memory Usage (456400K) : Selected NET_ONLY option: false
2026-08-10 18:02:31 +0200: Memory Usage (456400K) : Selected LAYOUT_NETLIST option: (none)
2026-08-10 18:02:31 +0200: Memory Usage (456400K) : Selected IGNORE_TOP_PORTS_MISMATCH option: true
2026-08-10 18:02:31 +0200: Memory Usage (456400K) : Selected IMPLICIT_NETS option: iovss,iovdd,vss,vdd,pad,cathode,anode
2026-08-10 18:02:31 +0200: Memory Usage (456400K) : Selected TOP_LVL_PINS option: false
2026-08-10 18:02:31 +0200: Memory Usage (456400K) : Selected COMBINE DEVICES option: true
2026-08-10 18:02:31 +0200: Memory Usage (456400K) : Selected PURGE option: false
2026-08-10 18:02:31 +0200: Memory Usage (456400K) : Selected PURGE_NETS option: false
2026-08-10 18:02:31 +0200: Memory Usage (456528K) : Selected SIMPLIFY option: true
2026-08-10 18:02:31 +0200: Memory Usage (456528K) : Selected SERIES_RES option: true
2026-08-10 18:02:31 +0200: Memory Usage (456528K) : Selected PARALLEL_RES option: true
2026-08-10 18:02:31 +0200: Memory Usage (456528K) : Selected DISABLE_TAP_EXTRACTION option: false
2026-08-10 18:02:31 +0200: Memory Usage (456528K) : deep  mode is enabled.
2026-08-10 18:02:31 +0200: Memory Usage (456528K) : Applying implicit connections (case-sensitive, pattern supported) for nets: iovss, iovdd, vss, vdd, pad, cathode, anode
2026-08-10 18:02:31 +0200: Memory Usage (458192K) : Netlist file: /foss/designs/ihp-open-pdk-regression/IOPADS/netlist/pads_sub/sg13g2_IOPadVdd.spi
2026-08-10 18:02:31 +0200: Memory Usage (458192K) : LVS extracted netlist at: /foss/designs/ihp-open-pdk-regression/IOPADS/lvs_sweep/20260810_180010/sg13g2_IOPadVdd/sg13g2_IOPadVdd_extracted.cir
2026-08-10 18:02:31 +0200: Memory Usage (458192K) : Applying SRAM integration support.
2026-08-10 18:02:31 +0200: Memory Usage (458192K) : Starting SG13G2 LVS runset
2026-08-10 18:02:31 +0200: Memory Usage (458192K) : Read in polygons from layers.
2026-08-10 18:02:31 +0200: Memory Usage (459600K) : activ_drw has 40 polygons
2026-08-10 18:02:31 +0200: Memory Usage (459600K) : activ_filler has 0 polygons
2026-08-10 18:02:31 +0200: Memory Usage (459856K) : activ has 40 polygons
2026-08-10 18:02:31 +0200: Memory Usage (459856K) : activ_pin has 0 polygons
2026-08-10 18:02:31 +0200: Memory Usage (459856K) : activ_mask has 0 polygons
2026-08-10 18:02:31 +0200: Memory Usage (459856K) : activ_nofill has 0 polygons
2026-08-10 18:02:31 +0200: Memory Usage (459856K) : activ_OPC has 0 polygons
2026-08-10 18:02:31 +0200: Memory Usage (459856K) : activ_iOPC has 0 polygons
2026-08-10 18:02:31 +0200: Memory Usage (459856K) : activ_noqrc has 0 polygons
2026-08-10 18:02:31 +0200: Memory Usage (459856K) : biwind_drw has 0 polygons
2026-08-10 18:02:31 +0200: Memory Usage (459856K) : biwind_OPC has 0 polygons
2026-08-10 18:02:31 +0200: Memory Usage (459984K) : gatpoly_drw has 132 polygons
2026-08-10 18:02:31 +0200: Memory Usage (460112K) : gatpoly_filler has 0 polygons
2026-08-10 18:02:31 +0200: Memory Usage (460112K) : gatpoly has 132 polygons
2026-08-10 18:02:31 +0200: Memory Usage (460240K) : gatpoly_pin has 0 polygons
2026-08-10 18:02:31 +0200: Memory Usage (460496K) : gatpoly_nofill has 0 polygons
2026-08-10 18:02:31 +0200: Memory Usage (460624K) : gatpoly_OPC has 0 polygons
2026-08-10 18:02:31 +0200: Memory Usage (460624K) : gatpoly_iOPC has 0 polygons
2026-08-10 18:02:31 +0200: Memory Usage (460752K) : gatpoly_noqrc has 0 polygons
2026-08-10 18:02:31 +0200: Memory Usage (460752K) : cont_drw has 23192 polygons
2026-08-10 18:02:31 +0200: Memory Usage (461136K) : cont_OPC has 0 polygons
2026-08-10 18:02:31 +0200: Memory Usage (461136K) : nsd_drw has 0 polygons
2026-08-10 18:02:31 +0200: Memory Usage (461136K) : nsd_block has 0 polygons
2026-08-10 18:02:31 +0200: Memory Usage (461136K) : metal1_drw has 410 polygons
2026-08-10 18:02:31 +0200: Memory Usage (461264K) : metal1_filler has 0 polygons
2026-08-10 18:02:31 +0200: Memory Usage (461392K) : metal1_slit has 0 polygons
2026-08-10 18:02:31 +0200: Memory Usage (461648K) : metal1 has 410 polygons
2026-08-10 18:02:31 +0200: Memory Usage (461648K) : metal1_pin has 5 polygons
2026-08-10 18:02:31 +0200: Memory Usage (461776K) : metal1_mask has 0 polygons
2026-08-10 18:02:31 +0200: Memory Usage (461776K) : metal1_nofill has 0 polygons
2026-08-10 18:02:31 +0200: Memory Usage (462032K) : metal1_text has 5 polygons
2026-08-10 18:02:31 +0200: Memory Usage (462032K) : metal1_OPC has 0 polygons
2026-08-10 18:02:31 +0200: Memory Usage (462160K) : metal1_noqrc has 0 polygons
2026-08-10 18:02:31 +0200: Memory Usage (462160K) : metal1_res has 0 polygons
2026-08-10 18:02:31 +0200: Memory Usage (462288K) : metal1_iprobe has 0 polygons
2026-08-10 18:02:31 +0200: Memory Usage (462288K) : metal1_diffprb has 0 polygons
2026-08-10 18:02:31 +0200: Memory Usage (462416K) : passiv_drw has 0 polygons
2026-08-10 18:02:31 +0200: Memory Usage (462416K) : passiv_pin has 0 polygons
2026-08-10 18:02:31 +0200: Memory Usage (462544K) : passiv_sbump has 0 polygons
2026-08-10 18:02:31 +0200: Memory Usage (462544K) : passiv_pillar has 0 polygons
2026-08-10 18:02:31 +0200: Memory Usage (462672K) : passiv_pdl has 0 polygons
2026-08-10 18:02:31 +0200: Memory Usage (462672K) : metal2_drw has 87 polygons
2026-08-10 18:02:31 +0200: Memory Usage (462800K) : metal2_filler has 0 polygons
2026-08-10 18:02:31 +0200: Memory Usage (462800K) : metal2_slit has 0 polygons
2026-08-10 18:02:31 +0200: Memory Usage (463056K) : metal2 has 87 polygons
2026-08-10 18:02:31 +0200: Memory Usage (463056K) : metal2_pin has 26 polygons
2026-08-10 18:02:31 +0200: Memory Usage (463056K) : metal2_mask has 0 polygons
2026-08-10 18:02:31 +0200: Memory Usage (463184K) : metal2_nofill has 0 polygons
2026-08-10 18:02:31 +0200: Memory Usage (463312K) : metal2_text has 26 polygons
2026-08-10 18:02:31 +0200: Memory Usage (463312K) : metal2_OPC has 0 polygons
2026-08-10 18:02:31 +0200: Memory Usage (463440K) : metal2_noqrc has 0 polygons
2026-08-10 18:02:31 +0200: Memory Usage (463440K) : metal2_res has 0 polygons
2026-08-10 18:02:31 +0200: Memory Usage (463568K) : metal2_iprobe has 0 polygons
2026-08-10 18:02:31 +0200: Memory Usage (463568K) : metal2_diffprb has 0 polygons
2026-08-10 18:02:31 +0200: Memory Usage (463696K) : baspoly_drw has 0 polygons
2026-08-10 18:02:31 +0200: Memory Usage (463696K) : baspoly_pin has 0 polygons
2026-08-10 18:02:31 +0200: Memory Usage (463824K) : psd_drw has 15 polygons
2026-08-10 18:02:31 +0200: Memory Usage (463824K) : nldb_drw has 0 polygons
2026-08-10 18:02:31 +0200: Memory Usage (463952K) : digibnd_drw has 0 polygons
2026-08-10 18:02:31 +0200: Memory Usage (463952K) : via1_drw has 4146 polygons
2026-08-10 18:02:31 +0200: Memory Usage (464208K) : backmetal1_drw has 0 polygons
2026-08-10 18:02:31 +0200: Memory Usage (464208K) : backmetal1_pin has 0 polygons
2026-08-10 18:02:31 +0200: Memory Usage (464336K) : backmetal1_mask has 0 polygons
2026-08-10 18:02:31 +0200: Memory Usage (464336K) : backmetal1_filler has 0 polygons
2026-08-10 18:02:31 +0200: Memory Usage (464464K) : backmetal1_nofill has 0 polygons
2026-08-10 18:02:31 +0200: Memory Usage (464464K) : backmetal1_slit has 0 polygons
2026-08-10 18:02:31 +0200: Memory Usage (464592K) : backmetal1_text has 0 polygons
2026-08-10 18:02:31 +0200: Memory Usage (464592K) : backmetal1_OPC has 0 polygons
2026-08-10 18:02:31 +0200: Memory Usage (464592K) : backmetal1_noqrc has 0 polygons
2026-08-10 18:02:31 +0200: Memory Usage (464592K) : backmetal1_res has 0 polygons
2026-08-10 18:02:31 +0200: Memory Usage (464592K) : backmetal1_iprobe has 0 polygons
2026-08-10 18:02:31 +0200: Memory Usage (464592K) : backmetal1_diffprb has 0 polygons
2026-08-10 18:02:31 +0200: Memory Usage (464592K) : backpassiv_drw has 0 polygons
2026-08-10 18:02:31 +0200: Memory Usage (464592K) : res_drw has 0 polygons
2026-08-10 18:02:31 +0200: Memory Usage (464592K) : sram_drw has 0 polygons
2026-08-10 18:02:31 +0200: Memory Usage (464592K) : trans_drw has 0 polygons
2026-08-10 18:02:31 +0200: Memory Usage (464592K) : ind_drw has 0 polygons
2026-08-10 18:02:31 +0200: Memory Usage (464592K) : ind_pin has 0 polygons
2026-08-10 18:02:31 +0200: Memory Usage (464592K) : ind_text has 0 polygons
2026-08-10 18:02:31 +0200: Memory Usage (464592K) : salblock_drw has 1 polygons
2026-08-10 18:02:31 +0200: Memory Usage (464592K) : via2_drw has 2614 polygons
2026-08-10 18:02:31 +0200: Memory Usage (464592K) : metal3_drw has 30 polygons
2026-08-10 18:02:31 +0200: Memory Usage (464592K) : metal3_filler has 0 polygons
2026-08-10 18:02:31 +0200: Memory Usage (464592K) : metal3_slit has 0 polygons
2026-08-10 18:02:31 +0200: Memory Usage (464592K) : metal3 has 30 polygons
2026-08-10 18:02:31 +0200: Memory Usage (464592K) : metal3_pin has 8 polygons
2026-08-10 18:02:31 +0200: Memory Usage (464592K) : metal3_mask has 0 polygons
2026-08-10 18:02:31 +0200: Memory Usage (464592K) : metal3_nofill has 0 polygons
2026-08-10 18:02:31 +0200: Memory Usage (464592K) : metal3_text has 8 polygons
2026-08-10 18:02:31 +0200: Memory Usage (464592K) : metal3_OPC has 0 polygons
2026-08-10 18:02:31 +0200: Memory Usage (464592K) : metal3_noqrc has 0 polygons
2026-08-10 18:02:31 +0200: Memory Usage (464592K) : metal3_res has 0 polygons
2026-08-10 18:02:31 +0200: Memory Usage (464592K) : metal3_iprobe has 0 polygons
2026-08-10 18:02:31 +0200: Memory Usage (464592K) : metal3_diffprb has 0 polygons
2026-08-10 18:02:31 +0200: Memory Usage (464592K) : nwell_drw has 65 polygons
2026-08-10 18:02:31 +0200: Memory Usage (464592K) : nwell_pin has 0 polygons
2026-08-10 18:02:31 +0200: Memory Usage (464592K) : nwell_text has 0 polygons
2026-08-10 18:02:31 +0200: Memory Usage (464592K) : nbulay_drw has 0 polygons
2026-08-10 18:02:31 +0200: Memory Usage (464592K) : nbulay_pin has 0 polygons
2026-08-10 18:02:31 +0200: Memory Usage (464592K) : nbulay_block has 0 polygons
2026-08-10 18:02:31 +0200: Memory Usage (464592K) : emwind_drw has 0 polygons
2026-08-10 18:02:31 +0200: Memory Usage (464592K) : emwind_OPC has 0 polygons
2026-08-10 18:02:31 +0200: Memory Usage (464592K) : deepco_drw has 0 polygons
2026-08-10 18:02:31 +0200: Memory Usage (464592K) : mim_drw has 0 polygons
2026-08-10 18:02:31 +0200: Memory Usage (464592K) : edgeseal_drw has 0 polygons
2026-08-10 18:02:31 +0200: Memory Usage (464592K) : substrate_drw has 14 polygons
2026-08-10 18:02:31 +0200: Memory Usage (464592K) : substrate_text has 0 polygons
2026-08-10 18:02:31 +0200: Memory Usage (464592K) : dfpad_drw has 0 polygons
2026-08-10 18:02:31 +0200: Memory Usage (464592K) : dfpad_pillar has 0 polygons
2026-08-10 18:02:31 +0200: Memory Usage (464592K) : dfpad_sbump has 0 polygons
2026-08-10 18:02:31 +0200: Memory Usage (464592K) : thickgateox_drw has 3 polygons
2026-08-10 18:02:31 +0200: Memory Usage (464592K) : pldb_drw has 0 polygons
2026-08-10 18:02:31 +0200: Memory Usage (464592K) : pwell_drw has 0 polygons
2026-08-10 18:02:31 +0200: Memory Usage (464592K) : pwell_pin has 0 polygons
2026-08-10 18:02:31 +0200: Memory Usage (464592K) : pwell_block has 0 polygons
2026-08-10 18:02:31 +0200: Memory Usage (464592K) : ic_drw has 0 polygons
2026-08-10 18:02:31 +0200: Memory Usage (464592K) : via3_drw has 2087 polygons
2026-08-10 18:02:31 +0200: Memory Usage (464592K) : metal4_drw has 8 polygons
2026-08-10 18:02:31 +0200: Memory Usage (464592K) : metal4_filler has 0 polygons
2026-08-10 18:02:31 +0200: Memory Usage (464592K) : metal4_slit has 0 polygons
2026-08-10 18:02:31 +0200: Memory Usage (464592K) : metal4 has 8 polygons
2026-08-10 18:02:31 +0200: Memory Usage (464592K) : metal4_pin has 8 polygons
2026-08-10 18:02:31 +0200: Memory Usage (464592K) : metal4_mask has 0 polygons
2026-08-10 18:02:31 +0200: Memory Usage (464592K) : metal4_nofill has 0 polygons
2026-08-10 18:02:31 +0200: Memory Usage (464592K) : metal4_text has 8 polygons
2026-08-10 18:02:31 +0200: Memory Usage (464592K) : metal4_OPC has 0 polygons
2026-08-10 18:02:31 +0200: Memory Usage (464592K) : metal4_noqrc has 0 polygons
2026-08-10 18:02:31 +0200: Memory Usage (464592K) : metal4_res has 0 polygons
2026-08-10 18:02:31 +0200: Memory Usage (464592K) : metal4_iprobe has 0 polygons
2026-08-10 18:02:31 +0200: Memory Usage (464592K) : metal4_diffprb has 0 polygons
2026-08-10 18:02:31 +0200: Memory Usage (464592K) : heattrans_drw has 0 polygons
2026-08-10 18:02:31 +0200: Memory Usage (464592K) : heatres_drw has 0 polygons
2026-08-10 18:02:31 +0200: Memory Usage (464592K) : fbe_drw has 0 polygons
2026-08-10 18:02:31 +0200: Memory Usage (464592K) : empoly_drw has 0 polygons
2026-08-10 18:02:31 +0200: Memory Usage (464720K) : digisub_drw has 0 polygons
2026-08-10 18:02:31 +0200: Memory Usage (464720K) : text_drw has 30 polygons
2026-08-10 18:02:31 +0200: Memory Usage (464720K) : via4_drw has 2371 polygons
2026-08-10 18:02:31 +0200: Memory Usage (464848K) : metal5_drw has 8 polygons
2026-08-10 18:02:31 +0200: Memory Usage (464848K) : metal5_filler has 0 polygons
2026-08-10 18:02:31 +0200: Memory Usage (464976K) : metal5_slit has 0 polygons
2026-08-10 18:02:31 +0200: Memory Usage (465104K) : metal5 has 8 polygons
2026-08-10 18:02:31 +0200: Memory Usage (465104K) : metal5_pin has 8 polygons
2026-08-10 18:02:31 +0200: Memory Usage (465232K) : metal5_mask has 0 polygons
2026-08-10 18:02:31 +0200: Memory Usage (465360K) : metal5_nofill has 0 polygons
2026-08-10 18:02:31 +0200: Memory Usage (465360K) : metal5_text has 8 polygons
2026-08-10 18:02:31 +0200: Memory Usage (465488K) : metal5_OPC has 0 polygons
2026-08-10 18:02:31 +0200: Memory Usage (465488K) : metal5_noqrc has 0 polygons
2026-08-10 18:02:31 +0200: Memory Usage (465616K) : metal5_res has 0 polygons
2026-08-10 18:02:31 +0200: Memory Usage (465616K) : metal5_iprobe has 0 polygons
2026-08-10 18:02:31 +0200: Memory Usage (465744K) : metal5_diffprb has 0 polygons
2026-08-10 18:02:31 +0200: Memory Usage (465744K) : radhard_drw has 0 polygons
2026-08-10 18:02:31 +0200: Memory Usage (465872K) : memcap_drw has 0 polygons
2026-08-10 18:02:31 +0200: Memory Usage (465872K) : varicap_drw has 0 polygons
2026-08-10 18:02:31 +0200: Memory Usage (466000K) : intbondvia_drw has 0 polygons
2026-08-10 18:02:31 +0200: Memory Usage (466000K) : intbondmet_drw has 0 polygons
2026-08-10 18:02:31 +0200: Memory Usage (466128K) : devbondvia_drw has 0 polygons
2026-08-10 18:02:31 +0200: Memory Usage (466128K) : devbondmet_drw has 0 polygons
2026-08-10 18:02:31 +0200: Memory Usage (466256K) : devtrench_drw has 0 polygons
2026-08-10 18:02:31 +0200: Memory Usage (466384K) : redist_drw has 0 polygons
2026-08-10 18:02:31 +0200: Memory Usage (466384K) : graphbot_drw has 0 polygons
2026-08-10 18:02:31 +0200: Memory Usage (466512K) : graphtop_drw has 0 polygons
2026-08-10 18:02:31 +0200: Memory Usage (466512K) : antvia1_drw has 0 polygons
2026-08-10 18:02:31 +0200: Memory Usage (466640K) : antmetal2_drw has 0 polygons
2026-08-10 18:02:31 +0200: Memory Usage (466640K) : graphcont_drw has 0 polygons
2026-08-10 18:02:31 +0200: Memory Usage (466768K) : siwg_drw has 0 polygons
2026-08-10 18:02:31 +0200: Memory Usage (466768K) : siwg_filler has 0 polygons
2026-08-10 18:02:31 +0200: Memory Usage (466896K) : siwg_nofill has 0 polygons
2026-08-10 18:02:31 +0200: Memory Usage (466896K) : sigrating_drw has 0 polygons
2026-08-10 18:02:31 +0200: Memory Usage (467024K) : singrating_drw has 0 polygons
2026-08-10 18:02:31 +0200: Memory Usage (467152K) : graphpas_drw has 0 polygons
2026-08-10 18:02:31 +0200: Memory Usage (467152K) : emwind3_drw has 0 polygons
2026-08-10 18:02:31 +0200: Memory Usage (467280K) : emwihv3_drw has 0 polygons
2026-08-10 18:02:31 +0200: Memory Usage (467280K) : redbulay_drw has 0 polygons
2026-08-10 18:02:31 +0200: Memory Usage (467408K) : smos_drw has 0 polygons
2026-08-10 18:02:31 +0200: Memory Usage (467408K) : graphpad_drw has 0 polygons
2026-08-10 18:02:31 +0200: Memory Usage (467536K) : polimide_drw has 0 polygons
2026-08-10 18:02:31 +0200: Memory Usage (467536K) : polimide_pin has 0 polygons
2026-08-10 18:02:31 +0200: Memory Usage (467664K) : recog_drw has 0 polygons
2026-08-10 18:02:31 +0200: Memory Usage (467664K) : recog_pin has 0 polygons
2026-08-10 18:02:31 +0200: Memory Usage (467792K) : recog_esd has 0 polygons
2026-08-10 18:02:31 +0200: Memory Usage (467920K) : recog_diode has 1 polygons
2026-08-10 18:02:31 +0200: Memory Usage (467920K) : recog_tsv has 0 polygons
2026-08-10 18:02:31 +0200: Memory Usage (468048K) : recog_iprobe has 0 polygons
2026-08-10 18:02:31 +0200: Memory Usage (468048K) : recog_diffprb has 0 polygons
2026-08-10 18:02:31 +0200: Memory Usage (468176K) : recog_pillar has 0 polygons
2026-08-10 18:02:31 +0200: Memory Usage (468176K) : recog_sbump has 0 polygons
2026-08-10 18:02:31 +0200: Memory Usage (468304K) : recog_otp has 0 polygons
2026-08-10 18:02:31 +0200: Memory Usage (468304K) : recog_pdiode has 0 polygons
2026-08-10 18:02:31 +0200: Memory Usage (468432K) : recog_mom has 0 polygons
2026-08-10 18:02:31 +0200: Memory Usage (468432K) : recog_pcm has 0 polygons
2026-08-10 18:02:31 +0200: Memory Usage (468560K) : colopen_drw has 0 polygons
2026-08-10 18:02:31 +0200: Memory Usage (468560K) : graphmetal1_drw has 0 polygons
2026-08-10 18:02:31 +0200: Memory Usage (468688K) : graphmetal1_filler has 0 polygons
2026-08-10 18:02:31 +0200: Memory Usage (468816K) : graphmetal1_nofill has 0 polygons
2026-08-10 18:02:31 +0200: Memory Usage (468816K) : graphmetal1_slit has 0 polygons
2026-08-10 18:02:31 +0200: Memory Usage (468944K) : graphmetal1_OPC has 0 polygons
2026-08-10 18:02:31 +0200: Memory Usage (468944K) : graphmet1l_drw has 0 polygons
2026-08-10 18:02:31 +0200: Memory Usage (469072K) : graphmet1l_filler has 0 polygons
2026-08-10 18:02:31 +0200: Memory Usage (469072K) : graphmet1l_nofill has 0 polygons
2026-08-10 18:02:31 +0200: Memory Usage (469200K) : graphmet1l_slit has 0 polygons
2026-08-10 18:02:31 +0200: Memory Usage (469200K) : graphmet1l_OPC has 0 polygons
2026-08-10 18:02:31 +0200: Memory Usage (469328K) : extblock_drw has 1 polygons
2026-08-10 18:02:31 +0200: Memory Usage (469328K) : nldd_drw has 0 polygons
2026-08-10 18:02:31 +0200: Memory Usage (469456K) : pldd_drw has 0 polygons
2026-08-10 18:02:31 +0200: Memory Usage (469584K) : next_drw has 0 polygons
2026-08-10 18:02:31 +0200: Memory Usage (469584K) : pext_drw has 0 polygons
2026-08-10 18:02:31 +0200: Memory Usage (469712K) : nexthv_drw has 0 polygons
2026-08-10 18:02:31 +0200: Memory Usage (469712K) : pexthv_drw has 0 polygons
2026-08-10 18:02:31 +0200: Memory Usage (469840K) : graphgate_drw has 0 polygons
2026-08-10 18:02:31 +0200: Memory Usage (469840K) : sinwg_drw has 0 polygons
2026-08-10 18:02:31 +0200: Memory Usage (469968K) : sinwg_filler has 0 polygons
2026-08-10 18:02:31 +0200: Memory Usage (469968K) : sinwg_nofill has 0 polygons
2026-08-10 18:02:31 +0200: Memory Usage (470096K) : mempad_drw has 0 polygons
2026-08-10 18:02:31 +0200: Memory Usage (470096K) : topvia1_drw has 2315 polygons
2026-08-10 18:02:31 +0200: Memory Usage (470352K) : topmetal1_drw has 8 polygons
2026-08-10 18:02:31 +0200: Memory Usage (470352K) : topmetal1_filler has 0 polygons
2026-08-10 18:02:31 +0200: Memory Usage (470480K) : topmetal1_slit has 0 polygons
2026-08-10 18:02:31 +0200: Memory Usage (470608K) : topmetal1 has 8 polygons
2026-08-10 18:02:31 +0200: Memory Usage (470608K) : topmetal1_pin has 8 polygons
2026-08-10 18:02:31 +0200: Memory Usage (470736K) : topmetal1_mask has 0 polygons
2026-08-10 18:02:31 +0200: Memory Usage (470736K) : topmetal1_nofill has 0 polygons
2026-08-10 18:02:31 +0200: Memory Usage (470864K) : topmetal1_text has 8 polygons
2026-08-10 18:02:31 +0200: Memory Usage (470864K) : topmetal1_noqrc has 0 polygons
2026-08-10 18:02:31 +0200: Memory Usage (470992K) : topmetal1_res has 0 polygons
2026-08-10 18:02:31 +0200: Memory Usage (470992K) : topmetal1_iprobe has 0 polygons
2026-08-10 18:02:31 +0200: Memory Usage (471120K) : topmetal1_diffprb has 0 polygons
2026-08-10 18:02:31 +0200: Memory Usage (471120K) : inldpwl_drw has 0 polygons
2026-08-10 18:02:32 +0200: Memory Usage (471248K) : polyres_drw has 26 polygons
2026-08-10 18:02:32 +0200: Memory Usage (471248K) : polyres_pin has 0 polygons
2026-08-10 18:02:32 +0200: Memory Usage (471376K) : vmim_drw has 0 polygons
2026-08-10 18:02:32 +0200: Memory Usage (471376K) : nbulaycut_drw has 0 polygons
2026-08-10 18:02:32 +0200: Memory Usage (471504K) : antmetal1_drw has 0 polygons
2026-08-10 18:02:32 +0200: Memory Usage (471632K) : topvia2_drw has 443 polygons
2026-08-10 18:02:32 +0200: Memory Usage (471632K) : topmetal2_drw has 12 polygons
2026-08-10 18:02:32 +0200: Memory Usage (471760K) : topmetal2_filler has 0 polygons
2026-08-10 18:02:32 +0200: Memory Usage (471760K) : topmetal2_slit has 0 polygons
2026-08-10 18:02:32 +0200: Memory Usage (471888K) : topmetal2 has 12 polygons
2026-08-10 18:02:32 +0200: Memory Usage (472016K) : topmetal2_pin has 12 polygons
2026-08-10 18:02:32 +0200: Memory Usage (472016K) : topmetal2_mask has 0 polygons
2026-08-10 18:02:32 +0200: Memory Usage (472144K) : topmetal2_nofill has 0 polygons
2026-08-10 18:02:32 +0200: Memory Usage (472144K) : topmetal2_text has 12 polygons
2026-08-10 18:02:32 +0200: Memory Usage (472272K) : topmetal2_noqrc has 0 polygons
2026-08-10 18:02:32 +0200: Memory Usage (472272K) : topmetal2_res has 0 polygons
2026-08-10 18:02:32 +0200: Memory Usage (472400K) : topmetal2_iprobe has 0 polygons
2026-08-10 18:02:32 +0200: Memory Usage (472400K) : topmetal2_diffprb has 0 polygons
2026-08-10 18:02:32 +0200: Memory Usage (472528K) : snsring_drw has 0 polygons
2026-08-10 18:02:32 +0200: Memory Usage (472528K) : sensor_drw has 0 polygons
2026-08-10 18:02:32 +0200: Memory Usage (472656K) : snsarms_drw has 0 polygons
2026-08-10 18:02:32 +0200: Memory Usage (472784K) : snscmosvia_drw has 0 polygons
2026-08-10 18:02:32 +0200: Memory Usage (472784K) : colwind_drw has 0 polygons
2026-08-10 18:02:32 +0200: Memory Usage (472912K) : flm_drw has 0 polygons
2026-08-10 18:02:32 +0200: Memory Usage (472912K) : hafniumox_drw has 0 polygons
2026-08-10 18:02:32 +0200: Memory Usage (473040K) : memvia_drw has 0 polygons
2026-08-10 18:02:32 +0200: Memory Usage (473040K) : thinfilmres_drw has 0 polygons
2026-08-10 18:02:32 +0200: Memory Usage (473168K) : rfmem_drw has 0 polygons
2026-08-10 18:02:32 +0200: Memory Usage (473168K) : norcx_drw has 0 polygons
2026-08-10 18:02:32 +0200: Memory Usage (473296K) : norcx_m2m3 has 0 polygons
2026-08-10 18:02:32 +0200: Memory Usage (473424K) : norcx_m2m4 has 0 polygons
2026-08-10 18:02:32 +0200: Memory Usage (473424K) : norcx_m2m5 has 0 polygons
2026-08-10 18:02:32 +0200: Memory Usage (473552K) : norcx_m2tm1 has 0 polygons
2026-08-10 18:02:32 +0200: Memory Usage (473552K) : norcx_m2tm2 has 0 polygons
2026-08-10 18:02:32 +0200: Memory Usage (473680K) : norcx_m3m4 has 0 polygons
2026-08-10 18:02:32 +0200: Memory Usage (473680K) : norcx_m3m5 has 0 polygons
2026-08-10 18:02:32 +0200: Memory Usage (473808K) : norcx_m3tm1 has 0 polygons
2026-08-10 18:02:32 +0200: Memory Usage (473808K) : norcx_m3tm2 has 0 polygons
2026-08-10 18:02:32 +0200: Memory Usage (473936K) : norcx_m4m5 has 0 polygons
2026-08-10 18:02:32 +0200: Memory Usage (473936K) : norcx_m4tm1 has 0 polygons
2026-08-10 18:02:32 +0200: Memory Usage (474064K) : norcx_m4tm2 has 0 polygons
2026-08-10 18:02:32 +0200: Memory Usage (474064K) : norcx_m5tm1 has 0 polygons
2026-08-10 18:02:32 +0200: Memory Usage (474192K) : norcx_m5tm2 has 0 polygons
2026-08-10 18:02:32 +0200: Memory Usage (474320K) : norcx_tm1tm2 has 0 polygons
2026-08-10 18:02:32 +0200: Memory Usage (474320K) : norcx_m1sub has 0 polygons
2026-08-10 18:02:32 +0200: Memory Usage (474448K) : norcx_m2sub has 0 polygons
2026-08-10 18:02:32 +0200: Memory Usage (474448K) : norcx_m3sub has 0 polygons
2026-08-10 18:02:32 +0200: Memory Usage (474576K) : norcx_m4sub has 0 polygons
2026-08-10 18:02:32 +0200: Memory Usage (474576K) : norcx_m5sub has 0 polygons
2026-08-10 18:02:32 +0200: Memory Usage (474704K) : norcx_tm1sub has 0 polygons
2026-08-10 18:02:32 +0200: Memory Usage (474704K) : norcx_tm2sub has 0 polygons
2026-08-10 18:02:32 +0200: Memory Usage (474832K) : snsbotvia_drw has 0 polygons
2026-08-10 18:02:32 +0200: Memory Usage (474832K) : snstopvia_drw has 0 polygons
2026-08-10 18:02:32 +0200: Memory Usage (474960K) : deepvia_drw has 0 polygons
2026-08-10 18:02:32 +0200: Memory Usage (475088K) : fgetch_drw has 0 polygons
2026-08-10 18:02:32 +0200: Memory Usage (475088K) : ctrgat_drw has 0 polygons
2026-08-10 18:02:32 +0200: Memory Usage (475216K) : fgimp_drw has 0 polygons
2026-08-10 18:02:32 +0200: Memory Usage (475216K) : emwihv_drw has 0 polygons
2026-08-10 18:02:32 +0200: Memory Usage (475344K) : lbe_drw has 0 polygons
2026-08-10 18:02:32 +0200: Memory Usage (475472K) : alcustop_drw has 0 polygons
2026-08-10 18:02:32 +0200: Memory Usage (475472K) : nometfiller_drw has 0 polygons
2026-08-10 18:02:32 +0200: Memory Usage (475600K) : prboundary_drw has 0 polygons
2026-08-10 18:02:32 +0200: Memory Usage (475600K) : exchange0_drw has 0 polygons
2026-08-10 18:02:32 +0200: Memory Usage (475728K) : exchange0_pin has 0 polygons
2026-08-10 18:02:32 +0200: Memory Usage (475728K) : exchange0_text has 0 polygons
2026-08-10 18:02:32 +0200: Memory Usage (475856K) : exchange1_drw has 0 polygons
2026-08-10 18:02:32 +0200: Memory Usage (475856K) : exchange1_pin has 0 polygons
2026-08-10 18:02:32 +0200: Memory Usage (475984K) : exchange1_text has 0 polygons
2026-08-10 18:02:32 +0200: Memory Usage (475984K) : exchange2_drw has 0 polygons
2026-08-10 18:02:32 +0200: Memory Usage (476112K) : exchange2_pin has 0 polygons
2026-08-10 18:02:32 +0200: Memory Usage (476112K) : exchange2_text has 0 polygons
2026-08-10 18:02:32 +0200: Memory Usage (476112K) : exchange3_drw has 0 polygons
2026-08-10 18:02:32 +0200: Memory Usage (476112K) : exchange3_pin has 0 polygons
2026-08-10 18:02:32 +0200: Memory Usage (476112K) : exchange3_text has 0 polygons
2026-08-10 18:02:32 +0200: Memory Usage (476112K) : exchange4_drw has 0 polygons
2026-08-10 18:02:32 +0200: Memory Usage (476112K) : exchange4_pin has 0 polygons
2026-08-10 18:02:32 +0200: Memory Usage (476112K) : exchange4_text has 0 polygons
2026-08-10 18:02:32 +0200: Memory Usage (476112K) : isonwell_drw has 0 polygons
2026-08-10 18:02:32 +0200: Memory Usage (476112K) : Total no. of polygons in the design is 38209
2026-08-10 18:02:32 +0200: Memory Usage (476112K) : Starting base layers derivations
2026-08-10 18:02:32 +0200: Memory Usage (476112K) : Starting general LVS derivations
2026-08-10 18:02:32 +0200: Memory Usage (480080K) : Starting MOSFET DERIVATIONS
2026-08-10 18:02:32 +0200: Memory Usage (488016K) : Starting NMOS DERIVATIONS
2026-08-10 18:02:32 +0200: Memory Usage (488016K) : Starting PMOS DERIVATIONS
2026-08-10 18:02:32 +0200: Memory Usage (488016K) : Starting RF-MOSFET DERIVATIONS
2026-08-10 18:02:32 +0200: Memory Usage (488016K) : Starting RF-NMOS DERIVATIONS
2026-08-10 18:02:32 +0200: Memory Usage (488016K) : Starting RF-PMOS DERIVATIONS
2026-08-10 18:02:32 +0200: Memory Usage (488016K) : Starting BJT DERIVATIONS
2026-08-10 18:02:32 +0200: Memory Usage (488016K) : Starting NPN-BJT DERIVATIONS
2026-08-10 18:02:32 +0200: Memory Usage (488016K) : Starting PNP-BJT DERIVATIONS
2026-08-10 18:02:32 +0200: Memory Usage (488016K) : Starting DIODE DERIVATIONS
2026-08-10 18:02:33 +0200: Memory Usage (488016K) : Starting RESISTOR DERIVATIONS
2026-08-10 18:02:33 +0200: Memory Usage (488144K) : Starting CAP DERIVATIONS
2026-08-10 18:02:33 +0200: Memory Usage (488144K) : Starting CAP_CMOM DERIVATIONS
2026-08-10 18:02:33 +0200: Memory Usage (488144K) : Starting ESD DERIVATIONS
2026-08-10 18:02:33 +0200: Memory Usage (488144K) : Starting Inductor DERIVATIONS
2026-08-10 18:02:34 +0200: Memory Usage (488144K) : Starting Taps DERIVATIONS
2026-08-10 18:02:34 +0200: Memory Usage (488144K) : Starting SG13G2 LVS connectivity setup
2026-08-10 18:02:34 +0200: Memory Usage (488144K) : Starting SG13G2 LVS connectivity setup (Inter-layer)
2026-08-10 18:02:34 +0200: Memory Usage (488272K) : Starting SG13G2 LVS connectivity setup (Global)
2026-08-10 18:02:34 +0200: Memory Usage (488272K) : Starting LVS MOSFET CONNECTIONS
2026-08-10 18:02:34 +0200: Memory Usage (488272K) : Starting LVS RF-MOSFET CONNECTIONS
2026-08-10 18:02:34 +0200: Memory Usage (488272K) : Starting LVS BJT CONNECTIONS
2026-08-10 18:02:34 +0200: Memory Usage (488272K) : Starting LVS DIODE CONNECTIONS
2026-08-10 18:02:34 +0200: Memory Usage (488272K) : Starting RESISTOR CONNECTIONS
2026-08-10 18:02:34 +0200: Memory Usage (488272K) : Starting LVS CAP CONNECTIONS
2026-08-10 18:02:34 +0200: Memory Usage (488272K) : Starting CAP_CMOM CONNECTIONS
2026-08-10 18:02:34 +0200: Memory Usage (488272K) : Starting ESD CONNECTIONS
2026-08-10 18:02:34 +0200: Memory Usage (488272K) : Starting Inductor CONNECTIONS
2026-08-10 18:02:34 +0200: Memory Usage (488272K) : Starting LVS Taps CONNECTIONS
2026-08-10 18:02:34 +0200: Memory Usage (488272K) : Starting SG13G2 LVS DEVICES EXTRACTION
2026-08-10 18:02:34 +0200: Memory Usage (488272K) : Starting MOSFET EXTRACTION
2026-08-10 18:02:34 +0200: Memory Usage (488272K) : Starting NMOS EXTRACTION
2026-08-10 18:02:34 +0200: Memory Usage (488272K) : Extraction of NMOS-LV transistor
2026-08-10 18:02:34 +0200: Memory Usage (488400K) : Extraction of NMOS-HV transistor
2026-08-10 18:02:34 +0200: Memory Usage (488528K) : Starting PMOS EXTRACTION
2026-08-10 18:02:34 +0200: Memory Usage (488528K) : Extraction of PMOS-LV transistor
2026-08-10 18:02:34 +0200: Memory Usage (488528K) : Extraction of PMOS-HV transistor
2026-08-10 18:02:34 +0200: Memory Usage (488528K) : Starting RF-MOSFET EXTRACTION
2026-08-10 18:02:34 +0200: Memory Usage (488528K) : Extraction of RF-NMOS-LV transistor
2026-08-10 18:02:34 +0200: Memory Usage (488528K) : Extraction of RF-NMOS-HV transistor
2026-08-10 18:02:34 +0200: Memory Usage (488528K) : Extraction of RF-PMOS-LV transistor
2026-08-10 18:02:34 +0200: Memory Usage (488528K) : Extraction of RF-PMOS-HV transistor
2026-08-10 18:02:34 +0200: Memory Usage (488528K) : Starting BJT EXTRACTION
2026-08-10 18:02:34 +0200: Memory Usage (488528K) : Starting NPN-BJT EXTRACTION
2026-08-10 18:02:34 +0200: Memory Usage (488528K) : Extraction of npn13G2 BJT transistor
2026-08-10 18:02:34 +0200: Memory Usage (488528K) : Extraction of npn13G2L BJT transistor
2026-08-10 18:02:34 +0200: Memory Usage (488528K) : Extraction of npn13G2V BJT transistor
2026-08-10 18:02:34 +0200: Memory Usage (488528K) : Starting PNP-BJT EXTRACTION
2026-08-10 18:02:34 +0200: Memory Usage (488528K) : Extracting pnpMPA BJT
2026-08-10 18:02:34 +0200: Memory Usage (488528K) : Starting DIODE EXTRACTION
2026-08-10 18:02:34 +0200: Memory Usage (488528K) : Extracting dantenna diode
2026-08-10 18:02:34 +0200: Memory Usage (488528K) : Extracting dpantenna diode
2026-08-10 18:02:34 +0200: Memory Usage (488528K) : Extracting schottky_nbl1 diode
2026-08-10 18:02:34 +0200: Memory Usage (488528K) : Extracting isolbox diode
2026-08-10 18:02:34 +0200: Memory Usage (488528K) : Starting RESISTOR EXTRACTION
2026-08-10 18:02:34 +0200: Memory Usage (488528K) : Extracting rsil resistor
2026-08-10 18:02:34 +0200: Memory Usage (488528K) : Extracting rppd resistor
2026-08-10 18:02:34 +0200: Memory Usage (488656K) : Extracting rhigh resistor
2026-08-10 18:02:34 +0200: Memory Usage (488656K) : Extracting res_metal1 resistor
2026-08-10 18:02:34 +0200: Memory Usage (488656K) : Extracting res_metal2 resistor
2026-08-10 18:02:34 +0200: Memory Usage (488656K) : Extracting res_metal3 resistor
2026-08-10 18:02:34 +0200: Memory Usage (488656K) : Extracting res_metal4 resistor
2026-08-10 18:02:34 +0200: Memory Usage (488656K) : Extracting res_metal5 resistor
2026-08-10 18:02:34 +0200: Memory Usage (488656K) : Extracting res_topmetal1 resistor
2026-08-10 18:02:34 +0200: Memory Usage (488656K) : Extracting res_topmetal2 resistor
2026-08-10 18:02:34 +0200: Memory Usage (488656K) : Starting CAP EXTRACTION
2026-08-10 18:02:34 +0200: Memory Usage (488656K) : Extracting cap_cmim device
2026-08-10 18:02:34 +0200: Memory Usage (488656K) : Extracting rfcmim device
2026-08-10 18:02:34 +0200: Memory Usage (488656K) : Extracting sg13_hv_svaricap varactor
2026-08-10 18:02:34 +0200: Memory Usage (488656K) : Extracting cap_cmomi device
2026-08-10 18:02:34 +0200: Memory Usage (488656K) : Extracting sg13_moscap_n capacitor
2026-08-10 18:02:34 +0200: Memory Usage (488656K) : Extracting sg13_moscap_p capacitor
2026-08-10 18:02:34 +0200: Memory Usage (488656K) : Starting ESD EXTRACTION
2026-08-10 18:02:34 +0200: Memory Usage (488656K) : Extracting diodevdd_2kv ESD device
2026-08-10 18:02:34 +0200: Memory Usage (488656K) : Extracting diodevdd_4kv ESD device
2026-08-10 18:02:34 +0200: Memory Usage (488656K) : Extracting diodevss_2kv ESD device
2026-08-10 18:02:34 +0200: Memory Usage (488656K) : Extracting diodevss_4kv ESD device
2026-08-10 18:02:34 +0200: Memory Usage (488656K) : Extracting idiodevdd_2kv ESD device
2026-08-10 18:02:34 +0200: Memory Usage (488656K) : Extracting idiodevdd_4kv ESD device
2026-08-10 18:02:34 +0200: Memory Usage (488656K) : Extracting idiodevss_2kv ESD device
2026-08-10 18:02:34 +0200: Memory Usage (488656K) : Extracting idiodevss_4kv ESD device
2026-08-10 18:02:34 +0200: Memory Usage (488656K) : Extracting nmoscl_2 ESD device
2026-08-10 18:02:34 +0200: Memory Usage (488656K) : Extracting nmoscl_4 ESD device
2026-08-10 18:02:34 +0200: Memory Usage (488656K) : Starting Inductor EXTRACTION
2026-08-10 18:02:34 +0200: Memory Usage (488656K) : Extracting Inductor2 device
2026-08-10 18:02:34 +0200: Memory Usage (488656K) : Extracting Inductor3 device
2026-08-10 18:02:34 +0200: Memory Usage (488656K) : Starting Taps EXTRACTION
2026-08-10 18:02:34 +0200: Memory Usage (488656K) : Extracting ntap1 device
2026-08-10 18:02:34 +0200: Memory Usage (488656K) : Extracting ptap1 device
2026-08-10 18:02:34 +0200: Memory Usage (488656K) : Starting SG13G2 LVS RF MOS Model Mapping
2026-08-10 18:02:34 +0200: Memory Usage (488912K) : [layout_netlist] Apply RF MOS model mapping and rfmode parameter.
2026-08-10 18:02:34 +0200: Memory Usage (488912K) : Starting SG13G2 LVS Options Preparations
2026-08-10 18:02:34 +0200: Memory Usage (488912K) : SG13G2 LVS flow: extraction -> alignment -> option preparation -> comparison.
2026-08-10 18:02:34 +0200: Memory Usage (488912K) : Starting SG13G2 LVS Alignment
2026-08-10 18:02:34 +0200: Memory Usage (489040K) : Starting SG13G2 LVS Simplification
2026-08-10 18:02:34 +0200: Memory Usage (489040K) : [layout_netlist] simplify: ENABLED
2026-08-10 18:02:34 +0200: Memory Usage (489040K) : [layout_netlist] make_top_level_pins: SKIPPED
2026-08-10 18:02:34 +0200: Memory Usage (489040K) : [layout_netlist] combine_devices: ENABLED
2026-08-10 18:02:34 +0200: Memory Usage (489040K) : [layout_netlist] purge: SKIPPED
2026-08-10 18:02:34 +0200: Memory Usage (489040K) : [layout_netlist] purge_nets: SKIPPED
2026-08-10 18:02:34 +0200: Memory Usage (489040K) : [schematic_netlist] simplify: ENABLED
2026-08-10 18:02:34 +0200: Memory Usage (489040K) : [schematic_netlist] make_top_level_pins: SKIPPED
2026-08-10 18:02:34 +0200: Memory Usage (489040K) : [schematic_netlist] combine_devices: ENABLED
2026-08-10 18:02:34 +0200: Memory Usage (489040K) : [schematic_netlist] purge: SKIPPED
2026-08-10 18:02:34 +0200: Memory Usage (489040K) : [schematic_netlist] purge_nets: SKIPPED
2026-08-10 18:02:34 +0200: Memory Usage (489040K) : Starting SG13G2 LVS Comparison
2026-08-10 18:02:34 +0200: Memory Usage (489168K) : ==========================================
2026-08-10 18:02:34 +0200: Memory Usage (489168K) : INFO : Congratulations! Netlists match.
2026-08-10 18:02:34 +0200: Memory Usage (489168K) : ==========================================
2026-08-10 18:02:34 +0200: Memory Usage (489168K) : LVS Total Run time 3.650135 seconds
10-Aug-2026 18:02:35 | INFO    | ==============================================================================
10-Aug-2026 18:02:35 | INFO    | Important Summary
10-Aug-2026 18:02:35 | INFO    | +------------------+----------------------------------------------------------------------------------------+
10-Aug-2026 18:02:35 | INFO    | | Status           | PASS                                                                                   |
10-Aug-2026 18:02:35 | INFO    | | Mode             | COMPARE                                                                                |
10-Aug-2026 18:02:35 | INFO    | | Outcome          | Comparison mode: PASS (netlists match).                                                |
10-Aug-2026 18:02:35 | INFO    | | Layout           | sg13g2_IOPadVdd.gds                                                                    |
10-Aug-2026 18:02:35 | INFO    | | Top Cell         | sg13g2_IOPadVdd                                                                        |
10-Aug-2026 18:02:35 | INFO    | | Results Dir      | /foss/designs/ihp-open-pdk-regression/IOPADS/lvs_sweep/20260810_180010/sg13g2_IOPadVdd |
10-Aug-2026 18:02:35 | INFO    | | Warnings         | 0                                                                                      |
10-Aug-2026 18:02:35 | INFO    | | Errors           | 0                                                                                      |
10-Aug-2026 18:02:35 | INFO    | | Run Time (s)     | 6.964                                                                                  |
10-Aug-2026 18:02:35 | INFO    | +------------------+----------------------------------------------------------------------------------------+
10-Aug-2026 18:02:35 | INFO    | ==============================================================================
