# Logfile created on 2026-08-10 18:01:42 +0200 by logger.rb/v1.5.3
2026-08-10 18:01:42 +0200: Memory Usage (455288K) : Starting running SG13G2 Klayout LVS runset on /foss/designs/ihp-open-pdk-regression/IOPADS/layout/sg13g2_IOPadOut30mA.gds
2026-08-10 18:01:42 +0200: Memory Usage (455288K) : Ruby Version for klayout: 3.2.3
2026-08-10 18:01:42 +0200: Memory Usage (456824K) : Loading database to memory is complete.
2026-08-10 18:01:42 +0200: Memory Usage (456824K) : SG13G2 Klayout LVS runset output at: /foss/designs/ihp-open-pdk-regression/IOPADS/lvs_sweep/20260810_180010/sg13g2_IOPadOut30mA/sg13g2_IOPadOut30mA.lvsdb
2026-08-10 18:01:42 +0200: Memory Usage (456824K) : Evaluate switches.
2026-08-10 18:01:42 +0200: Memory Usage (456824K) : Extracted netlist with net names: true
2026-08-10 18:01:42 +0200: Memory Usage (456824K) : Extracted netlist with comments in details: false
2026-08-10 18:01:42 +0200: Memory Usage (456824K) : Selected NET_ONLY option: false
2026-08-10 18:01:42 +0200: Memory Usage (456824K) : Selected LAYOUT_NETLIST option: (none)
2026-08-10 18:01:42 +0200: Memory Usage (456824K) : Selected IGNORE_TOP_PORTS_MISMATCH option: true
2026-08-10 18:01:42 +0200: Memory Usage (456824K) : Selected IMPLICIT_NETS option: iovss,iovdd,vss,vdd,pad,cathode,anode
2026-08-10 18:01:42 +0200: Memory Usage (456824K) : Selected TOP_LVL_PINS option: false
2026-08-10 18:01:42 +0200: Memory Usage (456824K) : Selected COMBINE DEVICES option: true
2026-08-10 18:01:42 +0200: Memory Usage (456824K) : Selected PURGE option: false
2026-08-10 18:01:42 +0200: Memory Usage (456824K) : Selected PURGE_NETS option: false
2026-08-10 18:01:42 +0200: Memory Usage (456952K) : Selected SIMPLIFY option: true
2026-08-10 18:01:42 +0200: Memory Usage (456952K) : Selected SERIES_RES option: true
2026-08-10 18:01:42 +0200: Memory Usage (456952K) : Selected PARALLEL_RES option: true
2026-08-10 18:01:42 +0200: Memory Usage (456952K) : Selected DISABLE_TAP_EXTRACTION option: false
2026-08-10 18:01:42 +0200: Memory Usage (456952K) : deep  mode is enabled.
2026-08-10 18:01:42 +0200: Memory Usage (456952K) : Applying implicit connections (case-sensitive, pattern supported) for nets: iovss, iovdd, vss, vdd, pad, cathode, anode
2026-08-10 18:01:42 +0200: Memory Usage (458360K) : Netlist file: /foss/designs/ihp-open-pdk-regression/IOPADS/netlist/pads_sub/sg13g2_IOPadOut30mA.spi
2026-08-10 18:01:42 +0200: Memory Usage (458360K) : LVS extracted netlist at: /foss/designs/ihp-open-pdk-regression/IOPADS/lvs_sweep/20260810_180010/sg13g2_IOPadOut30mA/sg13g2_IOPadOut30mA_extracted.cir
2026-08-10 18:01:42 +0200: Memory Usage (458360K) : Applying SRAM integration support.
2026-08-10 18:01:42 +0200: Memory Usage (458360K) : Starting SG13G2 LVS runset
2026-08-10 18:01:42 +0200: Memory Usage (458360K) : Read in polygons from layers.
2026-08-10 18:01:42 +0200: Memory Usage (459896K) : activ_drw has 77 polygons
2026-08-10 18:01:42 +0200: Memory Usage (459896K) : activ_filler has 0 polygons
2026-08-10 18:01:42 +0200: Memory Usage (460024K) : activ has 77 polygons
2026-08-10 18:01:42 +0200: Memory Usage (460024K) : activ_pin has 0 polygons
2026-08-10 18:01:42 +0200: Memory Usage (460024K) : activ_mask has 0 polygons
2026-08-10 18:01:42 +0200: Memory Usage (460024K) : activ_nofill has 0 polygons
2026-08-10 18:01:42 +0200: Memory Usage (460152K) : activ_OPC has 0 polygons
2026-08-10 18:01:42 +0200: Memory Usage (460152K) : activ_iOPC has 0 polygons
2026-08-10 18:01:42 +0200: Memory Usage (460280K) : activ_noqrc has 0 polygons
2026-08-10 18:01:42 +0200: Memory Usage (460280K) : biwind_drw has 0 polygons
2026-08-10 18:01:42 +0200: Memory Usage (460408K) : biwind_OPC has 0 polygons
2026-08-10 18:01:42 +0200: Memory Usage (460408K) : gatpoly_drw has 54 polygons
2026-08-10 18:01:42 +0200: Memory Usage (460536K) : gatpoly_filler has 0 polygons
2026-08-10 18:01:42 +0200: Memory Usage (460536K) : gatpoly has 54 polygons
2026-08-10 18:01:42 +0200: Memory Usage (460664K) : gatpoly_pin has 0 polygons
2026-08-10 18:01:42 +0200: Memory Usage (460664K) : gatpoly_nofill has 0 polygons
2026-08-10 18:01:42 +0200: Memory Usage (460792K) : gatpoly_OPC has 0 polygons
2026-08-10 18:01:42 +0200: Memory Usage (460792K) : gatpoly_iOPC has 0 polygons
2026-08-10 18:01:42 +0200: Memory Usage (460920K) : gatpoly_noqrc has 0 polygons
2026-08-10 18:01:42 +0200: Memory Usage (462456K) : cont_drw has 46536 polygons
2026-08-10 18:01:42 +0200: Memory Usage (462456K) : cont_OPC has 0 polygons
2026-08-10 18:01:42 +0200: Memory Usage (462456K) : nsd_drw has 0 polygons
2026-08-10 18:01:42 +0200: Memory Usage (462456K) : nsd_block has 0 polygons
2026-08-10 18:01:42 +0200: Memory Usage (462456K) : metal1_drw has 322 polygons
2026-08-10 18:01:42 +0200: Memory Usage (462456K) : metal1_filler has 0 polygons
2026-08-10 18:01:42 +0200: Memory Usage (462456K) : metal1_slit has 0 polygons
2026-08-10 18:01:42 +0200: Memory Usage (462840K) : metal1 has 322 polygons
2026-08-10 18:01:42 +0200: Memory Usage (462840K) : metal1_pin has 26 polygons
2026-08-10 18:01:42 +0200: Memory Usage (462840K) : metal1_mask has 0 polygons
2026-08-10 18:01:42 +0200: Memory Usage (462840K) : metal1_nofill has 0 polygons
2026-08-10 18:01:42 +0200: Memory Usage (463096K) : metal1_text has 26 polygons
2026-08-10 18:01:42 +0200: Memory Usage (463096K) : metal1_OPC has 0 polygons
2026-08-10 18:01:42 +0200: Memory Usage (463224K) : metal1_noqrc has 0 polygons
2026-08-10 18:01:42 +0200: Memory Usage (463224K) : metal1_res has 0 polygons
2026-08-10 18:01:42 +0200: Memory Usage (463352K) : metal1_iprobe has 0 polygons
2026-08-10 18:01:42 +0200: Memory Usage (463352K) : metal1_diffprb has 0 polygons
2026-08-10 18:01:42 +0200: Memory Usage (463480K) : passiv_drw has 0 polygons
2026-08-10 18:01:42 +0200: Memory Usage (463480K) : passiv_pin has 0 polygons
2026-08-10 18:01:42 +0200: Memory Usage (463608K) : passiv_sbump has 0 polygons
2026-08-10 18:01:42 +0200: Memory Usage (463608K) : passiv_pillar has 0 polygons
2026-08-10 18:01:42 +0200: Memory Usage (463736K) : passiv_pdl has 0 polygons
2026-08-10 18:01:42 +0200: Memory Usage (463736K) : metal2_drw has 95 polygons
2026-08-10 18:01:42 +0200: Memory Usage (463864K) : metal2_filler has 0 polygons
2026-08-10 18:01:42 +0200: Memory Usage (463864K) : metal2_slit has 0 polygons
2026-08-10 18:01:42 +0200: Memory Usage (464120K) : metal2 has 95 polygons
2026-08-10 18:01:42 +0200: Memory Usage (464120K) : metal2_pin has 28 polygons
2026-08-10 18:01:42 +0200: Memory Usage (464248K) : metal2_mask has 0 polygons
2026-08-10 18:01:42 +0200: Memory Usage (464376K) : metal2_nofill has 0 polygons
2026-08-10 18:01:42 +0200: Memory Usage (464376K) : metal2_text has 27 polygons
2026-08-10 18:01:42 +0200: Memory Usage (464376K) : metal2_OPC has 0 polygons
2026-08-10 18:01:42 +0200: Memory Usage (464504K) : metal2_noqrc has 0 polygons
2026-08-10 18:01:42 +0200: Memory Usage (464504K) : metal2_res has 0 polygons
2026-08-10 18:01:42 +0200: Memory Usage (464504K) : metal2_iprobe has 0 polygons
2026-08-10 18:01:42 +0200: Memory Usage (464504K) : metal2_diffprb has 0 polygons
2026-08-10 18:01:42 +0200: Memory Usage (464504K) : baspoly_drw has 0 polygons
2026-08-10 18:01:42 +0200: Memory Usage (464504K) : baspoly_pin has 0 polygons
2026-08-10 18:01:42 +0200: Memory Usage (464504K) : psd_drw has 30 polygons
2026-08-10 18:01:42 +0200: Memory Usage (464504K) : nldb_drw has 0 polygons
2026-08-10 18:01:42 +0200: Memory Usage (464504K) : digibnd_drw has 0 polygons
2026-08-10 18:01:42 +0200: Memory Usage (464504K) : via1_drw has 1834 polygons
2026-08-10 18:01:42 +0200: Memory Usage (464504K) : backmetal1_drw has 0 polygons
2026-08-10 18:01:42 +0200: Memory Usage (464504K) : backmetal1_pin has 0 polygons
2026-08-10 18:01:42 +0200: Memory Usage (464504K) : backmetal1_mask has 0 polygons
2026-08-10 18:01:42 +0200: Memory Usage (464504K) : backmetal1_filler has 0 polygons
2026-08-10 18:01:42 +0200: Memory Usage (464504K) : backmetal1_nofill has 0 polygons
2026-08-10 18:01:42 +0200: Memory Usage (464504K) : backmetal1_slit has 0 polygons
2026-08-10 18:01:42 +0200: Memory Usage (464504K) : backmetal1_text has 0 polygons
2026-08-10 18:01:42 +0200: Memory Usage (464504K) : backmetal1_OPC has 0 polygons
2026-08-10 18:01:42 +0200: Memory Usage (464504K) : backmetal1_noqrc has 0 polygons
2026-08-10 18:01:42 +0200: Memory Usage (464504K) : backmetal1_res has 0 polygons
2026-08-10 18:01:42 +0200: Memory Usage (464504K) : backmetal1_iprobe has 0 polygons
2026-08-10 18:01:42 +0200: Memory Usage (464504K) : backmetal1_diffprb has 0 polygons
2026-08-10 18:01:42 +0200: Memory Usage (464504K) : backpassiv_drw has 0 polygons
2026-08-10 18:01:42 +0200: Memory Usage (464504K) : res_drw has 0 polygons
2026-08-10 18:01:42 +0200: Memory Usage (464504K) : sram_drw has 0 polygons
2026-08-10 18:01:42 +0200: Memory Usage (464504K) : trans_drw has 0 polygons
2026-08-10 18:01:42 +0200: Memory Usage (464504K) : ind_drw has 0 polygons
2026-08-10 18:01:42 +0200: Memory Usage (464504K) : ind_pin has 0 polygons
2026-08-10 18:01:42 +0200: Memory Usage (464504K) : ind_text has 0 polygons
2026-08-10 18:01:42 +0200: Memory Usage (464504K) : salblock_drw has 0 polygons
2026-08-10 18:01:42 +0200: Memory Usage (464504K) : via2_drw has 1661 polygons
2026-08-10 18:01:42 +0200: Memory Usage (464504K) : metal3_drw has 25 polygons
2026-08-10 18:01:42 +0200: Memory Usage (464504K) : metal3_filler has 0 polygons
2026-08-10 18:01:42 +0200: Memory Usage (464504K) : metal3_slit has 0 polygons
2026-08-10 18:01:42 +0200: Memory Usage (464504K) : metal3 has 25 polygons
2026-08-10 18:01:42 +0200: Memory Usage (464504K) : metal3_pin has 9 polygons
2026-08-10 18:01:42 +0200: Memory Usage (464504K) : metal3_mask has 0 polygons
2026-08-10 18:01:42 +0200: Memory Usage (464504K) : metal3_nofill has 0 polygons
2026-08-10 18:01:42 +0200: Memory Usage (464504K) : metal3_text has 9 polygons
2026-08-10 18:01:42 +0200: Memory Usage (464504K) : metal3_OPC has 0 polygons
2026-08-10 18:01:42 +0200: Memory Usage (464504K) : metal3_noqrc has 0 polygons
2026-08-10 18:01:42 +0200: Memory Usage (464504K) : metal3_res has 0 polygons
2026-08-10 18:01:42 +0200: Memory Usage (464504K) : metal3_iprobe has 0 polygons
2026-08-10 18:01:42 +0200: Memory Usage (464504K) : metal3_diffprb has 0 polygons
2026-08-10 18:01:42 +0200: Memory Usage (464504K) : nwell_drw has 21 polygons
2026-08-10 18:01:42 +0200: Memory Usage (464504K) : nwell_pin has 0 polygons
2026-08-10 18:01:42 +0200: Memory Usage (464504K) : nwell_text has 0 polygons
2026-08-10 18:01:42 +0200: Memory Usage (464504K) : nbulay_drw has 0 polygons
2026-08-10 18:01:42 +0200: Memory Usage (464504K) : nbulay_pin has 0 polygons
2026-08-10 18:01:42 +0200: Memory Usage (464504K) : nbulay_block has 0 polygons
2026-08-10 18:01:42 +0200: Memory Usage (464504K) : emwind_drw has 0 polygons
2026-08-10 18:01:42 +0200: Memory Usage (464504K) : emwind_OPC has 0 polygons
2026-08-10 18:01:42 +0200: Memory Usage (464504K) : deepco_drw has 0 polygons
2026-08-10 18:01:42 +0200: Memory Usage (464504K) : mim_drw has 0 polygons
2026-08-10 18:01:42 +0200: Memory Usage (464504K) : edgeseal_drw has 0 polygons
2026-08-10 18:01:42 +0200: Memory Usage (464504K) : substrate_drw has 22 polygons
2026-08-10 18:01:42 +0200: Memory Usage (464504K) : substrate_text has 0 polygons
2026-08-10 18:01:42 +0200: Memory Usage (464504K) : dfpad_drw has 0 polygons
2026-08-10 18:01:42 +0200: Memory Usage (464504K) : dfpad_pillar has 0 polygons
2026-08-10 18:01:42 +0200: Memory Usage (464504K) : dfpad_sbump has 0 polygons
2026-08-10 18:01:42 +0200: Memory Usage (464504K) : thickgateox_drw has 4 polygons
2026-08-10 18:01:42 +0200: Memory Usage (464504K) : pldb_drw has 0 polygons
2026-08-10 18:01:42 +0200: Memory Usage (464504K) : pwell_drw has 0 polygons
2026-08-10 18:01:42 +0200: Memory Usage (464632K) : pwell_pin has 0 polygons
2026-08-10 18:01:42 +0200: Memory Usage (464632K) : pwell_block has 0 polygons
2026-08-10 18:01:42 +0200: Memory Usage (464760K) : ic_drw has 0 polygons
2026-08-10 18:01:43 +0200: Memory Usage (464888K) : via3_drw has 2087 polygons
2026-08-10 18:01:43 +0200: Memory Usage (465016K) : metal4_drw has 8 polygons
2026-08-10 18:01:43 +0200: Memory Usage (465016K) : metal4_filler has 0 polygons
2026-08-10 18:01:43 +0200: Memory Usage (465144K) : metal4_slit has 0 polygons
2026-08-10 18:01:43 +0200: Memory Usage (465272K) : metal4 has 8 polygons
2026-08-10 18:01:43 +0200: Memory Usage (465272K) : metal4_pin has 8 polygons
2026-08-10 18:01:43 +0200: Memory Usage (465400K) : metal4_mask has 0 polygons
2026-08-10 18:01:43 +0200: Memory Usage (465400K) : metal4_nofill has 0 polygons
2026-08-10 18:01:43 +0200: Memory Usage (465528K) : metal4_text has 8 polygons
2026-08-10 18:01:43 +0200: Memory Usage (465528K) : metal4_OPC has 0 polygons
2026-08-10 18:01:43 +0200: Memory Usage (465656K) : metal4_noqrc has 0 polygons
2026-08-10 18:01:43 +0200: Memory Usage (465656K) : metal4_res has 0 polygons
2026-08-10 18:01:43 +0200: Memory Usage (465784K) : metal4_iprobe has 0 polygons
2026-08-10 18:01:43 +0200: Memory Usage (465784K) : metal4_diffprb has 0 polygons
2026-08-10 18:01:43 +0200: Memory Usage (465912K) : heattrans_drw has 0 polygons
2026-08-10 18:01:43 +0200: Memory Usage (466040K) : heatres_drw has 0 polygons
2026-08-10 18:01:43 +0200: Memory Usage (466040K) : fbe_drw has 0 polygons
2026-08-10 18:01:43 +0200: Memory Usage (466168K) : empoly_drw has 0 polygons
2026-08-10 18:01:43 +0200: Memory Usage (466168K) : digisub_drw has 0 polygons
2026-08-10 18:01:43 +0200: Memory Usage (466296K) : text_drw has 14 polygons
2026-08-10 18:01:43 +0200: Memory Usage (466296K) : via4_drw has 2371 polygons
2026-08-10 18:01:43 +0200: Memory Usage (466424K) : metal5_drw has 8 polygons
2026-08-10 18:01:43 +0200: Memory Usage (466552K) : metal5_filler has 0 polygons
2026-08-10 18:01:43 +0200: Memory Usage (466552K) : metal5_slit has 0 polygons
2026-08-10 18:01:43 +0200: Memory Usage (466680K) : metal5 has 8 polygons
2026-08-10 18:01:43 +0200: Memory Usage (466808K) : metal5_pin has 8 polygons
2026-08-10 18:01:43 +0200: Memory Usage (466808K) : metal5_mask has 0 polygons
2026-08-10 18:01:43 +0200: Memory Usage (466936K) : metal5_nofill has 0 polygons
2026-08-10 18:01:43 +0200: Memory Usage (466936K) : metal5_text has 8 polygons
2026-08-10 18:01:43 +0200: Memory Usage (467064K) : metal5_OPC has 0 polygons
2026-08-10 18:01:43 +0200: Memory Usage (467064K) : metal5_noqrc has 0 polygons
2026-08-10 18:01:43 +0200: Memory Usage (467192K) : metal5_res has 0 polygons
2026-08-10 18:01:43 +0200: Memory Usage (467192K) : metal5_iprobe has 0 polygons
2026-08-10 18:01:43 +0200: Memory Usage (467320K) : metal5_diffprb has 0 polygons
2026-08-10 18:01:43 +0200: Memory Usage (467320K) : radhard_drw has 0 polygons
2026-08-10 18:01:43 +0200: Memory Usage (467448K) : memcap_drw has 0 polygons
2026-08-10 18:01:43 +0200: Memory Usage (467576K) : varicap_drw has 0 polygons
2026-08-10 18:01:43 +0200: Memory Usage (467576K) : intbondvia_drw has 0 polygons
2026-08-10 18:01:43 +0200: Memory Usage (467704K) : intbondmet_drw has 0 polygons
2026-08-10 18:01:43 +0200: Memory Usage (467704K) : devbondvia_drw has 0 polygons
2026-08-10 18:01:43 +0200: Memory Usage (467832K) : devbondmet_drw has 0 polygons
2026-08-10 18:01:43 +0200: Memory Usage (467832K) : devtrench_drw has 0 polygons
2026-08-10 18:01:43 +0200: Memory Usage (467960K) : redist_drw has 0 polygons
2026-08-10 18:01:43 +0200: Memory Usage (467960K) : graphbot_drw has 0 polygons
2026-08-10 18:01:43 +0200: Memory Usage (468088K) : graphtop_drw has 0 polygons
2026-08-10 18:01:43 +0200: Memory Usage (468088K) : antvia1_drw has 0 polygons
2026-08-10 18:01:43 +0200: Memory Usage (468216K) : antmetal2_drw has 0 polygons
2026-08-10 18:01:43 +0200: Memory Usage (468344K) : graphcont_drw has 0 polygons
2026-08-10 18:01:43 +0200: Memory Usage (468344K) : siwg_drw has 0 polygons
2026-08-10 18:01:43 +0200: Memory Usage (468472K) : siwg_filler has 0 polygons
2026-08-10 18:01:43 +0200: Memory Usage (468472K) : siwg_nofill has 0 polygons
2026-08-10 18:01:43 +0200: Memory Usage (468600K) : sigrating_drw has 0 polygons
2026-08-10 18:01:43 +0200: Memory Usage (468600K) : singrating_drw has 0 polygons
2026-08-10 18:01:43 +0200: Memory Usage (468728K) : graphpas_drw has 0 polygons
2026-08-10 18:01:43 +0200: Memory Usage (468728K) : emwind3_drw has 0 polygons
2026-08-10 18:01:43 +0200: Memory Usage (468856K) : emwihv3_drw has 0 polygons
2026-08-10 18:01:43 +0200: Memory Usage (468856K) : redbulay_drw has 0 polygons
2026-08-10 18:01:43 +0200: Memory Usage (468984K) : smos_drw has 0 polygons
2026-08-10 18:01:43 +0200: Memory Usage (469112K) : graphpad_drw has 0 polygons
2026-08-10 18:01:43 +0200: Memory Usage (469112K) : polimide_drw has 0 polygons
2026-08-10 18:01:43 +0200: Memory Usage (469240K) : polimide_pin has 0 polygons
2026-08-10 18:01:43 +0200: Memory Usage (469240K) : recog_drw has 0 polygons
2026-08-10 18:01:43 +0200: Memory Usage (469368K) : recog_pin has 0 polygons
2026-08-10 18:01:43 +0200: Memory Usage (469368K) : recog_esd has 0 polygons
2026-08-10 18:01:43 +0200: Memory Usage (469496K) : recog_diode has 7 polygons
2026-08-10 18:01:43 +0200: Memory Usage (469496K) : recog_tsv has 0 polygons
2026-08-10 18:01:43 +0200: Memory Usage (469624K) : recog_iprobe has 0 polygons
2026-08-10 18:01:43 +0200: Memory Usage (469624K) : recog_diffprb has 0 polygons
2026-08-10 18:01:43 +0200: Memory Usage (469752K) : recog_pillar has 0 polygons
2026-08-10 18:01:43 +0200: Memory Usage (469752K) : recog_sbump has 0 polygons
2026-08-10 18:01:43 +0200: Memory Usage (469880K) : recog_otp has 0 polygons
2026-08-10 18:01:43 +0200: Memory Usage (470008K) : recog_pdiode has 0 polygons
2026-08-10 18:01:43 +0200: Memory Usage (470008K) : recog_mom has 0 polygons
2026-08-10 18:01:43 +0200: Memory Usage (470136K) : recog_pcm has 0 polygons
2026-08-10 18:01:43 +0200: Memory Usage (470136K) : colopen_drw has 0 polygons
2026-08-10 18:01:43 +0200: Memory Usage (470264K) : graphmetal1_drw has 0 polygons
2026-08-10 18:01:43 +0200: Memory Usage (470264K) : graphmetal1_filler has 0 polygons
2026-08-10 18:01:43 +0200: Memory Usage (470392K) : graphmetal1_nofill has 0 polygons
2026-08-10 18:01:43 +0200: Memory Usage (470392K) : graphmetal1_slit has 0 polygons
2026-08-10 18:01:43 +0200: Memory Usage (470392K) : graphmetal1_OPC has 0 polygons
2026-08-10 18:01:43 +0200: Memory Usage (470392K) : graphmet1l_drw has 0 polygons
2026-08-10 18:01:43 +0200: Memory Usage (470392K) : graphmet1l_filler has 0 polygons
2026-08-10 18:01:43 +0200: Memory Usage (470392K) : graphmet1l_nofill has 0 polygons
2026-08-10 18:01:43 +0200: Memory Usage (470392K) : graphmet1l_slit has 0 polygons
2026-08-10 18:01:43 +0200: Memory Usage (470392K) : graphmet1l_OPC has 0 polygons
2026-08-10 18:01:43 +0200: Memory Usage (470392K) : extblock_drw has 0 polygons
2026-08-10 18:01:43 +0200: Memory Usage (470392K) : nldd_drw has 0 polygons
2026-08-10 18:01:43 +0200: Memory Usage (470392K) : pldd_drw has 0 polygons
2026-08-10 18:01:43 +0200: Memory Usage (470392K) : next_drw has 0 polygons
2026-08-10 18:01:43 +0200: Memory Usage (470392K) : pext_drw has 0 polygons
2026-08-10 18:01:43 +0200: Memory Usage (470392K) : nexthv_drw has 0 polygons
2026-08-10 18:01:43 +0200: Memory Usage (470392K) : pexthv_drw has 0 polygons
2026-08-10 18:01:43 +0200: Memory Usage (470392K) : graphgate_drw has 0 polygons
2026-08-10 18:01:43 +0200: Memory Usage (470392K) : sinwg_drw has 0 polygons
2026-08-10 18:01:43 +0200: Memory Usage (470392K) : sinwg_filler has 0 polygons
2026-08-10 18:01:43 +0200: Memory Usage (470392K) : sinwg_nofill has 0 polygons
2026-08-10 18:01:43 +0200: Memory Usage (470392K) : mempad_drw has 0 polygons
2026-08-10 18:01:43 +0200: Memory Usage (470392K) : topvia1_drw has 2315 polygons
2026-08-10 18:01:43 +0200: Memory Usage (470392K) : topmetal1_drw has 8 polygons
2026-08-10 18:01:43 +0200: Memory Usage (470392K) : topmetal1_filler has 0 polygons
2026-08-10 18:01:43 +0200: Memory Usage (470392K) : topmetal1_slit has 0 polygons
2026-08-10 18:01:43 +0200: Memory Usage (470392K) : topmetal1 has 8 polygons
2026-08-10 18:01:43 +0200: Memory Usage (470392K) : topmetal1_pin has 8 polygons
2026-08-10 18:01:43 +0200: Memory Usage (470392K) : topmetal1_mask has 0 polygons
2026-08-10 18:01:43 +0200: Memory Usage (470392K) : topmetal1_nofill has 0 polygons
2026-08-10 18:01:43 +0200: Memory Usage (470392K) : topmetal1_text has 8 polygons
2026-08-10 18:01:43 +0200: Memory Usage (470392K) : topmetal1_noqrc has 0 polygons
2026-08-10 18:01:43 +0200: Memory Usage (470392K) : topmetal1_res has 0 polygons
2026-08-10 18:01:43 +0200: Memory Usage (470392K) : topmetal1_iprobe has 0 polygons
2026-08-10 18:01:43 +0200: Memory Usage (470392K) : topmetal1_diffprb has 0 polygons
2026-08-10 18:01:43 +0200: Memory Usage (470392K) : inldpwl_drw has 0 polygons
2026-08-10 18:01:43 +0200: Memory Usage (470392K) : polyres_drw has 0 polygons
2026-08-10 18:01:43 +0200: Memory Usage (470392K) : polyres_pin has 0 polygons
2026-08-10 18:01:43 +0200: Memory Usage (470392K) : vmim_drw has 0 polygons
2026-08-10 18:01:43 +0200: Memory Usage (470392K) : nbulaycut_drw has 0 polygons
2026-08-10 18:01:43 +0200: Memory Usage (470392K) : antmetal1_drw has 0 polygons
2026-08-10 18:01:43 +0200: Memory Usage (470392K) : topvia2_drw has 1593 polygons
2026-08-10 18:01:43 +0200: Memory Usage (470392K) : topmetal2_drw has 6 polygons
2026-08-10 18:01:43 +0200: Memory Usage (470392K) : topmetal2_filler has 0 polygons
2026-08-10 18:01:43 +0200: Memory Usage (470392K) : topmetal2_slit has 0 polygons
2026-08-10 18:01:43 +0200: Memory Usage (470392K) : topmetal2 has 6 polygons
2026-08-10 18:01:43 +0200: Memory Usage (470392K) : topmetal2_pin has 6 polygons
2026-08-10 18:01:43 +0200: Memory Usage (470392K) : topmetal2_mask has 0 polygons
2026-08-10 18:01:43 +0200: Memory Usage (470392K) : topmetal2_nofill has 0 polygons
2026-08-10 18:01:43 +0200: Memory Usage (470392K) : topmetal2_text has 6 polygons
2026-08-10 18:01:43 +0200: Memory Usage (470392K) : topmetal2_noqrc has 0 polygons
2026-08-10 18:01:43 +0200: Memory Usage (470392K) : topmetal2_res has 0 polygons
2026-08-10 18:01:43 +0200: Memory Usage (470392K) : topmetal2_iprobe has 0 polygons
2026-08-10 18:01:43 +0200: Memory Usage (470392K) : topmetal2_diffprb has 0 polygons
2026-08-10 18:01:43 +0200: Memory Usage (470392K) : snsring_drw has 0 polygons
2026-08-10 18:01:43 +0200: Memory Usage (470392K) : sensor_drw has 0 polygons
2026-08-10 18:01:43 +0200: Memory Usage (470392K) : snsarms_drw has 0 polygons
2026-08-10 18:01:43 +0200: Memory Usage (470392K) : snscmosvia_drw has 0 polygons
2026-08-10 18:01:43 +0200: Memory Usage (470392K) : colwind_drw has 0 polygons
2026-08-10 18:01:43 +0200: Memory Usage (470392K) : flm_drw has 0 polygons
2026-08-10 18:01:43 +0200: Memory Usage (470392K) : hafniumox_drw has 0 polygons
2026-08-10 18:01:43 +0200: Memory Usage (470392K) : memvia_drw has 0 polygons
2026-08-10 18:01:43 +0200: Memory Usage (470392K) : thinfilmres_drw has 0 polygons
2026-08-10 18:01:43 +0200: Memory Usage (470392K) : rfmem_drw has 0 polygons
2026-08-10 18:01:43 +0200: Memory Usage (470392K) : norcx_drw has 0 polygons
2026-08-10 18:01:43 +0200: Memory Usage (470392K) : norcx_m2m3 has 0 polygons
2026-08-10 18:01:43 +0200: Memory Usage (470392K) : norcx_m2m4 has 0 polygons
2026-08-10 18:01:43 +0200: Memory Usage (470392K) : norcx_m2m5 has 0 polygons
2026-08-10 18:01:43 +0200: Memory Usage (470392K) : norcx_m2tm1 has 0 polygons
2026-08-10 18:01:43 +0200: Memory Usage (470392K) : norcx_m2tm2 has 0 polygons
2026-08-10 18:01:43 +0200: Memory Usage (470392K) : norcx_m3m4 has 0 polygons
2026-08-10 18:01:43 +0200: Memory Usage (470392K) : norcx_m3m5 has 0 polygons
2026-08-10 18:01:43 +0200: Memory Usage (470392K) : norcx_m3tm1 has 0 polygons
2026-08-10 18:01:43 +0200: Memory Usage (470392K) : norcx_m3tm2 has 0 polygons
2026-08-10 18:01:43 +0200: Memory Usage (470392K) : norcx_m4m5 has 0 polygons
2026-08-10 18:01:43 +0200: Memory Usage (470392K) : norcx_m4tm1 has 0 polygons
2026-08-10 18:01:43 +0200: Memory Usage (470392K) : norcx_m4tm2 has 0 polygons
2026-08-10 18:01:43 +0200: Memory Usage (470392K) : norcx_m5tm1 has 0 polygons
2026-08-10 18:01:43 +0200: Memory Usage (470392K) : norcx_m5tm2 has 0 polygons
2026-08-10 18:01:43 +0200: Memory Usage (470392K) : norcx_tm1tm2 has 0 polygons
2026-08-10 18:01:43 +0200: Memory Usage (470392K) : norcx_m1sub has 0 polygons
2026-08-10 18:01:43 +0200: Memory Usage (470392K) : norcx_m2sub has 0 polygons
2026-08-10 18:01:43 +0200: Memory Usage (470392K) : norcx_m3sub has 0 polygons
2026-08-10 18:01:43 +0200: Memory Usage (470392K) : norcx_m4sub has 0 polygons
2026-08-10 18:01:43 +0200: Memory Usage (470392K) : norcx_m5sub has 0 polygons
2026-08-10 18:01:43 +0200: Memory Usage (470392K) : norcx_tm1sub has 0 polygons
2026-08-10 18:01:43 +0200: Memory Usage (470392K) : norcx_tm2sub has 0 polygons
2026-08-10 18:01:43 +0200: Memory Usage (470392K) : snsbotvia_drw has 0 polygons
2026-08-10 18:01:43 +0200: Memory Usage (470392K) : snstopvia_drw has 0 polygons
2026-08-10 18:01:43 +0200: Memory Usage (470392K) : deepvia_drw has 0 polygons
2026-08-10 18:01:43 +0200: Memory Usage (470392K) : fgetch_drw has 0 polygons
2026-08-10 18:01:43 +0200: Memory Usage (470392K) : ctrgat_drw has 0 polygons
2026-08-10 18:01:43 +0200: Memory Usage (470392K) : fgimp_drw has 0 polygons
2026-08-10 18:01:43 +0200: Memory Usage (470392K) : emwihv_drw has 0 polygons
2026-08-10 18:01:43 +0200: Memory Usage (470392K) : lbe_drw has 0 polygons
2026-08-10 18:01:43 +0200: Memory Usage (470392K) : alcustop_drw has 0 polygons
2026-08-10 18:01:43 +0200: Memory Usage (470392K) : nometfiller_drw has 0 polygons
2026-08-10 18:01:43 +0200: Memory Usage (470392K) : prboundary_drw has 0 polygons
2026-08-10 18:01:43 +0200: Memory Usage (470392K) : exchange0_drw has 0 polygons
2026-08-10 18:01:43 +0200: Memory Usage (470392K) : exchange0_pin has 0 polygons
2026-08-10 18:01:43 +0200: Memory Usage (470392K) : exchange0_text has 0 polygons
2026-08-10 18:01:43 +0200: Memory Usage (470392K) : exchange1_drw has 0 polygons
2026-08-10 18:01:43 +0200: Memory Usage (470392K) : exchange1_pin has 0 polygons
2026-08-10 18:01:43 +0200: Memory Usage (470392K) : exchange1_text has 0 polygons
2026-08-10 18:01:43 +0200: Memory Usage (470392K) : exchange2_drw has 0 polygons
2026-08-10 18:01:43 +0200: Memory Usage (470392K) : exchange2_pin has 0 polygons
2026-08-10 18:01:43 +0200: Memory Usage (470392K) : exchange2_text has 0 polygons
2026-08-10 18:01:43 +0200: Memory Usage (470392K) : exchange3_drw has 0 polygons
2026-08-10 18:01:43 +0200: Memory Usage (470392K) : exchange3_pin has 0 polygons
2026-08-10 18:01:43 +0200: Memory Usage (470392K) : exchange3_text has 0 polygons
2026-08-10 18:01:43 +0200: Memory Usage (470392K) : exchange4_drw has 0 polygons
2026-08-10 18:01:43 +0200: Memory Usage (470392K) : exchange4_pin has 0 polygons
2026-08-10 18:01:43 +0200: Memory Usage (470392K) : exchange4_text has 0 polygons
2026-08-10 18:01:43 +0200: Memory Usage (470392K) : isonwell_drw has 0 polygons
2026-08-10 18:01:43 +0200: Memory Usage (470392K) : Total no. of polygons in the design is 59283
2026-08-10 18:01:43 +0200: Memory Usage (470392K) : Starting base layers derivations
2026-08-10 18:01:43 +0200: Memory Usage (470392K) : Starting general LVS derivations
2026-08-10 18:01:44 +0200: Memory Usage (474872K) : Starting MOSFET DERIVATIONS
2026-08-10 18:01:45 +0200: Memory Usage (475288K) : Starting NMOS DERIVATIONS
2026-08-10 18:01:45 +0200: Memory Usage (475288K) : Starting PMOS DERIVATIONS
2026-08-10 18:01:45 +0200: Memory Usage (475288K) : Starting RF-MOSFET DERIVATIONS
2026-08-10 18:01:45 +0200: Memory Usage (475288K) : Starting RF-NMOS DERIVATIONS
2026-08-10 18:01:45 +0200: Memory Usage (475288K) : Starting RF-PMOS DERIVATIONS
2026-08-10 18:01:45 +0200: Memory Usage (475288K) : Starting BJT DERIVATIONS
2026-08-10 18:01:45 +0200: Memory Usage (475288K) : Starting NPN-BJT DERIVATIONS
2026-08-10 18:01:45 +0200: Memory Usage (475288K) : Starting PNP-BJT DERIVATIONS
2026-08-10 18:01:45 +0200: Memory Usage (475288K) : Starting DIODE DERIVATIONS
2026-08-10 18:01:46 +0200: Memory Usage (475672K) : Starting RESISTOR DERIVATIONS
2026-08-10 18:01:46 +0200: Memory Usage (475672K) : Starting CAP DERIVATIONS
2026-08-10 18:01:46 +0200: Memory Usage (475672K) : Starting CAP_CMOM DERIVATIONS
2026-08-10 18:01:46 +0200: Memory Usage (475672K) : Starting ESD DERIVATIONS
2026-08-10 18:01:46 +0200: Memory Usage (480152K) : Starting Inductor DERIVATIONS
2026-08-10 18:01:46 +0200: Memory Usage (482328K) : Starting Taps DERIVATIONS
2026-08-10 18:01:46 +0200: Memory Usage (482328K) : Starting SG13G2 LVS connectivity setup
2026-08-10 18:01:46 +0200: Memory Usage (482328K) : Starting SG13G2 LVS connectivity setup (Inter-layer)
2026-08-10 18:01:46 +0200: Memory Usage (482456K) : Starting SG13G2 LVS connectivity setup (Global)
2026-08-10 18:01:46 +0200: Memory Usage (482456K) : Starting LVS MOSFET CONNECTIONS
2026-08-10 18:01:46 +0200: Memory Usage (482456K) : Starting LVS RF-MOSFET CONNECTIONS
2026-08-10 18:01:46 +0200: Memory Usage (482456K) : Starting LVS BJT CONNECTIONS
2026-08-10 18:01:46 +0200: Memory Usage (482456K) : Starting LVS DIODE CONNECTIONS
2026-08-10 18:01:46 +0200: Memory Usage (482456K) : Starting RESISTOR CONNECTIONS
2026-08-10 18:01:46 +0200: Memory Usage (482456K) : Starting LVS CAP CONNECTIONS
2026-08-10 18:01:46 +0200: Memory Usage (482456K) : Starting CAP_CMOM CONNECTIONS
2026-08-10 18:01:46 +0200: Memory Usage (482456K) : Starting ESD CONNECTIONS
2026-08-10 18:01:46 +0200: Memory Usage (482456K) : Starting Inductor CONNECTIONS
2026-08-10 18:01:46 +0200: Memory Usage (482456K) : Starting LVS Taps CONNECTIONS
2026-08-10 18:01:46 +0200: Memory Usage (482456K) : Starting SG13G2 LVS DEVICES EXTRACTION
2026-08-10 18:01:46 +0200: Memory Usage (482456K) : Starting MOSFET EXTRACTION
2026-08-10 18:01:46 +0200: Memory Usage (482456K) : Starting NMOS EXTRACTION
2026-08-10 18:01:46 +0200: Memory Usage (482456K) : Extraction of NMOS-LV transistor
2026-08-10 18:01:46 +0200: Memory Usage (482712K) : Extraction of NMOS-HV transistor
2026-08-10 18:01:46 +0200: Memory Usage (482712K) : Starting PMOS EXTRACTION
2026-08-10 18:01:46 +0200: Memory Usage (482712K) : Extraction of PMOS-LV transistor
2026-08-10 18:01:46 +0200: Memory Usage (482712K) : Extraction of PMOS-HV transistor
2026-08-10 18:01:46 +0200: Memory Usage (482712K) : Starting RF-MOSFET EXTRACTION
2026-08-10 18:01:46 +0200: Memory Usage (482712K) : Extraction of RF-NMOS-LV transistor
2026-08-10 18:01:46 +0200: Memory Usage (482712K) : Extraction of RF-NMOS-HV transistor
2026-08-10 18:01:46 +0200: Memory Usage (482712K) : Extraction of RF-PMOS-LV transistor
2026-08-10 18:01:46 +0200: Memory Usage (482712K) : Extraction of RF-PMOS-HV transistor
2026-08-10 18:01:46 +0200: Memory Usage (482712K) : Starting BJT EXTRACTION
2026-08-10 18:01:46 +0200: Memory Usage (482712K) : Starting NPN-BJT EXTRACTION
2026-08-10 18:01:46 +0200: Memory Usage (482712K) : Extraction of npn13G2 BJT transistor
2026-08-10 18:01:46 +0200: Memory Usage (482712K) : Extraction of npn13G2L BJT transistor
2026-08-10 18:01:46 +0200: Memory Usage (482712K) : Extraction of npn13G2V BJT transistor
2026-08-10 18:01:46 +0200: Memory Usage (482712K) : Starting PNP-BJT EXTRACTION
2026-08-10 18:01:46 +0200: Memory Usage (482712K) : Extracting pnpMPA BJT
2026-08-10 18:01:46 +0200: Memory Usage (482712K) : Starting DIODE EXTRACTION
2026-08-10 18:01:46 +0200: Memory Usage (482712K) : Extracting dantenna diode
2026-08-10 18:01:46 +0200: Memory Usage (482712K) : Extracting dpantenna diode
2026-08-10 18:01:46 +0200: Memory Usage (482712K) : Extracting schottky_nbl1 diode
2026-08-10 18:01:46 +0200: Memory Usage (482712K) : Extracting isolbox diode
2026-08-10 18:01:46 +0200: Memory Usage (482712K) : Starting RESISTOR EXTRACTION
2026-08-10 18:01:46 +0200: Memory Usage (482712K) : Extracting rsil resistor
2026-08-10 18:01:46 +0200: Memory Usage (482712K) : Extracting rppd resistor
2026-08-10 18:01:46 +0200: Memory Usage (482712K) : Extracting rhigh resistor
2026-08-10 18:01:46 +0200: Memory Usage (482712K) : Extracting res_metal1 resistor
2026-08-10 18:01:46 +0200: Memory Usage (482712K) : Extracting res_metal2 resistor
2026-08-10 18:01:46 +0200: Memory Usage (482712K) : Extracting res_metal3 resistor
2026-08-10 18:01:46 +0200: Memory Usage (482712K) : Extracting res_metal4 resistor
2026-08-10 18:01:46 +0200: Memory Usage (482712K) : Extracting res_metal5 resistor
2026-08-10 18:01:46 +0200: Memory Usage (482712K) : Extracting res_topmetal1 resistor
2026-08-10 18:01:46 +0200: Memory Usage (482712K) : Extracting res_topmetal2 resistor
2026-08-10 18:01:46 +0200: Memory Usage (482712K) : Starting CAP EXTRACTION
2026-08-10 18:01:46 +0200: Memory Usage (482712K) : Extracting cap_cmim device
2026-08-10 18:01:46 +0200: Memory Usage (482712K) : Extracting rfcmim device
2026-08-10 18:01:46 +0200: Memory Usage (482712K) : Extracting sg13_hv_svaricap varactor
2026-08-10 18:01:46 +0200: Memory Usage (482712K) : Extracting cap_cmomi device
2026-08-10 18:01:46 +0200: Memory Usage (482712K) : Extracting sg13_moscap_n capacitor
2026-08-10 18:01:46 +0200: Memory Usage (482712K) : Extracting sg13_moscap_p capacitor
2026-08-10 18:01:46 +0200: Memory Usage (482712K) : Starting ESD EXTRACTION
2026-08-10 18:01:46 +0200: Memory Usage (482712K) : Extracting diodevdd_2kv ESD device
2026-08-10 18:01:46 +0200: Memory Usage (482712K) : Extracting diodevdd_4kv ESD device
2026-08-10 18:01:46 +0200: Memory Usage (482712K) : Extracting diodevss_2kv ESD device
2026-08-10 18:01:46 +0200: Memory Usage (482712K) : Extracting diodevss_4kv ESD device
2026-08-10 18:01:46 +0200: Memory Usage (482712K) : Extracting idiodevdd_2kv ESD device
2026-08-10 18:01:46 +0200: Memory Usage (482712K) : Extracting idiodevdd_4kv ESD device
2026-08-10 18:01:46 +0200: Memory Usage (482712K) : Extracting idiodevss_2kv ESD device
2026-08-10 18:01:46 +0200: Memory Usage (482712K) : Extracting idiodevss_4kv ESD device
2026-08-10 18:01:46 +0200: Memory Usage (482712K) : Extracting nmoscl_2 ESD device
2026-08-10 18:01:46 +0200: Memory Usage (482712K) : Extracting nmoscl_4 ESD device
2026-08-10 18:01:46 +0200: Memory Usage (482712K) : Starting Inductor EXTRACTION
2026-08-10 18:01:46 +0200: Memory Usage (482712K) : Extracting Inductor2 device
2026-08-10 18:01:46 +0200: Memory Usage (482712K) : Extracting Inductor3 device
2026-08-10 18:01:47 +0200: Memory Usage (482712K) : Starting Taps EXTRACTION
2026-08-10 18:01:47 +0200: Memory Usage (482712K) : Extracting ntap1 device
2026-08-10 18:01:47 +0200: Memory Usage (482712K) : Extracting ptap1 device
2026-08-10 18:01:47 +0200: Memory Usage (482712K) : Starting SG13G2 LVS RF MOS Model Mapping
2026-08-10 18:01:47 +0200: Memory Usage (488984K) : [layout_netlist] Apply RF MOS model mapping and rfmode parameter.
2026-08-10 18:01:47 +0200: Memory Usage (488984K) : Starting SG13G2 LVS Options Preparations
2026-08-10 18:01:47 +0200: Memory Usage (488984K) : SG13G2 LVS flow: extraction -> alignment -> option preparation -> comparison.
2026-08-10 18:01:47 +0200: Memory Usage (488984K) : Starting SG13G2 LVS Alignment
2026-08-10 18:01:47 +0200: Memory Usage (489112K) : Starting SG13G2 LVS Simplification
2026-08-10 18:01:47 +0200: Memory Usage (489112K) : [layout_netlist] simplify: ENABLED
2026-08-10 18:01:47 +0200: Memory Usage (489112K) : [layout_netlist] make_top_level_pins: SKIPPED
2026-08-10 18:01:47 +0200: Memory Usage (489112K) : [layout_netlist] combine_devices: ENABLED
2026-08-10 18:01:47 +0200: Memory Usage (489112K) : [layout_netlist] purge: SKIPPED
2026-08-10 18:01:47 +0200: Memory Usage (489112K) : [layout_netlist] purge_nets: SKIPPED
2026-08-10 18:01:47 +0200: Memory Usage (489112K) : [schematic_netlist] simplify: ENABLED
2026-08-10 18:01:47 +0200: Memory Usage (489112K) : [schematic_netlist] make_top_level_pins: SKIPPED
2026-08-10 18:01:47 +0200: Memory Usage (489112K) : [schematic_netlist] combine_devices: ENABLED
2026-08-10 18:01:47 +0200: Memory Usage (489112K) : [schematic_netlist] purge: SKIPPED
2026-08-10 18:01:47 +0200: Memory Usage (489112K) : [schematic_netlist] purge_nets: SKIPPED
2026-08-10 18:01:47 +0200: Memory Usage (489112K) : Starting SG13G2 LVS Comparison
2026-08-10 18:01:47 +0200: Memory Usage (489240K) : ==========================================
2026-08-10 18:01:47 +0200: Memory Usage (489240K) : INFO : Congratulations! Netlists match.
2026-08-10 18:01:47 +0200: Memory Usage (489240K) : ==========================================
2026-08-10 18:01:47 +0200: Memory Usage (489240K) : LVS Total Run time 5.361186 seconds
