# Logfile created on 2026-08-11 13:52:11 +0200 by logger.rb/v1.5.3
2026-08-11 13:52:11 +0200: Memory Usage (455160K) : Starting running SG13G2 Klayout LVS runset on /foss/designs/ihp-open-pdk-regression/IOPADS/layout/sg13g2_IOPadIOVdd.gds
2026-08-11 13:52:11 +0200: Memory Usage (455160K) : Ruby Version for klayout: 3.2.3
2026-08-11 13:52:11 +0200: Memory Usage (456312K) : Loading database to memory is complete.
2026-08-11 13:52:11 +0200: Memory Usage (456312K) : SG13G2 Klayout LVS runset output at: /foss/designs/ihp-open-pdk-regression/IOPADS/lvs_sweep/20260811_135105/sg13g2_IOPadIOVdd/sg13g2_IOPadIOVdd.lvsdb
2026-08-11 13:52:11 +0200: Memory Usage (456312K) : Evaluate switches.
2026-08-11 13:52:11 +0200: Memory Usage (456312K) : Extracted netlist with net names: true
2026-08-11 13:52:11 +0200: Memory Usage (456312K) : Extracted netlist with comments in details: false
2026-08-11 13:52:11 +0200: Memory Usage (456312K) : Selected NET_ONLY option: false
2026-08-11 13:52:11 +0200: Memory Usage (456312K) : Selected LAYOUT_NETLIST option: (none)
2026-08-11 13:52:11 +0200: Memory Usage (456312K) : Selected IGNORE_TOP_PORTS_MISMATCH option: true
2026-08-11 13:52:11 +0200: Memory Usage (456312K) : Selected IMPLICIT_NETS option: iovss,iovdd,vss,vdd,pad,cathode,anode
2026-08-11 13:52:11 +0200: Memory Usage (456312K) : Selected TOP_LVL_PINS option: false
2026-08-11 13:52:11 +0200: Memory Usage (456312K) : Selected COMBINE DEVICES option: true
2026-08-11 13:52:11 +0200: Memory Usage (456312K) : Selected PURGE option: false
2026-08-11 13:52:11 +0200: Memory Usage (456312K) : Selected PURGE_NETS option: false
2026-08-11 13:52:11 +0200: Memory Usage (456312K) : Selected SIMPLIFY option: true
2026-08-11 13:52:11 +0200: Memory Usage (456312K) : Selected SERIES_RES option: true
2026-08-11 13:52:11 +0200: Memory Usage (456312K) : Selected PARALLEL_RES option: true
2026-08-11 13:52:11 +0200: Memory Usage (456312K) : Selected DISABLE_TAP_EXTRACTION option: false
2026-08-11 13:52:11 +0200: Memory Usage (456312K) : deep  mode is enabled.
2026-08-11 13:52:11 +0200: Memory Usage (456312K) : Applying implicit connections (case-sensitive, pattern supported) for nets: iovss, iovdd, vss, vdd, pad, cathode, anode
2026-08-11 13:52:11 +0200: Memory Usage (457976K) : Netlist file: /foss/designs/ihp-open-pdk-regression/IOPADS/netlist/pads_upstream/sg13g2_IOPadIOVdd.spi
2026-08-11 13:52:11 +0200: Memory Usage (457976K) : LVS extracted netlist at: /foss/designs/ihp-open-pdk-regression/IOPADS/lvs_sweep/20260811_135105/sg13g2_IOPadIOVdd/sg13g2_IOPadIOVdd_extracted.cir
2026-08-11 13:52:11 +0200: Memory Usage (457976K) : Applying SRAM integration support.
2026-08-11 13:52:11 +0200: Memory Usage (457976K) : Starting SG13G2 LVS runset
2026-08-11 13:52:11 +0200: Memory Usage (457976K) : Read in polygons from layers.
2026-08-11 13:52:11 +0200: Memory Usage (459384K) : activ_drw has 39 polygons
2026-08-11 13:52:11 +0200: Memory Usage (459384K) : activ_filler has 0 polygons
2026-08-11 13:52:11 +0200: Memory Usage (459512K) : activ has 39 polygons
2026-08-11 13:52:11 +0200: Memory Usage (459512K) : activ_pin has 0 polygons
2026-08-11 13:52:11 +0200: Memory Usage (459512K) : activ_mask has 0 polygons
2026-08-11 13:52:11 +0200: Memory Usage (459512K) : activ_nofill has 0 polygons
2026-08-11 13:52:11 +0200: Memory Usage (459512K) : activ_OPC has 0 polygons
2026-08-11 13:52:11 +0200: Memory Usage (459512K) : activ_iOPC has 0 polygons
2026-08-11 13:52:11 +0200: Memory Usage (459512K) : activ_noqrc has 0 polygons
2026-08-11 13:52:11 +0200: Memory Usage (459512K) : biwind_drw has 0 polygons
2026-08-11 13:52:11 +0200: Memory Usage (459512K) : biwind_OPC has 0 polygons
2026-08-11 13:52:11 +0200: Memory Usage (459640K) : gatpoly_drw has 132 polygons
2026-08-11 13:52:11 +0200: Memory Usage (459768K) : gatpoly_filler has 0 polygons
2026-08-11 13:52:11 +0200: Memory Usage (459768K) : gatpoly has 132 polygons
2026-08-11 13:52:11 +0200: Memory Usage (459896K) : gatpoly_pin has 0 polygons
2026-08-11 13:52:11 +0200: Memory Usage (460152K) : gatpoly_nofill has 0 polygons
2026-08-11 13:52:11 +0200: Memory Usage (460152K) : gatpoly_OPC has 0 polygons
2026-08-11 13:52:11 +0200: Memory Usage (460280K) : gatpoly_iOPC has 0 polygons
2026-08-11 13:52:11 +0200: Memory Usage (460280K) : gatpoly_noqrc has 0 polygons
2026-08-11 13:52:11 +0200: Memory Usage (460536K) : cont_drw has 23191 polygons
2026-08-11 13:52:11 +0200: Memory Usage (460920K) : cont_OPC has 0 polygons
2026-08-11 13:52:11 +0200: Memory Usage (460920K) : nsd_drw has 0 polygons
2026-08-11 13:52:11 +0200: Memory Usage (460920K) : nsd_block has 0 polygons
2026-08-11 13:52:11 +0200: Memory Usage (460920K) : metal1_drw has 432 polygons
2026-08-11 13:52:11 +0200: Memory Usage (461048K) : metal1_filler has 0 polygons
2026-08-11 13:52:11 +0200: Memory Usage (461048K) : metal1_slit has 0 polygons
2026-08-11 13:52:11 +0200: Memory Usage (461176K) : metal1 has 432 polygons
2026-08-11 13:52:11 +0200: Memory Usage (461304K) : metal1_pin has 5 polygons
2026-08-11 13:52:11 +0200: Memory Usage (461304K) : metal1_mask has 0 polygons
2026-08-11 13:52:11 +0200: Memory Usage (461432K) : metal1_nofill has 0 polygons
2026-08-11 13:52:11 +0200: Memory Usage (461688K) : metal1_text has 5 polygons
2026-08-11 13:52:11 +0200: Memory Usage (461688K) : metal1_OPC has 0 polygons
2026-08-11 13:52:11 +0200: Memory Usage (461816K) : metal1_noqrc has 0 polygons
2026-08-11 13:52:11 +0200: Memory Usage (461816K) : metal1_res has 0 polygons
2026-08-11 13:52:11 +0200: Memory Usage (461944K) : metal1_iprobe has 0 polygons
2026-08-11 13:52:11 +0200: Memory Usage (461944K) : metal1_diffprb has 0 polygons
2026-08-11 13:52:11 +0200: Memory Usage (462072K) : passiv_drw has 0 polygons
2026-08-11 13:52:11 +0200: Memory Usage (462072K) : passiv_pin has 0 polygons
2026-08-11 13:52:11 +0200: Memory Usage (462200K) : passiv_sbump has 0 polygons
2026-08-11 13:52:11 +0200: Memory Usage (462200K) : passiv_pillar has 0 polygons
2026-08-11 13:52:11 +0200: Memory Usage (462328K) : passiv_pdl has 0 polygons
2026-08-11 13:52:11 +0200: Memory Usage (462328K) : metal2_drw has 87 polygons
2026-08-11 13:52:11 +0200: Memory Usage (462456K) : metal2_filler has 0 polygons
2026-08-11 13:52:11 +0200: Memory Usage (462456K) : metal2_slit has 0 polygons
2026-08-11 13:52:11 +0200: Memory Usage (462584K) : metal2 has 87 polygons
2026-08-11 13:52:11 +0200: Memory Usage (462712K) : metal2_pin has 26 polygons
2026-08-11 13:52:11 +0200: Memory Usage (462712K) : metal2_mask has 0 polygons
2026-08-11 13:52:11 +0200: Memory Usage (462840K) : metal2_nofill has 0 polygons
2026-08-11 13:52:11 +0200: Memory Usage (462968K) : metal2_text has 26 polygons
2026-08-11 13:52:11 +0200: Memory Usage (462968K) : metal2_OPC has 0 polygons
2026-08-11 13:52:11 +0200: Memory Usage (462968K) : metal2_noqrc has 0 polygons
2026-08-11 13:52:11 +0200: Memory Usage (463096K) : metal2_res has 0 polygons
2026-08-11 13:52:11 +0200: Memory Usage (463224K) : metal2_iprobe has 0 polygons
2026-08-11 13:52:11 +0200: Memory Usage (463224K) : metal2_diffprb has 0 polygons
2026-08-11 13:52:11 +0200: Memory Usage (463352K) : baspoly_drw has 0 polygons
2026-08-11 13:52:11 +0200: Memory Usage (463352K) : baspoly_pin has 0 polygons
2026-08-11 13:52:11 +0200: Memory Usage (463480K) : psd_drw has 15 polygons
2026-08-11 13:52:11 +0200: Memory Usage (463480K) : nldb_drw has 0 polygons
2026-08-11 13:52:11 +0200: Memory Usage (463608K) : digibnd_drw has 0 polygons
2026-08-11 13:52:11 +0200: Memory Usage (463608K) : via1_drw has 4168 polygons
2026-08-11 13:52:11 +0200: Memory Usage (463864K) : backmetal1_drw has 0 polygons
2026-08-11 13:52:11 +0200: Memory Usage (463864K) : backmetal1_pin has 0 polygons
2026-08-11 13:52:11 +0200: Memory Usage (463992K) : backmetal1_mask has 0 polygons
2026-08-11 13:52:11 +0200: Memory Usage (463992K) : backmetal1_filler has 0 polygons
2026-08-11 13:52:11 +0200: Memory Usage (464120K) : backmetal1_nofill has 0 polygons
2026-08-11 13:52:11 +0200: Memory Usage (464120K) : backmetal1_slit has 0 polygons
2026-08-11 13:52:11 +0200: Memory Usage (464248K) : backmetal1_text has 0 polygons
2026-08-11 13:52:11 +0200: Memory Usage (464248K) : backmetal1_OPC has 0 polygons
2026-08-11 13:52:11 +0200: Memory Usage (464376K) : backmetal1_noqrc has 0 polygons
2026-08-11 13:52:11 +0200: Memory Usage (464376K) : backmetal1_res has 0 polygons
2026-08-11 13:52:11 +0200: Memory Usage (464504K) : backmetal1_iprobe has 0 polygons
2026-08-11 13:52:11 +0200: Memory Usage (464504K) : backmetal1_diffprb has 0 polygons
2026-08-11 13:52:11 +0200: Memory Usage (464632K) : backpassiv_drw has 0 polygons
2026-08-11 13:52:11 +0200: Memory Usage (464760K) : res_drw has 0 polygons
2026-08-11 13:52:11 +0200: Memory Usage (464760K) : sram_drw has 0 polygons
2026-08-11 13:52:11 +0200: Memory Usage (464888K) : trans_drw has 0 polygons
2026-08-11 13:52:11 +0200: Memory Usage (464888K) : ind_drw has 0 polygons
2026-08-11 13:52:11 +0200: Memory Usage (465016K) : ind_pin has 0 polygons
2026-08-11 13:52:11 +0200: Memory Usage (465016K) : ind_text has 0 polygons
2026-08-11 13:52:11 +0200: Memory Usage (465144K) : salblock_drw has 1 polygons
2026-08-11 13:52:11 +0200: Memory Usage (465144K) : via2_drw has 2498 polygons
2026-08-11 13:52:11 +0200: Memory Usage (465272K) : metal3_drw has 30 polygons
2026-08-11 13:52:11 +0200: Memory Usage (465400K) : metal3_filler has 0 polygons
2026-08-11 13:52:11 +0200: Memory Usage (465400K) : metal3_slit has 0 polygons
2026-08-11 13:52:11 +0200: Memory Usage (465528K) : metal3 has 30 polygons
2026-08-11 13:52:11 +0200: Memory Usage (465656K) : metal3_pin has 8 polygons
2026-08-11 13:52:11 +0200: Memory Usage (465656K) : metal3_mask has 0 polygons
2026-08-11 13:52:11 +0200: Memory Usage (465784K) : metal3_nofill has 0 polygons
2026-08-11 13:52:11 +0200: Memory Usage (465784K) : metal3_text has 8 polygons
2026-08-11 13:52:11 +0200: Memory Usage (465912K) : metal3_OPC has 0 polygons
2026-08-11 13:52:11 +0200: Memory Usage (465912K) : metal3_noqrc has 0 polygons
2026-08-11 13:52:11 +0200: Memory Usage (466040K) : metal3_res has 0 polygons
2026-08-11 13:52:11 +0200: Memory Usage (466168K) : metal3_iprobe has 0 polygons
2026-08-11 13:52:11 +0200: Memory Usage (466168K) : metal3_diffprb has 0 polygons
2026-08-11 13:52:11 +0200: Memory Usage (466296K) : nwell_drw has 65 polygons
2026-08-11 13:52:11 +0200: Memory Usage (466296K) : nwell_pin has 0 polygons
2026-08-11 13:52:11 +0200: Memory Usage (466424K) : nwell_text has 0 polygons
2026-08-11 13:52:11 +0200: Memory Usage (466424K) : nbulay_drw has 0 polygons
2026-08-11 13:52:11 +0200: Memory Usage (466552K) : nbulay_pin has 0 polygons
2026-08-11 13:52:11 +0200: Memory Usage (466552K) : nbulay_block has 0 polygons
2026-08-11 13:52:11 +0200: Memory Usage (466680K) : emwind_drw has 0 polygons
2026-08-11 13:52:11 +0200: Memory Usage (466680K) : emwind_OPC has 0 polygons
2026-08-11 13:52:11 +0200: Memory Usage (466808K) : deepco_drw has 0 polygons
2026-08-11 13:52:11 +0200: Memory Usage (466808K) : mim_drw has 0 polygons
2026-08-11 13:52:11 +0200: Memory Usage (466936K) : edgeseal_drw has 0 polygons
2026-08-11 13:52:11 +0200: Memory Usage (466936K) : substrate_drw has 14 polygons
2026-08-11 13:52:11 +0200: Memory Usage (467064K) : substrate_text has 0 polygons
2026-08-11 13:52:11 +0200: Memory Usage (467192K) : dfpad_drw has 0 polygons
2026-08-11 13:52:11 +0200: Memory Usage (467192K) : dfpad_pillar has 0 polygons
2026-08-11 13:52:11 +0200: Memory Usage (467320K) : dfpad_sbump has 0 polygons
2026-08-11 13:52:11 +0200: Memory Usage (467320K) : thickgateox_drw has 3 polygons
2026-08-11 13:52:11 +0200: Memory Usage (467448K) : pldb_drw has 0 polygons
2026-08-11 13:52:11 +0200: Memory Usage (467448K) : pwell_drw has 0 polygons
2026-08-11 13:52:11 +0200: Memory Usage (467576K) : pwell_pin has 0 polygons
2026-08-11 13:52:11 +0200: Memory Usage (467576K) : pwell_block has 0 polygons
2026-08-11 13:52:11 +0200: Memory Usage (467704K) : ic_drw has 0 polygons
2026-08-11 13:52:11 +0200: Memory Usage (467704K) : via3_drw has 2087 polygons
2026-08-11 13:52:11 +0200: Memory Usage (467832K) : metal4_drw has 8 polygons
2026-08-11 13:52:11 +0200: Memory Usage (467960K) : metal4_filler has 0 polygons
2026-08-11 13:52:11 +0200: Memory Usage (467960K) : metal4_slit has 0 polygons
2026-08-11 13:52:11 +0200: Memory Usage (468088K) : metal4 has 8 polygons
2026-08-11 13:52:11 +0200: Memory Usage (468216K) : metal4_pin has 8 polygons
2026-08-11 13:52:11 +0200: Memory Usage (468216K) : metal4_mask has 0 polygons
2026-08-11 13:52:11 +0200: Memory Usage (468344K) : metal4_nofill has 0 polygons
2026-08-11 13:52:11 +0200: Memory Usage (468344K) : metal4_text has 8 polygons
2026-08-11 13:52:11 +0200: Memory Usage (468472K) : metal4_OPC has 0 polygons
2026-08-11 13:52:11 +0200: Memory Usage (468472K) : metal4_noqrc has 0 polygons
2026-08-11 13:52:11 +0200: Memory Usage (468600K) : metal4_res has 0 polygons
2026-08-11 13:52:11 +0200: Memory Usage (468600K) : metal4_iprobe has 0 polygons
2026-08-11 13:52:11 +0200: Memory Usage (468728K) : metal4_diffprb has 0 polygons
2026-08-11 13:52:11 +0200: Memory Usage (468856K) : heattrans_drw has 0 polygons
2026-08-11 13:52:11 +0200: Memory Usage (468856K) : heatres_drw has 0 polygons
2026-08-11 13:52:11 +0200: Memory Usage (468984K) : fbe_drw has 0 polygons
2026-08-11 13:52:11 +0200: Memory Usage (468984K) : empoly_drw has 0 polygons
2026-08-11 13:52:11 +0200: Memory Usage (469112K) : digisub_drw has 0 polygons
2026-08-11 13:52:11 +0200: Memory Usage (469112K) : text_drw has 30 polygons
2026-08-11 13:52:11 +0200: Memory Usage (469240K) : via4_drw has 2371 polygons
2026-08-11 13:52:11 +0200: Memory Usage (469368K) : metal5_drw has 8 polygons
2026-08-11 13:52:11 +0200: Memory Usage (469368K) : metal5_filler has 0 polygons
2026-08-11 13:52:11 +0200: Memory Usage (469496K) : metal5_slit has 0 polygons
2026-08-11 13:52:11 +0200: Memory Usage (469624K) : metal5 has 8 polygons
2026-08-11 13:52:11 +0200: Memory Usage (469624K) : metal5_pin has 8 polygons
2026-08-11 13:52:11 +0200: Memory Usage (469752K) : metal5_mask has 0 polygons
2026-08-11 13:52:11 +0200: Memory Usage (469752K) : metal5_nofill has 0 polygons
2026-08-11 13:52:11 +0200: Memory Usage (469880K) : metal5_text has 8 polygons
2026-08-11 13:52:11 +0200: Memory Usage (469880K) : metal5_OPC has 0 polygons
2026-08-11 13:52:11 +0200: Memory Usage (470008K) : metal5_noqrc has 0 polygons
2026-08-11 13:52:11 +0200: Memory Usage (470008K) : metal5_res has 0 polygons
2026-08-11 13:52:11 +0200: Memory Usage (470136K) : metal5_iprobe has 0 polygons
2026-08-11 13:52:12 +0200: Memory Usage (470136K) : metal5_diffprb has 0 polygons
2026-08-11 13:52:12 +0200: Memory Usage (470264K) : radhard_drw has 0 polygons
2026-08-11 13:52:12 +0200: Memory Usage (470392K) : memcap_drw has 0 polygons
2026-08-11 13:52:12 +0200: Memory Usage (470392K) : varicap_drw has 0 polygons
2026-08-11 13:52:12 +0200: Memory Usage (470520K) : intbondvia_drw has 0 polygons
2026-08-11 13:52:12 +0200: Memory Usage (470520K) : intbondmet_drw has 0 polygons
2026-08-11 13:52:12 +0200: Memory Usage (470648K) : devbondvia_drw has 0 polygons
2026-08-11 13:52:12 +0200: Memory Usage (470648K) : devbondmet_drw has 0 polygons
2026-08-11 13:52:12 +0200: Memory Usage (470648K) : devtrench_drw has 0 polygons
2026-08-11 13:52:12 +0200: Memory Usage (470648K) : redist_drw has 0 polygons
2026-08-11 13:52:12 +0200: Memory Usage (470648K) : graphbot_drw has 0 polygons
2026-08-11 13:52:12 +0200: Memory Usage (470648K) : graphtop_drw has 0 polygons
2026-08-11 13:52:12 +0200: Memory Usage (470648K) : antvia1_drw has 0 polygons
2026-08-11 13:52:12 +0200: Memory Usage (470648K) : antmetal2_drw has 0 polygons
2026-08-11 13:52:12 +0200: Memory Usage (470648K) : graphcont_drw has 0 polygons
2026-08-11 13:52:12 +0200: Memory Usage (470648K) : siwg_drw has 0 polygons
2026-08-11 13:52:12 +0200: Memory Usage (470648K) : siwg_filler has 0 polygons
2026-08-11 13:52:12 +0200: Memory Usage (470648K) : siwg_nofill has 0 polygons
2026-08-11 13:52:12 +0200: Memory Usage (470648K) : sigrating_drw has 0 polygons
2026-08-11 13:52:12 +0200: Memory Usage (470648K) : singrating_drw has 0 polygons
2026-08-11 13:52:12 +0200: Memory Usage (470648K) : graphpas_drw has 0 polygons
2026-08-11 13:52:12 +0200: Memory Usage (470648K) : emwind3_drw has 0 polygons
2026-08-11 13:52:12 +0200: Memory Usage (470648K) : emwihv3_drw has 0 polygons
2026-08-11 13:52:12 +0200: Memory Usage (470648K) : redbulay_drw has 0 polygons
2026-08-11 13:52:12 +0200: Memory Usage (470648K) : smos_drw has 0 polygons
2026-08-11 13:52:12 +0200: Memory Usage (470648K) : graphpad_drw has 0 polygons
2026-08-11 13:52:12 +0200: Memory Usage (470648K) : polimide_drw has 0 polygons
2026-08-11 13:52:12 +0200: Memory Usage (470648K) : polimide_pin has 0 polygons
2026-08-11 13:52:12 +0200: Memory Usage (470648K) : recog_drw has 0 polygons
2026-08-11 13:52:12 +0200: Memory Usage (470648K) : recog_pin has 0 polygons
2026-08-11 13:52:12 +0200: Memory Usage (470648K) : recog_esd has 0 polygons
2026-08-11 13:52:12 +0200: Memory Usage (470648K) : recog_diode has 1 polygons
2026-08-11 13:52:12 +0200: Memory Usage (470648K) : recog_tsv has 0 polygons
2026-08-11 13:52:12 +0200: Memory Usage (470648K) : recog_iprobe has 0 polygons
2026-08-11 13:52:12 +0200: Memory Usage (470648K) : recog_diffprb has 0 polygons
2026-08-11 13:52:12 +0200: Memory Usage (470648K) : recog_pillar has 0 polygons
2026-08-11 13:52:12 +0200: Memory Usage (470648K) : recog_sbump has 0 polygons
2026-08-11 13:52:12 +0200: Memory Usage (470648K) : recog_otp has 0 polygons
2026-08-11 13:52:12 +0200: Memory Usage (470648K) : recog_pdiode has 0 polygons
2026-08-11 13:52:12 +0200: Memory Usage (470648K) : recog_mom has 0 polygons
2026-08-11 13:52:12 +0200: Memory Usage (470648K) : recog_pcm has 0 polygons
2026-08-11 13:52:12 +0200: Memory Usage (470648K) : colopen_drw has 0 polygons
2026-08-11 13:52:12 +0200: Memory Usage (470648K) : graphmetal1_drw has 0 polygons
2026-08-11 13:52:12 +0200: Memory Usage (470648K) : graphmetal1_filler has 0 polygons
2026-08-11 13:52:12 +0200: Memory Usage (470648K) : graphmetal1_nofill has 0 polygons
2026-08-11 13:52:12 +0200: Memory Usage (470648K) : graphmetal1_slit has 0 polygons
2026-08-11 13:52:12 +0200: Memory Usage (470648K) : graphmetal1_OPC has 0 polygons
2026-08-11 13:52:12 +0200: Memory Usage (470648K) : graphmet1l_drw has 0 polygons
2026-08-11 13:52:12 +0200: Memory Usage (470648K) : graphmet1l_filler has 0 polygons
2026-08-11 13:52:12 +0200: Memory Usage (470648K) : graphmet1l_nofill has 0 polygons
2026-08-11 13:52:12 +0200: Memory Usage (470648K) : graphmet1l_slit has 0 polygons
2026-08-11 13:52:12 +0200: Memory Usage (470648K) : graphmet1l_OPC has 0 polygons
2026-08-11 13:52:12 +0200: Memory Usage (470648K) : extblock_drw has 1 polygons
2026-08-11 13:52:12 +0200: Memory Usage (470648K) : nldd_drw has 0 polygons
2026-08-11 13:52:12 +0200: Memory Usage (470648K) : pldd_drw has 0 polygons
2026-08-11 13:52:12 +0200: Memory Usage (470648K) : next_drw has 0 polygons
2026-08-11 13:52:12 +0200: Memory Usage (470648K) : pext_drw has 0 polygons
2026-08-11 13:52:12 +0200: Memory Usage (470648K) : nexthv_drw has 0 polygons
2026-08-11 13:52:12 +0200: Memory Usage (470648K) : pexthv_drw has 0 polygons
2026-08-11 13:52:12 +0200: Memory Usage (470648K) : graphgate_drw has 0 polygons
2026-08-11 13:52:12 +0200: Memory Usage (470648K) : sinwg_drw has 0 polygons
2026-08-11 13:52:12 +0200: Memory Usage (470648K) : sinwg_filler has 0 polygons
2026-08-11 13:52:12 +0200: Memory Usage (470648K) : sinwg_nofill has 0 polygons
2026-08-11 13:52:12 +0200: Memory Usage (470648K) : mempad_drw has 0 polygons
2026-08-11 13:52:12 +0200: Memory Usage (470648K) : topvia1_drw has 2315 polygons
2026-08-11 13:52:12 +0200: Memory Usage (470648K) : topmetal1_drw has 8 polygons
2026-08-11 13:52:12 +0200: Memory Usage (470648K) : topmetal1_filler has 0 polygons
2026-08-11 13:52:12 +0200: Memory Usage (470648K) : topmetal1_slit has 0 polygons
2026-08-11 13:52:12 +0200: Memory Usage (470648K) : topmetal1 has 8 polygons
2026-08-11 13:52:12 +0200: Memory Usage (470648K) : topmetal1_pin has 8 polygons
2026-08-11 13:52:12 +0200: Memory Usage (470648K) : topmetal1_mask has 0 polygons
2026-08-11 13:52:12 +0200: Memory Usage (470648K) : topmetal1_nofill has 0 polygons
2026-08-11 13:52:12 +0200: Memory Usage (470648K) : topmetal1_text has 8 polygons
2026-08-11 13:52:12 +0200: Memory Usage (470648K) : topmetal1_noqrc has 0 polygons
2026-08-11 13:52:12 +0200: Memory Usage (470648K) : topmetal1_res has 0 polygons
2026-08-11 13:52:12 +0200: Memory Usage (470648K) : topmetal1_iprobe has 0 polygons
2026-08-11 13:52:12 +0200: Memory Usage (470648K) : topmetal1_diffprb has 0 polygons
2026-08-11 13:52:12 +0200: Memory Usage (470648K) : inldpwl_drw has 0 polygons
2026-08-11 13:52:12 +0200: Memory Usage (470648K) : polyres_drw has 26 polygons
2026-08-11 13:52:12 +0200: Memory Usage (470648K) : polyres_pin has 0 polygons
2026-08-11 13:52:12 +0200: Memory Usage (470648K) : vmim_drw has 0 polygons
2026-08-11 13:52:12 +0200: Memory Usage (470648K) : nbulaycut_drw has 0 polygons
2026-08-11 13:52:12 +0200: Memory Usage (470648K) : antmetal1_drw has 0 polygons
2026-08-11 13:52:12 +0200: Memory Usage (470648K) : topvia2_drw has 921 polygons
2026-08-11 13:52:12 +0200: Memory Usage (470648K) : topmetal2_drw has 10 polygons
2026-08-11 13:52:12 +0200: Memory Usage (470648K) : topmetal2_filler has 0 polygons
2026-08-11 13:52:12 +0200: Memory Usage (470648K) : topmetal2_slit has 0 polygons
2026-08-11 13:52:12 +0200: Memory Usage (470648K) : topmetal2 has 10 polygons
2026-08-11 13:52:12 +0200: Memory Usage (470648K) : topmetal2_pin has 8 polygons
2026-08-11 13:52:12 +0200: Memory Usage (470648K) : topmetal2_mask has 0 polygons
2026-08-11 13:52:12 +0200: Memory Usage (470648K) : topmetal2_nofill has 0 polygons
2026-08-11 13:52:12 +0200: Memory Usage (470648K) : topmetal2_text has 8 polygons
2026-08-11 13:52:12 +0200: Memory Usage (470648K) : topmetal2_noqrc has 0 polygons
2026-08-11 13:52:12 +0200: Memory Usage (470648K) : topmetal2_res has 0 polygons
2026-08-11 13:52:12 +0200: Memory Usage (470648K) : topmetal2_iprobe has 0 polygons
2026-08-11 13:52:12 +0200: Memory Usage (470648K) : topmetal2_diffprb has 0 polygons
2026-08-11 13:52:12 +0200: Memory Usage (470648K) : snsring_drw has 0 polygons
2026-08-11 13:52:12 +0200: Memory Usage (470648K) : sensor_drw has 0 polygons
2026-08-11 13:52:12 +0200: Memory Usage (470648K) : snsarms_drw has 0 polygons
2026-08-11 13:52:12 +0200: Memory Usage (470648K) : snscmosvia_drw has 0 polygons
2026-08-11 13:52:12 +0200: Memory Usage (470648K) : colwind_drw has 0 polygons
2026-08-11 13:52:12 +0200: Memory Usage (470648K) : flm_drw has 0 polygons
2026-08-11 13:52:12 +0200: Memory Usage (470648K) : hafniumox_drw has 0 polygons
2026-08-11 13:52:12 +0200: Memory Usage (470648K) : memvia_drw has 0 polygons
2026-08-11 13:52:12 +0200: Memory Usage (470648K) : thinfilmres_drw has 0 polygons
2026-08-11 13:52:12 +0200: Memory Usage (470648K) : rfmem_drw has 0 polygons
2026-08-11 13:52:12 +0200: Memory Usage (470648K) : norcx_drw has 0 polygons
2026-08-11 13:52:12 +0200: Memory Usage (470648K) : norcx_m2m3 has 0 polygons
2026-08-11 13:52:12 +0200: Memory Usage (470648K) : norcx_m2m4 has 0 polygons
2026-08-11 13:52:12 +0200: Memory Usage (470648K) : norcx_m2m5 has 0 polygons
2026-08-11 13:52:12 +0200: Memory Usage (470648K) : norcx_m2tm1 has 0 polygons
2026-08-11 13:52:12 +0200: Memory Usage (470648K) : norcx_m2tm2 has 0 polygons
2026-08-11 13:52:12 +0200: Memory Usage (470648K) : norcx_m3m4 has 0 polygons
2026-08-11 13:52:12 +0200: Memory Usage (470648K) : norcx_m3m5 has 0 polygons
2026-08-11 13:52:12 +0200: Memory Usage (470648K) : norcx_m3tm1 has 0 polygons
2026-08-11 13:52:12 +0200: Memory Usage (470648K) : norcx_m3tm2 has 0 polygons
2026-08-11 13:52:12 +0200: Memory Usage (470648K) : norcx_m4m5 has 0 polygons
2026-08-11 13:52:12 +0200: Memory Usage (470648K) : norcx_m4tm1 has 0 polygons
2026-08-11 13:52:12 +0200: Memory Usage (470648K) : norcx_m4tm2 has 0 polygons
2026-08-11 13:52:12 +0200: Memory Usage (470648K) : norcx_m5tm1 has 0 polygons
2026-08-11 13:52:12 +0200: Memory Usage (470648K) : norcx_m5tm2 has 0 polygons
2026-08-11 13:52:12 +0200: Memory Usage (470648K) : norcx_tm1tm2 has 0 polygons
2026-08-11 13:52:12 +0200: Memory Usage (470648K) : norcx_m1sub has 0 polygons
2026-08-11 13:52:12 +0200: Memory Usage (470648K) : norcx_m2sub has 0 polygons
2026-08-11 13:52:12 +0200: Memory Usage (470648K) : norcx_m3sub has 0 polygons
2026-08-11 13:52:12 +0200: Memory Usage (470648K) : norcx_m4sub has 0 polygons
2026-08-11 13:52:12 +0200: Memory Usage (470648K) : norcx_m5sub has 0 polygons
2026-08-11 13:52:12 +0200: Memory Usage (470648K) : norcx_tm1sub has 0 polygons
2026-08-11 13:52:12 +0200: Memory Usage (470648K) : norcx_tm2sub has 0 polygons
2026-08-11 13:52:12 +0200: Memory Usage (470648K) : snsbotvia_drw has 0 polygons
2026-08-11 13:52:12 +0200: Memory Usage (470648K) : snstopvia_drw has 0 polygons
2026-08-11 13:52:12 +0200: Memory Usage (470648K) : deepvia_drw has 0 polygons
2026-08-11 13:52:12 +0200: Memory Usage (470648K) : fgetch_drw has 0 polygons
2026-08-11 13:52:12 +0200: Memory Usage (470648K) : ctrgat_drw has 0 polygons
2026-08-11 13:52:12 +0200: Memory Usage (470648K) : fgimp_drw has 0 polygons
2026-08-11 13:52:12 +0200: Memory Usage (470648K) : emwihv_drw has 0 polygons
2026-08-11 13:52:12 +0200: Memory Usage (470648K) : lbe_drw has 0 polygons
2026-08-11 13:52:12 +0200: Memory Usage (470648K) : alcustop_drw has 0 polygons
2026-08-11 13:52:12 +0200: Memory Usage (470648K) : nometfiller_drw has 0 polygons
2026-08-11 13:52:12 +0200: Memory Usage (470648K) : prboundary_drw has 0 polygons
2026-08-11 13:52:12 +0200: Memory Usage (470648K) : exchange0_drw has 0 polygons
2026-08-11 13:52:12 +0200: Memory Usage (470648K) : exchange0_pin has 0 polygons
2026-08-11 13:52:12 +0200: Memory Usage (470648K) : exchange0_text has 0 polygons
2026-08-11 13:52:12 +0200: Memory Usage (470648K) : exchange1_drw has 0 polygons
2026-08-11 13:52:12 +0200: Memory Usage (470648K) : exchange1_pin has 0 polygons
2026-08-11 13:52:12 +0200: Memory Usage (470648K) : exchange1_text has 0 polygons
2026-08-11 13:52:12 +0200: Memory Usage (470648K) : exchange2_drw has 0 polygons
2026-08-11 13:52:12 +0200: Memory Usage (470648K) : exchange2_pin has 0 polygons
2026-08-11 13:52:12 +0200: Memory Usage (470648K) : exchange2_text has 0 polygons
2026-08-11 13:52:12 +0200: Memory Usage (470648K) : exchange3_drw has 0 polygons
2026-08-11 13:52:12 +0200: Memory Usage (470648K) : exchange3_pin has 0 polygons
2026-08-11 13:52:12 +0200: Memory Usage (470648K) : exchange3_text has 0 polygons
2026-08-11 13:52:12 +0200: Memory Usage (470648K) : exchange4_drw has 0 polygons
2026-08-11 13:52:12 +0200: Memory Usage (470648K) : exchange4_pin has 0 polygons
2026-08-11 13:52:12 +0200: Memory Usage (470648K) : exchange4_text has 0 polygons
2026-08-11 13:52:12 +0200: Memory Usage (470648K) : isonwell_drw has 0 polygons
2026-08-11 13:52:12 +0200: Memory Usage (470648K) : Total no. of polygons in the design is 38603
2026-08-11 13:52:12 +0200: Memory Usage (470648K) : Starting base layers derivations
2026-08-11 13:52:12 +0200: Memory Usage (470648K) : Starting general LVS derivations
2026-08-11 13:52:12 +0200: Memory Usage (478712K) : Starting MOSFET DERIVATIONS
2026-08-11 13:52:12 +0200: Memory Usage (488312K) : Starting NMOS DERIVATIONS
2026-08-11 13:52:12 +0200: Memory Usage (488312K) : Starting PMOS DERIVATIONS
2026-08-11 13:52:12 +0200: Memory Usage (488312K) : Starting RF-MOSFET DERIVATIONS
2026-08-11 13:52:12 +0200: Memory Usage (488312K) : Starting RF-NMOS DERIVATIONS
2026-08-11 13:52:12 +0200: Memory Usage (488312K) : Starting RF-PMOS DERIVATIONS
2026-08-11 13:52:12 +0200: Memory Usage (488312K) : Starting BJT DERIVATIONS
2026-08-11 13:52:12 +0200: Memory Usage (488312K) : Starting NPN-BJT DERIVATIONS
2026-08-11 13:52:12 +0200: Memory Usage (488312K) : Starting PNP-BJT DERIVATIONS
2026-08-11 13:52:12 +0200: Memory Usage (488312K) : Starting DIODE DERIVATIONS
2026-08-11 13:52:13 +0200: Memory Usage (488312K) : Starting RESISTOR DERIVATIONS
2026-08-11 13:52:13 +0200: Memory Usage (488440K) : Starting CAP DERIVATIONS
2026-08-11 13:52:13 +0200: Memory Usage (488440K) : Starting CAP_CMOM DERIVATIONS
2026-08-11 13:52:13 +0200: Memory Usage (488440K) : Starting ESD DERIVATIONS
2026-08-11 13:52:13 +0200: Memory Usage (492536K) : Starting Inductor DERIVATIONS
2026-08-11 13:52:13 +0200: Memory Usage (492920K) : Starting Taps DERIVATIONS
2026-08-11 13:52:13 +0200: Memory Usage (492920K) : Starting SG13G2 LVS connectivity setup
2026-08-11 13:52:13 +0200: Memory Usage (492920K) : Starting SG13G2 LVS connectivity setup (Inter-layer)
2026-08-11 13:52:13 +0200: Memory Usage (493048K) : Starting SG13G2 LVS connectivity setup (Global)
2026-08-11 13:52:13 +0200: Memory Usage (493048K) : Starting LVS MOSFET CONNECTIONS
2026-08-11 13:52:13 +0200: Memory Usage (493048K) : Starting LVS RF-MOSFET CONNECTIONS
2026-08-11 13:52:13 +0200: Memory Usage (493048K) : Starting LVS BJT CONNECTIONS
2026-08-11 13:52:13 +0200: Memory Usage (493048K) : Starting LVS DIODE CONNECTIONS
2026-08-11 13:52:13 +0200: Memory Usage (493048K) : Starting RESISTOR CONNECTIONS
2026-08-11 13:52:13 +0200: Memory Usage (493048K) : Starting LVS CAP CONNECTIONS
2026-08-11 13:52:13 +0200: Memory Usage (493048K) : Starting CAP_CMOM CONNECTIONS
2026-08-11 13:52:13 +0200: Memory Usage (493048K) : Starting ESD CONNECTIONS
2026-08-11 13:52:13 +0200: Memory Usage (493048K) : Starting Inductor CONNECTIONS
2026-08-11 13:52:13 +0200: Memory Usage (493048K) : Starting LVS Taps CONNECTIONS
2026-08-11 13:52:13 +0200: Memory Usage (493048K) : Starting SG13G2 LVS DEVICES EXTRACTION
2026-08-11 13:52:13 +0200: Memory Usage (493048K) : Starting MOSFET EXTRACTION
2026-08-11 13:52:13 +0200: Memory Usage (493048K) : Starting NMOS EXTRACTION
2026-08-11 13:52:13 +0200: Memory Usage (493048K) : Extraction of NMOS-LV transistor
2026-08-11 13:52:13 +0200: Memory Usage (493048K) : Extraction of NMOS-HV transistor
2026-08-11 13:52:13 +0200: Memory Usage (493048K) : Starting PMOS EXTRACTION
2026-08-11 13:52:13 +0200: Memory Usage (493048K) : Extraction of PMOS-LV transistor
2026-08-11 13:52:13 +0200: Memory Usage (493048K) : Extraction of PMOS-HV transistor
2026-08-11 13:52:13 +0200: Memory Usage (493048K) : Starting RF-MOSFET EXTRACTION
2026-08-11 13:52:13 +0200: Memory Usage (493048K) : Extraction of RF-NMOS-LV transistor
2026-08-11 13:52:13 +0200: Memory Usage (493048K) : Extraction of RF-NMOS-HV transistor
2026-08-11 13:52:13 +0200: Memory Usage (493048K) : Extraction of RF-PMOS-LV transistor
2026-08-11 13:52:13 +0200: Memory Usage (493048K) : Extraction of RF-PMOS-HV transistor
2026-08-11 13:52:13 +0200: Memory Usage (493048K) : Starting BJT EXTRACTION
2026-08-11 13:52:13 +0200: Memory Usage (493048K) : Starting NPN-BJT EXTRACTION
2026-08-11 13:52:13 +0200: Memory Usage (493048K) : Extraction of npn13G2 BJT transistor
2026-08-11 13:52:13 +0200: Memory Usage (493048K) : Extraction of npn13G2L BJT transistor
2026-08-11 13:52:13 +0200: Memory Usage (493048K) : Extraction of npn13G2V BJT transistor
2026-08-11 13:52:13 +0200: Memory Usage (493048K) : Starting PNP-BJT EXTRACTION
2026-08-11 13:52:13 +0200: Memory Usage (493048K) : Extracting pnpMPA BJT
2026-08-11 13:52:13 +0200: Memory Usage (493048K) : Starting DIODE EXTRACTION
2026-08-11 13:52:13 +0200: Memory Usage (493048K) : Extracting dantenna diode
2026-08-11 13:52:13 +0200: Memory Usage (493048K) : Extracting dpantenna diode
2026-08-11 13:52:13 +0200: Memory Usage (493048K) : Extracting schottky_nbl1 diode
2026-08-11 13:52:13 +0200: Memory Usage (493048K) : Extracting isolbox diode
2026-08-11 13:52:13 +0200: Memory Usage (493048K) : Starting RESISTOR EXTRACTION
2026-08-11 13:52:13 +0200: Memory Usage (493048K) : Extracting rsil resistor
2026-08-11 13:52:13 +0200: Memory Usage (493048K) : Extracting rppd resistor
2026-08-11 13:52:13 +0200: Memory Usage (493176K) : Extracting rhigh resistor
2026-08-11 13:52:13 +0200: Memory Usage (493176K) : Extracting res_metal1 resistor
2026-08-11 13:52:13 +0200: Memory Usage (493304K) : Extracting res_metal2 resistor
2026-08-11 13:52:13 +0200: Memory Usage (493304K) : Extracting res_metal3 resistor
2026-08-11 13:52:13 +0200: Memory Usage (493304K) : Extracting res_metal4 resistor
2026-08-11 13:52:13 +0200: Memory Usage (493304K) : Extracting res_metal5 resistor
2026-08-11 13:52:13 +0200: Memory Usage (493304K) : Extracting res_topmetal1 resistor
2026-08-11 13:52:13 +0200: Memory Usage (493304K) : Extracting res_topmetal2 resistor
2026-08-11 13:52:13 +0200: Memory Usage (493304K) : Starting CAP EXTRACTION
2026-08-11 13:52:13 +0200: Memory Usage (493304K) : Extracting cap_cmim device
2026-08-11 13:52:13 +0200: Memory Usage (493304K) : Extracting rfcmim device
2026-08-11 13:52:13 +0200: Memory Usage (493304K) : Extracting sg13_hv_svaricap varactor
2026-08-11 13:52:13 +0200: Memory Usage (493304K) : Extracting cap_cmomi device
2026-08-11 13:52:13 +0200: Memory Usage (493304K) : Extracting sg13_moscap_n capacitor
2026-08-11 13:52:13 +0200: Memory Usage (493304K) : Extracting sg13_moscap_p capacitor
2026-08-11 13:52:13 +0200: Memory Usage (493304K) : Starting ESD EXTRACTION
2026-08-11 13:52:13 +0200: Memory Usage (493304K) : Extracting diodevdd_2kv ESD device
2026-08-11 13:52:13 +0200: Memory Usage (493304K) : Extracting diodevdd_4kv ESD device
2026-08-11 13:52:13 +0200: Memory Usage (493304K) : Extracting diodevss_2kv ESD device
2026-08-11 13:52:13 +0200: Memory Usage (493304K) : Extracting diodevss_4kv ESD device
2026-08-11 13:52:13 +0200: Memory Usage (493304K) : Extracting idiodevdd_2kv ESD device
2026-08-11 13:52:13 +0200: Memory Usage (493304K) : Extracting idiodevdd_4kv ESD device
2026-08-11 13:52:13 +0200: Memory Usage (493304K) : Extracting idiodevss_2kv ESD device
2026-08-11 13:52:13 +0200: Memory Usage (493304K) : Extracting idiodevss_4kv ESD device
2026-08-11 13:52:13 +0200: Memory Usage (493304K) : Extracting nmoscl_2 ESD device
2026-08-11 13:52:13 +0200: Memory Usage (493304K) : Extracting nmoscl_4 ESD device
2026-08-11 13:52:13 +0200: Memory Usage (493304K) : Starting Inductor EXTRACTION
2026-08-11 13:52:13 +0200: Memory Usage (493304K) : Extracting Inductor2 device
2026-08-11 13:52:13 +0200: Memory Usage (493304K) : Extracting Inductor3 device
2026-08-11 13:52:13 +0200: Memory Usage (493304K) : Starting Taps EXTRACTION
2026-08-11 13:52:13 +0200: Memory Usage (493304K) : Extracting ntap1 device
2026-08-11 13:52:13 +0200: Memory Usage (493304K) : Extracting ptap1 device
2026-08-11 13:52:13 +0200: Memory Usage (493304K) : Starting SG13G2 LVS RF MOS Model Mapping
2026-08-11 13:52:14 +0200: Memory Usage (493560K) : [layout_netlist] Apply RF MOS model mapping and rfmode parameter.
2026-08-11 13:52:14 +0200: Memory Usage (493560K) : Starting SG13G2 LVS Options Preparations
2026-08-11 13:52:14 +0200: Memory Usage (493560K) : SG13G2 LVS flow: extraction -> alignment -> option preparation -> comparison.
2026-08-11 13:52:14 +0200: Memory Usage (493560K) : Starting SG13G2 LVS Alignment
2026-08-11 13:52:14 +0200: Memory Usage (493688K) : Starting SG13G2 LVS Simplification
2026-08-11 13:52:14 +0200: Memory Usage (493688K) : [layout_netlist] simplify: ENABLED
2026-08-11 13:52:14 +0200: Memory Usage (493688K) : [layout_netlist] make_top_level_pins: SKIPPED
2026-08-11 13:52:14 +0200: Memory Usage (493688K) : [layout_netlist] combine_devices: ENABLED
2026-08-11 13:52:14 +0200: Memory Usage (493688K) : [layout_netlist] purge: SKIPPED
2026-08-11 13:52:14 +0200: Memory Usage (493688K) : [layout_netlist] purge_nets: SKIPPED
2026-08-11 13:52:14 +0200: Memory Usage (493688K) : [schematic_netlist] simplify: ENABLED
2026-08-11 13:52:14 +0200: Memory Usage (493688K) : [schematic_netlist] make_top_level_pins: SKIPPED
2026-08-11 13:52:14 +0200: Memory Usage (493688K) : [schematic_netlist] combine_devices: ENABLED
2026-08-11 13:52:14 +0200: Memory Usage (493688K) : [schematic_netlist] purge: SKIPPED
2026-08-11 13:52:14 +0200: Memory Usage (493688K) : [schematic_netlist] purge_nets: SKIPPED
2026-08-11 13:52:14 +0200: Memory Usage (493688K) : Starting SG13G2 LVS Comparison
2026-08-11 13:52:14 +0200: Memory Usage (493816K) : ==========================================
2026-08-11 13:52:14 +0200: Memory Usage (493816K) : INFO : Congratulations! Netlists match.
2026-08-11 13:52:14 +0200: Memory Usage (493816K) : ==========================================
2026-08-11 13:52:14 +0200: Memory Usage (493816K) : LVS Total Run time 2.782143 seconds
