11-Aug-2026 13:55:23 | INFO    | Your Klayout version is: KLayout 0.30.10 (required >= 0.30.5)
11-Aug-2026 13:55:23 | INFO    | Running SG13G2 LVS checks on design /foss/designs/ihp-open-pdk-regression/IOPADS/layout/sg13g2_IOPadOut4mA.gds on cell sg13g2_IOPadOut4mA
2026-08-11 13:55:25 +0200: Memory Usage (455016K) : Starting running SG13G2 Klayout LVS runset on /foss/designs/ihp-open-pdk-regression/IOPADS/layout/sg13g2_IOPadOut4mA.gds
2026-08-11 13:55:25 +0200: Memory Usage (455016K) : Ruby Version for klayout: 3.2.3
2026-08-11 13:55:25 +0200: Memory Usage (456424K) : Loading database to memory is complete.
2026-08-11 13:55:25 +0200: Memory Usage (456424K) : SG13G2 Klayout LVS runset output at: /foss/designs/ihp-open-pdk-regression/IOPADS/lvs_sweep/20260811_135408/sg13g2_IOPadOut4mA/sg13g2_IOPadOut4mA.lvsdb
2026-08-11 13:55:25 +0200: Memory Usage (456424K) : Evaluate switches.
2026-08-11 13:55:25 +0200: Memory Usage (456424K) : Extracted netlist with net names: true
2026-08-11 13:55:25 +0200: Memory Usage (456424K) : Extracted netlist with comments in details: false
2026-08-11 13:55:25 +0200: Memory Usage (456424K) : Selected NET_ONLY option: false
2026-08-11 13:55:25 +0200: Memory Usage (456424K) : Selected LAYOUT_NETLIST option: (none)
2026-08-11 13:55:25 +0200: Memory Usage (456424K) : Selected IGNORE_TOP_PORTS_MISMATCH option: true
2026-08-11 13:55:25 +0200: Memory Usage (456424K) : Selected IMPLICIT_NETS option: iovss,iovdd,vss,vdd,pad,cathode,anode
2026-08-11 13:55:25 +0200: Memory Usage (456424K) : Selected TOP_LVL_PINS option: false
2026-08-11 13:55:25 +0200: Memory Usage (456424K) : Selected COMBINE DEVICES option: true
2026-08-11 13:55:25 +0200: Memory Usage (456424K) : Selected PURGE option: false
2026-08-11 13:55:25 +0200: Memory Usage (456424K) : Selected PURGE_NETS option: false
2026-08-11 13:55:25 +0200: Memory Usage (456552K) : Selected SIMPLIFY option: true
2026-08-11 13:55:25 +0200: Memory Usage (456552K) : Selected SERIES_RES option: true
2026-08-11 13:55:25 +0200: Memory Usage (456552K) : Selected PARALLEL_RES option: true
2026-08-11 13:55:25 +0200: Memory Usage (456552K) : Selected DISABLE_TAP_EXTRACTION option: false
2026-08-11 13:55:25 +0200: Memory Usage (456552K) : deep  mode is enabled.
2026-08-11 13:55:25 +0200: Memory Usage (456552K) : Applying implicit connections (case-sensitive, pattern supported) for nets: iovss, iovdd, vss, vdd, pad, cathode, anode
2026-08-11 13:55:25 +0200: Memory Usage (457832K) : Netlist file: /foss/designs/ihp-open-pdk-regression/IOPADS/netlist/pads_sub/sg13g2_IOPadOut4mA.spi
2026-08-11 13:55:25 +0200: Memory Usage (457832K) : LVS extracted netlist at: /foss/designs/ihp-open-pdk-regression/IOPADS/lvs_sweep/20260811_135408/sg13g2_IOPadOut4mA/sg13g2_IOPadOut4mA_extracted.cir
2026-08-11 13:55:25 +0200: Memory Usage (457832K) : Applying SRAM integration support.
2026-08-11 13:55:25 +0200: Memory Usage (457832K) : Starting SG13G2 LVS runset
2026-08-11 13:55:25 +0200: Memory Usage (457832K) : Read in polygons from layers.
2026-08-11 13:55:25 +0200: Memory Usage (459112K) : activ_drw has 77 polygons
2026-08-11 13:55:25 +0200: Memory Usage (459496K) : activ_filler has 0 polygons
2026-08-11 13:55:25 +0200: Memory Usage (459624K) : activ has 77 polygons
2026-08-11 13:55:25 +0200: Memory Usage (459624K) : activ_pin has 0 polygons
2026-08-11 13:55:25 +0200: Memory Usage (459624K) : activ_mask has 0 polygons
2026-08-11 13:55:25 +0200: Memory Usage (459624K) : activ_nofill has 0 polygons
2026-08-11 13:55:25 +0200: Memory Usage (459624K) : activ_OPC has 0 polygons
2026-08-11 13:55:25 +0200: Memory Usage (459624K) : activ_iOPC has 0 polygons
2026-08-11 13:55:25 +0200: Memory Usage (459624K) : activ_noqrc has 0 polygons
2026-08-11 13:55:25 +0200: Memory Usage (459752K) : biwind_drw has 0 polygons
2026-08-11 13:55:25 +0200: Memory Usage (459752K) : biwind_OPC has 0 polygons
2026-08-11 13:55:25 +0200: Memory Usage (459880K) : gatpoly_drw has 28 polygons
2026-08-11 13:55:25 +0200: Memory Usage (460008K) : gatpoly_filler has 0 polygons
2026-08-11 13:55:25 +0200: Memory Usage (460008K) : gatpoly has 28 polygons
2026-08-11 13:55:25 +0200: Memory Usage (460008K) : gatpoly_pin has 0 polygons
2026-08-11 13:55:25 +0200: Memory Usage (460136K) : gatpoly_nofill has 0 polygons
2026-08-11 13:55:25 +0200: Memory Usage (460264K) : gatpoly_OPC has 0 polygons
2026-08-11 13:55:25 +0200: Memory Usage (460264K) : gatpoly_iOPC has 0 polygons
2026-08-11 13:55:25 +0200: Memory Usage (460392K) : gatpoly_noqrc has 0 polygons
2026-08-11 13:55:25 +0200: Memory Usage (461672K) : cont_drw has 45805 polygons
2026-08-11 13:55:25 +0200: Memory Usage (461672K) : cont_OPC has 0 polygons
2026-08-11 13:55:25 +0200: Memory Usage (461672K) : nsd_drw has 0 polygons
2026-08-11 13:55:25 +0200: Memory Usage (461672K) : nsd_block has 0 polygons
2026-08-11 13:55:25 +0200: Memory Usage (461672K) : metal1_drw has 162 polygons
2026-08-11 13:55:25 +0200: Memory Usage (461672K) : metal1_filler has 0 polygons
2026-08-11 13:55:25 +0200: Memory Usage (461672K) : metal1_slit has 0 polygons
2026-08-11 13:55:25 +0200: Memory Usage (462184K) : metal1 has 162 polygons
2026-08-11 13:55:25 +0200: Memory Usage (462184K) : metal1_pin has 27 polygons
2026-08-11 13:55:25 +0200: Memory Usage (462184K) : metal1_mask has 0 polygons
2026-08-11 13:55:25 +0200: Memory Usage (462184K) : metal1_nofill has 0 polygons
2026-08-11 13:55:26 +0200: Memory Usage (462440K) : metal1_text has 26 polygons
2026-08-11 13:55:26 +0200: Memory Usage (462440K) : metal1_OPC has 0 polygons
2026-08-11 13:55:26 +0200: Memory Usage (462440K) : metal1_noqrc has 0 polygons
2026-08-11 13:55:26 +0200: Memory Usage (462440K) : metal1_res has 0 polygons
2026-08-11 13:55:26 +0200: Memory Usage (462568K) : metal1_iprobe has 0 polygons
2026-08-11 13:55:26 +0200: Memory Usage (462696K) : metal1_diffprb has 0 polygons
2026-08-11 13:55:26 +0200: Memory Usage (462696K) : passiv_drw has 0 polygons
2026-08-11 13:55:26 +0200: Memory Usage (462824K) : passiv_pin has 0 polygons
2026-08-11 13:55:26 +0200: Memory Usage (462824K) : passiv_sbump has 0 polygons
2026-08-11 13:55:26 +0200: Memory Usage (462952K) : passiv_pillar has 0 polygons
2026-08-11 13:55:26 +0200: Memory Usage (462952K) : passiv_pdl has 0 polygons
2026-08-11 13:55:26 +0200: Memory Usage (463080K) : metal2_drw has 50 polygons
2026-08-11 13:55:26 +0200: Memory Usage (463080K) : metal2_filler has 0 polygons
2026-08-11 13:55:26 +0200: Memory Usage (463208K) : metal2_slit has 0 polygons
2026-08-11 13:55:26 +0200: Memory Usage (463336K) : metal2 has 50 polygons
2026-08-11 13:55:26 +0200: Memory Usage (463336K) : metal2_pin has 13 polygons
2026-08-11 13:55:26 +0200: Memory Usage (463464K) : metal2_mask has 0 polygons
2026-08-11 13:55:26 +0200: Memory Usage (463464K) : metal2_nofill has 0 polygons
2026-08-11 13:55:26 +0200: Memory Usage (463592K) : metal2_text has 13 polygons
2026-08-11 13:55:26 +0200: Memory Usage (463592K) : metal2_OPC has 0 polygons
2026-08-11 13:55:26 +0200: Memory Usage (463720K) : metal2_noqrc has 0 polygons
2026-08-11 13:55:26 +0200: Memory Usage (463848K) : metal2_res has 0 polygons
2026-08-11 13:55:26 +0200: Memory Usage (463848K) : metal2_iprobe has 0 polygons
2026-08-11 13:55:26 +0200: Memory Usage (463976K) : metal2_diffprb has 0 polygons
2026-08-11 13:55:26 +0200: Memory Usage (463976K) : baspoly_drw has 0 polygons
2026-08-11 13:55:26 +0200: Memory Usage (464104K) : baspoly_pin has 0 polygons
2026-08-11 13:55:26 +0200: Memory Usage (464232K) : psd_drw has 30 polygons
2026-08-11 13:55:26 +0200: Memory Usage (464360K) : nldb_drw has 0 polygons
2026-08-11 13:55:26 +0200: Memory Usage (464360K) : digibnd_drw has 0 polygons
2026-08-11 13:55:26 +0200: Memory Usage (464488K) : via1_drw has 1524 polygons
2026-08-11 13:55:26 +0200: Memory Usage (464488K) : backmetal1_drw has 0 polygons
2026-08-11 13:55:26 +0200: Memory Usage (464616K) : backmetal1_pin has 0 polygons
2026-08-11 13:55:26 +0200: Memory Usage (464744K) : backmetal1_mask has 0 polygons
2026-08-11 13:55:26 +0200: Memory Usage (464744K) : backmetal1_filler has 0 polygons
2026-08-11 13:55:26 +0200: Memory Usage (464872K) : backmetal1_nofill has 0 polygons
2026-08-11 13:55:26 +0200: Memory Usage (464872K) : backmetal1_slit has 0 polygons
2026-08-11 13:55:26 +0200: Memory Usage (465000K) : backmetal1_text has 0 polygons
2026-08-11 13:55:26 +0200: Memory Usage (465000K) : backmetal1_OPC has 0 polygons
2026-08-11 13:55:26 +0200: Memory Usage (465000K) : backmetal1_noqrc has 0 polygons
2026-08-11 13:55:26 +0200: Memory Usage (465128K) : backmetal1_res has 0 polygons
2026-08-11 13:55:26 +0200: Memory Usage (465128K) : backmetal1_iprobe has 0 polygons
2026-08-11 13:55:26 +0200: Memory Usage (465128K) : backmetal1_diffprb has 0 polygons
2026-08-11 13:55:26 +0200: Memory Usage (465128K) : backpassiv_drw has 0 polygons
2026-08-11 13:55:26 +0200: Memory Usage (465256K) : res_drw has 0 polygons
2026-08-11 13:55:26 +0200: Memory Usage (465256K) : sram_drw has 0 polygons
2026-08-11 13:55:26 +0200: Memory Usage (465256K) : trans_drw has 0 polygons
2026-08-11 13:55:26 +0200: Memory Usage (465384K) : ind_drw has 0 polygons
2026-08-11 13:55:26 +0200: Memory Usage (465384K) : ind_pin has 0 polygons
2026-08-11 13:55:26 +0200: Memory Usage (465384K) : ind_text has 0 polygons
2026-08-11 13:55:26 +0200: Memory Usage (465512K) : salblock_drw has 0 polygons
2026-08-11 13:55:26 +0200: Memory Usage (465512K) : via2_drw has 1235 polygons
2026-08-11 13:55:26 +0200: Memory Usage (465640K) : metal3_drw has 13 polygons
2026-08-11 13:55:26 +0200: Memory Usage (465640K) : metal3_filler has 0 polygons
2026-08-11 13:55:26 +0200: Memory Usage (465768K) : metal3_slit has 0 polygons
2026-08-11 13:55:26 +0200: Memory Usage (465896K) : metal3 has 13 polygons
2026-08-11 13:55:26 +0200: Memory Usage (465896K) : metal3_pin has 9 polygons
2026-08-11 13:55:26 +0200: Memory Usage (466024K) : metal3_mask has 0 polygons
2026-08-11 13:55:26 +0200: Memory Usage (466024K) : metal3_nofill has 0 polygons
2026-08-11 13:55:26 +0200: Memory Usage (466152K) : metal3_text has 9 polygons
2026-08-11 13:55:26 +0200: Memory Usage (466152K) : metal3_OPC has 0 polygons
2026-08-11 13:55:26 +0200: Memory Usage (466280K) : metal3_noqrc has 0 polygons
2026-08-11 13:55:26 +0200: Memory Usage (466280K) : metal3_res has 0 polygons
2026-08-11 13:55:26 +0200: Memory Usage (466408K) : metal3_iprobe has 0 polygons
2026-08-11 13:55:26 +0200: Memory Usage (466536K) : metal3_diffprb has 0 polygons
2026-08-11 13:55:26 +0200: Memory Usage (466536K) : nwell_drw has 21 polygons
2026-08-11 13:55:26 +0200: Memory Usage (466664K) : nwell_pin has 0 polygons
2026-08-11 13:55:26 +0200: Memory Usage (466664K) : nwell_text has 0 polygons
2026-08-11 13:55:26 +0200: Memory Usage (466792K) : nbulay_drw has 0 polygons
2026-08-11 13:55:26 +0200: Memory Usage (466792K) : nbulay_pin has 0 polygons
2026-08-11 13:55:26 +0200: Memory Usage (466920K) : nbulay_block has 0 polygons
2026-08-11 13:55:26 +0200: Memory Usage (466920K) : emwind_drw has 0 polygons
2026-08-11 13:55:26 +0200: Memory Usage (467048K) : emwind_OPC has 0 polygons
2026-08-11 13:55:26 +0200: Memory Usage (467048K) : deepco_drw has 0 polygons
2026-08-11 13:55:26 +0200: Memory Usage (467176K) : mim_drw has 0 polygons
2026-08-11 13:55:26 +0200: Memory Usage (467176K) : edgeseal_drw has 0 polygons
2026-08-11 13:55:26 +0200: Memory Usage (467304K) : substrate_drw has 22 polygons
2026-08-11 13:55:26 +0200: Memory Usage (467432K) : substrate_text has 0 polygons
2026-08-11 13:55:26 +0200: Memory Usage (467432K) : dfpad_drw has 0 polygons
2026-08-11 13:55:26 +0200: Memory Usage (467432K) : dfpad_pillar has 0 polygons
2026-08-11 13:55:26 +0200: Memory Usage (467432K) : dfpad_sbump has 0 polygons
2026-08-11 13:55:26 +0200: Memory Usage (467560K) : thickgateox_drw has 4 polygons
2026-08-11 13:55:26 +0200: Memory Usage (467560K) : pldb_drw has 0 polygons
2026-08-11 13:55:26 +0200: Memory Usage (467560K) : pwell_drw has 0 polygons
2026-08-11 13:55:26 +0200: Memory Usage (467688K) : pwell_pin has 0 polygons
2026-08-11 13:55:26 +0200: Memory Usage (467688K) : pwell_block has 0 polygons
2026-08-11 13:55:26 +0200: Memory Usage (467816K) : ic_drw has 0 polygons
2026-08-11 13:55:26 +0200: Memory Usage (467816K) : via3_drw has 2087 polygons
2026-08-11 13:55:26 +0200: Memory Usage (468072K) : metal4_drw has 8 polygons
2026-08-11 13:55:26 +0200: Memory Usage (468072K) : metal4_filler has 0 polygons
2026-08-11 13:55:26 +0200: Memory Usage (468200K) : metal4_slit has 0 polygons
2026-08-11 13:55:26 +0200: Memory Usage (468328K) : metal4 has 8 polygons
2026-08-11 13:55:26 +0200: Memory Usage (468328K) : metal4_pin has 8 polygons
2026-08-11 13:55:26 +0200: Memory Usage (468328K) : metal4_mask has 0 polygons
2026-08-11 13:55:26 +0200: Memory Usage (468456K) : metal4_nofill has 0 polygons
2026-08-11 13:55:26 +0200: Memory Usage (468584K) : metal4_text has 8 polygons
2026-08-11 13:55:26 +0200: Memory Usage (468584K) : metal4_OPC has 0 polygons
2026-08-11 13:55:26 +0200: Memory Usage (468712K) : metal4_noqrc has 0 polygons
2026-08-11 13:55:26 +0200: Memory Usage (468712K) : metal4_res has 0 polygons
2026-08-11 13:55:26 +0200: Memory Usage (468840K) : metal4_iprobe has 0 polygons
2026-08-11 13:55:26 +0200: Memory Usage (468840K) : metal4_diffprb has 0 polygons
2026-08-11 13:55:26 +0200: Memory Usage (468968K) : heattrans_drw has 0 polygons
2026-08-11 13:55:26 +0200: Memory Usage (468968K) : heatres_drw has 0 polygons
2026-08-11 13:55:26 +0200: Memory Usage (469096K) : fbe_drw has 0 polygons
2026-08-11 13:55:26 +0200: Memory Usage (469096K) : empoly_drw has 0 polygons
2026-08-11 13:55:26 +0200: Memory Usage (469224K) : digisub_drw has 0 polygons
2026-08-11 13:55:26 +0200: Memory Usage (469224K) : text_drw has 15 polygons
2026-08-11 13:55:26 +0200: Memory Usage (469352K) : via4_drw has 2371 polygons
2026-08-11 13:55:26 +0200: Memory Usage (469480K) : metal5_drw has 8 polygons
2026-08-11 13:55:26 +0200: Memory Usage (469608K) : metal5_filler has 0 polygons
2026-08-11 13:55:26 +0200: Memory Usage (469608K) : metal5_slit has 0 polygons
2026-08-11 13:55:26 +0200: Memory Usage (469736K) : metal5 has 8 polygons
2026-08-11 13:55:26 +0200: Memory Usage (469736K) : metal5_pin has 8 polygons
2026-08-11 13:55:26 +0200: Memory Usage (469864K) : metal5_mask has 0 polygons
2026-08-11 13:55:26 +0200: Memory Usage (469864K) : metal5_nofill has 0 polygons
2026-08-11 13:55:26 +0200: Memory Usage (469992K) : metal5_text has 8 polygons
2026-08-11 13:55:26 +0200: Memory Usage (469992K) : metal5_OPC has 0 polygons
2026-08-11 13:55:26 +0200: Memory Usage (469992K) : metal5_noqrc has 0 polygons
2026-08-11 13:55:26 +0200: Memory Usage (470120K) : metal5_res has 0 polygons
2026-08-11 13:55:26 +0200: Memory Usage (470120K) : metal5_iprobe has 0 polygons
2026-08-11 13:55:26 +0200: Memory Usage (470248K) : metal5_diffprb has 0 polygons
2026-08-11 13:55:26 +0200: Memory Usage (470248K) : radhard_drw has 0 polygons
2026-08-11 13:55:26 +0200: Memory Usage (470376K) : memcap_drw has 0 polygons
2026-08-11 13:55:26 +0200: Memory Usage (470376K) : varicap_drw has 0 polygons
2026-08-11 13:55:26 +0200: Memory Usage (470504K) : intbondvia_drw has 0 polygons
2026-08-11 13:55:26 +0200: Memory Usage (470504K) : intbondmet_drw has 0 polygons
2026-08-11 13:55:26 +0200: Memory Usage (470632K) : devbondvia_drw has 0 polygons
2026-08-11 13:55:26 +0200: Memory Usage (470760K) : devbondmet_drw has 0 polygons
2026-08-11 13:55:26 +0200: Memory Usage (470760K) : devtrench_drw has 0 polygons
2026-08-11 13:55:26 +0200: Memory Usage (470888K) : redist_drw has 0 polygons
2026-08-11 13:55:26 +0200: Memory Usage (470888K) : graphbot_drw has 0 polygons
2026-08-11 13:55:26 +0200: Memory Usage (471016K) : graphtop_drw has 0 polygons
2026-08-11 13:55:26 +0200: Memory Usage (471016K) : antvia1_drw has 0 polygons
2026-08-11 13:55:26 +0200: Memory Usage (471144K) : antmetal2_drw has 0 polygons
2026-08-11 13:55:26 +0200: Memory Usage (471144K) : graphcont_drw has 0 polygons
2026-08-11 13:55:26 +0200: Memory Usage (471272K) : siwg_drw has 0 polygons
2026-08-11 13:55:26 +0200: Memory Usage (471272K) : siwg_filler has 0 polygons
2026-08-11 13:55:26 +0200: Memory Usage (471400K) : siwg_nofill has 0 polygons
2026-08-11 13:55:26 +0200: Memory Usage (471528K) : sigrating_drw has 0 polygons
2026-08-11 13:55:26 +0200: Memory Usage (471528K) : singrating_drw has 0 polygons
2026-08-11 13:55:26 +0200: Memory Usage (471656K) : graphpas_drw has 0 polygons
2026-08-11 13:55:26 +0200: Memory Usage (471656K) : emwind3_drw has 0 polygons
2026-08-11 13:55:26 +0200: Memory Usage (471784K) : emwihv3_drw has 0 polygons
2026-08-11 13:55:26 +0200: Memory Usage (471784K) : redbulay_drw has 0 polygons
2026-08-11 13:55:26 +0200: Memory Usage (471912K) : smos_drw has 0 polygons
2026-08-11 13:55:26 +0200: Memory Usage (471912K) : graphpad_drw has 0 polygons
2026-08-11 13:55:26 +0200: Memory Usage (472040K) : polimide_drw has 0 polygons
2026-08-11 13:55:26 +0200: Memory Usage (472040K) : polimide_pin has 0 polygons
2026-08-11 13:55:26 +0200: Memory Usage (472168K) : recog_drw has 0 polygons
2026-08-11 13:55:26 +0200: Memory Usage (472168K) : recog_pin has 0 polygons
2026-08-11 13:55:26 +0200: Memory Usage (472296K) : recog_esd has 0 polygons
2026-08-11 13:55:26 +0200: Memory Usage (472424K) : recog_diode has 6 polygons
2026-08-11 13:55:26 +0200: Memory Usage (472424K) : recog_tsv has 0 polygons
2026-08-11 13:55:26 +0200: Memory Usage (472424K) : recog_iprobe has 0 polygons
2026-08-11 13:55:26 +0200: Memory Usage (472424K) : recog_diffprb has 0 polygons
2026-08-11 13:55:26 +0200: Memory Usage (472424K) : recog_pillar has 0 polygons
2026-08-11 13:55:26 +0200: Memory Usage (472424K) : recog_sbump has 0 polygons
2026-08-11 13:55:26 +0200: Memory Usage (472424K) : recog_otp has 0 polygons
2026-08-11 13:55:26 +0200: Memory Usage (472552K) : recog_pdiode has 0 polygons
2026-08-11 13:55:26 +0200: Memory Usage (472552K) : recog_mom has 0 polygons
2026-08-11 13:55:26 +0200: Memory Usage (472552K) : recog_pcm has 0 polygons
2026-08-11 13:55:26 +0200: Memory Usage (472552K) : colopen_drw has 0 polygons
2026-08-11 13:55:26 +0200: Memory Usage (472552K) : graphmetal1_drw has 0 polygons
2026-08-11 13:55:26 +0200: Memory Usage (472552K) : graphmetal1_filler has 0 polygons
2026-08-11 13:55:26 +0200: Memory Usage (472552K) : graphmetal1_nofill has 0 polygons
2026-08-11 13:55:26 +0200: Memory Usage (472552K) : graphmetal1_slit has 0 polygons
2026-08-11 13:55:26 +0200: Memory Usage (472552K) : graphmetal1_OPC has 0 polygons
2026-08-11 13:55:26 +0200: Memory Usage (472552K) : graphmet1l_drw has 0 polygons
2026-08-11 13:55:26 +0200: Memory Usage (472552K) : graphmet1l_filler has 0 polygons
2026-08-11 13:55:26 +0200: Memory Usage (472552K) : graphmet1l_nofill has 0 polygons
2026-08-11 13:55:26 +0200: Memory Usage (472552K) : graphmet1l_slit has 0 polygons
2026-08-11 13:55:26 +0200: Memory Usage (472552K) : graphmet1l_OPC has 0 polygons
2026-08-11 13:55:26 +0200: Memory Usage (472552K) : extblock_drw has 0 polygons
2026-08-11 13:55:26 +0200: Memory Usage (472552K) : nldd_drw has 0 polygons
2026-08-11 13:55:26 +0200: Memory Usage (472552K) : pldd_drw has 0 polygons
2026-08-11 13:55:26 +0200: Memory Usage (472552K) : next_drw has 0 polygons
2026-08-11 13:55:26 +0200: Memory Usage (472552K) : pext_drw has 0 polygons
2026-08-11 13:55:26 +0200: Memory Usage (472552K) : nexthv_drw has 0 polygons
2026-08-11 13:55:26 +0200: Memory Usage (472552K) : pexthv_drw has 0 polygons
2026-08-11 13:55:26 +0200: Memory Usage (472552K) : graphgate_drw has 0 polygons
2026-08-11 13:55:26 +0200: Memory Usage (472552K) : sinwg_drw has 0 polygons
2026-08-11 13:55:26 +0200: Memory Usage (472552K) : sinwg_filler has 0 polygons
2026-08-11 13:55:26 +0200: Memory Usage (472552K) : sinwg_nofill has 0 polygons
2026-08-11 13:55:26 +0200: Memory Usage (472552K) : mempad_drw has 0 polygons
2026-08-11 13:55:26 +0200: Memory Usage (472552K) : topvia1_drw has 2315 polygons
2026-08-11 13:55:26 +0200: Memory Usage (472552K) : topmetal1_drw has 8 polygons
2026-08-11 13:55:26 +0200: Memory Usage (472552K) : topmetal1_filler has 0 polygons
2026-08-11 13:55:26 +0200: Memory Usage (472552K) : topmetal1_slit has 0 polygons
2026-08-11 13:55:26 +0200: Memory Usage (472552K) : topmetal1 has 8 polygons
2026-08-11 13:55:26 +0200: Memory Usage (472552K) : topmetal1_pin has 8 polygons
2026-08-11 13:55:26 +0200: Memory Usage (472552K) : topmetal1_mask has 0 polygons
2026-08-11 13:55:26 +0200: Memory Usage (472552K) : topmetal1_nofill has 0 polygons
2026-08-11 13:55:26 +0200: Memory Usage (472552K) : topmetal1_text has 8 polygons
2026-08-11 13:55:26 +0200: Memory Usage (472552K) : topmetal1_noqrc has 0 polygons
2026-08-11 13:55:26 +0200: Memory Usage (472552K) : topmetal1_res has 0 polygons
2026-08-11 13:55:26 +0200: Memory Usage (472552K) : topmetal1_iprobe has 0 polygons
2026-08-11 13:55:26 +0200: Memory Usage (472552K) : topmetal1_diffprb has 0 polygons
2026-08-11 13:55:26 +0200: Memory Usage (472552K) : inldpwl_drw has 0 polygons
2026-08-11 13:55:26 +0200: Memory Usage (472552K) : polyres_drw has 0 polygons
2026-08-11 13:55:26 +0200: Memory Usage (472552K) : polyres_pin has 0 polygons
2026-08-11 13:55:26 +0200: Memory Usage (472552K) : vmim_drw has 0 polygons
2026-08-11 13:55:26 +0200: Memory Usage (472552K) : nbulaycut_drw has 0 polygons
2026-08-11 13:55:26 +0200: Memory Usage (472552K) : antmetal1_drw has 0 polygons
2026-08-11 13:55:26 +0200: Memory Usage (472552K) : topvia2_drw has 1593 polygons
2026-08-11 13:55:26 +0200: Memory Usage (472552K) : topmetal2_drw has 6 polygons
2026-08-11 13:55:26 +0200: Memory Usage (472552K) : topmetal2_filler has 0 polygons
2026-08-11 13:55:26 +0200: Memory Usage (472552K) : topmetal2_slit has 0 polygons
2026-08-11 13:55:26 +0200: Memory Usage (472552K) : topmetal2 has 6 polygons
2026-08-11 13:55:26 +0200: Memory Usage (472552K) : topmetal2_pin has 6 polygons
2026-08-11 13:55:26 +0200: Memory Usage (472552K) : topmetal2_mask has 0 polygons
2026-08-11 13:55:26 +0200: Memory Usage (472552K) : topmetal2_nofill has 0 polygons
2026-08-11 13:55:26 +0200: Memory Usage (472552K) : topmetal2_text has 6 polygons
2026-08-11 13:55:26 +0200: Memory Usage (472552K) : topmetal2_noqrc has 0 polygons
2026-08-11 13:55:26 +0200: Memory Usage (472552K) : topmetal2_res has 0 polygons
2026-08-11 13:55:26 +0200: Memory Usage (472552K) : topmetal2_iprobe has 0 polygons
2026-08-11 13:55:26 +0200: Memory Usage (472552K) : topmetal2_diffprb has 0 polygons
2026-08-11 13:55:26 +0200: Memory Usage (472552K) : snsring_drw has 0 polygons
2026-08-11 13:55:26 +0200: Memory Usage (472552K) : sensor_drw has 0 polygons
2026-08-11 13:55:26 +0200: Memory Usage (472552K) : snsarms_drw has 0 polygons
2026-08-11 13:55:26 +0200: Memory Usage (472552K) : snscmosvia_drw has 0 polygons
2026-08-11 13:55:26 +0200: Memory Usage (472552K) : colwind_drw has 0 polygons
2026-08-11 13:55:26 +0200: Memory Usage (472552K) : flm_drw has 0 polygons
2026-08-11 13:55:26 +0200: Memory Usage (472552K) : hafniumox_drw has 0 polygons
2026-08-11 13:55:26 +0200: Memory Usage (472552K) : memvia_drw has 0 polygons
2026-08-11 13:55:26 +0200: Memory Usage (472552K) : thinfilmres_drw has 0 polygons
2026-08-11 13:55:26 +0200: Memory Usage (472552K) : rfmem_drw has 0 polygons
2026-08-11 13:55:26 +0200: Memory Usage (472552K) : norcx_drw has 0 polygons
2026-08-11 13:55:26 +0200: Memory Usage (472552K) : norcx_m2m3 has 0 polygons
2026-08-11 13:55:26 +0200: Memory Usage (472552K) : norcx_m2m4 has 0 polygons
2026-08-11 13:55:26 +0200: Memory Usage (472552K) : norcx_m2m5 has 0 polygons
2026-08-11 13:55:26 +0200: Memory Usage (472552K) : norcx_m2tm1 has 0 polygons
2026-08-11 13:55:26 +0200: Memory Usage (472552K) : norcx_m2tm2 has 0 polygons
2026-08-11 13:55:26 +0200: Memory Usage (472552K) : norcx_m3m4 has 0 polygons
2026-08-11 13:55:26 +0200: Memory Usage (472552K) : norcx_m3m5 has 0 polygons
2026-08-11 13:55:26 +0200: Memory Usage (472552K) : norcx_m3tm1 has 0 polygons
2026-08-11 13:55:26 +0200: Memory Usage (472552K) : norcx_m3tm2 has 0 polygons
2026-08-11 13:55:26 +0200: Memory Usage (472552K) : norcx_m4m5 has 0 polygons
2026-08-11 13:55:26 +0200: Memory Usage (472552K) : norcx_m4tm1 has 0 polygons
2026-08-11 13:55:26 +0200: Memory Usage (472552K) : norcx_m4tm2 has 0 polygons
2026-08-11 13:55:26 +0200: Memory Usage (472552K) : norcx_m5tm1 has 0 polygons
2026-08-11 13:55:26 +0200: Memory Usage (472552K) : norcx_m5tm2 has 0 polygons
2026-08-11 13:55:26 +0200: Memory Usage (472552K) : norcx_tm1tm2 has 0 polygons
2026-08-11 13:55:26 +0200: Memory Usage (472552K) : norcx_m1sub has 0 polygons
2026-08-11 13:55:26 +0200: Memory Usage (472552K) : norcx_m2sub has 0 polygons
2026-08-11 13:55:26 +0200: Memory Usage (472552K) : norcx_m3sub has 0 polygons
2026-08-11 13:55:26 +0200: Memory Usage (472552K) : norcx_m4sub has 0 polygons
2026-08-11 13:55:26 +0200: Memory Usage (472552K) : norcx_m5sub has 0 polygons
2026-08-11 13:55:26 +0200: Memory Usage (472552K) : norcx_tm1sub has 0 polygons
2026-08-11 13:55:26 +0200: Memory Usage (472552K) : norcx_tm2sub has 0 polygons
2026-08-11 13:55:26 +0200: Memory Usage (472552K) : snsbotvia_drw has 0 polygons
2026-08-11 13:55:26 +0200: Memory Usage (472552K) : snstopvia_drw has 0 polygons
2026-08-11 13:55:26 +0200: Memory Usage (472552K) : deepvia_drw has 0 polygons
2026-08-11 13:55:26 +0200: Memory Usage (472552K) : fgetch_drw has 0 polygons
2026-08-11 13:55:26 +0200: Memory Usage (472552K) : ctrgat_drw has 0 polygons
2026-08-11 13:55:26 +0200: Memory Usage (472552K) : fgimp_drw has 0 polygons
2026-08-11 13:55:26 +0200: Memory Usage (472552K) : emwihv_drw has 0 polygons
2026-08-11 13:55:26 +0200: Memory Usage (472552K) : lbe_drw has 0 polygons
2026-08-11 13:55:26 +0200: Memory Usage (472552K) : alcustop_drw has 0 polygons
2026-08-11 13:55:26 +0200: Memory Usage (472552K) : nometfiller_drw has 0 polygons
2026-08-11 13:55:26 +0200: Memory Usage (472552K) : prboundary_drw has 0 polygons
2026-08-11 13:55:26 +0200: Memory Usage (472552K) : exchange0_drw has 0 polygons
2026-08-11 13:55:26 +0200: Memory Usage (472552K) : exchange0_pin has 0 polygons
2026-08-11 13:55:26 +0200: Memory Usage (472552K) : exchange0_text has 0 polygons
2026-08-11 13:55:26 +0200: Memory Usage (472552K) : exchange1_drw has 0 polygons
2026-08-11 13:55:26 +0200: Memory Usage (472552K) : exchange1_pin has 0 polygons
2026-08-11 13:55:26 +0200: Memory Usage (472552K) : exchange1_text has 0 polygons
2026-08-11 13:55:26 +0200: Memory Usage (472552K) : exchange2_drw has 0 polygons
2026-08-11 13:55:26 +0200: Memory Usage (472552K) : exchange2_pin has 0 polygons
2026-08-11 13:55:26 +0200: Memory Usage (472552K) : exchange2_text has 0 polygons
2026-08-11 13:55:26 +0200: Memory Usage (472552K) : exchange3_drw has 0 polygons
2026-08-11 13:55:26 +0200: Memory Usage (472552K) : exchange3_pin has 0 polygons
2026-08-11 13:55:26 +0200: Memory Usage (472552K) : exchange3_text has 0 polygons
2026-08-11 13:55:26 +0200: Memory Usage (472552K) : exchange4_drw has 0 polygons
2026-08-11 13:55:26 +0200: Memory Usage (472552K) : exchange4_pin has 0 polygons
2026-08-11 13:55:26 +0200: Memory Usage (472552K) : exchange4_text has 0 polygons
2026-08-11 13:55:26 +0200: Memory Usage (472552K) : isonwell_drw has 0 polygons
2026-08-11 13:55:26 +0200: Memory Usage (472552K) : Total no. of polygons in the design is 57545
2026-08-11 13:55:26 +0200: Memory Usage (472552K) : Starting base layers derivations
2026-08-11 13:55:26 +0200: Memory Usage (472552K) : Starting general LVS derivations
2026-08-11 13:55:26 +0200: Memory Usage (476776K) : Starting MOSFET DERIVATIONS
2026-08-11 13:55:27 +0200: Memory Usage (479492K) : Starting NMOS DERIVATIONS
2026-08-11 13:55:27 +0200: Memory Usage (479492K) : Starting PMOS DERIVATIONS
2026-08-11 13:55:27 +0200: Memory Usage (479492K) : Starting RF-MOSFET DERIVATIONS
2026-08-11 13:55:27 +0200: Memory Usage (479492K) : Starting RF-NMOS DERIVATIONS
2026-08-11 13:55:27 +0200: Memory Usage (479492K) : Starting RF-PMOS DERIVATIONS
2026-08-11 13:55:27 +0200: Memory Usage (479492K) : Starting BJT DERIVATIONS
2026-08-11 13:55:27 +0200: Memory Usage (479492K) : Starting NPN-BJT DERIVATIONS
2026-08-11 13:55:27 +0200: Memory Usage (479492K) : Starting PNP-BJT DERIVATIONS
2026-08-11 13:55:27 +0200: Memory Usage (479492K) : Starting DIODE DERIVATIONS
2026-08-11 13:55:27 +0200: Memory Usage (479488K) : Starting RESISTOR DERIVATIONS
2026-08-11 13:55:27 +0200: Memory Usage (479488K) : Starting CAP DERIVATIONS
2026-08-11 13:55:28 +0200: Memory Usage (479488K) : Starting CAP_CMOM DERIVATIONS
2026-08-11 13:55:28 +0200: Memory Usage (479488K) : Starting ESD DERIVATIONS
2026-08-11 13:55:28 +0200: Memory Usage (482432K) : Starting Inductor DERIVATIONS
2026-08-11 13:55:28 +0200: Memory Usage (482432K) : Starting Taps DERIVATIONS
2026-08-11 13:55:28 +0200: Memory Usage (482432K) : Starting SG13G2 LVS connectivity setup
2026-08-11 13:55:28 +0200: Memory Usage (482432K) : Starting SG13G2 LVS connectivity setup (Inter-layer)
2026-08-11 13:55:28 +0200: Memory Usage (482560K) : Starting SG13G2 LVS connectivity setup (Global)
2026-08-11 13:55:28 +0200: Memory Usage (482560K) : Starting LVS MOSFET CONNECTIONS
2026-08-11 13:55:28 +0200: Memory Usage (482560K) : Starting LVS RF-MOSFET CONNECTIONS
2026-08-11 13:55:28 +0200: Memory Usage (482560K) : Starting LVS BJT CONNECTIONS
2026-08-11 13:55:28 +0200: Memory Usage (482560K) : Starting LVS DIODE CONNECTIONS
2026-08-11 13:55:28 +0200: Memory Usage (482560K) : Starting RESISTOR CONNECTIONS
2026-08-11 13:55:28 +0200: Memory Usage (482560K) : Starting LVS CAP CONNECTIONS
2026-08-11 13:55:28 +0200: Memory Usage (482560K) : Starting CAP_CMOM CONNECTIONS
2026-08-11 13:55:28 +0200: Memory Usage (482560K) : Starting ESD CONNECTIONS
2026-08-11 13:55:28 +0200: Memory Usage (482560K) : Starting Inductor CONNECTIONS
2026-08-11 13:55:28 +0200: Memory Usage (482560K) : Starting LVS Taps CONNECTIONS
2026-08-11 13:55:28 +0200: Memory Usage (482560K) : Starting SG13G2 LVS DEVICES EXTRACTION
2026-08-11 13:55:28 +0200: Memory Usage (482560K) : Starting MOSFET EXTRACTION
2026-08-11 13:55:28 +0200: Memory Usage (482560K) : Starting NMOS EXTRACTION
2026-08-11 13:55:28 +0200: Memory Usage (482560K) : Extraction of NMOS-LV transistor
2026-08-11 13:55:28 +0200: Memory Usage (482688K) : Extraction of NMOS-HV transistor
2026-08-11 13:55:28 +0200: Memory Usage (482688K) : Starting PMOS EXTRACTION
2026-08-11 13:55:28 +0200: Memory Usage (482688K) : Extraction of PMOS-LV transistor
2026-08-11 13:55:28 +0200: Memory Usage (482688K) : Extraction of PMOS-HV transistor
2026-08-11 13:55:28 +0200: Memory Usage (482688K) : Starting RF-MOSFET EXTRACTION
2026-08-11 13:55:28 +0200: Memory Usage (482688K) : Extraction of RF-NMOS-LV transistor
2026-08-11 13:55:28 +0200: Memory Usage (482688K) : Extraction of RF-NMOS-HV transistor
2026-08-11 13:55:28 +0200: Memory Usage (482688K) : Extraction of RF-PMOS-LV transistor
2026-08-11 13:55:28 +0200: Memory Usage (482688K) : Extraction of RF-PMOS-HV transistor
2026-08-11 13:55:28 +0200: Memory Usage (482688K) : Starting BJT EXTRACTION
2026-08-11 13:55:28 +0200: Memory Usage (482688K) : Starting NPN-BJT EXTRACTION
2026-08-11 13:55:28 +0200: Memory Usage (482688K) : Extraction of npn13G2 BJT transistor
2026-08-11 13:55:28 +0200: Memory Usage (482688K) : Extraction of npn13G2L BJT transistor
2026-08-11 13:55:28 +0200: Memory Usage (482688K) : Extraction of npn13G2V BJT transistor
2026-08-11 13:55:28 +0200: Memory Usage (482688K) : Starting PNP-BJT EXTRACTION
2026-08-11 13:55:28 +0200: Memory Usage (482688K) : Extracting pnpMPA BJT
2026-08-11 13:55:28 +0200: Memory Usage (482688K) : Starting DIODE EXTRACTION
2026-08-11 13:55:28 +0200: Memory Usage (482688K) : Extracting dantenna diode
2026-08-11 13:55:28 +0200: Memory Usage (482688K) : Extracting dpantenna diode
2026-08-11 13:55:28 +0200: Memory Usage (482688K) : Extracting schottky_nbl1 diode
2026-08-11 13:55:28 +0200: Memory Usage (482688K) : Extracting isolbox diode
2026-08-11 13:55:28 +0200: Memory Usage (482688K) : Starting RESISTOR EXTRACTION
2026-08-11 13:55:28 +0200: Memory Usage (482688K) : Extracting rsil resistor
2026-08-11 13:55:28 +0200: Memory Usage (482688K) : Extracting rppd resistor
2026-08-11 13:55:28 +0200: Memory Usage (482688K) : Extracting rhigh resistor
2026-08-11 13:55:28 +0200: Memory Usage (482688K) : Extracting res_metal1 resistor
2026-08-11 13:55:28 +0200: Memory Usage (482688K) : Extracting res_metal2 resistor
2026-08-11 13:55:28 +0200: Memory Usage (482688K) : Extracting res_metal3 resistor
2026-08-11 13:55:28 +0200: Memory Usage (482688K) : Extracting res_metal4 resistor
2026-08-11 13:55:28 +0200: Memory Usage (482688K) : Extracting res_metal5 resistor
2026-08-11 13:55:28 +0200: Memory Usage (482688K) : Extracting res_topmetal1 resistor
2026-08-11 13:55:28 +0200: Memory Usage (482688K) : Extracting res_topmetal2 resistor
2026-08-11 13:55:28 +0200: Memory Usage (482688K) : Starting CAP EXTRACTION
2026-08-11 13:55:28 +0200: Memory Usage (482688K) : Extracting cap_cmim device
2026-08-11 13:55:28 +0200: Memory Usage (482688K) : Extracting rfcmim device
2026-08-11 13:55:28 +0200: Memory Usage (482688K) : Extracting sg13_hv_svaricap varactor
2026-08-11 13:55:28 +0200: Memory Usage (482688K) : Extracting cap_cmomi device
2026-08-11 13:55:28 +0200: Memory Usage (482688K) : Extracting sg13_moscap_n capacitor
2026-08-11 13:55:28 +0200: Memory Usage (482688K) : Extracting sg13_moscap_p capacitor
2026-08-11 13:55:28 +0200: Memory Usage (482688K) : Starting ESD EXTRACTION
2026-08-11 13:55:28 +0200: Memory Usage (482688K) : Extracting diodevdd_2kv ESD device
2026-08-11 13:55:28 +0200: Memory Usage (482688K) : Extracting diodevdd_4kv ESD device
2026-08-11 13:55:28 +0200: Memory Usage (482688K) : Extracting diodevss_2kv ESD device
2026-08-11 13:55:28 +0200: Memory Usage (482688K) : Extracting diodevss_4kv ESD device
2026-08-11 13:55:28 +0200: Memory Usage (482688K) : Extracting idiodevdd_2kv ESD device
2026-08-11 13:55:28 +0200: Memory Usage (482688K) : Extracting idiodevdd_4kv ESD device
2026-08-11 13:55:28 +0200: Memory Usage (482688K) : Extracting idiodevss_2kv ESD device
2026-08-11 13:55:28 +0200: Memory Usage (482688K) : Extracting idiodevss_4kv ESD device
2026-08-11 13:55:28 +0200: Memory Usage (482688K) : Extracting nmoscl_2 ESD device
2026-08-11 13:55:28 +0200: Memory Usage (482688K) : Extracting nmoscl_4 ESD device
2026-08-11 13:55:28 +0200: Memory Usage (482688K) : Starting Inductor EXTRACTION
2026-08-11 13:55:28 +0200: Memory Usage (482688K) : Extracting Inductor2 device
2026-08-11 13:55:28 +0200: Memory Usage (482688K) : Extracting Inductor3 device
2026-08-11 13:55:28 +0200: Memory Usage (482688K) : Starting Taps EXTRACTION
2026-08-11 13:55:28 +0200: Memory Usage (482688K) : Extracting ntap1 device
2026-08-11 13:55:28 +0200: Memory Usage (482688K) : Extracting ptap1 device
2026-08-11 13:55:28 +0200: Memory Usage (482688K) : Starting SG13G2 LVS RF MOS Model Mapping
2026-08-11 13:55:29 +0200: Memory Usage (494976K) : [layout_netlist] Apply RF MOS model mapping and rfmode parameter.
2026-08-11 13:55:29 +0200: Memory Usage (494976K) : Starting SG13G2 LVS Options Preparations
2026-08-11 13:55:29 +0200: Memory Usage (494976K) : SG13G2 LVS flow: extraction -> alignment -> option preparation -> comparison.
2026-08-11 13:55:29 +0200: Memory Usage (494976K) : Starting SG13G2 LVS Alignment
2026-08-11 13:55:29 +0200: Memory Usage (495104K) : Starting SG13G2 LVS Simplification
2026-08-11 13:55:29 +0200: Memory Usage (495104K) : [layout_netlist] simplify: ENABLED
2026-08-11 13:55:29 +0200: Memory Usage (495104K) : [layout_netlist] make_top_level_pins: SKIPPED
2026-08-11 13:55:29 +0200: Memory Usage (495104K) : [layout_netlist] combine_devices: ENABLED
2026-08-11 13:55:29 +0200: Memory Usage (495104K) : [layout_netlist] purge: SKIPPED
2026-08-11 13:55:29 +0200: Memory Usage (495104K) : [layout_netlist] purge_nets: SKIPPED
2026-08-11 13:55:29 +0200: Memory Usage (495104K) : [schematic_netlist] simplify: ENABLED
2026-08-11 13:55:29 +0200: Memory Usage (495104K) : [schematic_netlist] make_top_level_pins: SKIPPED
2026-08-11 13:55:29 +0200: Memory Usage (495104K) : [schematic_netlist] combine_devices: ENABLED
2026-08-11 13:55:29 +0200: Memory Usage (495104K) : [schematic_netlist] purge: SKIPPED
2026-08-11 13:55:29 +0200: Memory Usage (495104K) : [schematic_netlist] purge_nets: SKIPPED
2026-08-11 13:55:29 +0200: Memory Usage (495104K) : Starting SG13G2 LVS Comparison
2026-08-11 13:55:29 +0200: Memory Usage (495232K) : ==========================================
2026-08-11 13:55:29 +0200: Memory Usage (495232K) : INFO : Congratulations! Netlists match.
2026-08-11 13:55:29 +0200: Memory Usage (495232K) : ==========================================
2026-08-11 13:55:29 +0200: Memory Usage (495232K) : LVS Total Run time 3.445136 seconds
11-Aug-2026 13:55:29 | INFO    | ==============================================================================
11-Aug-2026 13:55:29 | INFO    | Important Summary
11-Aug-2026 13:55:29 | INFO    | +------------------+-------------------------------------------------------------------------------------------+
11-Aug-2026 13:55:29 | INFO    | | Status           | PASS                                                                                      |
11-Aug-2026 13:55:29 | INFO    | | Mode             | COMPARE                                                                                   |
11-Aug-2026 13:55:29 | INFO    | | Outcome          | Comparison mode: PASS (netlists match).                                                   |
11-Aug-2026 13:55:29 | INFO    | | Layout           | sg13g2_IOPadOut4mA.gds                                                                    |
11-Aug-2026 13:55:29 | INFO    | | Top Cell         | sg13g2_IOPadOut4mA                                                                        |
11-Aug-2026 13:55:29 | INFO    | | Results Dir      | /foss/designs/ihp-open-pdk-regression/IOPADS/lvs_sweep/20260811_135408/sg13g2_IOPadOut4mA |
11-Aug-2026 13:55:29 | INFO    | | Warnings         | 0                                                                                         |
11-Aug-2026 13:55:29 | INFO    | | Errors           | 0                                                                                         |
11-Aug-2026 13:55:29 | INFO    | | Run Time (s)     | 6.588                                                                                     |
11-Aug-2026 13:55:29 | INFO    | +------------------+-------------------------------------------------------------------------------------------+
11-Aug-2026 13:55:29 | INFO    | ==============================================================================
