10-Aug-2026 17:34:44 | INFO    | Your Klayout version is: KLayout 0.30.10 (required >= 0.30.5)
10-Aug-2026 17:34:44 | INFO    | Running SG13G2 LVS checks on design /foss/designs/ihp-open-pdk-regression/IOPADS/layout/sg13g2_IOPadInOut16mA.gds on cell sg13g2_IOPadInOut16mA
2026-08-10 17:34:47 +0200: Memory Usage (455464K) : Starting running SG13G2 Klayout LVS runset on /foss/designs/ihp-open-pdk-regression/IOPADS/layout/sg13g2_IOPadInOut16mA.gds
2026-08-10 17:34:47 +0200: Memory Usage (455464K) : Ruby Version for klayout: 3.2.3
2026-08-10 17:34:47 +0200: Memory Usage (457128K) : Loading database to memory is complete.
2026-08-10 17:34:47 +0200: Memory Usage (457128K) : SG13G2 Klayout LVS runset output at: /foss/designs/ihp-open-pdk-regression/IOPADS/lvs_sweep/20260810_173421/sg13g2_IOPadInOut16mA/sg13g2_IOPadInOut16mA.lvsdb
2026-08-10 17:34:47 +0200: Memory Usage (457128K) : Evaluate switches.
2026-08-10 17:34:47 +0200: Memory Usage (457128K) : Extracted netlist with net names: true
2026-08-10 17:34:47 +0200: Memory Usage (457128K) : Extracted netlist with comments in details: false
2026-08-10 17:34:47 +0200: Memory Usage (457128K) : Selected NET_ONLY option: false
2026-08-10 17:34:47 +0200: Memory Usage (457128K) : Selected LAYOUT_NETLIST option: (none)
2026-08-10 17:34:47 +0200: Memory Usage (457128K) : Selected IGNORE_TOP_PORTS_MISMATCH option: true
2026-08-10 17:34:47 +0200: Memory Usage (457128K) : Selected IMPLICIT_NETS option: iovss,iovdd,vss,vdd,pad,cathode,anode
2026-08-10 17:34:47 +0200: Memory Usage (457128K) : Selected TOP_LVL_PINS option: false
2026-08-10 17:34:47 +0200: Memory Usage (457128K) : Selected COMBINE DEVICES option: true
2026-08-10 17:34:47 +0200: Memory Usage (457128K) : Selected PURGE option: false
2026-08-10 17:34:47 +0200: Memory Usage (457128K) : Selected PURGE_NETS option: false
2026-08-10 17:34:47 +0200: Memory Usage (457128K) : Selected SIMPLIFY option: true
2026-08-10 17:34:47 +0200: Memory Usage (457128K) : Selected SERIES_RES option: true
2026-08-10 17:34:47 +0200: Memory Usage (457256K) : Selected PARALLEL_RES option: true
2026-08-10 17:34:47 +0200: Memory Usage (457256K) : Selected DISABLE_TAP_EXTRACTION option: false
2026-08-10 17:34:47 +0200: Memory Usage (457256K) : deep  mode is enabled.
2026-08-10 17:34:47 +0200: Memory Usage (457256K) : Applying implicit connections (case-sensitive, pattern supported) for nets: iovss, iovdd, vss, vdd, pad, cathode, anode
2026-08-10 17:34:47 +0200: Memory Usage (458664K) : Netlist file: /foss/designs/ihp-open-pdk-regression/IOPADS/netlist/pads_sub/sg13g2_IOPadInOut16mA.spi
2026-08-10 17:34:47 +0200: Memory Usage (458664K) : LVS extracted netlist at: /foss/designs/ihp-open-pdk-regression/IOPADS/lvs_sweep/20260810_173421/sg13g2_IOPadInOut16mA/sg13g2_IOPadInOut16mA_extracted.cir
2026-08-10 17:34:47 +0200: Memory Usage (458664K) : Applying SRAM integration support.
2026-08-10 17:34:47 +0200: Memory Usage (458664K) : Starting SG13G2 LVS runset
2026-08-10 17:34:47 +0200: Memory Usage (458664K) : Read in polygons from layers.
2026-08-10 17:34:47 +0200: Memory Usage (460456K) : activ_drw has 110 polygons
2026-08-10 17:34:47 +0200: Memory Usage (460456K) : activ_filler has 0 polygons
2026-08-10 17:34:47 +0200: Memory Usage (460456K) : activ has 110 polygons
2026-08-10 17:34:47 +0200: Memory Usage (460456K) : activ_pin has 0 polygons
2026-08-10 17:34:47 +0200: Memory Usage (460456K) : activ_mask has 0 polygons
2026-08-10 17:34:47 +0200: Memory Usage (460584K) : activ_nofill has 0 polygons
2026-08-10 17:34:47 +0200: Memory Usage (460584K) : activ_OPC has 0 polygons
2026-08-10 17:34:47 +0200: Memory Usage (460712K) : activ_iOPC has 0 polygons
2026-08-10 17:34:47 +0200: Memory Usage (460712K) : activ_noqrc has 0 polygons
2026-08-10 17:34:47 +0200: Memory Usage (460840K) : biwind_drw has 0 polygons
2026-08-10 17:34:47 +0200: Memory Usage (460840K) : biwind_OPC has 0 polygons
2026-08-10 17:34:47 +0200: Memory Usage (460968K) : gatpoly_drw has 55 polygons
2026-08-10 17:34:47 +0200: Memory Usage (460968K) : gatpoly_filler has 0 polygons
2026-08-10 17:34:47 +0200: Memory Usage (461096K) : gatpoly has 55 polygons
2026-08-10 17:34:47 +0200: Memory Usage (461096K) : gatpoly_pin has 6 polygons
2026-08-10 17:34:47 +0200: Memory Usage (461224K) : gatpoly_nofill has 0 polygons
2026-08-10 17:34:47 +0200: Memory Usage (461224K) : gatpoly_OPC has 0 polygons
2026-08-10 17:34:47 +0200: Memory Usage (461352K) : gatpoly_iOPC has 0 polygons
2026-08-10 17:34:47 +0200: Memory Usage (461480K) : gatpoly_noqrc has 0 polygons
2026-08-10 17:34:47 +0200: Memory Usage (462888K) : cont_drw has 46400 polygons
2026-08-10 17:34:47 +0200: Memory Usage (462888K) : cont_OPC has 0 polygons
2026-08-10 17:34:47 +0200: Memory Usage (462888K) : nsd_drw has 0 polygons
2026-08-10 17:34:47 +0200: Memory Usage (462888K) : nsd_block has 0 polygons
2026-08-10 17:34:47 +0200: Memory Usage (462888K) : metal1_drw has 312 polygons
2026-08-10 17:34:47 +0200: Memory Usage (462888K) : metal1_filler has 0 polygons
2026-08-10 17:34:47 +0200: Memory Usage (462888K) : metal1_slit has 0 polygons
2026-08-10 17:34:47 +0200: Memory Usage (463400K) : metal1 has 312 polygons
2026-08-10 17:34:47 +0200: Memory Usage (463400K) : metal1_pin has 57 polygons
2026-08-10 17:34:47 +0200: Memory Usage (463400K) : metal1_mask has 0 polygons
2026-08-10 17:34:47 +0200: Memory Usage (463400K) : metal1_nofill has 0 polygons
2026-08-10 17:34:47 +0200: Memory Usage (463656K) : metal1_text has 47 polygons
2026-08-10 17:34:47 +0200: Memory Usage (463656K) : metal1_OPC has 0 polygons
2026-08-10 17:34:47 +0200: Memory Usage (463656K) : metal1_noqrc has 0 polygons
2026-08-10 17:34:47 +0200: Memory Usage (463784K) : metal1_res has 0 polygons
2026-08-10 17:34:47 +0200: Memory Usage (463784K) : metal1_iprobe has 0 polygons
2026-08-10 17:34:47 +0200: Memory Usage (463912K) : metal1_diffprb has 0 polygons
2026-08-10 17:34:47 +0200: Memory Usage (463912K) : passiv_drw has 0 polygons
2026-08-10 17:34:47 +0200: Memory Usage (464040K) : passiv_pin has 0 polygons
2026-08-10 17:34:47 +0200: Memory Usage (464040K) : passiv_sbump has 0 polygons
2026-08-10 17:34:47 +0200: Memory Usage (464168K) : passiv_pillar has 0 polygons
2026-08-10 17:34:47 +0200: Memory Usage (464296K) : passiv_pdl has 0 polygons
2026-08-10 17:34:47 +0200: Memory Usage (464424K) : metal2_drw has 90 polygons
2026-08-10 17:34:47 +0200: Memory Usage (464424K) : metal2_filler has 0 polygons
2026-08-10 17:34:47 +0200: Memory Usage (464424K) : metal2_slit has 0 polygons
2026-08-10 17:34:47 +0200: Memory Usage (464552K) : metal2 has 90 polygons
2026-08-10 17:34:47 +0200: Memory Usage (464552K) : metal2_pin has 27 polygons
2026-08-10 17:34:47 +0200: Memory Usage (464552K) : metal2_mask has 0 polygons
2026-08-10 17:34:47 +0200: Memory Usage (464680K) : metal2_nofill has 0 polygons
2026-08-10 17:34:47 +0200: Memory Usage (464680K) : metal2_text has 27 polygons
2026-08-10 17:34:47 +0200: Memory Usage (464680K) : metal2_OPC has 0 polygons
2026-08-10 17:34:47 +0200: Memory Usage (464808K) : metal2_noqrc has 0 polygons
2026-08-10 17:34:47 +0200: Memory Usage (464808K) : metal2_res has 0 polygons
2026-08-10 17:34:47 +0200: Memory Usage (464936K) : metal2_iprobe has 0 polygons
2026-08-10 17:34:47 +0200: Memory Usage (464936K) : metal2_diffprb has 0 polygons
2026-08-10 17:34:47 +0200: Memory Usage (465064K) : baspoly_drw has 0 polygons
2026-08-10 17:34:47 +0200: Memory Usage (465064K) : baspoly_pin has 0 polygons
2026-08-10 17:34:47 +0200: Memory Usage (465192K) : psd_drw has 45 polygons
2026-08-10 17:34:47 +0200: Memory Usage (465192K) : nldb_drw has 0 polygons
2026-08-10 17:34:47 +0200: Memory Usage (465320K) : digibnd_drw has 0 polygons
2026-08-10 17:34:47 +0200: Memory Usage (465448K) : via1_drw has 1757 polygons
2026-08-10 17:34:47 +0200: Memory Usage (465448K) : backmetal1_drw has 0 polygons
2026-08-10 17:34:47 +0200: Memory Usage (465576K) : backmetal1_pin has 0 polygons
2026-08-10 17:34:47 +0200: Memory Usage (465576K) : backmetal1_mask has 0 polygons
2026-08-10 17:34:47 +0200: Memory Usage (465704K) : backmetal1_filler has 0 polygons
2026-08-10 17:34:47 +0200: Memory Usage (465704K) : backmetal1_nofill has 0 polygons
2026-08-10 17:34:47 +0200: Memory Usage (465832K) : backmetal1_slit has 0 polygons
2026-08-10 17:34:47 +0200: Memory Usage (465832K) : backmetal1_text has 0 polygons
2026-08-10 17:34:47 +0200: Memory Usage (465960K) : backmetal1_OPC has 0 polygons
2026-08-10 17:34:47 +0200: Memory Usage (465960K) : backmetal1_noqrc has 0 polygons
2026-08-10 17:34:47 +0200: Memory Usage (466088K) : backmetal1_res has 0 polygons
2026-08-10 17:34:47 +0200: Memory Usage (466216K) : backmetal1_iprobe has 0 polygons
2026-08-10 17:34:47 +0200: Memory Usage (466216K) : backmetal1_diffprb has 0 polygons
2026-08-10 17:34:47 +0200: Memory Usage (466344K) : backpassiv_drw has 0 polygons
2026-08-10 17:34:47 +0200: Memory Usage (466344K) : res_drw has 0 polygons
2026-08-10 17:34:47 +0200: Memory Usage (466472K) : sram_drw has 0 polygons
2026-08-10 17:34:47 +0200: Memory Usage (466472K) : trans_drw has 0 polygons
2026-08-10 17:34:47 +0200: Memory Usage (466600K) : ind_drw has 0 polygons
2026-08-10 17:34:47 +0200: Memory Usage (466600K) : ind_pin has 0 polygons
2026-08-10 17:34:47 +0200: Memory Usage (466728K) : ind_text has 0 polygons
2026-08-10 17:34:47 +0200: Memory Usage (466728K) : salblock_drw has 1 polygons
2026-08-10 17:34:47 +0200: Memory Usage (466856K) : via2_drw has 1442 polygons
2026-08-10 17:34:47 +0200: Memory Usage (466856K) : metal3_drw has 21 polygons
2026-08-10 17:34:47 +0200: Memory Usage (466984K) : metal3_filler has 0 polygons
2026-08-10 17:34:47 +0200: Memory Usage (466984K) : metal3_slit has 0 polygons
2026-08-10 17:34:47 +0200: Memory Usage (467112K) : metal3 has 21 polygons
2026-08-10 17:34:47 +0200: Memory Usage (467112K) : metal3_pin has 11 polygons
2026-08-10 17:34:47 +0200: Memory Usage (467240K) : metal3_mask has 0 polygons
2026-08-10 17:34:47 +0200: Memory Usage (467368K) : metal3_nofill has 0 polygons
2026-08-10 17:34:47 +0200: Memory Usage (467368K) : metal3_text has 11 polygons
2026-08-10 17:34:47 +0200: Memory Usage (467496K) : metal3_OPC has 0 polygons
2026-08-10 17:34:47 +0200: Memory Usage (467496K) : metal3_noqrc has 0 polygons
2026-08-10 17:34:47 +0200: Memory Usage (467624K) : metal3_res has 0 polygons
2026-08-10 17:34:47 +0200: Memory Usage (467624K) : metal3_iprobe has 0 polygons
2026-08-10 17:34:47 +0200: Memory Usage (467752K) : metal3_diffprb has 0 polygons
2026-08-10 17:34:47 +0200: Memory Usage (467752K) : nwell_drw has 29 polygons
2026-08-10 17:34:47 +0200: Memory Usage (467880K) : nwell_pin has 0 polygons
2026-08-10 17:34:47 +0200: Memory Usage (467880K) : nwell_text has 0 polygons
2026-08-10 17:34:47 +0200: Memory Usage (468008K) : nbulay_drw has 0 polygons
2026-08-10 17:34:47 +0200: Memory Usage (468008K) : nbulay_pin has 0 polygons
2026-08-10 17:34:47 +0200: Memory Usage (468136K) : nbulay_block has 0 polygons
2026-08-10 17:34:47 +0200: Memory Usage (468136K) : emwind_drw has 0 polygons
2026-08-10 17:34:47 +0200: Memory Usage (468264K) : emwind_OPC has 0 polygons
2026-08-10 17:34:47 +0200: Memory Usage (468264K) : deepco_drw has 0 polygons
2026-08-10 17:34:47 +0200: Memory Usage (468392K) : mim_drw has 0 polygons
2026-08-10 17:34:47 +0200: Memory Usage (468520K) : edgeseal_drw has 0 polygons
2026-08-10 17:34:47 +0200: Memory Usage (468520K) : substrate_drw has 29 polygons
2026-08-10 17:34:47 +0200: Memory Usage (468648K) : substrate_text has 0 polygons
2026-08-10 17:34:47 +0200: Memory Usage (468648K) : dfpad_drw has 0 polygons
2026-08-10 17:34:47 +0200: Memory Usage (468776K) : dfpad_pillar has 0 polygons
2026-08-10 17:34:47 +0200: Memory Usage (468776K) : dfpad_sbump has 0 polygons
2026-08-10 17:34:47 +0200: Memory Usage (468904K) : thickgateox_drw has 8 polygons
2026-08-10 17:34:47 +0200: Memory Usage (468904K) : pldb_drw has 0 polygons
2026-08-10 17:34:47 +0200: Memory Usage (468904K) : pwell_drw has 0 polygons
2026-08-10 17:34:47 +0200: Memory Usage (468904K) : pwell_pin has 0 polygons
2026-08-10 17:34:47 +0200: Memory Usage (468904K) : pwell_block has 0 polygons
2026-08-10 17:34:47 +0200: Memory Usage (468904K) : ic_drw has 0 polygons
2026-08-10 17:34:47 +0200: Memory Usage (468904K) : via3_drw has 2087 polygons
2026-08-10 17:34:47 +0200: Memory Usage (468904K) : metal4_drw has 8 polygons
2026-08-10 17:34:47 +0200: Memory Usage (468904K) : metal4_filler has 0 polygons
2026-08-10 17:34:47 +0200: Memory Usage (468904K) : metal4_slit has 0 polygons
2026-08-10 17:34:47 +0200: Memory Usage (468904K) : metal4 has 8 polygons
2026-08-10 17:34:47 +0200: Memory Usage (468904K) : metal4_pin has 8 polygons
2026-08-10 17:34:47 +0200: Memory Usage (468904K) : metal4_mask has 0 polygons
2026-08-10 17:34:47 +0200: Memory Usage (468904K) : metal4_nofill has 0 polygons
2026-08-10 17:34:47 +0200: Memory Usage (468904K) : metal4_text has 8 polygons
2026-08-10 17:34:47 +0200: Memory Usage (468904K) : metal4_OPC has 0 polygons
2026-08-10 17:34:47 +0200: Memory Usage (468904K) : metal4_noqrc has 0 polygons
2026-08-10 17:34:47 +0200: Memory Usage (468904K) : metal4_res has 0 polygons
2026-08-10 17:34:47 +0200: Memory Usage (468904K) : metal4_iprobe has 0 polygons
2026-08-10 17:34:47 +0200: Memory Usage (468904K) : metal4_diffprb has 0 polygons
2026-08-10 17:34:47 +0200: Memory Usage (468904K) : heattrans_drw has 6 polygons
2026-08-10 17:34:47 +0200: Memory Usage (468904K) : heatres_drw has 0 polygons
2026-08-10 17:34:47 +0200: Memory Usage (468904K) : fbe_drw has 0 polygons
2026-08-10 17:34:47 +0200: Memory Usage (468904K) : empoly_drw has 0 polygons
2026-08-10 17:34:47 +0200: Memory Usage (468904K) : digisub_drw has 0 polygons
2026-08-10 17:34:47 +0200: Memory Usage (468904K) : text_drw has 29 polygons
2026-08-10 17:34:47 +0200: Memory Usage (468904K) : via4_drw has 2371 polygons
2026-08-10 17:34:47 +0200: Memory Usage (468904K) : metal5_drw has 8 polygons
2026-08-10 17:34:47 +0200: Memory Usage (468904K) : metal5_filler has 0 polygons
2026-08-10 17:34:47 +0200: Memory Usage (468904K) : metal5_slit has 0 polygons
2026-08-10 17:34:47 +0200: Memory Usage (468904K) : metal5 has 8 polygons
2026-08-10 17:34:47 +0200: Memory Usage (468904K) : metal5_pin has 8 polygons
2026-08-10 17:34:47 +0200: Memory Usage (468904K) : metal5_mask has 0 polygons
2026-08-10 17:34:47 +0200: Memory Usage (468904K) : metal5_nofill has 0 polygons
2026-08-10 17:34:47 +0200: Memory Usage (468904K) : metal5_text has 8 polygons
2026-08-10 17:34:47 +0200: Memory Usage (468904K) : metal5_OPC has 0 polygons
2026-08-10 17:34:47 +0200: Memory Usage (468904K) : metal5_noqrc has 0 polygons
2026-08-10 17:34:47 +0200: Memory Usage (468904K) : metal5_res has 0 polygons
2026-08-10 17:34:47 +0200: Memory Usage (468904K) : metal5_iprobe has 0 polygons
2026-08-10 17:34:47 +0200: Memory Usage (468904K) : metal5_diffprb has 0 polygons
2026-08-10 17:34:47 +0200: Memory Usage (468904K) : radhard_drw has 0 polygons
2026-08-10 17:34:47 +0200: Memory Usage (468904K) : memcap_drw has 0 polygons
2026-08-10 17:34:47 +0200: Memory Usage (468904K) : varicap_drw has 0 polygons
2026-08-10 17:34:47 +0200: Memory Usage (468904K) : intbondvia_drw has 0 polygons
2026-08-10 17:34:47 +0200: Memory Usage (468904K) : intbondmet_drw has 0 polygons
2026-08-10 17:34:47 +0200: Memory Usage (468904K) : devbondvia_drw has 0 polygons
2026-08-10 17:34:47 +0200: Memory Usage (468904K) : devbondmet_drw has 0 polygons
2026-08-10 17:34:47 +0200: Memory Usage (468904K) : devtrench_drw has 0 polygons
2026-08-10 17:34:47 +0200: Memory Usage (468904K) : redist_drw has 0 polygons
2026-08-10 17:34:47 +0200: Memory Usage (468904K) : graphbot_drw has 0 polygons
2026-08-10 17:34:48 +0200: Memory Usage (468904K) : graphtop_drw has 0 polygons
2026-08-10 17:34:48 +0200: Memory Usage (468904K) : antvia1_drw has 0 polygons
2026-08-10 17:34:48 +0200: Memory Usage (468904K) : antmetal2_drw has 0 polygons
2026-08-10 17:34:48 +0200: Memory Usage (468904K) : graphcont_drw has 0 polygons
2026-08-10 17:34:48 +0200: Memory Usage (468904K) : siwg_drw has 0 polygons
2026-08-10 17:34:48 +0200: Memory Usage (468904K) : siwg_filler has 0 polygons
2026-08-10 17:34:48 +0200: Memory Usage (468904K) : siwg_nofill has 0 polygons
2026-08-10 17:34:48 +0200: Memory Usage (468904K) : sigrating_drw has 0 polygons
2026-08-10 17:34:48 +0200: Memory Usage (468904K) : singrating_drw has 0 polygons
2026-08-10 17:34:48 +0200: Memory Usage (468904K) : graphpas_drw has 0 polygons
2026-08-10 17:34:48 +0200: Memory Usage (468904K) : emwind3_drw has 0 polygons
2026-08-10 17:34:48 +0200: Memory Usage (468904K) : emwihv3_drw has 0 polygons
2026-08-10 17:34:48 +0200: Memory Usage (468904K) : redbulay_drw has 0 polygons
2026-08-10 17:34:48 +0200: Memory Usage (468904K) : smos_drw has 0 polygons
2026-08-10 17:34:48 +0200: Memory Usage (468904K) : graphpad_drw has 0 polygons
2026-08-10 17:34:48 +0200: Memory Usage (468904K) : polimide_drw has 0 polygons
2026-08-10 17:34:48 +0200: Memory Usage (468904K) : polimide_pin has 0 polygons
2026-08-10 17:34:48 +0200: Memory Usage (468904K) : recog_drw has 0 polygons
2026-08-10 17:34:48 +0200: Memory Usage (468904K) : recog_pin has 0 polygons
2026-08-10 17:34:48 +0200: Memory Usage (468904K) : recog_esd has 0 polygons
2026-08-10 17:34:48 +0200: Memory Usage (468904K) : recog_diode has 8 polygons
2026-08-10 17:34:48 +0200: Memory Usage (468904K) : recog_tsv has 0 polygons
2026-08-10 17:34:48 +0200: Memory Usage (468904K) : recog_iprobe has 0 polygons
2026-08-10 17:34:48 +0200: Memory Usage (468904K) : recog_diffprb has 0 polygons
2026-08-10 17:34:48 +0200: Memory Usage (468904K) : recog_pillar has 0 polygons
2026-08-10 17:34:48 +0200: Memory Usage (468904K) : recog_sbump has 0 polygons
2026-08-10 17:34:48 +0200: Memory Usage (468904K) : recog_otp has 0 polygons
2026-08-10 17:34:48 +0200: Memory Usage (468904K) : recog_pdiode has 0 polygons
2026-08-10 17:34:48 +0200: Memory Usage (468904K) : recog_mom has 0 polygons
2026-08-10 17:34:48 +0200: Memory Usage (468904K) : recog_pcm has 0 polygons
2026-08-10 17:34:48 +0200: Memory Usage (468904K) : colopen_drw has 0 polygons
2026-08-10 17:34:48 +0200: Memory Usage (468904K) : graphmetal1_drw has 0 polygons
2026-08-10 17:34:48 +0200: Memory Usage (468904K) : graphmetal1_filler has 0 polygons
2026-08-10 17:34:48 +0200: Memory Usage (468904K) : graphmetal1_nofill has 0 polygons
2026-08-10 17:34:48 +0200: Memory Usage (468904K) : graphmetal1_slit has 0 polygons
2026-08-10 17:34:48 +0200: Memory Usage (468904K) : graphmetal1_OPC has 0 polygons
2026-08-10 17:34:48 +0200: Memory Usage (468904K) : graphmet1l_drw has 0 polygons
2026-08-10 17:34:48 +0200: Memory Usage (468904K) : graphmet1l_filler has 0 polygons
2026-08-10 17:34:48 +0200: Memory Usage (468904K) : graphmet1l_nofill has 0 polygons
2026-08-10 17:34:48 +0200: Memory Usage (468904K) : graphmet1l_slit has 0 polygons
2026-08-10 17:34:48 +0200: Memory Usage (468904K) : graphmet1l_OPC has 0 polygons
2026-08-10 17:34:48 +0200: Memory Usage (468904K) : extblock_drw has 1 polygons
2026-08-10 17:34:48 +0200: Memory Usage (468904K) : nldd_drw has 0 polygons
2026-08-10 17:34:48 +0200: Memory Usage (468904K) : pldd_drw has 0 polygons
2026-08-10 17:34:48 +0200: Memory Usage (468904K) : next_drw has 0 polygons
2026-08-10 17:34:48 +0200: Memory Usage (468904K) : pext_drw has 0 polygons
2026-08-10 17:34:48 +0200: Memory Usage (468904K) : nexthv_drw has 0 polygons
2026-08-10 17:34:48 +0200: Memory Usage (468904K) : pexthv_drw has 0 polygons
2026-08-10 17:34:48 +0200: Memory Usage (468904K) : graphgate_drw has 0 polygons
2026-08-10 17:34:48 +0200: Memory Usage (468904K) : sinwg_drw has 0 polygons
2026-08-10 17:34:48 +0200: Memory Usage (468904K) : sinwg_filler has 0 polygons
2026-08-10 17:34:48 +0200: Memory Usage (468904K) : sinwg_nofill has 0 polygons
2026-08-10 17:34:48 +0200: Memory Usage (468904K) : mempad_drw has 0 polygons
2026-08-10 17:34:48 +0200: Memory Usage (468904K) : topvia1_drw has 2315 polygons
2026-08-10 17:34:48 +0200: Memory Usage (468904K) : topmetal1_drw has 8 polygons
2026-08-10 17:34:48 +0200: Memory Usage (468904K) : topmetal1_filler has 0 polygons
2026-08-10 17:34:48 +0200: Memory Usage (468904K) : topmetal1_slit has 0 polygons
2026-08-10 17:34:48 +0200: Memory Usage (468904K) : topmetal1 has 8 polygons
2026-08-10 17:34:48 +0200: Memory Usage (468904K) : topmetal1_pin has 8 polygons
2026-08-10 17:34:48 +0200: Memory Usage (468904K) : topmetal1_mask has 0 polygons
2026-08-10 17:34:48 +0200: Memory Usage (468904K) : topmetal1_nofill has 0 polygons
2026-08-10 17:34:48 +0200: Memory Usage (468904K) : topmetal1_text has 8 polygons
2026-08-10 17:34:48 +0200: Memory Usage (469032K) : topmetal1_noqrc has 0 polygons
2026-08-10 17:34:48 +0200: Memory Usage (469032K) : topmetal1_res has 0 polygons
2026-08-10 17:34:48 +0200: Memory Usage (469160K) : topmetal1_iprobe has 0 polygons
2026-08-10 17:34:48 +0200: Memory Usage (469160K) : topmetal1_diffprb has 0 polygons
2026-08-10 17:34:48 +0200: Memory Usage (469288K) : inldpwl_drw has 0 polygons
2026-08-10 17:34:48 +0200: Memory Usage (469288K) : polyres_drw has 1 polygons
2026-08-10 17:34:48 +0200: Memory Usage (469416K) : polyres_pin has 0 polygons
2026-08-10 17:34:48 +0200: Memory Usage (469416K) : vmim_drw has 0 polygons
2026-08-10 17:34:48 +0200: Memory Usage (469544K) : nbulaycut_drw has 0 polygons
2026-08-10 17:34:48 +0200: Memory Usage (469544K) : antmetal1_drw has 0 polygons
2026-08-10 17:34:48 +0200: Memory Usage (469672K) : topvia2_drw has 1593 polygons
2026-08-10 17:34:48 +0200: Memory Usage (469800K) : topmetal2_drw has 6 polygons
2026-08-10 17:34:48 +0200: Memory Usage (469800K) : topmetal2_filler has 0 polygons
2026-08-10 17:34:48 +0200: Memory Usage (469928K) : topmetal2_slit has 0 polygons
2026-08-10 17:34:48 +0200: Memory Usage (470056K) : topmetal2 has 6 polygons
2026-08-10 17:34:48 +0200: Memory Usage (470056K) : topmetal2_pin has 6 polygons
2026-08-10 17:34:48 +0200: Memory Usage (470184K) : topmetal2_mask has 0 polygons
2026-08-10 17:34:48 +0200: Memory Usage (470184K) : topmetal2_nofill has 0 polygons
2026-08-10 17:34:48 +0200: Memory Usage (470312K) : topmetal2_text has 6 polygons
2026-08-10 17:34:48 +0200: Memory Usage (470312K) : topmetal2_noqrc has 0 polygons
2026-08-10 17:34:48 +0200: Memory Usage (470440K) : topmetal2_res has 0 polygons
2026-08-10 17:34:48 +0200: Memory Usage (470440K) : topmetal2_iprobe has 0 polygons
2026-08-10 17:34:48 +0200: Memory Usage (470568K) : topmetal2_diffprb has 0 polygons
2026-08-10 17:34:48 +0200: Memory Usage (470568K) : snsring_drw has 0 polygons
2026-08-10 17:34:48 +0200: Memory Usage (470696K) : sensor_drw has 0 polygons
2026-08-10 17:34:48 +0200: Memory Usage (470824K) : snsarms_drw has 0 polygons
2026-08-10 17:34:48 +0200: Memory Usage (470824K) : snscmosvia_drw has 0 polygons
2026-08-10 17:34:48 +0200: Memory Usage (470952K) : colwind_drw has 0 polygons
2026-08-10 17:34:48 +0200: Memory Usage (470952K) : flm_drw has 0 polygons
2026-08-10 17:34:48 +0200: Memory Usage (471080K) : hafniumox_drw has 0 polygons
2026-08-10 17:34:48 +0200: Memory Usage (471080K) : memvia_drw has 0 polygons
2026-08-10 17:34:48 +0200: Memory Usage (471208K) : thinfilmres_drw has 0 polygons
2026-08-10 17:34:48 +0200: Memory Usage (471208K) : rfmem_drw has 0 polygons
2026-08-10 17:34:48 +0200: Memory Usage (471336K) : norcx_drw has 0 polygons
2026-08-10 17:34:48 +0200: Memory Usage (471464K) : norcx_m2m3 has 0 polygons
2026-08-10 17:34:48 +0200: Memory Usage (471464K) : norcx_m2m4 has 0 polygons
2026-08-10 17:34:48 +0200: Memory Usage (471592K) : norcx_m2m5 has 0 polygons
2026-08-10 17:34:48 +0200: Memory Usage (471592K) : norcx_m2tm1 has 0 polygons
2026-08-10 17:34:48 +0200: Memory Usage (471720K) : norcx_m2tm2 has 0 polygons
2026-08-10 17:34:48 +0200: Memory Usage (471720K) : norcx_m3m4 has 0 polygons
2026-08-10 17:34:48 +0200: Memory Usage (471848K) : norcx_m3m5 has 0 polygons
2026-08-10 17:34:48 +0200: Memory Usage (471848K) : norcx_m3tm1 has 0 polygons
2026-08-10 17:34:48 +0200: Memory Usage (471976K) : norcx_m3tm2 has 0 polygons
2026-08-10 17:34:48 +0200: Memory Usage (471976K) : norcx_m4m5 has 0 polygons
2026-08-10 17:34:48 +0200: Memory Usage (472104K) : norcx_m4tm1 has 0 polygons
2026-08-10 17:34:48 +0200: Memory Usage (472232K) : norcx_m4tm2 has 0 polygons
2026-08-10 17:34:48 +0200: Memory Usage (472232K) : norcx_m5tm1 has 0 polygons
2026-08-10 17:34:48 +0200: Memory Usage (472360K) : norcx_m5tm2 has 0 polygons
2026-08-10 17:34:48 +0200: Memory Usage (472360K) : norcx_tm1tm2 has 0 polygons
2026-08-10 17:34:48 +0200: Memory Usage (472488K) : norcx_m1sub has 0 polygons
2026-08-10 17:34:48 +0200: Memory Usage (472488K) : norcx_m2sub has 0 polygons
2026-08-10 17:34:48 +0200: Memory Usage (472616K) : norcx_m3sub has 0 polygons
2026-08-10 17:34:48 +0200: Memory Usage (472616K) : norcx_m4sub has 0 polygons
2026-08-10 17:34:48 +0200: Memory Usage (472744K) : norcx_m5sub has 0 polygons
2026-08-10 17:34:48 +0200: Memory Usage (472744K) : norcx_tm1sub has 0 polygons
2026-08-10 17:34:48 +0200: Memory Usage (472872K) : norcx_tm2sub has 0 polygons
2026-08-10 17:34:48 +0200: Memory Usage (472872K) : snsbotvia_drw has 0 polygons
2026-08-10 17:34:48 +0200: Memory Usage (473000K) : snstopvia_drw has 0 polygons
2026-08-10 17:34:48 +0200: Memory Usage (473128K) : deepvia_drw has 0 polygons
2026-08-10 17:34:48 +0200: Memory Usage (473128K) : fgetch_drw has 0 polygons
2026-08-10 17:34:48 +0200: Memory Usage (473256K) : ctrgat_drw has 0 polygons
2026-08-10 17:34:48 +0200: Memory Usage (473256K) : fgimp_drw has 0 polygons
2026-08-10 17:34:48 +0200: Memory Usage (473384K) : emwihv_drw has 0 polygons
2026-08-10 17:34:48 +0200: Memory Usage (473384K) : lbe_drw has 0 polygons
2026-08-10 17:34:48 +0200: Memory Usage (473512K) : alcustop_drw has 0 polygons
2026-08-10 17:34:48 +0200: Memory Usage (473512K) : nometfiller_drw has 0 polygons
2026-08-10 17:34:48 +0200: Memory Usage (473640K) : prboundary_drw has 0 polygons
2026-08-10 17:34:48 +0200: Memory Usage (473640K) : exchange0_drw has 0 polygons
2026-08-10 17:34:48 +0200: Memory Usage (473768K) : exchange0_pin has 0 polygons
2026-08-10 17:34:48 +0200: Memory Usage (473896K) : exchange0_text has 0 polygons
2026-08-10 17:34:48 +0200: Memory Usage (473896K) : exchange1_drw has 0 polygons
2026-08-10 17:34:48 +0200: Memory Usage (474024K) : exchange1_pin has 0 polygons
2026-08-10 17:34:48 +0200: Memory Usage (474024K) : exchange1_text has 0 polygons
2026-08-10 17:34:48 +0200: Memory Usage (474152K) : exchange2_drw has 0 polygons
2026-08-10 17:34:48 +0200: Memory Usage (474152K) : exchange2_pin has 0 polygons
2026-08-10 17:34:48 +0200: Memory Usage (474280K) : exchange2_text has 0 polygons
2026-08-10 17:34:48 +0200: Memory Usage (474280K) : exchange3_drw has 0 polygons
2026-08-10 17:34:48 +0200: Memory Usage (474280K) : exchange3_pin has 0 polygons
2026-08-10 17:34:48 +0200: Memory Usage (474280K) : exchange3_text has 0 polygons
2026-08-10 17:34:48 +0200: Memory Usage (474280K) : exchange4_drw has 0 polygons
2026-08-10 17:34:48 +0200: Memory Usage (474280K) : exchange4_pin has 0 polygons
2026-08-10 17:34:48 +0200: Memory Usage (474280K) : exchange4_text has 0 polygons
2026-08-10 17:34:48 +0200: Memory Usage (474280K) : isonwell_drw has 0 polygons
2026-08-10 17:34:48 +0200: Memory Usage (474280K) : Total no. of polygons in the design is 58986
2026-08-10 17:34:48 +0200: Memory Usage (474280K) : Starting base layers derivations
2026-08-10 17:34:48 +0200: Memory Usage (474280K) : Starting general LVS derivations
2026-08-10 17:34:48 +0200: Memory Usage (477864K) : Starting MOSFET DERIVATIONS
2026-08-10 17:34:49 +0200: Memory Usage (478088K) : Starting NMOS DERIVATIONS
2026-08-10 17:34:49 +0200: Memory Usage (478088K) : Starting PMOS DERIVATIONS
2026-08-10 17:34:49 +0200: Memory Usage (478088K) : Starting RF-MOSFET DERIVATIONS
2026-08-10 17:34:49 +0200: Memory Usage (478088K) : Starting RF-NMOS DERIVATIONS
2026-08-10 17:34:49 +0200: Memory Usage (478088K) : Starting RF-PMOS DERIVATIONS
2026-08-10 17:34:49 +0200: Memory Usage (478088K) : Starting BJT DERIVATIONS
2026-08-10 17:34:49 +0200: Memory Usage (478088K) : Starting NPN-BJT DERIVATIONS
2026-08-10 17:34:49 +0200: Memory Usage (478088K) : Starting PNP-BJT DERIVATIONS
2026-08-10 17:34:49 +0200: Memory Usage (478088K) : Starting DIODE DERIVATIONS
2026-08-10 17:34:50 +0200: Memory Usage (478268K) : Starting RESISTOR DERIVATIONS
2026-08-10 17:34:50 +0200: Memory Usage (478652K) : Starting CAP DERIVATIONS
2026-08-10 17:34:50 +0200: Memory Usage (478652K) : Starting CAP_CMOM DERIVATIONS
2026-08-10 17:34:50 +0200: Memory Usage (478652K) : Starting ESD DERIVATIONS
2026-08-10 17:34:51 +0200: Memory Usage (478652K) : Starting Inductor DERIVATIONS
2026-08-10 17:34:51 +0200: Memory Usage (478652K) : Starting Taps DERIVATIONS
2026-08-10 17:34:52 +0200: Memory Usage (478652K) : Starting SG13G2 LVS connectivity setup
2026-08-10 17:34:52 +0200: Memory Usage (478652K) : Starting SG13G2 LVS connectivity setup (Inter-layer)
2026-08-10 17:34:52 +0200: Memory Usage (478780K) : Starting SG13G2 LVS connectivity setup (Global)
2026-08-10 17:34:52 +0200: Memory Usage (478780K) : Starting LVS MOSFET CONNECTIONS
2026-08-10 17:34:52 +0200: Memory Usage (478780K) : Starting LVS RF-MOSFET CONNECTIONS
2026-08-10 17:34:52 +0200: Memory Usage (478780K) : Starting LVS BJT CONNECTIONS
2026-08-10 17:34:52 +0200: Memory Usage (478780K) : Starting LVS DIODE CONNECTIONS
2026-08-10 17:34:52 +0200: Memory Usage (478780K) : Starting RESISTOR CONNECTIONS
2026-08-10 17:34:52 +0200: Memory Usage (478780K) : Starting LVS CAP CONNECTIONS
2026-08-10 17:34:52 +0200: Memory Usage (478780K) : Starting CAP_CMOM CONNECTIONS
2026-08-10 17:34:52 +0200: Memory Usage (478780K) : Starting ESD CONNECTIONS
2026-08-10 17:34:52 +0200: Memory Usage (478780K) : Starting Inductor CONNECTIONS
2026-08-10 17:34:52 +0200: Memory Usage (478780K) : Starting LVS Taps CONNECTIONS
2026-08-10 17:34:52 +0200: Memory Usage (478780K) : Starting SG13G2 LVS DEVICES EXTRACTION
2026-08-10 17:34:52 +0200: Memory Usage (478780K) : Starting MOSFET EXTRACTION
2026-08-10 17:34:52 +0200: Memory Usage (478780K) : Starting NMOS EXTRACTION
2026-08-10 17:34:52 +0200: Memory Usage (478780K) : Extraction of NMOS-LV transistor
2026-08-10 17:34:52 +0200: Memory Usage (478780K) : Extraction of NMOS-HV transistor
2026-08-10 17:34:52 +0200: Memory Usage (478780K) : Starting PMOS EXTRACTION
2026-08-10 17:34:52 +0200: Memory Usage (478780K) : Extraction of PMOS-LV transistor
2026-08-10 17:34:52 +0200: Memory Usage (478780K) : Extraction of PMOS-HV transistor
2026-08-10 17:34:52 +0200: Memory Usage (478780K) : Starting RF-MOSFET EXTRACTION
2026-08-10 17:34:52 +0200: Memory Usage (478780K) : Extraction of RF-NMOS-LV transistor
2026-08-10 17:34:52 +0200: Memory Usage (478780K) : Extraction of RF-NMOS-HV transistor
2026-08-10 17:34:52 +0200: Memory Usage (478780K) : Extraction of RF-PMOS-LV transistor
2026-08-10 17:34:52 +0200: Memory Usage (478780K) : Extraction of RF-PMOS-HV transistor
2026-08-10 17:34:52 +0200: Memory Usage (478780K) : Starting BJT EXTRACTION
2026-08-10 17:34:52 +0200: Memory Usage (478780K) : Starting NPN-BJT EXTRACTION
2026-08-10 17:34:52 +0200: Memory Usage (478780K) : Extraction of npn13G2 BJT transistor
2026-08-10 17:34:52 +0200: Memory Usage (478780K) : Extraction of npn13G2L BJT transistor
2026-08-10 17:34:52 +0200: Memory Usage (478780K) : Extraction of npn13G2V BJT transistor
2026-08-10 17:34:52 +0200: Memory Usage (478780K) : Starting PNP-BJT EXTRACTION
2026-08-10 17:34:52 +0200: Memory Usage (478780K) : Extracting pnpMPA BJT
2026-08-10 17:34:52 +0200: Memory Usage (478780K) : Starting DIODE EXTRACTION
2026-08-10 17:34:52 +0200: Memory Usage (478780K) : Extracting dantenna diode
2026-08-10 17:34:52 +0200: Memory Usage (478780K) : Extracting dpantenna diode
2026-08-10 17:34:52 +0200: Memory Usage (478780K) : Extracting schottky_nbl1 diode
2026-08-10 17:34:52 +0200: Memory Usage (478780K) : Extracting isolbox diode
2026-08-10 17:34:52 +0200: Memory Usage (478780K) : Starting RESISTOR EXTRACTION
2026-08-10 17:34:52 +0200: Memory Usage (478780K) : Extracting rsil resistor
2026-08-10 17:34:52 +0200: Memory Usage (478780K) : Extracting rppd resistor
2026-08-10 17:34:52 +0200: Memory Usage (478780K) : Extracting rhigh resistor
2026-08-10 17:34:52 +0200: Memory Usage (478780K) : Extracting res_metal1 resistor
2026-08-10 17:34:52 +0200: Memory Usage (478780K) : Extracting res_metal2 resistor
2026-08-10 17:34:52 +0200: Memory Usage (478780K) : Extracting res_metal3 resistor
2026-08-10 17:34:52 +0200: Memory Usage (478780K) : Extracting res_metal4 resistor
2026-08-10 17:34:52 +0200: Memory Usage (478780K) : Extracting res_metal5 resistor
2026-08-10 17:34:52 +0200: Memory Usage (478780K) : Extracting res_topmetal1 resistor
2026-08-10 17:34:52 +0200: Memory Usage (478780K) : Extracting res_topmetal2 resistor
2026-08-10 17:34:52 +0200: Memory Usage (478780K) : Starting CAP EXTRACTION
2026-08-10 17:34:52 +0200: Memory Usage (478780K) : Extracting cap_cmim device
2026-08-10 17:34:52 +0200: Memory Usage (478780K) : Extracting rfcmim device
2026-08-10 17:34:52 +0200: Memory Usage (478780K) : Extracting sg13_hv_svaricap varactor
2026-08-10 17:34:52 +0200: Memory Usage (478780K) : Extracting cap_cmomi device
2026-08-10 17:34:52 +0200: Memory Usage (478780K) : Extracting sg13_moscap_n capacitor
2026-08-10 17:34:52 +0200: Memory Usage (478780K) : Extracting sg13_moscap_p capacitor
2026-08-10 17:34:52 +0200: Memory Usage (478780K) : Starting ESD EXTRACTION
2026-08-10 17:34:52 +0200: Memory Usage (478780K) : Extracting diodevdd_2kv ESD device
2026-08-10 17:34:52 +0200: Memory Usage (478780K) : Extracting diodevdd_4kv ESD device
2026-08-10 17:34:52 +0200: Memory Usage (478780K) : Extracting diodevss_2kv ESD device
2026-08-10 17:34:52 +0200: Memory Usage (478780K) : Extracting diodevss_4kv ESD device
2026-08-10 17:34:52 +0200: Memory Usage (478780K) : Extracting idiodevdd_2kv ESD device
2026-08-10 17:34:52 +0200: Memory Usage (478780K) : Extracting idiodevdd_4kv ESD device
2026-08-10 17:34:52 +0200: Memory Usage (478780K) : Extracting idiodevss_2kv ESD device
2026-08-10 17:34:52 +0200: Memory Usage (478780K) : Extracting idiodevss_4kv ESD device
2026-08-10 17:34:52 +0200: Memory Usage (478780K) : Extracting nmoscl_2 ESD device
2026-08-10 17:34:52 +0200: Memory Usage (478780K) : Extracting nmoscl_4 ESD device
2026-08-10 17:34:52 +0200: Memory Usage (478780K) : Starting Inductor EXTRACTION
2026-08-10 17:34:52 +0200: Memory Usage (478780K) : Extracting Inductor2 device
2026-08-10 17:34:52 +0200: Memory Usage (478780K) : Extracting Inductor3 device
2026-08-10 17:34:52 +0200: Memory Usage (478780K) : Starting Taps EXTRACTION
2026-08-10 17:34:52 +0200: Memory Usage (478780K) : Extracting ntap1 device
2026-08-10 17:34:52 +0200: Memory Usage (478780K) : Extracting ptap1 device
2026-08-10 17:34:52 +0200: Memory Usage (478780K) : Starting SG13G2 LVS RF MOS Model Mapping
2026-08-10 17:34:52 +0200: Memory Usage (487996K) : [layout_netlist] Apply RF MOS model mapping and rfmode parameter.
2026-08-10 17:34:52 +0200: Memory Usage (487996K) : Starting SG13G2 LVS Options Preparations
2026-08-10 17:34:52 +0200: Memory Usage (487996K) : SG13G2 LVS flow: extraction -> alignment -> option preparation -> comparison.
2026-08-10 17:34:52 +0200: Memory Usage (487996K) : Starting SG13G2 LVS Alignment
2026-08-10 17:34:52 +0200: Memory Usage (487996K) : Starting SG13G2 LVS Simplification
2026-08-10 17:34:52 +0200: Memory Usage (487996K) : [layout_netlist] simplify: ENABLED
2026-08-10 17:34:52 +0200: Memory Usage (487996K) : [layout_netlist] make_top_level_pins: SKIPPED
2026-08-10 17:34:52 +0200: Memory Usage (487996K) : [layout_netlist] combine_devices: ENABLED
2026-08-10 17:34:52 +0200: Memory Usage (487996K) : [layout_netlist] purge: SKIPPED
2026-08-10 17:34:52 +0200: Memory Usage (487996K) : [layout_netlist] purge_nets: SKIPPED
2026-08-10 17:34:52 +0200: Memory Usage (487996K) : [schematic_netlist] simplify: ENABLED
2026-08-10 17:34:52 +0200: Memory Usage (487996K) : [schematic_netlist] make_top_level_pins: SKIPPED
2026-08-10 17:34:52 +0200: Memory Usage (487996K) : [schematic_netlist] combine_devices: ENABLED
2026-08-10 17:34:52 +0200: Memory Usage (487996K) : [schematic_netlist] purge: SKIPPED
2026-08-10 17:34:52 +0200: Memory Usage (487996K) : [schematic_netlist] purge_nets: SKIPPED
2026-08-10 17:34:52 +0200: Memory Usage (487996K) : Starting SG13G2 LVS Comparison
2026-08-10 17:34:52 +0200: Memory Usage (488124K) : ==========================================
2026-08-10 17:34:52 +0200: Memory Usage (488124K) : INFO : Congratulations! Netlists match.
2026-08-10 17:34:52 +0200: Memory Usage (488124K) : ==========================================
2026-08-10 17:34:52 +0200: Memory Usage (488124K) : LVS Total Run time 5.565920 seconds
10-Aug-2026 17:34:53 | INFO    | ==============================================================================
10-Aug-2026 17:34:53 | INFO    | Important Summary
10-Aug-2026 17:34:53 | INFO    | +------------------+----------------------------------------------------------------------------------------------+
10-Aug-2026 17:34:53 | INFO    | | Status           | PASS                                                                                         |
10-Aug-2026 17:34:53 | INFO    | | Mode             | COMPARE                                                                                      |
10-Aug-2026 17:34:53 | INFO    | | Outcome          | Comparison mode: PASS (netlists match).                                                      |
10-Aug-2026 17:34:53 | INFO    | | Layout           | sg13g2_IOPadInOut16mA.gds                                                                    |
10-Aug-2026 17:34:53 | INFO    | | Top Cell         | sg13g2_IOPadInOut16mA                                                                        |
10-Aug-2026 17:34:53 | INFO    | | Results Dir      | /foss/designs/ihp-open-pdk-regression/IOPADS/lvs_sweep/20260810_173421/sg13g2_IOPadInOut16mA |
10-Aug-2026 17:34:53 | INFO    | | Warnings         | 0                                                                                            |
10-Aug-2026 17:34:53 | INFO    | | Errors           | 0                                                                                            |
10-Aug-2026 17:34:53 | INFO    | | Run Time (s)     | 9.714                                                                                        |
10-Aug-2026 17:34:53 | INFO    | +------------------+----------------------------------------------------------------------------------------------+
10-Aug-2026 17:34:53 | INFO    | ==============================================================================
