11-Aug-2026 13:58:06 | INFO    | Your Klayout version is: KLayout 0.30.10 (required >= 0.30.5)
11-Aug-2026 13:58:06 | INFO    | Running SG13G2 LVS checks on design /foss/designs/ihp-open-pdk-regression/IOPADS/layout/sg13g2_IOPadTriOut16mA.gds on cell sg13g2_IOPadTriOut16mA
2026-08-11 13:58:08 +0200: Memory Usage (455504K) : Starting running SG13G2 Klayout LVS runset on /foss/designs/ihp-open-pdk-regression/IOPADS/layout/sg13g2_IOPadTriOut16mA.gds
2026-08-11 13:58:08 +0200: Memory Usage (455504K) : Ruby Version for klayout: 3.2.3
2026-08-11 13:58:08 +0200: Memory Usage (456912K) : Loading database to memory is complete.
2026-08-11 13:58:08 +0200: Memory Usage (456912K) : SG13G2 Klayout LVS runset output at: /foss/designs/ihp-open-pdk-regression/IOPADS/lvs_sweep/20260811_135643/sg13g2_IOPadTriOut16mA/sg13g2_IOPadTriOut16mA.lvsdb
2026-08-11 13:58:08 +0200: Memory Usage (456912K) : Evaluate switches.
2026-08-11 13:58:08 +0200: Memory Usage (456912K) : Extracted netlist with net names: true
2026-08-11 13:58:08 +0200: Memory Usage (456912K) : Extracted netlist with comments in details: false
2026-08-11 13:58:08 +0200: Memory Usage (456912K) : Selected NET_ONLY option: false
2026-08-11 13:58:08 +0200: Memory Usage (456912K) : Selected LAYOUT_NETLIST option: (none)
2026-08-11 13:58:08 +0200: Memory Usage (456912K) : Selected IGNORE_TOP_PORTS_MISMATCH option: true
2026-08-11 13:58:08 +0200: Memory Usage (456912K) : Selected IMPLICIT_NETS option: iovss,iovdd,vss,vdd,pad,cathode,anode
2026-08-11 13:58:08 +0200: Memory Usage (456912K) : Selected TOP_LVL_PINS option: false
2026-08-11 13:58:08 +0200: Memory Usage (456912K) : Selected COMBINE DEVICES option: true
2026-08-11 13:58:08 +0200: Memory Usage (456912K) : Selected PURGE option: false
2026-08-11 13:58:08 +0200: Memory Usage (456912K) : Selected PURGE_NETS option: false
2026-08-11 13:58:08 +0200: Memory Usage (456912K) : Selected SIMPLIFY option: true
2026-08-11 13:58:08 +0200: Memory Usage (456912K) : Selected SERIES_RES option: true
2026-08-11 13:58:08 +0200: Memory Usage (457040K) : Selected PARALLEL_RES option: true
2026-08-11 13:58:08 +0200: Memory Usage (457040K) : Selected DISABLE_TAP_EXTRACTION option: false
2026-08-11 13:58:08 +0200: Memory Usage (457040K) : deep  mode is enabled.
2026-08-11 13:58:08 +0200: Memory Usage (457040K) : Applying implicit connections (case-sensitive, pattern supported) for nets: iovss, iovdd, vss, vdd, pad, cathode, anode
2026-08-11 13:58:09 +0200: Memory Usage (458448K) : Netlist file: /foss/designs/ihp-open-pdk-regression/IOPADS/netlist/pads_upstream/sg13g2_IOPadTriOut16mA.spi
2026-08-11 13:58:09 +0200: Memory Usage (458448K) : LVS extracted netlist at: /foss/designs/ihp-open-pdk-regression/IOPADS/lvs_sweep/20260811_135643/sg13g2_IOPadTriOut16mA/sg13g2_IOPadTriOut16mA_extracted.cir
2026-08-11 13:58:09 +0200: Memory Usage (458448K) : Applying SRAM integration support.
2026-08-11 13:58:09 +0200: Memory Usage (458448K) : Starting SG13G2 LVS runset
2026-08-11 13:58:09 +0200: Memory Usage (458448K) : Read in polygons from layers.
2026-08-11 13:58:09 +0200: Memory Usage (459984K) : activ_drw has 96 polygons
2026-08-11 13:58:09 +0200: Memory Usage (459984K) : activ_filler has 0 polygons
2026-08-11 13:58:09 +0200: Memory Usage (460112K) : activ has 96 polygons
2026-08-11 13:58:09 +0200: Memory Usage (460112K) : activ_pin has 0 polygons
2026-08-11 13:58:09 +0200: Memory Usage (460112K) : activ_mask has 0 polygons
2026-08-11 13:58:09 +0200: Memory Usage (460112K) : activ_nofill has 0 polygons
2026-08-11 13:58:09 +0200: Memory Usage (460240K) : activ_OPC has 0 polygons
2026-08-11 13:58:09 +0200: Memory Usage (460240K) : activ_iOPC has 0 polygons
2026-08-11 13:58:09 +0200: Memory Usage (460368K) : activ_noqrc has 0 polygons
2026-08-11 13:58:09 +0200: Memory Usage (460368K) : biwind_drw has 0 polygons
2026-08-11 13:58:09 +0200: Memory Usage (460496K) : biwind_OPC has 0 polygons
2026-08-11 13:58:09 +0200: Memory Usage (460496K) : gatpoly_drw has 47 polygons
2026-08-11 13:58:09 +0200: Memory Usage (460624K) : gatpoly_filler has 0 polygons
2026-08-11 13:58:09 +0200: Memory Usage (460624K) : gatpoly has 47 polygons
2026-08-11 13:58:09 +0200: Memory Usage (460752K) : gatpoly_pin has 0 polygons
2026-08-11 13:58:09 +0200: Memory Usage (460752K) : gatpoly_nofill has 0 polygons
2026-08-11 13:58:09 +0200: Memory Usage (460880K) : gatpoly_OPC has 0 polygons
2026-08-11 13:58:09 +0200: Memory Usage (461008K) : gatpoly_iOPC has 0 polygons
2026-08-11 13:58:09 +0200: Memory Usage (461008K) : gatpoly_noqrc has 0 polygons
2026-08-11 13:58:09 +0200: Memory Usage (462416K) : cont_drw has 46097 polygons
2026-08-11 13:58:09 +0200: Memory Usage (462416K) : cont_OPC has 0 polygons
2026-08-11 13:58:09 +0200: Memory Usage (462416K) : nsd_drw has 0 polygons
2026-08-11 13:58:09 +0200: Memory Usage (462416K) : nsd_block has 0 polygons
2026-08-11 13:58:09 +0200: Memory Usage (462416K) : metal1_drw has 268 polygons
2026-08-11 13:58:09 +0200: Memory Usage (462416K) : metal1_filler has 0 polygons
2026-08-11 13:58:09 +0200: Memory Usage (462416K) : metal1_slit has 0 polygons
2026-08-11 13:58:09 +0200: Memory Usage (462928K) : metal1 has 268 polygons
2026-08-11 13:58:09 +0200: Memory Usage (462928K) : metal1_pin has 42 polygons
2026-08-11 13:58:09 +0200: Memory Usage (462928K) : metal1_mask has 0 polygons
2026-08-11 13:58:09 +0200: Memory Usage (462928K) : metal1_nofill has 0 polygons
2026-08-11 13:58:09 +0200: Memory Usage (463184K) : metal1_text has 42 polygons
2026-08-11 13:58:09 +0200: Memory Usage (463184K) : metal1_OPC has 0 polygons
2026-08-11 13:58:09 +0200: Memory Usage (463312K) : metal1_noqrc has 0 polygons
2026-08-11 13:58:09 +0200: Memory Usage (463312K) : metal1_res has 0 polygons
2026-08-11 13:58:09 +0200: Memory Usage (463440K) : metal1_iprobe has 0 polygons
2026-08-11 13:58:09 +0200: Memory Usage (463440K) : metal1_diffprb has 0 polygons
2026-08-11 13:58:09 +0200: Memory Usage (463568K) : passiv_drw has 0 polygons
2026-08-11 13:58:09 +0200: Memory Usage (463568K) : passiv_pin has 0 polygons
2026-08-11 13:58:09 +0200: Memory Usage (463696K) : passiv_sbump has 0 polygons
2026-08-11 13:58:09 +0200: Memory Usage (463696K) : passiv_pillar has 0 polygons
2026-08-11 13:58:09 +0200: Memory Usage (463824K) : passiv_pdl has 0 polygons
2026-08-11 13:58:09 +0200: Memory Usage (463952K) : metal2_drw has 70 polygons
2026-08-11 13:58:09 +0200: Memory Usage (463952K) : metal2_filler has 0 polygons
2026-08-11 13:58:09 +0200: Memory Usage (464080K) : metal2_slit has 0 polygons
2026-08-11 13:58:09 +0200: Memory Usage (464208K) : metal2 has 70 polygons
2026-08-11 13:58:09 +0200: Memory Usage (464336K) : metal2_pin has 21 polygons
2026-08-11 13:58:09 +0200: Memory Usage (464336K) : metal2_mask has 0 polygons
2026-08-11 13:58:09 +0200: Memory Usage (464464K) : metal2_nofill has 0 polygons
2026-08-11 13:58:09 +0200: Memory Usage (464464K) : metal2_text has 21 polygons
2026-08-11 13:58:09 +0200: Memory Usage (464592K) : metal2_OPC has 0 polygons
2026-08-11 13:58:09 +0200: Memory Usage (464592K) : metal2_noqrc has 0 polygons
2026-08-11 13:58:09 +0200: Memory Usage (464592K) : metal2_res has 0 polygons
2026-08-11 13:58:09 +0200: Memory Usage (464592K) : metal2_iprobe has 0 polygons
2026-08-11 13:58:09 +0200: Memory Usage (464720K) : metal2_diffprb has 0 polygons
2026-08-11 13:58:09 +0200: Memory Usage (464720K) : baspoly_drw has 0 polygons
2026-08-11 13:58:09 +0200: Memory Usage (464720K) : baspoly_pin has 0 polygons
2026-08-11 13:58:09 +0200: Memory Usage (464848K) : psd_drw has 38 polygons
2026-08-11 13:58:09 +0200: Memory Usage (464848K) : nldb_drw has 0 polygons
2026-08-11 13:58:09 +0200: Memory Usage (464848K) : digibnd_drw has 0 polygons
2026-08-11 13:58:09 +0200: Memory Usage (464848K) : via1_drw has 1680 polygons
2026-08-11 13:58:09 +0200: Memory Usage (464976K) : backmetal1_drw has 0 polygons
2026-08-11 13:58:09 +0200: Memory Usage (465104K) : backmetal1_pin has 0 polygons
2026-08-11 13:58:09 +0200: Memory Usage (465104K) : backmetal1_mask has 0 polygons
2026-08-11 13:58:09 +0200: Memory Usage (465232K) : backmetal1_filler has 0 polygons
2026-08-11 13:58:09 +0200: Memory Usage (465232K) : backmetal1_nofill has 0 polygons
2026-08-11 13:58:09 +0200: Memory Usage (465360K) : backmetal1_slit has 0 polygons
2026-08-11 13:58:09 +0200: Memory Usage (465360K) : backmetal1_text has 0 polygons
2026-08-11 13:58:09 +0200: Memory Usage (465488K) : backmetal1_OPC has 0 polygons
2026-08-11 13:58:09 +0200: Memory Usage (465488K) : backmetal1_noqrc has 0 polygons
2026-08-11 13:58:09 +0200: Memory Usage (465616K) : backmetal1_res has 0 polygons
2026-08-11 13:58:09 +0200: Memory Usage (465616K) : backmetal1_iprobe has 0 polygons
2026-08-11 13:58:09 +0200: Memory Usage (465744K) : backmetal1_diffprb has 0 polygons
2026-08-11 13:58:09 +0200: Memory Usage (465744K) : backpassiv_drw has 0 polygons
2026-08-11 13:58:09 +0200: Memory Usage (465872K) : res_drw has 0 polygons
2026-08-11 13:58:09 +0200: Memory Usage (466000K) : sram_drw has 0 polygons
2026-08-11 13:58:09 +0200: Memory Usage (466000K) : trans_drw has 0 polygons
2026-08-11 13:58:09 +0200: Memory Usage (466128K) : ind_drw has 0 polygons
2026-08-11 13:58:09 +0200: Memory Usage (466128K) : ind_pin has 0 polygons
2026-08-11 13:58:09 +0200: Memory Usage (466256K) : ind_text has 0 polygons
2026-08-11 13:58:09 +0200: Memory Usage (466256K) : salblock_drw has 0 polygons
2026-08-11 13:58:09 +0200: Memory Usage (466384K) : via2_drw has 1441 polygons
2026-08-11 13:58:09 +0200: Memory Usage (466384K) : metal3_drw has 20 polygons
2026-08-11 13:58:09 +0200: Memory Usage (466512K) : metal3_filler has 0 polygons
2026-08-11 13:58:09 +0200: Memory Usage (466640K) : metal3_slit has 0 polygons
2026-08-11 13:58:09 +0200: Memory Usage (466768K) : metal3 has 20 polygons
2026-08-11 13:58:09 +0200: Memory Usage (466768K) : metal3_pin has 10 polygons
2026-08-11 13:58:09 +0200: Memory Usage (466896K) : metal3_mask has 0 polygons
2026-08-11 13:58:09 +0200: Memory Usage (466896K) : metal3_nofill has 0 polygons
2026-08-11 13:58:09 +0200: Memory Usage (467024K) : metal3_text has 10 polygons
2026-08-11 13:58:09 +0200: Memory Usage (467024K) : metal3_OPC has 0 polygons
2026-08-11 13:58:09 +0200: Memory Usage (467024K) : metal3_noqrc has 0 polygons
2026-08-11 13:58:09 +0200: Memory Usage (467024K) : metal3_res has 0 polygons
2026-08-11 13:58:09 +0200: Memory Usage (467152K) : metal3_iprobe has 0 polygons
2026-08-11 13:58:09 +0200: Memory Usage (467152K) : metal3_diffprb has 0 polygons
2026-08-11 13:58:09 +0200: Memory Usage (467152K) : nwell_drw has 25 polygons
2026-08-11 13:58:09 +0200: Memory Usage (467280K) : nwell_pin has 0 polygons
2026-08-11 13:58:09 +0200: Memory Usage (467408K) : nwell_text has 0 polygons
2026-08-11 13:58:09 +0200: Memory Usage (467408K) : nbulay_drw has 0 polygons
2026-08-11 13:58:09 +0200: Memory Usage (467536K) : nbulay_pin has 0 polygons
2026-08-11 13:58:09 +0200: Memory Usage (467536K) : nbulay_block has 0 polygons
2026-08-11 13:58:09 +0200: Memory Usage (467664K) : emwind_drw has 0 polygons
2026-08-11 13:58:09 +0200: Memory Usage (467664K) : emwind_OPC has 0 polygons
2026-08-11 13:58:09 +0200: Memory Usage (467792K) : deepco_drw has 0 polygons
2026-08-11 13:58:09 +0200: Memory Usage (467792K) : mim_drw has 0 polygons
2026-08-11 13:58:09 +0200: Memory Usage (467920K) : edgeseal_drw has 0 polygons
2026-08-11 13:58:09 +0200: Memory Usage (467920K) : substrate_drw has 23 polygons
2026-08-11 13:58:09 +0200: Memory Usage (468048K) : substrate_text has 0 polygons
2026-08-11 13:58:09 +0200: Memory Usage (468048K) : dfpad_drw has 0 polygons
2026-08-11 13:58:09 +0200: Memory Usage (468176K) : dfpad_pillar has 0 polygons
2026-08-11 13:58:09 +0200: Memory Usage (468176K) : dfpad_sbump has 0 polygons
2026-08-11 13:58:09 +0200: Memory Usage (468304K) : thickgateox_drw has 4 polygons
2026-08-11 13:58:09 +0200: Memory Usage (468304K) : pldb_drw has 0 polygons
2026-08-11 13:58:09 +0200: Memory Usage (468432K) : pwell_drw has 0 polygons
2026-08-11 13:58:09 +0200: Memory Usage (468560K) : pwell_pin has 0 polygons
2026-08-11 13:58:09 +0200: Memory Usage (468560K) : pwell_block has 0 polygons
2026-08-11 13:58:09 +0200: Memory Usage (468688K) : ic_drw has 0 polygons
2026-08-11 13:58:09 +0200: Memory Usage (468688K) : via3_drw has 2087 polygons
2026-08-11 13:58:09 +0200: Memory Usage (468816K) : metal4_drw has 8 polygons
2026-08-11 13:58:09 +0200: Memory Usage (468944K) : metal4_filler has 0 polygons
2026-08-11 13:58:09 +0200: Memory Usage (468944K) : metal4_slit has 0 polygons
2026-08-11 13:58:09 +0200: Memory Usage (469072K) : metal4 has 8 polygons
2026-08-11 13:58:09 +0200: Memory Usage (469200K) : metal4_pin has 8 polygons
2026-08-11 13:58:09 +0200: Memory Usage (469200K) : metal4_mask has 0 polygons
2026-08-11 13:58:09 +0200: Memory Usage (469328K) : metal4_nofill has 0 polygons
2026-08-11 13:58:09 +0200: Memory Usage (469328K) : metal4_text has 8 polygons
2026-08-11 13:58:09 +0200: Memory Usage (469456K) : metal4_OPC has 0 polygons
2026-08-11 13:58:09 +0200: Memory Usage (469456K) : metal4_noqrc has 0 polygons
2026-08-11 13:58:09 +0200: Memory Usage (469584K) : metal4_res has 0 polygons
2026-08-11 13:58:09 +0200: Memory Usage (469584K) : metal4_iprobe has 0 polygons
2026-08-11 13:58:09 +0200: Memory Usage (469712K) : metal4_diffprb has 0 polygons
2026-08-11 13:58:09 +0200: Memory Usage (469712K) : heattrans_drw has 0 polygons
2026-08-11 13:58:09 +0200: Memory Usage (469840K) : heatres_drw has 0 polygons
2026-08-11 13:58:09 +0200: Memory Usage (469840K) : fbe_drw has 0 polygons
2026-08-11 13:58:09 +0200: Memory Usage (469968K) : empoly_drw has 0 polygons
2026-08-11 13:58:09 +0200: Memory Usage (469968K) : digisub_drw has 0 polygons
2026-08-11 13:58:09 +0200: Memory Usage (470096K) : text_drw has 17 polygons
2026-08-11 13:58:09 +0200: Memory Usage (470096K) : via4_drw has 2371 polygons
2026-08-11 13:58:09 +0200: Memory Usage (470352K) : metal5_drw has 8 polygons
2026-08-11 13:58:09 +0200: Memory Usage (470352K) : metal5_filler has 0 polygons
2026-08-11 13:58:09 +0200: Memory Usage (470480K) : metal5_slit has 0 polygons
2026-08-11 13:58:09 +0200: Memory Usage (470608K) : metal5 has 8 polygons
2026-08-11 13:58:09 +0200: Memory Usage (470608K) : metal5_pin has 8 polygons
2026-08-11 13:58:09 +0200: Memory Usage (470736K) : metal5_mask has 0 polygons
2026-08-11 13:58:09 +0200: Memory Usage (470736K) : metal5_nofill has 0 polygons
2026-08-11 13:58:09 +0200: Memory Usage (470736K) : metal5_text has 8 polygons
2026-08-11 13:58:09 +0200: Memory Usage (470736K) : metal5_OPC has 0 polygons
2026-08-11 13:58:09 +0200: Memory Usage (470736K) : metal5_noqrc has 0 polygons
2026-08-11 13:58:09 +0200: Memory Usage (470736K) : metal5_res has 0 polygons
2026-08-11 13:58:09 +0200: Memory Usage (470736K) : metal5_iprobe has 0 polygons
2026-08-11 13:58:09 +0200: Memory Usage (470736K) : metal5_diffprb has 0 polygons
2026-08-11 13:58:09 +0200: Memory Usage (470736K) : radhard_drw has 0 polygons
2026-08-11 13:58:09 +0200: Memory Usage (470736K) : memcap_drw has 0 polygons
2026-08-11 13:58:09 +0200: Memory Usage (470736K) : varicap_drw has 0 polygons
2026-08-11 13:58:09 +0200: Memory Usage (470736K) : intbondvia_drw has 0 polygons
2026-08-11 13:58:09 +0200: Memory Usage (470736K) : intbondmet_drw has 0 polygons
2026-08-11 13:58:09 +0200: Memory Usage (470736K) : devbondvia_drw has 0 polygons
2026-08-11 13:58:09 +0200: Memory Usage (470736K) : devbondmet_drw has 0 polygons
2026-08-11 13:58:09 +0200: Memory Usage (470736K) : devtrench_drw has 0 polygons
2026-08-11 13:58:09 +0200: Memory Usage (470736K) : redist_drw has 0 polygons
2026-08-11 13:58:09 +0200: Memory Usage (470736K) : graphbot_drw has 0 polygons
2026-08-11 13:58:09 +0200: Memory Usage (470736K) : graphtop_drw has 0 polygons
2026-08-11 13:58:09 +0200: Memory Usage (470736K) : antvia1_drw has 0 polygons
2026-08-11 13:58:09 +0200: Memory Usage (470736K) : antmetal2_drw has 0 polygons
2026-08-11 13:58:09 +0200: Memory Usage (470736K) : graphcont_drw has 0 polygons
2026-08-11 13:58:09 +0200: Memory Usage (470736K) : siwg_drw has 0 polygons
2026-08-11 13:58:09 +0200: Memory Usage (470736K) : siwg_filler has 0 polygons
2026-08-11 13:58:09 +0200: Memory Usage (470736K) : siwg_nofill has 0 polygons
2026-08-11 13:58:09 +0200: Memory Usage (470736K) : sigrating_drw has 0 polygons
2026-08-11 13:58:09 +0200: Memory Usage (470736K) : singrating_drw has 0 polygons
2026-08-11 13:58:09 +0200: Memory Usage (470736K) : graphpas_drw has 0 polygons
2026-08-11 13:58:09 +0200: Memory Usage (470736K) : emwind3_drw has 0 polygons
2026-08-11 13:58:09 +0200: Memory Usage (470736K) : emwihv3_drw has 0 polygons
2026-08-11 13:58:09 +0200: Memory Usage (470736K) : redbulay_drw has 0 polygons
2026-08-11 13:58:09 +0200: Memory Usage (470736K) : smos_drw has 0 polygons
2026-08-11 13:58:09 +0200: Memory Usage (470736K) : graphpad_drw has 0 polygons
2026-08-11 13:58:09 +0200: Memory Usage (470736K) : polimide_drw has 0 polygons
2026-08-11 13:58:09 +0200: Memory Usage (470736K) : polimide_pin has 0 polygons
2026-08-11 13:58:09 +0200: Memory Usage (470736K) : recog_drw has 0 polygons
2026-08-11 13:58:09 +0200: Memory Usage (470736K) : recog_pin has 0 polygons
2026-08-11 13:58:09 +0200: Memory Usage (470736K) : recog_esd has 0 polygons
2026-08-11 13:58:09 +0200: Memory Usage (470736K) : recog_diode has 6 polygons
2026-08-11 13:58:09 +0200: Memory Usage (470736K) : recog_tsv has 0 polygons
2026-08-11 13:58:09 +0200: Memory Usage (470736K) : recog_iprobe has 0 polygons
2026-08-11 13:58:09 +0200: Memory Usage (470736K) : recog_diffprb has 0 polygons
2026-08-11 13:58:09 +0200: Memory Usage (470736K) : recog_pillar has 0 polygons
2026-08-11 13:58:09 +0200: Memory Usage (470736K) : recog_sbump has 0 polygons
2026-08-11 13:58:09 +0200: Memory Usage (470736K) : recog_otp has 0 polygons
2026-08-11 13:58:09 +0200: Memory Usage (470736K) : recog_pdiode has 0 polygons
2026-08-11 13:58:09 +0200: Memory Usage (470736K) : recog_mom has 0 polygons
2026-08-11 13:58:09 +0200: Memory Usage (470736K) : recog_pcm has 0 polygons
2026-08-11 13:58:09 +0200: Memory Usage (470736K) : colopen_drw has 0 polygons
2026-08-11 13:58:09 +0200: Memory Usage (470736K) : graphmetal1_drw has 0 polygons
2026-08-11 13:58:09 +0200: Memory Usage (470736K) : graphmetal1_filler has 0 polygons
2026-08-11 13:58:09 +0200: Memory Usage (470736K) : graphmetal1_nofill has 0 polygons
2026-08-11 13:58:09 +0200: Memory Usage (470736K) : graphmetal1_slit has 0 polygons
2026-08-11 13:58:09 +0200: Memory Usage (470736K) : graphmetal1_OPC has 0 polygons
2026-08-11 13:58:09 +0200: Memory Usage (470736K) : graphmet1l_drw has 0 polygons
2026-08-11 13:58:09 +0200: Memory Usage (470736K) : graphmet1l_filler has 0 polygons
2026-08-11 13:58:09 +0200: Memory Usage (470736K) : graphmet1l_nofill has 0 polygons
2026-08-11 13:58:09 +0200: Memory Usage (470736K) : graphmet1l_slit has 0 polygons
2026-08-11 13:58:09 +0200: Memory Usage (470736K) : graphmet1l_OPC has 0 polygons
2026-08-11 13:58:09 +0200: Memory Usage (470736K) : extblock_drw has 0 polygons
2026-08-11 13:58:09 +0200: Memory Usage (470736K) : nldd_drw has 0 polygons
2026-08-11 13:58:09 +0200: Memory Usage (470736K) : pldd_drw has 0 polygons
2026-08-11 13:58:09 +0200: Memory Usage (470736K) : next_drw has 0 polygons
2026-08-11 13:58:09 +0200: Memory Usage (470736K) : pext_drw has 0 polygons
2026-08-11 13:58:09 +0200: Memory Usage (470736K) : nexthv_drw has 0 polygons
2026-08-11 13:58:09 +0200: Memory Usage (470736K) : pexthv_drw has 0 polygons
2026-08-11 13:58:09 +0200: Memory Usage (470736K) : graphgate_drw has 0 polygons
2026-08-11 13:58:09 +0200: Memory Usage (470736K) : sinwg_drw has 0 polygons
2026-08-11 13:58:09 +0200: Memory Usage (470736K) : sinwg_filler has 0 polygons
2026-08-11 13:58:09 +0200: Memory Usage (470736K) : sinwg_nofill has 0 polygons
2026-08-11 13:58:09 +0200: Memory Usage (470736K) : mempad_drw has 0 polygons
2026-08-11 13:58:09 +0200: Memory Usage (470736K) : topvia1_drw has 2315 polygons
2026-08-11 13:58:09 +0200: Memory Usage (470736K) : topmetal1_drw has 8 polygons
2026-08-11 13:58:09 +0200: Memory Usage (470736K) : topmetal1_filler has 0 polygons
2026-08-11 13:58:09 +0200: Memory Usage (470736K) : topmetal1_slit has 0 polygons
2026-08-11 13:58:09 +0200: Memory Usage (470736K) : topmetal1 has 8 polygons
2026-08-11 13:58:09 +0200: Memory Usage (470736K) : topmetal1_pin has 8 polygons
2026-08-11 13:58:09 +0200: Memory Usage (470736K) : topmetal1_mask has 0 polygons
2026-08-11 13:58:09 +0200: Memory Usage (470736K) : topmetal1_nofill has 0 polygons
2026-08-11 13:58:09 +0200: Memory Usage (470736K) : topmetal1_text has 8 polygons
2026-08-11 13:58:09 +0200: Memory Usage (470736K) : topmetal1_noqrc has 0 polygons
2026-08-11 13:58:09 +0200: Memory Usage (470736K) : topmetal1_res has 0 polygons
2026-08-11 13:58:09 +0200: Memory Usage (470736K) : topmetal1_iprobe has 0 polygons
2026-08-11 13:58:09 +0200: Memory Usage (470736K) : topmetal1_diffprb has 0 polygons
2026-08-11 13:58:09 +0200: Memory Usage (470736K) : inldpwl_drw has 0 polygons
2026-08-11 13:58:09 +0200: Memory Usage (470736K) : polyres_drw has 0 polygons
2026-08-11 13:58:09 +0200: Memory Usage (470736K) : polyres_pin has 0 polygons
2026-08-11 13:58:09 +0200: Memory Usage (470736K) : vmim_drw has 0 polygons
2026-08-11 13:58:09 +0200: Memory Usage (470736K) : nbulaycut_drw has 0 polygons
2026-08-11 13:58:09 +0200: Memory Usage (470736K) : antmetal1_drw has 0 polygons
2026-08-11 13:58:09 +0200: Memory Usage (470736K) : topvia2_drw has 1593 polygons
2026-08-11 13:58:09 +0200: Memory Usage (470736K) : topmetal2_drw has 6 polygons
2026-08-11 13:58:09 +0200: Memory Usage (470736K) : topmetal2_filler has 0 polygons
2026-08-11 13:58:09 +0200: Memory Usage (470736K) : topmetal2_slit has 0 polygons
2026-08-11 13:58:09 +0200: Memory Usage (470736K) : topmetal2 has 6 polygons
2026-08-11 13:58:09 +0200: Memory Usage (470736K) : topmetal2_pin has 6 polygons
2026-08-11 13:58:09 +0200: Memory Usage (470736K) : topmetal2_mask has 0 polygons
2026-08-11 13:58:09 +0200: Memory Usage (470736K) : topmetal2_nofill has 0 polygons
2026-08-11 13:58:09 +0200: Memory Usage (470736K) : topmetal2_text has 6 polygons
2026-08-11 13:58:09 +0200: Memory Usage (470736K) : topmetal2_noqrc has 0 polygons
2026-08-11 13:58:09 +0200: Memory Usage (470736K) : topmetal2_res has 0 polygons
2026-08-11 13:58:09 +0200: Memory Usage (470736K) : topmetal2_iprobe has 0 polygons
2026-08-11 13:58:09 +0200: Memory Usage (470736K) : topmetal2_diffprb has 0 polygons
2026-08-11 13:58:09 +0200: Memory Usage (470736K) : snsring_drw has 0 polygons
2026-08-11 13:58:09 +0200: Memory Usage (470736K) : sensor_drw has 0 polygons
2026-08-11 13:58:09 +0200: Memory Usage (470736K) : snsarms_drw has 0 polygons
2026-08-11 13:58:09 +0200: Memory Usage (470736K) : snscmosvia_drw has 0 polygons
2026-08-11 13:58:09 +0200: Memory Usage (470736K) : colwind_drw has 0 polygons
2026-08-11 13:58:09 +0200: Memory Usage (470736K) : flm_drw has 0 polygons
2026-08-11 13:58:09 +0200: Memory Usage (470736K) : hafniumox_drw has 0 polygons
2026-08-11 13:58:09 +0200: Memory Usage (470736K) : memvia_drw has 0 polygons
2026-08-11 13:58:09 +0200: Memory Usage (470736K) : thinfilmres_drw has 0 polygons
2026-08-11 13:58:09 +0200: Memory Usage (470736K) : rfmem_drw has 0 polygons
2026-08-11 13:58:09 +0200: Memory Usage (470736K) : norcx_drw has 0 polygons
2026-08-11 13:58:09 +0200: Memory Usage (470736K) : norcx_m2m3 has 0 polygons
2026-08-11 13:58:09 +0200: Memory Usage (470736K) : norcx_m2m4 has 0 polygons
2026-08-11 13:58:09 +0200: Memory Usage (470736K) : norcx_m2m5 has 0 polygons
2026-08-11 13:58:09 +0200: Memory Usage (470736K) : norcx_m2tm1 has 0 polygons
2026-08-11 13:58:09 +0200: Memory Usage (470736K) : norcx_m2tm2 has 0 polygons
2026-08-11 13:58:09 +0200: Memory Usage (470736K) : norcx_m3m4 has 0 polygons
2026-08-11 13:58:09 +0200: Memory Usage (470736K) : norcx_m3m5 has 0 polygons
2026-08-11 13:58:09 +0200: Memory Usage (470736K) : norcx_m3tm1 has 0 polygons
2026-08-11 13:58:09 +0200: Memory Usage (470736K) : norcx_m3tm2 has 0 polygons
2026-08-11 13:58:09 +0200: Memory Usage (470736K) : norcx_m4m5 has 0 polygons
2026-08-11 13:58:09 +0200: Memory Usage (470736K) : norcx_m4tm1 has 0 polygons
2026-08-11 13:58:09 +0200: Memory Usage (470736K) : norcx_m4tm2 has 0 polygons
2026-08-11 13:58:09 +0200: Memory Usage (470736K) : norcx_m5tm1 has 0 polygons
2026-08-11 13:58:09 +0200: Memory Usage (470736K) : norcx_m5tm2 has 0 polygons
2026-08-11 13:58:09 +0200: Memory Usage (470736K) : norcx_tm1tm2 has 0 polygons
2026-08-11 13:58:09 +0200: Memory Usage (470736K) : norcx_m1sub has 0 polygons
2026-08-11 13:58:09 +0200: Memory Usage (470736K) : norcx_m2sub has 0 polygons
2026-08-11 13:58:09 +0200: Memory Usage (470736K) : norcx_m3sub has 0 polygons
2026-08-11 13:58:09 +0200: Memory Usage (470736K) : norcx_m4sub has 0 polygons
2026-08-11 13:58:09 +0200: Memory Usage (470736K) : norcx_m5sub has 0 polygons
2026-08-11 13:58:09 +0200: Memory Usage (470736K) : norcx_tm1sub has 0 polygons
2026-08-11 13:58:09 +0200: Memory Usage (470736K) : norcx_tm2sub has 0 polygons
2026-08-11 13:58:09 +0200: Memory Usage (470736K) : snsbotvia_drw has 0 polygons
2026-08-11 13:58:09 +0200: Memory Usage (470736K) : snstopvia_drw has 0 polygons
2026-08-11 13:58:09 +0200: Memory Usage (470736K) : deepvia_drw has 0 polygons
2026-08-11 13:58:09 +0200: Memory Usage (470736K) : fgetch_drw has 0 polygons
2026-08-11 13:58:09 +0200: Memory Usage (470736K) : ctrgat_drw has 0 polygons
2026-08-11 13:58:09 +0200: Memory Usage (470736K) : fgimp_drw has 0 polygons
2026-08-11 13:58:09 +0200: Memory Usage (470736K) : emwihv_drw has 0 polygons
2026-08-11 13:58:09 +0200: Memory Usage (470736K) : lbe_drw has 0 polygons
2026-08-11 13:58:09 +0200: Memory Usage (470736K) : alcustop_drw has 0 polygons
2026-08-11 13:58:09 +0200: Memory Usage (470736K) : nometfiller_drw has 0 polygons
2026-08-11 13:58:09 +0200: Memory Usage (470864K) : prboundary_drw has 0 polygons
2026-08-11 13:58:09 +0200: Memory Usage (470864K) : exchange0_drw has 0 polygons
2026-08-11 13:58:09 +0200: Memory Usage (470992K) : exchange0_pin has 0 polygons
2026-08-11 13:58:09 +0200: Memory Usage (471120K) : exchange0_text has 0 polygons
2026-08-11 13:58:09 +0200: Memory Usage (471120K) : exchange1_drw has 0 polygons
2026-08-11 13:58:09 +0200: Memory Usage (471248K) : exchange1_pin has 0 polygons
2026-08-11 13:58:09 +0200: Memory Usage (471248K) : exchange1_text has 0 polygons
2026-08-11 13:58:09 +0200: Memory Usage (471248K) : exchange2_drw has 0 polygons
2026-08-11 13:58:09 +0200: Memory Usage (471376K) : exchange2_pin has 0 polygons
2026-08-11 13:58:09 +0200: Memory Usage (471376K) : exchange2_text has 0 polygons
2026-08-11 13:58:09 +0200: Memory Usage (471376K) : exchange3_drw has 0 polygons
2026-08-11 13:58:09 +0200: Memory Usage (471504K) : exchange3_pin has 0 polygons
2026-08-11 13:58:09 +0200: Memory Usage (471504K) : exchange3_text has 0 polygons
2026-08-11 13:58:09 +0200: Memory Usage (471632K) : exchange4_drw has 0 polygons
2026-08-11 13:58:09 +0200: Memory Usage (471632K) : exchange4_pin has 0 polygons
2026-08-11 13:58:09 +0200: Memory Usage (471760K) : exchange4_text has 0 polygons
2026-08-11 13:58:09 +0200: Memory Usage (471760K) : isonwell_drw has 0 polygons
2026-08-11 13:58:09 +0200: Memory Usage (471760K) : Total no. of polygons in the design is 58434
2026-08-11 13:58:09 +0200: Memory Usage (471760K) : Starting base layers derivations
2026-08-11 13:58:09 +0200: Memory Usage (471760K) : Starting general LVS derivations
2026-08-11 13:58:10 +0200: Memory Usage (475344K) : Starting MOSFET DERIVATIONS
2026-08-11 13:58:10 +0200: Memory Usage (476220K) : Starting NMOS DERIVATIONS
2026-08-11 13:58:10 +0200: Memory Usage (476220K) : Starting PMOS DERIVATIONS
2026-08-11 13:58:10 +0200: Memory Usage (476220K) : Starting RF-MOSFET DERIVATIONS
2026-08-11 13:58:10 +0200: Memory Usage (476220K) : Starting RF-NMOS DERIVATIONS
2026-08-11 13:58:10 +0200: Memory Usage (476220K) : Starting RF-PMOS DERIVATIONS
2026-08-11 13:58:10 +0200: Memory Usage (476220K) : Starting BJT DERIVATIONS
2026-08-11 13:58:10 +0200: Memory Usage (476220K) : Starting NPN-BJT DERIVATIONS
2026-08-11 13:58:10 +0200: Memory Usage (476220K) : Starting PNP-BJT DERIVATIONS
2026-08-11 13:58:10 +0200: Memory Usage (476220K) : Starting DIODE DERIVATIONS
2026-08-11 13:58:11 +0200: Memory Usage (478248K) : Starting RESISTOR DERIVATIONS
2026-08-11 13:58:11 +0200: Memory Usage (478248K) : Starting CAP DERIVATIONS
2026-08-11 13:58:11 +0200: Memory Usage (478760K) : Starting CAP_CMOM DERIVATIONS
2026-08-11 13:58:11 +0200: Memory Usage (478760K) : Starting ESD DERIVATIONS
2026-08-11 13:58:12 +0200: Memory Usage (480936K) : Starting Inductor DERIVATIONS
2026-08-11 13:58:12 +0200: Memory Usage (480936K) : Starting Taps DERIVATIONS
2026-08-11 13:58:12 +0200: Memory Usage (480936K) : Starting SG13G2 LVS connectivity setup
2026-08-11 13:58:12 +0200: Memory Usage (480936K) : Starting SG13G2 LVS connectivity setup (Inter-layer)
2026-08-11 13:58:12 +0200: Memory Usage (481064K) : Starting SG13G2 LVS connectivity setup (Global)
2026-08-11 13:58:12 +0200: Memory Usage (481064K) : Starting LVS MOSFET CONNECTIONS
2026-08-11 13:58:12 +0200: Memory Usage (481064K) : Starting LVS RF-MOSFET CONNECTIONS
2026-08-11 13:58:12 +0200: Memory Usage (481064K) : Starting LVS BJT CONNECTIONS
2026-08-11 13:58:12 +0200: Memory Usage (481064K) : Starting LVS DIODE CONNECTIONS
2026-08-11 13:58:12 +0200: Memory Usage (481064K) : Starting RESISTOR CONNECTIONS
2026-08-11 13:58:12 +0200: Memory Usage (481064K) : Starting LVS CAP CONNECTIONS
2026-08-11 13:58:12 +0200: Memory Usage (481064K) : Starting CAP_CMOM CONNECTIONS
2026-08-11 13:58:12 +0200: Memory Usage (481064K) : Starting ESD CONNECTIONS
2026-08-11 13:58:12 +0200: Memory Usage (481064K) : Starting Inductor CONNECTIONS
2026-08-11 13:58:12 +0200: Memory Usage (481064K) : Starting LVS Taps CONNECTIONS
2026-08-11 13:58:12 +0200: Memory Usage (481064K) : Starting SG13G2 LVS DEVICES EXTRACTION
2026-08-11 13:58:12 +0200: Memory Usage (481064K) : Starting MOSFET EXTRACTION
2026-08-11 13:58:12 +0200: Memory Usage (481064K) : Starting NMOS EXTRACTION
2026-08-11 13:58:12 +0200: Memory Usage (481064K) : Extraction of NMOS-LV transistor
2026-08-11 13:58:12 +0200: Memory Usage (481320K) : Extraction of NMOS-HV transistor
2026-08-11 13:58:12 +0200: Memory Usage (481320K) : Starting PMOS EXTRACTION
2026-08-11 13:58:12 +0200: Memory Usage (481320K) : Extraction of PMOS-LV transistor
2026-08-11 13:58:12 +0200: Memory Usage (481320K) : Extraction of PMOS-HV transistor
2026-08-11 13:58:12 +0200: Memory Usage (481320K) : Starting RF-MOSFET EXTRACTION
2026-08-11 13:58:12 +0200: Memory Usage (481320K) : Extraction of RF-NMOS-LV transistor
2026-08-11 13:58:12 +0200: Memory Usage (481320K) : Extraction of RF-NMOS-HV transistor
2026-08-11 13:58:12 +0200: Memory Usage (481320K) : Extraction of RF-PMOS-LV transistor
2026-08-11 13:58:12 +0200: Memory Usage (481320K) : Extraction of RF-PMOS-HV transistor
2026-08-11 13:58:12 +0200: Memory Usage (481320K) : Starting BJT EXTRACTION
2026-08-11 13:58:12 +0200: Memory Usage (481320K) : Starting NPN-BJT EXTRACTION
2026-08-11 13:58:12 +0200: Memory Usage (481320K) : Extraction of npn13G2 BJT transistor
2026-08-11 13:58:12 +0200: Memory Usage (481320K) : Extraction of npn13G2L BJT transistor
2026-08-11 13:58:12 +0200: Memory Usage (481320K) : Extraction of npn13G2V BJT transistor
2026-08-11 13:58:12 +0200: Memory Usage (481320K) : Starting PNP-BJT EXTRACTION
2026-08-11 13:58:12 +0200: Memory Usage (481320K) : Extracting pnpMPA BJT
2026-08-11 13:58:12 +0200: Memory Usage (481320K) : Starting DIODE EXTRACTION
2026-08-11 13:58:12 +0200: Memory Usage (481320K) : Extracting dantenna diode
2026-08-11 13:58:12 +0200: Memory Usage (481320K) : Extracting dpantenna diode
2026-08-11 13:58:12 +0200: Memory Usage (481320K) : Extracting schottky_nbl1 diode
2026-08-11 13:58:12 +0200: Memory Usage (481320K) : Extracting isolbox diode
2026-08-11 13:58:12 +0200: Memory Usage (481320K) : Starting RESISTOR EXTRACTION
2026-08-11 13:58:12 +0200: Memory Usage (481320K) : Extracting rsil resistor
2026-08-11 13:58:12 +0200: Memory Usage (481320K) : Extracting rppd resistor
2026-08-11 13:58:12 +0200: Memory Usage (481320K) : Extracting rhigh resistor
2026-08-11 13:58:12 +0200: Memory Usage (481320K) : Extracting res_metal1 resistor
2026-08-11 13:58:12 +0200: Memory Usage (481448K) : Extracting res_metal2 resistor
2026-08-11 13:58:12 +0200: Memory Usage (481448K) : Extracting res_metal3 resistor
2026-08-11 13:58:12 +0200: Memory Usage (481448K) : Extracting res_metal4 resistor
2026-08-11 13:58:12 +0200: Memory Usage (481448K) : Extracting res_metal5 resistor
2026-08-11 13:58:12 +0200: Memory Usage (481448K) : Extracting res_topmetal1 resistor
2026-08-11 13:58:12 +0200: Memory Usage (481448K) : Extracting res_topmetal2 resistor
2026-08-11 13:58:12 +0200: Memory Usage (481448K) : Starting CAP EXTRACTION
2026-08-11 13:58:12 +0200: Memory Usage (481448K) : Extracting cap_cmim device
2026-08-11 13:58:12 +0200: Memory Usage (481448K) : Extracting rfcmim device
2026-08-11 13:58:12 +0200: Memory Usage (481448K) : Extracting sg13_hv_svaricap varactor
2026-08-11 13:58:12 +0200: Memory Usage (481448K) : Extracting cap_cmomi device
2026-08-11 13:58:12 +0200: Memory Usage (481448K) : Extracting sg13_moscap_n capacitor
2026-08-11 13:58:12 +0200: Memory Usage (481448K) : Extracting sg13_moscap_p capacitor
2026-08-11 13:58:12 +0200: Memory Usage (481448K) : Starting ESD EXTRACTION
2026-08-11 13:58:12 +0200: Memory Usage (481448K) : Extracting diodevdd_2kv ESD device
2026-08-11 13:58:12 +0200: Memory Usage (481448K) : Extracting diodevdd_4kv ESD device
2026-08-11 13:58:12 +0200: Memory Usage (481448K) : Extracting diodevss_2kv ESD device
2026-08-11 13:58:12 +0200: Memory Usage (481448K) : Extracting diodevss_4kv ESD device
2026-08-11 13:58:12 +0200: Memory Usage (481448K) : Extracting idiodevdd_2kv ESD device
2026-08-11 13:58:12 +0200: Memory Usage (481448K) : Extracting idiodevdd_4kv ESD device
2026-08-11 13:58:12 +0200: Memory Usage (481448K) : Extracting idiodevss_2kv ESD device
2026-08-11 13:58:12 +0200: Memory Usage (481448K) : Extracting idiodevss_4kv ESD device
2026-08-11 13:58:12 +0200: Memory Usage (481448K) : Extracting nmoscl_2 ESD device
2026-08-11 13:58:12 +0200: Memory Usage (481448K) : Extracting nmoscl_4 ESD device
2026-08-11 13:58:12 +0200: Memory Usage (481448K) : Starting Inductor EXTRACTION
2026-08-11 13:58:12 +0200: Memory Usage (481448K) : Extracting Inductor2 device
2026-08-11 13:58:12 +0200: Memory Usage (481448K) : Extracting Inductor3 device
2026-08-11 13:58:12 +0200: Memory Usage (481448K) : Starting Taps EXTRACTION
2026-08-11 13:58:12 +0200: Memory Usage (481448K) : Extracting ntap1 device
2026-08-11 13:58:12 +0200: Memory Usage (481448K) : Extracting ptap1 device
2026-08-11 13:58:12 +0200: Memory Usage (481448K) : Starting SG13G2 LVS RF MOS Model Mapping
2026-08-11 13:58:12 +0200: Memory Usage (483112K) : [layout_netlist] Apply RF MOS model mapping and rfmode parameter.
2026-08-11 13:58:12 +0200: Memory Usage (483112K) : Starting SG13G2 LVS Options Preparations
2026-08-11 13:58:12 +0200: Memory Usage (483112K) : SG13G2 LVS flow: extraction -> alignment -> option preparation -> comparison.
2026-08-11 13:58:12 +0200: Memory Usage (483112K) : Starting SG13G2 LVS Alignment
2026-08-11 13:58:12 +0200: Memory Usage (483368K) : Starting SG13G2 LVS Simplification
2026-08-11 13:58:12 +0200: Memory Usage (483368K) : [layout_netlist] simplify: ENABLED
2026-08-11 13:58:12 +0200: Memory Usage (483368K) : [layout_netlist] make_top_level_pins: SKIPPED
2026-08-11 13:58:12 +0200: Memory Usage (483368K) : [layout_netlist] combine_devices: ENABLED
2026-08-11 13:58:12 +0200: Memory Usage (483368K) : [layout_netlist] purge: SKIPPED
2026-08-11 13:58:12 +0200: Memory Usage (483368K) : [layout_netlist] purge_nets: SKIPPED
2026-08-11 13:58:12 +0200: Memory Usage (483368K) : [schematic_netlist] simplify: ENABLED
2026-08-11 13:58:12 +0200: Memory Usage (483368K) : [schematic_netlist] make_top_level_pins: SKIPPED
2026-08-11 13:58:12 +0200: Memory Usage (483368K) : [schematic_netlist] combine_devices: ENABLED
2026-08-11 13:58:12 +0200: Memory Usage (483368K) : [schematic_netlist] purge: SKIPPED
2026-08-11 13:58:12 +0200: Memory Usage (483368K) : [schematic_netlist] purge_nets: SKIPPED
2026-08-11 13:58:12 +0200: Memory Usage (483368K) : Starting SG13G2 LVS Comparison
2026-08-11 13:58:12 +0200: Memory Usage (483368K) : ==========================================
2026-08-11 13:58:13 +0200: Memory Usage (483368K) : INFO : Congratulations! Netlists match.
2026-08-11 13:58:13 +0200: Memory Usage (483368K) : ==========================================
2026-08-11 13:58:13 +0200: Memory Usage (483368K) : LVS Total Run time 4.108163 seconds
11-Aug-2026 13:58:13 | INFO    | ==============================================================================
11-Aug-2026 13:58:13 | INFO    | Important Summary
11-Aug-2026 13:58:13 | INFO    | +------------------+-----------------------------------------------------------------------------------------------+
11-Aug-2026 13:58:13 | INFO    | | Status           | PASS                                                                                          |
11-Aug-2026 13:58:13 | INFO    | | Mode             | COMPARE                                                                                       |
11-Aug-2026 13:58:13 | INFO    | | Outcome          | Comparison mode: PASS (netlists match).                                                       |
11-Aug-2026 13:58:13 | INFO    | | Layout           | sg13g2_IOPadTriOut16mA.gds                                                                    |
11-Aug-2026 13:58:13 | INFO    | | Top Cell         | sg13g2_IOPadTriOut16mA                                                                        |
11-Aug-2026 13:58:13 | INFO    | | Results Dir      | /foss/designs/ihp-open-pdk-regression/IOPADS/lvs_sweep/20260811_135643/sg13g2_IOPadTriOut16mA |
11-Aug-2026 13:58:13 | INFO    | | Warnings         | 0                                                                                             |
11-Aug-2026 13:58:13 | INFO    | | Errors           | 0                                                                                             |
11-Aug-2026 13:58:13 | INFO    | | Run Time (s)     | 7.403                                                                                         |
11-Aug-2026 13:58:13 | INFO    | +------------------+-----------------------------------------------------------------------------------------------+
11-Aug-2026 13:58:13 | INFO    | ==============================================================================
