11-Aug-2026 13:42:39 | INFO    | Your Klayout version is: KLayout 0.30.10 (required >= 0.30.5)
11-Aug-2026 13:42:39 | INFO    | Running SG13G2 LVS checks on design /foss/designs/ihp-open-pdk-regression/IOPADS/layout/sg13g2_IOPadOut30mA.gds on cell sg13g2_IOPadOut30mA
2026-08-11 13:42:42 +0200: Memory Usage (455452K) : Starting running SG13G2 Klayout LVS runset on /foss/designs/ihp-open-pdk-regression/IOPADS/layout/sg13g2_IOPadOut30mA.gds
2026-08-11 13:42:42 +0200: Memory Usage (455452K) : Ruby Version for klayout: 3.2.3
2026-08-11 13:42:42 +0200: Memory Usage (456860K) : Loading database to memory is complete.
2026-08-11 13:42:42 +0200: Memory Usage (456860K) : SG13G2 Klayout LVS runset output at: /foss/designs/ihp-open-pdk-regression/IOPADS/lvs_sweep/20260811_134120/sg13g2_IOPadOut30mA/sg13g2_IOPadOut30mA.lvsdb
2026-08-11 13:42:42 +0200: Memory Usage (456860K) : Evaluate switches.
2026-08-11 13:42:42 +0200: Memory Usage (456860K) : Extracted netlist with net names: true
2026-08-11 13:42:42 +0200: Memory Usage (456860K) : Extracted netlist with comments in details: false
2026-08-11 13:42:42 +0200: Memory Usage (456860K) : Selected NET_ONLY option: false
2026-08-11 13:42:42 +0200: Memory Usage (456860K) : Selected LAYOUT_NETLIST option: (none)
2026-08-11 13:42:42 +0200: Memory Usage (456860K) : Selected IGNORE_TOP_PORTS_MISMATCH option: true
2026-08-11 13:42:42 +0200: Memory Usage (456860K) : Selected IMPLICIT_NETS option: iovss,iovdd,vss,vdd,pad,cathode,anode
2026-08-11 13:42:42 +0200: Memory Usage (456860K) : Selected TOP_LVL_PINS option: false
2026-08-11 13:42:42 +0200: Memory Usage (456860K) : Selected COMBINE DEVICES option: true
2026-08-11 13:42:42 +0200: Memory Usage (456860K) : Selected PURGE option: false
2026-08-11 13:42:42 +0200: Memory Usage (456860K) : Selected PURGE_NETS option: false
2026-08-11 13:42:42 +0200: Memory Usage (456860K) : Selected SIMPLIFY option: true
2026-08-11 13:42:42 +0200: Memory Usage (456860K) : Selected SERIES_RES option: true
2026-08-11 13:42:42 +0200: Memory Usage (456988K) : Selected PARALLEL_RES option: true
2026-08-11 13:42:42 +0200: Memory Usage (456988K) : Selected DISABLE_TAP_EXTRACTION option: false
2026-08-11 13:42:42 +0200: Memory Usage (456988K) : deep  mode is enabled.
2026-08-11 13:42:42 +0200: Memory Usage (456988K) : Applying implicit connections (case-sensitive, pattern supported) for nets: iovss, iovdd, vss, vdd, pad, cathode, anode
2026-08-11 13:42:42 +0200: Memory Usage (458396K) : Netlist file: /foss/designs/ihp-open-pdk-regression/IOPADS/netlist/pads_upstream/sg13g2_IOPadOut30mA.spi
2026-08-11 13:42:42 +0200: Memory Usage (458396K) : LVS extracted netlist at: /foss/designs/ihp-open-pdk-regression/IOPADS/lvs_sweep/20260811_134120/sg13g2_IOPadOut30mA/sg13g2_IOPadOut30mA_extracted.cir
2026-08-11 13:42:42 +0200: Memory Usage (458396K) : Applying SRAM integration support.
2026-08-11 13:42:42 +0200: Memory Usage (458396K) : Starting SG13G2 LVS runset
2026-08-11 13:42:42 +0200: Memory Usage (458396K) : Read in polygons from layers.
2026-08-11 13:42:42 +0200: Memory Usage (460060K) : activ_drw has 77 polygons
2026-08-11 13:42:42 +0200: Memory Usage (460060K) : activ_filler has 0 polygons
2026-08-11 13:42:42 +0200: Memory Usage (460060K) : activ has 77 polygons
2026-08-11 13:42:42 +0200: Memory Usage (460060K) : activ_pin has 0 polygons
2026-08-11 13:42:42 +0200: Memory Usage (460060K) : activ_mask has 0 polygons
2026-08-11 13:42:42 +0200: Memory Usage (460060K) : activ_nofill has 0 polygons
2026-08-11 13:42:42 +0200: Memory Usage (460060K) : activ_OPC has 0 polygons
2026-08-11 13:42:42 +0200: Memory Usage (460188K) : activ_iOPC has 0 polygons
2026-08-11 13:42:42 +0200: Memory Usage (460188K) : activ_noqrc has 0 polygons
2026-08-11 13:42:42 +0200: Memory Usage (460316K) : biwind_drw has 0 polygons
2026-08-11 13:42:42 +0200: Memory Usage (460316K) : biwind_OPC has 0 polygons
2026-08-11 13:42:42 +0200: Memory Usage (460444K) : gatpoly_drw has 54 polygons
2026-08-11 13:42:42 +0200: Memory Usage (460444K) : gatpoly_filler has 0 polygons
2026-08-11 13:42:42 +0200: Memory Usage (460572K) : gatpoly has 54 polygons
2026-08-11 13:42:42 +0200: Memory Usage (460572K) : gatpoly_pin has 0 polygons
2026-08-11 13:42:42 +0200: Memory Usage (460700K) : gatpoly_nofill has 0 polygons
2026-08-11 13:42:42 +0200: Memory Usage (460700K) : gatpoly_OPC has 0 polygons
2026-08-11 13:42:42 +0200: Memory Usage (460828K) : gatpoly_iOPC has 0 polygons
2026-08-11 13:42:42 +0200: Memory Usage (460828K) : gatpoly_noqrc has 0 polygons
2026-08-11 13:42:42 +0200: Memory Usage (462364K) : cont_drw has 46536 polygons
2026-08-11 13:42:42 +0200: Memory Usage (462492K) : cont_OPC has 0 polygons
2026-08-11 13:42:42 +0200: Memory Usage (462492K) : nsd_drw has 0 polygons
2026-08-11 13:42:42 +0200: Memory Usage (462492K) : nsd_block has 0 polygons
2026-08-11 13:42:42 +0200: Memory Usage (462492K) : metal1_drw has 322 polygons
2026-08-11 13:42:42 +0200: Memory Usage (462492K) : metal1_filler has 0 polygons
2026-08-11 13:42:42 +0200: Memory Usage (462492K) : metal1_slit has 0 polygons
2026-08-11 13:42:42 +0200: Memory Usage (462876K) : metal1 has 322 polygons
2026-08-11 13:42:42 +0200: Memory Usage (462876K) : metal1_pin has 26 polygons
2026-08-11 13:42:42 +0200: Memory Usage (462876K) : metal1_mask has 0 polygons
2026-08-11 13:42:42 +0200: Memory Usage (462876K) : metal1_nofill has 0 polygons
2026-08-11 13:42:42 +0200: Memory Usage (463260K) : metal1_text has 26 polygons
2026-08-11 13:42:42 +0200: Memory Usage (463260K) : metal1_OPC has 0 polygons
2026-08-11 13:42:42 +0200: Memory Usage (463260K) : metal1_noqrc has 0 polygons
2026-08-11 13:42:42 +0200: Memory Usage (463260K) : metal1_res has 0 polygons
2026-08-11 13:42:42 +0200: Memory Usage (463388K) : metal1_iprobe has 0 polygons
2026-08-11 13:42:42 +0200: Memory Usage (463388K) : metal1_diffprb has 0 polygons
2026-08-11 13:42:42 +0200: Memory Usage (463516K) : passiv_drw has 0 polygons
2026-08-11 13:42:42 +0200: Memory Usage (463516K) : passiv_pin has 0 polygons
2026-08-11 13:42:42 +0200: Memory Usage (463644K) : passiv_sbump has 0 polygons
2026-08-11 13:42:42 +0200: Memory Usage (463772K) : passiv_pillar has 0 polygons
2026-08-11 13:42:42 +0200: Memory Usage (463772K) : passiv_pdl has 0 polygons
2026-08-11 13:42:42 +0200: Memory Usage (463900K) : metal2_drw has 95 polygons
2026-08-11 13:42:42 +0200: Memory Usage (463900K) : metal2_filler has 0 polygons
2026-08-11 13:42:42 +0200: Memory Usage (464028K) : metal2_slit has 0 polygons
2026-08-11 13:42:42 +0200: Memory Usage (464156K) : metal2 has 95 polygons
2026-08-11 13:42:42 +0200: Memory Usage (464284K) : metal2_pin has 28 polygons
2026-08-11 13:42:42 +0200: Memory Usage (464284K) : metal2_mask has 0 polygons
2026-08-11 13:42:42 +0200: Memory Usage (464412K) : metal2_nofill has 0 polygons
2026-08-11 13:42:42 +0200: Memory Usage (464412K) : metal2_text has 27 polygons
2026-08-11 13:42:42 +0200: Memory Usage (464540K) : metal2_OPC has 0 polygons
2026-08-11 13:42:42 +0200: Memory Usage (464540K) : metal2_noqrc has 0 polygons
2026-08-11 13:42:42 +0200: Memory Usage (464540K) : metal2_res has 0 polygons
2026-08-11 13:42:42 +0200: Memory Usage (464668K) : metal2_iprobe has 0 polygons
2026-08-11 13:42:42 +0200: Memory Usage (464668K) : metal2_diffprb has 0 polygons
2026-08-11 13:42:42 +0200: Memory Usage (464668K) : baspoly_drw has 0 polygons
2026-08-11 13:42:42 +0200: Memory Usage (464668K) : baspoly_pin has 0 polygons
2026-08-11 13:42:42 +0200: Memory Usage (464796K) : psd_drw has 30 polygons
2026-08-11 13:42:42 +0200: Memory Usage (464796K) : nldb_drw has 0 polygons
2026-08-11 13:42:42 +0200: Memory Usage (464796K) : digibnd_drw has 0 polygons
2026-08-11 13:42:42 +0200: Memory Usage (464924K) : via1_drw has 1834 polygons
2026-08-11 13:42:42 +0200: Memory Usage (464924K) : backmetal1_drw has 0 polygons
2026-08-11 13:42:42 +0200: Memory Usage (465052K) : backmetal1_pin has 0 polygons
2026-08-11 13:42:42 +0200: Memory Usage (465052K) : backmetal1_mask has 0 polygons
2026-08-11 13:42:42 +0200: Memory Usage (465180K) : backmetal1_filler has 0 polygons
2026-08-11 13:42:42 +0200: Memory Usage (465180K) : backmetal1_nofill has 0 polygons
2026-08-11 13:42:42 +0200: Memory Usage (465308K) : backmetal1_slit has 0 polygons
2026-08-11 13:42:42 +0200: Memory Usage (465436K) : backmetal1_text has 0 polygons
2026-08-11 13:42:42 +0200: Memory Usage (465436K) : backmetal1_OPC has 0 polygons
2026-08-11 13:42:42 +0200: Memory Usage (465564K) : backmetal1_noqrc has 0 polygons
2026-08-11 13:42:42 +0200: Memory Usage (465564K) : backmetal1_res has 0 polygons
2026-08-11 13:42:42 +0200: Memory Usage (465692K) : backmetal1_iprobe has 0 polygons
2026-08-11 13:42:42 +0200: Memory Usage (465692K) : backmetal1_diffprb has 0 polygons
2026-08-11 13:42:42 +0200: Memory Usage (465820K) : backpassiv_drw has 0 polygons
2026-08-11 13:42:42 +0200: Memory Usage (465820K) : res_drw has 0 polygons
2026-08-11 13:42:42 +0200: Memory Usage (465948K) : sram_drw has 0 polygons
2026-08-11 13:42:42 +0200: Memory Usage (465948K) : trans_drw has 0 polygons
2026-08-11 13:42:42 +0200: Memory Usage (466076K) : ind_drw has 0 polygons
2026-08-11 13:42:42 +0200: Memory Usage (466076K) : ind_pin has 0 polygons
2026-08-11 13:42:42 +0200: Memory Usage (466204K) : ind_text has 0 polygons
2026-08-11 13:42:42 +0200: Memory Usage (466204K) : salblock_drw has 0 polygons
2026-08-11 13:42:42 +0200: Memory Usage (466332K) : via2_drw has 1661 polygons
2026-08-11 13:42:42 +0200: Memory Usage (466460K) : metal3_drw has 25 polygons
2026-08-11 13:42:42 +0200: Memory Usage (466460K) : metal3_filler has 0 polygons
2026-08-11 13:42:42 +0200: Memory Usage (466588K) : metal3_slit has 0 polygons
2026-08-11 13:42:42 +0200: Memory Usage (466716K) : metal3 has 25 polygons
2026-08-11 13:42:42 +0200: Memory Usage (466716K) : metal3_pin has 9 polygons
2026-08-11 13:42:42 +0200: Memory Usage (466844K) : metal3_mask has 0 polygons
2026-08-11 13:42:42 +0200: Memory Usage (466844K) : metal3_nofill has 0 polygons
2026-08-11 13:42:42 +0200: Memory Usage (466972K) : metal3_text has 9 polygons
2026-08-11 13:42:42 +0200: Memory Usage (466972K) : metal3_OPC has 0 polygons
2026-08-11 13:42:42 +0200: Memory Usage (466972K) : metal3_noqrc has 0 polygons
2026-08-11 13:42:42 +0200: Memory Usage (467100K) : metal3_res has 0 polygons
2026-08-11 13:42:42 +0200: Memory Usage (467100K) : metal3_iprobe has 0 polygons
2026-08-11 13:42:42 +0200: Memory Usage (467100K) : metal3_diffprb has 0 polygons
2026-08-11 13:42:42 +0200: Memory Usage (467228K) : nwell_drw has 21 polygons
2026-08-11 13:42:42 +0200: Memory Usage (467228K) : nwell_pin has 0 polygons
2026-08-11 13:42:42 +0200: Memory Usage (467356K) : nwell_text has 0 polygons
2026-08-11 13:42:42 +0200: Memory Usage (467356K) : nbulay_drw has 0 polygons
2026-08-11 13:42:42 +0200: Memory Usage (467484K) : nbulay_pin has 0 polygons
2026-08-11 13:42:42 +0200: Memory Usage (467484K) : nbulay_block has 0 polygons
2026-08-11 13:42:42 +0200: Memory Usage (467612K) : emwind_drw has 0 polygons
2026-08-11 13:42:42 +0200: Memory Usage (467612K) : emwind_OPC has 0 polygons
2026-08-11 13:42:42 +0200: Memory Usage (467740K) : deepco_drw has 0 polygons
2026-08-11 13:42:42 +0200: Memory Usage (467868K) : mim_drw has 0 polygons
2026-08-11 13:42:42 +0200: Memory Usage (467868K) : edgeseal_drw has 0 polygons
2026-08-11 13:42:42 +0200: Memory Usage (467996K) : substrate_drw has 22 polygons
2026-08-11 13:42:42 +0200: Memory Usage (467996K) : substrate_text has 0 polygons
2026-08-11 13:42:42 +0200: Memory Usage (468124K) : dfpad_drw has 0 polygons
2026-08-11 13:42:42 +0200: Memory Usage (468124K) : dfpad_pillar has 0 polygons
2026-08-11 13:42:42 +0200: Memory Usage (468252K) : dfpad_sbump has 0 polygons
2026-08-11 13:42:42 +0200: Memory Usage (468252K) : thickgateox_drw has 4 polygons
2026-08-11 13:42:42 +0200: Memory Usage (468380K) : pldb_drw has 0 polygons
2026-08-11 13:42:42 +0200: Memory Usage (468380K) : pwell_drw has 0 polygons
2026-08-11 13:42:42 +0200: Memory Usage (468508K) : pwell_pin has 0 polygons
2026-08-11 13:42:42 +0200: Memory Usage (468508K) : pwell_block has 0 polygons
2026-08-11 13:42:42 +0200: Memory Usage (468636K) : ic_drw has 0 polygons
2026-08-11 13:42:42 +0200: Memory Usage (468764K) : via3_drw has 2087 polygons
2026-08-11 13:42:42 +0200: Memory Usage (468892K) : metal4_drw has 8 polygons
2026-08-11 13:42:42 +0200: Memory Usage (468892K) : metal4_filler has 0 polygons
2026-08-11 13:42:42 +0200: Memory Usage (469020K) : metal4_slit has 0 polygons
2026-08-11 13:42:42 +0200: Memory Usage (469148K) : metal4 has 8 polygons
2026-08-11 13:42:42 +0200: Memory Usage (469148K) : metal4_pin has 8 polygons
2026-08-11 13:42:42 +0200: Memory Usage (469276K) : metal4_mask has 0 polygons
2026-08-11 13:42:42 +0200: Memory Usage (469276K) : metal4_nofill has 0 polygons
2026-08-11 13:42:42 +0200: Memory Usage (469404K) : metal4_text has 8 polygons
2026-08-11 13:42:42 +0200: Memory Usage (469404K) : metal4_OPC has 0 polygons
2026-08-11 13:42:42 +0200: Memory Usage (469404K) : metal4_noqrc has 0 polygons
2026-08-11 13:42:42 +0200: Memory Usage (469532K) : metal4_res has 0 polygons
2026-08-11 13:42:42 +0200: Memory Usage (469660K) : metal4_iprobe has 0 polygons
2026-08-11 13:42:42 +0200: Memory Usage (469660K) : metal4_diffprb has 0 polygons
2026-08-11 13:42:42 +0200: Memory Usage (469788K) : heattrans_drw has 0 polygons
2026-08-11 13:42:42 +0200: Memory Usage (469788K) : heatres_drw has 0 polygons
2026-08-11 13:42:42 +0200: Memory Usage (469916K) : fbe_drw has 0 polygons
2026-08-11 13:42:42 +0200: Memory Usage (469916K) : empoly_drw has 0 polygons
2026-08-11 13:42:42 +0200: Memory Usage (470044K) : digisub_drw has 0 polygons
2026-08-11 13:42:42 +0200: Memory Usage (470044K) : text_drw has 14 polygons
2026-08-11 13:42:42 +0200: Memory Usage (470172K) : via4_drw has 2371 polygons
2026-08-11 13:42:42 +0200: Memory Usage (470300K) : metal5_drw has 8 polygons
2026-08-11 13:42:42 +0200: Memory Usage (470300K) : metal5_filler has 0 polygons
2026-08-11 13:42:42 +0200: Memory Usage (470428K) : metal5_slit has 0 polygons
2026-08-11 13:42:42 +0200: Memory Usage (470428K) : metal5 has 8 polygons
2026-08-11 13:42:42 +0200: Memory Usage (470428K) : metal5_pin has 8 polygons
2026-08-11 13:42:42 +0200: Memory Usage (470428K) : metal5_mask has 0 polygons
2026-08-11 13:42:42 +0200: Memory Usage (470428K) : metal5_nofill has 0 polygons
2026-08-11 13:42:42 +0200: Memory Usage (470428K) : metal5_text has 8 polygons
2026-08-11 13:42:42 +0200: Memory Usage (470428K) : metal5_OPC has 0 polygons
2026-08-11 13:42:42 +0200: Memory Usage (470428K) : metal5_noqrc has 0 polygons
2026-08-11 13:42:42 +0200: Memory Usage (470428K) : metal5_res has 0 polygons
2026-08-11 13:42:42 +0200: Memory Usage (470428K) : metal5_iprobe has 0 polygons
2026-08-11 13:42:42 +0200: Memory Usage (470428K) : metal5_diffprb has 0 polygons
2026-08-11 13:42:42 +0200: Memory Usage (470428K) : radhard_drw has 0 polygons
2026-08-11 13:42:42 +0200: Memory Usage (470428K) : memcap_drw has 0 polygons
2026-08-11 13:42:42 +0200: Memory Usage (470428K) : varicap_drw has 0 polygons
2026-08-11 13:42:42 +0200: Memory Usage (470428K) : intbondvia_drw has 0 polygons
2026-08-11 13:42:42 +0200: Memory Usage (470428K) : intbondmet_drw has 0 polygons
2026-08-11 13:42:42 +0200: Memory Usage (470428K) : devbondvia_drw has 0 polygons
2026-08-11 13:42:42 +0200: Memory Usage (470428K) : devbondmet_drw has 0 polygons
2026-08-11 13:42:42 +0200: Memory Usage (470428K) : devtrench_drw has 0 polygons
2026-08-11 13:42:42 +0200: Memory Usage (470428K) : redist_drw has 0 polygons
2026-08-11 13:42:42 +0200: Memory Usage (470428K) : graphbot_drw has 0 polygons
2026-08-11 13:42:42 +0200: Memory Usage (470428K) : graphtop_drw has 0 polygons
2026-08-11 13:42:42 +0200: Memory Usage (470428K) : antvia1_drw has 0 polygons
2026-08-11 13:42:42 +0200: Memory Usage (470428K) : antmetal2_drw has 0 polygons
2026-08-11 13:42:42 +0200: Memory Usage (470428K) : graphcont_drw has 0 polygons
2026-08-11 13:42:42 +0200: Memory Usage (470428K) : siwg_drw has 0 polygons
2026-08-11 13:42:42 +0200: Memory Usage (470428K) : siwg_filler has 0 polygons
2026-08-11 13:42:42 +0200: Memory Usage (470428K) : siwg_nofill has 0 polygons
2026-08-11 13:42:42 +0200: Memory Usage (470428K) : sigrating_drw has 0 polygons
2026-08-11 13:42:42 +0200: Memory Usage (470428K) : singrating_drw has 0 polygons
2026-08-11 13:42:42 +0200: Memory Usage (470428K) : graphpas_drw has 0 polygons
2026-08-11 13:42:42 +0200: Memory Usage (470428K) : emwind3_drw has 0 polygons
2026-08-11 13:42:42 +0200: Memory Usage (470428K) : emwihv3_drw has 0 polygons
2026-08-11 13:42:42 +0200: Memory Usage (470428K) : redbulay_drw has 0 polygons
2026-08-11 13:42:42 +0200: Memory Usage (470428K) : smos_drw has 0 polygons
2026-08-11 13:42:42 +0200: Memory Usage (470428K) : graphpad_drw has 0 polygons
2026-08-11 13:42:42 +0200: Memory Usage (470428K) : polimide_drw has 0 polygons
2026-08-11 13:42:42 +0200: Memory Usage (470428K) : polimide_pin has 0 polygons
2026-08-11 13:42:42 +0200: Memory Usage (470428K) : recog_drw has 0 polygons
2026-08-11 13:42:42 +0200: Memory Usage (470428K) : recog_pin has 0 polygons
2026-08-11 13:42:42 +0200: Memory Usage (470428K) : recog_esd has 0 polygons
2026-08-11 13:42:42 +0200: Memory Usage (470428K) : recog_diode has 7 polygons
2026-08-11 13:42:42 +0200: Memory Usage (470428K) : recog_tsv has 0 polygons
2026-08-11 13:42:42 +0200: Memory Usage (470428K) : recog_iprobe has 0 polygons
2026-08-11 13:42:42 +0200: Memory Usage (470428K) : recog_diffprb has 0 polygons
2026-08-11 13:42:42 +0200: Memory Usage (470428K) : recog_pillar has 0 polygons
2026-08-11 13:42:42 +0200: Memory Usage (470428K) : recog_sbump has 0 polygons
2026-08-11 13:42:42 +0200: Memory Usage (470428K) : recog_otp has 0 polygons
2026-08-11 13:42:42 +0200: Memory Usage (470428K) : recog_pdiode has 0 polygons
2026-08-11 13:42:42 +0200: Memory Usage (470428K) : recog_mom has 0 polygons
2026-08-11 13:42:42 +0200: Memory Usage (470428K) : recog_pcm has 0 polygons
2026-08-11 13:42:42 +0200: Memory Usage (470428K) : colopen_drw has 0 polygons
2026-08-11 13:42:42 +0200: Memory Usage (470428K) : graphmetal1_drw has 0 polygons
2026-08-11 13:42:42 +0200: Memory Usage (470428K) : graphmetal1_filler has 0 polygons
2026-08-11 13:42:42 +0200: Memory Usage (470428K) : graphmetal1_nofill has 0 polygons
2026-08-11 13:42:42 +0200: Memory Usage (470428K) : graphmetal1_slit has 0 polygons
2026-08-11 13:42:42 +0200: Memory Usage (470428K) : graphmetal1_OPC has 0 polygons
2026-08-11 13:42:42 +0200: Memory Usage (470428K) : graphmet1l_drw has 0 polygons
2026-08-11 13:42:42 +0200: Memory Usage (470428K) : graphmet1l_filler has 0 polygons
2026-08-11 13:42:42 +0200: Memory Usage (470428K) : graphmet1l_nofill has 0 polygons
2026-08-11 13:42:42 +0200: Memory Usage (470428K) : graphmet1l_slit has 0 polygons
2026-08-11 13:42:42 +0200: Memory Usage (470428K) : graphmet1l_OPC has 0 polygons
2026-08-11 13:42:42 +0200: Memory Usage (470428K) : extblock_drw has 0 polygons
2026-08-11 13:42:42 +0200: Memory Usage (470428K) : nldd_drw has 0 polygons
2026-08-11 13:42:42 +0200: Memory Usage (470428K) : pldd_drw has 0 polygons
2026-08-11 13:42:42 +0200: Memory Usage (470428K) : next_drw has 0 polygons
2026-08-11 13:42:42 +0200: Memory Usage (470428K) : pext_drw has 0 polygons
2026-08-11 13:42:42 +0200: Memory Usage (470428K) : nexthv_drw has 0 polygons
2026-08-11 13:42:42 +0200: Memory Usage (470428K) : pexthv_drw has 0 polygons
2026-08-11 13:42:42 +0200: Memory Usage (470428K) : graphgate_drw has 0 polygons
2026-08-11 13:42:42 +0200: Memory Usage (470428K) : sinwg_drw has 0 polygons
2026-08-11 13:42:42 +0200: Memory Usage (470428K) : sinwg_filler has 0 polygons
2026-08-11 13:42:42 +0200: Memory Usage (470428K) : sinwg_nofill has 0 polygons
2026-08-11 13:42:42 +0200: Memory Usage (470428K) : mempad_drw has 0 polygons
2026-08-11 13:42:42 +0200: Memory Usage (470428K) : topvia1_drw has 2315 polygons
2026-08-11 13:42:42 +0200: Memory Usage (470428K) : topmetal1_drw has 8 polygons
2026-08-11 13:42:42 +0200: Memory Usage (470428K) : topmetal1_filler has 0 polygons
2026-08-11 13:42:42 +0200: Memory Usage (470428K) : topmetal1_slit has 0 polygons
2026-08-11 13:42:42 +0200: Memory Usage (470428K) : topmetal1 has 8 polygons
2026-08-11 13:42:42 +0200: Memory Usage (470428K) : topmetal1_pin has 8 polygons
2026-08-11 13:42:42 +0200: Memory Usage (470428K) : topmetal1_mask has 0 polygons
2026-08-11 13:42:42 +0200: Memory Usage (470428K) : topmetal1_nofill has 0 polygons
2026-08-11 13:42:42 +0200: Memory Usage (470428K) : topmetal1_text has 8 polygons
2026-08-11 13:42:42 +0200: Memory Usage (470428K) : topmetal1_noqrc has 0 polygons
2026-08-11 13:42:42 +0200: Memory Usage (470428K) : topmetal1_res has 0 polygons
2026-08-11 13:42:42 +0200: Memory Usage (470428K) : topmetal1_iprobe has 0 polygons
2026-08-11 13:42:42 +0200: Memory Usage (470428K) : topmetal1_diffprb has 0 polygons
2026-08-11 13:42:42 +0200: Memory Usage (470428K) : inldpwl_drw has 0 polygons
2026-08-11 13:42:42 +0200: Memory Usage (470428K) : polyres_drw has 0 polygons
2026-08-11 13:42:42 +0200: Memory Usage (470428K) : polyres_pin has 0 polygons
2026-08-11 13:42:42 +0200: Memory Usage (470428K) : vmim_drw has 0 polygons
2026-08-11 13:42:42 +0200: Memory Usage (470428K) : nbulaycut_drw has 0 polygons
2026-08-11 13:42:42 +0200: Memory Usage (470428K) : antmetal1_drw has 0 polygons
2026-08-11 13:42:42 +0200: Memory Usage (470428K) : topvia2_drw has 1593 polygons
2026-08-11 13:42:42 +0200: Memory Usage (470428K) : topmetal2_drw has 6 polygons
2026-08-11 13:42:42 +0200: Memory Usage (470428K) : topmetal2_filler has 0 polygons
2026-08-11 13:42:42 +0200: Memory Usage (470428K) : topmetal2_slit has 0 polygons
2026-08-11 13:42:42 +0200: Memory Usage (470428K) : topmetal2 has 6 polygons
2026-08-11 13:42:42 +0200: Memory Usage (470428K) : topmetal2_pin has 6 polygons
2026-08-11 13:42:42 +0200: Memory Usage (470428K) : topmetal2_mask has 0 polygons
2026-08-11 13:42:42 +0200: Memory Usage (470428K) : topmetal2_nofill has 0 polygons
2026-08-11 13:42:42 +0200: Memory Usage (470428K) : topmetal2_text has 6 polygons
2026-08-11 13:42:42 +0200: Memory Usage (470428K) : topmetal2_noqrc has 0 polygons
2026-08-11 13:42:42 +0200: Memory Usage (470428K) : topmetal2_res has 0 polygons
2026-08-11 13:42:42 +0200: Memory Usage (470428K) : topmetal2_iprobe has 0 polygons
2026-08-11 13:42:42 +0200: Memory Usage (470428K) : topmetal2_diffprb has 0 polygons
2026-08-11 13:42:42 +0200: Memory Usage (470428K) : snsring_drw has 0 polygons
2026-08-11 13:42:42 +0200: Memory Usage (470428K) : sensor_drw has 0 polygons
2026-08-11 13:42:42 +0200: Memory Usage (470428K) : snsarms_drw has 0 polygons
2026-08-11 13:42:42 +0200: Memory Usage (470428K) : snscmosvia_drw has 0 polygons
2026-08-11 13:42:42 +0200: Memory Usage (470428K) : colwind_drw has 0 polygons
2026-08-11 13:42:42 +0200: Memory Usage (470428K) : flm_drw has 0 polygons
2026-08-11 13:42:42 +0200: Memory Usage (470428K) : hafniumox_drw has 0 polygons
2026-08-11 13:42:42 +0200: Memory Usage (470428K) : memvia_drw has 0 polygons
2026-08-11 13:42:42 +0200: Memory Usage (470428K) : thinfilmres_drw has 0 polygons
2026-08-11 13:42:42 +0200: Memory Usage (470428K) : rfmem_drw has 0 polygons
2026-08-11 13:42:42 +0200: Memory Usage (470428K) : norcx_drw has 0 polygons
2026-08-11 13:42:42 +0200: Memory Usage (470428K) : norcx_m2m3 has 0 polygons
2026-08-11 13:42:42 +0200: Memory Usage (470428K) : norcx_m2m4 has 0 polygons
2026-08-11 13:42:42 +0200: Memory Usage (470428K) : norcx_m2m5 has 0 polygons
2026-08-11 13:42:42 +0200: Memory Usage (470428K) : norcx_m2tm1 has 0 polygons
2026-08-11 13:42:42 +0200: Memory Usage (470428K) : norcx_m2tm2 has 0 polygons
2026-08-11 13:42:42 +0200: Memory Usage (470428K) : norcx_m3m4 has 0 polygons
2026-08-11 13:42:42 +0200: Memory Usage (470428K) : norcx_m3m5 has 0 polygons
2026-08-11 13:42:42 +0200: Memory Usage (470428K) : norcx_m3tm1 has 0 polygons
2026-08-11 13:42:42 +0200: Memory Usage (470428K) : norcx_m3tm2 has 0 polygons
2026-08-11 13:42:42 +0200: Memory Usage (470428K) : norcx_m4m5 has 0 polygons
2026-08-11 13:42:42 +0200: Memory Usage (470428K) : norcx_m4tm1 has 0 polygons
2026-08-11 13:42:42 +0200: Memory Usage (470428K) : norcx_m4tm2 has 0 polygons
2026-08-11 13:42:42 +0200: Memory Usage (470428K) : norcx_m5tm1 has 0 polygons
2026-08-11 13:42:42 +0200: Memory Usage (470428K) : norcx_m5tm2 has 0 polygons
2026-08-11 13:42:42 +0200: Memory Usage (470428K) : norcx_tm1tm2 has 0 polygons
2026-08-11 13:42:42 +0200: Memory Usage (470428K) : norcx_m1sub has 0 polygons
2026-08-11 13:42:42 +0200: Memory Usage (470428K) : norcx_m2sub has 0 polygons
2026-08-11 13:42:42 +0200: Memory Usage (470428K) : norcx_m3sub has 0 polygons
2026-08-11 13:42:42 +0200: Memory Usage (470428K) : norcx_m4sub has 0 polygons
2026-08-11 13:42:42 +0200: Memory Usage (470428K) : norcx_m5sub has 0 polygons
2026-08-11 13:42:42 +0200: Memory Usage (470428K) : norcx_tm1sub has 0 polygons
2026-08-11 13:42:42 +0200: Memory Usage (470428K) : norcx_tm2sub has 0 polygons
2026-08-11 13:42:42 +0200: Memory Usage (470428K) : snsbotvia_drw has 0 polygons
2026-08-11 13:42:43 +0200: Memory Usage (470428K) : snstopvia_drw has 0 polygons
2026-08-11 13:42:43 +0200: Memory Usage (470556K) : deepvia_drw has 0 polygons
2026-08-11 13:42:43 +0200: Memory Usage (470684K) : fgetch_drw has 0 polygons
2026-08-11 13:42:43 +0200: Memory Usage (470684K) : ctrgat_drw has 0 polygons
2026-08-11 13:42:43 +0200: Memory Usage (470812K) : fgimp_drw has 0 polygons
2026-08-11 13:42:43 +0200: Memory Usage (470812K) : emwihv_drw has 0 polygons
2026-08-11 13:42:43 +0200: Memory Usage (470940K) : lbe_drw has 0 polygons
2026-08-11 13:42:43 +0200: Memory Usage (470940K) : alcustop_drw has 0 polygons
2026-08-11 13:42:43 +0200: Memory Usage (471068K) : nometfiller_drw has 0 polygons
2026-08-11 13:42:43 +0200: Memory Usage (471068K) : prboundary_drw has 0 polygons
2026-08-11 13:42:43 +0200: Memory Usage (471196K) : exchange0_drw has 0 polygons
2026-08-11 13:42:43 +0200: Memory Usage (471196K) : exchange0_pin has 0 polygons
2026-08-11 13:42:43 +0200: Memory Usage (471324K) : exchange0_text has 0 polygons
2026-08-11 13:42:43 +0200: Memory Usage (471324K) : exchange1_drw has 0 polygons
2026-08-11 13:42:43 +0200: Memory Usage (471452K) : exchange1_pin has 0 polygons
2026-08-11 13:42:43 +0200: Memory Usage (471452K) : exchange1_text has 0 polygons
2026-08-11 13:42:43 +0200: Memory Usage (471580K) : exchange2_drw has 0 polygons
2026-08-11 13:42:43 +0200: Memory Usage (471580K) : exchange2_pin has 0 polygons
2026-08-11 13:42:43 +0200: Memory Usage (471708K) : exchange2_text has 0 polygons
2026-08-11 13:42:43 +0200: Memory Usage (471708K) : exchange3_drw has 0 polygons
2026-08-11 13:42:43 +0200: Memory Usage (471836K) : exchange3_pin has 0 polygons
2026-08-11 13:42:43 +0200: Memory Usage (471964K) : exchange3_text has 0 polygons
2026-08-11 13:42:43 +0200: Memory Usage (471964K) : exchange4_drw has 0 polygons
2026-08-11 13:42:43 +0200: Memory Usage (471964K) : exchange4_pin has 0 polygons
2026-08-11 13:42:43 +0200: Memory Usage (472092K) : exchange4_text has 0 polygons
2026-08-11 13:42:43 +0200: Memory Usage (472220K) : isonwell_drw has 0 polygons
2026-08-11 13:42:43 +0200: Memory Usage (472220K) : Total no. of polygons in the design is 59283
2026-08-11 13:42:43 +0200: Memory Usage (472220K) : Starting base layers derivations
2026-08-11 13:42:43 +0200: Memory Usage (472220K) : Starting general LVS derivations
2026-08-11 13:42:43 +0200: Memory Usage (480540K) : Starting MOSFET DERIVATIONS
2026-08-11 13:42:43 +0200: Memory Usage (483612K) : Starting NMOS DERIVATIONS
2026-08-11 13:42:43 +0200: Memory Usage (483612K) : Starting PMOS DERIVATIONS
2026-08-11 13:42:43 +0200: Memory Usage (483612K) : Starting RF-MOSFET DERIVATIONS
2026-08-11 13:42:43 +0200: Memory Usage (483612K) : Starting RF-NMOS DERIVATIONS
2026-08-11 13:42:43 +0200: Memory Usage (483612K) : Starting RF-PMOS DERIVATIONS
2026-08-11 13:42:43 +0200: Memory Usage (483612K) : Starting BJT DERIVATIONS
2026-08-11 13:42:43 +0200: Memory Usage (483612K) : Starting NPN-BJT DERIVATIONS
2026-08-11 13:42:43 +0200: Memory Usage (483612K) : Starting PNP-BJT DERIVATIONS
2026-08-11 13:42:43 +0200: Memory Usage (483612K) : Starting DIODE DERIVATIONS
2026-08-11 13:42:44 +0200: Memory Usage (482964K) : Starting RESISTOR DERIVATIONS
2026-08-11 13:42:44 +0200: Memory Usage (482964K) : Starting CAP DERIVATIONS
2026-08-11 13:42:44 +0200: Memory Usage (483092K) : Starting CAP_CMOM DERIVATIONS
2026-08-11 13:42:44 +0200: Memory Usage (483092K) : Starting ESD DERIVATIONS
2026-08-11 13:42:44 +0200: Memory Usage (483092K) : Starting Inductor DERIVATIONS
2026-08-11 13:42:45 +0200: Memory Usage (483092K) : Starting Taps DERIVATIONS
2026-08-11 13:42:45 +0200: Memory Usage (483604K) : Starting SG13G2 LVS connectivity setup
2026-08-11 13:42:45 +0200: Memory Usage (483604K) : Starting SG13G2 LVS connectivity setup (Inter-layer)
2026-08-11 13:42:45 +0200: Memory Usage (483732K) : Starting SG13G2 LVS connectivity setup (Global)
2026-08-11 13:42:45 +0200: Memory Usage (483732K) : Starting LVS MOSFET CONNECTIONS
2026-08-11 13:42:45 +0200: Memory Usage (483732K) : Starting LVS RF-MOSFET CONNECTIONS
2026-08-11 13:42:45 +0200: Memory Usage (483732K) : Starting LVS BJT CONNECTIONS
2026-08-11 13:42:45 +0200: Memory Usage (483732K) : Starting LVS DIODE CONNECTIONS
2026-08-11 13:42:45 +0200: Memory Usage (483732K) : Starting RESISTOR CONNECTIONS
2026-08-11 13:42:45 +0200: Memory Usage (483732K) : Starting LVS CAP CONNECTIONS
2026-08-11 13:42:45 +0200: Memory Usage (483732K) : Starting CAP_CMOM CONNECTIONS
2026-08-11 13:42:45 +0200: Memory Usage (483732K) : Starting ESD CONNECTIONS
2026-08-11 13:42:45 +0200: Memory Usage (483732K) : Starting Inductor CONNECTIONS
2026-08-11 13:42:45 +0200: Memory Usage (483732K) : Starting LVS Taps CONNECTIONS
2026-08-11 13:42:45 +0200: Memory Usage (483732K) : Starting SG13G2 LVS DEVICES EXTRACTION
2026-08-11 13:42:45 +0200: Memory Usage (483732K) : Starting MOSFET EXTRACTION
2026-08-11 13:42:45 +0200: Memory Usage (483732K) : Starting NMOS EXTRACTION
2026-08-11 13:42:45 +0200: Memory Usage (483732K) : Extraction of NMOS-LV transistor
2026-08-11 13:42:45 +0200: Memory Usage (483988K) : Extraction of NMOS-HV transistor
2026-08-11 13:42:45 +0200: Memory Usage (483988K) : Starting PMOS EXTRACTION
2026-08-11 13:42:45 +0200: Memory Usage (483988K) : Extraction of PMOS-LV transistor
2026-08-11 13:42:45 +0200: Memory Usage (483988K) : Extraction of PMOS-HV transistor
2026-08-11 13:42:45 +0200: Memory Usage (483988K) : Starting RF-MOSFET EXTRACTION
2026-08-11 13:42:45 +0200: Memory Usage (483988K) : Extraction of RF-NMOS-LV transistor
2026-08-11 13:42:45 +0200: Memory Usage (483988K) : Extraction of RF-NMOS-HV transistor
2026-08-11 13:42:45 +0200: Memory Usage (483988K) : Extraction of RF-PMOS-LV transistor
2026-08-11 13:42:45 +0200: Memory Usage (483988K) : Extraction of RF-PMOS-HV transistor
2026-08-11 13:42:45 +0200: Memory Usage (483988K) : Starting BJT EXTRACTION
2026-08-11 13:42:45 +0200: Memory Usage (483988K) : Starting NPN-BJT EXTRACTION
2026-08-11 13:42:45 +0200: Memory Usage (483988K) : Extraction of npn13G2 BJT transistor
2026-08-11 13:42:45 +0200: Memory Usage (483988K) : Extraction of npn13G2L BJT transistor
2026-08-11 13:42:45 +0200: Memory Usage (483988K) : Extraction of npn13G2V BJT transistor
2026-08-11 13:42:45 +0200: Memory Usage (483988K) : Starting PNP-BJT EXTRACTION
2026-08-11 13:42:45 +0200: Memory Usage (483988K) : Extracting pnpMPA BJT
2026-08-11 13:42:45 +0200: Memory Usage (483988K) : Starting DIODE EXTRACTION
2026-08-11 13:42:45 +0200: Memory Usage (483988K) : Extracting dantenna diode
2026-08-11 13:42:45 +0200: Memory Usage (483988K) : Extracting dpantenna diode
2026-08-11 13:42:45 +0200: Memory Usage (483988K) : Extracting schottky_nbl1 diode
2026-08-11 13:42:45 +0200: Memory Usage (483988K) : Extracting isolbox diode
2026-08-11 13:42:45 +0200: Memory Usage (483988K) : Starting RESISTOR EXTRACTION
2026-08-11 13:42:45 +0200: Memory Usage (483988K) : Extracting rsil resistor
2026-08-11 13:42:45 +0200: Memory Usage (483988K) : Extracting rppd resistor
2026-08-11 13:42:45 +0200: Memory Usage (483988K) : Extracting rhigh resistor
2026-08-11 13:42:45 +0200: Memory Usage (483988K) : Extracting res_metal1 resistor
2026-08-11 13:42:45 +0200: Memory Usage (483988K) : Extracting res_metal2 resistor
2026-08-11 13:42:45 +0200: Memory Usage (483988K) : Extracting res_metal3 resistor
2026-08-11 13:42:45 +0200: Memory Usage (483988K) : Extracting res_metal4 resistor
2026-08-11 13:42:45 +0200: Memory Usage (483988K) : Extracting res_metal5 resistor
2026-08-11 13:42:45 +0200: Memory Usage (483988K) : Extracting res_topmetal1 resistor
2026-08-11 13:42:45 +0200: Memory Usage (483988K) : Extracting res_topmetal2 resistor
2026-08-11 13:42:45 +0200: Memory Usage (483988K) : Starting CAP EXTRACTION
2026-08-11 13:42:45 +0200: Memory Usage (483988K) : Extracting cap_cmim device
2026-08-11 13:42:45 +0200: Memory Usage (483988K) : Extracting rfcmim device
2026-08-11 13:42:45 +0200: Memory Usage (483988K) : Extracting sg13_hv_svaricap varactor
2026-08-11 13:42:45 +0200: Memory Usage (483988K) : Extracting cap_cmomi device
2026-08-11 13:42:45 +0200: Memory Usage (483988K) : Extracting sg13_moscap_n capacitor
2026-08-11 13:42:45 +0200: Memory Usage (483988K) : Extracting sg13_moscap_p capacitor
2026-08-11 13:42:45 +0200: Memory Usage (483988K) : Starting ESD EXTRACTION
2026-08-11 13:42:45 +0200: Memory Usage (483988K) : Extracting diodevdd_2kv ESD device
2026-08-11 13:42:45 +0200: Memory Usage (483988K) : Extracting diodevdd_4kv ESD device
2026-08-11 13:42:45 +0200: Memory Usage (483988K) : Extracting diodevss_2kv ESD device
2026-08-11 13:42:45 +0200: Memory Usage (483988K) : Extracting diodevss_4kv ESD device
2026-08-11 13:42:45 +0200: Memory Usage (483988K) : Extracting idiodevdd_2kv ESD device
2026-08-11 13:42:45 +0200: Memory Usage (483988K) : Extracting idiodevdd_4kv ESD device
2026-08-11 13:42:45 +0200: Memory Usage (483988K) : Extracting idiodevss_2kv ESD device
2026-08-11 13:42:45 +0200: Memory Usage (483988K) : Extracting idiodevss_4kv ESD device
2026-08-11 13:42:45 +0200: Memory Usage (483988K) : Extracting nmoscl_2 ESD device
2026-08-11 13:42:45 +0200: Memory Usage (483988K) : Extracting nmoscl_4 ESD device
2026-08-11 13:42:45 +0200: Memory Usage (483988K) : Starting Inductor EXTRACTION
2026-08-11 13:42:45 +0200: Memory Usage (483988K) : Extracting Inductor2 device
2026-08-11 13:42:45 +0200: Memory Usage (483988K) : Extracting Inductor3 device
2026-08-11 13:42:45 +0200: Memory Usage (483988K) : Starting Taps EXTRACTION
2026-08-11 13:42:45 +0200: Memory Usage (483988K) : Extracting ntap1 device
2026-08-11 13:42:45 +0200: Memory Usage (483988K) : Extracting ptap1 device
2026-08-11 13:42:45 +0200: Memory Usage (483988K) : Starting SG13G2 LVS RF MOS Model Mapping
2026-08-11 13:42:45 +0200: Memory Usage (487060K) : [layout_netlist] Apply RF MOS model mapping and rfmode parameter.
2026-08-11 13:42:45 +0200: Memory Usage (487060K) : Starting SG13G2 LVS Options Preparations
2026-08-11 13:42:45 +0200: Memory Usage (487060K) : SG13G2 LVS flow: extraction -> alignment -> option preparation -> comparison.
2026-08-11 13:42:45 +0200: Memory Usage (487060K) : Starting SG13G2 LVS Alignment
2026-08-11 13:42:45 +0200: Memory Usage (487188K) : Starting SG13G2 LVS Simplification
2026-08-11 13:42:45 +0200: Memory Usage (487188K) : [layout_netlist] simplify: ENABLED
2026-08-11 13:42:45 +0200: Memory Usage (487188K) : [layout_netlist] make_top_level_pins: SKIPPED
2026-08-11 13:42:45 +0200: Memory Usage (487188K) : [layout_netlist] combine_devices: ENABLED
2026-08-11 13:42:45 +0200: Memory Usage (487188K) : [layout_netlist] purge: SKIPPED
2026-08-11 13:42:45 +0200: Memory Usage (487188K) : [layout_netlist] purge_nets: SKIPPED
2026-08-11 13:42:45 +0200: Memory Usage (487188K) : [schematic_netlist] simplify: ENABLED
2026-08-11 13:42:45 +0200: Memory Usage (487188K) : [schematic_netlist] make_top_level_pins: SKIPPED
2026-08-11 13:42:45 +0200: Memory Usage (487188K) : [schematic_netlist] combine_devices: ENABLED
2026-08-11 13:42:45 +0200: Memory Usage (487188K) : [schematic_netlist] purge: SKIPPED
2026-08-11 13:42:45 +0200: Memory Usage (487188K) : [schematic_netlist] purge_nets: SKIPPED
2026-08-11 13:42:45 +0200: Memory Usage (487188K) : Starting SG13G2 LVS Comparison
2026-08-11 13:42:45 +0200: Memory Usage (487316K) : xxxxxxxxxxxxxxxxxxxxxxxxxxxxxxxxxxxxxxxxxx
2026-08-11 13:42:45 +0200: Memory Usage (487316K) : ERROR : Netlists don't match
2026-08-11 13:42:45 +0200: Memory Usage (487316K) : xxxxxxxxxxxxxxxxxxxxxxxxxxxxxxxxxxxxxxxxxx
2026-08-11 13:42:45 +0200: Memory Usage (487316K) : LVS Total Run time 3.732253 seconds
11-Aug-2026 13:42:46 | INFO    | ==============================================================================
11-Aug-2026 13:42:46 | INFO    | Important Summary
11-Aug-2026 13:42:46 | INFO    | +------------------+--------------------------------------------------------------------------------------------+
11-Aug-2026 13:42:46 | INFO    | | Status           | FAIL                                                                                       |
11-Aug-2026 13:42:46 | INFO    | | Mode             | COMPARE                                                                                    |
11-Aug-2026 13:42:46 | INFO    | | Outcome          | Comparison mode: FAIL (netlists do not match).                                             |
11-Aug-2026 13:42:46 | INFO    | | Layout           | sg13g2_IOPadOut30mA.gds                                                                    |
11-Aug-2026 13:42:46 | INFO    | | Top Cell         | sg13g2_IOPadOut30mA                                                                        |
11-Aug-2026 13:42:46 | INFO    | | Results Dir      | /foss/designs/ihp-open-pdk-regression/IOPADS/lvs_sweep/20260811_134120/sg13g2_IOPadOut30mA |
11-Aug-2026 13:42:46 | INFO    | | Warnings         | 0                                                                                          |
11-Aug-2026 13:42:46 | INFO    | | Errors           | 1                                                                                          |
11-Aug-2026 13:42:46 | INFO    | | Run Time (s)     | 6.958                                                                                      |
11-Aug-2026 13:42:46 | INFO    | +------------------+--------------------------------------------------------------------------------------------+
11-Aug-2026 13:42:46 | ERROR   | Key errors:
11-Aug-2026 13:42:46 | ERROR   |   - 2026-08-11 13:42:45 +0200: Memory Usage (487316K) : ERROR : Netlists don't match
11-Aug-2026 13:42:46 | INFO    | ==============================================================================
