# Logfile created on 2026-08-10 17:34:36 +0200 by logger.rb/v1.5.3
2026-08-10 17:34:36 +0200: Memory Usage (455420K) : Starting running SG13G2 Klayout LVS runset on /foss/designs/ihp-open-pdk-regression/IOPADS/layout/sg13g2_IOPadIn.gds
2026-08-10 17:34:36 +0200: Memory Usage (455420K) : Ruby Version for klayout: 3.2.3
2026-08-10 17:34:36 +0200: Memory Usage (457980K) : Loading database to memory is complete.
2026-08-10 17:34:36 +0200: Memory Usage (457980K) : SG13G2 Klayout LVS runset output at: /foss/designs/ihp-open-pdk-regression/IOPADS/lvs_sweep/20260810_173421/sg13g2_IOPadIn/sg13g2_IOPadIn.lvsdb
2026-08-10 17:34:36 +0200: Memory Usage (457980K) : Evaluate switches.
2026-08-10 17:34:36 +0200: Memory Usage (457980K) : Extracted netlist with net names: true
2026-08-10 17:34:36 +0200: Memory Usage (457980K) : Extracted netlist with comments in details: false
2026-08-10 17:34:36 +0200: Memory Usage (457980K) : Selected NET_ONLY option: false
2026-08-10 17:34:36 +0200: Memory Usage (457980K) : Selected LAYOUT_NETLIST option: (none)
2026-08-10 17:34:36 +0200: Memory Usage (457980K) : Selected IGNORE_TOP_PORTS_MISMATCH option: true
2026-08-10 17:34:36 +0200: Memory Usage (457980K) : Selected IMPLICIT_NETS option: iovss,iovdd,vss,vdd,pad,cathode,anode
2026-08-10 17:34:36 +0200: Memory Usage (457980K) : Selected TOP_LVL_PINS option: false
2026-08-10 17:34:36 +0200: Memory Usage (457980K) : Selected COMBINE DEVICES option: true
2026-08-10 17:34:36 +0200: Memory Usage (457980K) : Selected PURGE option: false
2026-08-10 17:34:36 +0200: Memory Usage (457980K) : Selected PURGE_NETS option: false
2026-08-10 17:34:36 +0200: Memory Usage (458108K) : Selected SIMPLIFY option: true
2026-08-10 17:34:36 +0200: Memory Usage (458108K) : Selected SERIES_RES option: true
2026-08-10 17:34:36 +0200: Memory Usage (458108K) : Selected PARALLEL_RES option: true
2026-08-10 17:34:36 +0200: Memory Usage (458108K) : Selected DISABLE_TAP_EXTRACTION option: false
2026-08-10 17:34:36 +0200: Memory Usage (458108K) : deep  mode is enabled.
2026-08-10 17:34:36 +0200: Memory Usage (458108K) : Applying implicit connections (case-sensitive, pattern supported) for nets: iovss, iovdd, vss, vdd, pad, cathode, anode
2026-08-10 17:34:36 +0200: Memory Usage (459388K) : Netlist file: /foss/designs/ihp-open-pdk-regression/IOPADS/netlist/pads_sub/sg13g2_IOPadIn.spi
2026-08-10 17:34:36 +0200: Memory Usage (459388K) : LVS extracted netlist at: /foss/designs/ihp-open-pdk-regression/IOPADS/lvs_sweep/20260810_173421/sg13g2_IOPadIn/sg13g2_IOPadIn_extracted.cir
2026-08-10 17:34:36 +0200: Memory Usage (459388K) : Applying SRAM integration support.
2026-08-10 17:34:36 +0200: Memory Usage (459388K) : Starting SG13G2 LVS runset
2026-08-10 17:34:36 +0200: Memory Usage (459388K) : Read in polygons from layers.
2026-08-10 17:34:36 +0200: Memory Usage (460668K) : activ_drw has 36 polygons
2026-08-10 17:34:36 +0200: Memory Usage (460668K) : activ_filler has 0 polygons
2026-08-10 17:34:36 +0200: Memory Usage (460668K) : activ has 36 polygons
2026-08-10 17:34:36 +0200: Memory Usage (460668K) : activ_pin has 0 polygons
2026-08-10 17:34:36 +0200: Memory Usage (460668K) : activ_mask has 0 polygons
2026-08-10 17:34:36 +0200: Memory Usage (460668K) : activ_nofill has 0 polygons
2026-08-10 17:34:36 +0200: Memory Usage (460668K) : activ_OPC has 0 polygons
2026-08-10 17:34:36 +0200: Memory Usage (460668K) : activ_iOPC has 0 polygons
2026-08-10 17:34:36 +0200: Memory Usage (460668K) : activ_noqrc has 0 polygons
2026-08-10 17:34:36 +0200: Memory Usage (460796K) : biwind_drw has 0 polygons
2026-08-10 17:34:36 +0200: Memory Usage (460796K) : biwind_OPC has 0 polygons
2026-08-10 17:34:36 +0200: Memory Usage (460924K) : gatpoly_drw has 8 polygons
2026-08-10 17:34:36 +0200: Memory Usage (461052K) : gatpoly_filler has 0 polygons
2026-08-10 17:34:36 +0200: Memory Usage (461308K) : gatpoly has 8 polygons
2026-08-10 17:34:36 +0200: Memory Usage (461308K) : gatpoly_pin has 6 polygons
2026-08-10 17:34:36 +0200: Memory Usage (461436K) : gatpoly_nofill has 0 polygons
2026-08-10 17:34:36 +0200: Memory Usage (461436K) : gatpoly_OPC has 0 polygons
2026-08-10 17:34:36 +0200: Memory Usage (461436K) : gatpoly_iOPC has 0 polygons
2026-08-10 17:34:36 +0200: Memory Usage (461436K) : gatpoly_noqrc has 0 polygons
2026-08-10 17:34:36 +0200: Memory Usage (464252K) : cont_drw has 73863 polygons
2026-08-10 17:34:36 +0200: Memory Usage (464252K) : cont_OPC has 0 polygons
2026-08-10 17:34:36 +0200: Memory Usage (464252K) : nsd_drw has 0 polygons
2026-08-10 17:34:36 +0200: Memory Usage (464252K) : nsd_block has 0 polygons
2026-08-10 17:34:36 +0200: Memory Usage (464252K) : metal1_drw has 81 polygons
2026-08-10 17:34:36 +0200: Memory Usage (464252K) : metal1_filler has 0 polygons
2026-08-10 17:34:36 +0200: Memory Usage (464252K) : metal1_slit has 0 polygons
2026-08-10 17:34:36 +0200: Memory Usage (464380K) : metal1 has 81 polygons
2026-08-10 17:34:36 +0200: Memory Usage (464380K) : metal1_pin has 29 polygons
2026-08-10 17:34:36 +0200: Memory Usage (464380K) : metal1_mask has 0 polygons
2026-08-10 17:34:36 +0200: Memory Usage (464508K) : metal1_nofill has 0 polygons
2026-08-10 17:34:36 +0200: Memory Usage (464764K) : metal1_text has 19 polygons
2026-08-10 17:34:36 +0200: Memory Usage (464764K) : metal1_OPC has 0 polygons
2026-08-10 17:34:36 +0200: Memory Usage (464764K) : metal1_noqrc has 0 polygons
2026-08-10 17:34:36 +0200: Memory Usage (464764K) : metal1_res has 0 polygons
2026-08-10 17:34:36 +0200: Memory Usage (464764K) : metal1_iprobe has 0 polygons
2026-08-10 17:34:36 +0200: Memory Usage (464764K) : metal1_diffprb has 0 polygons
2026-08-10 17:34:36 +0200: Memory Usage (464764K) : passiv_drw has 0 polygons
2026-08-10 17:34:36 +0200: Memory Usage (464764K) : passiv_pin has 0 polygons
2026-08-10 17:34:36 +0200: Memory Usage (464764K) : passiv_sbump has 0 polygons
2026-08-10 17:34:36 +0200: Memory Usage (464764K) : passiv_pillar has 0 polygons
2026-08-10 17:34:36 +0200: Memory Usage (464764K) : passiv_pdl has 0 polygons
2026-08-10 17:34:36 +0200: Memory Usage (465276K) : metal2_drw has 33 polygons
2026-08-10 17:34:36 +0200: Memory Usage (465276K) : metal2_filler has 0 polygons
2026-08-10 17:34:36 +0200: Memory Usage (465276K) : metal2_slit has 0 polygons
2026-08-10 17:34:36 +0200: Memory Usage (465276K) : metal2 has 33 polygons
2026-08-10 17:34:36 +0200: Memory Usage (465276K) : metal2_pin has 7 polygons
2026-08-10 17:34:36 +0200: Memory Usage (465276K) : metal2_mask has 0 polygons
2026-08-10 17:34:36 +0200: Memory Usage (465276K) : metal2_nofill has 0 polygons
2026-08-10 17:34:36 +0200: Memory Usage (465276K) : metal2_text has 7 polygons
2026-08-10 17:34:36 +0200: Memory Usage (465404K) : metal2_OPC has 0 polygons
2026-08-10 17:34:36 +0200: Memory Usage (465404K) : metal2_noqrc has 0 polygons
2026-08-10 17:34:36 +0200: Memory Usage (465532K) : metal2_res has 0 polygons
2026-08-10 17:34:36 +0200: Memory Usage (465532K) : metal2_iprobe has 0 polygons
2026-08-10 17:34:36 +0200: Memory Usage (465660K) : metal2_diffprb has 0 polygons
2026-08-10 17:34:36 +0200: Memory Usage (465788K) : baspoly_drw has 0 polygons
2026-08-10 17:34:36 +0200: Memory Usage (465788K) : baspoly_pin has 0 polygons
2026-08-10 17:34:36 +0200: Memory Usage (465916K) : psd_drw has 19 polygons
2026-08-10 17:34:36 +0200: Memory Usage (466044K) : nldb_drw has 0 polygons
2026-08-10 17:34:36 +0200: Memory Usage (466172K) : digibnd_drw has 0 polygons
2026-08-10 17:34:36 +0200: Memory Usage (466172K) : via1_drw has 2259 polygons
2026-08-10 17:34:36 +0200: Memory Usage (466300K) : backmetal1_drw has 0 polygons
2026-08-10 17:34:36 +0200: Memory Usage (466428K) : backmetal1_pin has 0 polygons
2026-08-10 17:34:36 +0200: Memory Usage (466428K) : backmetal1_mask has 0 polygons
2026-08-10 17:34:36 +0200: Memory Usage (466556K) : backmetal1_filler has 0 polygons
2026-08-10 17:34:36 +0200: Memory Usage (466556K) : backmetal1_nofill has 0 polygons
2026-08-10 17:34:36 +0200: Memory Usage (466684K) : backmetal1_slit has 0 polygons
2026-08-10 17:34:36 +0200: Memory Usage (466684K) : backmetal1_text has 0 polygons
2026-08-10 17:34:36 +0200: Memory Usage (466812K) : backmetal1_OPC has 0 polygons
2026-08-10 17:34:36 +0200: Memory Usage (466812K) : backmetal1_noqrc has 0 polygons
2026-08-10 17:34:36 +0200: Memory Usage (466940K) : backmetal1_res has 0 polygons
2026-08-10 17:34:36 +0200: Memory Usage (466940K) : backmetal1_iprobe has 0 polygons
2026-08-10 17:34:36 +0200: Memory Usage (466940K) : backmetal1_diffprb has 0 polygons
2026-08-10 17:34:36 +0200: Memory Usage (467068K) : backpassiv_drw has 0 polygons
2026-08-10 17:34:36 +0200: Memory Usage (467068K) : res_drw has 0 polygons
2026-08-10 17:34:36 +0200: Memory Usage (467068K) : sram_drw has 0 polygons
2026-08-10 17:34:36 +0200: Memory Usage (467196K) : trans_drw has 0 polygons
2026-08-10 17:34:36 +0200: Memory Usage (467196K) : ind_drw has 0 polygons
2026-08-10 17:34:36 +0200: Memory Usage (467196K) : ind_pin has 0 polygons
2026-08-10 17:34:36 +0200: Memory Usage (467324K) : ind_text has 0 polygons
2026-08-10 17:34:36 +0200: Memory Usage (467324K) : salblock_drw has 1 polygons
2026-08-10 17:34:36 +0200: Memory Usage (467324K) : via2_drw has 2291 polygons
2026-08-10 17:34:36 +0200: Memory Usage (467452K) : metal3_drw has 13 polygons
2026-08-10 17:34:36 +0200: Memory Usage (467452K) : metal3_filler has 0 polygons
2026-08-10 17:34:36 +0200: Memory Usage (467580K) : metal3_slit has 0 polygons
2026-08-10 17:34:36 +0200: Memory Usage (467708K) : metal3 has 13 polygons
2026-08-10 17:34:36 +0200: Memory Usage (467708K) : metal3_pin has 9 polygons
2026-08-10 17:34:36 +0200: Memory Usage (467836K) : metal3_mask has 0 polygons
2026-08-10 17:34:36 +0200: Memory Usage (467836K) : metal3_nofill has 0 polygons
2026-08-10 17:34:36 +0200: Memory Usage (467964K) : metal3_text has 9 polygons
2026-08-10 17:34:36 +0200: Memory Usage (467964K) : metal3_OPC has 0 polygons
2026-08-10 17:34:36 +0200: Memory Usage (468092K) : metal3_noqrc has 0 polygons
2026-08-10 17:34:36 +0200: Memory Usage (468092K) : metal3_res has 0 polygons
2026-08-10 17:34:36 +0200: Memory Usage (468092K) : metal3_iprobe has 0 polygons
2026-08-10 17:34:36 +0200: Memory Usage (468092K) : metal3_diffprb has 0 polygons
2026-08-10 17:34:36 +0200: Memory Usage (468092K) : nwell_drw has 12 polygons
2026-08-10 17:34:36 +0200: Memory Usage (468092K) : nwell_pin has 0 polygons
2026-08-10 17:34:36 +0200: Memory Usage (468092K) : nwell_text has 0 polygons
2026-08-10 17:34:36 +0200: Memory Usage (468092K) : nbulay_drw has 0 polygons
2026-08-10 17:34:36 +0200: Memory Usage (468092K) : nbulay_pin has 0 polygons
2026-08-10 17:34:36 +0200: Memory Usage (468092K) : nbulay_block has 0 polygons
2026-08-10 17:34:36 +0200: Memory Usage (468092K) : emwind_drw has 0 polygons
2026-08-10 17:34:36 +0200: Memory Usage (468092K) : emwind_OPC has 0 polygons
2026-08-10 17:34:36 +0200: Memory Usage (468092K) : deepco_drw has 0 polygons
2026-08-10 17:34:36 +0200: Memory Usage (468092K) : mim_drw has 0 polygons
2026-08-10 17:34:36 +0200: Memory Usage (468092K) : edgeseal_drw has 0 polygons
2026-08-10 17:34:36 +0200: Memory Usage (468092K) : substrate_drw has 16 polygons
2026-08-10 17:34:36 +0200: Memory Usage (468092K) : substrate_text has 0 polygons
2026-08-10 17:34:36 +0200: Memory Usage (468092K) : dfpad_drw has 0 polygons
2026-08-10 17:34:36 +0200: Memory Usage (468092K) : dfpad_pillar has 0 polygons
2026-08-10 17:34:36 +0200: Memory Usage (468092K) : dfpad_sbump has 0 polygons
2026-08-10 17:34:36 +0200: Memory Usage (468092K) : thickgateox_drw has 4 polygons
2026-08-10 17:34:36 +0200: Memory Usage (468092K) : pldb_drw has 0 polygons
2026-08-10 17:34:36 +0200: Memory Usage (468092K) : pwell_drw has 0 polygons
2026-08-10 17:34:36 +0200: Memory Usage (468092K) : pwell_pin has 0 polygons
2026-08-10 17:34:36 +0200: Memory Usage (468092K) : pwell_block has 0 polygons
2026-08-10 17:34:36 +0200: Memory Usage (468092K) : ic_drw has 0 polygons
2026-08-10 17:34:36 +0200: Memory Usage (468092K) : via3_drw has 2087 polygons
2026-08-10 17:34:36 +0200: Memory Usage (468092K) : metal4_drw has 8 polygons
2026-08-10 17:34:36 +0200: Memory Usage (468092K) : metal4_filler has 0 polygons
2026-08-10 17:34:36 +0200: Memory Usage (468092K) : metal4_slit has 0 polygons
2026-08-10 17:34:36 +0200: Memory Usage (468092K) : metal4 has 8 polygons
2026-08-10 17:34:36 +0200: Memory Usage (468092K) : metal4_pin has 8 polygons
2026-08-10 17:34:36 +0200: Memory Usage (468092K) : metal4_mask has 0 polygons
2026-08-10 17:34:36 +0200: Memory Usage (468092K) : metal4_nofill has 0 polygons
2026-08-10 17:34:36 +0200: Memory Usage (468092K) : metal4_text has 8 polygons
2026-08-10 17:34:36 +0200: Memory Usage (468092K) : metal4_OPC has 0 polygons
2026-08-10 17:34:36 +0200: Memory Usage (468092K) : metal4_noqrc has 0 polygons
2026-08-10 17:34:36 +0200: Memory Usage (468092K) : metal4_res has 0 polygons
2026-08-10 17:34:36 +0200: Memory Usage (468092K) : metal4_iprobe has 0 polygons
2026-08-10 17:34:36 +0200: Memory Usage (468092K) : metal4_diffprb has 0 polygons
2026-08-10 17:34:36 +0200: Memory Usage (468092K) : heattrans_drw has 6 polygons
2026-08-10 17:34:36 +0200: Memory Usage (468092K) : heatres_drw has 0 polygons
2026-08-10 17:34:36 +0200: Memory Usage (468092K) : fbe_drw has 0 polygons
2026-08-10 17:34:36 +0200: Memory Usage (468092K) : empoly_drw has 0 polygons
2026-08-10 17:34:36 +0200: Memory Usage (468092K) : digisub_drw has 0 polygons
2026-08-10 17:34:36 +0200: Memory Usage (468092K) : text_drw has 19 polygons
2026-08-10 17:34:36 +0200: Memory Usage (468092K) : via4_drw has 2371 polygons
2026-08-10 17:34:36 +0200: Memory Usage (468092K) : metal5_drw has 8 polygons
2026-08-10 17:34:36 +0200: Memory Usage (468092K) : metal5_filler has 0 polygons
2026-08-10 17:34:36 +0200: Memory Usage (468092K) : metal5_slit has 0 polygons
2026-08-10 17:34:36 +0200: Memory Usage (468092K) : metal5 has 8 polygons
2026-08-10 17:34:36 +0200: Memory Usage (468092K) : metal5_pin has 8 polygons
2026-08-10 17:34:36 +0200: Memory Usage (468092K) : metal5_mask has 0 polygons
2026-08-10 17:34:36 +0200: Memory Usage (468092K) : metal5_nofill has 0 polygons
2026-08-10 17:34:36 +0200: Memory Usage (468092K) : metal5_text has 8 polygons
2026-08-10 17:34:36 +0200: Memory Usage (468092K) : metal5_OPC has 0 polygons
2026-08-10 17:34:36 +0200: Memory Usage (468092K) : metal5_noqrc has 0 polygons
2026-08-10 17:34:36 +0200: Memory Usage (468092K) : metal5_res has 0 polygons
2026-08-10 17:34:36 +0200: Memory Usage (468092K) : metal5_iprobe has 0 polygons
2026-08-10 17:34:36 +0200: Memory Usage (468092K) : metal5_diffprb has 0 polygons
2026-08-10 17:34:36 +0200: Memory Usage (468092K) : radhard_drw has 0 polygons
2026-08-10 17:34:36 +0200: Memory Usage (468092K) : memcap_drw has 0 polygons
2026-08-10 17:34:36 +0200: Memory Usage (468092K) : varicap_drw has 0 polygons
2026-08-10 17:34:37 +0200: Memory Usage (468092K) : intbondvia_drw has 0 polygons
2026-08-10 17:34:37 +0200: Memory Usage (468092K) : intbondmet_drw has 0 polygons
2026-08-10 17:34:37 +0200: Memory Usage (468092K) : devbondvia_drw has 0 polygons
2026-08-10 17:34:37 +0200: Memory Usage (468092K) : devbondmet_drw has 0 polygons
2026-08-10 17:34:37 +0200: Memory Usage (468092K) : devtrench_drw has 0 polygons
2026-08-10 17:34:37 +0200: Memory Usage (468092K) : redist_drw has 0 polygons
2026-08-10 17:34:37 +0200: Memory Usage (468092K) : graphbot_drw has 0 polygons
2026-08-10 17:34:37 +0200: Memory Usage (468092K) : graphtop_drw has 0 polygons
2026-08-10 17:34:37 +0200: Memory Usage (468092K) : antvia1_drw has 0 polygons
2026-08-10 17:34:37 +0200: Memory Usage (468092K) : antmetal2_drw has 0 polygons
2026-08-10 17:34:37 +0200: Memory Usage (468092K) : graphcont_drw has 0 polygons
2026-08-10 17:34:37 +0200: Memory Usage (468092K) : siwg_drw has 0 polygons
2026-08-10 17:34:37 +0200: Memory Usage (468092K) : siwg_filler has 0 polygons
2026-08-10 17:34:37 +0200: Memory Usage (468092K) : siwg_nofill has 0 polygons
2026-08-10 17:34:37 +0200: Memory Usage (468092K) : sigrating_drw has 0 polygons
2026-08-10 17:34:37 +0200: Memory Usage (468092K) : singrating_drw has 0 polygons
2026-08-10 17:34:37 +0200: Memory Usage (468092K) : graphpas_drw has 0 polygons
2026-08-10 17:34:37 +0200: Memory Usage (468092K) : emwind3_drw has 0 polygons
2026-08-10 17:34:37 +0200: Memory Usage (468092K) : emwihv3_drw has 0 polygons
2026-08-10 17:34:37 +0200: Memory Usage (468092K) : redbulay_drw has 0 polygons
2026-08-10 17:34:37 +0200: Memory Usage (468092K) : smos_drw has 0 polygons
2026-08-10 17:34:37 +0200: Memory Usage (468092K) : graphpad_drw has 0 polygons
2026-08-10 17:34:37 +0200: Memory Usage (468092K) : polimide_drw has 0 polygons
2026-08-10 17:34:37 +0200: Memory Usage (468092K) : polimide_pin has 0 polygons
2026-08-10 17:34:37 +0200: Memory Usage (468092K) : recog_drw has 0 polygons
2026-08-10 17:34:37 +0200: Memory Usage (468092K) : recog_pin has 0 polygons
2026-08-10 17:34:37 +0200: Memory Usage (468092K) : recog_esd has 0 polygons
2026-08-10 17:34:37 +0200: Memory Usage (468092K) : recog_diode has 6 polygons
2026-08-10 17:34:37 +0200: Memory Usage (468092K) : recog_tsv has 0 polygons
2026-08-10 17:34:37 +0200: Memory Usage (468092K) : recog_iprobe has 0 polygons
2026-08-10 17:34:37 +0200: Memory Usage (468220K) : recog_diffprb has 0 polygons
2026-08-10 17:34:37 +0200: Memory Usage (468220K) : recog_pillar has 0 polygons
2026-08-10 17:34:37 +0200: Memory Usage (468348K) : recog_sbump has 0 polygons
2026-08-10 17:34:37 +0200: Memory Usage (468348K) : recog_otp has 0 polygons
2026-08-10 17:34:37 +0200: Memory Usage (468476K) : recog_pdiode has 0 polygons
2026-08-10 17:34:37 +0200: Memory Usage (468476K) : recog_mom has 0 polygons
2026-08-10 17:34:37 +0200: Memory Usage (468604K) : recog_pcm has 0 polygons
2026-08-10 17:34:37 +0200: Memory Usage (468604K) : colopen_drw has 0 polygons
2026-08-10 17:34:37 +0200: Memory Usage (468732K) : graphmetal1_drw has 0 polygons
2026-08-10 17:34:37 +0200: Memory Usage (468732K) : graphmetal1_filler has 0 polygons
2026-08-10 17:34:37 +0200: Memory Usage (468860K) : graphmetal1_nofill has 0 polygons
2026-08-10 17:34:37 +0200: Memory Usage (468860K) : graphmetal1_slit has 0 polygons
2026-08-10 17:34:37 +0200: Memory Usage (468988K) : graphmetal1_OPC has 0 polygons
2026-08-10 17:34:37 +0200: Memory Usage (469116K) : graphmet1l_drw has 0 polygons
2026-08-10 17:34:37 +0200: Memory Usage (469116K) : graphmet1l_filler has 0 polygons
2026-08-10 17:34:37 +0200: Memory Usage (469244K) : graphmet1l_nofill has 0 polygons
2026-08-10 17:34:37 +0200: Memory Usage (469244K) : graphmet1l_slit has 0 polygons
2026-08-10 17:34:37 +0200: Memory Usage (469372K) : graphmet1l_OPC has 0 polygons
2026-08-10 17:34:37 +0200: Memory Usage (469372K) : extblock_drw has 1 polygons
2026-08-10 17:34:37 +0200: Memory Usage (469500K) : nldd_drw has 0 polygons
2026-08-10 17:34:37 +0200: Memory Usage (469500K) : pldd_drw has 0 polygons
2026-08-10 17:34:37 +0200: Memory Usage (469628K) : next_drw has 0 polygons
2026-08-10 17:34:37 +0200: Memory Usage (469628K) : pext_drw has 0 polygons
2026-08-10 17:34:37 +0200: Memory Usage (469756K) : nexthv_drw has 0 polygons
2026-08-10 17:34:37 +0200: Memory Usage (469884K) : pexthv_drw has 0 polygons
2026-08-10 17:34:37 +0200: Memory Usage (469884K) : graphgate_drw has 0 polygons
2026-08-10 17:34:37 +0200: Memory Usage (470012K) : sinwg_drw has 0 polygons
2026-08-10 17:34:37 +0200: Memory Usage (470012K) : sinwg_filler has 0 polygons
2026-08-10 17:34:37 +0200: Memory Usage (470140K) : sinwg_nofill has 0 polygons
2026-08-10 17:34:37 +0200: Memory Usage (470140K) : mempad_drw has 0 polygons
2026-08-10 17:34:37 +0200: Memory Usage (470268K) : topvia1_drw has 2315 polygons
2026-08-10 17:34:37 +0200: Memory Usage (470396K) : topmetal1_drw has 8 polygons
2026-08-10 17:34:37 +0200: Memory Usage (470396K) : topmetal1_filler has 0 polygons
2026-08-10 17:34:37 +0200: Memory Usage (470524K) : topmetal1_slit has 0 polygons
2026-08-10 17:34:37 +0200: Memory Usage (470652K) : topmetal1 has 8 polygons
2026-08-10 17:34:37 +0200: Memory Usage (470652K) : topmetal1_pin has 8 polygons
2026-08-10 17:34:37 +0200: Memory Usage (470780K) : topmetal1_mask has 0 polygons
2026-08-10 17:34:37 +0200: Memory Usage (470780K) : topmetal1_nofill has 0 polygons
2026-08-10 17:34:37 +0200: Memory Usage (470908K) : topmetal1_text has 8 polygons
2026-08-10 17:34:37 +0200: Memory Usage (471036K) : topmetal1_noqrc has 0 polygons
2026-08-10 17:34:37 +0200: Memory Usage (471036K) : topmetal1_res has 0 polygons
2026-08-10 17:34:37 +0200: Memory Usage (471164K) : topmetal1_iprobe has 0 polygons
2026-08-10 17:34:37 +0200: Memory Usage (471164K) : topmetal1_diffprb has 0 polygons
2026-08-10 17:34:37 +0200: Memory Usage (471292K) : inldpwl_drw has 0 polygons
2026-08-10 17:34:37 +0200: Memory Usage (471292K) : polyres_drw has 1 polygons
2026-08-10 17:34:37 +0200: Memory Usage (471420K) : polyres_pin has 0 polygons
2026-08-10 17:34:37 +0200: Memory Usage (471420K) : vmim_drw has 0 polygons
2026-08-10 17:34:37 +0200: Memory Usage (471548K) : nbulaycut_drw has 0 polygons
2026-08-10 17:34:37 +0200: Memory Usage (471548K) : antmetal1_drw has 0 polygons
2026-08-10 17:34:37 +0200: Memory Usage (471676K) : topvia2_drw has 1593 polygons
2026-08-10 17:34:37 +0200: Memory Usage (471804K) : topmetal2_drw has 6 polygons
2026-08-10 17:34:37 +0200: Memory Usage (471804K) : topmetal2_filler has 0 polygons
2026-08-10 17:34:37 +0200: Memory Usage (471932K) : topmetal2_slit has 0 polygons
2026-08-10 17:34:37 +0200: Memory Usage (472060K) : topmetal2 has 6 polygons
2026-08-10 17:34:37 +0200: Memory Usage (472060K) : topmetal2_pin has 6 polygons
2026-08-10 17:34:37 +0200: Memory Usage (472188K) : topmetal2_mask has 0 polygons
2026-08-10 17:34:37 +0200: Memory Usage (472188K) : topmetal2_nofill has 0 polygons
2026-08-10 17:34:37 +0200: Memory Usage (472316K) : topmetal2_text has 6 polygons
2026-08-10 17:34:37 +0200: Memory Usage (472316K) : topmetal2_noqrc has 0 polygons
2026-08-10 17:34:37 +0200: Memory Usage (472444K) : topmetal2_res has 0 polygons
2026-08-10 17:34:37 +0200: Memory Usage (472444K) : topmetal2_iprobe has 0 polygons
2026-08-10 17:34:37 +0200: Memory Usage (472572K) : topmetal2_diffprb has 0 polygons
2026-08-10 17:34:37 +0200: Memory Usage (472572K) : snsring_drw has 0 polygons
2026-08-10 17:34:37 +0200: Memory Usage (472700K) : sensor_drw has 0 polygons
2026-08-10 17:34:37 +0200: Memory Usage (472828K) : snsarms_drw has 0 polygons
2026-08-10 17:34:37 +0200: Memory Usage (472828K) : snscmosvia_drw has 0 polygons
2026-08-10 17:34:37 +0200: Memory Usage (472956K) : colwind_drw has 0 polygons
2026-08-10 17:34:37 +0200: Memory Usage (472956K) : flm_drw has 0 polygons
2026-08-10 17:34:37 +0200: Memory Usage (473084K) : hafniumox_drw has 0 polygons
2026-08-10 17:34:37 +0200: Memory Usage (473084K) : memvia_drw has 0 polygons
2026-08-10 17:34:37 +0200: Memory Usage (473212K) : thinfilmres_drw has 0 polygons
2026-08-10 17:34:37 +0200: Memory Usage (473212K) : rfmem_drw has 0 polygons
2026-08-10 17:34:37 +0200: Memory Usage (473340K) : norcx_drw has 0 polygons
2026-08-10 17:34:37 +0200: Memory Usage (473340K) : norcx_m2m3 has 0 polygons
2026-08-10 17:34:37 +0200: Memory Usage (473468K) : norcx_m2m4 has 0 polygons
2026-08-10 17:34:37 +0200: Memory Usage (473468K) : norcx_m2m5 has 0 polygons
2026-08-10 17:34:37 +0200: Memory Usage (473468K) : norcx_m2tm1 has 0 polygons
2026-08-10 17:34:37 +0200: Memory Usage (473468K) : norcx_m2tm2 has 0 polygons
2026-08-10 17:34:37 +0200: Memory Usage (473468K) : norcx_m3m4 has 0 polygons
2026-08-10 17:34:37 +0200: Memory Usage (473468K) : norcx_m3m5 has 0 polygons
2026-08-10 17:34:37 +0200: Memory Usage (473468K) : norcx_m3tm1 has 0 polygons
2026-08-10 17:34:37 +0200: Memory Usage (473468K) : norcx_m3tm2 has 0 polygons
2026-08-10 17:34:37 +0200: Memory Usage (473468K) : norcx_m4m5 has 0 polygons
2026-08-10 17:34:37 +0200: Memory Usage (473468K) : norcx_m4tm1 has 0 polygons
2026-08-10 17:34:37 +0200: Memory Usage (473468K) : norcx_m4tm2 has 0 polygons
2026-08-10 17:34:37 +0200: Memory Usage (473468K) : norcx_m5tm1 has 0 polygons
2026-08-10 17:34:37 +0200: Memory Usage (473468K) : norcx_m5tm2 has 0 polygons
2026-08-10 17:34:37 +0200: Memory Usage (473468K) : norcx_tm1tm2 has 0 polygons
2026-08-10 17:34:37 +0200: Memory Usage (473468K) : norcx_m1sub has 0 polygons
2026-08-10 17:34:37 +0200: Memory Usage (473468K) : norcx_m2sub has 0 polygons
2026-08-10 17:34:37 +0200: Memory Usage (473468K) : norcx_m3sub has 0 polygons
2026-08-10 17:34:37 +0200: Memory Usage (473468K) : norcx_m4sub has 0 polygons
2026-08-10 17:34:37 +0200: Memory Usage (473468K) : norcx_m5sub has 0 polygons
2026-08-10 17:34:37 +0200: Memory Usage (473468K) : norcx_tm1sub has 0 polygons
2026-08-10 17:34:37 +0200: Memory Usage (473468K) : norcx_tm2sub has 0 polygons
2026-08-10 17:34:37 +0200: Memory Usage (473468K) : snsbotvia_drw has 0 polygons
2026-08-10 17:34:37 +0200: Memory Usage (473468K) : snstopvia_drw has 0 polygons
2026-08-10 17:34:37 +0200: Memory Usage (473468K) : deepvia_drw has 0 polygons
2026-08-10 17:34:37 +0200: Memory Usage (473468K) : fgetch_drw has 0 polygons
2026-08-10 17:34:37 +0200: Memory Usage (473468K) : ctrgat_drw has 0 polygons
2026-08-10 17:34:37 +0200: Memory Usage (473468K) : fgimp_drw has 0 polygons
2026-08-10 17:34:37 +0200: Memory Usage (473468K) : emwihv_drw has 0 polygons
2026-08-10 17:34:37 +0200: Memory Usage (473468K) : lbe_drw has 0 polygons
2026-08-10 17:34:37 +0200: Memory Usage (473468K) : alcustop_drw has 0 polygons
2026-08-10 17:34:37 +0200: Memory Usage (473468K) : nometfiller_drw has 0 polygons
2026-08-10 17:34:37 +0200: Memory Usage (473468K) : prboundary_drw has 0 polygons
2026-08-10 17:34:37 +0200: Memory Usage (473468K) : exchange0_drw has 0 polygons
2026-08-10 17:34:37 +0200: Memory Usage (473468K) : exchange0_pin has 0 polygons
2026-08-10 17:34:37 +0200: Memory Usage (473468K) : exchange0_text has 0 polygons
2026-08-10 17:34:37 +0200: Memory Usage (473468K) : exchange1_drw has 0 polygons
2026-08-10 17:34:37 +0200: Memory Usage (473468K) : exchange1_pin has 0 polygons
2026-08-10 17:34:37 +0200: Memory Usage (473468K) : exchange1_text has 0 polygons
2026-08-10 17:34:37 +0200: Memory Usage (473468K) : exchange2_drw has 0 polygons
2026-08-10 17:34:37 +0200: Memory Usage (473468K) : exchange2_pin has 0 polygons
2026-08-10 17:34:37 +0200: Memory Usage (473468K) : exchange2_text has 0 polygons
2026-08-10 17:34:37 +0200: Memory Usage (473468K) : exchange3_drw has 0 polygons
2026-08-10 17:34:37 +0200: Memory Usage (473468K) : exchange3_pin has 0 polygons
2026-08-10 17:34:37 +0200: Memory Usage (473468K) : exchange3_text has 0 polygons
2026-08-10 17:34:37 +0200: Memory Usage (473468K) : exchange4_drw has 0 polygons
2026-08-10 17:34:37 +0200: Memory Usage (473468K) : exchange4_pin has 0 polygons
2026-08-10 17:34:37 +0200: Memory Usage (473468K) : exchange4_text has 0 polygons
2026-08-10 17:34:37 +0200: Memory Usage (473468K) : isonwell_drw has 0 polygons
2026-08-10 17:34:37 +0200: Memory Usage (473468K) : Total no. of polygons in the design is 87211
2026-08-10 17:34:37 +0200: Memory Usage (473468K) : Starting base layers derivations
2026-08-10 17:34:37 +0200: Memory Usage (473468K) : Starting general LVS derivations
2026-08-10 17:34:38 +0200: Memory Usage (477052K) : Starting MOSFET DERIVATIONS
2026-08-10 17:34:38 +0200: Memory Usage (505712K) : Starting NMOS DERIVATIONS
2026-08-10 17:34:38 +0200: Memory Usage (505712K) : Starting PMOS DERIVATIONS
2026-08-10 17:34:38 +0200: Memory Usage (505712K) : Starting RF-MOSFET DERIVATIONS
2026-08-10 17:34:38 +0200: Memory Usage (505712K) : Starting RF-NMOS DERIVATIONS
2026-08-10 17:34:38 +0200: Memory Usage (505712K) : Starting RF-PMOS DERIVATIONS
2026-08-10 17:34:38 +0200: Memory Usage (505712K) : Starting BJT DERIVATIONS
2026-08-10 17:34:38 +0200: Memory Usage (505712K) : Starting NPN-BJT DERIVATIONS
2026-08-10 17:34:38 +0200: Memory Usage (505712K) : Starting PNP-BJT DERIVATIONS
2026-08-10 17:34:38 +0200: Memory Usage (505712K) : Starting DIODE DERIVATIONS
2026-08-10 17:34:39 +0200: Memory Usage (479680K) : Starting RESISTOR DERIVATIONS
2026-08-10 17:34:40 +0200: Memory Usage (479936K) : Starting CAP DERIVATIONS
2026-08-10 17:34:40 +0200: Memory Usage (479936K) : Starting CAP_CMOM DERIVATIONS
2026-08-10 17:34:40 +0200: Memory Usage (479936K) : Starting ESD DERIVATIONS
2026-08-10 17:34:40 +0200: Memory Usage (480192K) : Starting Inductor DERIVATIONS
2026-08-10 17:34:40 +0200: Memory Usage (480192K) : Starting Taps DERIVATIONS
2026-08-10 17:34:41 +0200: Memory Usage (480192K) : Starting SG13G2 LVS connectivity setup
2026-08-10 17:34:41 +0200: Memory Usage (480192K) : Starting SG13G2 LVS connectivity setup (Inter-layer)
2026-08-10 17:34:41 +0200: Memory Usage (480320K) : Starting SG13G2 LVS connectivity setup (Global)
2026-08-10 17:34:41 +0200: Memory Usage (480320K) : Starting LVS MOSFET CONNECTIONS
2026-08-10 17:34:41 +0200: Memory Usage (480320K) : Starting LVS RF-MOSFET CONNECTIONS
2026-08-10 17:34:41 +0200: Memory Usage (480320K) : Starting LVS BJT CONNECTIONS
2026-08-10 17:34:41 +0200: Memory Usage (480320K) : Starting LVS DIODE CONNECTIONS
2026-08-10 17:34:41 +0200: Memory Usage (480320K) : Starting RESISTOR CONNECTIONS
2026-08-10 17:34:41 +0200: Memory Usage (480320K) : Starting LVS CAP CONNECTIONS
2026-08-10 17:34:41 +0200: Memory Usage (480320K) : Starting CAP_CMOM CONNECTIONS
2026-08-10 17:34:41 +0200: Memory Usage (480320K) : Starting ESD CONNECTIONS
2026-08-10 17:34:41 +0200: Memory Usage (480320K) : Starting Inductor CONNECTIONS
2026-08-10 17:34:41 +0200: Memory Usage (480320K) : Starting LVS Taps CONNECTIONS
2026-08-10 17:34:41 +0200: Memory Usage (480320K) : Starting SG13G2 LVS DEVICES EXTRACTION
2026-08-10 17:34:41 +0200: Memory Usage (480320K) : Starting MOSFET EXTRACTION
2026-08-10 17:34:41 +0200: Memory Usage (480320K) : Starting NMOS EXTRACTION
2026-08-10 17:34:41 +0200: Memory Usage (480320K) : Extraction of NMOS-LV transistor
2026-08-10 17:34:41 +0200: Memory Usage (480448K) : Extraction of NMOS-HV transistor
2026-08-10 17:34:41 +0200: Memory Usage (480448K) : Starting PMOS EXTRACTION
2026-08-10 17:34:41 +0200: Memory Usage (480448K) : Extraction of PMOS-LV transistor
2026-08-10 17:34:41 +0200: Memory Usage (480448K) : Extraction of PMOS-HV transistor
2026-08-10 17:34:41 +0200: Memory Usage (480448K) : Starting RF-MOSFET EXTRACTION
2026-08-10 17:34:41 +0200: Memory Usage (480448K) : Extraction of RF-NMOS-LV transistor
2026-08-10 17:34:41 +0200: Memory Usage (480448K) : Extraction of RF-NMOS-HV transistor
2026-08-10 17:34:41 +0200: Memory Usage (480448K) : Extraction of RF-PMOS-LV transistor
2026-08-10 17:34:41 +0200: Memory Usage (480448K) : Extraction of RF-PMOS-HV transistor
2026-08-10 17:34:41 +0200: Memory Usage (480448K) : Starting BJT EXTRACTION
2026-08-10 17:34:41 +0200: Memory Usage (480448K) : Starting NPN-BJT EXTRACTION
2026-08-10 17:34:41 +0200: Memory Usage (480448K) : Extraction of npn13G2 BJT transistor
2026-08-10 17:34:41 +0200: Memory Usage (480448K) : Extraction of npn13G2L BJT transistor
2026-08-10 17:34:41 +0200: Memory Usage (480448K) : Extraction of npn13G2V BJT transistor
2026-08-10 17:34:41 +0200: Memory Usage (480448K) : Starting PNP-BJT EXTRACTION
2026-08-10 17:34:41 +0200: Memory Usage (480448K) : Extracting pnpMPA BJT
2026-08-10 17:34:41 +0200: Memory Usage (480448K) : Starting DIODE EXTRACTION
2026-08-10 17:34:41 +0200: Memory Usage (480448K) : Extracting dantenna diode
2026-08-10 17:34:41 +0200: Memory Usage (480448K) : Extracting dpantenna diode
2026-08-10 17:34:41 +0200: Memory Usage (480448K) : Extracting schottky_nbl1 diode
2026-08-10 17:34:41 +0200: Memory Usage (480448K) : Extracting isolbox diode
2026-08-10 17:34:41 +0200: Memory Usage (480448K) : Starting RESISTOR EXTRACTION
2026-08-10 17:34:41 +0200: Memory Usage (480448K) : Extracting rsil resistor
2026-08-10 17:34:41 +0200: Memory Usage (480448K) : Extracting rppd resistor
2026-08-10 17:34:41 +0200: Memory Usage (480448K) : Extracting rhigh resistor
2026-08-10 17:34:41 +0200: Memory Usage (480448K) : Extracting res_metal1 resistor
2026-08-10 17:34:41 +0200: Memory Usage (480448K) : Extracting res_metal2 resistor
2026-08-10 17:34:41 +0200: Memory Usage (480448K) : Extracting res_metal3 resistor
2026-08-10 17:34:41 +0200: Memory Usage (480448K) : Extracting res_metal4 resistor
2026-08-10 17:34:41 +0200: Memory Usage (480448K) : Extracting res_metal5 resistor
2026-08-10 17:34:41 +0200: Memory Usage (480448K) : Extracting res_topmetal1 resistor
2026-08-10 17:34:41 +0200: Memory Usage (480448K) : Extracting res_topmetal2 resistor
2026-08-10 17:34:41 +0200: Memory Usage (480448K) : Starting CAP EXTRACTION
2026-08-10 17:34:41 +0200: Memory Usage (480448K) : Extracting cap_cmim device
2026-08-10 17:34:41 +0200: Memory Usage (480448K) : Extracting rfcmim device
2026-08-10 17:34:41 +0200: Memory Usage (480448K) : Extracting sg13_hv_svaricap varactor
2026-08-10 17:34:41 +0200: Memory Usage (480448K) : Extracting cap_cmomi device
2026-08-10 17:34:41 +0200: Memory Usage (480448K) : Extracting sg13_moscap_n capacitor
2026-08-10 17:34:41 +0200: Memory Usage (480448K) : Extracting sg13_moscap_p capacitor
2026-08-10 17:34:41 +0200: Memory Usage (480448K) : Starting ESD EXTRACTION
2026-08-10 17:34:41 +0200: Memory Usage (480448K) : Extracting diodevdd_2kv ESD device
2026-08-10 17:34:41 +0200: Memory Usage (480448K) : Extracting diodevdd_4kv ESD device
2026-08-10 17:34:41 +0200: Memory Usage (480448K) : Extracting diodevss_2kv ESD device
2026-08-10 17:34:41 +0200: Memory Usage (480448K) : Extracting diodevss_4kv ESD device
2026-08-10 17:34:41 +0200: Memory Usage (480448K) : Extracting idiodevdd_2kv ESD device
2026-08-10 17:34:41 +0200: Memory Usage (480448K) : Extracting idiodevdd_4kv ESD device
2026-08-10 17:34:41 +0200: Memory Usage (480448K) : Extracting idiodevss_2kv ESD device
2026-08-10 17:34:41 +0200: Memory Usage (480448K) : Extracting idiodevss_4kv ESD device
2026-08-10 17:34:41 +0200: Memory Usage (480448K) : Extracting nmoscl_2 ESD device
2026-08-10 17:34:41 +0200: Memory Usage (480448K) : Extracting nmoscl_4 ESD device
2026-08-10 17:34:41 +0200: Memory Usage (480448K) : Starting Inductor EXTRACTION
2026-08-10 17:34:41 +0200: Memory Usage (480448K) : Extracting Inductor2 device
2026-08-10 17:34:41 +0200: Memory Usage (480448K) : Extracting Inductor3 device
2026-08-10 17:34:41 +0200: Memory Usage (480448K) : Starting Taps EXTRACTION
2026-08-10 17:34:41 +0200: Memory Usage (480448K) : Extracting ntap1 device
2026-08-10 17:34:41 +0200: Memory Usage (480448K) : Extracting ptap1 device
2026-08-10 17:34:41 +0200: Memory Usage (480576K) : Starting SG13G2 LVS RF MOS Model Mapping
2026-08-10 17:34:42 +0200: Memory Usage (500032K) : [layout_netlist] Apply RF MOS model mapping and rfmode parameter.
2026-08-10 17:34:42 +0200: Memory Usage (500032K) : Starting SG13G2 LVS Options Preparations
2026-08-10 17:34:42 +0200: Memory Usage (500032K) : SG13G2 LVS flow: extraction -> alignment -> option preparation -> comparison.
2026-08-10 17:34:42 +0200: Memory Usage (500032K) : Starting SG13G2 LVS Alignment
2026-08-10 17:34:42 +0200: Memory Usage (500160K) : Starting SG13G2 LVS Simplification
2026-08-10 17:34:42 +0200: Memory Usage (500160K) : [layout_netlist] simplify: ENABLED
2026-08-10 17:34:42 +0200: Memory Usage (500160K) : [layout_netlist] make_top_level_pins: SKIPPED
2026-08-10 17:34:42 +0200: Memory Usage (500160K) : [layout_netlist] combine_devices: ENABLED
2026-08-10 17:34:42 +0200: Memory Usage (500160K) : [layout_netlist] purge: SKIPPED
2026-08-10 17:34:42 +0200: Memory Usage (500160K) : [layout_netlist] purge_nets: SKIPPED
2026-08-10 17:34:42 +0200: Memory Usage (500160K) : [schematic_netlist] simplify: ENABLED
2026-08-10 17:34:42 +0200: Memory Usage (500160K) : [schematic_netlist] make_top_level_pins: SKIPPED
2026-08-10 17:34:42 +0200: Memory Usage (500160K) : [schematic_netlist] combine_devices: ENABLED
2026-08-10 17:34:42 +0200: Memory Usage (500160K) : [schematic_netlist] purge: SKIPPED
2026-08-10 17:34:42 +0200: Memory Usage (500160K) : [schematic_netlist] purge_nets: SKIPPED
2026-08-10 17:34:42 +0200: Memory Usage (500160K) : Starting SG13G2 LVS Comparison
2026-08-10 17:34:42 +0200: Memory Usage (500288K) : xxxxxxxxxxxxxxxxxxxxxxxxxxxxxxxxxxxxxxxxxx
2026-08-10 17:34:42 +0200: Memory Usage (500288K) : ERROR : Netlists don't match
2026-08-10 17:34:42 +0200: Memory Usage (500288K) : xxxxxxxxxxxxxxxxxxxxxxxxxxxxxxxxxxxxxxxxxx
2026-08-10 17:34:42 +0200: Memory Usage (500288K) : LVS Total Run time 6.266915 seconds
