# Logfile created on 2026-08-10 16:43:54 +0200 by logger.rb/v1.5.3
2026-08-10 16:43:54 +0200: Memory Usage (455848K) : Starting running SG13G2 Klayout LVS runset on /foss/designs/ihp-open-pdk-regression/IOPADS/layout/sg13g2_IOPadIOVdd.gds
2026-08-10 16:43:54 +0200: Memory Usage (455848K) : Ruby Version for klayout: 3.2.3
2026-08-10 16:43:54 +0200: Memory Usage (456872K) : Loading database to memory is complete.
2026-08-10 16:43:54 +0200: Memory Usage (456872K) : SG13G2 Klayout LVS runset output at: /foss/designs/ihp-open-pdk-regression/IOPADS/lvs_sweep/20260810_164315/sg13g2_IOPadIOVdd/sg13g2_IOPadIOVdd.lvsdb
2026-08-10 16:43:54 +0200: Memory Usage (456872K) : Evaluate switches.
2026-08-10 16:43:54 +0200: Memory Usage (456872K) : Extracted netlist with net names: true
2026-08-10 16:43:54 +0200: Memory Usage (456872K) : Extracted netlist with comments in details: false
2026-08-10 16:43:54 +0200: Memory Usage (456872K) : Selected NET_ONLY option: false
2026-08-10 16:43:54 +0200: Memory Usage (456872K) : Selected LAYOUT_NETLIST option: (none)
2026-08-10 16:43:54 +0200: Memory Usage (456872K) : Selected IGNORE_TOP_PORTS_MISMATCH option: true
2026-08-10 16:43:54 +0200: Memory Usage (456872K) : Selected IMPLICIT_NETS option: iovss,iovdd,vss,vdd,pad,cathode,anode
2026-08-10 16:43:54 +0200: Memory Usage (456872K) : Selected TOP_LVL_PINS option: false
2026-08-10 16:43:54 +0200: Memory Usage (456872K) : Selected COMBINE DEVICES option: true
2026-08-10 16:43:54 +0200: Memory Usage (456872K) : Selected PURGE option: false
2026-08-10 16:43:54 +0200: Memory Usage (456872K) : Selected PURGE_NETS option: false
2026-08-10 16:43:54 +0200: Memory Usage (456872K) : Selected SIMPLIFY option: true
2026-08-10 16:43:54 +0200: Memory Usage (456872K) : Selected SERIES_RES option: true
2026-08-10 16:43:54 +0200: Memory Usage (456872K) : Selected PARALLEL_RES option: true
2026-08-10 16:43:54 +0200: Memory Usage (456872K) : Selected DISABLE_TAP_EXTRACTION option: false
2026-08-10 16:43:54 +0200: Memory Usage (456872K) : deep  mode is enabled.
2026-08-10 16:43:54 +0200: Memory Usage (456872K) : Applying implicit connections (case-sensitive, pattern supported) for nets: iovss, iovdd, vss, vdd, pad, cathode, anode
2026-08-10 16:43:54 +0200: Memory Usage (458536K) : Netlist file: /foss/designs/ihp-open-pdk-regression/IOPADS/netlist/pads_sub/sg13g2_IOPadIOVdd.spi
2026-08-10 16:43:54 +0200: Memory Usage (458536K) : LVS extracted netlist at: /foss/designs/ihp-open-pdk-regression/IOPADS/lvs_sweep/20260810_164315/sg13g2_IOPadIOVdd/sg13g2_IOPadIOVdd_extracted.cir
2026-08-10 16:43:54 +0200: Memory Usage (458536K) : Applying SRAM integration support.
2026-08-10 16:43:54 +0200: Memory Usage (458536K) : Starting SG13G2 LVS runset
2026-08-10 16:43:54 +0200: Memory Usage (458536K) : Read in polygons from layers.
2026-08-10 16:43:54 +0200: Memory Usage (459944K) : activ_drw has 39 polygons
2026-08-10 16:43:54 +0200: Memory Usage (459944K) : activ_filler has 0 polygons
2026-08-10 16:43:54 +0200: Memory Usage (460072K) : activ has 39 polygons
2026-08-10 16:43:54 +0200: Memory Usage (460072K) : activ_pin has 0 polygons
2026-08-10 16:43:54 +0200: Memory Usage (460072K) : activ_mask has 0 polygons
2026-08-10 16:43:54 +0200: Memory Usage (460072K) : activ_nofill has 0 polygons
2026-08-10 16:43:54 +0200: Memory Usage (460072K) : activ_OPC has 0 polygons
2026-08-10 16:43:54 +0200: Memory Usage (460072K) : activ_iOPC has 0 polygons
2026-08-10 16:43:54 +0200: Memory Usage (460072K) : activ_noqrc has 0 polygons
2026-08-10 16:43:54 +0200: Memory Usage (460200K) : biwind_drw has 0 polygons
2026-08-10 16:43:54 +0200: Memory Usage (460200K) : biwind_OPC has 0 polygons
2026-08-10 16:43:54 +0200: Memory Usage (460328K) : gatpoly_drw has 132 polygons
2026-08-10 16:43:54 +0200: Memory Usage (460328K) : gatpoly_filler has 0 polygons
2026-08-10 16:43:54 +0200: Memory Usage (460456K) : gatpoly has 132 polygons
2026-08-10 16:43:54 +0200: Memory Usage (460456K) : gatpoly_pin has 0 polygons
2026-08-10 16:43:54 +0200: Memory Usage (460840K) : gatpoly_nofill has 0 polygons
2026-08-10 16:43:54 +0200: Memory Usage (460840K) : gatpoly_OPC has 0 polygons
2026-08-10 16:43:54 +0200: Memory Usage (460968K) : gatpoly_iOPC has 0 polygons
2026-08-10 16:43:54 +0200: Memory Usage (460968K) : gatpoly_noqrc has 0 polygons
2026-08-10 16:43:54 +0200: Memory Usage (461224K) : cont_drw has 23191 polygons
2026-08-10 16:43:54 +0200: Memory Usage (461608K) : cont_OPC has 0 polygons
2026-08-10 16:43:54 +0200: Memory Usage (461608K) : nsd_drw has 0 polygons
2026-08-10 16:43:54 +0200: Memory Usage (461608K) : nsd_block has 0 polygons
2026-08-10 16:43:54 +0200: Memory Usage (461608K) : metal1_drw has 432 polygons
2026-08-10 16:43:54 +0200: Memory Usage (461736K) : metal1_filler has 0 polygons
2026-08-10 16:43:54 +0200: Memory Usage (461864K) : metal1_slit has 0 polygons
2026-08-10 16:43:54 +0200: Memory Usage (461992K) : metal1 has 432 polygons
2026-08-10 16:43:54 +0200: Memory Usage (461992K) : metal1_pin has 5 polygons
2026-08-10 16:43:54 +0200: Memory Usage (461992K) : metal1_mask has 0 polygons
2026-08-10 16:43:54 +0200: Memory Usage (462120K) : metal1_nofill has 0 polygons
2026-08-10 16:43:54 +0200: Memory Usage (462504K) : metal1_text has 5 polygons
2026-08-10 16:43:54 +0200: Memory Usage (462504K) : metal1_OPC has 0 polygons
2026-08-10 16:43:54 +0200: Memory Usage (462632K) : metal1_noqrc has 0 polygons
2026-08-10 16:43:54 +0200: Memory Usage (462632K) : metal1_res has 0 polygons
2026-08-10 16:43:54 +0200: Memory Usage (462760K) : metal1_iprobe has 0 polygons
2026-08-10 16:43:54 +0200: Memory Usage (462760K) : metal1_diffprb has 0 polygons
2026-08-10 16:43:54 +0200: Memory Usage (462888K) : passiv_drw has 0 polygons
2026-08-10 16:43:54 +0200: Memory Usage (462888K) : passiv_pin has 0 polygons
2026-08-10 16:43:54 +0200: Memory Usage (463016K) : passiv_sbump has 0 polygons
2026-08-10 16:43:54 +0200: Memory Usage (463016K) : passiv_pillar has 0 polygons
2026-08-10 16:43:54 +0200: Memory Usage (463144K) : passiv_pdl has 0 polygons
2026-08-10 16:43:54 +0200: Memory Usage (463144K) : metal2_drw has 87 polygons
2026-08-10 16:43:54 +0200: Memory Usage (463272K) : metal2_filler has 0 polygons
2026-08-10 16:43:54 +0200: Memory Usage (463272K) : metal2_slit has 0 polygons
2026-08-10 16:43:54 +0200: Memory Usage (463528K) : metal2 has 87 polygons
2026-08-10 16:43:54 +0200: Memory Usage (463528K) : metal2_pin has 26 polygons
2026-08-10 16:43:54 +0200: Memory Usage (463528K) : metal2_mask has 0 polygons
2026-08-10 16:43:54 +0200: Memory Usage (463656K) : metal2_nofill has 0 polygons
2026-08-10 16:43:54 +0200: Memory Usage (463784K) : metal2_text has 26 polygons
2026-08-10 16:43:54 +0200: Memory Usage (463784K) : metal2_OPC has 0 polygons
2026-08-10 16:43:54 +0200: Memory Usage (463912K) : metal2_noqrc has 0 polygons
2026-08-10 16:43:54 +0200: Memory Usage (463912K) : metal2_res has 0 polygons
2026-08-10 16:43:54 +0200: Memory Usage (464040K) : metal2_iprobe has 0 polygons
2026-08-10 16:43:54 +0200: Memory Usage (464040K) : metal2_diffprb has 0 polygons
2026-08-10 16:43:54 +0200: Memory Usage (464168K) : baspoly_drw has 0 polygons
2026-08-10 16:43:54 +0200: Memory Usage (464168K) : baspoly_pin has 0 polygons
2026-08-10 16:43:54 +0200: Memory Usage (464296K) : psd_drw has 15 polygons
2026-08-10 16:43:54 +0200: Memory Usage (464296K) : nldb_drw has 0 polygons
2026-08-10 16:43:54 +0200: Memory Usage (464424K) : digibnd_drw has 0 polygons
2026-08-10 16:43:54 +0200: Memory Usage (464424K) : via1_drw has 4168 polygons
2026-08-10 16:43:54 +0200: Memory Usage (464680K) : backmetal1_drw has 0 polygons
2026-08-10 16:43:54 +0200: Memory Usage (464680K) : backmetal1_pin has 0 polygons
2026-08-10 16:43:54 +0200: Memory Usage (464808K) : backmetal1_mask has 0 polygons
2026-08-10 16:43:54 +0200: Memory Usage (464808K) : backmetal1_filler has 0 polygons
2026-08-10 16:43:54 +0200: Memory Usage (464936K) : backmetal1_nofill has 0 polygons
2026-08-10 16:43:54 +0200: Memory Usage (464936K) : backmetal1_slit has 0 polygons
2026-08-10 16:43:54 +0200: Memory Usage (465064K) : backmetal1_text has 0 polygons
2026-08-10 16:43:54 +0200: Memory Usage (465064K) : backmetal1_OPC has 0 polygons
2026-08-10 16:43:54 +0200: Memory Usage (465192K) : backmetal1_noqrc has 0 polygons
2026-08-10 16:43:54 +0200: Memory Usage (465192K) : backmetal1_res has 0 polygons
2026-08-10 16:43:54 +0200: Memory Usage (465320K) : backmetal1_iprobe has 0 polygons
2026-08-10 16:43:54 +0200: Memory Usage (465448K) : backmetal1_diffprb has 0 polygons
2026-08-10 16:43:54 +0200: Memory Usage (465448K) : backpassiv_drw has 0 polygons
2026-08-10 16:43:54 +0200: Memory Usage (465576K) : res_drw has 0 polygons
2026-08-10 16:43:54 +0200: Memory Usage (465576K) : sram_drw has 0 polygons
2026-08-10 16:43:54 +0200: Memory Usage (465704K) : trans_drw has 0 polygons
2026-08-10 16:43:54 +0200: Memory Usage (465704K) : ind_drw has 0 polygons
2026-08-10 16:43:54 +0200: Memory Usage (465832K) : ind_pin has 0 polygons
2026-08-10 16:43:54 +0200: Memory Usage (465832K) : ind_text has 0 polygons
2026-08-10 16:43:54 +0200: Memory Usage (465960K) : salblock_drw has 1 polygons
2026-08-10 16:43:54 +0200: Memory Usage (465960K) : via2_drw has 2498 polygons
2026-08-10 16:43:54 +0200: Memory Usage (466088K) : metal3_drw has 30 polygons
2026-08-10 16:43:54 +0200: Memory Usage (466216K) : metal3_filler has 0 polygons
2026-08-10 16:43:54 +0200: Memory Usage (466216K) : metal3_slit has 0 polygons
2026-08-10 16:43:54 +0200: Memory Usage (466344K) : metal3 has 30 polygons
2026-08-10 16:43:54 +0200: Memory Usage (466472K) : metal3_pin has 8 polygons
2026-08-10 16:43:54 +0200: Memory Usage (466472K) : metal3_mask has 0 polygons
2026-08-10 16:43:54 +0200: Memory Usage (466600K) : metal3_nofill has 0 polygons
2026-08-10 16:43:54 +0200: Memory Usage (466728K) : metal3_text has 8 polygons
2026-08-10 16:43:54 +0200: Memory Usage (466728K) : metal3_OPC has 0 polygons
2026-08-10 16:43:54 +0200: Memory Usage (466728K) : metal3_noqrc has 0 polygons
2026-08-10 16:43:54 +0200: Memory Usage (466856K) : metal3_res has 0 polygons
2026-08-10 16:43:54 +0200: Memory Usage (466984K) : metal3_iprobe has 0 polygons
2026-08-10 16:43:54 +0200: Memory Usage (466984K) : metal3_diffprb has 0 polygons
2026-08-10 16:43:54 +0200: Memory Usage (467112K) : nwell_drw has 65 polygons
2026-08-10 16:43:54 +0200: Memory Usage (467112K) : nwell_pin has 0 polygons
2026-08-10 16:43:54 +0200: Memory Usage (467240K) : nwell_text has 0 polygons
2026-08-10 16:43:54 +0200: Memory Usage (467240K) : nbulay_drw has 0 polygons
2026-08-10 16:43:54 +0200: Memory Usage (467368K) : nbulay_pin has 0 polygons
2026-08-10 16:43:54 +0200: Memory Usage (467368K) : nbulay_block has 0 polygons
2026-08-10 16:43:54 +0200: Memory Usage (467496K) : emwind_drw has 0 polygons
2026-08-10 16:43:54 +0200: Memory Usage (467496K) : emwind_OPC has 0 polygons
2026-08-10 16:43:54 +0200: Memory Usage (467624K) : deepco_drw has 0 polygons
2026-08-10 16:43:54 +0200: Memory Usage (467624K) : mim_drw has 0 polygons
2026-08-10 16:43:54 +0200: Memory Usage (467752K) : edgeseal_drw has 0 polygons
2026-08-10 16:43:54 +0200: Memory Usage (467880K) : substrate_drw has 14 polygons
2026-08-10 16:43:54 +0200: Memory Usage (467880K) : substrate_text has 0 polygons
2026-08-10 16:43:54 +0200: Memory Usage (468008K) : dfpad_drw has 0 polygons
2026-08-10 16:43:54 +0200: Memory Usage (468008K) : dfpad_pillar has 0 polygons
2026-08-10 16:43:54 +0200: Memory Usage (468136K) : dfpad_sbump has 0 polygons
2026-08-10 16:43:54 +0200: Memory Usage (468136K) : thickgateox_drw has 3 polygons
2026-08-10 16:43:54 +0200: Memory Usage (468264K) : pldb_drw has 0 polygons
2026-08-10 16:43:54 +0200: Memory Usage (468264K) : pwell_drw has 0 polygons
2026-08-10 16:43:54 +0200: Memory Usage (468392K) : pwell_pin has 0 polygons
2026-08-10 16:43:54 +0200: Memory Usage (468392K) : pwell_block has 0 polygons
2026-08-10 16:43:54 +0200: Memory Usage (468520K) : ic_drw has 0 polygons
2026-08-10 16:43:54 +0200: Memory Usage (468520K) : via3_drw has 2087 polygons
2026-08-10 16:43:54 +0200: Memory Usage (468648K) : metal4_drw has 8 polygons
2026-08-10 16:43:54 +0200: Memory Usage (468776K) : metal4_filler has 0 polygons
2026-08-10 16:43:54 +0200: Memory Usage (468776K) : metal4_slit has 0 polygons
2026-08-10 16:43:54 +0200: Memory Usage (468904K) : metal4 has 8 polygons
2026-08-10 16:43:54 +0200: Memory Usage (469032K) : metal4_pin has 8 polygons
2026-08-10 16:43:54 +0200: Memory Usage (469032K) : metal4_mask has 0 polygons
2026-08-10 16:43:54 +0200: Memory Usage (469160K) : metal4_nofill has 0 polygons
2026-08-10 16:43:54 +0200: Memory Usage (469160K) : metal4_text has 8 polygons
2026-08-10 16:43:54 +0200: Memory Usage (469288K) : metal4_OPC has 0 polygons
2026-08-10 16:43:54 +0200: Memory Usage (469288K) : metal4_noqrc has 0 polygons
2026-08-10 16:43:54 +0200: Memory Usage (469416K) : metal4_res has 0 polygons
2026-08-10 16:43:54 +0200: Memory Usage (469416K) : metal4_iprobe has 0 polygons
2026-08-10 16:43:54 +0200: Memory Usage (469544K) : metal4_diffprb has 0 polygons
2026-08-10 16:43:54 +0200: Memory Usage (469672K) : heattrans_drw has 0 polygons
2026-08-10 16:43:54 +0200: Memory Usage (469672K) : heatres_drw has 0 polygons
2026-08-10 16:43:54 +0200: Memory Usage (469800K) : fbe_drw has 0 polygons
2026-08-10 16:43:54 +0200: Memory Usage (469800K) : empoly_drw has 0 polygons
2026-08-10 16:43:54 +0200: Memory Usage (469928K) : digisub_drw has 0 polygons
2026-08-10 16:43:54 +0200: Memory Usage (469928K) : text_drw has 30 polygons
2026-08-10 16:43:54 +0200: Memory Usage (470056K) : via4_drw has 2371 polygons
2026-08-10 16:43:54 +0200: Memory Usage (470184K) : metal5_drw has 8 polygons
2026-08-10 16:43:54 +0200: Memory Usage (470184K) : metal5_filler has 0 polygons
2026-08-10 16:43:54 +0200: Memory Usage (470312K) : metal5_slit has 0 polygons
2026-08-10 16:43:54 +0200: Memory Usage (470440K) : metal5 has 8 polygons
2026-08-10 16:43:54 +0200: Memory Usage (470440K) : metal5_pin has 8 polygons
2026-08-10 16:43:54 +0200: Memory Usage (470568K) : metal5_mask has 0 polygons
2026-08-10 16:43:54 +0200: Memory Usage (470568K) : metal5_nofill has 0 polygons
2026-08-10 16:43:54 +0200: Memory Usage (470696K) : metal5_text has 8 polygons
2026-08-10 16:43:54 +0200: Memory Usage (470696K) : metal5_OPC has 0 polygons
2026-08-10 16:43:54 +0200: Memory Usage (470824K) : metal5_noqrc has 0 polygons
2026-08-10 16:43:54 +0200: Memory Usage (470824K) : metal5_res has 0 polygons
2026-08-10 16:43:54 +0200: Memory Usage (470952K) : metal5_iprobe has 0 polygons
2026-08-10 16:43:54 +0200: Memory Usage (471080K) : metal5_diffprb has 0 polygons
2026-08-10 16:43:54 +0200: Memory Usage (471080K) : radhard_drw has 0 polygons
2026-08-10 16:43:54 +0200: Memory Usage (471208K) : memcap_drw has 0 polygons
2026-08-10 16:43:54 +0200: Memory Usage (471208K) : varicap_drw has 0 polygons
2026-08-10 16:43:54 +0200: Memory Usage (471336K) : intbondvia_drw has 0 polygons
2026-08-10 16:43:54 +0200: Memory Usage (471336K) : intbondmet_drw has 0 polygons
2026-08-10 16:43:54 +0200: Memory Usage (471464K) : devbondvia_drw has 0 polygons
2026-08-10 16:43:54 +0200: Memory Usage (471464K) : devbondmet_drw has 0 polygons
2026-08-10 16:43:54 +0200: Memory Usage (471592K) : devtrench_drw has 0 polygons
2026-08-10 16:43:54 +0200: Memory Usage (471592K) : redist_drw has 0 polygons
2026-08-10 16:43:54 +0200: Memory Usage (471720K) : graphbot_drw has 0 polygons
2026-08-10 16:43:54 +0200: Memory Usage (471720K) : graphtop_drw has 0 polygons
2026-08-10 16:43:54 +0200: Memory Usage (471848K) : antvia1_drw has 0 polygons
2026-08-10 16:43:54 +0200: Memory Usage (471976K) : antmetal2_drw has 0 polygons
2026-08-10 16:43:54 +0200: Memory Usage (471976K) : graphcont_drw has 0 polygons
2026-08-10 16:43:54 +0200: Memory Usage (472104K) : siwg_drw has 0 polygons
2026-08-10 16:43:54 +0200: Memory Usage (472104K) : siwg_filler has 0 polygons
2026-08-10 16:43:54 +0200: Memory Usage (472232K) : siwg_nofill has 0 polygons
2026-08-10 16:43:54 +0200: Memory Usage (472232K) : sigrating_drw has 0 polygons
2026-08-10 16:43:54 +0200: Memory Usage (472360K) : singrating_drw has 0 polygons
2026-08-10 16:43:54 +0200: Memory Usage (472360K) : graphpas_drw has 0 polygons
2026-08-10 16:43:54 +0200: Memory Usage (472488K) : emwind3_drw has 0 polygons
2026-08-10 16:43:54 +0200: Memory Usage (472488K) : emwihv3_drw has 0 polygons
2026-08-10 16:43:54 +0200: Memory Usage (472616K) : redbulay_drw has 0 polygons
2026-08-10 16:43:54 +0200: Memory Usage (472744K) : smos_drw has 0 polygons
2026-08-10 16:43:54 +0200: Memory Usage (472744K) : graphpad_drw has 0 polygons
2026-08-10 16:43:54 +0200: Memory Usage (472872K) : polimide_drw has 0 polygons
2026-08-10 16:43:54 +0200: Memory Usage (472872K) : polimide_pin has 0 polygons
2026-08-10 16:43:54 +0200: Memory Usage (473000K) : recog_drw has 0 polygons
2026-08-10 16:43:54 +0200: Memory Usage (473000K) : recog_pin has 0 polygons
2026-08-10 16:43:54 +0200: Memory Usage (473128K) : recog_esd has 0 polygons
2026-08-10 16:43:54 +0200: Memory Usage (473128K) : recog_diode has 1 polygons
2026-08-10 16:43:54 +0200: Memory Usage (473256K) : recog_tsv has 0 polygons
2026-08-10 16:43:54 +0200: Memory Usage (473256K) : recog_iprobe has 0 polygons
2026-08-10 16:43:54 +0200: Memory Usage (473384K) : recog_diffprb has 0 polygons
2026-08-10 16:43:54 +0200: Memory Usage (473384K) : recog_pillar has 0 polygons
2026-08-10 16:43:54 +0200: Memory Usage (473384K) : recog_sbump has 0 polygons
2026-08-10 16:43:54 +0200: Memory Usage (473384K) : recog_otp has 0 polygons
2026-08-10 16:43:54 +0200: Memory Usage (473384K) : recog_pdiode has 0 polygons
2026-08-10 16:43:54 +0200: Memory Usage (473384K) : recog_mom has 0 polygons
2026-08-10 16:43:54 +0200: Memory Usage (473384K) : recog_pcm has 0 polygons
2026-08-10 16:43:54 +0200: Memory Usage (473384K) : colopen_drw has 0 polygons
2026-08-10 16:43:54 +0200: Memory Usage (473384K) : graphmetal1_drw has 0 polygons
2026-08-10 16:43:54 +0200: Memory Usage (473384K) : graphmetal1_filler has 0 polygons
2026-08-10 16:43:54 +0200: Memory Usage (473384K) : graphmetal1_nofill has 0 polygons
2026-08-10 16:43:54 +0200: Memory Usage (473384K) : graphmetal1_slit has 0 polygons
2026-08-10 16:43:54 +0200: Memory Usage (473384K) : graphmetal1_OPC has 0 polygons
2026-08-10 16:43:54 +0200: Memory Usage (473384K) : graphmet1l_drw has 0 polygons
2026-08-10 16:43:54 +0200: Memory Usage (473384K) : graphmet1l_filler has 0 polygons
2026-08-10 16:43:54 +0200: Memory Usage (473384K) : graphmet1l_nofill has 0 polygons
2026-08-10 16:43:54 +0200: Memory Usage (473384K) : graphmet1l_slit has 0 polygons
2026-08-10 16:43:54 +0200: Memory Usage (473384K) : graphmet1l_OPC has 0 polygons
2026-08-10 16:43:54 +0200: Memory Usage (473384K) : extblock_drw has 1 polygons
2026-08-10 16:43:54 +0200: Memory Usage (473384K) : nldd_drw has 0 polygons
2026-08-10 16:43:54 +0200: Memory Usage (473384K) : pldd_drw has 0 polygons
2026-08-10 16:43:54 +0200: Memory Usage (473384K) : next_drw has 0 polygons
2026-08-10 16:43:54 +0200: Memory Usage (473384K) : pext_drw has 0 polygons
2026-08-10 16:43:54 +0200: Memory Usage (473384K) : nexthv_drw has 0 polygons
2026-08-10 16:43:54 +0200: Memory Usage (473384K) : pexthv_drw has 0 polygons
2026-08-10 16:43:54 +0200: Memory Usage (473384K) : graphgate_drw has 0 polygons
2026-08-10 16:43:54 +0200: Memory Usage (473384K) : sinwg_drw has 0 polygons
2026-08-10 16:43:54 +0200: Memory Usage (473384K) : sinwg_filler has 0 polygons
2026-08-10 16:43:54 +0200: Memory Usage (473384K) : sinwg_nofill has 0 polygons
2026-08-10 16:43:54 +0200: Memory Usage (473384K) : mempad_drw has 0 polygons
2026-08-10 16:43:54 +0200: Memory Usage (473384K) : topvia1_drw has 2315 polygons
2026-08-10 16:43:54 +0200: Memory Usage (473384K) : topmetal1_drw has 8 polygons
2026-08-10 16:43:54 +0200: Memory Usage (473384K) : topmetal1_filler has 0 polygons
2026-08-10 16:43:54 +0200: Memory Usage (473384K) : topmetal1_slit has 0 polygons
2026-08-10 16:43:54 +0200: Memory Usage (473384K) : topmetal1 has 8 polygons
2026-08-10 16:43:54 +0200: Memory Usage (473384K) : topmetal1_pin has 8 polygons
2026-08-10 16:43:54 +0200: Memory Usage (473384K) : topmetal1_mask has 0 polygons
2026-08-10 16:43:54 +0200: Memory Usage (473384K) : topmetal1_nofill has 0 polygons
2026-08-10 16:43:54 +0200: Memory Usage (473384K) : topmetal1_text has 8 polygons
2026-08-10 16:43:54 +0200: Memory Usage (473384K) : topmetal1_noqrc has 0 polygons
2026-08-10 16:43:54 +0200: Memory Usage (473384K) : topmetal1_res has 0 polygons
2026-08-10 16:43:54 +0200: Memory Usage (473384K) : topmetal1_iprobe has 0 polygons
2026-08-10 16:43:54 +0200: Memory Usage (473384K) : topmetal1_diffprb has 0 polygons
2026-08-10 16:43:54 +0200: Memory Usage (473384K) : inldpwl_drw has 0 polygons
2026-08-10 16:43:54 +0200: Memory Usage (473384K) : polyres_drw has 26 polygons
2026-08-10 16:43:54 +0200: Memory Usage (473384K) : polyres_pin has 0 polygons
2026-08-10 16:43:54 +0200: Memory Usage (473384K) : vmim_drw has 0 polygons
2026-08-10 16:43:54 +0200: Memory Usage (473384K) : nbulaycut_drw has 0 polygons
2026-08-10 16:43:54 +0200: Memory Usage (473384K) : antmetal1_drw has 0 polygons
2026-08-10 16:43:54 +0200: Memory Usage (473384K) : topvia2_drw has 921 polygons
2026-08-10 16:43:54 +0200: Memory Usage (473384K) : topmetal2_drw has 10 polygons
2026-08-10 16:43:54 +0200: Memory Usage (473384K) : topmetal2_filler has 0 polygons
2026-08-10 16:43:54 +0200: Memory Usage (473384K) : topmetal2_slit has 0 polygons
2026-08-10 16:43:54 +0200: Memory Usage (473384K) : topmetal2 has 10 polygons
2026-08-10 16:43:54 +0200: Memory Usage (473384K) : topmetal2_pin has 8 polygons
2026-08-10 16:43:54 +0200: Memory Usage (473384K) : topmetal2_mask has 0 polygons
2026-08-10 16:43:54 +0200: Memory Usage (473384K) : topmetal2_nofill has 0 polygons
2026-08-10 16:43:54 +0200: Memory Usage (473384K) : topmetal2_text has 8 polygons
2026-08-10 16:43:54 +0200: Memory Usage (473384K) : topmetal2_noqrc has 0 polygons
2026-08-10 16:43:54 +0200: Memory Usage (473384K) : topmetal2_res has 0 polygons
2026-08-10 16:43:54 +0200: Memory Usage (473384K) : topmetal2_iprobe has 0 polygons
2026-08-10 16:43:54 +0200: Memory Usage (473384K) : topmetal2_diffprb has 0 polygons
2026-08-10 16:43:54 +0200: Memory Usage (473384K) : snsring_drw has 0 polygons
2026-08-10 16:43:54 +0200: Memory Usage (473384K) : sensor_drw has 0 polygons
2026-08-10 16:43:54 +0200: Memory Usage (473384K) : snsarms_drw has 0 polygons
2026-08-10 16:43:54 +0200: Memory Usage (473384K) : snscmosvia_drw has 0 polygons
2026-08-10 16:43:54 +0200: Memory Usage (473384K) : colwind_drw has 0 polygons
2026-08-10 16:43:54 +0200: Memory Usage (473384K) : flm_drw has 0 polygons
2026-08-10 16:43:54 +0200: Memory Usage (473384K) : hafniumox_drw has 0 polygons
2026-08-10 16:43:54 +0200: Memory Usage (473384K) : memvia_drw has 0 polygons
2026-08-10 16:43:54 +0200: Memory Usage (473384K) : thinfilmres_drw has 0 polygons
2026-08-10 16:43:54 +0200: Memory Usage (473384K) : rfmem_drw has 0 polygons
2026-08-10 16:43:54 +0200: Memory Usage (473384K) : norcx_drw has 0 polygons
2026-08-10 16:43:54 +0200: Memory Usage (473384K) : norcx_m2m3 has 0 polygons
2026-08-10 16:43:54 +0200: Memory Usage (473384K) : norcx_m2m4 has 0 polygons
2026-08-10 16:43:54 +0200: Memory Usage (473384K) : norcx_m2m5 has 0 polygons
2026-08-10 16:43:54 +0200: Memory Usage (473384K) : norcx_m2tm1 has 0 polygons
2026-08-10 16:43:54 +0200: Memory Usage (473384K) : norcx_m2tm2 has 0 polygons
2026-08-10 16:43:54 +0200: Memory Usage (473384K) : norcx_m3m4 has 0 polygons
2026-08-10 16:43:54 +0200: Memory Usage (473384K) : norcx_m3m5 has 0 polygons
2026-08-10 16:43:54 +0200: Memory Usage (473384K) : norcx_m3tm1 has 0 polygons
2026-08-10 16:43:54 +0200: Memory Usage (473384K) : norcx_m3tm2 has 0 polygons
2026-08-10 16:43:54 +0200: Memory Usage (473384K) : norcx_m4m5 has 0 polygons
2026-08-10 16:43:54 +0200: Memory Usage (473384K) : norcx_m4tm1 has 0 polygons
2026-08-10 16:43:54 +0200: Memory Usage (473384K) : norcx_m4tm2 has 0 polygons
2026-08-10 16:43:54 +0200: Memory Usage (473384K) : norcx_m5tm1 has 0 polygons
2026-08-10 16:43:54 +0200: Memory Usage (473384K) : norcx_m5tm2 has 0 polygons
2026-08-10 16:43:54 +0200: Memory Usage (473384K) : norcx_tm1tm2 has 0 polygons
2026-08-10 16:43:54 +0200: Memory Usage (473384K) : norcx_m1sub has 0 polygons
2026-08-10 16:43:54 +0200: Memory Usage (473384K) : norcx_m2sub has 0 polygons
2026-08-10 16:43:54 +0200: Memory Usage (473384K) : norcx_m3sub has 0 polygons
2026-08-10 16:43:54 +0200: Memory Usage (473384K) : norcx_m4sub has 0 polygons
2026-08-10 16:43:54 +0200: Memory Usage (473384K) : norcx_m5sub has 0 polygons
2026-08-10 16:43:54 +0200: Memory Usage (473384K) : norcx_tm1sub has 0 polygons
2026-08-10 16:43:54 +0200: Memory Usage (473384K) : norcx_tm2sub has 0 polygons
2026-08-10 16:43:54 +0200: Memory Usage (473384K) : snsbotvia_drw has 0 polygons
2026-08-10 16:43:54 +0200: Memory Usage (473384K) : snstopvia_drw has 0 polygons
2026-08-10 16:43:54 +0200: Memory Usage (473384K) : deepvia_drw has 0 polygons
2026-08-10 16:43:54 +0200: Memory Usage (473384K) : fgetch_drw has 0 polygons
2026-08-10 16:43:54 +0200: Memory Usage (473384K) : ctrgat_drw has 0 polygons
2026-08-10 16:43:54 +0200: Memory Usage (473384K) : fgimp_drw has 0 polygons
2026-08-10 16:43:54 +0200: Memory Usage (473384K) : emwihv_drw has 0 polygons
2026-08-10 16:43:54 +0200: Memory Usage (473384K) : lbe_drw has 0 polygons
2026-08-10 16:43:54 +0200: Memory Usage (473384K) : alcustop_drw has 0 polygons
2026-08-10 16:43:54 +0200: Memory Usage (473384K) : nometfiller_drw has 0 polygons
2026-08-10 16:43:54 +0200: Memory Usage (473384K) : prboundary_drw has 0 polygons
2026-08-10 16:43:54 +0200: Memory Usage (473384K) : exchange0_drw has 0 polygons
2026-08-10 16:43:54 +0200: Memory Usage (473384K) : exchange0_pin has 0 polygons
2026-08-10 16:43:54 +0200: Memory Usage (473384K) : exchange0_text has 0 polygons
2026-08-10 16:43:54 +0200: Memory Usage (473384K) : exchange1_drw has 0 polygons
2026-08-10 16:43:54 +0200: Memory Usage (473384K) : exchange1_pin has 0 polygons
2026-08-10 16:43:54 +0200: Memory Usage (473384K) : exchange1_text has 0 polygons
2026-08-10 16:43:54 +0200: Memory Usage (473384K) : exchange2_drw has 0 polygons
2026-08-10 16:43:54 +0200: Memory Usage (473384K) : exchange2_pin has 0 polygons
2026-08-10 16:43:54 +0200: Memory Usage (473384K) : exchange2_text has 0 polygons
2026-08-10 16:43:54 +0200: Memory Usage (473384K) : exchange3_drw has 0 polygons
2026-08-10 16:43:54 +0200: Memory Usage (473384K) : exchange3_pin has 0 polygons
2026-08-10 16:43:54 +0200: Memory Usage (473384K) : exchange3_text has 0 polygons
2026-08-10 16:43:54 +0200: Memory Usage (473384K) : exchange4_drw has 0 polygons
2026-08-10 16:43:54 +0200: Memory Usage (473384K) : exchange4_pin has 0 polygons
2026-08-10 16:43:54 +0200: Memory Usage (473384K) : exchange4_text has 0 polygons
2026-08-10 16:43:54 +0200: Memory Usage (473384K) : isonwell_drw has 0 polygons
2026-08-10 16:43:54 +0200: Memory Usage (473384K) : Total no. of polygons in the design is 38603
2026-08-10 16:43:54 +0200: Memory Usage (473384K) : Starting base layers derivations
2026-08-10 16:43:54 +0200: Memory Usage (473384K) : Starting general LVS derivations
2026-08-10 16:43:55 +0200: Memory Usage (477224K) : Starting MOSFET DERIVATIONS
2026-08-10 16:43:55 +0200: Memory Usage (486696K) : Starting NMOS DERIVATIONS
2026-08-10 16:43:55 +0200: Memory Usage (486696K) : Starting PMOS DERIVATIONS
2026-08-10 16:43:55 +0200: Memory Usage (486696K) : Starting RF-MOSFET DERIVATIONS
2026-08-10 16:43:55 +0200: Memory Usage (486696K) : Starting RF-NMOS DERIVATIONS
2026-08-10 16:43:55 +0200: Memory Usage (486696K) : Starting RF-PMOS DERIVATIONS
2026-08-10 16:43:55 +0200: Memory Usage (486696K) : Starting BJT DERIVATIONS
2026-08-10 16:43:55 +0200: Memory Usage (486696K) : Starting NPN-BJT DERIVATIONS
2026-08-10 16:43:55 +0200: Memory Usage (486696K) : Starting PNP-BJT DERIVATIONS
2026-08-10 16:43:55 +0200: Memory Usage (486696K) : Starting DIODE DERIVATIONS
2026-08-10 16:43:56 +0200: Memory Usage (486696K) : Starting RESISTOR DERIVATIONS
2026-08-10 16:43:56 +0200: Memory Usage (486952K) : Starting CAP DERIVATIONS
2026-08-10 16:43:56 +0200: Memory Usage (486952K) : Starting CAP_CMOM DERIVATIONS
2026-08-10 16:43:56 +0200: Memory Usage (486952K) : Starting ESD DERIVATIONS
2026-08-10 16:43:56 +0200: Memory Usage (488104K) : Starting Inductor DERIVATIONS
2026-08-10 16:43:56 +0200: Memory Usage (488104K) : Starting Taps DERIVATIONS
2026-08-10 16:43:56 +0200: Memory Usage (488104K) : Starting SG13G2 LVS connectivity setup
2026-08-10 16:43:56 +0200: Memory Usage (488104K) : Starting SG13G2 LVS connectivity setup (Inter-layer)
2026-08-10 16:43:56 +0200: Memory Usage (488232K) : Starting SG13G2 LVS connectivity setup (Global)
2026-08-10 16:43:56 +0200: Memory Usage (488232K) : Starting LVS MOSFET CONNECTIONS
2026-08-10 16:43:56 +0200: Memory Usage (488232K) : Starting LVS RF-MOSFET CONNECTIONS
2026-08-10 16:43:56 +0200: Memory Usage (488232K) : Starting LVS BJT CONNECTIONS
2026-08-10 16:43:56 +0200: Memory Usage (488232K) : Starting LVS DIODE CONNECTIONS
2026-08-10 16:43:56 +0200: Memory Usage (488232K) : Starting RESISTOR CONNECTIONS
2026-08-10 16:43:56 +0200: Memory Usage (488232K) : Starting LVS CAP CONNECTIONS
2026-08-10 16:43:56 +0200: Memory Usage (488232K) : Starting CAP_CMOM CONNECTIONS
2026-08-10 16:43:56 +0200: Memory Usage (488232K) : Starting ESD CONNECTIONS
2026-08-10 16:43:56 +0200: Memory Usage (488232K) : Starting Inductor CONNECTIONS
2026-08-10 16:43:56 +0200: Memory Usage (488232K) : Starting LVS Taps CONNECTIONS
2026-08-10 16:43:56 +0200: Memory Usage (488232K) : Starting SG13G2 LVS DEVICES EXTRACTION
2026-08-10 16:43:56 +0200: Memory Usage (488232K) : Starting MOSFET EXTRACTION
2026-08-10 16:43:56 +0200: Memory Usage (488232K) : Starting NMOS EXTRACTION
2026-08-10 16:43:56 +0200: Memory Usage (488232K) : Extraction of NMOS-LV transistor
2026-08-10 16:43:56 +0200: Memory Usage (488232K) : Extraction of NMOS-HV transistor
2026-08-10 16:43:56 +0200: Memory Usage (488360K) : Starting PMOS EXTRACTION
2026-08-10 16:43:56 +0200: Memory Usage (488360K) : Extraction of PMOS-LV transistor
2026-08-10 16:43:56 +0200: Memory Usage (488360K) : Extraction of PMOS-HV transistor
2026-08-10 16:43:56 +0200: Memory Usage (488360K) : Starting RF-MOSFET EXTRACTION
2026-08-10 16:43:56 +0200: Memory Usage (488360K) : Extraction of RF-NMOS-LV transistor
2026-08-10 16:43:56 +0200: Memory Usage (488360K) : Extraction of RF-NMOS-HV transistor
2026-08-10 16:43:56 +0200: Memory Usage (488360K) : Extraction of RF-PMOS-LV transistor
2026-08-10 16:43:56 +0200: Memory Usage (488360K) : Extraction of RF-PMOS-HV transistor
2026-08-10 16:43:56 +0200: Memory Usage (488360K) : Starting BJT EXTRACTION
2026-08-10 16:43:56 +0200: Memory Usage (488360K) : Starting NPN-BJT EXTRACTION
2026-08-10 16:43:56 +0200: Memory Usage (488360K) : Extraction of npn13G2 BJT transistor
2026-08-10 16:43:56 +0200: Memory Usage (488360K) : Extraction of npn13G2L BJT transistor
2026-08-10 16:43:56 +0200: Memory Usage (488360K) : Extraction of npn13G2V BJT transistor
2026-08-10 16:43:56 +0200: Memory Usage (488360K) : Starting PNP-BJT EXTRACTION
2026-08-10 16:43:56 +0200: Memory Usage (488360K) : Extracting pnpMPA BJT
2026-08-10 16:43:56 +0200: Memory Usage (488360K) : Starting DIODE EXTRACTION
2026-08-10 16:43:56 +0200: Memory Usage (488360K) : Extracting dantenna diode
2026-08-10 16:43:56 +0200: Memory Usage (488360K) : Extracting dpantenna diode
2026-08-10 16:43:56 +0200: Memory Usage (488360K) : Extracting schottky_nbl1 diode
2026-08-10 16:43:56 +0200: Memory Usage (488360K) : Extracting isolbox diode
2026-08-10 16:43:56 +0200: Memory Usage (488360K) : Starting RESISTOR EXTRACTION
2026-08-10 16:43:56 +0200: Memory Usage (488360K) : Extracting rsil resistor
2026-08-10 16:43:56 +0200: Memory Usage (488360K) : Extracting rppd resistor
2026-08-10 16:43:56 +0200: Memory Usage (488488K) : Extracting rhigh resistor
2026-08-10 16:43:56 +0200: Memory Usage (488616K) : Extracting res_metal1 resistor
2026-08-10 16:43:56 +0200: Memory Usage (488616K) : Extracting res_metal2 resistor
2026-08-10 16:43:56 +0200: Memory Usage (488744K) : Extracting res_metal3 resistor
2026-08-10 16:43:56 +0200: Memory Usage (488744K) : Extracting res_metal4 resistor
2026-08-10 16:43:56 +0200: Memory Usage (488872K) : Extracting res_metal5 resistor
2026-08-10 16:43:56 +0200: Memory Usage (488872K) : Extracting res_topmetal1 resistor
2026-08-10 16:43:56 +0200: Memory Usage (488872K) : Extracting res_topmetal2 resistor
2026-08-10 16:43:56 +0200: Memory Usage (488872K) : Starting CAP EXTRACTION
2026-08-10 16:43:56 +0200: Memory Usage (488872K) : Extracting cap_cmim device
2026-08-10 16:43:56 +0200: Memory Usage (488872K) : Extracting rfcmim device
2026-08-10 16:43:56 +0200: Memory Usage (488872K) : Extracting sg13_hv_svaricap varactor
2026-08-10 16:43:56 +0200: Memory Usage (488872K) : Extracting cap_cmomi device
2026-08-10 16:43:56 +0200: Memory Usage (488872K) : Extracting sg13_moscap_n capacitor
2026-08-10 16:43:56 +0200: Memory Usage (488872K) : Extracting sg13_moscap_p capacitor
2026-08-10 16:43:56 +0200: Memory Usage (488872K) : Starting ESD EXTRACTION
2026-08-10 16:43:56 +0200: Memory Usage (488872K) : Extracting diodevdd_2kv ESD device
2026-08-10 16:43:56 +0200: Memory Usage (488872K) : Extracting diodevdd_4kv ESD device
2026-08-10 16:43:56 +0200: Memory Usage (488872K) : Extracting diodevss_2kv ESD device
2026-08-10 16:43:56 +0200: Memory Usage (488872K) : Extracting diodevss_4kv ESD device
2026-08-10 16:43:56 +0200: Memory Usage (488872K) : Extracting idiodevdd_2kv ESD device
2026-08-10 16:43:56 +0200: Memory Usage (488872K) : Extracting idiodevdd_4kv ESD device
2026-08-10 16:43:56 +0200: Memory Usage (488872K) : Extracting idiodevss_2kv ESD device
2026-08-10 16:43:56 +0200: Memory Usage (488872K) : Extracting idiodevss_4kv ESD device
2026-08-10 16:43:56 +0200: Memory Usage (488872K) : Extracting nmoscl_2 ESD device
2026-08-10 16:43:56 +0200: Memory Usage (488872K) : Extracting nmoscl_4 ESD device
2026-08-10 16:43:56 +0200: Memory Usage (488872K) : Starting Inductor EXTRACTION
2026-08-10 16:43:56 +0200: Memory Usage (488872K) : Extracting Inductor2 device
2026-08-10 16:43:56 +0200: Memory Usage (488872K) : Extracting Inductor3 device
2026-08-10 16:43:56 +0200: Memory Usage (488872K) : Starting Taps EXTRACTION
2026-08-10 16:43:56 +0200: Memory Usage (488872K) : Extracting ntap1 device
2026-08-10 16:43:56 +0200: Memory Usage (488872K) : Extracting ptap1 device
2026-08-10 16:43:56 +0200: Memory Usage (488872K) : Starting SG13G2 LVS RF MOS Model Mapping
2026-08-10 16:43:57 +0200: Memory Usage (489640K) : [layout_netlist] Apply RF MOS model mapping and rfmode parameter.
2026-08-10 16:43:57 +0200: Memory Usage (489640K) : Starting SG13G2 LVS Options Preparations
2026-08-10 16:43:57 +0200: Memory Usage (489640K) : SG13G2 LVS flow: extraction -> alignment -> option preparation -> comparison.
2026-08-10 16:43:57 +0200: Memory Usage (489640K) : Starting SG13G2 LVS Alignment
2026-08-10 16:43:57 +0200: Memory Usage (489640K) : Starting SG13G2 LVS Simplification
2026-08-10 16:43:57 +0200: Memory Usage (489640K) : [layout_netlist] simplify: ENABLED
2026-08-10 16:43:57 +0200: Memory Usage (489640K) : [layout_netlist] make_top_level_pins: SKIPPED
2026-08-10 16:43:57 +0200: Memory Usage (489640K) : [layout_netlist] combine_devices: ENABLED
2026-08-10 16:43:57 +0200: Memory Usage (489640K) : [layout_netlist] purge: SKIPPED
2026-08-10 16:43:57 +0200: Memory Usage (489640K) : [layout_netlist] purge_nets: SKIPPED
2026-08-10 16:43:57 +0200: Memory Usage (489640K) : [schematic_netlist] simplify: ENABLED
2026-08-10 16:43:57 +0200: Memory Usage (489640K) : [schematic_netlist] make_top_level_pins: SKIPPED
2026-08-10 16:43:57 +0200: Memory Usage (489640K) : [schematic_netlist] combine_devices: ENABLED
2026-08-10 16:43:57 +0200: Memory Usage (489640K) : [schematic_netlist] purge: SKIPPED
2026-08-10 16:43:57 +0200: Memory Usage (489640K) : [schematic_netlist] purge_nets: SKIPPED
2026-08-10 16:43:57 +0200: Memory Usage (489640K) : Starting SG13G2 LVS Comparison
2026-08-10 16:43:57 +0200: Memory Usage (489768K) : xxxxxxxxxxxxxxxxxxxxxxxxxxxxxxxxxxxxxxxxxx
2026-08-10 16:43:57 +0200: Memory Usage (489768K) : ERROR : Netlists don't match
2026-08-10 16:43:57 +0200: Memory Usage (489768K) : xxxxxxxxxxxxxxxxxxxxxxxxxxxxxxxxxxxxxxxxxx
2026-08-10 16:43:57 +0200: Memory Usage (489768K) : LVS Total Run time 3.005707 seconds
