10-Aug-2026 17:35:03 | INFO    | Your Klayout version is: KLayout 0.30.10 (required >= 0.30.5)
10-Aug-2026 17:35:03 | INFO    | Running SG13G2 LVS checks on design /foss/designs/ihp-open-pdk-regression/IOPADS/layout/sg13g2_IOPadInOut4mA.gds on cell sg13g2_IOPadInOut4mA
2026-08-10 17:35:07 +0200: Memory Usage (455868K) : Starting running SG13G2 Klayout LVS runset on /foss/designs/ihp-open-pdk-regression/IOPADS/layout/sg13g2_IOPadInOut4mA.gds
2026-08-10 17:35:07 +0200: Memory Usage (455868K) : Ruby Version for klayout: 3.2.3
2026-08-10 17:35:07 +0200: Memory Usage (457660K) : Loading database to memory is complete.
2026-08-10 17:35:07 +0200: Memory Usage (457660K) : SG13G2 Klayout LVS runset output at: /foss/designs/ihp-open-pdk-regression/IOPADS/lvs_sweep/20260810_173421/sg13g2_IOPadInOut4mA/sg13g2_IOPadInOut4mA.lvsdb
2026-08-10 17:35:07 +0200: Memory Usage (457660K) : Evaluate switches.
2026-08-10 17:35:07 +0200: Memory Usage (457660K) : Extracted netlist with net names: true
2026-08-10 17:35:07 +0200: Memory Usage (457660K) : Extracted netlist with comments in details: false
2026-08-10 17:35:07 +0200: Memory Usage (457660K) : Selected NET_ONLY option: false
2026-08-10 17:35:07 +0200: Memory Usage (457660K) : Selected LAYOUT_NETLIST option: (none)
2026-08-10 17:35:07 +0200: Memory Usage (457660K) : Selected IGNORE_TOP_PORTS_MISMATCH option: true
2026-08-10 17:35:07 +0200: Memory Usage (457660K) : Selected IMPLICIT_NETS option: iovss,iovdd,vss,vdd,pad,cathode,anode
2026-08-10 17:35:07 +0200: Memory Usage (457660K) : Selected TOP_LVL_PINS option: false
2026-08-10 17:35:07 +0200: Memory Usage (457660K) : Selected COMBINE DEVICES option: true
2026-08-10 17:35:07 +0200: Memory Usage (457660K) : Selected PURGE option: false
2026-08-10 17:35:07 +0200: Memory Usage (457660K) : Selected PURGE_NETS option: false
2026-08-10 17:35:07 +0200: Memory Usage (457660K) : Selected SIMPLIFY option: true
2026-08-10 17:35:07 +0200: Memory Usage (457660K) : Selected SERIES_RES option: true
2026-08-10 17:35:07 +0200: Memory Usage (457660K) : Selected PARALLEL_RES option: true
2026-08-10 17:35:07 +0200: Memory Usage (457660K) : Selected DISABLE_TAP_EXTRACTION option: false
2026-08-10 17:35:07 +0200: Memory Usage (457660K) : deep  mode is enabled.
2026-08-10 17:35:07 +0200: Memory Usage (457660K) : Applying implicit connections (case-sensitive, pattern supported) for nets: iovss, iovdd, vss, vdd, pad, cathode, anode
2026-08-10 17:35:07 +0200: Memory Usage (459068K) : Netlist file: /foss/designs/ihp-open-pdk-regression/IOPADS/netlist/pads_sub/sg13g2_IOPadInOut4mA.spi
2026-08-10 17:35:07 +0200: Memory Usage (459068K) : LVS extracted netlist at: /foss/designs/ihp-open-pdk-regression/IOPADS/lvs_sweep/20260810_173421/sg13g2_IOPadInOut4mA/sg13g2_IOPadInOut4mA_extracted.cir
2026-08-10 17:35:07 +0200: Memory Usage (459068K) : Applying SRAM integration support.
2026-08-10 17:35:07 +0200: Memory Usage (459068K) : Starting SG13G2 LVS runset
2026-08-10 17:35:07 +0200: Memory Usage (459068K) : Read in polygons from layers.
2026-08-10 17:35:07 +0200: Memory Usage (460604K) : activ_drw has 113 polygons
2026-08-10 17:35:07 +0200: Memory Usage (460604K) : activ_filler has 0 polygons
2026-08-10 17:35:07 +0200: Memory Usage (460732K) : activ has 113 polygons
2026-08-10 17:35:07 +0200: Memory Usage (460732K) : activ_pin has 0 polygons
2026-08-10 17:35:07 +0200: Memory Usage (460732K) : activ_mask has 0 polygons
2026-08-10 17:35:07 +0200: Memory Usage (460732K) : activ_nofill has 0 polygons
2026-08-10 17:35:07 +0200: Memory Usage (460860K) : activ_OPC has 0 polygons
2026-08-10 17:35:07 +0200: Memory Usage (460860K) : activ_iOPC has 0 polygons
2026-08-10 17:35:07 +0200: Memory Usage (460988K) : activ_noqrc has 0 polygons
2026-08-10 17:35:07 +0200: Memory Usage (460988K) : biwind_drw has 0 polygons
2026-08-10 17:35:07 +0200: Memory Usage (461116K) : biwind_OPC has 0 polygons
2026-08-10 17:35:07 +0200: Memory Usage (461244K) : gatpoly_drw has 43 polygons
2026-08-10 17:35:07 +0200: Memory Usage (461244K) : gatpoly_filler has 0 polygons
2026-08-10 17:35:07 +0200: Memory Usage (461372K) : gatpoly has 43 polygons
2026-08-10 17:35:07 +0200: Memory Usage (461372K) : gatpoly_pin has 6 polygons
2026-08-10 17:35:07 +0200: Memory Usage (461500K) : gatpoly_nofill has 0 polygons
2026-08-10 17:35:07 +0200: Memory Usage (461628K) : gatpoly_OPC has 0 polygons
2026-08-10 17:35:07 +0200: Memory Usage (461628K) : gatpoly_iOPC has 0 polygons
2026-08-10 17:35:07 +0200: Memory Usage (461756K) : gatpoly_noqrc has 0 polygons
2026-08-10 17:35:07 +0200: Memory Usage (463164K) : cont_drw has 46286 polygons
2026-08-10 17:35:07 +0200: Memory Usage (463164K) : cont_OPC has 0 polygons
2026-08-10 17:35:07 +0200: Memory Usage (463164K) : nsd_drw has 0 polygons
2026-08-10 17:35:07 +0200: Memory Usage (463164K) : nsd_block has 0 polygons
2026-08-10 17:35:07 +0200: Memory Usage (463164K) : metal1_drw has 233 polygons
2026-08-10 17:35:07 +0200: Memory Usage (463164K) : metal1_filler has 0 polygons
2026-08-10 17:35:07 +0200: Memory Usage (463164K) : metal1_slit has 0 polygons
2026-08-10 17:35:07 +0200: Memory Usage (463548K) : metal1 has 233 polygons
2026-08-10 17:35:07 +0200: Memory Usage (463548K) : metal1_pin has 58 polygons
2026-08-10 17:35:07 +0200: Memory Usage (463548K) : metal1_mask has 0 polygons
2026-08-10 17:35:07 +0200: Memory Usage (463548K) : metal1_nofill has 0 polygons
2026-08-10 17:35:07 +0200: Memory Usage (463804K) : metal1_text has 47 polygons
2026-08-10 17:35:07 +0200: Memory Usage (463804K) : metal1_OPC has 0 polygons
2026-08-10 17:35:07 +0200: Memory Usage (463932K) : metal1_noqrc has 0 polygons
2026-08-10 17:35:07 +0200: Memory Usage (463932K) : metal1_res has 0 polygons
2026-08-10 17:35:07 +0200: Memory Usage (464060K) : metal1_iprobe has 0 polygons
2026-08-10 17:35:07 +0200: Memory Usage (464060K) : metal1_diffprb has 0 polygons
2026-08-10 17:35:07 +0200: Memory Usage (464188K) : passiv_drw has 0 polygons
2026-08-10 17:35:07 +0200: Memory Usage (464188K) : passiv_pin has 0 polygons
2026-08-10 17:35:07 +0200: Memory Usage (464316K) : passiv_sbump has 0 polygons
2026-08-10 17:35:07 +0200: Memory Usage (464316K) : passiv_pillar has 0 polygons
2026-08-10 17:35:07 +0200: Memory Usage (464444K) : passiv_pdl has 0 polygons
2026-08-10 17:35:07 +0200: Memory Usage (464572K) : metal2_drw has 66 polygons
2026-08-10 17:35:07 +0200: Memory Usage (464700K) : metal2_filler has 0 polygons
2026-08-10 17:35:07 +0200: Memory Usage (464700K) : metal2_slit has 0 polygons
2026-08-10 17:35:08 +0200: Memory Usage (464828K) : metal2 has 66 polygons
2026-08-10 17:35:08 +0200: Memory Usage (464956K) : metal2_pin has 21 polygons
2026-08-10 17:35:08 +0200: Memory Usage (464956K) : metal2_mask has 0 polygons
2026-08-10 17:35:08 +0200: Memory Usage (465084K) : metal2_nofill has 0 polygons
2026-08-10 17:35:08 +0200: Memory Usage (465084K) : metal2_text has 21 polygons
2026-08-10 17:35:08 +0200: Memory Usage (465084K) : metal2_OPC has 0 polygons
2026-08-10 17:35:08 +0200: Memory Usage (465212K) : metal2_noqrc has 0 polygons
2026-08-10 17:35:08 +0200: Memory Usage (465212K) : metal2_res has 0 polygons
2026-08-10 17:35:08 +0200: Memory Usage (465212K) : metal2_iprobe has 0 polygons
2026-08-10 17:35:08 +0200: Memory Usage (465212K) : metal2_diffprb has 0 polygons
2026-08-10 17:35:08 +0200: Memory Usage (465340K) : baspoly_drw has 0 polygons
2026-08-10 17:35:08 +0200: Memory Usage (465340K) : baspoly_pin has 0 polygons
2026-08-10 17:35:08 +0200: Memory Usage (465340K) : psd_drw has 46 polygons
2026-08-10 17:35:08 +0200: Memory Usage (465468K) : nldb_drw has 0 polygons
2026-08-10 17:35:08 +0200: Memory Usage (465468K) : digibnd_drw has 0 polygons
2026-08-10 17:35:08 +0200: Memory Usage (465596K) : via1_drw has 1613 polygons
2026-08-10 17:35:08 +0200: Memory Usage (465596K) : backmetal1_drw has 0 polygons
2026-08-10 17:35:08 +0200: Memory Usage (465724K) : backmetal1_pin has 0 polygons
2026-08-10 17:35:08 +0200: Memory Usage (465724K) : backmetal1_mask has 0 polygons
2026-08-10 17:35:08 +0200: Memory Usage (465852K) : backmetal1_filler has 0 polygons
2026-08-10 17:35:08 +0200: Memory Usage (465852K) : backmetal1_nofill has 0 polygons
2026-08-10 17:35:08 +0200: Memory Usage (465980K) : backmetal1_slit has 0 polygons
2026-08-10 17:35:08 +0200: Memory Usage (466108K) : backmetal1_text has 0 polygons
2026-08-10 17:35:08 +0200: Memory Usage (466108K) : backmetal1_OPC has 0 polygons
2026-08-10 17:35:08 +0200: Memory Usage (466236K) : backmetal1_noqrc has 0 polygons
2026-08-10 17:35:08 +0200: Memory Usage (466236K) : backmetal1_res has 0 polygons
2026-08-10 17:35:08 +0200: Memory Usage (466364K) : backmetal1_iprobe has 0 polygons
2026-08-10 17:35:08 +0200: Memory Usage (466364K) : backmetal1_diffprb has 0 polygons
2026-08-10 17:35:08 +0200: Memory Usage (466492K) : backpassiv_drw has 0 polygons
2026-08-10 17:35:08 +0200: Memory Usage (466492K) : res_drw has 0 polygons
2026-08-10 17:35:08 +0200: Memory Usage (466620K) : sram_drw has 0 polygons
2026-08-10 17:35:08 +0200: Memory Usage (466620K) : trans_drw has 0 polygons
2026-08-10 17:35:08 +0200: Memory Usage (466748K) : ind_drw has 0 polygons
2026-08-10 17:35:08 +0200: Memory Usage (466748K) : ind_pin has 0 polygons
2026-08-10 17:35:08 +0200: Memory Usage (466876K) : ind_text has 0 polygons
2026-08-10 17:35:08 +0200: Memory Usage (466876K) : salblock_drw has 1 polygons
2026-08-10 17:35:08 +0200: Memory Usage (467004K) : via2_drw has 1229 polygons
2026-08-10 17:35:08 +0200: Memory Usage (467132K) : metal3_drw has 15 polygons
2026-08-10 17:35:08 +0200: Memory Usage (467132K) : metal3_filler has 0 polygons
2026-08-10 17:35:08 +0200: Memory Usage (467260K) : metal3_slit has 0 polygons
2026-08-10 17:35:08 +0200: Memory Usage (467388K) : metal3 has 15 polygons
2026-08-10 17:35:08 +0200: Memory Usage (467388K) : metal3_pin has 11 polygons
2026-08-10 17:35:08 +0200: Memory Usage (467516K) : metal3_mask has 0 polygons
2026-08-10 17:35:08 +0200: Memory Usage (467516K) : metal3_nofill has 0 polygons
2026-08-10 17:35:08 +0200: Memory Usage (467644K) : metal3_text has 11 polygons
2026-08-10 17:35:08 +0200: Memory Usage (467644K) : metal3_OPC has 0 polygons
2026-08-10 17:35:08 +0200: Memory Usage (467644K) : metal3_noqrc has 0 polygons
2026-08-10 17:35:08 +0200: Memory Usage (467644K) : metal3_res has 0 polygons
2026-08-10 17:35:08 +0200: Memory Usage (467644K) : metal3_iprobe has 0 polygons
2026-08-10 17:35:08 +0200: Memory Usage (467644K) : metal3_diffprb has 0 polygons
2026-08-10 17:35:08 +0200: Memory Usage (467644K) : nwell_drw has 29 polygons
2026-08-10 17:35:08 +0200: Memory Usage (467644K) : nwell_pin has 0 polygons
2026-08-10 17:35:08 +0200: Memory Usage (467644K) : nwell_text has 0 polygons
2026-08-10 17:35:08 +0200: Memory Usage (467644K) : nbulay_drw has 0 polygons
2026-08-10 17:35:08 +0200: Memory Usage (467644K) : nbulay_pin has 0 polygons
2026-08-10 17:35:08 +0200: Memory Usage (467644K) : nbulay_block has 0 polygons
2026-08-10 17:35:08 +0200: Memory Usage (467644K) : emwind_drw has 0 polygons
2026-08-10 17:35:08 +0200: Memory Usage (467644K) : emwind_OPC has 0 polygons
2026-08-10 17:35:08 +0200: Memory Usage (467644K) : deepco_drw has 0 polygons
2026-08-10 17:35:08 +0200: Memory Usage (467644K) : mim_drw has 0 polygons
2026-08-10 17:35:08 +0200: Memory Usage (467644K) : edgeseal_drw has 0 polygons
2026-08-10 17:35:08 +0200: Memory Usage (467644K) : substrate_drw has 33 polygons
2026-08-10 17:35:08 +0200: Memory Usage (467644K) : substrate_text has 0 polygons
2026-08-10 17:35:08 +0200: Memory Usage (467644K) : dfpad_drw has 0 polygons
2026-08-10 17:35:08 +0200: Memory Usage (467644K) : dfpad_pillar has 0 polygons
2026-08-10 17:35:08 +0200: Memory Usage (467644K) : dfpad_sbump has 0 polygons
2026-08-10 17:35:08 +0200: Memory Usage (467644K) : thickgateox_drw has 8 polygons
2026-08-10 17:35:08 +0200: Memory Usage (467644K) : pldb_drw has 0 polygons
2026-08-10 17:35:08 +0200: Memory Usage (467644K) : pwell_drw has 0 polygons
2026-08-10 17:35:08 +0200: Memory Usage (467644K) : pwell_pin has 0 polygons
2026-08-10 17:35:08 +0200: Memory Usage (467644K) : pwell_block has 0 polygons
2026-08-10 17:35:08 +0200: Memory Usage (467644K) : ic_drw has 0 polygons
2026-08-10 17:35:08 +0200: Memory Usage (467644K) : via3_drw has 2087 polygons
2026-08-10 17:35:08 +0200: Memory Usage (467644K) : metal4_drw has 8 polygons
2026-08-10 17:35:08 +0200: Memory Usage (467644K) : metal4_filler has 0 polygons
2026-08-10 17:35:08 +0200: Memory Usage (467644K) : metal4_slit has 0 polygons
2026-08-10 17:35:08 +0200: Memory Usage (467644K) : metal4 has 8 polygons
2026-08-10 17:35:08 +0200: Memory Usage (467644K) : metal4_pin has 8 polygons
2026-08-10 17:35:08 +0200: Memory Usage (467644K) : metal4_mask has 0 polygons
2026-08-10 17:35:08 +0200: Memory Usage (467644K) : metal4_nofill has 0 polygons
2026-08-10 17:35:08 +0200: Memory Usage (467644K) : metal4_text has 8 polygons
2026-08-10 17:35:08 +0200: Memory Usage (467644K) : metal4_OPC has 0 polygons
2026-08-10 17:35:08 +0200: Memory Usage (467644K) : metal4_noqrc has 0 polygons
2026-08-10 17:35:08 +0200: Memory Usage (467644K) : metal4_res has 0 polygons
2026-08-10 17:35:08 +0200: Memory Usage (467644K) : metal4_iprobe has 0 polygons
2026-08-10 17:35:08 +0200: Memory Usage (467644K) : metal4_diffprb has 0 polygons
2026-08-10 17:35:08 +0200: Memory Usage (467644K) : heattrans_drw has 6 polygons
2026-08-10 17:35:08 +0200: Memory Usage (467644K) : heatres_drw has 0 polygons
2026-08-10 17:35:08 +0200: Memory Usage (467644K) : fbe_drw has 0 polygons
2026-08-10 17:35:08 +0200: Memory Usage (467644K) : empoly_drw has 0 polygons
2026-08-10 17:35:08 +0200: Memory Usage (467644K) : digisub_drw has 0 polygons
2026-08-10 17:35:08 +0200: Memory Usage (467644K) : text_drw has 30 polygons
2026-08-10 17:35:08 +0200: Memory Usage (467644K) : via4_drw has 2371 polygons
2026-08-10 17:35:08 +0200: Memory Usage (467644K) : metal5_drw has 8 polygons
2026-08-10 17:35:08 +0200: Memory Usage (467644K) : metal5_filler has 0 polygons
2026-08-10 17:35:08 +0200: Memory Usage (467644K) : metal5_slit has 0 polygons
2026-08-10 17:35:08 +0200: Memory Usage (467644K) : metal5 has 8 polygons
2026-08-10 17:35:08 +0200: Memory Usage (467644K) : metal5_pin has 8 polygons
2026-08-10 17:35:08 +0200: Memory Usage (467644K) : metal5_mask has 0 polygons
2026-08-10 17:35:08 +0200: Memory Usage (467644K) : metal5_nofill has 0 polygons
2026-08-10 17:35:08 +0200: Memory Usage (467644K) : metal5_text has 8 polygons
2026-08-10 17:35:08 +0200: Memory Usage (467644K) : metal5_OPC has 0 polygons
2026-08-10 17:35:08 +0200: Memory Usage (467644K) : metal5_noqrc has 0 polygons
2026-08-10 17:35:08 +0200: Memory Usage (467644K) : metal5_res has 0 polygons
2026-08-10 17:35:08 +0200: Memory Usage (467644K) : metal5_iprobe has 0 polygons
2026-08-10 17:35:08 +0200: Memory Usage (467644K) : metal5_diffprb has 0 polygons
2026-08-10 17:35:08 +0200: Memory Usage (467644K) : radhard_drw has 0 polygons
2026-08-10 17:35:08 +0200: Memory Usage (467644K) : memcap_drw has 0 polygons
2026-08-10 17:35:08 +0200: Memory Usage (467644K) : varicap_drw has 0 polygons
2026-08-10 17:35:08 +0200: Memory Usage (467644K) : intbondvia_drw has 0 polygons
2026-08-10 17:35:08 +0200: Memory Usage (467644K) : intbondmet_drw has 0 polygons
2026-08-10 17:35:08 +0200: Memory Usage (467644K) : devbondvia_drw has 0 polygons
2026-08-10 17:35:08 +0200: Memory Usage (467644K) : devbondmet_drw has 0 polygons
2026-08-10 17:35:08 +0200: Memory Usage (467644K) : devtrench_drw has 0 polygons
2026-08-10 17:35:08 +0200: Memory Usage (467644K) : redist_drw has 0 polygons
2026-08-10 17:35:08 +0200: Memory Usage (467644K) : graphbot_drw has 0 polygons
2026-08-10 17:35:08 +0200: Memory Usage (467644K) : graphtop_drw has 0 polygons
2026-08-10 17:35:08 +0200: Memory Usage (467644K) : antvia1_drw has 0 polygons
2026-08-10 17:35:08 +0200: Memory Usage (467644K) : antmetal2_drw has 0 polygons
2026-08-10 17:35:08 +0200: Memory Usage (467644K) : graphcont_drw has 0 polygons
2026-08-10 17:35:08 +0200: Memory Usage (467644K) : siwg_drw has 0 polygons
2026-08-10 17:35:08 +0200: Memory Usage (467644K) : siwg_filler has 0 polygons
2026-08-10 17:35:08 +0200: Memory Usage (467644K) : siwg_nofill has 0 polygons
2026-08-10 17:35:08 +0200: Memory Usage (467644K) : sigrating_drw has 0 polygons
2026-08-10 17:35:08 +0200: Memory Usage (467644K) : singrating_drw has 0 polygons
2026-08-10 17:35:08 +0200: Memory Usage (467644K) : graphpas_drw has 0 polygons
2026-08-10 17:35:08 +0200: Memory Usage (467644K) : emwind3_drw has 0 polygons
2026-08-10 17:35:08 +0200: Memory Usage (467644K) : emwihv3_drw has 0 polygons
2026-08-10 17:35:08 +0200: Memory Usage (467644K) : redbulay_drw has 0 polygons
2026-08-10 17:35:08 +0200: Memory Usage (467644K) : smos_drw has 0 polygons
2026-08-10 17:35:08 +0200: Memory Usage (467644K) : graphpad_drw has 0 polygons
2026-08-10 17:35:08 +0200: Memory Usage (467644K) : polimide_drw has 0 polygons
2026-08-10 17:35:08 +0200: Memory Usage (467644K) : polimide_pin has 0 polygons
2026-08-10 17:35:08 +0200: Memory Usage (467644K) : recog_drw has 0 polygons
2026-08-10 17:35:08 +0200: Memory Usage (467644K) : recog_pin has 0 polygons
2026-08-10 17:35:08 +0200: Memory Usage (467644K) : recog_esd has 0 polygons
2026-08-10 17:35:08 +0200: Memory Usage (467644K) : recog_diode has 8 polygons
2026-08-10 17:35:08 +0200: Memory Usage (467772K) : recog_tsv has 0 polygons
2026-08-10 17:35:08 +0200: Memory Usage (467900K) : recog_iprobe has 0 polygons
2026-08-10 17:35:08 +0200: Memory Usage (467900K) : recog_diffprb has 0 polygons
2026-08-10 17:35:08 +0200: Memory Usage (468028K) : recog_pillar has 0 polygons
2026-08-10 17:35:08 +0200: Memory Usage (468028K) : recog_sbump has 0 polygons
2026-08-10 17:35:08 +0200: Memory Usage (468156K) : recog_otp has 0 polygons
2026-08-10 17:35:08 +0200: Memory Usage (468156K) : recog_pdiode has 0 polygons
2026-08-10 17:35:08 +0200: Memory Usage (468284K) : recog_mom has 0 polygons
2026-08-10 17:35:08 +0200: Memory Usage (468284K) : recog_pcm has 0 polygons
2026-08-10 17:35:08 +0200: Memory Usage (468412K) : colopen_drw has 0 polygons
2026-08-10 17:35:08 +0200: Memory Usage (468412K) : graphmetal1_drw has 0 polygons
2026-08-10 17:35:08 +0200: Memory Usage (468540K) : graphmetal1_filler has 0 polygons
2026-08-10 17:35:08 +0200: Memory Usage (468540K) : graphmetal1_nofill has 0 polygons
2026-08-10 17:35:08 +0200: Memory Usage (468668K) : graphmetal1_slit has 0 polygons
2026-08-10 17:35:08 +0200: Memory Usage (468796K) : graphmetal1_OPC has 0 polygons
2026-08-10 17:35:08 +0200: Memory Usage (468796K) : graphmet1l_drw has 0 polygons
2026-08-10 17:35:08 +0200: Memory Usage (468924K) : graphmet1l_filler has 0 polygons
2026-08-10 17:35:08 +0200: Memory Usage (468924K) : graphmet1l_nofill has 0 polygons
2026-08-10 17:35:08 +0200: Memory Usage (469052K) : graphmet1l_slit has 0 polygons
2026-08-10 17:35:08 +0200: Memory Usage (469052K) : graphmet1l_OPC has 0 polygons
2026-08-10 17:35:08 +0200: Memory Usage (469180K) : extblock_drw has 1 polygons
2026-08-10 17:35:08 +0200: Memory Usage (469180K) : nldd_drw has 0 polygons
2026-08-10 17:35:08 +0200: Memory Usage (469308K) : pldd_drw has 0 polygons
2026-08-10 17:35:08 +0200: Memory Usage (469308K) : next_drw has 0 polygons
2026-08-10 17:35:08 +0200: Memory Usage (469436K) : pext_drw has 0 polygons
2026-08-10 17:35:08 +0200: Memory Usage (469564K) : nexthv_drw has 0 polygons
2026-08-10 17:35:08 +0200: Memory Usage (469564K) : pexthv_drw has 0 polygons
2026-08-10 17:35:08 +0200: Memory Usage (469692K) : graphgate_drw has 0 polygons
2026-08-10 17:35:08 +0200: Memory Usage (469692K) : sinwg_drw has 0 polygons
2026-08-10 17:35:08 +0200: Memory Usage (469820K) : sinwg_filler has 0 polygons
2026-08-10 17:35:08 +0200: Memory Usage (469820K) : sinwg_nofill has 0 polygons
2026-08-10 17:35:08 +0200: Memory Usage (469948K) : mempad_drw has 0 polygons
2026-08-10 17:35:08 +0200: Memory Usage (469948K) : topvia1_drw has 2315 polygons
2026-08-10 17:35:08 +0200: Memory Usage (470204K) : topmetal1_drw has 8 polygons
2026-08-10 17:35:08 +0200: Memory Usage (470204K) : topmetal1_filler has 0 polygons
2026-08-10 17:35:08 +0200: Memory Usage (470332K) : topmetal1_slit has 0 polygons
2026-08-10 17:35:08 +0200: Memory Usage (470460K) : topmetal1 has 8 polygons
2026-08-10 17:35:08 +0200: Memory Usage (470460K) : topmetal1_pin has 8 polygons
2026-08-10 17:35:08 +0200: Memory Usage (470460K) : topmetal1_mask has 0 polygons
2026-08-10 17:35:08 +0200: Memory Usage (470588K) : topmetal1_nofill has 0 polygons
2026-08-10 17:35:08 +0200: Memory Usage (470716K) : topmetal1_text has 8 polygons
2026-08-10 17:35:08 +0200: Memory Usage (470716K) : topmetal1_noqrc has 0 polygons
2026-08-10 17:35:08 +0200: Memory Usage (470844K) : topmetal1_res has 0 polygons
2026-08-10 17:35:08 +0200: Memory Usage (470844K) : topmetal1_iprobe has 0 polygons
2026-08-10 17:35:08 +0200: Memory Usage (470972K) : topmetal1_diffprb has 0 polygons
2026-08-10 17:35:08 +0200: Memory Usage (470972K) : inldpwl_drw has 0 polygons
2026-08-10 17:35:08 +0200: Memory Usage (471100K) : polyres_drw has 1 polygons
2026-08-10 17:35:08 +0200: Memory Usage (471100K) : polyres_pin has 0 polygons
2026-08-10 17:35:08 +0200: Memory Usage (471228K) : vmim_drw has 0 polygons
2026-08-10 17:35:08 +0200: Memory Usage (471228K) : nbulaycut_drw has 0 polygons
2026-08-10 17:35:08 +0200: Memory Usage (471356K) : antmetal1_drw has 0 polygons
2026-08-10 17:35:08 +0200: Memory Usage (471356K) : topvia2_drw has 1593 polygons
2026-08-10 17:35:08 +0200: Memory Usage (471484K) : topmetal2_drw has 6 polygons
2026-08-10 17:35:08 +0200: Memory Usage (471612K) : topmetal2_filler has 0 polygons
2026-08-10 17:35:08 +0200: Memory Usage (471612K) : topmetal2_slit has 0 polygons
2026-08-10 17:35:08 +0200: Memory Usage (471740K) : topmetal2 has 6 polygons
2026-08-10 17:35:08 +0200: Memory Usage (471868K) : topmetal2_pin has 6 polygons
2026-08-10 17:35:08 +0200: Memory Usage (471868K) : topmetal2_mask has 0 polygons
2026-08-10 17:35:08 +0200: Memory Usage (471996K) : topmetal2_nofill has 0 polygons
2026-08-10 17:35:08 +0200: Memory Usage (471996K) : topmetal2_text has 6 polygons
2026-08-10 17:35:08 +0200: Memory Usage (472124K) : topmetal2_noqrc has 0 polygons
2026-08-10 17:35:08 +0200: Memory Usage (472124K) : topmetal2_res has 0 polygons
2026-08-10 17:35:08 +0200: Memory Usage (472252K) : topmetal2_iprobe has 0 polygons
2026-08-10 17:35:08 +0200: Memory Usage (472252K) : topmetal2_diffprb has 0 polygons
2026-08-10 17:35:08 +0200: Memory Usage (472380K) : snsring_drw has 0 polygons
2026-08-10 17:35:08 +0200: Memory Usage (472508K) : sensor_drw has 0 polygons
2026-08-10 17:35:08 +0200: Memory Usage (472508K) : snsarms_drw has 0 polygons
2026-08-10 17:35:08 +0200: Memory Usage (472636K) : snscmosvia_drw has 0 polygons
2026-08-10 17:35:08 +0200: Memory Usage (472636K) : colwind_drw has 0 polygons
2026-08-10 17:35:08 +0200: Memory Usage (472764K) : flm_drw has 0 polygons
2026-08-10 17:35:08 +0200: Memory Usage (472764K) : hafniumox_drw has 0 polygons
2026-08-10 17:35:08 +0200: Memory Usage (472892K) : memvia_drw has 0 polygons
2026-08-10 17:35:08 +0200: Memory Usage (472892K) : thinfilmres_drw has 0 polygons
2026-08-10 17:35:08 +0200: Memory Usage (473020K) : rfmem_drw has 0 polygons
2026-08-10 17:35:08 +0200: Memory Usage (473148K) : norcx_drw has 0 polygons
2026-08-10 17:35:08 +0200: Memory Usage (473148K) : norcx_m2m3 has 0 polygons
2026-08-10 17:35:08 +0200: Memory Usage (473276K) : norcx_m2m4 has 0 polygons
2026-08-10 17:35:08 +0200: Memory Usage (473276K) : norcx_m2m5 has 0 polygons
2026-08-10 17:35:08 +0200: Memory Usage (473404K) : norcx_m2tm1 has 0 polygons
2026-08-10 17:35:08 +0200: Memory Usage (473404K) : norcx_m2tm2 has 0 polygons
2026-08-10 17:35:08 +0200: Memory Usage (473532K) : norcx_m3m4 has 0 polygons
2026-08-10 17:35:08 +0200: Memory Usage (473532K) : norcx_m3m5 has 0 polygons
2026-08-10 17:35:08 +0200: Memory Usage (473660K) : norcx_m3tm1 has 0 polygons
2026-08-10 17:35:08 +0200: Memory Usage (473660K) : norcx_m3tm2 has 0 polygons
2026-08-10 17:35:08 +0200: Memory Usage (473788K) : norcx_m4m5 has 0 polygons
2026-08-10 17:35:08 +0200: Memory Usage (473788K) : norcx_m4tm1 has 0 polygons
2026-08-10 17:35:08 +0200: Memory Usage (473916K) : norcx_m4tm2 has 0 polygons
2026-08-10 17:35:08 +0200: Memory Usage (474044K) : norcx_m5tm1 has 0 polygons
2026-08-10 17:35:08 +0200: Memory Usage (474044K) : norcx_m5tm2 has 0 polygons
2026-08-10 17:35:08 +0200: Memory Usage (474172K) : norcx_tm1tm2 has 0 polygons
2026-08-10 17:35:08 +0200: Memory Usage (474172K) : norcx_m1sub has 0 polygons
2026-08-10 17:35:08 +0200: Memory Usage (474300K) : norcx_m2sub has 0 polygons
2026-08-10 17:35:08 +0200: Memory Usage (474300K) : norcx_m3sub has 0 polygons
2026-08-10 17:35:08 +0200: Memory Usage (474428K) : norcx_m4sub has 0 polygons
2026-08-10 17:35:08 +0200: Memory Usage (474428K) : norcx_m5sub has 0 polygons
2026-08-10 17:35:08 +0200: Memory Usage (474556K) : norcx_tm1sub has 0 polygons
2026-08-10 17:35:08 +0200: Memory Usage (474556K) : norcx_tm2sub has 0 polygons
2026-08-10 17:35:08 +0200: Memory Usage (474684K) : snsbotvia_drw has 0 polygons
2026-08-10 17:35:08 +0200: Memory Usage (474812K) : snstopvia_drw has 0 polygons
2026-08-10 17:35:08 +0200: Memory Usage (474812K) : deepvia_drw has 0 polygons
2026-08-10 17:35:08 +0200: Memory Usage (474940K) : fgetch_drw has 0 polygons
2026-08-10 17:35:08 +0200: Memory Usage (474940K) : ctrgat_drw has 0 polygons
2026-08-10 17:35:08 +0200: Memory Usage (475068K) : fgimp_drw has 0 polygons
2026-08-10 17:35:08 +0200: Memory Usage (475068K) : emwihv_drw has 0 polygons
2026-08-10 17:35:08 +0200: Memory Usage (475196K) : lbe_drw has 0 polygons
2026-08-10 17:35:08 +0200: Memory Usage (475196K) : alcustop_drw has 0 polygons
2026-08-10 17:35:08 +0200: Memory Usage (475324K) : nometfiller_drw has 0 polygons
2026-08-10 17:35:08 +0200: Memory Usage (475324K) : prboundary_drw has 0 polygons
2026-08-10 17:35:08 +0200: Memory Usage (475452K) : exchange0_drw has 0 polygons
2026-08-10 17:35:08 +0200: Memory Usage (475580K) : exchange0_pin has 0 polygons
2026-08-10 17:35:08 +0200: Memory Usage (475580K) : exchange0_text has 0 polygons
2026-08-10 17:35:08 +0200: Memory Usage (475708K) : exchange1_drw has 0 polygons
2026-08-10 17:35:08 +0200: Memory Usage (475708K) : exchange1_pin has 0 polygons
2026-08-10 17:35:08 +0200: Memory Usage (475836K) : exchange1_text has 0 polygons
2026-08-10 17:35:08 +0200: Memory Usage (475836K) : exchange2_drw has 0 polygons
2026-08-10 17:35:08 +0200: Memory Usage (475964K) : exchange2_pin has 0 polygons
2026-08-10 17:35:08 +0200: Memory Usage (475964K) : exchange2_text has 0 polygons
2026-08-10 17:35:08 +0200: Memory Usage (476092K) : exchange3_drw has 0 polygons
2026-08-10 17:35:08 +0200: Memory Usage (476092K) : exchange3_pin has 0 polygons
2026-08-10 17:35:08 +0200: Memory Usage (476220K) : exchange3_text has 0 polygons
2026-08-10 17:35:08 +0200: Memory Usage (476220K) : exchange4_drw has 0 polygons
2026-08-10 17:35:08 +0200: Memory Usage (476348K) : exchange4_pin has 0 polygons
2026-08-10 17:35:08 +0200: Memory Usage (476348K) : exchange4_text has 0 polygons
2026-08-10 17:35:08 +0200: Memory Usage (476476K) : isonwell_drw has 0 polygons
2026-08-10 17:35:08 +0200: Memory Usage (476476K) : Total no. of polygons in the design is 58392
2026-08-10 17:35:08 +0200: Memory Usage (476476K) : Starting base layers derivations
2026-08-10 17:35:08 +0200: Memory Usage (476476K) : Starting general LVS derivations
2026-08-10 17:35:08 +0200: Memory Usage (480316K) : Starting MOSFET DERIVATIONS
2026-08-10 17:35:09 +0200: Memory Usage (481276K) : Starting NMOS DERIVATIONS
2026-08-10 17:35:09 +0200: Memory Usage (481276K) : Starting PMOS DERIVATIONS
2026-08-10 17:35:09 +0200: Memory Usage (481276K) : Starting RF-MOSFET DERIVATIONS
2026-08-10 17:35:09 +0200: Memory Usage (481276K) : Starting RF-NMOS DERIVATIONS
2026-08-10 17:35:09 +0200: Memory Usage (481276K) : Starting RF-PMOS DERIVATIONS
2026-08-10 17:35:09 +0200: Memory Usage (481276K) : Starting BJT DERIVATIONS
2026-08-10 17:35:09 +0200: Memory Usage (481276K) : Starting NPN-BJT DERIVATIONS
2026-08-10 17:35:09 +0200: Memory Usage (481276K) : Starting PNP-BJT DERIVATIONS
2026-08-10 17:35:09 +0200: Memory Usage (481276K) : Starting DIODE DERIVATIONS
2026-08-10 17:35:11 +0200: Memory Usage (480828K) : Starting RESISTOR DERIVATIONS
2026-08-10 17:35:12 +0200: Memory Usage (480956K) : Starting CAP DERIVATIONS
2026-08-10 17:35:12 +0200: Memory Usage (480956K) : Starting CAP_CMOM DERIVATIONS
2026-08-10 17:35:12 +0200: Memory Usage (480956K) : Starting ESD DERIVATIONS
2026-08-10 17:35:13 +0200: Memory Usage (480956K) : Starting Inductor DERIVATIONS
2026-08-10 17:35:13 +0200: Memory Usage (480956K) : Starting Taps DERIVATIONS
2026-08-10 17:35:13 +0200: Memory Usage (480956K) : Starting SG13G2 LVS connectivity setup
2026-08-10 17:35:13 +0200: Memory Usage (480956K) : Starting SG13G2 LVS connectivity setup (Inter-layer)
2026-08-10 17:35:13 +0200: Memory Usage (481084K) : Starting SG13G2 LVS connectivity setup (Global)
2026-08-10 17:35:13 +0200: Memory Usage (481084K) : Starting LVS MOSFET CONNECTIONS
2026-08-10 17:35:13 +0200: Memory Usage (481084K) : Starting LVS RF-MOSFET CONNECTIONS
2026-08-10 17:35:13 +0200: Memory Usage (481084K) : Starting LVS BJT CONNECTIONS
2026-08-10 17:35:13 +0200: Memory Usage (481084K) : Starting LVS DIODE CONNECTIONS
2026-08-10 17:35:13 +0200: Memory Usage (481084K) : Starting RESISTOR CONNECTIONS
2026-08-10 17:35:13 +0200: Memory Usage (481084K) : Starting LVS CAP CONNECTIONS
2026-08-10 17:35:13 +0200: Memory Usage (481084K) : Starting CAP_CMOM CONNECTIONS
2026-08-10 17:35:13 +0200: Memory Usage (481084K) : Starting ESD CONNECTIONS
2026-08-10 17:35:13 +0200: Memory Usage (481084K) : Starting Inductor CONNECTIONS
2026-08-10 17:35:13 +0200: Memory Usage (481084K) : Starting LVS Taps CONNECTIONS
2026-08-10 17:35:13 +0200: Memory Usage (481084K) : Starting SG13G2 LVS DEVICES EXTRACTION
2026-08-10 17:35:13 +0200: Memory Usage (481084K) : Starting MOSFET EXTRACTION
2026-08-10 17:35:13 +0200: Memory Usage (481084K) : Starting NMOS EXTRACTION
2026-08-10 17:35:13 +0200: Memory Usage (481084K) : Extraction of NMOS-LV transistor
2026-08-10 17:35:13 +0200: Memory Usage (481212K) : Extraction of NMOS-HV transistor
2026-08-10 17:35:13 +0200: Memory Usage (481212K) : Starting PMOS EXTRACTION
2026-08-10 17:35:13 +0200: Memory Usage (481212K) : Extraction of PMOS-LV transistor
2026-08-10 17:35:13 +0200: Memory Usage (481212K) : Extraction of PMOS-HV transistor
2026-08-10 17:35:13 +0200: Memory Usage (481212K) : Starting RF-MOSFET EXTRACTION
2026-08-10 17:35:13 +0200: Memory Usage (481212K) : Extraction of RF-NMOS-LV transistor
2026-08-10 17:35:13 +0200: Memory Usage (481212K) : Extraction of RF-NMOS-HV transistor
2026-08-10 17:35:13 +0200: Memory Usage (481212K) : Extraction of RF-PMOS-LV transistor
2026-08-10 17:35:13 +0200: Memory Usage (481212K) : Extraction of RF-PMOS-HV transistor
2026-08-10 17:35:13 +0200: Memory Usage (481212K) : Starting BJT EXTRACTION
2026-08-10 17:35:13 +0200: Memory Usage (481212K) : Starting NPN-BJT EXTRACTION
2026-08-10 17:35:13 +0200: Memory Usage (481212K) : Extraction of npn13G2 BJT transistor
2026-08-10 17:35:13 +0200: Memory Usage (481212K) : Extraction of npn13G2L BJT transistor
2026-08-10 17:35:13 +0200: Memory Usage (481212K) : Extraction of npn13G2V BJT transistor
2026-08-10 17:35:13 +0200: Memory Usage (481212K) : Starting PNP-BJT EXTRACTION
2026-08-10 17:35:13 +0200: Memory Usage (481212K) : Extracting pnpMPA BJT
2026-08-10 17:35:13 +0200: Memory Usage (481212K) : Starting DIODE EXTRACTION
2026-08-10 17:35:13 +0200: Memory Usage (481212K) : Extracting dantenna diode
2026-08-10 17:35:13 +0200: Memory Usage (481212K) : Extracting dpantenna diode
2026-08-10 17:35:13 +0200: Memory Usage (481212K) : Extracting schottky_nbl1 diode
2026-08-10 17:35:13 +0200: Memory Usage (481212K) : Extracting isolbox diode
2026-08-10 17:35:13 +0200: Memory Usage (481212K) : Starting RESISTOR EXTRACTION
2026-08-10 17:35:13 +0200: Memory Usage (481212K) : Extracting rsil resistor
2026-08-10 17:35:13 +0200: Memory Usage (481212K) : Extracting rppd resistor
2026-08-10 17:35:13 +0200: Memory Usage (481340K) : Extracting rhigh resistor
2026-08-10 17:35:13 +0200: Memory Usage (481340K) : Extracting res_metal1 resistor
2026-08-10 17:35:13 +0200: Memory Usage (481468K) : Extracting res_metal2 resistor
2026-08-10 17:35:13 +0200: Memory Usage (481468K) : Extracting res_metal3 resistor
2026-08-10 17:35:13 +0200: Memory Usage (481468K) : Extracting res_metal4 resistor
2026-08-10 17:35:13 +0200: Memory Usage (481468K) : Extracting res_metal5 resistor
2026-08-10 17:35:13 +0200: Memory Usage (481468K) : Extracting res_topmetal1 resistor
2026-08-10 17:35:13 +0200: Memory Usage (481468K) : Extracting res_topmetal2 resistor
2026-08-10 17:35:13 +0200: Memory Usage (481468K) : Starting CAP EXTRACTION
2026-08-10 17:35:13 +0200: Memory Usage (481468K) : Extracting cap_cmim device
2026-08-10 17:35:13 +0200: Memory Usage (481468K) : Extracting rfcmim device
2026-08-10 17:35:13 +0200: Memory Usage (481468K) : Extracting sg13_hv_svaricap varactor
2026-08-10 17:35:13 +0200: Memory Usage (481468K) : Extracting cap_cmomi device
2026-08-10 17:35:13 +0200: Memory Usage (481468K) : Extracting sg13_moscap_n capacitor
2026-08-10 17:35:13 +0200: Memory Usage (481468K) : Extracting sg13_moscap_p capacitor
2026-08-10 17:35:13 +0200: Memory Usage (481468K) : Starting ESD EXTRACTION
2026-08-10 17:35:13 +0200: Memory Usage (481468K) : Extracting diodevdd_2kv ESD device
2026-08-10 17:35:13 +0200: Memory Usage (481468K) : Extracting diodevdd_4kv ESD device
2026-08-10 17:35:13 +0200: Memory Usage (481468K) : Extracting diodevss_2kv ESD device
2026-08-10 17:35:13 +0200: Memory Usage (481468K) : Extracting diodevss_4kv ESD device
2026-08-10 17:35:13 +0200: Memory Usage (481468K) : Extracting idiodevdd_2kv ESD device
2026-08-10 17:35:13 +0200: Memory Usage (481468K) : Extracting idiodevdd_4kv ESD device
2026-08-10 17:35:13 +0200: Memory Usage (481468K) : Extracting idiodevss_2kv ESD device
2026-08-10 17:35:13 +0200: Memory Usage (481468K) : Extracting idiodevss_4kv ESD device
2026-08-10 17:35:13 +0200: Memory Usage (481468K) : Extracting nmoscl_2 ESD device
2026-08-10 17:35:13 +0200: Memory Usage (481468K) : Extracting nmoscl_4 ESD device
2026-08-10 17:35:13 +0200: Memory Usage (481468K) : Starting Inductor EXTRACTION
2026-08-10 17:35:13 +0200: Memory Usage (481468K) : Extracting Inductor2 device
2026-08-10 17:35:13 +0200: Memory Usage (481468K) : Extracting Inductor3 device
2026-08-10 17:35:13 +0200: Memory Usage (481468K) : Starting Taps EXTRACTION
2026-08-10 17:35:13 +0200: Memory Usage (481468K) : Extracting ntap1 device
2026-08-10 17:35:13 +0200: Memory Usage (481468K) : Extracting ptap1 device
2026-08-10 17:35:13 +0200: Memory Usage (481468K) : Starting SG13G2 LVS RF MOS Model Mapping
2026-08-10 17:35:14 +0200: Memory Usage (486332K) : [layout_netlist] Apply RF MOS model mapping and rfmode parameter.
2026-08-10 17:35:14 +0200: Memory Usage (486332K) : Starting SG13G2 LVS Options Preparations
2026-08-10 17:35:14 +0200: Memory Usage (486332K) : SG13G2 LVS flow: extraction -> alignment -> option preparation -> comparison.
2026-08-10 17:35:14 +0200: Memory Usage (486332K) : Starting SG13G2 LVS Alignment
2026-08-10 17:35:14 +0200: Memory Usage (486460K) : Starting SG13G2 LVS Simplification
2026-08-10 17:35:14 +0200: Memory Usage (486460K) : [layout_netlist] simplify: ENABLED
2026-08-10 17:35:14 +0200: Memory Usage (486460K) : [layout_netlist] make_top_level_pins: SKIPPED
2026-08-10 17:35:14 +0200: Memory Usage (486460K) : [layout_netlist] combine_devices: ENABLED
2026-08-10 17:35:14 +0200: Memory Usage (486460K) : [layout_netlist] purge: SKIPPED
2026-08-10 17:35:14 +0200: Memory Usage (486460K) : [layout_netlist] purge_nets: SKIPPED
2026-08-10 17:35:14 +0200: Memory Usage (486460K) : [schematic_netlist] simplify: ENABLED
2026-08-10 17:35:14 +0200: Memory Usage (486460K) : [schematic_netlist] make_top_level_pins: SKIPPED
2026-08-10 17:35:14 +0200: Memory Usage (486460K) : [schematic_netlist] combine_devices: ENABLED
2026-08-10 17:35:14 +0200: Memory Usage (486460K) : [schematic_netlist] purge: SKIPPED
2026-08-10 17:35:14 +0200: Memory Usage (486460K) : [schematic_netlist] purge_nets: SKIPPED
2026-08-10 17:35:14 +0200: Memory Usage (486460K) : Starting SG13G2 LVS Comparison
2026-08-10 17:35:14 +0200: Memory Usage (486588K) : ==========================================
2026-08-10 17:35:14 +0200: Memory Usage (486588K) : INFO : Congratulations! Netlists match.
2026-08-10 17:35:14 +0200: Memory Usage (486588K) : ==========================================
2026-08-10 17:35:14 +0200: Memory Usage (486588K) : LVS Total Run time 7.282850 seconds
10-Aug-2026 17:35:15 | INFO    | ==============================================================================
10-Aug-2026 17:35:15 | INFO    | Important Summary
10-Aug-2026 17:35:15 | INFO    | +------------------+---------------------------------------------------------------------------------------------+
10-Aug-2026 17:35:15 | INFO    | | Status           | PASS                                                                                        |
10-Aug-2026 17:35:15 | INFO    | | Mode             | COMPARE                                                                                     |
10-Aug-2026 17:35:15 | INFO    | | Outcome          | Comparison mode: PASS (netlists match).                                                     |
10-Aug-2026 17:35:15 | INFO    | | Layout           | sg13g2_IOPadInOut4mA.gds                                                                    |
10-Aug-2026 17:35:15 | INFO    | | Top Cell         | sg13g2_IOPadInOut4mA                                                                        |
10-Aug-2026 17:35:15 | INFO    | | Results Dir      | /foss/designs/ihp-open-pdk-regression/IOPADS/lvs_sweep/20260810_173421/sg13g2_IOPadInOut4mA |
10-Aug-2026 17:35:15 | INFO    | | Warnings         | 0                                                                                           |
10-Aug-2026 17:35:15 | INFO    | | Errors           | 0                                                                                           |
10-Aug-2026 17:35:15 | INFO    | | Run Time (s)     | 12.499                                                                                      |
10-Aug-2026 17:35:15 | INFO    | +------------------+---------------------------------------------------------------------------------------------+
10-Aug-2026 17:35:15 | INFO    | ==============================================================================
