03-Aug-2026 15:33:52 | INFO    | Your Klayout version is: KLayout 0.30.9 (required >= 0.30.5)
03-Aug-2026 15:33:52 | INFO    | Running SG13G2 LVS checks on design /foss/designs/ihp-open-pdk-regression/IOPADS/layout/sg13g2_IOPadVdd.gds on cell sg13g2_IOPadVdd
2026-08-03 15:34:01 +0200: Memory Usage (456172K) : Starting running SG13G2 Klayout LVS runset on /foss/designs/ihp-open-pdk-regression/IOPADS/layout/sg13g2_IOPadVdd.gds
2026-08-03 15:34:01 +0200: Memory Usage (456172K) : Ruby Version for klayout: 3.2.3
2026-08-03 15:34:01 +0200: Memory Usage (457196K) : Loading database to memory is complete.
2026-08-03 15:34:01 +0200: Memory Usage (457196K) : SG13G2 Klayout LVS runset output at: /foss/designs/ihp-open-pdk-regression/IOPADS/lvs_sweep/20260803_153347/sg13g2_IOPadVdd/sg13g2_IOPadVdd.lvsdb
2026-08-03 15:34:01 +0200: Memory Usage (457196K) : Evaluate switches.
2026-08-03 15:34:01 +0200: Memory Usage (457196K) : Extracted netlist with net names: true
2026-08-03 15:34:01 +0200: Memory Usage (457196K) : Extracted netlist with comments in details: false
2026-08-03 15:34:01 +0200: Memory Usage (457196K) : Selected NET_ONLY option: false
2026-08-03 15:34:01 +0200: Memory Usage (457196K) : Selected LAYOUT_NETLIST option: (none)
2026-08-03 15:34:01 +0200: Memory Usage (457196K) : Selected IGNORE_TOP_PORTS_MISMATCH option: 
2026-08-03 15:34:01 +0200: Memory Usage (457196K) : Selected IMPLICIT_NETS option: (none)
2026-08-03 15:34:01 +0200: Memory Usage (457196K) : Selected TOP_LVL_PINS option: false
2026-08-03 15:34:01 +0200: Memory Usage (457196K) : Selected COMBINE DEVICES option: true
2026-08-03 15:34:01 +0200: Memory Usage (457196K) : Selected PURGE option: false
2026-08-03 15:34:01 +0200: Memory Usage (457196K) : Selected PURGE_NETS option: false
2026-08-03 15:34:01 +0200: Memory Usage (457196K) : Selected SIMPLIFY option: true
2026-08-03 15:34:01 +0200: Memory Usage (457196K) : Selected SERIES_RES option: true
2026-08-03 15:34:01 +0200: Memory Usage (457196K) : Selected PARALLEL_RES option: true
2026-08-03 15:34:01 +0200: Memory Usage (457196K) : Selected DISABLE_TAP_EXTRACTION option: true
2026-08-03 15:34:01 +0200: Memory Usage (457196K) : deep  mode is enabled.
2026-08-03 15:34:01 +0200: Memory Usage (457580K) : Netlist file: /foss/designs/ihp-open-pdk-regression/IOPADS/netlist/pads/sg13g2_IOPadVdd.spi
2026-08-03 15:34:01 +0200: Memory Usage (457580K) : LVS extracted netlist at: /foss/designs/ihp-open-pdk-regression/IOPADS/lvs_sweep/20260803_153347/sg13g2_IOPadVdd/sg13g2_IOPadVdd_extracted.cir
2026-08-03 15:34:01 +0200: Memory Usage (457580K) : Applying SRAM integration support.
2026-08-03 15:34:01 +0200: Memory Usage (457580K) : Starting SG13G2 LVS runset
2026-08-03 15:34:01 +0200: Memory Usage (457580K) : Read in polygons from layers.
2026-08-03 15:34:01 +0200: Memory Usage (458732K) : activ_drw has 40 polygons
2026-08-03 15:34:01 +0200: Memory Usage (458732K) : activ_filler has 0 polygons
2026-08-03 15:34:01 +0200: Memory Usage (458860K) : activ has 40 polygons
2026-08-03 15:34:01 +0200: Memory Usage (458860K) : activ_pin has 0 polygons
2026-08-03 15:34:01 +0200: Memory Usage (458860K) : activ_mask has 0 polygons
2026-08-03 15:34:02 +0200: Memory Usage (458860K) : activ_nofill has 0 polygons
2026-08-03 15:34:02 +0200: Memory Usage (458860K) : activ_OPC has 0 polygons
2026-08-03 15:34:02 +0200: Memory Usage (458860K) : activ_iOPC has 0 polygons
2026-08-03 15:34:02 +0200: Memory Usage (458860K) : activ_noqrc has 0 polygons
2026-08-03 15:34:02 +0200: Memory Usage (458860K) : biwind_drw has 0 polygons
2026-08-03 15:34:02 +0200: Memory Usage (458860K) : biwind_OPC has 0 polygons
2026-08-03 15:34:02 +0200: Memory Usage (458860K) : gatpoly_drw has 132 polygons
2026-08-03 15:34:02 +0200: Memory Usage (458860K) : gatpoly_filler has 0 polygons
2026-08-03 15:34:02 +0200: Memory Usage (458988K) : gatpoly has 132 polygons
2026-08-03 15:34:02 +0200: Memory Usage (458988K) : gatpoly_pin has 0 polygons
2026-08-03 15:34:02 +0200: Memory Usage (459116K) : gatpoly_nofill has 0 polygons
2026-08-03 15:34:02 +0200: Memory Usage (459116K) : gatpoly_OPC has 0 polygons
2026-08-03 15:34:02 +0200: Memory Usage (459244K) : gatpoly_iOPC has 0 polygons
2026-08-03 15:34:02 +0200: Memory Usage (459244K) : gatpoly_noqrc has 0 polygons
2026-08-03 15:34:02 +0200: Memory Usage (459628K) : cont_drw has 23192 polygons
2026-08-03 15:34:02 +0200: Memory Usage (460012K) : cont_OPC has 0 polygons
2026-08-03 15:34:02 +0200: Memory Usage (460012K) : nsd_drw has 0 polygons
2026-08-03 15:34:02 +0200: Memory Usage (460012K) : nsd_block has 0 polygons
2026-08-03 15:34:02 +0200: Memory Usage (460012K) : metal1_drw has 410 polygons
2026-08-03 15:34:02 +0200: Memory Usage (460012K) : metal1_filler has 0 polygons
2026-08-03 15:34:02 +0200: Memory Usage (460012K) : metal1_slit has 0 polygons
2026-08-03 15:34:02 +0200: Memory Usage (460268K) : metal1 has 410 polygons
2026-08-03 15:34:02 +0200: Memory Usage (460396K) : metal1_pin has 5 polygons
2026-08-03 15:34:02 +0200: Memory Usage (460396K) : metal1_mask has 0 polygons
2026-08-03 15:34:02 +0200: Memory Usage (460396K) : metal1_nofill has 0 polygons
2026-08-03 15:34:02 +0200: Memory Usage (460524K) : metal1_text has 5 polygons
2026-08-03 15:34:02 +0200: Memory Usage (460524K) : metal1_OPC has 0 polygons
2026-08-03 15:34:02 +0200: Memory Usage (460652K) : metal1_noqrc has 0 polygons
2026-08-03 15:34:02 +0200: Memory Usage (460652K) : metal1_res has 0 polygons
2026-08-03 15:34:02 +0200: Memory Usage (460780K) : metal1_iprobe has 0 polygons
2026-08-03 15:34:02 +0200: Memory Usage (460780K) : metal1_diffprb has 0 polygons
2026-08-03 15:34:02 +0200: Memory Usage (460908K) : passiv_drw has 0 polygons
2026-08-03 15:34:02 +0200: Memory Usage (460908K) : passiv_pin has 0 polygons
2026-08-03 15:34:02 +0200: Memory Usage (461036K) : passiv_sbump has 0 polygons
2026-08-03 15:34:02 +0200: Memory Usage (461036K) : passiv_pillar has 0 polygons
2026-08-03 15:34:02 +0200: Memory Usage (461036K) : passiv_pdl has 0 polygons
2026-08-03 15:34:02 +0200: Memory Usage (461036K) : metal2_drw has 87 polygons
2026-08-03 15:34:02 +0200: Memory Usage (461164K) : metal2_filler has 0 polygons
2026-08-03 15:34:02 +0200: Memory Usage (461164K) : metal2_slit has 0 polygons
2026-08-03 15:34:02 +0200: Memory Usage (461292K) : metal2 has 87 polygons
2026-08-03 15:34:02 +0200: Memory Usage (461292K) : metal2_pin has 26 polygons
2026-08-03 15:34:02 +0200: Memory Usage (461420K) : metal2_mask has 0 polygons
2026-08-03 15:34:02 +0200: Memory Usage (461420K) : metal2_nofill has 0 polygons
2026-08-03 15:34:02 +0200: Memory Usage (461548K) : metal2_text has 26 polygons
2026-08-03 15:34:02 +0200: Memory Usage (461548K) : metal2_OPC has 0 polygons
2026-08-03 15:34:02 +0200: Memory Usage (461676K) : metal2_noqrc has 0 polygons
2026-08-03 15:34:02 +0200: Memory Usage (461676K) : metal2_res has 0 polygons
2026-08-03 15:34:02 +0200: Memory Usage (461804K) : metal2_iprobe has 0 polygons
2026-08-03 15:34:02 +0200: Memory Usage (461804K) : metal2_diffprb has 0 polygons
2026-08-03 15:34:02 +0200: Memory Usage (461932K) : baspoly_drw has 0 polygons
2026-08-03 15:34:02 +0200: Memory Usage (461932K) : baspoly_pin has 0 polygons
2026-08-03 15:34:02 +0200: Memory Usage (462060K) : psd_drw has 15 polygons
2026-08-03 15:34:02 +0200: Memory Usage (462188K) : nldb_drw has 0 polygons
2026-08-03 15:34:02 +0200: Memory Usage (462188K) : digibnd_drw has 0 polygons
2026-08-03 15:34:02 +0200: Memory Usage (462316K) : via1_drw has 4146 polygons
2026-08-03 15:34:02 +0200: Memory Usage (462444K) : backmetal1_drw has 0 polygons
2026-08-03 15:34:02 +0200: Memory Usage (462444K) : backmetal1_pin has 0 polygons
2026-08-03 15:34:02 +0200: Memory Usage (462444K) : backmetal1_mask has 0 polygons
2026-08-03 15:34:02 +0200: Memory Usage (462444K) : backmetal1_filler has 0 polygons
2026-08-03 15:34:02 +0200: Memory Usage (462444K) : backmetal1_nofill has 0 polygons
2026-08-03 15:34:02 +0200: Memory Usage (462444K) : backmetal1_slit has 0 polygons
2026-08-03 15:34:02 +0200: Memory Usage (462444K) : backmetal1_text has 0 polygons
2026-08-03 15:34:02 +0200: Memory Usage (462444K) : backmetal1_OPC has 0 polygons
2026-08-03 15:34:02 +0200: Memory Usage (462444K) : backmetal1_noqrc has 0 polygons
2026-08-03 15:34:02 +0200: Memory Usage (462444K) : backmetal1_res has 0 polygons
2026-08-03 15:34:02 +0200: Memory Usage (462444K) : backmetal1_iprobe has 0 polygons
2026-08-03 15:34:02 +0200: Memory Usage (462444K) : backmetal1_diffprb has 0 polygons
2026-08-03 15:34:02 +0200: Memory Usage (462444K) : backpassiv_drw has 0 polygons
2026-08-03 15:34:02 +0200: Memory Usage (462444K) : res_drw has 0 polygons
2026-08-03 15:34:02 +0200: Memory Usage (462444K) : sram_drw has 0 polygons
2026-08-03 15:34:02 +0200: Memory Usage (462444K) : trans_drw has 0 polygons
2026-08-03 15:34:02 +0200: Memory Usage (462444K) : ind_drw has 0 polygons
2026-08-03 15:34:02 +0200: Memory Usage (462444K) : ind_pin has 0 polygons
2026-08-03 15:34:02 +0200: Memory Usage (462444K) : ind_text has 0 polygons
2026-08-03 15:34:02 +0200: Memory Usage (462444K) : salblock_drw has 1 polygons
2026-08-03 15:34:02 +0200: Memory Usage (462444K) : via2_drw has 2614 polygons
2026-08-03 15:34:02 +0200: Memory Usage (462444K) : metal3_drw has 30 polygons
2026-08-03 15:34:02 +0200: Memory Usage (462444K) : metal3_filler has 0 polygons
2026-08-03 15:34:02 +0200: Memory Usage (462444K) : metal3_slit has 0 polygons
2026-08-03 15:34:02 +0200: Memory Usage (462444K) : metal3 has 30 polygons
2026-08-03 15:34:02 +0200: Memory Usage (462444K) : metal3_pin has 8 polygons
2026-08-03 15:34:02 +0200: Memory Usage (462444K) : metal3_mask has 0 polygons
2026-08-03 15:34:02 +0200: Memory Usage (462444K) : metal3_nofill has 0 polygons
2026-08-03 15:34:02 +0200: Memory Usage (462444K) : metal3_text has 8 polygons
2026-08-03 15:34:02 +0200: Memory Usage (462444K) : metal3_OPC has 0 polygons
2026-08-03 15:34:02 +0200: Memory Usage (462444K) : metal3_noqrc has 0 polygons
2026-08-03 15:34:02 +0200: Memory Usage (462444K) : metal3_res has 0 polygons
2026-08-03 15:34:02 +0200: Memory Usage (462444K) : metal3_iprobe has 0 polygons
2026-08-03 15:34:02 +0200: Memory Usage (462444K) : metal3_diffprb has 0 polygons
2026-08-03 15:34:02 +0200: Memory Usage (462444K) : nwell_drw has 65 polygons
2026-08-03 15:34:02 +0200: Memory Usage (462444K) : nwell_pin has 0 polygons
2026-08-03 15:34:02 +0200: Memory Usage (462444K) : nwell_text has 0 polygons
2026-08-03 15:34:02 +0200: Memory Usage (462444K) : nbulay_drw has 0 polygons
2026-08-03 15:34:02 +0200: Memory Usage (462444K) : nbulay_pin has 0 polygons
2026-08-03 15:34:02 +0200: Memory Usage (462444K) : nbulay_block has 0 polygons
2026-08-03 15:34:02 +0200: Memory Usage (462444K) : emwind_drw has 0 polygons
2026-08-03 15:34:02 +0200: Memory Usage (462444K) : emwind_OPC has 0 polygons
2026-08-03 15:34:02 +0200: Memory Usage (462444K) : deepco_drw has 0 polygons
2026-08-03 15:34:02 +0200: Memory Usage (462444K) : mim_drw has 0 polygons
2026-08-03 15:34:02 +0200: Memory Usage (462444K) : edgeseal_drw has 0 polygons
2026-08-03 15:34:02 +0200: Memory Usage (462444K) : substrate_drw has 14 polygons
2026-08-03 15:34:02 +0200: Memory Usage (462444K) : substrate_text has 0 polygons
2026-08-03 15:34:02 +0200: Memory Usage (462444K) : dfpad_drw has 0 polygons
2026-08-03 15:34:02 +0200: Memory Usage (462444K) : dfpad_pillar has 0 polygons
2026-08-03 15:34:02 +0200: Memory Usage (462444K) : dfpad_sbump has 0 polygons
2026-08-03 15:34:02 +0200: Memory Usage (462444K) : thickgateox_drw has 3 polygons
2026-08-03 15:34:02 +0200: Memory Usage (462444K) : pldb_drw has 0 polygons
2026-08-03 15:34:02 +0200: Memory Usage (462444K) : pwell_drw has 0 polygons
2026-08-03 15:34:02 +0200: Memory Usage (462572K) : pwell_pin has 0 polygons
2026-08-03 15:34:02 +0200: Memory Usage (462572K) : pwell_block has 0 polygons
2026-08-03 15:34:02 +0200: Memory Usage (462572K) : ic_drw has 0 polygons
2026-08-03 15:34:02 +0200: Memory Usage (462572K) : via3_drw has 2087 polygons
2026-08-03 15:34:02 +0200: Memory Usage (462572K) : metal4_drw has 8 polygons
2026-08-03 15:34:02 +0200: Memory Usage (462572K) : metal4_filler has 0 polygons
2026-08-03 15:34:02 +0200: Memory Usage (462572K) : metal4_slit has 0 polygons
2026-08-03 15:34:02 +0200: Memory Usage (462700K) : metal4 has 8 polygons
2026-08-03 15:34:02 +0200: Memory Usage (462700K) : metal4_pin has 8 polygons
2026-08-03 15:34:02 +0200: Memory Usage (462828K) : metal4_mask has 0 polygons
2026-08-03 15:34:02 +0200: Memory Usage (462956K) : metal4_nofill has 0 polygons
2026-08-03 15:34:02 +0200: Memory Usage (462956K) : metal4_text has 8 polygons
2026-08-03 15:34:02 +0200: Memory Usage (462956K) : metal4_OPC has 0 polygons
2026-08-03 15:34:02 +0200: Memory Usage (463084K) : metal4_noqrc has 0 polygons
2026-08-03 15:34:02 +0200: Memory Usage (463084K) : metal4_res has 0 polygons
2026-08-03 15:34:02 +0200: Memory Usage (463212K) : metal4_iprobe has 0 polygons
2026-08-03 15:34:02 +0200: Memory Usage (463212K) : metal4_diffprb has 0 polygons
2026-08-03 15:34:02 +0200: Memory Usage (463340K) : heattrans_drw has 0 polygons
2026-08-03 15:34:02 +0200: Memory Usage (463340K) : heatres_drw has 0 polygons
2026-08-03 15:34:02 +0200: Memory Usage (463340K) : fbe_drw has 0 polygons
2026-08-03 15:34:02 +0200: Memory Usage (463468K) : empoly_drw has 0 polygons
2026-08-03 15:34:02 +0200: Memory Usage (463468K) : digisub_drw has 0 polygons
2026-08-03 15:34:02 +0200: Memory Usage (463596K) : text_drw has 30 polygons
2026-08-03 15:34:02 +0200: Memory Usage (463596K) : via4_drw has 2371 polygons
2026-08-03 15:34:02 +0200: Memory Usage (463724K) : metal5_drw has 8 polygons
2026-08-03 15:34:02 +0200: Memory Usage (463724K) : metal5_filler has 0 polygons
2026-08-03 15:34:02 +0200: Memory Usage (463852K) : metal5_slit has 0 polygons
2026-08-03 15:34:02 +0200: Memory Usage (463980K) : metal5 has 8 polygons
2026-08-03 15:34:02 +0200: Memory Usage (463980K) : metal5_pin has 8 polygons
2026-08-03 15:34:02 +0200: Memory Usage (464108K) : metal5_mask has 0 polygons
2026-08-03 15:34:02 +0200: Memory Usage (464108K) : metal5_nofill has 0 polygons
2026-08-03 15:34:02 +0200: Memory Usage (464108K) : metal5_text has 8 polygons
2026-08-03 15:34:02 +0200: Memory Usage (464236K) : metal5_OPC has 0 polygons
2026-08-03 15:34:02 +0200: Memory Usage (464236K) : metal5_noqrc has 0 polygons
2026-08-03 15:34:02 +0200: Memory Usage (464364K) : metal5_res has 0 polygons
2026-08-03 15:34:02 +0200: Memory Usage (464364K) : metal5_iprobe has 0 polygons
2026-08-03 15:34:02 +0200: Memory Usage (464492K) : metal5_diffprb has 0 polygons
2026-08-03 15:34:03 +0200: Memory Usage (464492K) : radhard_drw has 0 polygons
2026-08-03 15:34:03 +0200: Memory Usage (464492K) : memcap_drw has 0 polygons
2026-08-03 15:34:03 +0200: Memory Usage (464492K) : varicap_drw has 0 polygons
2026-08-03 15:34:03 +0200: Memory Usage (464492K) : intbondvia_drw has 0 polygons
2026-08-03 15:34:03 +0200: Memory Usage (464492K) : intbondmet_drw has 0 polygons
2026-08-03 15:34:03 +0200: Memory Usage (464492K) : devbondvia_drw has 0 polygons
2026-08-03 15:34:03 +0200: Memory Usage (464492K) : devbondmet_drw has 0 polygons
2026-08-03 15:34:03 +0200: Memory Usage (464492K) : devtrench_drw has 0 polygons
2026-08-03 15:34:03 +0200: Memory Usage (464492K) : redist_drw has 0 polygons
2026-08-03 15:34:03 +0200: Memory Usage (464492K) : graphbot_drw has 0 polygons
2026-08-03 15:34:03 +0200: Memory Usage (464492K) : graphtop_drw has 0 polygons
2026-08-03 15:34:03 +0200: Memory Usage (464492K) : antvia1_drw has 0 polygons
2026-08-03 15:34:03 +0200: Memory Usage (464492K) : antmetal2_drw has 0 polygons
2026-08-03 15:34:03 +0200: Memory Usage (464492K) : graphcont_drw has 0 polygons
2026-08-03 15:34:03 +0200: Memory Usage (464492K) : siwg_drw has 0 polygons
2026-08-03 15:34:03 +0200: Memory Usage (464492K) : siwg_filler has 0 polygons
2026-08-03 15:34:03 +0200: Memory Usage (464492K) : siwg_nofill has 0 polygons
2026-08-03 15:34:03 +0200: Memory Usage (464492K) : sigrating_drw has 0 polygons
2026-08-03 15:34:03 +0200: Memory Usage (464492K) : singrating_drw has 0 polygons
2026-08-03 15:34:03 +0200: Memory Usage (464492K) : graphpas_drw has 0 polygons
2026-08-03 15:34:03 +0200: Memory Usage (464492K) : emwind3_drw has 0 polygons
2026-08-03 15:34:03 +0200: Memory Usage (464492K) : emwihv3_drw has 0 polygons
2026-08-03 15:34:03 +0200: Memory Usage (464492K) : redbulay_drw has 0 polygons
2026-08-03 15:34:03 +0200: Memory Usage (464492K) : smos_drw has 0 polygons
2026-08-03 15:34:03 +0200: Memory Usage (464492K) : graphpad_drw has 0 polygons
2026-08-03 15:34:03 +0200: Memory Usage (464492K) : polimide_drw has 0 polygons
2026-08-03 15:34:03 +0200: Memory Usage (464492K) : polimide_pin has 0 polygons
2026-08-03 15:34:03 +0200: Memory Usage (464492K) : recog_drw has 0 polygons
2026-08-03 15:34:03 +0200: Memory Usage (464492K) : recog_pin has 0 polygons
2026-08-03 15:34:03 +0200: Memory Usage (464492K) : recog_esd has 0 polygons
2026-08-03 15:34:03 +0200: Memory Usage (464492K) : recog_diode has 1 polygons
2026-08-03 15:34:03 +0200: Memory Usage (464492K) : recog_tsv has 0 polygons
2026-08-03 15:34:03 +0200: Memory Usage (464492K) : recog_iprobe has 0 polygons
2026-08-03 15:34:03 +0200: Memory Usage (464492K) : recog_diffprb has 0 polygons
2026-08-03 15:34:03 +0200: Memory Usage (464492K) : recog_pillar has 0 polygons
2026-08-03 15:34:03 +0200: Memory Usage (464492K) : recog_sbump has 0 polygons
2026-08-03 15:34:03 +0200: Memory Usage (464492K) : recog_otp has 0 polygons
2026-08-03 15:34:03 +0200: Memory Usage (464492K) : recog_pdiode has 0 polygons
2026-08-03 15:34:03 +0200: Memory Usage (464492K) : recog_mom has 0 polygons
2026-08-03 15:34:03 +0200: Memory Usage (464492K) : recog_pcm has 0 polygons
2026-08-03 15:34:03 +0200: Memory Usage (464492K) : colopen_drw has 0 polygons
2026-08-03 15:34:03 +0200: Memory Usage (464492K) : graphmetal1_drw has 0 polygons
2026-08-03 15:34:03 +0200: Memory Usage (464492K) : graphmetal1_filler has 0 polygons
2026-08-03 15:34:03 +0200: Memory Usage (464492K) : graphmetal1_nofill has 0 polygons
2026-08-03 15:34:03 +0200: Memory Usage (464492K) : graphmetal1_slit has 0 polygons
2026-08-03 15:34:03 +0200: Memory Usage (464492K) : graphmetal1_OPC has 0 polygons
2026-08-03 15:34:03 +0200: Memory Usage (464492K) : graphmet1l_drw has 0 polygons
2026-08-03 15:34:03 +0200: Memory Usage (464492K) : graphmet1l_filler has 0 polygons
2026-08-03 15:34:03 +0200: Memory Usage (464492K) : graphmet1l_nofill has 0 polygons
2026-08-03 15:34:03 +0200: Memory Usage (464492K) : graphmet1l_slit has 0 polygons
2026-08-03 15:34:03 +0200: Memory Usage (464492K) : graphmet1l_OPC has 0 polygons
2026-08-03 15:34:03 +0200: Memory Usage (464492K) : extblock_drw has 1 polygons
2026-08-03 15:34:03 +0200: Memory Usage (464492K) : nldd_drw has 0 polygons
2026-08-03 15:34:03 +0200: Memory Usage (464492K) : pldd_drw has 0 polygons
2026-08-03 15:34:03 +0200: Memory Usage (464492K) : next_drw has 0 polygons
2026-08-03 15:34:03 +0200: Memory Usage (464492K) : pext_drw has 0 polygons
2026-08-03 15:34:03 +0200: Memory Usage (464492K) : nexthv_drw has 0 polygons
2026-08-03 15:34:03 +0200: Memory Usage (464492K) : pexthv_drw has 0 polygons
2026-08-03 15:34:03 +0200: Memory Usage (464492K) : graphgate_drw has 0 polygons
2026-08-03 15:34:03 +0200: Memory Usage (464492K) : sinwg_drw has 0 polygons
2026-08-03 15:34:03 +0200: Memory Usage (464492K) : sinwg_filler has 0 polygons
2026-08-03 15:34:03 +0200: Memory Usage (464492K) : sinwg_nofill has 0 polygons
2026-08-03 15:34:03 +0200: Memory Usage (464492K) : mempad_drw has 0 polygons
2026-08-03 15:34:03 +0200: Memory Usage (464492K) : topvia1_drw has 2315 polygons
2026-08-03 15:34:03 +0200: Memory Usage (464492K) : topmetal1_drw has 8 polygons
2026-08-03 15:34:03 +0200: Memory Usage (464492K) : topmetal1_filler has 0 polygons
2026-08-03 15:34:03 +0200: Memory Usage (464492K) : topmetal1_slit has 0 polygons
2026-08-03 15:34:03 +0200: Memory Usage (464492K) : topmetal1 has 8 polygons
2026-08-03 15:34:03 +0200: Memory Usage (464492K) : topmetal1_pin has 8 polygons
2026-08-03 15:34:03 +0200: Memory Usage (464492K) : topmetal1_mask has 0 polygons
2026-08-03 15:34:03 +0200: Memory Usage (464492K) : topmetal1_nofill has 0 polygons
2026-08-03 15:34:03 +0200: Memory Usage (464492K) : topmetal1_text has 8 polygons
2026-08-03 15:34:03 +0200: Memory Usage (464492K) : topmetal1_noqrc has 0 polygons
2026-08-03 15:34:03 +0200: Memory Usage (464492K) : topmetal1_res has 0 polygons
2026-08-03 15:34:03 +0200: Memory Usage (464492K) : topmetal1_iprobe has 0 polygons
2026-08-03 15:34:03 +0200: Memory Usage (464492K) : topmetal1_diffprb has 0 polygons
2026-08-03 15:34:03 +0200: Memory Usage (464492K) : inldpwl_drw has 0 polygons
2026-08-03 15:34:03 +0200: Memory Usage (464492K) : polyres_drw has 0 polygons
2026-08-03 15:34:03 +0200: Memory Usage (464492K) : polyres_pin has 0 polygons
2026-08-03 15:34:03 +0200: Memory Usage (464492K) : vmim_drw has 0 polygons
2026-08-03 15:34:03 +0200: Memory Usage (464492K) : nbulaycut_drw has 0 polygons
2026-08-03 15:34:03 +0200: Memory Usage (464492K) : antmetal1_drw has 0 polygons
2026-08-03 15:34:03 +0200: Memory Usage (464492K) : topvia2_drw has 443 polygons
2026-08-03 15:34:03 +0200: Memory Usage (464492K) : topmetal2_drw has 12 polygons
2026-08-03 15:34:03 +0200: Memory Usage (464492K) : topmetal2_filler has 0 polygons
2026-08-03 15:34:03 +0200: Memory Usage (464492K) : topmetal2_slit has 0 polygons
2026-08-03 15:34:03 +0200: Memory Usage (464492K) : topmetal2 has 12 polygons
2026-08-03 15:34:03 +0200: Memory Usage (464492K) : topmetal2_pin has 12 polygons
2026-08-03 15:34:03 +0200: Memory Usage (464620K) : topmetal2_mask has 0 polygons
2026-08-03 15:34:03 +0200: Memory Usage (464620K) : topmetal2_nofill has 0 polygons
2026-08-03 15:34:03 +0200: Memory Usage (464748K) : topmetal2_text has 12 polygons
2026-08-03 15:34:03 +0200: Memory Usage (464748K) : topmetal2_noqrc has 0 polygons
2026-08-03 15:34:03 +0200: Memory Usage (464876K) : topmetal2_res has 0 polygons
2026-08-03 15:34:03 +0200: Memory Usage (464876K) : topmetal2_iprobe has 0 polygons
2026-08-03 15:34:03 +0200: Memory Usage (465004K) : topmetal2_diffprb has 0 polygons
2026-08-03 15:34:03 +0200: Memory Usage (465004K) : snsring_drw has 0 polygons
2026-08-03 15:34:03 +0200: Memory Usage (465132K) : sensor_drw has 0 polygons
2026-08-03 15:34:03 +0200: Memory Usage (465132K) : snsarms_drw has 0 polygons
2026-08-03 15:34:03 +0200: Memory Usage (465260K) : snscmosvia_drw has 0 polygons
2026-08-03 15:34:03 +0200: Memory Usage (465260K) : colwind_drw has 0 polygons
2026-08-03 15:34:03 +0200: Memory Usage (465260K) : flm_drw has 0 polygons
2026-08-03 15:34:03 +0200: Memory Usage (465388K) : hafniumox_drw has 0 polygons
2026-08-03 15:34:03 +0200: Memory Usage (465388K) : memvia_drw has 0 polygons
2026-08-03 15:34:03 +0200: Memory Usage (465516K) : thinfilmres_drw has 0 polygons
2026-08-03 15:34:03 +0200: Memory Usage (465516K) : rfmem_drw has 0 polygons
2026-08-03 15:34:03 +0200: Memory Usage (465644K) : norcx_drw has 0 polygons
2026-08-03 15:34:03 +0200: Memory Usage (465644K) : norcx_m2m3 has 0 polygons
2026-08-03 15:34:03 +0200: Memory Usage (465772K) : norcx_m2m4 has 0 polygons
2026-08-03 15:34:03 +0200: Memory Usage (465772K) : norcx_m2m5 has 0 polygons
2026-08-03 15:34:03 +0200: Memory Usage (465900K) : norcx_m2tm1 has 0 polygons
2026-08-03 15:34:03 +0200: Memory Usage (465900K) : norcx_m2tm2 has 0 polygons
2026-08-03 15:34:03 +0200: Memory Usage (466028K) : norcx_m3m4 has 0 polygons
2026-08-03 15:34:03 +0200: Memory Usage (466028K) : norcx_m3m5 has 0 polygons
2026-08-03 15:34:03 +0200: Memory Usage (466028K) : norcx_m3tm1 has 0 polygons
2026-08-03 15:34:03 +0200: Memory Usage (466028K) : norcx_m3tm2 has 0 polygons
2026-08-03 15:34:03 +0200: Memory Usage (466028K) : norcx_m4m5 has 0 polygons
2026-08-03 15:34:03 +0200: Memory Usage (466028K) : norcx_m4tm1 has 0 polygons
2026-08-03 15:34:03 +0200: Memory Usage (466028K) : norcx_m4tm2 has 0 polygons
2026-08-03 15:34:03 +0200: Memory Usage (466028K) : norcx_m5tm1 has 0 polygons
2026-08-03 15:34:03 +0200: Memory Usage (466028K) : norcx_m5tm2 has 0 polygons
2026-08-03 15:34:03 +0200: Memory Usage (466028K) : norcx_tm1tm2 has 0 polygons
2026-08-03 15:34:03 +0200: Memory Usage (466028K) : norcx_m1sub has 0 polygons
2026-08-03 15:34:03 +0200: Memory Usage (466028K) : norcx_m2sub has 0 polygons
2026-08-03 15:34:03 +0200: Memory Usage (466028K) : norcx_m3sub has 0 polygons
2026-08-03 15:34:03 +0200: Memory Usage (466028K) : norcx_m4sub has 0 polygons
2026-08-03 15:34:03 +0200: Memory Usage (466028K) : norcx_m5sub has 0 polygons
2026-08-03 15:34:03 +0200: Memory Usage (466028K) : norcx_tm1sub has 0 polygons
2026-08-03 15:34:03 +0200: Memory Usage (466028K) : norcx_tm2sub has 0 polygons
2026-08-03 15:34:03 +0200: Memory Usage (466028K) : snsbotvia_drw has 0 polygons
2026-08-03 15:34:03 +0200: Memory Usage (466028K) : snstopvia_drw has 0 polygons
2026-08-03 15:34:03 +0200: Memory Usage (466028K) : deepvia_drw has 0 polygons
2026-08-03 15:34:03 +0200: Memory Usage (466028K) : fgetch_drw has 0 polygons
2026-08-03 15:34:03 +0200: Memory Usage (466028K) : ctrgat_drw has 0 polygons
2026-08-03 15:34:03 +0200: Memory Usage (466028K) : fgimp_drw has 0 polygons
2026-08-03 15:34:03 +0200: Memory Usage (466028K) : emwihv_drw has 0 polygons
2026-08-03 15:34:03 +0200: Memory Usage (466028K) : lbe_drw has 0 polygons
2026-08-03 15:34:03 +0200: Memory Usage (466028K) : alcustop_drw has 0 polygons
2026-08-03 15:34:03 +0200: Memory Usage (466028K) : nometfiller_drw has 0 polygons
2026-08-03 15:34:03 +0200: Memory Usage (466028K) : prboundary_drw has 0 polygons
2026-08-03 15:34:03 +0200: Memory Usage (466028K) : exchange0_drw has 0 polygons
2026-08-03 15:34:03 +0200: Memory Usage (466028K) : exchange0_pin has 0 polygons
2026-08-03 15:34:03 +0200: Memory Usage (466028K) : exchange0_text has 0 polygons
2026-08-03 15:34:03 +0200: Memory Usage (466028K) : exchange1_drw has 0 polygons
2026-08-03 15:34:03 +0200: Memory Usage (466028K) : exchange1_pin has 0 polygons
2026-08-03 15:34:03 +0200: Memory Usage (466028K) : exchange1_text has 0 polygons
2026-08-03 15:34:03 +0200: Memory Usage (466028K) : exchange2_drw has 0 polygons
2026-08-03 15:34:03 +0200: Memory Usage (466028K) : exchange2_pin has 0 polygons
2026-08-03 15:34:03 +0200: Memory Usage (466028K) : exchange2_text has 0 polygons
2026-08-03 15:34:03 +0200: Memory Usage (466028K) : exchange3_drw has 0 polygons
2026-08-03 15:34:03 +0200: Memory Usage (466028K) : exchange3_pin has 0 polygons
2026-08-03 15:34:03 +0200: Memory Usage (466028K) : exchange3_text has 0 polygons
2026-08-03 15:34:03 +0200: Memory Usage (466028K) : exchange4_drw has 0 polygons
2026-08-03 15:34:03 +0200: Memory Usage (466028K) : exchange4_pin has 0 polygons
2026-08-03 15:34:03 +0200: Memory Usage (466028K) : exchange4_text has 0 polygons
2026-08-03 15:34:03 +0200: Memory Usage (466028K) : isonwell_drw has 0 polygons
2026-08-03 15:34:03 +0200: Memory Usage (466028K) : Total no. of polygons in the design is 38183
2026-08-03 15:34:03 +0200: Memory Usage (466028K) : Starting base layers derivations
2026-08-03 15:34:03 +0200: Memory Usage (466028K) : Starting general LVS derivations
2026-08-03 15:34:05 +0200: Memory Usage (469868K) : Starting MOSFET DERIVATIONS
2026-08-03 15:34:05 +0200: Memory Usage (477676K) : Starting NMOS DERIVATIONS
2026-08-03 15:34:05 +0200: Memory Usage (477676K) : Starting PMOS DERIVATIONS
2026-08-03 15:34:05 +0200: Memory Usage (477676K) : Starting RF-MOSFET DERIVATIONS
2026-08-03 15:34:05 +0200: Memory Usage (477676K) : Starting RF-NMOS DERIVATIONS
2026-08-03 15:34:05 +0200: Memory Usage (477676K) : Starting RF-PMOS DERIVATIONS
2026-08-03 15:34:05 +0200: Memory Usage (477676K) : Starting BJT DERIVATIONS
2026-08-03 15:34:05 +0200: Memory Usage (477676K) : Starting NPN-BJT DERIVATIONS
2026-08-03 15:34:05 +0200: Memory Usage (477676K) : Starting PNP-BJT DERIVATIONS
2026-08-03 15:34:06 +0200: Memory Usage (477804K) : Starting DIODE DERIVATIONS
2026-08-03 15:34:07 +0200: Memory Usage (477804K) : Starting RESISTOR DERIVATIONS
2026-08-03 15:34:07 +0200: Memory Usage (477804K) : Starting CAP DERIVATIONS
2026-08-03 15:34:07 +0200: Memory Usage (477804K) : Starting ESD DERIVATIONS
2026-08-03 15:34:08 +0200: Memory Usage (477804K) : Starting Inductor DERIVATIONS
2026-08-03 15:34:09 +0200: Memory Usage (477804K) : Starting Taps DERIVATIONS
2026-08-03 15:34:09 +0200: Memory Usage (477804K) : Starting SG13G2 LVS connectivity setup
2026-08-03 15:34:09 +0200: Memory Usage (477804K) : Starting SG13G2 LVS connectivity setup (Inter-layer)
2026-08-03 15:34:09 +0200: Memory Usage (477932K) : Starting SG13G2 LVS connectivity setup (Global)
2026-08-03 15:34:09 +0200: Memory Usage (477932K) : Starting LVS MOSFET CONNECTIONS
2026-08-03 15:34:09 +0200: Memory Usage (477932K) : Starting LVS RF-MOSFET CONNECTIONS
2026-08-03 15:34:09 +0200: Memory Usage (477932K) : Starting LVS BJT CONNECTIONS
2026-08-03 15:34:09 +0200: Memory Usage (477932K) : Starting LVS DIODE CONNECTIONS
2026-08-03 15:34:09 +0200: Memory Usage (477932K) : Starting RESISTOR CONNECTIONS
2026-08-03 15:34:09 +0200: Memory Usage (477932K) : Starting LVS CAP CONNECTIONS
2026-08-03 15:34:09 +0200: Memory Usage (477932K) : Starting ESD CONNECTIONS
2026-08-03 15:34:09 +0200: Memory Usage (477932K) : Starting Inductor CONNECTIONS
2026-08-03 15:34:09 +0200: Memory Usage (477932K) : Starting LVS Taps CONNECTIONS
2026-08-03 15:34:09 +0200: Memory Usage (477932K) : Starting SG13G2 LVS DEVICES EXTRACTION
2026-08-03 15:34:09 +0200: Memory Usage (477932K) : Starting MOSFET EXTRACTION
2026-08-03 15:34:09 +0200: Memory Usage (477932K) : Starting NMOS EXTRACTION
2026-08-03 15:34:09 +0200: Memory Usage (477932K) : Extraction of NMOS-LV transistor
2026-08-03 15:34:09 +0200: Memory Usage (477932K) : Extraction of NMOS-HV transistor
2026-08-03 15:34:09 +0200: Memory Usage (478188K) : Starting PMOS EXTRACTION
2026-08-03 15:34:09 +0200: Memory Usage (478188K) : Extraction of PMOS-LV transistor
2026-08-03 15:34:09 +0200: Memory Usage (478188K) : Extraction of PMOS-HV transistor
2026-08-03 15:34:09 +0200: Memory Usage (478188K) : Starting RF-MOSFET EXTRACTION
2026-08-03 15:34:09 +0200: Memory Usage (478188K) : Extraction of RF-NMOS-LV transistor
2026-08-03 15:34:09 +0200: Memory Usage (478188K) : Extraction of RF-NMOS-HV transistor
2026-08-03 15:34:09 +0200: Memory Usage (478188K) : Extraction of RF-PMOS-LV transistor
2026-08-03 15:34:09 +0200: Memory Usage (478188K) : Extraction of RF-PMOS-HV transistor
2026-08-03 15:34:09 +0200: Memory Usage (478188K) : Starting BJT EXTRACTION
2026-08-03 15:34:09 +0200: Memory Usage (478188K) : Starting NPN-BJT EXTRACTION
2026-08-03 15:34:09 +0200: Memory Usage (478188K) : Extraction of npn13G2 BJT transistor
2026-08-03 15:34:09 +0200: Memory Usage (478188K) : Extraction of npn13G2L BJT transistor
2026-08-03 15:34:09 +0200: Memory Usage (478188K) : Extraction of npn13G2V BJT transistor
2026-08-03 15:34:09 +0200: Memory Usage (478188K) : Starting PNP-BJT EXTRACTION
2026-08-03 15:34:09 +0200: Memory Usage (478188K) : Extracting pnpMPA BJT
2026-08-03 15:34:09 +0200: Memory Usage (478188K) : Starting DIODE EXTRACTION
2026-08-03 15:34:09 +0200: Memory Usage (478188K) : Extracting dantenna diode
2026-08-03 15:34:09 +0200: Memory Usage (478188K) : Extracting dpantenna diode
2026-08-03 15:34:09 +0200: Memory Usage (478188K) : Extracting schottky_nbl1 diode
2026-08-03 15:34:09 +0200: Memory Usage (478188K) : Extracting isolbox diode
2026-08-03 15:34:09 +0200: Memory Usage (478188K) : Starting RESISTOR EXTRACTION
2026-08-03 15:34:09 +0200: Memory Usage (478188K) : Extracting rsil resistor
2026-08-03 15:34:09 +0200: Memory Usage (478188K) : Extracting rppd resistor
2026-08-03 15:34:09 +0200: Memory Usage (478188K) : Extracting rhigh resistor
2026-08-03 15:34:10 +0200: Memory Usage (478188K) : Extracting res_metal1 resistor
2026-08-03 15:34:10 +0200: Memory Usage (478316K) : Extracting res_metal2 resistor
2026-08-03 15:34:10 +0200: Memory Usage (478316K) : Extracting res_metal3 resistor
2026-08-03 15:34:10 +0200: Memory Usage (478316K) : Extracting res_metal4 resistor
2026-08-03 15:34:10 +0200: Memory Usage (478316K) : Extracting res_metal5 resistor
2026-08-03 15:34:10 +0200: Memory Usage (478316K) : Extracting res_topmetal1 resistor
2026-08-03 15:34:10 +0200: Memory Usage (478316K) : Extracting res_topmetal2 resistor
2026-08-03 15:34:10 +0200: Memory Usage (478316K) : Starting CAP EXTRACTION
2026-08-03 15:34:10 +0200: Memory Usage (478316K) : Extracting cap_cmim device
2026-08-03 15:34:10 +0200: Memory Usage (478316K) : Extracting rfcmim device
2026-08-03 15:34:10 +0200: Memory Usage (478316K) : Extracting sg13_hv_svaricap varactor
2026-08-03 15:34:10 +0200: Memory Usage (478316K) : Starting ESD EXTRACTION
2026-08-03 15:34:10 +0200: Memory Usage (478316K) : Extracting diodevdd_2kv ESD device
2026-08-03 15:34:10 +0200: Memory Usage (478316K) : Extracting diodevdd_4kv ESD device
2026-08-03 15:34:10 +0200: Memory Usage (478316K) : Extracting diodevss_2kv ESD device
2026-08-03 15:34:10 +0200: Memory Usage (478316K) : Extracting diodevss_4kv ESD device
2026-08-03 15:34:10 +0200: Memory Usage (478316K) : Extracting idiodevdd_2kv ESD device
2026-08-03 15:34:10 +0200: Memory Usage (478316K) : Extracting idiodevdd_4kv ESD device
2026-08-03 15:34:10 +0200: Memory Usage (478316K) : Extracting idiodevss_2kv ESD device
2026-08-03 15:34:10 +0200: Memory Usage (478316K) : Extracting idiodevss_4kv ESD device
2026-08-03 15:34:10 +0200: Memory Usage (478316K) : Extracting nmoscl_2 ESD device
2026-08-03 15:34:10 +0200: Memory Usage (478316K) : Extracting nmoscl_4 ESD device
2026-08-03 15:34:10 +0200: Memory Usage (478316K) : Starting Inductor EXTRACTION
2026-08-03 15:34:10 +0200: Memory Usage (478316K) : Extracting Inductor2 device
2026-08-03 15:34:10 +0200: Memory Usage (478316K) : Extracting Inductor3 device
2026-08-03 15:34:10 +0200: Memory Usage (478316K) : Starting Taps EXTRACTION
2026-08-03 15:34:10 +0200: Memory Usage (478316K) : DISABLE_TAP_EXTRACTION is enabled: skipping ntap1/ptap1 device extraction.
2026-08-03 15:34:10 +0200: Memory Usage (478316K) : Starting SG13G2 LVS RF MOS Model Mapping
2026-08-03 15:34:11 +0200: Memory Usage (481004K) : [layout_netlist] Apply RF MOS model mapping and rfmode parameter.
2026-08-03 15:34:11 +0200: Memory Usage (481004K) : Starting SG13G2 LVS Options Preparations
2026-08-03 15:34:11 +0200: Memory Usage (481004K) : SG13G2 LVS flow: extraction -> alignment -> option preparation -> comparison.
2026-08-03 15:34:11 +0200: Memory Usage (481004K) : Starting SG13G2 LVS Alignment
2026-08-03 15:34:11 +0200: Memory Usage (481132K) : Starting SG13G2 LVS Simplification
2026-08-03 15:34:11 +0200: Memory Usage (481132K) : [layout_netlist] simplify: ENABLED
2026-08-03 15:34:11 +0200: Memory Usage (481132K) : [layout_netlist] make_top_level_pins: SKIPPED
2026-08-03 15:34:11 +0200: Memory Usage (481132K) : [layout_netlist] combine_devices: ENABLED
2026-08-03 15:34:11 +0200: Memory Usage (481132K) : [layout_netlist] purge: SKIPPED
2026-08-03 15:34:11 +0200: Memory Usage (481132K) : [layout_netlist] purge_nets: SKIPPED
2026-08-03 15:34:11 +0200: Memory Usage (481132K) : [schematic_netlist] simplify: ENABLED
2026-08-03 15:34:11 +0200: Memory Usage (481132K) : [schematic_netlist] make_top_level_pins: SKIPPED
2026-08-03 15:34:11 +0200: Memory Usage (481132K) : [schematic_netlist] combine_devices: ENABLED
2026-08-03 15:34:11 +0200: Memory Usage (481132K) : [schematic_netlist] purge: SKIPPED
2026-08-03 15:34:11 +0200: Memory Usage (481132K) : [schematic_netlist] purge_nets: SKIPPED
2026-08-03 15:34:11 +0200: Memory Usage (481132K) : Starting SG13G2 LVS Comparison in strict port mode.
2026-08-03 15:34:11 +0200: Memory Usage (481132K) : flag_missing_ports enabled: missing/mislabeled top-level ports are treated as errors.
2026-08-03 15:34:11 +0200: Memory Usage (481260K) : xxxxxxxxxxxxxxxxxxxxxxxxxxxxxxxxxxxxxxxxxx
2026-08-03 15:34:11 +0200: Memory Usage (481260K) : ERROR : Netlists don't match
2026-08-03 15:34:11 +0200: Memory Usage (481260K) : xxxxxxxxxxxxxxxxxxxxxxxxxxxxxxxxxxxxxxxxxx
2026-08-03 15:34:11 +0200: Memory Usage (481260K) : LVS Total Run time 10.583547 seconds
03-Aug-2026 15:34:12 | INFO    | ==============================================================================
03-Aug-2026 15:34:12 | INFO    | Important Summary
03-Aug-2026 15:34:12 | INFO    | +------------------+----------------------------------------------------------------------------------------+
03-Aug-2026 15:34:12 | INFO    | | Status           | FAIL                                                                                   |
03-Aug-2026 15:34:12 | INFO    | | Mode             | COMPARE                                                                                |
03-Aug-2026 15:34:12 | INFO    | | Outcome          | Comparison mode: FAIL (netlists do not match).                                         |
03-Aug-2026 15:34:12 | INFO    | | Layout           | sg13g2_IOPadVdd.gds                                                                    |
03-Aug-2026 15:34:12 | INFO    | | Top Cell         | sg13g2_IOPadVdd                                                                        |
03-Aug-2026 15:34:12 | INFO    | | Results Dir      | /foss/designs/ihp-open-pdk-regression/IOPADS/lvs_sweep/20260803_153347/sg13g2_IOPadVdd |
03-Aug-2026 15:34:12 | INFO    | | Warnings         | 0                                                                                      |
03-Aug-2026 15:34:12 | INFO    | | Errors           | 1                                                                                      |
03-Aug-2026 15:34:12 | INFO    | | Run Time (s)     | 22.696                                                                                 |
03-Aug-2026 15:34:12 | INFO    | +------------------+----------------------------------------------------------------------------------------+
03-Aug-2026 15:34:12 | ERROR   | Key errors:
03-Aug-2026 15:34:12 | ERROR   |   - 2026-08-03 15:34:11 +0200: Memory Usage (481260K) : ERROR : Netlists don't match
03-Aug-2026 15:34:12 | INFO    | ==============================================================================
