03-Aug-2026 15:45:18 | INFO    | Your Klayout version is: KLayout 0.30.9 (required >= 0.30.5)
03-Aug-2026 15:45:18 | INFO    | Running SG13G2 LVS checks on design /foss/designs/ihp-open-pdk-regression/IOPADS/layout/sg13g2_IOPadVdd.gds on cell sg13g2_IOPadVdd
2026-08-03 15:45:21 +0200: Memory Usage (455872K) : Starting running SG13G2 Klayout LVS runset on /foss/designs/ihp-open-pdk-regression/IOPADS/layout/sg13g2_IOPadVdd.gds
2026-08-03 15:45:21 +0200: Memory Usage (455872K) : Ruby Version for klayout: 3.2.3
2026-08-03 15:45:21 +0200: Memory Usage (456896K) : Loading database to memory is complete.
2026-08-03 15:45:21 +0200: Memory Usage (456896K) : SG13G2 Klayout LVS runset output at: /foss/designs/ihp-open-pdk-regression/IOPADS/lvs_sweep/20260803_154517/sg13g2_IOPadVdd/sg13g2_IOPadVdd.lvsdb
2026-08-03 15:45:21 +0200: Memory Usage (456896K) : Evaluate switches.
2026-08-03 15:45:21 +0200: Memory Usage (456896K) : Extracted netlist with net names: true
2026-08-03 15:45:21 +0200: Memory Usage (456896K) : Extracted netlist with comments in details: false
2026-08-03 15:45:21 +0200: Memory Usage (456896K) : Selected NET_ONLY option: false
2026-08-03 15:45:21 +0200: Memory Usage (456896K) : Selected LAYOUT_NETLIST option: (none)
2026-08-03 15:45:21 +0200: Memory Usage (456896K) : Selected IGNORE_TOP_PORTS_MISMATCH option: 
2026-08-03 15:45:21 +0200: Memory Usage (456896K) : Selected IMPLICIT_NETS option: iovss,iovdd,vss,vdd
2026-08-03 15:45:21 +0200: Memory Usage (456896K) : Selected FLATTEN_CELLS option: sg13g2_DCNDiode,sg13g2_DCPDiode,sg13g2_Clamp_*,sg13g2_RCClamp*,sg13g2_GuardRing_*
2026-08-03 15:45:21 +0200: Memory Usage (456896K) : Selected TOP_LVL_PINS option: false
2026-08-03 15:45:21 +0200: Memory Usage (456896K) : Selected COMBINE DEVICES option: true
2026-08-03 15:45:21 +0200: Memory Usage (456896K) : Selected PURGE option: false
2026-08-03 15:45:21 +0200: Memory Usage (456896K) : Selected PURGE_NETS option: false
2026-08-03 15:45:21 +0200: Memory Usage (456896K) : Selected SIMPLIFY option: true
2026-08-03 15:45:21 +0200: Memory Usage (456896K) : Selected SERIES_RES option: true
2026-08-03 15:45:21 +0200: Memory Usage (456896K) : Selected PARALLEL_RES option: true
2026-08-03 15:45:21 +0200: Memory Usage (456896K) : Selected DISABLE_TAP_EXTRACTION option: false
2026-08-03 15:45:21 +0200: Memory Usage (456896K) : deep  mode is enabled.
2026-08-03 15:45:21 +0200: Memory Usage (456896K) : Applying implicit connections (case-sensitive, pattern supported) for nets: iovss, iovdd, vss, vdd
2026-08-03 15:45:21 +0200: Memory Usage (457536K) : Netlist file: /foss/designs/ihp-open-pdk-regression/IOPADS/netlist/pads/sg13g2_IOPadVdd.spi
2026-08-03 15:45:21 +0200: Memory Usage (457536K) : LVS extracted netlist at: /foss/designs/ihp-open-pdk-regression/IOPADS/lvs_sweep/20260803_154517/sg13g2_IOPadVdd/sg13g2_IOPadVdd_extracted.cir
2026-08-03 15:45:21 +0200: Memory Usage (457536K) : Applying SRAM integration support.
2026-08-03 15:45:21 +0200: Memory Usage (457536K) : Starting SG13G2 LVS runset
2026-08-03 15:45:21 +0200: Memory Usage (457536K) : Read in polygons from layers.
2026-08-03 15:45:21 +0200: Memory Usage (458816K) : activ_drw has 40 polygons
2026-08-03 15:45:21 +0200: Memory Usage (458816K) : activ_filler has 0 polygons
2026-08-03 15:45:21 +0200: Memory Usage (458944K) : activ has 40 polygons
2026-08-03 15:45:21 +0200: Memory Usage (458944K) : activ_pin has 0 polygons
2026-08-03 15:45:21 +0200: Memory Usage (459072K) : activ_mask has 0 polygons
2026-08-03 15:45:21 +0200: Memory Usage (459072K) : activ_nofill has 0 polygons
2026-08-03 15:45:21 +0200: Memory Usage (459200K) : activ_OPC has 0 polygons
2026-08-03 15:45:21 +0200: Memory Usage (459200K) : activ_iOPC has 0 polygons
2026-08-03 15:45:21 +0200: Memory Usage (459328K) : activ_noqrc has 0 polygons
2026-08-03 15:45:21 +0200: Memory Usage (459328K) : biwind_drw has 0 polygons
2026-08-03 15:45:21 +0200: Memory Usage (459712K) : biwind_OPC has 0 polygons
2026-08-03 15:45:21 +0200: Memory Usage (459712K) : gatpoly_drw has 132 polygons
2026-08-03 15:45:21 +0200: Memory Usage (459840K) : gatpoly_filler has 0 polygons
2026-08-03 15:45:21 +0200: Memory Usage (459840K) : gatpoly has 132 polygons
2026-08-03 15:45:21 +0200: Memory Usage (459968K) : gatpoly_pin has 0 polygons
2026-08-03 15:45:21 +0200: Memory Usage (459968K) : gatpoly_nofill has 0 polygons
2026-08-03 15:45:21 +0200: Memory Usage (459968K) : gatpoly_OPC has 0 polygons
2026-08-03 15:45:21 +0200: Memory Usage (459968K) : gatpoly_iOPC has 0 polygons
2026-08-03 15:45:21 +0200: Memory Usage (459968K) : gatpoly_noqrc has 0 polygons
2026-08-03 15:45:21 +0200: Memory Usage (460224K) : cont_drw has 23192 polygons
2026-08-03 15:45:21 +0200: Memory Usage (460608K) : cont_OPC has 0 polygons
2026-08-03 15:45:21 +0200: Memory Usage (460608K) : nsd_drw has 0 polygons
2026-08-03 15:45:21 +0200: Memory Usage (460608K) : nsd_block has 0 polygons
2026-08-03 15:45:21 +0200: Memory Usage (460736K) : metal1_drw has 410 polygons
2026-08-03 15:45:21 +0200: Memory Usage (460736K) : metal1_filler has 0 polygons
2026-08-03 15:45:21 +0200: Memory Usage (460864K) : metal1_slit has 0 polygons
2026-08-03 15:45:21 +0200: Memory Usage (461120K) : metal1 has 410 polygons
2026-08-03 15:45:21 +0200: Memory Usage (461120K) : metal1_pin has 5 polygons
2026-08-03 15:45:21 +0200: Memory Usage (461248K) : metal1_mask has 0 polygons
2026-08-03 15:45:21 +0200: Memory Usage (461248K) : metal1_nofill has 0 polygons
2026-08-03 15:45:21 +0200: Memory Usage (461504K) : metal1_text has 5 polygons
2026-08-03 15:45:21 +0200: Memory Usage (461504K) : metal1_OPC has 0 polygons
2026-08-03 15:45:21 +0200: Memory Usage (461632K) : metal1_noqrc has 0 polygons
2026-08-03 15:45:21 +0200: Memory Usage (461632K) : metal1_res has 0 polygons
2026-08-03 15:45:21 +0200: Memory Usage (461760K) : metal1_iprobe has 0 polygons
2026-08-03 15:45:21 +0200: Memory Usage (461760K) : metal1_diffprb has 0 polygons
2026-08-03 15:45:21 +0200: Memory Usage (461888K) : passiv_drw has 0 polygons
2026-08-03 15:45:21 +0200: Memory Usage (461888K) : passiv_pin has 0 polygons
2026-08-03 15:45:21 +0200: Memory Usage (462016K) : passiv_sbump has 0 polygons
2026-08-03 15:45:21 +0200: Memory Usage (462016K) : passiv_pillar has 0 polygons
2026-08-03 15:45:21 +0200: Memory Usage (462144K) : passiv_pdl has 0 polygons
2026-08-03 15:45:21 +0200: Memory Usage (462144K) : metal2_drw has 87 polygons
2026-08-03 15:45:21 +0200: Memory Usage (462272K) : metal2_filler has 0 polygons
2026-08-03 15:45:21 +0200: Memory Usage (462272K) : metal2_slit has 0 polygons
2026-08-03 15:45:21 +0200: Memory Usage (462400K) : metal2 has 87 polygons
2026-08-03 15:45:21 +0200: Memory Usage (462400K) : metal2_pin has 26 polygons
2026-08-03 15:45:21 +0200: Memory Usage (462528K) : metal2_mask has 0 polygons
2026-08-03 15:45:21 +0200: Memory Usage (462528K) : metal2_nofill has 0 polygons
2026-08-03 15:45:21 +0200: Memory Usage (462656K) : metal2_text has 26 polygons
2026-08-03 15:45:21 +0200: Memory Usage (462656K) : metal2_OPC has 0 polygons
2026-08-03 15:45:21 +0200: Memory Usage (462784K) : metal2_noqrc has 0 polygons
2026-08-03 15:45:21 +0200: Memory Usage (462784K) : metal2_res has 0 polygons
2026-08-03 15:45:21 +0200: Memory Usage (462912K) : metal2_iprobe has 0 polygons
2026-08-03 15:45:21 +0200: Memory Usage (462912K) : metal2_diffprb has 0 polygons
2026-08-03 15:45:21 +0200: Memory Usage (463040K) : baspoly_drw has 0 polygons
2026-08-03 15:45:21 +0200: Memory Usage (463040K) : baspoly_pin has 0 polygons
2026-08-03 15:45:21 +0200: Memory Usage (463168K) : psd_drw has 15 polygons
2026-08-03 15:45:21 +0200: Memory Usage (463168K) : nldb_drw has 0 polygons
2026-08-03 15:45:21 +0200: Memory Usage (463168K) : digibnd_drw has 0 polygons
2026-08-03 15:45:21 +0200: Memory Usage (463296K) : via1_drw has 4146 polygons
2026-08-03 15:45:21 +0200: Memory Usage (463424K) : backmetal1_drw has 0 polygons
2026-08-03 15:45:21 +0200: Memory Usage (463424K) : backmetal1_pin has 0 polygons
2026-08-03 15:45:21 +0200: Memory Usage (463552K) : backmetal1_mask has 0 polygons
2026-08-03 15:45:21 +0200: Memory Usage (463552K) : backmetal1_filler has 0 polygons
2026-08-03 15:45:21 +0200: Memory Usage (463680K) : backmetal1_nofill has 0 polygons
2026-08-03 15:45:21 +0200: Memory Usage (463680K) : backmetal1_slit has 0 polygons
2026-08-03 15:45:21 +0200: Memory Usage (463808K) : backmetal1_text has 0 polygons
2026-08-03 15:45:21 +0200: Memory Usage (463808K) : backmetal1_OPC has 0 polygons
2026-08-03 15:45:21 +0200: Memory Usage (463936K) : backmetal1_noqrc has 0 polygons
2026-08-03 15:45:21 +0200: Memory Usage (463936K) : backmetal1_res has 0 polygons
2026-08-03 15:45:21 +0200: Memory Usage (464064K) : backmetal1_iprobe has 0 polygons
2026-08-03 15:45:21 +0200: Memory Usage (464064K) : backmetal1_diffprb has 0 polygons
2026-08-03 15:45:21 +0200: Memory Usage (464192K) : backpassiv_drw has 0 polygons
2026-08-03 15:45:21 +0200: Memory Usage (464192K) : res_drw has 0 polygons
2026-08-03 15:45:21 +0200: Memory Usage (464320K) : sram_drw has 0 polygons
2026-08-03 15:45:21 +0200: Memory Usage (464320K) : trans_drw has 0 polygons
2026-08-03 15:45:21 +0200: Memory Usage (464448K) : ind_drw has 0 polygons
2026-08-03 15:45:21 +0200: Memory Usage (464448K) : ind_pin has 0 polygons
2026-08-03 15:45:21 +0200: Memory Usage (464448K) : ind_text has 0 polygons
2026-08-03 15:45:21 +0200: Memory Usage (464576K) : salblock_drw has 1 polygons
2026-08-03 15:45:21 +0200: Memory Usage (464576K) : via2_drw has 2614 polygons
2026-08-03 15:45:21 +0200: Memory Usage (464704K) : metal3_drw has 30 polygons
2026-08-03 15:45:21 +0200: Memory Usage (464832K) : metal3_filler has 0 polygons
2026-08-03 15:45:21 +0200: Memory Usage (464832K) : metal3_slit has 0 polygons
2026-08-03 15:45:21 +0200: Memory Usage (464960K) : metal3 has 30 polygons
2026-08-03 15:45:21 +0200: Memory Usage (465088K) : metal3_pin has 8 polygons
2026-08-03 15:45:21 +0200: Memory Usage (465088K) : metal3_mask has 0 polygons
2026-08-03 15:45:21 +0200: Memory Usage (465088K) : metal3_nofill has 0 polygons
2026-08-03 15:45:21 +0200: Memory Usage (465216K) : metal3_text has 8 polygons
2026-08-03 15:45:21 +0200: Memory Usage (465216K) : metal3_OPC has 0 polygons
2026-08-03 15:45:21 +0200: Memory Usage (465344K) : metal3_noqrc has 0 polygons
2026-08-03 15:45:21 +0200: Memory Usage (465344K) : metal3_res has 0 polygons
2026-08-03 15:45:21 +0200: Memory Usage (465472K) : metal3_iprobe has 0 polygons
2026-08-03 15:45:21 +0200: Memory Usage (465472K) : metal3_diffprb has 0 polygons
2026-08-03 15:45:21 +0200: Memory Usage (465600K) : nwell_drw has 65 polygons
2026-08-03 15:45:21 +0200: Memory Usage (465600K) : nwell_pin has 0 polygons
2026-08-03 15:45:21 +0200: Memory Usage (465728K) : nwell_text has 0 polygons
2026-08-03 15:45:21 +0200: Memory Usage (465728K) : nbulay_drw has 0 polygons
2026-08-03 15:45:21 +0200: Memory Usage (465856K) : nbulay_pin has 0 polygons
2026-08-03 15:45:21 +0200: Memory Usage (465856K) : nbulay_block has 0 polygons
2026-08-03 15:45:21 +0200: Memory Usage (465984K) : emwind_drw has 0 polygons
2026-08-03 15:45:21 +0200: Memory Usage (465984K) : emwind_OPC has 0 polygons
2026-08-03 15:45:21 +0200: Memory Usage (466112K) : deepco_drw has 0 polygons
2026-08-03 15:45:21 +0200: Memory Usage (466112K) : mim_drw has 0 polygons
2026-08-03 15:45:21 +0200: Memory Usage (466112K) : edgeseal_drw has 0 polygons
2026-08-03 15:45:21 +0200: Memory Usage (466240K) : substrate_drw has 14 polygons
2026-08-03 15:45:21 +0200: Memory Usage (466240K) : substrate_text has 0 polygons
2026-08-03 15:45:21 +0200: Memory Usage (466368K) : dfpad_drw has 0 polygons
2026-08-03 15:45:21 +0200: Memory Usage (466368K) : dfpad_pillar has 0 polygons
2026-08-03 15:45:21 +0200: Memory Usage (466496K) : dfpad_sbump has 0 polygons
2026-08-03 15:45:21 +0200: Memory Usage (466496K) : thickgateox_drw has 3 polygons
2026-08-03 15:45:21 +0200: Memory Usage (466624K) : pldb_drw has 0 polygons
2026-08-03 15:45:21 +0200: Memory Usage (466624K) : pwell_drw has 0 polygons
2026-08-03 15:45:21 +0200: Memory Usage (466752K) : pwell_pin has 0 polygons
2026-08-03 15:45:21 +0200: Memory Usage (466752K) : pwell_block has 0 polygons
2026-08-03 15:45:21 +0200: Memory Usage (466752K) : ic_drw has 0 polygons
2026-08-03 15:45:21 +0200: Memory Usage (466880K) : via3_drw has 2087 polygons
2026-08-03 15:45:21 +0200: Memory Usage (467008K) : metal4_drw has 8 polygons
2026-08-03 15:45:21 +0200: Memory Usage (467008K) : metal4_filler has 0 polygons
2026-08-03 15:45:21 +0200: Memory Usage (467136K) : metal4_slit has 0 polygons
2026-08-03 15:45:21 +0200: Memory Usage (467264K) : metal4 has 8 polygons
2026-08-03 15:45:21 +0200: Memory Usage (467264K) : metal4_pin has 8 polygons
2026-08-03 15:45:21 +0200: Memory Usage (467392K) : metal4_mask has 0 polygons
2026-08-03 15:45:21 +0200: Memory Usage (467392K) : metal4_nofill has 0 polygons
2026-08-03 15:45:21 +0200: Memory Usage (467392K) : metal4_text has 8 polygons
2026-08-03 15:45:21 +0200: Memory Usage (467520K) : metal4_OPC has 0 polygons
2026-08-03 15:45:21 +0200: Memory Usage (467520K) : metal4_noqrc has 0 polygons
2026-08-03 15:45:21 +0200: Memory Usage (467648K) : metal4_res has 0 polygons
2026-08-03 15:45:21 +0200: Memory Usage (467648K) : metal4_iprobe has 0 polygons
2026-08-03 15:45:21 +0200: Memory Usage (467776K) : metal4_diffprb has 0 polygons
2026-08-03 15:45:21 +0200: Memory Usage (467776K) : heattrans_drw has 0 polygons
2026-08-03 15:45:21 +0200: Memory Usage (467904K) : heatres_drw has 0 polygons
2026-08-03 15:45:21 +0200: Memory Usage (467904K) : fbe_drw has 0 polygons
2026-08-03 15:45:21 +0200: Memory Usage (468032K) : empoly_drw has 0 polygons
2026-08-03 15:45:21 +0200: Memory Usage (468032K) : digisub_drw has 0 polygons
2026-08-03 15:45:21 +0200: Memory Usage (468160K) : text_drw has 30 polygons
2026-08-03 15:45:21 +0200: Memory Usage (468160K) : via4_drw has 2371 polygons
2026-08-03 15:45:21 +0200: Memory Usage (468288K) : metal5_drw has 8 polygons
2026-08-03 15:45:21 +0200: Memory Usage (468416K) : metal5_filler has 0 polygons
2026-08-03 15:45:21 +0200: Memory Usage (468416K) : metal5_slit has 0 polygons
2026-08-03 15:45:21 +0200: Memory Usage (468544K) : metal5 has 8 polygons
2026-08-03 15:45:21 +0200: Memory Usage (468544K) : metal5_pin has 8 polygons
2026-08-03 15:45:21 +0200: Memory Usage (468672K) : metal5_mask has 0 polygons
2026-08-03 15:45:21 +0200: Memory Usage (468672K) : metal5_nofill has 0 polygons
2026-08-03 15:45:21 +0200: Memory Usage (468800K) : metal5_text has 8 polygons
2026-08-03 15:45:21 +0200: Memory Usage (468800K) : metal5_OPC has 0 polygons
2026-08-03 15:45:21 +0200: Memory Usage (468928K) : metal5_noqrc has 0 polygons
2026-08-03 15:45:21 +0200: Memory Usage (468928K) : metal5_res has 0 polygons
2026-08-03 15:45:21 +0200: Memory Usage (469056K) : metal5_iprobe has 0 polygons
2026-08-03 15:45:21 +0200: Memory Usage (469056K) : metal5_diffprb has 0 polygons
2026-08-03 15:45:21 +0200: Memory Usage (469184K) : radhard_drw has 0 polygons
2026-08-03 15:45:21 +0200: Memory Usage (469184K) : memcap_drw has 0 polygons
2026-08-03 15:45:21 +0200: Memory Usage (469312K) : varicap_drw has 0 polygons
2026-08-03 15:45:21 +0200: Memory Usage (469312K) : intbondvia_drw has 0 polygons
2026-08-03 15:45:21 +0200: Memory Usage (469440K) : intbondmet_drw has 0 polygons
2026-08-03 15:45:21 +0200: Memory Usage (469440K) : devbondvia_drw has 0 polygons
2026-08-03 15:45:21 +0200: Memory Usage (469440K) : devbondmet_drw has 0 polygons
2026-08-03 15:45:21 +0200: Memory Usage (469440K) : devtrench_drw has 0 polygons
2026-08-03 15:45:21 +0200: Memory Usage (469440K) : redist_drw has 0 polygons
2026-08-03 15:45:21 +0200: Memory Usage (469440K) : graphbot_drw has 0 polygons
2026-08-03 15:45:21 +0200: Memory Usage (469440K) : graphtop_drw has 0 polygons
2026-08-03 15:45:21 +0200: Memory Usage (469440K) : antvia1_drw has 0 polygons
2026-08-03 15:45:21 +0200: Memory Usage (469568K) : antmetal2_drw has 0 polygons
2026-08-03 15:45:21 +0200: Memory Usage (469568K) : graphcont_drw has 0 polygons
2026-08-03 15:45:21 +0200: Memory Usage (469696K) : siwg_drw has 0 polygons
2026-08-03 15:45:21 +0200: Memory Usage (469696K) : siwg_filler has 0 polygons
2026-08-03 15:45:21 +0200: Memory Usage (469824K) : siwg_nofill has 0 polygons
2026-08-03 15:45:21 +0200: Memory Usage (469824K) : sigrating_drw has 0 polygons
2026-08-03 15:45:21 +0200: Memory Usage (469952K) : singrating_drw has 0 polygons
2026-08-03 15:45:21 +0200: Memory Usage (469952K) : graphpas_drw has 0 polygons
2026-08-03 15:45:21 +0200: Memory Usage (470080K) : emwind3_drw has 0 polygons
2026-08-03 15:45:21 +0200: Memory Usage (470080K) : emwihv3_drw has 0 polygons
2026-08-03 15:45:21 +0200: Memory Usage (470208K) : redbulay_drw has 0 polygons
2026-08-03 15:45:21 +0200: Memory Usage (470208K) : smos_drw has 0 polygons
2026-08-03 15:45:21 +0200: Memory Usage (470336K) : graphpad_drw has 0 polygons
2026-08-03 15:45:21 +0200: Memory Usage (470336K) : polimide_drw has 0 polygons
2026-08-03 15:45:21 +0200: Memory Usage (470336K) : polimide_pin has 0 polygons
2026-08-03 15:45:21 +0200: Memory Usage (470464K) : recog_drw has 0 polygons
2026-08-03 15:45:21 +0200: Memory Usage (470464K) : recog_pin has 0 polygons
2026-08-03 15:45:21 +0200: Memory Usage (470592K) : recog_esd has 0 polygons
2026-08-03 15:45:21 +0200: Memory Usage (470592K) : recog_diode has 1 polygons
2026-08-03 15:45:21 +0200: Memory Usage (470720K) : recog_tsv has 0 polygons
2026-08-03 15:45:21 +0200: Memory Usage (470720K) : recog_iprobe has 0 polygons
2026-08-03 15:45:21 +0200: Memory Usage (470848K) : recog_diffprb has 0 polygons
2026-08-03 15:45:21 +0200: Memory Usage (470848K) : recog_pillar has 0 polygons
2026-08-03 15:45:21 +0200: Memory Usage (470976K) : recog_sbump has 0 polygons
2026-08-03 15:45:21 +0200: Memory Usage (470976K) : recog_otp has 0 polygons
2026-08-03 15:45:21 +0200: Memory Usage (471104K) : recog_pdiode has 0 polygons
2026-08-03 15:45:21 +0200: Memory Usage (471104K) : recog_mom has 0 polygons
2026-08-03 15:45:21 +0200: Memory Usage (471232K) : recog_pcm has 0 polygons
2026-08-03 15:45:21 +0200: Memory Usage (471232K) : colopen_drw has 0 polygons
2026-08-03 15:45:21 +0200: Memory Usage (471360K) : graphmetal1_drw has 0 polygons
2026-08-03 15:45:21 +0200: Memory Usage (471360K) : graphmetal1_filler has 0 polygons
2026-08-03 15:45:21 +0200: Memory Usage (471488K) : graphmetal1_nofill has 0 polygons
2026-08-03 15:45:21 +0200: Memory Usage (471488K) : graphmetal1_slit has 0 polygons
2026-08-03 15:45:21 +0200: Memory Usage (471616K) : graphmetal1_OPC has 0 polygons
2026-08-03 15:45:21 +0200: Memory Usage (471616K) : graphmet1l_drw has 0 polygons
2026-08-03 15:45:21 +0200: Memory Usage (471744K) : graphmet1l_filler has 0 polygons
2026-08-03 15:45:21 +0200: Memory Usage (471744K) : graphmet1l_nofill has 0 polygons
2026-08-03 15:45:21 +0200: Memory Usage (471744K) : graphmet1l_slit has 0 polygons
2026-08-03 15:45:21 +0200: Memory Usage (471872K) : graphmet1l_OPC has 0 polygons
2026-08-03 15:45:21 +0200: Memory Usage (471872K) : extblock_drw has 1 polygons
2026-08-03 15:45:21 +0200: Memory Usage (472000K) : nldd_drw has 0 polygons
2026-08-03 15:45:21 +0200: Memory Usage (472000K) : pldd_drw has 0 polygons
2026-08-03 15:45:21 +0200: Memory Usage (472128K) : next_drw has 0 polygons
2026-08-03 15:45:21 +0200: Memory Usage (472128K) : pext_drw has 0 polygons
2026-08-03 15:45:21 +0200: Memory Usage (472256K) : nexthv_drw has 0 polygons
2026-08-03 15:45:21 +0200: Memory Usage (472256K) : pexthv_drw has 0 polygons
2026-08-03 15:45:21 +0200: Memory Usage (472256K) : graphgate_drw has 0 polygons
2026-08-03 15:45:21 +0200: Memory Usage (472256K) : sinwg_drw has 0 polygons
2026-08-03 15:45:21 +0200: Memory Usage (472256K) : sinwg_filler has 0 polygons
2026-08-03 15:45:21 +0200: Memory Usage (472256K) : sinwg_nofill has 0 polygons
2026-08-03 15:45:21 +0200: Memory Usage (472256K) : mempad_drw has 0 polygons
2026-08-03 15:45:21 +0200: Memory Usage (472256K) : topvia1_drw has 2315 polygons
2026-08-03 15:45:21 +0200: Memory Usage (472256K) : topmetal1_drw has 8 polygons
2026-08-03 15:45:21 +0200: Memory Usage (472256K) : topmetal1_filler has 0 polygons
2026-08-03 15:45:21 +0200: Memory Usage (472256K) : topmetal1_slit has 0 polygons
2026-08-03 15:45:21 +0200: Memory Usage (472256K) : topmetal1 has 8 polygons
2026-08-03 15:45:21 +0200: Memory Usage (472256K) : topmetal1_pin has 8 polygons
2026-08-03 15:45:21 +0200: Memory Usage (472256K) : topmetal1_mask has 0 polygons
2026-08-03 15:45:21 +0200: Memory Usage (472256K) : topmetal1_nofill has 0 polygons
2026-08-03 15:45:21 +0200: Memory Usage (472256K) : topmetal1_text has 8 polygons
2026-08-03 15:45:21 +0200: Memory Usage (472256K) : topmetal1_noqrc has 0 polygons
2026-08-03 15:45:21 +0200: Memory Usage (472256K) : topmetal1_res has 0 polygons
2026-08-03 15:45:21 +0200: Memory Usage (472256K) : topmetal1_iprobe has 0 polygons
2026-08-03 15:45:21 +0200: Memory Usage (472256K) : topmetal1_diffprb has 0 polygons
2026-08-03 15:45:21 +0200: Memory Usage (472256K) : inldpwl_drw has 0 polygons
2026-08-03 15:45:21 +0200: Memory Usage (472256K) : polyres_drw has 0 polygons
2026-08-03 15:45:21 +0200: Memory Usage (472256K) : polyres_pin has 0 polygons
2026-08-03 15:45:21 +0200: Memory Usage (472256K) : vmim_drw has 0 polygons
2026-08-03 15:45:21 +0200: Memory Usage (472256K) : nbulaycut_drw has 0 polygons
2026-08-03 15:45:21 +0200: Memory Usage (472256K) : antmetal1_drw has 0 polygons
2026-08-03 15:45:21 +0200: Memory Usage (472256K) : topvia2_drw has 443 polygons
2026-08-03 15:45:21 +0200: Memory Usage (472256K) : topmetal2_drw has 12 polygons
2026-08-03 15:45:21 +0200: Memory Usage (472256K) : topmetal2_filler has 0 polygons
2026-08-03 15:45:21 +0200: Memory Usage (472256K) : topmetal2_slit has 0 polygons
2026-08-03 15:45:21 +0200: Memory Usage (472256K) : topmetal2 has 12 polygons
2026-08-03 15:45:21 +0200: Memory Usage (472256K) : topmetal2_pin has 12 polygons
2026-08-03 15:45:21 +0200: Memory Usage (472256K) : topmetal2_mask has 0 polygons
2026-08-03 15:45:21 +0200: Memory Usage (472256K) : topmetal2_nofill has 0 polygons
2026-08-03 15:45:21 +0200: Memory Usage (472256K) : topmetal2_text has 12 polygons
2026-08-03 15:45:21 +0200: Memory Usage (472256K) : topmetal2_noqrc has 0 polygons
2026-08-03 15:45:21 +0200: Memory Usage (472256K) : topmetal2_res has 0 polygons
2026-08-03 15:45:21 +0200: Memory Usage (472256K) : topmetal2_iprobe has 0 polygons
2026-08-03 15:45:21 +0200: Memory Usage (472256K) : topmetal2_diffprb has 0 polygons
2026-08-03 15:45:21 +0200: Memory Usage (472256K) : snsring_drw has 0 polygons
2026-08-03 15:45:21 +0200: Memory Usage (472256K) : sensor_drw has 0 polygons
2026-08-03 15:45:21 +0200: Memory Usage (472256K) : snsarms_drw has 0 polygons
2026-08-03 15:45:21 +0200: Memory Usage (472256K) : snscmosvia_drw has 0 polygons
2026-08-03 15:45:21 +0200: Memory Usage (472256K) : colwind_drw has 0 polygons
2026-08-03 15:45:21 +0200: Memory Usage (472256K) : flm_drw has 0 polygons
2026-08-03 15:45:21 +0200: Memory Usage (472256K) : hafniumox_drw has 0 polygons
2026-08-03 15:45:21 +0200: Memory Usage (472256K) : memvia_drw has 0 polygons
2026-08-03 15:45:21 +0200: Memory Usage (472256K) : thinfilmres_drw has 0 polygons
2026-08-03 15:45:21 +0200: Memory Usage (472256K) : rfmem_drw has 0 polygons
2026-08-03 15:45:21 +0200: Memory Usage (472256K) : norcx_drw has 0 polygons
2026-08-03 15:45:21 +0200: Memory Usage (472256K) : norcx_m2m3 has 0 polygons
2026-08-03 15:45:21 +0200: Memory Usage (472256K) : norcx_m2m4 has 0 polygons
2026-08-03 15:45:21 +0200: Memory Usage (472256K) : norcx_m2m5 has 0 polygons
2026-08-03 15:45:21 +0200: Memory Usage (472256K) : norcx_m2tm1 has 0 polygons
2026-08-03 15:45:21 +0200: Memory Usage (472256K) : norcx_m2tm2 has 0 polygons
2026-08-03 15:45:21 +0200: Memory Usage (472256K) : norcx_m3m4 has 0 polygons
2026-08-03 15:45:21 +0200: Memory Usage (472256K) : norcx_m3m5 has 0 polygons
2026-08-03 15:45:21 +0200: Memory Usage (472256K) : norcx_m3tm1 has 0 polygons
2026-08-03 15:45:21 +0200: Memory Usage (472256K) : norcx_m3tm2 has 0 polygons
2026-08-03 15:45:21 +0200: Memory Usage (472256K) : norcx_m4m5 has 0 polygons
2026-08-03 15:45:21 +0200: Memory Usage (472256K) : norcx_m4tm1 has 0 polygons
2026-08-03 15:45:21 +0200: Memory Usage (472256K) : norcx_m4tm2 has 0 polygons
2026-08-03 15:45:21 +0200: Memory Usage (472256K) : norcx_m5tm1 has 0 polygons
2026-08-03 15:45:21 +0200: Memory Usage (472256K) : norcx_m5tm2 has 0 polygons
2026-08-03 15:45:21 +0200: Memory Usage (472256K) : norcx_tm1tm2 has 0 polygons
2026-08-03 15:45:21 +0200: Memory Usage (472256K) : norcx_m1sub has 0 polygons
2026-08-03 15:45:21 +0200: Memory Usage (472256K) : norcx_m2sub has 0 polygons
2026-08-03 15:45:21 +0200: Memory Usage (472256K) : norcx_m3sub has 0 polygons
2026-08-03 15:45:21 +0200: Memory Usage (472256K) : norcx_m4sub has 0 polygons
2026-08-03 15:45:21 +0200: Memory Usage (472256K) : norcx_m5sub has 0 polygons
2026-08-03 15:45:21 +0200: Memory Usage (472256K) : norcx_tm1sub has 0 polygons
2026-08-03 15:45:21 +0200: Memory Usage (472256K) : norcx_tm2sub has 0 polygons
2026-08-03 15:45:21 +0200: Memory Usage (472256K) : snsbotvia_drw has 0 polygons
2026-08-03 15:45:21 +0200: Memory Usage (472256K) : snstopvia_drw has 0 polygons
2026-08-03 15:45:21 +0200: Memory Usage (472256K) : deepvia_drw has 0 polygons
2026-08-03 15:45:21 +0200: Memory Usage (472256K) : fgetch_drw has 0 polygons
2026-08-03 15:45:21 +0200: Memory Usage (472256K) : ctrgat_drw has 0 polygons
2026-08-03 15:45:21 +0200: Memory Usage (472256K) : fgimp_drw has 0 polygons
2026-08-03 15:45:21 +0200: Memory Usage (472256K) : emwihv_drw has 0 polygons
2026-08-03 15:45:21 +0200: Memory Usage (472256K) : lbe_drw has 0 polygons
2026-08-03 15:45:21 +0200: Memory Usage (472256K) : alcustop_drw has 0 polygons
2026-08-03 15:45:21 +0200: Memory Usage (472256K) : nometfiller_drw has 0 polygons
2026-08-03 15:45:21 +0200: Memory Usage (472256K) : prboundary_drw has 0 polygons
2026-08-03 15:45:21 +0200: Memory Usage (472256K) : exchange0_drw has 0 polygons
2026-08-03 15:45:21 +0200: Memory Usage (472256K) : exchange0_pin has 0 polygons
2026-08-03 15:45:21 +0200: Memory Usage (472256K) : exchange0_text has 0 polygons
2026-08-03 15:45:21 +0200: Memory Usage (472256K) : exchange1_drw has 0 polygons
2026-08-03 15:45:21 +0200: Memory Usage (472256K) : exchange1_pin has 0 polygons
2026-08-03 15:45:21 +0200: Memory Usage (472256K) : exchange1_text has 0 polygons
2026-08-03 15:45:21 +0200: Memory Usage (472256K) : exchange2_drw has 0 polygons
2026-08-03 15:45:21 +0200: Memory Usage (472256K) : exchange2_pin has 0 polygons
2026-08-03 15:45:21 +0200: Memory Usage (472256K) : exchange2_text has 0 polygons
2026-08-03 15:45:21 +0200: Memory Usage (472256K) : exchange3_drw has 0 polygons
2026-08-03 15:45:21 +0200: Memory Usage (472256K) : exchange3_pin has 0 polygons
2026-08-03 15:45:21 +0200: Memory Usage (472256K) : exchange3_text has 0 polygons
2026-08-03 15:45:21 +0200: Memory Usage (472256K) : exchange4_drw has 0 polygons
2026-08-03 15:45:21 +0200: Memory Usage (472256K) : exchange4_pin has 0 polygons
2026-08-03 15:45:21 +0200: Memory Usage (472256K) : exchange4_text has 0 polygons
2026-08-03 15:45:21 +0200: Memory Usage (472256K) : isonwell_drw has 0 polygons
2026-08-03 15:45:21 +0200: Memory Usage (472256K) : Total no. of polygons in the design is 38183
2026-08-03 15:45:21 +0200: Memory Usage (472256K) : Starting base layers derivations
2026-08-03 15:45:21 +0200: Memory Usage (472256K) : Starting general LVS derivations
2026-08-03 15:45:21 +0200: Memory Usage (476096K) : Starting MOSFET DERIVATIONS
2026-08-03 15:45:22 +0200: Memory Usage (483904K) : Starting NMOS DERIVATIONS
2026-08-03 15:45:22 +0200: Memory Usage (483904K) : Starting PMOS DERIVATIONS
2026-08-03 15:45:22 +0200: Memory Usage (483904K) : Starting RF-MOSFET DERIVATIONS
2026-08-03 15:45:22 +0200: Memory Usage (483904K) : Starting RF-NMOS DERIVATIONS
2026-08-03 15:45:22 +0200: Memory Usage (483904K) : Starting RF-PMOS DERIVATIONS
2026-08-03 15:45:22 +0200: Memory Usage (483904K) : Starting BJT DERIVATIONS
2026-08-03 15:45:22 +0200: Memory Usage (483904K) : Starting NPN-BJT DERIVATIONS
2026-08-03 15:45:22 +0200: Memory Usage (483904K) : Starting PNP-BJT DERIVATIONS
2026-08-03 15:45:22 +0200: Memory Usage (483904K) : Starting DIODE DERIVATIONS
2026-08-03 15:45:22 +0200: Memory Usage (484416K) : Starting RESISTOR DERIVATIONS
2026-08-03 15:45:22 +0200: Memory Usage (484416K) : Starting CAP DERIVATIONS
2026-08-03 15:45:22 +0200: Memory Usage (484416K) : Starting ESD DERIVATIONS
2026-08-03 15:45:23 +0200: Memory Usage (488512K) : Starting Inductor DERIVATIONS
2026-08-03 15:45:23 +0200: Memory Usage (490688K) : Starting Taps DERIVATIONS
2026-08-03 15:45:23 +0200: Memory Usage (490688K) : Starting SG13G2 LVS connectivity setup
2026-08-03 15:45:23 +0200: Memory Usage (490688K) : Starting SG13G2 LVS connectivity setup (Inter-layer)
2026-08-03 15:45:23 +0200: Memory Usage (490816K) : Starting SG13G2 LVS connectivity setup (Global)
2026-08-03 15:45:23 +0200: Memory Usage (490816K) : Starting LVS MOSFET CONNECTIONS
2026-08-03 15:45:23 +0200: Memory Usage (490816K) : Starting LVS RF-MOSFET CONNECTIONS
2026-08-03 15:45:23 +0200: Memory Usage (490816K) : Starting LVS BJT CONNECTIONS
2026-08-03 15:45:23 +0200: Memory Usage (490816K) : Starting LVS DIODE CONNECTIONS
2026-08-03 15:45:23 +0200: Memory Usage (490816K) : Starting RESISTOR CONNECTIONS
2026-08-03 15:45:23 +0200: Memory Usage (490816K) : Starting LVS CAP CONNECTIONS
2026-08-03 15:45:23 +0200: Memory Usage (490816K) : Starting ESD CONNECTIONS
2026-08-03 15:45:23 +0200: Memory Usage (490816K) : Starting Inductor CONNECTIONS
2026-08-03 15:45:23 +0200: Memory Usage (490816K) : Starting LVS Taps CONNECTIONS
2026-08-03 15:45:23 +0200: Memory Usage (490816K) : Starting SG13G2 LVS DEVICES EXTRACTION
2026-08-03 15:45:23 +0200: Memory Usage (490816K) : Starting MOSFET EXTRACTION
2026-08-03 15:45:23 +0200: Memory Usage (490816K) : Starting NMOS EXTRACTION
2026-08-03 15:45:23 +0200: Memory Usage (490816K) : Extraction of NMOS-LV transistor
2026-08-03 15:45:23 +0200: Memory Usage (490816K) : Extraction of NMOS-HV transistor
2026-08-03 15:45:23 +0200: Memory Usage (491072K) : Starting PMOS EXTRACTION
2026-08-03 15:45:23 +0200: Memory Usage (491072K) : Extraction of PMOS-LV transistor
2026-08-03 15:45:23 +0200: Memory Usage (491072K) : Extraction of PMOS-HV transistor
2026-08-03 15:45:23 +0200: Memory Usage (491072K) : Starting RF-MOSFET EXTRACTION
2026-08-03 15:45:23 +0200: Memory Usage (491072K) : Extraction of RF-NMOS-LV transistor
2026-08-03 15:45:23 +0200: Memory Usage (491072K) : Extraction of RF-NMOS-HV transistor
2026-08-03 15:45:23 +0200: Memory Usage (491072K) : Extraction of RF-PMOS-LV transistor
2026-08-03 15:45:23 +0200: Memory Usage (491072K) : Extraction of RF-PMOS-HV transistor
2026-08-03 15:45:23 +0200: Memory Usage (491072K) : Starting BJT EXTRACTION
2026-08-03 15:45:23 +0200: Memory Usage (491072K) : Starting NPN-BJT EXTRACTION
2026-08-03 15:45:23 +0200: Memory Usage (491072K) : Extraction of npn13G2 BJT transistor
2026-08-03 15:45:23 +0200: Memory Usage (491072K) : Extraction of npn13G2L BJT transistor
2026-08-03 15:45:23 +0200: Memory Usage (491072K) : Extraction of npn13G2V BJT transistor
2026-08-03 15:45:23 +0200: Memory Usage (491072K) : Starting PNP-BJT EXTRACTION
2026-08-03 15:45:23 +0200: Memory Usage (491072K) : Extracting pnpMPA BJT
2026-08-03 15:45:23 +0200: Memory Usage (491072K) : Starting DIODE EXTRACTION
2026-08-03 15:45:23 +0200: Memory Usage (491072K) : Extracting dantenna diode
2026-08-03 15:45:23 +0200: Memory Usage (491072K) : Extracting dpantenna diode
2026-08-03 15:45:23 +0200: Memory Usage (491072K) : Extracting schottky_nbl1 diode
2026-08-03 15:45:23 +0200: Memory Usage (491072K) : Extracting isolbox diode
2026-08-03 15:45:23 +0200: Memory Usage (491072K) : Starting RESISTOR EXTRACTION
2026-08-03 15:45:23 +0200: Memory Usage (491072K) : Extracting rsil resistor
2026-08-03 15:45:23 +0200: Memory Usage (491072K) : Extracting rppd resistor
2026-08-03 15:45:23 +0200: Memory Usage (491072K) : Extracting rhigh resistor
2026-08-03 15:45:23 +0200: Memory Usage (491072K) : Extracting res_metal1 resistor
2026-08-03 15:45:23 +0200: Memory Usage (491200K) : Extracting res_metal2 resistor
2026-08-03 15:45:23 +0200: Memory Usage (491200K) : Extracting res_metal3 resistor
2026-08-03 15:45:23 +0200: Memory Usage (491200K) : Extracting res_metal4 resistor
2026-08-03 15:45:23 +0200: Memory Usage (491200K) : Extracting res_metal5 resistor
2026-08-03 15:45:23 +0200: Memory Usage (491200K) : Extracting res_topmetal1 resistor
2026-08-03 15:45:23 +0200: Memory Usage (491200K) : Extracting res_topmetal2 resistor
2026-08-03 15:45:23 +0200: Memory Usage (491200K) : Starting CAP EXTRACTION
2026-08-03 15:45:23 +0200: Memory Usage (491200K) : Extracting cap_cmim device
2026-08-03 15:45:23 +0200: Memory Usage (491200K) : Extracting rfcmim device
2026-08-03 15:45:23 +0200: Memory Usage (491200K) : Extracting sg13_hv_svaricap varactor
2026-08-03 15:45:23 +0200: Memory Usage (491200K) : Starting ESD EXTRACTION
2026-08-03 15:45:23 +0200: Memory Usage (491200K) : Extracting diodevdd_2kv ESD device
2026-08-03 15:45:23 +0200: Memory Usage (491200K) : Extracting diodevdd_4kv ESD device
2026-08-03 15:45:23 +0200: Memory Usage (491200K) : Extracting diodevss_2kv ESD device
2026-08-03 15:45:23 +0200: Memory Usage (491200K) : Extracting diodevss_4kv ESD device
2026-08-03 15:45:23 +0200: Memory Usage (491200K) : Extracting idiodevdd_2kv ESD device
2026-08-03 15:45:23 +0200: Memory Usage (491200K) : Extracting idiodevdd_4kv ESD device
2026-08-03 15:45:23 +0200: Memory Usage (491200K) : Extracting idiodevss_2kv ESD device
2026-08-03 15:45:23 +0200: Memory Usage (491200K) : Extracting idiodevss_4kv ESD device
2026-08-03 15:45:23 +0200: Memory Usage (491200K) : Extracting nmoscl_2 ESD device
2026-08-03 15:45:23 +0200: Memory Usage (491200K) : Extracting nmoscl_4 ESD device
2026-08-03 15:45:23 +0200: Memory Usage (491200K) : Starting Inductor EXTRACTION
2026-08-03 15:45:23 +0200: Memory Usage (491200K) : Extracting Inductor2 device
2026-08-03 15:45:23 +0200: Memory Usage (491200K) : Extracting Inductor3 device
2026-08-03 15:45:23 +0200: Memory Usage (491200K) : Starting Taps EXTRACTION
2026-08-03 15:45:23 +0200: Memory Usage (491200K) : Extracting ntap1 device
2026-08-03 15:45:23 +0200: Memory Usage (491200K) : Extracting ptap1 device
2026-08-03 15:45:23 +0200: Memory Usage (491200K) : Starting SG13G2 LVS RF MOS Model Mapping
2026-08-03 15:45:23 +0200: Memory Usage (491328K) : [layout_netlist] Apply RF MOS model mapping and rfmode parameter.
2026-08-03 15:45:23 +0200: Memory Usage (491328K) : Starting SG13G2 LVS Options Preparations
2026-08-03 15:45:23 +0200: Memory Usage (491328K) : SG13G2 LVS flow: extraction -> alignment -> option preparation -> comparison.
2026-08-03 15:45:23 +0200: Memory Usage (491328K) : Starting SG13G2 LVS Alignment
2026-08-03 15:45:23 +0200: Memory Usage (491456K) : Flattening circuits in both netlists: sg13g2_DCNDiode, sg13g2_DCPDiode, sg13g2_Clamp_*, sg13g2_RCClamp*, sg13g2_GuardRing_*
2026-08-03 15:45:23 +0200: Memory Usage (491456K) : Starting SG13G2 LVS Simplification
2026-08-03 15:45:23 +0200: Memory Usage (491456K) : [layout_netlist] simplify: ENABLED
2026-08-03 15:45:23 +0200: Memory Usage (491456K) : [layout_netlist] make_top_level_pins: SKIPPED
2026-08-03 15:45:23 +0200: Memory Usage (491456K) : [layout_netlist] combine_devices: ENABLED
2026-08-03 15:45:23 +0200: Memory Usage (491456K) : [layout_netlist] purge: SKIPPED
2026-08-03 15:45:23 +0200: Memory Usage (491456K) : [layout_netlist] purge_nets: SKIPPED
2026-08-03 15:45:23 +0200: Memory Usage (491456K) : [schematic_netlist] simplify: ENABLED
2026-08-03 15:45:23 +0200: Memory Usage (491456K) : [schematic_netlist] make_top_level_pins: SKIPPED
2026-08-03 15:45:23 +0200: Memory Usage (491456K) : [schematic_netlist] combine_devices: ENABLED
2026-08-03 15:45:23 +0200: Memory Usage (491456K) : [schematic_netlist] purge: SKIPPED
2026-08-03 15:45:23 +0200: Memory Usage (491456K) : [schematic_netlist] purge_nets: SKIPPED
2026-08-03 15:45:23 +0200: Memory Usage (491456K) : Starting SG13G2 LVS Comparison in strict port mode.
2026-08-03 15:45:23 +0200: Memory Usage (491456K) : flag_missing_ports enabled: missing/mislabeled top-level ports are treated as errors.
2026-08-03 15:45:23 +0200: Memory Usage (491456K) : xxxxxxxxxxxxxxxxxxxxxxxxxxxxxxxxxxxxxxxxxx
2026-08-03 15:45:23 +0200: Memory Usage (491456K) : ERROR : Netlists don't match
2026-08-03 15:45:23 +0200: Memory Usage (491456K) : xxxxxxxxxxxxxxxxxxxxxxxxxxxxxxxxxxxxxxxxxx
2026-08-03 15:45:23 +0200: Memory Usage (491456K) : LVS Total Run time 2.879559 seconds
03-Aug-2026 15:45:24 | INFO    | ==============================================================================
03-Aug-2026 15:45:24 | INFO    | Important Summary
03-Aug-2026 15:45:24 | INFO    | +------------------+----------------------------------------------------------------------------------------+
03-Aug-2026 15:45:24 | INFO    | | Status           | FAIL                                                                                   |
03-Aug-2026 15:45:24 | INFO    | | Mode             | COMPARE                                                                                |
03-Aug-2026 15:45:24 | INFO    | | Outcome          | Comparison mode: FAIL (netlists do not match).                                         |
03-Aug-2026 15:45:24 | INFO    | | Layout           | sg13g2_IOPadVdd.gds                                                                    |
03-Aug-2026 15:45:24 | INFO    | | Top Cell         | sg13g2_IOPadVdd                                                                        |
03-Aug-2026 15:45:24 | INFO    | | Results Dir      | /foss/designs/ihp-open-pdk-regression/IOPADS/lvs_sweep/20260803_154517/sg13g2_IOPadVdd |
03-Aug-2026 15:45:24 | INFO    | | Warnings         | 0                                                                                      |
03-Aug-2026 15:45:24 | INFO    | | Errors           | 1                                                                                      |
03-Aug-2026 15:45:24 | INFO    | | Run Time (s)     | 6.179                                                                                  |
03-Aug-2026 15:45:24 | INFO    | +------------------+----------------------------------------------------------------------------------------+
03-Aug-2026 15:45:24 | ERROR   | Key errors:
03-Aug-2026 15:45:24 | ERROR   |   - 2026-08-03 15:45:23 +0200: Memory Usage (491456K) : ERROR : Netlists don't match
03-Aug-2026 15:45:24 | INFO    | ==============================================================================
