# Logfile created on 2026-08-10 17:39:59 +0200 by logger.rb/v1.5.3
2026-08-10 17:39:59 +0200: Memory Usage (455292K) : Starting running SG13G2 Klayout LVS runset on /foss/designs/ihp-open-pdk-regression/IOPADS/layout/sg13g2_IOPadInOut30mA.gds
2026-08-10 17:39:59 +0200: Memory Usage (455292K) : Ruby Version for klayout: 3.2.3
2026-08-10 17:39:59 +0200: Memory Usage (457340K) : Loading database to memory is complete.
2026-08-10 17:39:59 +0200: Memory Usage (457340K) : SG13G2 Klayout LVS runset output at: /foss/designs/ihp-open-pdk-regression/IOPADS/lvs_sweep/20260810_173932/sg13g2_IOPadInOut30mA/sg13g2_IOPadInOut30mA.lvsdb
2026-08-10 17:39:59 +0200: Memory Usage (457340K) : Evaluate switches.
2026-08-10 17:39:59 +0200: Memory Usage (457340K) : Extracted netlist with net names: true
2026-08-10 17:39:59 +0200: Memory Usage (457340K) : Extracted netlist with comments in details: false
2026-08-10 17:39:59 +0200: Memory Usage (457340K) : Selected NET_ONLY option: false
2026-08-10 17:39:59 +0200: Memory Usage (457340K) : Selected LAYOUT_NETLIST option: (none)
2026-08-10 17:39:59 +0200: Memory Usage (457340K) : Selected IGNORE_TOP_PORTS_MISMATCH option: true
2026-08-10 17:39:59 +0200: Memory Usage (457340K) : Selected IMPLICIT_NETS option: iovss,iovdd,vss,vdd,pad,cathode,anode
2026-08-10 17:39:59 +0200: Memory Usage (457340K) : Selected TOP_LVL_PINS option: false
2026-08-10 17:39:59 +0200: Memory Usage (457340K) : Selected COMBINE DEVICES option: true
2026-08-10 17:39:59 +0200: Memory Usage (457340K) : Selected PURGE option: false
2026-08-10 17:39:59 +0200: Memory Usage (457340K) : Selected PURGE_NETS option: false
2026-08-10 17:39:59 +0200: Memory Usage (457468K) : Selected SIMPLIFY option: true
2026-08-10 17:39:59 +0200: Memory Usage (457468K) : Selected SERIES_RES option: true
2026-08-10 17:39:59 +0200: Memory Usage (457468K) : Selected PARALLEL_RES option: true
2026-08-10 17:39:59 +0200: Memory Usage (457468K) : Selected DISABLE_TAP_EXTRACTION option: false
2026-08-10 17:39:59 +0200: Memory Usage (457468K) : deep  mode is enabled.
2026-08-10 17:39:59 +0200: Memory Usage (457468K) : Applying implicit connections (case-sensitive, pattern supported) for nets: iovss, iovdd, vss, vdd, pad, cathode, anode
2026-08-10 17:39:59 +0200: Memory Usage (458748K) : Netlist file: /foss/designs/ihp-open-pdk-regression/IOPADS/netlist/pads_sub/sg13g2_IOPadInOut30mA.spi
2026-08-10 17:39:59 +0200: Memory Usage (458748K) : LVS extracted netlist at: /foss/designs/ihp-open-pdk-regression/IOPADS/lvs_sweep/20260810_173932/sg13g2_IOPadInOut30mA/sg13g2_IOPadInOut30mA_extracted.cir
2026-08-10 17:39:59 +0200: Memory Usage (458748K) : Applying SRAM integration support.
2026-08-10 17:39:59 +0200: Memory Usage (458748K) : Starting SG13G2 LVS runset
2026-08-10 17:39:59 +0200: Memory Usage (458748K) : Read in polygons from layers.
2026-08-10 17:39:59 +0200: Memory Usage (460028K) : activ_drw has 113 polygons
2026-08-10 17:39:59 +0200: Memory Usage (460028K) : activ_filler has 0 polygons
2026-08-10 17:39:59 +0200: Memory Usage (460156K) : activ has 113 polygons
2026-08-10 17:39:59 +0200: Memory Usage (460156K) : activ_pin has 0 polygons
2026-08-10 17:39:59 +0200: Memory Usage (460156K) : activ_mask has 0 polygons
2026-08-10 17:39:59 +0200: Memory Usage (460156K) : activ_nofill has 0 polygons
2026-08-10 17:39:59 +0200: Memory Usage (460284K) : activ_OPC has 0 polygons
2026-08-10 17:39:59 +0200: Memory Usage (460284K) : activ_iOPC has 0 polygons
2026-08-10 17:39:59 +0200: Memory Usage (460412K) : activ_noqrc has 0 polygons
2026-08-10 17:39:59 +0200: Memory Usage (460540K) : biwind_drw has 0 polygons
2026-08-10 17:39:59 +0200: Memory Usage (460668K) : biwind_OPC has 0 polygons
2026-08-10 17:39:59 +0200: Memory Usage (460924K) : gatpoly_drw has 69 polygons
2026-08-10 17:39:59 +0200: Memory Usage (461052K) : gatpoly_filler has 0 polygons
2026-08-10 17:39:59 +0200: Memory Usage (461052K) : gatpoly has 69 polygons
2026-08-10 17:39:59 +0200: Memory Usage (461052K) : gatpoly_pin has 6 polygons
2026-08-10 17:39:59 +0200: Memory Usage (461052K) : gatpoly_nofill has 0 polygons
2026-08-10 17:39:59 +0200: Memory Usage (461052K) : gatpoly_OPC has 0 polygons
2026-08-10 17:39:59 +0200: Memory Usage (461052K) : gatpoly_iOPC has 0 polygons
2026-08-10 17:39:59 +0200: Memory Usage (461052K) : gatpoly_noqrc has 0 polygons
2026-08-10 17:39:59 +0200: Memory Usage (462460K) : cont_drw has 47016 polygons
2026-08-10 17:39:59 +0200: Memory Usage (462460K) : cont_OPC has 0 polygons
2026-08-10 17:39:59 +0200: Memory Usage (462460K) : nsd_drw has 0 polygons
2026-08-10 17:39:59 +0200: Memory Usage (462460K) : nsd_block has 0 polygons
2026-08-10 17:39:59 +0200: Memory Usage (462460K) : metal1_drw has 393 polygons
2026-08-10 17:39:59 +0200: Memory Usage (462460K) : metal1_filler has 0 polygons
2026-08-10 17:39:59 +0200: Memory Usage (462460K) : metal1_slit has 0 polygons
2026-08-10 17:39:59 +0200: Memory Usage (462972K) : metal1 has 393 polygons
2026-08-10 17:39:59 +0200: Memory Usage (462972K) : metal1_pin has 57 polygons
2026-08-10 17:39:59 +0200: Memory Usage (462972K) : metal1_mask has 0 polygons
2026-08-10 17:39:59 +0200: Memory Usage (462972K) : metal1_nofill has 0 polygons
2026-08-10 17:39:59 +0200: Memory Usage (463100K) : metal1_text has 47 polygons
2026-08-10 17:39:59 +0200: Memory Usage (463100K) : metal1_OPC has 0 polygons
2026-08-10 17:39:59 +0200: Memory Usage (463100K) : metal1_noqrc has 0 polygons
2026-08-10 17:39:59 +0200: Memory Usage (463228K) : metal1_res has 0 polygons
2026-08-10 17:39:59 +0200: Memory Usage (463228K) : metal1_iprobe has 0 polygons
2026-08-10 17:39:59 +0200: Memory Usage (463228K) : metal1_diffprb has 0 polygons
2026-08-10 17:39:59 +0200: Memory Usage (463228K) : passiv_drw has 0 polygons
2026-08-10 17:39:59 +0200: Memory Usage (463356K) : passiv_pin has 0 polygons
2026-08-10 17:39:59 +0200: Memory Usage (463356K) : passiv_sbump has 0 polygons
2026-08-10 17:39:59 +0200: Memory Usage (463356K) : passiv_pillar has 0 polygons
2026-08-10 17:39:59 +0200: Memory Usage (463484K) : passiv_pdl has 0 polygons
2026-08-10 17:39:59 +0200: Memory Usage (463612K) : metal2_drw has 113 polygons
2026-08-10 17:39:59 +0200: Memory Usage (463612K) : metal2_filler has 0 polygons
2026-08-10 17:39:59 +0200: Memory Usage (463740K) : metal2_slit has 0 polygons
2026-08-10 17:39:59 +0200: Memory Usage (463868K) : metal2 has 113 polygons
2026-08-10 17:39:59 +0200: Memory Usage (463868K) : metal2_pin has 36 polygons
2026-08-10 17:39:59 +0200: Memory Usage (463996K) : metal2_mask has 0 polygons
2026-08-10 17:39:59 +0200: Memory Usage (463996K) : metal2_nofill has 0 polygons
2026-08-10 17:39:59 +0200: Memory Usage (463996K) : metal2_text has 35 polygons
2026-08-10 17:39:59 +0200: Memory Usage (463996K) : metal2_OPC has 0 polygons
2026-08-10 17:39:59 +0200: Memory Usage (463996K) : metal2_noqrc has 0 polygons
2026-08-10 17:39:59 +0200: Memory Usage (463996K) : metal2_res has 0 polygons
2026-08-10 17:39:59 +0200: Memory Usage (463996K) : metal2_iprobe has 0 polygons
2026-08-10 17:39:59 +0200: Memory Usage (463996K) : metal2_diffprb has 0 polygons
2026-08-10 17:39:59 +0200: Memory Usage (463996K) : baspoly_drw has 0 polygons
2026-08-10 17:39:59 +0200: Memory Usage (463996K) : baspoly_pin has 0 polygons
2026-08-10 17:39:59 +0200: Memory Usage (463996K) : psd_drw has 46 polygons
2026-08-10 17:39:59 +0200: Memory Usage (463996K) : nldb_drw has 0 polygons
2026-08-10 17:39:59 +0200: Memory Usage (463996K) : digibnd_drw has 0 polygons
2026-08-10 17:39:59 +0200: Memory Usage (463996K) : via1_drw has 1923 polygons
2026-08-10 17:39:59 +0200: Memory Usage (463996K) : backmetal1_drw has 0 polygons
2026-08-10 17:39:59 +0200: Memory Usage (463996K) : backmetal1_pin has 0 polygons
2026-08-10 17:39:59 +0200: Memory Usage (463996K) : backmetal1_mask has 0 polygons
2026-08-10 17:39:59 +0200: Memory Usage (463996K) : backmetal1_filler has 0 polygons
2026-08-10 17:39:59 +0200: Memory Usage (463996K) : backmetal1_nofill has 0 polygons
2026-08-10 17:39:59 +0200: Memory Usage (463996K) : backmetal1_slit has 0 polygons
2026-08-10 17:39:59 +0200: Memory Usage (463996K) : backmetal1_text has 0 polygons
2026-08-10 17:39:59 +0200: Memory Usage (463996K) : backmetal1_OPC has 0 polygons
2026-08-10 17:40:00 +0200: Memory Usage (463996K) : backmetal1_noqrc has 0 polygons
2026-08-10 17:40:00 +0200: Memory Usage (463996K) : backmetal1_res has 0 polygons
2026-08-10 17:40:00 +0200: Memory Usage (463996K) : backmetal1_iprobe has 0 polygons
2026-08-10 17:40:00 +0200: Memory Usage (463996K) : backmetal1_diffprb has 0 polygons
2026-08-10 17:40:00 +0200: Memory Usage (463996K) : backpassiv_drw has 0 polygons
2026-08-10 17:40:00 +0200: Memory Usage (463996K) : res_drw has 0 polygons
2026-08-10 17:40:00 +0200: Memory Usage (463996K) : sram_drw has 0 polygons
2026-08-10 17:40:00 +0200: Memory Usage (463996K) : trans_drw has 0 polygons
2026-08-10 17:40:00 +0200: Memory Usage (463996K) : ind_drw has 0 polygons
2026-08-10 17:40:00 +0200: Memory Usage (463996K) : ind_pin has 0 polygons
2026-08-10 17:40:00 +0200: Memory Usage (463996K) : ind_text has 0 polygons
2026-08-10 17:40:00 +0200: Memory Usage (463996K) : salblock_drw has 1 polygons
2026-08-10 17:40:00 +0200: Memory Usage (463996K) : via2_drw has 1655 polygons
2026-08-10 17:40:00 +0200: Memory Usage (463996K) : metal3_drw has 27 polygons
2026-08-10 17:40:00 +0200: Memory Usage (463996K) : metal3_filler has 0 polygons
2026-08-10 17:40:00 +0200: Memory Usage (463996K) : metal3_slit has 0 polygons
2026-08-10 17:40:00 +0200: Memory Usage (463996K) : metal3 has 27 polygons
2026-08-10 17:40:00 +0200: Memory Usage (463996K) : metal3_pin has 11 polygons
2026-08-10 17:40:00 +0200: Memory Usage (463996K) : metal3_mask has 0 polygons
2026-08-10 17:40:00 +0200: Memory Usage (463996K) : metal3_nofill has 0 polygons
2026-08-10 17:40:00 +0200: Memory Usage (463996K) : metal3_text has 11 polygons
2026-08-10 17:40:00 +0200: Memory Usage (463996K) : metal3_OPC has 0 polygons
2026-08-10 17:40:00 +0200: Memory Usage (463996K) : metal3_noqrc has 0 polygons
2026-08-10 17:40:00 +0200: Memory Usage (463996K) : metal3_res has 0 polygons
2026-08-10 17:40:00 +0200: Memory Usage (463996K) : metal3_iprobe has 0 polygons
2026-08-10 17:40:00 +0200: Memory Usage (463996K) : metal3_diffprb has 0 polygons
2026-08-10 17:40:00 +0200: Memory Usage (463996K) : nwell_drw has 29 polygons
2026-08-10 17:40:00 +0200: Memory Usage (463996K) : nwell_pin has 0 polygons
2026-08-10 17:40:00 +0200: Memory Usage (463996K) : nwell_text has 0 polygons
2026-08-10 17:40:00 +0200: Memory Usage (463996K) : nbulay_drw has 0 polygons
2026-08-10 17:40:00 +0200: Memory Usage (463996K) : nbulay_pin has 0 polygons
2026-08-10 17:40:00 +0200: Memory Usage (464124K) : nbulay_block has 0 polygons
2026-08-10 17:40:00 +0200: Memory Usage (464124K) : emwind_drw has 0 polygons
2026-08-10 17:40:00 +0200: Memory Usage (464252K) : emwind_OPC has 0 polygons
2026-08-10 17:40:00 +0200: Memory Usage (464380K) : deepco_drw has 0 polygons
2026-08-10 17:40:00 +0200: Memory Usage (464380K) : mim_drw has 0 polygons
2026-08-10 17:40:00 +0200: Memory Usage (464508K) : edgeseal_drw has 0 polygons
2026-08-10 17:40:00 +0200: Memory Usage (464508K) : substrate_drw has 32 polygons
2026-08-10 17:40:00 +0200: Memory Usage (464636K) : substrate_text has 0 polygons
2026-08-10 17:40:00 +0200: Memory Usage (464636K) : dfpad_drw has 0 polygons
2026-08-10 17:40:00 +0200: Memory Usage (464764K) : dfpad_pillar has 0 polygons
2026-08-10 17:40:00 +0200: Memory Usage (464764K) : dfpad_sbump has 0 polygons
2026-08-10 17:40:00 +0200: Memory Usage (464892K) : thickgateox_drw has 8 polygons
2026-08-10 17:40:00 +0200: Memory Usage (464892K) : pldb_drw has 0 polygons
2026-08-10 17:40:00 +0200: Memory Usage (465020K) : pwell_drw has 0 polygons
2026-08-10 17:40:00 +0200: Memory Usage (465020K) : pwell_pin has 0 polygons
2026-08-10 17:40:00 +0200: Memory Usage (465148K) : pwell_block has 0 polygons
2026-08-10 17:40:00 +0200: Memory Usage (465276K) : ic_drw has 0 polygons
2026-08-10 17:40:00 +0200: Memory Usage (465276K) : via3_drw has 2087 polygons
2026-08-10 17:40:00 +0200: Memory Usage (465404K) : metal4_drw has 8 polygons
2026-08-10 17:40:00 +0200: Memory Usage (465532K) : metal4_filler has 0 polygons
2026-08-10 17:40:00 +0200: Memory Usage (465532K) : metal4_slit has 0 polygons
2026-08-10 17:40:00 +0200: Memory Usage (465660K) : metal4 has 8 polygons
2026-08-10 17:40:00 +0200: Memory Usage (465788K) : metal4_pin has 8 polygons
2026-08-10 17:40:00 +0200: Memory Usage (465788K) : metal4_mask has 0 polygons
2026-08-10 17:40:00 +0200: Memory Usage (465916K) : metal4_nofill has 0 polygons
2026-08-10 17:40:00 +0200: Memory Usage (465916K) : metal4_text has 8 polygons
2026-08-10 17:40:00 +0200: Memory Usage (466044K) : metal4_OPC has 0 polygons
2026-08-10 17:40:00 +0200: Memory Usage (466044K) : metal4_noqrc has 0 polygons
2026-08-10 17:40:00 +0200: Memory Usage (466172K) : metal4_res has 0 polygons
2026-08-10 17:40:00 +0200: Memory Usage (466172K) : metal4_iprobe has 0 polygons
2026-08-10 17:40:00 +0200: Memory Usage (466300K) : metal4_diffprb has 0 polygons
2026-08-10 17:40:00 +0200: Memory Usage (466300K) : heattrans_drw has 6 polygons
2026-08-10 17:40:00 +0200: Memory Usage (466428K) : heatres_drw has 0 polygons
2026-08-10 17:40:00 +0200: Memory Usage (466556K) : fbe_drw has 0 polygons
2026-08-10 17:40:00 +0200: Memory Usage (466684K) : empoly_drw has 0 polygons
2026-08-10 17:40:00 +0200: Memory Usage (466684K) : digisub_drw has 0 polygons
2026-08-10 17:40:00 +0200: Memory Usage (466812K) : text_drw has 29 polygons
2026-08-10 17:40:00 +0200: Memory Usage (466812K) : via4_drw has 2371 polygons
2026-08-10 17:40:00 +0200: Memory Usage (466940K) : metal5_drw has 8 polygons
2026-08-10 17:40:00 +0200: Memory Usage (466940K) : metal5_filler has 0 polygons
2026-08-10 17:40:00 +0200: Memory Usage (466940K) : metal5_slit has 0 polygons
2026-08-10 17:40:00 +0200: Memory Usage (467068K) : metal5 has 8 polygons
2026-08-10 17:40:00 +0200: Memory Usage (467196K) : metal5_pin has 8 polygons
2026-08-10 17:40:00 +0200: Memory Usage (467196K) : metal5_mask has 0 polygons
2026-08-10 17:40:00 +0200: Memory Usage (467324K) : metal5_nofill has 0 polygons
2026-08-10 17:40:00 +0200: Memory Usage (467324K) : metal5_text has 8 polygons
2026-08-10 17:40:00 +0200: Memory Usage (467452K) : metal5_OPC has 0 polygons
2026-08-10 17:40:00 +0200: Memory Usage (467452K) : metal5_noqrc has 0 polygons
2026-08-10 17:40:00 +0200: Memory Usage (467580K) : metal5_res has 0 polygons
2026-08-10 17:40:00 +0200: Memory Usage (467708K) : metal5_iprobe has 0 polygons
2026-08-10 17:40:00 +0200: Memory Usage (467708K) : metal5_diffprb has 0 polygons
2026-08-10 17:40:00 +0200: Memory Usage (467836K) : radhard_drw has 0 polygons
2026-08-10 17:40:00 +0200: Memory Usage (467964K) : memcap_drw has 0 polygons
2026-08-10 17:40:00 +0200: Memory Usage (467964K) : varicap_drw has 0 polygons
2026-08-10 17:40:00 +0200: Memory Usage (467964K) : intbondvia_drw has 0 polygons
2026-08-10 17:40:00 +0200: Memory Usage (468092K) : intbondmet_drw has 0 polygons
2026-08-10 17:40:00 +0200: Memory Usage (468092K) : devbondvia_drw has 0 polygons
2026-08-10 17:40:00 +0200: Memory Usage (468220K) : devbondmet_drw has 0 polygons
2026-08-10 17:40:00 +0200: Memory Usage (468348K) : devtrench_drw has 0 polygons
2026-08-10 17:40:00 +0200: Memory Usage (468476K) : redist_drw has 0 polygons
2026-08-10 17:40:00 +0200: Memory Usage (468476K) : graphbot_drw has 0 polygons
2026-08-10 17:40:00 +0200: Memory Usage (468604K) : graphtop_drw has 0 polygons
2026-08-10 17:40:00 +0200: Memory Usage (468604K) : antvia1_drw has 0 polygons
2026-08-10 17:40:00 +0200: Memory Usage (468604K) : antmetal2_drw has 0 polygons
2026-08-10 17:40:00 +0200: Memory Usage (468732K) : graphcont_drw has 0 polygons
2026-08-10 17:40:00 +0200: Memory Usage (468732K) : siwg_drw has 0 polygons
2026-08-10 17:40:00 +0200: Memory Usage (468860K) : siwg_filler has 0 polygons
2026-08-10 17:40:00 +0200: Memory Usage (468860K) : siwg_nofill has 0 polygons
2026-08-10 17:40:00 +0200: Memory Usage (468988K) : sigrating_drw has 0 polygons
2026-08-10 17:40:00 +0200: Memory Usage (468988K) : singrating_drw has 0 polygons
2026-08-10 17:40:00 +0200: Memory Usage (469116K) : graphpas_drw has 0 polygons
2026-08-10 17:40:00 +0200: Memory Usage (469116K) : emwind3_drw has 0 polygons
2026-08-10 17:40:00 +0200: Memory Usage (469244K) : emwihv3_drw has 0 polygons
2026-08-10 17:40:00 +0200: Memory Usage (469372K) : redbulay_drw has 0 polygons
2026-08-10 17:40:00 +0200: Memory Usage (469372K) : smos_drw has 0 polygons
2026-08-10 17:40:00 +0200: Memory Usage (469372K) : graphpad_drw has 0 polygons
2026-08-10 17:40:00 +0200: Memory Usage (469500K) : polimide_drw has 0 polygons
2026-08-10 17:40:00 +0200: Memory Usage (469500K) : polimide_pin has 0 polygons
2026-08-10 17:40:00 +0200: Memory Usage (469500K) : recog_drw has 0 polygons
2026-08-10 17:40:00 +0200: Memory Usage (469500K) : recog_pin has 0 polygons
2026-08-10 17:40:00 +0200: Memory Usage (469500K) : recog_esd has 0 polygons
2026-08-10 17:40:00 +0200: Memory Usage (469500K) : recog_diode has 9 polygons
2026-08-10 17:40:00 +0200: Memory Usage (469500K) : recog_tsv has 0 polygons
2026-08-10 17:40:00 +0200: Memory Usage (469500K) : recog_iprobe has 0 polygons
2026-08-10 17:40:00 +0200: Memory Usage (469500K) : recog_diffprb has 0 polygons
2026-08-10 17:40:00 +0200: Memory Usage (469500K) : recog_pillar has 0 polygons
2026-08-10 17:40:00 +0200: Memory Usage (469500K) : recog_sbump has 0 polygons
2026-08-10 17:40:00 +0200: Memory Usage (469500K) : recog_otp has 0 polygons
2026-08-10 17:40:00 +0200: Memory Usage (469500K) : recog_pdiode has 0 polygons
2026-08-10 17:40:00 +0200: Memory Usage (469500K) : recog_mom has 0 polygons
2026-08-10 17:40:00 +0200: Memory Usage (469500K) : recog_pcm has 0 polygons
2026-08-10 17:40:00 +0200: Memory Usage (469500K) : colopen_drw has 0 polygons
2026-08-10 17:40:00 +0200: Memory Usage (469500K) : graphmetal1_drw has 0 polygons
2026-08-10 17:40:00 +0200: Memory Usage (469500K) : graphmetal1_filler has 0 polygons
2026-08-10 17:40:00 +0200: Memory Usage (469500K) : graphmetal1_nofill has 0 polygons
2026-08-10 17:40:00 +0200: Memory Usage (469500K) : graphmetal1_slit has 0 polygons
2026-08-10 17:40:00 +0200: Memory Usage (469500K) : graphmetal1_OPC has 0 polygons
2026-08-10 17:40:00 +0200: Memory Usage (469500K) : graphmet1l_drw has 0 polygons
2026-08-10 17:40:00 +0200: Memory Usage (469500K) : graphmet1l_filler has 0 polygons
2026-08-10 17:40:00 +0200: Memory Usage (469500K) : graphmet1l_nofill has 0 polygons
2026-08-10 17:40:00 +0200: Memory Usage (469500K) : graphmet1l_slit has 0 polygons
2026-08-10 17:40:00 +0200: Memory Usage (469500K) : graphmet1l_OPC has 0 polygons
2026-08-10 17:40:00 +0200: Memory Usage (469500K) : extblock_drw has 1 polygons
2026-08-10 17:40:00 +0200: Memory Usage (469500K) : nldd_drw has 0 polygons
2026-08-10 17:40:00 +0200: Memory Usage (469500K) : pldd_drw has 0 polygons
2026-08-10 17:40:00 +0200: Memory Usage (469500K) : next_drw has 0 polygons
2026-08-10 17:40:00 +0200: Memory Usage (469500K) : pext_drw has 0 polygons
2026-08-10 17:40:00 +0200: Memory Usage (469500K) : nexthv_drw has 0 polygons
2026-08-10 17:40:00 +0200: Memory Usage (469500K) : pexthv_drw has 0 polygons
2026-08-10 17:40:00 +0200: Memory Usage (469500K) : graphgate_drw has 0 polygons
2026-08-10 17:40:00 +0200: Memory Usage (469500K) : sinwg_drw has 0 polygons
2026-08-10 17:40:00 +0200: Memory Usage (469500K) : sinwg_filler has 0 polygons
2026-08-10 17:40:00 +0200: Memory Usage (469500K) : sinwg_nofill has 0 polygons
2026-08-10 17:40:00 +0200: Memory Usage (469500K) : mempad_drw has 0 polygons
2026-08-10 17:40:00 +0200: Memory Usage (469500K) : topvia1_drw has 2315 polygons
2026-08-10 17:40:00 +0200: Memory Usage (469500K) : topmetal1_drw has 8 polygons
2026-08-10 17:40:00 +0200: Memory Usage (469500K) : topmetal1_filler has 0 polygons
2026-08-10 17:40:00 +0200: Memory Usage (469500K) : topmetal1_slit has 0 polygons
2026-08-10 17:40:00 +0200: Memory Usage (469500K) : topmetal1 has 8 polygons
2026-08-10 17:40:00 +0200: Memory Usage (469500K) : topmetal1_pin has 8 polygons
2026-08-10 17:40:00 +0200: Memory Usage (469500K) : topmetal1_mask has 0 polygons
2026-08-10 17:40:00 +0200: Memory Usage (469500K) : topmetal1_nofill has 0 polygons
2026-08-10 17:40:00 +0200: Memory Usage (469500K) : topmetal1_text has 8 polygons
2026-08-10 17:40:00 +0200: Memory Usage (469500K) : topmetal1_noqrc has 0 polygons
2026-08-10 17:40:00 +0200: Memory Usage (469500K) : topmetal1_res has 0 polygons
2026-08-10 17:40:00 +0200: Memory Usage (469500K) : topmetal1_iprobe has 0 polygons
2026-08-10 17:40:00 +0200: Memory Usage (469500K) : topmetal1_diffprb has 0 polygons
2026-08-10 17:40:00 +0200: Memory Usage (469500K) : inldpwl_drw has 0 polygons
2026-08-10 17:40:00 +0200: Memory Usage (469500K) : polyres_drw has 1 polygons
2026-08-10 17:40:00 +0200: Memory Usage (469500K) : polyres_pin has 0 polygons
2026-08-10 17:40:00 +0200: Memory Usage (469500K) : vmim_drw has 0 polygons
2026-08-10 17:40:00 +0200: Memory Usage (469500K) : nbulaycut_drw has 0 polygons
2026-08-10 17:40:00 +0200: Memory Usage (469500K) : antmetal1_drw has 0 polygons
2026-08-10 17:40:00 +0200: Memory Usage (469500K) : topvia2_drw has 1593 polygons
2026-08-10 17:40:00 +0200: Memory Usage (469500K) : topmetal2_drw has 6 polygons
2026-08-10 17:40:00 +0200: Memory Usage (469500K) : topmetal2_filler has 0 polygons
2026-08-10 17:40:00 +0200: Memory Usage (469500K) : topmetal2_slit has 0 polygons
2026-08-10 17:40:00 +0200: Memory Usage (469500K) : topmetal2 has 6 polygons
2026-08-10 17:40:00 +0200: Memory Usage (469500K) : topmetal2_pin has 6 polygons
2026-08-10 17:40:00 +0200: Memory Usage (469500K) : topmetal2_mask has 0 polygons
2026-08-10 17:40:00 +0200: Memory Usage (469500K) : topmetal2_nofill has 0 polygons
2026-08-10 17:40:00 +0200: Memory Usage (469500K) : topmetal2_text has 6 polygons
2026-08-10 17:40:00 +0200: Memory Usage (469500K) : topmetal2_noqrc has 0 polygons
2026-08-10 17:40:00 +0200: Memory Usage (469500K) : topmetal2_res has 0 polygons
2026-08-10 17:40:00 +0200: Memory Usage (469500K) : topmetal2_iprobe has 0 polygons
2026-08-10 17:40:00 +0200: Memory Usage (469500K) : topmetal2_diffprb has 0 polygons
2026-08-10 17:40:00 +0200: Memory Usage (469500K) : snsring_drw has 0 polygons
2026-08-10 17:40:00 +0200: Memory Usage (469500K) : sensor_drw has 0 polygons
2026-08-10 17:40:00 +0200: Memory Usage (469500K) : snsarms_drw has 0 polygons
2026-08-10 17:40:00 +0200: Memory Usage (469500K) : snscmosvia_drw has 0 polygons
2026-08-10 17:40:00 +0200: Memory Usage (469500K) : colwind_drw has 0 polygons
2026-08-10 17:40:00 +0200: Memory Usage (469500K) : flm_drw has 0 polygons
2026-08-10 17:40:00 +0200: Memory Usage (469500K) : hafniumox_drw has 0 polygons
2026-08-10 17:40:00 +0200: Memory Usage (469500K) : memvia_drw has 0 polygons
2026-08-10 17:40:00 +0200: Memory Usage (469500K) : thinfilmres_drw has 0 polygons
2026-08-10 17:40:00 +0200: Memory Usage (469500K) : rfmem_drw has 0 polygons
2026-08-10 17:40:00 +0200: Memory Usage (469500K) : norcx_drw has 0 polygons
2026-08-10 17:40:00 +0200: Memory Usage (469500K) : norcx_m2m3 has 0 polygons
2026-08-10 17:40:00 +0200: Memory Usage (469500K) : norcx_m2m4 has 0 polygons
2026-08-10 17:40:00 +0200: Memory Usage (469500K) : norcx_m2m5 has 0 polygons
2026-08-10 17:40:00 +0200: Memory Usage (469500K) : norcx_m2tm1 has 0 polygons
2026-08-10 17:40:00 +0200: Memory Usage (469500K) : norcx_m2tm2 has 0 polygons
2026-08-10 17:40:00 +0200: Memory Usage (469500K) : norcx_m3m4 has 0 polygons
2026-08-10 17:40:00 +0200: Memory Usage (469500K) : norcx_m3m5 has 0 polygons
2026-08-10 17:40:00 +0200: Memory Usage (469500K) : norcx_m3tm1 has 0 polygons
2026-08-10 17:40:00 +0200: Memory Usage (469500K) : norcx_m3tm2 has 0 polygons
2026-08-10 17:40:00 +0200: Memory Usage (469500K) : norcx_m4m5 has 0 polygons
2026-08-10 17:40:00 +0200: Memory Usage (469500K) : norcx_m4tm1 has 0 polygons
2026-08-10 17:40:00 +0200: Memory Usage (469500K) : norcx_m4tm2 has 0 polygons
2026-08-10 17:40:00 +0200: Memory Usage (469500K) : norcx_m5tm1 has 0 polygons
2026-08-10 17:40:00 +0200: Memory Usage (469500K) : norcx_m5tm2 has 0 polygons
2026-08-10 17:40:00 +0200: Memory Usage (469500K) : norcx_tm1tm2 has 0 polygons
2026-08-10 17:40:00 +0200: Memory Usage (469500K) : norcx_m1sub has 0 polygons
2026-08-10 17:40:00 +0200: Memory Usage (469500K) : norcx_m2sub has 0 polygons
2026-08-10 17:40:00 +0200: Memory Usage (469500K) : norcx_m3sub has 0 polygons
2026-08-10 17:40:00 +0200: Memory Usage (469500K) : norcx_m4sub has 0 polygons
2026-08-10 17:40:00 +0200: Memory Usage (469500K) : norcx_m5sub has 0 polygons
2026-08-10 17:40:00 +0200: Memory Usage (469500K) : norcx_tm1sub has 0 polygons
2026-08-10 17:40:00 +0200: Memory Usage (469500K) : norcx_tm2sub has 0 polygons
2026-08-10 17:40:00 +0200: Memory Usage (469500K) : snsbotvia_drw has 0 polygons
2026-08-10 17:40:00 +0200: Memory Usage (469500K) : snstopvia_drw has 0 polygons
2026-08-10 17:40:00 +0200: Memory Usage (469500K) : deepvia_drw has 0 polygons
2026-08-10 17:40:00 +0200: Memory Usage (469500K) : fgetch_drw has 0 polygons
2026-08-10 17:40:00 +0200: Memory Usage (469500K) : ctrgat_drw has 0 polygons
2026-08-10 17:40:00 +0200: Memory Usage (469500K) : fgimp_drw has 0 polygons
2026-08-10 17:40:00 +0200: Memory Usage (469500K) : emwihv_drw has 0 polygons
2026-08-10 17:40:00 +0200: Memory Usage (469500K) : lbe_drw has 0 polygons
2026-08-10 17:40:00 +0200: Memory Usage (469500K) : alcustop_drw has 0 polygons
2026-08-10 17:40:00 +0200: Memory Usage (469500K) : nometfiller_drw has 0 polygons
2026-08-10 17:40:00 +0200: Memory Usage (469500K) : prboundary_drw has 0 polygons
2026-08-10 17:40:00 +0200: Memory Usage (469500K) : exchange0_drw has 0 polygons
2026-08-10 17:40:00 +0200: Memory Usage (469500K) : exchange0_pin has 0 polygons
2026-08-10 17:40:00 +0200: Memory Usage (469500K) : exchange0_text has 0 polygons
2026-08-10 17:40:00 +0200: Memory Usage (469500K) : exchange1_drw has 0 polygons
2026-08-10 17:40:00 +0200: Memory Usage (469500K) : exchange1_pin has 0 polygons
2026-08-10 17:40:00 +0200: Memory Usage (469500K) : exchange1_text has 0 polygons
2026-08-10 17:40:00 +0200: Memory Usage (469500K) : exchange2_drw has 0 polygons
2026-08-10 17:40:00 +0200: Memory Usage (469500K) : exchange2_pin has 0 polygons
2026-08-10 17:40:00 +0200: Memory Usage (469500K) : exchange2_text has 0 polygons
2026-08-10 17:40:00 +0200: Memory Usage (469500K) : exchange3_drw has 0 polygons
2026-08-10 17:40:00 +0200: Memory Usage (469500K) : exchange3_pin has 0 polygons
2026-08-10 17:40:00 +0200: Memory Usage (469500K) : exchange3_text has 0 polygons
2026-08-10 17:40:00 +0200: Memory Usage (469500K) : exchange4_drw has 0 polygons
2026-08-10 17:40:00 +0200: Memory Usage (469500K) : exchange4_pin has 0 polygons
2026-08-10 17:40:00 +0200: Memory Usage (469500K) : exchange4_text has 0 polygons
2026-08-10 17:40:00 +0200: Memory Usage (469500K) : isonwell_drw has 0 polygons
2026-08-10 17:40:00 +0200: Memory Usage (469500K) : Total no. of polygons in the design is 60130
2026-08-10 17:40:00 +0200: Memory Usage (469500K) : Starting base layers derivations
2026-08-10 17:40:00 +0200: Memory Usage (469500K) : Starting general LVS derivations
2026-08-10 17:40:00 +0200: Memory Usage (477564K) : Starting MOSFET DERIVATIONS
2026-08-10 17:40:01 +0200: Memory Usage (478532K) : Starting NMOS DERIVATIONS
2026-08-10 17:40:01 +0200: Memory Usage (478532K) : Starting PMOS DERIVATIONS
2026-08-10 17:40:01 +0200: Memory Usage (478532K) : Starting RF-MOSFET DERIVATIONS
2026-08-10 17:40:01 +0200: Memory Usage (478532K) : Starting RF-NMOS DERIVATIONS
2026-08-10 17:40:01 +0200: Memory Usage (478532K) : Starting RF-PMOS DERIVATIONS
2026-08-10 17:40:01 +0200: Memory Usage (478532K) : Starting BJT DERIVATIONS
2026-08-10 17:40:01 +0200: Memory Usage (478532K) : Starting NPN-BJT DERIVATIONS
2026-08-10 17:40:01 +0200: Memory Usage (478532K) : Starting PNP-BJT DERIVATIONS
2026-08-10 17:40:01 +0200: Memory Usage (478532K) : Starting DIODE DERIVATIONS
2026-08-10 17:40:02 +0200: Memory Usage (478980K) : Starting RESISTOR DERIVATIONS
2026-08-10 17:40:02 +0200: Memory Usage (479236K) : Starting CAP DERIVATIONS
2026-08-10 17:40:02 +0200: Memory Usage (479236K) : Starting CAP_CMOM DERIVATIONS
2026-08-10 17:40:02 +0200: Memory Usage (479236K) : Starting ESD DERIVATIONS
2026-08-10 17:40:03 +0200: Memory Usage (479236K) : Starting Inductor DERIVATIONS
2026-08-10 17:40:03 +0200: Memory Usage (479876K) : Starting Taps DERIVATIONS
2026-08-10 17:40:03 +0200: Memory Usage (481156K) : Starting SG13G2 LVS connectivity setup
2026-08-10 17:40:03 +0200: Memory Usage (481156K) : Starting SG13G2 LVS connectivity setup (Inter-layer)
2026-08-10 17:40:03 +0200: Memory Usage (481156K) : Starting SG13G2 LVS connectivity setup (Global)
2026-08-10 17:40:03 +0200: Memory Usage (481156K) : Starting LVS MOSFET CONNECTIONS
2026-08-10 17:40:03 +0200: Memory Usage (481156K) : Starting LVS RF-MOSFET CONNECTIONS
2026-08-10 17:40:03 +0200: Memory Usage (481156K) : Starting LVS BJT CONNECTIONS
2026-08-10 17:40:03 +0200: Memory Usage (481156K) : Starting LVS DIODE CONNECTIONS
2026-08-10 17:40:03 +0200: Memory Usage (481156K) : Starting RESISTOR CONNECTIONS
2026-08-10 17:40:03 +0200: Memory Usage (481156K) : Starting LVS CAP CONNECTIONS
2026-08-10 17:40:03 +0200: Memory Usage (481156K) : Starting CAP_CMOM CONNECTIONS
2026-08-10 17:40:03 +0200: Memory Usage (481156K) : Starting ESD CONNECTIONS
2026-08-10 17:40:03 +0200: Memory Usage (481156K) : Starting Inductor CONNECTIONS
2026-08-10 17:40:03 +0200: Memory Usage (481156K) : Starting LVS Taps CONNECTIONS
2026-08-10 17:40:03 +0200: Memory Usage (481156K) : Starting SG13G2 LVS DEVICES EXTRACTION
2026-08-10 17:40:03 +0200: Memory Usage (481156K) : Starting MOSFET EXTRACTION
2026-08-10 17:40:03 +0200: Memory Usage (481156K) : Starting NMOS EXTRACTION
2026-08-10 17:40:03 +0200: Memory Usage (481156K) : Extraction of NMOS-LV transistor
2026-08-10 17:40:03 +0200: Memory Usage (481284K) : Extraction of NMOS-HV transistor
2026-08-10 17:40:03 +0200: Memory Usage (481284K) : Starting PMOS EXTRACTION
2026-08-10 17:40:03 +0200: Memory Usage (481284K) : Extraction of PMOS-LV transistor
2026-08-10 17:40:03 +0200: Memory Usage (481284K) : Extraction of PMOS-HV transistor
2026-08-10 17:40:03 +0200: Memory Usage (481284K) : Starting RF-MOSFET EXTRACTION
2026-08-10 17:40:03 +0200: Memory Usage (481284K) : Extraction of RF-NMOS-LV transistor
2026-08-10 17:40:03 +0200: Memory Usage (481284K) : Extraction of RF-NMOS-HV transistor
2026-08-10 17:40:03 +0200: Memory Usage (481284K) : Extraction of RF-PMOS-LV transistor
2026-08-10 17:40:03 +0200: Memory Usage (481284K) : Extraction of RF-PMOS-HV transistor
2026-08-10 17:40:03 +0200: Memory Usage (481284K) : Starting BJT EXTRACTION
2026-08-10 17:40:03 +0200: Memory Usage (481284K) : Starting NPN-BJT EXTRACTION
2026-08-10 17:40:03 +0200: Memory Usage (481284K) : Extraction of npn13G2 BJT transistor
2026-08-10 17:40:03 +0200: Memory Usage (481284K) : Extraction of npn13G2L BJT transistor
2026-08-10 17:40:03 +0200: Memory Usage (481284K) : Extraction of npn13G2V BJT transistor
2026-08-10 17:40:03 +0200: Memory Usage (481284K) : Starting PNP-BJT EXTRACTION
2026-08-10 17:40:03 +0200: Memory Usage (481284K) : Extracting pnpMPA BJT
2026-08-10 17:40:03 +0200: Memory Usage (481284K) : Starting DIODE EXTRACTION
2026-08-10 17:40:03 +0200: Memory Usage (481284K) : Extracting dantenna diode
2026-08-10 17:40:03 +0200: Memory Usage (481284K) : Extracting dpantenna diode
2026-08-10 17:40:03 +0200: Memory Usage (481284K) : Extracting schottky_nbl1 diode
2026-08-10 17:40:03 +0200: Memory Usage (481284K) : Extracting isolbox diode
2026-08-10 17:40:03 +0200: Memory Usage (481284K) : Starting RESISTOR EXTRACTION
2026-08-10 17:40:03 +0200: Memory Usage (481284K) : Extracting rsil resistor
2026-08-10 17:40:03 +0200: Memory Usage (481284K) : Extracting rppd resistor
2026-08-10 17:40:03 +0200: Memory Usage (481284K) : Extracting rhigh resistor
2026-08-10 17:40:03 +0200: Memory Usage (481284K) : Extracting res_metal1 resistor
2026-08-10 17:40:03 +0200: Memory Usage (481284K) : Extracting res_metal2 resistor
2026-08-10 17:40:03 +0200: Memory Usage (481284K) : Extracting res_metal3 resistor
2026-08-10 17:40:03 +0200: Memory Usage (481284K) : Extracting res_metal4 resistor
2026-08-10 17:40:03 +0200: Memory Usage (481284K) : Extracting res_metal5 resistor
2026-08-10 17:40:03 +0200: Memory Usage (481284K) : Extracting res_topmetal1 resistor
2026-08-10 17:40:03 +0200: Memory Usage (481284K) : Extracting res_topmetal2 resistor
2026-08-10 17:40:03 +0200: Memory Usage (481284K) : Starting CAP EXTRACTION
2026-08-10 17:40:03 +0200: Memory Usage (481284K) : Extracting cap_cmim device
2026-08-10 17:40:03 +0200: Memory Usage (481284K) : Extracting rfcmim device
2026-08-10 17:40:03 +0200: Memory Usage (481284K) : Extracting sg13_hv_svaricap varactor
2026-08-10 17:40:03 +0200: Memory Usage (481284K) : Extracting cap_cmomi device
2026-08-10 17:40:03 +0200: Memory Usage (481284K) : Extracting sg13_moscap_n capacitor
2026-08-10 17:40:03 +0200: Memory Usage (481284K) : Extracting sg13_moscap_p capacitor
2026-08-10 17:40:03 +0200: Memory Usage (481284K) : Starting ESD EXTRACTION
2026-08-10 17:40:03 +0200: Memory Usage (481284K) : Extracting diodevdd_2kv ESD device
2026-08-10 17:40:03 +0200: Memory Usage (481284K) : Extracting diodevdd_4kv ESD device
2026-08-10 17:40:03 +0200: Memory Usage (481284K) : Extracting diodevss_2kv ESD device
2026-08-10 17:40:03 +0200: Memory Usage (481284K) : Extracting diodevss_4kv ESD device
2026-08-10 17:40:03 +0200: Memory Usage (481284K) : Extracting idiodevdd_2kv ESD device
2026-08-10 17:40:03 +0200: Memory Usage (481284K) : Extracting idiodevdd_4kv ESD device
2026-08-10 17:40:03 +0200: Memory Usage (481284K) : Extracting idiodevss_2kv ESD device
2026-08-10 17:40:03 +0200: Memory Usage (481284K) : Extracting idiodevss_4kv ESD device
2026-08-10 17:40:03 +0200: Memory Usage (481284K) : Extracting nmoscl_2 ESD device
2026-08-10 17:40:03 +0200: Memory Usage (481284K) : Extracting nmoscl_4 ESD device
2026-08-10 17:40:03 +0200: Memory Usage (481284K) : Starting Inductor EXTRACTION
2026-08-10 17:40:03 +0200: Memory Usage (481284K) : Extracting Inductor2 device
2026-08-10 17:40:03 +0200: Memory Usage (481284K) : Extracting Inductor3 device
2026-08-10 17:40:03 +0200: Memory Usage (481284K) : Starting Taps EXTRACTION
2026-08-10 17:40:03 +0200: Memory Usage (481284K) : Extracting ntap1 device
2026-08-10 17:40:03 +0200: Memory Usage (481284K) : Extracting ptap1 device
2026-08-10 17:40:03 +0200: Memory Usage (481284K) : Starting SG13G2 LVS RF MOS Model Mapping
2026-08-10 17:40:04 +0200: Memory Usage (486532K) : [layout_netlist] Apply RF MOS model mapping and rfmode parameter.
2026-08-10 17:40:04 +0200: Memory Usage (486532K) : Starting SG13G2 LVS Options Preparations
2026-08-10 17:40:04 +0200: Memory Usage (486532K) : SG13G2 LVS flow: extraction -> alignment -> option preparation -> comparison.
2026-08-10 17:40:04 +0200: Memory Usage (486532K) : Starting SG13G2 LVS Alignment
2026-08-10 17:40:04 +0200: Memory Usage (486660K) : Starting SG13G2 LVS Simplification
2026-08-10 17:40:04 +0200: Memory Usage (486660K) : [layout_netlist] simplify: ENABLED
2026-08-10 17:40:04 +0200: Memory Usage (486660K) : [layout_netlist] make_top_level_pins: SKIPPED
2026-08-10 17:40:04 +0200: Memory Usage (486660K) : [layout_netlist] combine_devices: ENABLED
2026-08-10 17:40:04 +0200: Memory Usage (486660K) : [layout_netlist] purge: SKIPPED
2026-08-10 17:40:04 +0200: Memory Usage (486660K) : [layout_netlist] purge_nets: SKIPPED
2026-08-10 17:40:04 +0200: Memory Usage (486660K) : [schematic_netlist] simplify: ENABLED
2026-08-10 17:40:04 +0200: Memory Usage (486660K) : [schematic_netlist] make_top_level_pins: SKIPPED
2026-08-10 17:40:04 +0200: Memory Usage (486660K) : [schematic_netlist] combine_devices: ENABLED
2026-08-10 17:40:04 +0200: Memory Usage (486660K) : [schematic_netlist] purge: SKIPPED
2026-08-10 17:40:04 +0200: Memory Usage (486660K) : [schematic_netlist] purge_nets: SKIPPED
2026-08-10 17:40:04 +0200: Memory Usage (486660K) : Starting SG13G2 LVS Comparison
2026-08-10 17:40:04 +0200: Memory Usage (486788K) : ==========================================
2026-08-10 17:40:04 +0200: Memory Usage (486788K) : INFO : Congratulations! Netlists match.
2026-08-10 17:40:04 +0200: Memory Usage (486788K) : ==========================================
2026-08-10 17:40:04 +0200: Memory Usage (486788K) : LVS Total Run time 4.661744 seconds
