# Logfile created on 2026-08-10 18:01:27 +0200 by logger.rb/v1.5.3
2026-08-10 18:01:27 +0200: Memory Usage (456040K) : Starting running SG13G2 Klayout LVS runset on /foss/designs/ihp-open-pdk-regression/IOPADS/layout/sg13g2_IOPadOut16mA.gds
2026-08-10 18:01:27 +0200: Memory Usage (456040K) : Ruby Version for klayout: 3.2.3
2026-08-10 18:01:27 +0200: Memory Usage (457704K) : Loading database to memory is complete.
2026-08-10 18:01:27 +0200: Memory Usage (457704K) : SG13G2 Klayout LVS runset output at: /foss/designs/ihp-open-pdk-regression/IOPADS/lvs_sweep/20260810_180010/sg13g2_IOPadOut16mA/sg13g2_IOPadOut16mA.lvsdb
2026-08-10 18:01:27 +0200: Memory Usage (457704K) : Evaluate switches.
2026-08-10 18:01:27 +0200: Memory Usage (457704K) : Extracted netlist with net names: true
2026-08-10 18:01:27 +0200: Memory Usage (457704K) : Extracted netlist with comments in details: false
2026-08-10 18:01:27 +0200: Memory Usage (457704K) : Selected NET_ONLY option: false
2026-08-10 18:01:27 +0200: Memory Usage (457704K) : Selected LAYOUT_NETLIST option: (none)
2026-08-10 18:01:27 +0200: Memory Usage (457704K) : Selected IGNORE_TOP_PORTS_MISMATCH option: true
2026-08-10 18:01:27 +0200: Memory Usage (457704K) : Selected IMPLICIT_NETS option: iovss,iovdd,vss,vdd,pad,cathode,anode
2026-08-10 18:01:27 +0200: Memory Usage (457704K) : Selected TOP_LVL_PINS option: false
2026-08-10 18:01:27 +0200: Memory Usage (457704K) : Selected COMBINE DEVICES option: true
2026-08-10 18:01:27 +0200: Memory Usage (457704K) : Selected PURGE option: false
2026-08-10 18:01:27 +0200: Memory Usage (457704K) : Selected PURGE_NETS option: false
2026-08-10 18:01:27 +0200: Memory Usage (457704K) : Selected SIMPLIFY option: true
2026-08-10 18:01:27 +0200: Memory Usage (457704K) : Selected SERIES_RES option: true
2026-08-10 18:01:27 +0200: Memory Usage (457704K) : Selected PARALLEL_RES option: true
2026-08-10 18:01:27 +0200: Memory Usage (457704K) : Selected DISABLE_TAP_EXTRACTION option: false
2026-08-10 18:01:27 +0200: Memory Usage (457704K) : deep  mode is enabled.
2026-08-10 18:01:27 +0200: Memory Usage (457704K) : Applying implicit connections (case-sensitive, pattern supported) for nets: iovss, iovdd, vss, vdd, pad, cathode, anode
2026-08-10 18:01:27 +0200: Memory Usage (459112K) : Netlist file: /foss/designs/ihp-open-pdk-regression/IOPADS/netlist/pads_sub/sg13g2_IOPadOut16mA.spi
2026-08-10 18:01:27 +0200: Memory Usage (459112K) : LVS extracted netlist at: /foss/designs/ihp-open-pdk-regression/IOPADS/lvs_sweep/20260810_180010/sg13g2_IOPadOut16mA/sg13g2_IOPadOut16mA_extracted.cir
2026-08-10 18:01:27 +0200: Memory Usage (459112K) : Applying SRAM integration support.
2026-08-10 18:01:27 +0200: Memory Usage (459112K) : Starting SG13G2 LVS runset
2026-08-10 18:01:27 +0200: Memory Usage (459112K) : Read in polygons from layers.
2026-08-10 18:01:28 +0200: Memory Usage (460392K) : activ_drw has 75 polygons
2026-08-10 18:01:28 +0200: Memory Usage (460776K) : activ_filler has 0 polygons
2026-08-10 18:01:28 +0200: Memory Usage (460776K) : activ has 75 polygons
2026-08-10 18:01:28 +0200: Memory Usage (460776K) : activ_pin has 0 polygons
2026-08-10 18:01:28 +0200: Memory Usage (460776K) : activ_mask has 0 polygons
2026-08-10 18:01:28 +0200: Memory Usage (460776K) : activ_nofill has 0 polygons
2026-08-10 18:01:28 +0200: Memory Usage (460776K) : activ_OPC has 0 polygons
2026-08-10 18:01:28 +0200: Memory Usage (460776K) : activ_iOPC has 0 polygons
2026-08-10 18:01:28 +0200: Memory Usage (460904K) : activ_noqrc has 0 polygons
2026-08-10 18:01:28 +0200: Memory Usage (460904K) : biwind_drw has 0 polygons
2026-08-10 18:01:28 +0200: Memory Usage (461032K) : biwind_OPC has 0 polygons
2026-08-10 18:01:28 +0200: Memory Usage (461160K) : gatpoly_drw has 40 polygons
2026-08-10 18:01:28 +0200: Memory Usage (461160K) : gatpoly_filler has 0 polygons
2026-08-10 18:01:28 +0200: Memory Usage (461288K) : gatpoly has 40 polygons
2026-08-10 18:01:28 +0200: Memory Usage (461288K) : gatpoly_pin has 0 polygons
2026-08-10 18:01:28 +0200: Memory Usage (461416K) : gatpoly_nofill has 0 polygons
2026-08-10 18:01:28 +0200: Memory Usage (461416K) : gatpoly_OPC has 0 polygons
2026-08-10 18:01:28 +0200: Memory Usage (461544K) : gatpoly_iOPC has 0 polygons
2026-08-10 18:01:28 +0200: Memory Usage (461544K) : gatpoly_noqrc has 0 polygons
2026-08-10 18:01:28 +0200: Memory Usage (463080K) : cont_drw has 45918 polygons
2026-08-10 18:01:28 +0200: Memory Usage (463080K) : cont_OPC has 0 polygons
2026-08-10 18:01:28 +0200: Memory Usage (463080K) : nsd_drw has 0 polygons
2026-08-10 18:01:28 +0200: Memory Usage (463080K) : nsd_block has 0 polygons
2026-08-10 18:01:28 +0200: Memory Usage (463080K) : metal1_drw has 241 polygons
2026-08-10 18:01:28 +0200: Memory Usage (463080K) : metal1_filler has 0 polygons
2026-08-10 18:01:28 +0200: Memory Usage (463080K) : metal1_slit has 0 polygons
2026-08-10 18:01:28 +0200: Memory Usage (463464K) : metal1 has 241 polygons
2026-08-10 18:01:28 +0200: Memory Usage (463464K) : metal1_pin has 26 polygons
2026-08-10 18:01:28 +0200: Memory Usage (463464K) : metal1_mask has 0 polygons
2026-08-10 18:01:28 +0200: Memory Usage (463464K) : metal1_nofill has 0 polygons
2026-08-10 18:01:28 +0200: Memory Usage (463720K) : metal1_text has 26 polygons
2026-08-10 18:01:28 +0200: Memory Usage (463720K) : metal1_OPC has 0 polygons
2026-08-10 18:01:28 +0200: Memory Usage (463720K) : metal1_noqrc has 0 polygons
2026-08-10 18:01:28 +0200: Memory Usage (463848K) : metal1_res has 0 polygons
2026-08-10 18:01:28 +0200: Memory Usage (463848K) : metal1_iprobe has 0 polygons
2026-08-10 18:01:28 +0200: Memory Usage (463976K) : metal1_diffprb has 0 polygons
2026-08-10 18:01:28 +0200: Memory Usage (464104K) : passiv_drw has 0 polygons
2026-08-10 18:01:28 +0200: Memory Usage (464104K) : passiv_pin has 0 polygons
2026-08-10 18:01:28 +0200: Memory Usage (464232K) : passiv_sbump has 0 polygons
2026-08-10 18:01:28 +0200: Memory Usage (464360K) : passiv_pillar has 0 polygons
2026-08-10 18:01:28 +0200: Memory Usage (464360K) : passiv_pdl has 0 polygons
2026-08-10 18:01:28 +0200: Memory Usage (464488K) : metal2_drw has 70 polygons
2026-08-10 18:01:28 +0200: Memory Usage (464488K) : metal2_filler has 0 polygons
2026-08-10 18:01:28 +0200: Memory Usage (464616K) : metal2_slit has 0 polygons
2026-08-10 18:01:28 +0200: Memory Usage (464744K) : metal2 has 70 polygons
2026-08-10 18:01:28 +0200: Memory Usage (464744K) : metal2_pin has 19 polygons
2026-08-10 18:01:28 +0200: Memory Usage (464872K) : metal2_mask has 0 polygons
2026-08-10 18:01:28 +0200: Memory Usage (464872K) : metal2_nofill has 0 polygons
2026-08-10 18:01:28 +0200: Memory Usage (465000K) : metal2_text has 19 polygons
2026-08-10 18:01:28 +0200: Memory Usage (465000K) : metal2_OPC has 0 polygons
2026-08-10 18:01:28 +0200: Memory Usage (465128K) : metal2_noqrc has 0 polygons
2026-08-10 18:01:28 +0200: Memory Usage (465128K) : metal2_res has 0 polygons
2026-08-10 18:01:28 +0200: Memory Usage (465256K) : metal2_iprobe has 0 polygons
2026-08-10 18:01:28 +0200: Memory Usage (465256K) : metal2_diffprb has 0 polygons
2026-08-10 18:01:28 +0200: Memory Usage (465384K) : baspoly_drw has 0 polygons
2026-08-10 18:01:28 +0200: Memory Usage (465384K) : baspoly_pin has 0 polygons
2026-08-10 18:01:28 +0200: Memory Usage (465512K) : psd_drw has 30 polygons
2026-08-10 18:01:28 +0200: Memory Usage (465640K) : nldb_drw has 0 polygons
2026-08-10 18:01:28 +0200: Memory Usage (465768K) : digibnd_drw has 0 polygons
2026-08-10 18:01:28 +0200: Memory Usage (465768K) : via1_drw has 1668 polygons
2026-08-10 18:01:28 +0200: Memory Usage (465768K) : backmetal1_drw has 0 polygons
2026-08-10 18:01:28 +0200: Memory Usage (465896K) : backmetal1_pin has 0 polygons
2026-08-10 18:01:28 +0200: Memory Usage (465896K) : backmetal1_mask has 0 polygons
2026-08-10 18:01:28 +0200: Memory Usage (465896K) : backmetal1_filler has 0 polygons
2026-08-10 18:01:28 +0200: Memory Usage (465896K) : backmetal1_nofill has 0 polygons
2026-08-10 18:01:28 +0200: Memory Usage (466024K) : backmetal1_slit has 0 polygons
2026-08-10 18:01:28 +0200: Memory Usage (466024K) : backmetal1_text has 0 polygons
2026-08-10 18:01:28 +0200: Memory Usage (466024K) : backmetal1_OPC has 0 polygons
2026-08-10 18:01:28 +0200: Memory Usage (466152K) : backmetal1_noqrc has 0 polygons
2026-08-10 18:01:28 +0200: Memory Usage (466152K) : backmetal1_res has 0 polygons
2026-08-10 18:01:28 +0200: Memory Usage (466152K) : backmetal1_iprobe has 0 polygons
2026-08-10 18:01:28 +0200: Memory Usage (466280K) : backmetal1_diffprb has 0 polygons
2026-08-10 18:01:28 +0200: Memory Usage (466280K) : backpassiv_drw has 0 polygons
2026-08-10 18:01:28 +0200: Memory Usage (466408K) : res_drw has 0 polygons
2026-08-10 18:01:28 +0200: Memory Usage (466408K) : sram_drw has 0 polygons
2026-08-10 18:01:28 +0200: Memory Usage (466536K) : trans_drw has 0 polygons
2026-08-10 18:01:28 +0200: Memory Usage (466536K) : ind_drw has 0 polygons
2026-08-10 18:01:28 +0200: Memory Usage (466664K) : ind_pin has 0 polygons
2026-08-10 18:01:28 +0200: Memory Usage (466664K) : ind_text has 0 polygons
2026-08-10 18:01:28 +0200: Memory Usage (466792K) : salblock_drw has 0 polygons
2026-08-10 18:01:28 +0200: Memory Usage (466792K) : via2_drw has 1448 polygons
2026-08-10 18:01:28 +0200: Memory Usage (466920K) : metal3_drw has 19 polygons
2026-08-10 18:01:28 +0200: Memory Usage (467048K) : metal3_filler has 0 polygons
2026-08-10 18:01:28 +0200: Memory Usage (467048K) : metal3_slit has 0 polygons
2026-08-10 18:01:28 +0200: Memory Usage (467176K) : metal3 has 19 polygons
2026-08-10 18:01:28 +0200: Memory Usage (467304K) : metal3_pin has 9 polygons
2026-08-10 18:01:28 +0200: Memory Usage (467304K) : metal3_mask has 0 polygons
2026-08-10 18:01:28 +0200: Memory Usage (467432K) : metal3_nofill has 0 polygons
2026-08-10 18:01:28 +0200: Memory Usage (467432K) : metal3_text has 9 polygons
2026-08-10 18:01:28 +0200: Memory Usage (467560K) : metal3_OPC has 0 polygons
2026-08-10 18:01:28 +0200: Memory Usage (467560K) : metal3_noqrc has 0 polygons
2026-08-10 18:01:28 +0200: Memory Usage (467688K) : metal3_res has 0 polygons
2026-08-10 18:01:28 +0200: Memory Usage (467688K) : metal3_iprobe has 0 polygons
2026-08-10 18:01:28 +0200: Memory Usage (467816K) : metal3_diffprb has 0 polygons
2026-08-10 18:01:28 +0200: Memory Usage (467944K) : nwell_drw has 21 polygons
2026-08-10 18:01:28 +0200: Memory Usage (467944K) : nwell_pin has 0 polygons
2026-08-10 18:01:28 +0200: Memory Usage (468072K) : nwell_text has 0 polygons
2026-08-10 18:01:28 +0200: Memory Usage (468072K) : nbulay_drw has 0 polygons
2026-08-10 18:01:28 +0200: Memory Usage (468200K) : nbulay_pin has 0 polygons
2026-08-10 18:01:28 +0200: Memory Usage (468200K) : nbulay_block has 0 polygons
2026-08-10 18:01:28 +0200: Memory Usage (468200K) : emwind_drw has 0 polygons
2026-08-10 18:01:28 +0200: Memory Usage (468200K) : emwind_OPC has 0 polygons
2026-08-10 18:01:28 +0200: Memory Usage (468328K) : deepco_drw has 0 polygons
2026-08-10 18:01:28 +0200: Memory Usage (468328K) : mim_drw has 0 polygons
2026-08-10 18:01:28 +0200: Memory Usage (468328K) : edgeseal_drw has 0 polygons
2026-08-10 18:01:28 +0200: Memory Usage (468456K) : substrate_drw has 19 polygons
2026-08-10 18:01:28 +0200: Memory Usage (468456K) : substrate_text has 0 polygons
2026-08-10 18:01:28 +0200: Memory Usage (468584K) : dfpad_drw has 0 polygons
2026-08-10 18:01:28 +0200: Memory Usage (468584K) : dfpad_pillar has 0 polygons
2026-08-10 18:01:28 +0200: Memory Usage (468712K) : dfpad_sbump has 0 polygons
2026-08-10 18:01:28 +0200: Memory Usage (468712K) : thickgateox_drw has 4 polygons
2026-08-10 18:01:28 +0200: Memory Usage (468840K) : pldb_drw has 0 polygons
2026-08-10 18:01:28 +0200: Memory Usage (468968K) : pwell_drw has 0 polygons
2026-08-10 18:01:28 +0200: Memory Usage (468968K) : pwell_pin has 0 polygons
2026-08-10 18:01:28 +0200: Memory Usage (469096K) : pwell_block has 0 polygons
2026-08-10 18:01:28 +0200: Memory Usage (469096K) : ic_drw has 0 polygons
2026-08-10 18:01:28 +0200: Memory Usage (469224K) : via3_drw has 2087 polygons
2026-08-10 18:01:28 +0200: Memory Usage (469352K) : metal4_drw has 8 polygons
2026-08-10 18:01:28 +0200: Memory Usage (469352K) : metal4_filler has 0 polygons
2026-08-10 18:01:28 +0200: Memory Usage (469352K) : metal4_slit has 0 polygons
2026-08-10 18:01:28 +0200: Memory Usage (469352K) : metal4 has 8 polygons
2026-08-10 18:01:28 +0200: Memory Usage (469352K) : metal4_pin has 8 polygons
2026-08-10 18:01:28 +0200: Memory Usage (469352K) : metal4_mask has 0 polygons
2026-08-10 18:01:28 +0200: Memory Usage (469352K) : metal4_nofill has 0 polygons
2026-08-10 18:01:28 +0200: Memory Usage (469352K) : metal4_text has 8 polygons
2026-08-10 18:01:28 +0200: Memory Usage (469352K) : metal4_OPC has 0 polygons
2026-08-10 18:01:28 +0200: Memory Usage (469352K) : metal4_noqrc has 0 polygons
2026-08-10 18:01:28 +0200: Memory Usage (469352K) : metal4_res has 0 polygons
2026-08-10 18:01:28 +0200: Memory Usage (469352K) : metal4_iprobe has 0 polygons
2026-08-10 18:01:28 +0200: Memory Usage (469352K) : metal4_diffprb has 0 polygons
2026-08-10 18:01:28 +0200: Memory Usage (469352K) : heattrans_drw has 0 polygons
2026-08-10 18:01:28 +0200: Memory Usage (469352K) : heatres_drw has 0 polygons
2026-08-10 18:01:28 +0200: Memory Usage (469352K) : fbe_drw has 0 polygons
2026-08-10 18:01:28 +0200: Memory Usage (469352K) : empoly_drw has 0 polygons
2026-08-10 18:01:28 +0200: Memory Usage (469352K) : digisub_drw has 0 polygons
2026-08-10 18:01:28 +0200: Memory Usage (469352K) : text_drw has 13 polygons
2026-08-10 18:01:28 +0200: Memory Usage (469352K) : via4_drw has 2371 polygons
2026-08-10 18:01:28 +0200: Memory Usage (469352K) : metal5_drw has 8 polygons
2026-08-10 18:01:28 +0200: Memory Usage (469352K) : metal5_filler has 0 polygons
2026-08-10 18:01:28 +0200: Memory Usage (469352K) : metal5_slit has 0 polygons
2026-08-10 18:01:28 +0200: Memory Usage (469352K) : metal5 has 8 polygons
2026-08-10 18:01:28 +0200: Memory Usage (469352K) : metal5_pin has 8 polygons
2026-08-10 18:01:28 +0200: Memory Usage (469352K) : metal5_mask has 0 polygons
2026-08-10 18:01:28 +0200: Memory Usage (469352K) : metal5_nofill has 0 polygons
2026-08-10 18:01:28 +0200: Memory Usage (469352K) : metal5_text has 8 polygons
2026-08-10 18:01:28 +0200: Memory Usage (469352K) : metal5_OPC has 0 polygons
2026-08-10 18:01:28 +0200: Memory Usage (469352K) : metal5_noqrc has 0 polygons
2026-08-10 18:01:28 +0200: Memory Usage (469352K) : metal5_res has 0 polygons
2026-08-10 18:01:28 +0200: Memory Usage (469352K) : metal5_iprobe has 0 polygons
2026-08-10 18:01:28 +0200: Memory Usage (469352K) : metal5_diffprb has 0 polygons
2026-08-10 18:01:28 +0200: Memory Usage (469352K) : radhard_drw has 0 polygons
2026-08-10 18:01:28 +0200: Memory Usage (469352K) : memcap_drw has 0 polygons
2026-08-10 18:01:28 +0200: Memory Usage (469352K) : varicap_drw has 0 polygons
2026-08-10 18:01:28 +0200: Memory Usage (469352K) : intbondvia_drw has 0 polygons
2026-08-10 18:01:28 +0200: Memory Usage (469352K) : intbondmet_drw has 0 polygons
2026-08-10 18:01:28 +0200: Memory Usage (469352K) : devbondvia_drw has 0 polygons
2026-08-10 18:01:28 +0200: Memory Usage (469352K) : devbondmet_drw has 0 polygons
2026-08-10 18:01:28 +0200: Memory Usage (469352K) : devtrench_drw has 0 polygons
2026-08-10 18:01:28 +0200: Memory Usage (469352K) : redist_drw has 0 polygons
2026-08-10 18:01:28 +0200: Memory Usage (469352K) : graphbot_drw has 0 polygons
2026-08-10 18:01:28 +0200: Memory Usage (469352K) : graphtop_drw has 0 polygons
2026-08-10 18:01:28 +0200: Memory Usage (469352K) : antvia1_drw has 0 polygons
2026-08-10 18:01:28 +0200: Memory Usage (469352K) : antmetal2_drw has 0 polygons
2026-08-10 18:01:28 +0200: Memory Usage (469352K) : graphcont_drw has 0 polygons
2026-08-10 18:01:28 +0200: Memory Usage (469352K) : siwg_drw has 0 polygons
2026-08-10 18:01:28 +0200: Memory Usage (469352K) : siwg_filler has 0 polygons
2026-08-10 18:01:28 +0200: Memory Usage (469352K) : siwg_nofill has 0 polygons
2026-08-10 18:01:28 +0200: Memory Usage (469352K) : sigrating_drw has 0 polygons
2026-08-10 18:01:28 +0200: Memory Usage (469352K) : singrating_drw has 0 polygons
2026-08-10 18:01:28 +0200: Memory Usage (469352K) : graphpas_drw has 0 polygons
2026-08-10 18:01:28 +0200: Memory Usage (469352K) : emwind3_drw has 0 polygons
2026-08-10 18:01:28 +0200: Memory Usage (469352K) : emwihv3_drw has 0 polygons
2026-08-10 18:01:28 +0200: Memory Usage (469352K) : redbulay_drw has 0 polygons
2026-08-10 18:01:28 +0200: Memory Usage (469352K) : smos_drw has 0 polygons
2026-08-10 18:01:28 +0200: Memory Usage (469352K) : graphpad_drw has 0 polygons
2026-08-10 18:01:28 +0200: Memory Usage (469352K) : polimide_drw has 0 polygons
2026-08-10 18:01:28 +0200: Memory Usage (469352K) : polimide_pin has 0 polygons
2026-08-10 18:01:28 +0200: Memory Usage (469352K) : recog_drw has 0 polygons
2026-08-10 18:01:28 +0200: Memory Usage (469352K) : recog_pin has 0 polygons
2026-08-10 18:01:28 +0200: Memory Usage (469352K) : recog_esd has 0 polygons
2026-08-10 18:01:28 +0200: Memory Usage (469352K) : recog_diode has 6 polygons
2026-08-10 18:01:28 +0200: Memory Usage (469352K) : recog_tsv has 0 polygons
2026-08-10 18:01:28 +0200: Memory Usage (469352K) : recog_iprobe has 0 polygons
2026-08-10 18:01:28 +0200: Memory Usage (469352K) : recog_diffprb has 0 polygons
2026-08-10 18:01:28 +0200: Memory Usage (469352K) : recog_pillar has 0 polygons
2026-08-10 18:01:28 +0200: Memory Usage (469352K) : recog_sbump has 0 polygons
2026-08-10 18:01:28 +0200: Memory Usage (469352K) : recog_otp has 0 polygons
2026-08-10 18:01:28 +0200: Memory Usage (469352K) : recog_pdiode has 0 polygons
2026-08-10 18:01:28 +0200: Memory Usage (469352K) : recog_mom has 0 polygons
2026-08-10 18:01:28 +0200: Memory Usage (469352K) : recog_pcm has 0 polygons
2026-08-10 18:01:28 +0200: Memory Usage (469352K) : colopen_drw has 0 polygons
2026-08-10 18:01:28 +0200: Memory Usage (469352K) : graphmetal1_drw has 0 polygons
2026-08-10 18:01:28 +0200: Memory Usage (469352K) : graphmetal1_filler has 0 polygons
2026-08-10 18:01:28 +0200: Memory Usage (469352K) : graphmetal1_nofill has 0 polygons
2026-08-10 18:01:28 +0200: Memory Usage (469352K) : graphmetal1_slit has 0 polygons
2026-08-10 18:01:29 +0200: Memory Usage (469352K) : graphmetal1_OPC has 0 polygons
2026-08-10 18:01:29 +0200: Memory Usage (469352K) : graphmet1l_drw has 0 polygons
2026-08-10 18:01:29 +0200: Memory Usage (469352K) : graphmet1l_filler has 0 polygons
2026-08-10 18:01:29 +0200: Memory Usage (469352K) : graphmet1l_nofill has 0 polygons
2026-08-10 18:01:29 +0200: Memory Usage (469352K) : graphmet1l_slit has 0 polygons
2026-08-10 18:01:29 +0200: Memory Usage (469352K) : graphmet1l_OPC has 0 polygons
2026-08-10 18:01:29 +0200: Memory Usage (469352K) : extblock_drw has 0 polygons
2026-08-10 18:01:29 +0200: Memory Usage (469352K) : nldd_drw has 0 polygons
2026-08-10 18:01:29 +0200: Memory Usage (469352K) : pldd_drw has 0 polygons
2026-08-10 18:01:29 +0200: Memory Usage (469352K) : next_drw has 0 polygons
2026-08-10 18:01:29 +0200: Memory Usage (469352K) : pext_drw has 0 polygons
2026-08-10 18:01:29 +0200: Memory Usage (469352K) : nexthv_drw has 0 polygons
2026-08-10 18:01:29 +0200: Memory Usage (469352K) : pexthv_drw has 0 polygons
2026-08-10 18:01:29 +0200: Memory Usage (469352K) : graphgate_drw has 0 polygons
2026-08-10 18:01:29 +0200: Memory Usage (469352K) : sinwg_drw has 0 polygons
2026-08-10 18:01:29 +0200: Memory Usage (469352K) : sinwg_filler has 0 polygons
2026-08-10 18:01:29 +0200: Memory Usage (469352K) : sinwg_nofill has 0 polygons
2026-08-10 18:01:29 +0200: Memory Usage (469352K) : mempad_drw has 0 polygons
2026-08-10 18:01:29 +0200: Memory Usage (469352K) : topvia1_drw has 2315 polygons
2026-08-10 18:01:29 +0200: Memory Usage (469352K) : topmetal1_drw has 8 polygons
2026-08-10 18:01:29 +0200: Memory Usage (469352K) : topmetal1_filler has 0 polygons
2026-08-10 18:01:29 +0200: Memory Usage (469352K) : topmetal1_slit has 0 polygons
2026-08-10 18:01:29 +0200: Memory Usage (469352K) : topmetal1 has 8 polygons
2026-08-10 18:01:29 +0200: Memory Usage (469352K) : topmetal1_pin has 8 polygons
2026-08-10 18:01:29 +0200: Memory Usage (469352K) : topmetal1_mask has 0 polygons
2026-08-10 18:01:29 +0200: Memory Usage (469352K) : topmetal1_nofill has 0 polygons
2026-08-10 18:01:29 +0200: Memory Usage (469352K) : topmetal1_text has 8 polygons
2026-08-10 18:01:29 +0200: Memory Usage (469352K) : topmetal1_noqrc has 0 polygons
2026-08-10 18:01:29 +0200: Memory Usage (469352K) : topmetal1_res has 0 polygons
2026-08-10 18:01:29 +0200: Memory Usage (469352K) : topmetal1_iprobe has 0 polygons
2026-08-10 18:01:29 +0200: Memory Usage (469352K) : topmetal1_diffprb has 0 polygons
2026-08-10 18:01:29 +0200: Memory Usage (469352K) : inldpwl_drw has 0 polygons
2026-08-10 18:01:29 +0200: Memory Usage (469352K) : polyres_drw has 0 polygons
2026-08-10 18:01:29 +0200: Memory Usage (469352K) : polyres_pin has 0 polygons
2026-08-10 18:01:29 +0200: Memory Usage (469352K) : vmim_drw has 0 polygons
2026-08-10 18:01:29 +0200: Memory Usage (469352K) : nbulaycut_drw has 0 polygons
2026-08-10 18:01:29 +0200: Memory Usage (469352K) : antmetal1_drw has 0 polygons
2026-08-10 18:01:29 +0200: Memory Usage (469352K) : topvia2_drw has 1593 polygons
2026-08-10 18:01:29 +0200: Memory Usage (469352K) : topmetal2_drw has 6 polygons
2026-08-10 18:01:29 +0200: Memory Usage (469352K) : topmetal2_filler has 0 polygons
2026-08-10 18:01:29 +0200: Memory Usage (469352K) : topmetal2_slit has 0 polygons
2026-08-10 18:01:29 +0200: Memory Usage (469352K) : topmetal2 has 6 polygons
2026-08-10 18:01:29 +0200: Memory Usage (469352K) : topmetal2_pin has 6 polygons
2026-08-10 18:01:29 +0200: Memory Usage (469352K) : topmetal2_mask has 0 polygons
2026-08-10 18:01:29 +0200: Memory Usage (469352K) : topmetal2_nofill has 0 polygons
2026-08-10 18:01:29 +0200: Memory Usage (469352K) : topmetal2_text has 6 polygons
2026-08-10 18:01:29 +0200: Memory Usage (469352K) : topmetal2_noqrc has 0 polygons
2026-08-10 18:01:29 +0200: Memory Usage (469352K) : topmetal2_res has 0 polygons
2026-08-10 18:01:29 +0200: Memory Usage (469352K) : topmetal2_iprobe has 0 polygons
2026-08-10 18:01:29 +0200: Memory Usage (469352K) : topmetal2_diffprb has 0 polygons
2026-08-10 18:01:29 +0200: Memory Usage (469352K) : snsring_drw has 0 polygons
2026-08-10 18:01:29 +0200: Memory Usage (469352K) : sensor_drw has 0 polygons
2026-08-10 18:01:29 +0200: Memory Usage (469352K) : snsarms_drw has 0 polygons
2026-08-10 18:01:29 +0200: Memory Usage (469352K) : snscmosvia_drw has 0 polygons
2026-08-10 18:01:29 +0200: Memory Usage (469352K) : colwind_drw has 0 polygons
2026-08-10 18:01:29 +0200: Memory Usage (469352K) : flm_drw has 0 polygons
2026-08-10 18:01:29 +0200: Memory Usage (469352K) : hafniumox_drw has 0 polygons
2026-08-10 18:01:29 +0200: Memory Usage (469352K) : memvia_drw has 0 polygons
2026-08-10 18:01:29 +0200: Memory Usage (469352K) : thinfilmres_drw has 0 polygons
2026-08-10 18:01:29 +0200: Memory Usage (469352K) : rfmem_drw has 0 polygons
2026-08-10 18:01:29 +0200: Memory Usage (469352K) : norcx_drw has 0 polygons
2026-08-10 18:01:29 +0200: Memory Usage (469352K) : norcx_m2m3 has 0 polygons
2026-08-10 18:01:29 +0200: Memory Usage (469352K) : norcx_m2m4 has 0 polygons
2026-08-10 18:01:29 +0200: Memory Usage (469352K) : norcx_m2m5 has 0 polygons
2026-08-10 18:01:29 +0200: Memory Usage (469352K) : norcx_m2tm1 has 0 polygons
2026-08-10 18:01:29 +0200: Memory Usage (469352K) : norcx_m2tm2 has 0 polygons
2026-08-10 18:01:29 +0200: Memory Usage (469352K) : norcx_m3m4 has 0 polygons
2026-08-10 18:01:29 +0200: Memory Usage (469352K) : norcx_m3m5 has 0 polygons
2026-08-10 18:01:29 +0200: Memory Usage (469352K) : norcx_m3tm1 has 0 polygons
2026-08-10 18:01:29 +0200: Memory Usage (469352K) : norcx_m3tm2 has 0 polygons
2026-08-10 18:01:29 +0200: Memory Usage (469352K) : norcx_m4m5 has 0 polygons
2026-08-10 18:01:29 +0200: Memory Usage (469352K) : norcx_m4tm1 has 0 polygons
2026-08-10 18:01:29 +0200: Memory Usage (469352K) : norcx_m4tm2 has 0 polygons
2026-08-10 18:01:29 +0200: Memory Usage (469352K) : norcx_m5tm1 has 0 polygons
2026-08-10 18:01:29 +0200: Memory Usage (469352K) : norcx_m5tm2 has 0 polygons
2026-08-10 18:01:29 +0200: Memory Usage (469352K) : norcx_tm1tm2 has 0 polygons
2026-08-10 18:01:29 +0200: Memory Usage (469352K) : norcx_m1sub has 0 polygons
2026-08-10 18:01:29 +0200: Memory Usage (469352K) : norcx_m2sub has 0 polygons
2026-08-10 18:01:29 +0200: Memory Usage (469352K) : norcx_m3sub has 0 polygons
2026-08-10 18:01:29 +0200: Memory Usage (469352K) : norcx_m4sub has 0 polygons
2026-08-10 18:01:29 +0200: Memory Usage (469352K) : norcx_m5sub has 0 polygons
2026-08-10 18:01:29 +0200: Memory Usage (469352K) : norcx_tm1sub has 0 polygons
2026-08-10 18:01:29 +0200: Memory Usage (469352K) : norcx_tm2sub has 0 polygons
2026-08-10 18:01:29 +0200: Memory Usage (469352K) : snsbotvia_drw has 0 polygons
2026-08-10 18:01:29 +0200: Memory Usage (469352K) : snstopvia_drw has 0 polygons
2026-08-10 18:01:29 +0200: Memory Usage (469352K) : deepvia_drw has 0 polygons
2026-08-10 18:01:29 +0200: Memory Usage (469352K) : fgetch_drw has 0 polygons
2026-08-10 18:01:29 +0200: Memory Usage (469352K) : ctrgat_drw has 0 polygons
2026-08-10 18:01:29 +0200: Memory Usage (469352K) : fgimp_drw has 0 polygons
2026-08-10 18:01:29 +0200: Memory Usage (469352K) : emwihv_drw has 0 polygons
2026-08-10 18:01:29 +0200: Memory Usage (469352K) : lbe_drw has 0 polygons
2026-08-10 18:01:29 +0200: Memory Usage (469352K) : alcustop_drw has 0 polygons
2026-08-10 18:01:29 +0200: Memory Usage (469352K) : nometfiller_drw has 0 polygons
2026-08-10 18:01:29 +0200: Memory Usage (469352K) : prboundary_drw has 0 polygons
2026-08-10 18:01:29 +0200: Memory Usage (469352K) : exchange0_drw has 0 polygons
2026-08-10 18:01:29 +0200: Memory Usage (469352K) : exchange0_pin has 0 polygons
2026-08-10 18:01:29 +0200: Memory Usage (469352K) : exchange0_text has 0 polygons
2026-08-10 18:01:29 +0200: Memory Usage (469352K) : exchange1_drw has 0 polygons
2026-08-10 18:01:29 +0200: Memory Usage (469352K) : exchange1_pin has 0 polygons
2026-08-10 18:01:29 +0200: Memory Usage (469352K) : exchange1_text has 0 polygons
2026-08-10 18:01:29 +0200: Memory Usage (469352K) : exchange2_drw has 0 polygons
2026-08-10 18:01:29 +0200: Memory Usage (469352K) : exchange2_pin has 0 polygons
2026-08-10 18:01:29 +0200: Memory Usage (469352K) : exchange2_text has 0 polygons
2026-08-10 18:01:29 +0200: Memory Usage (469352K) : exchange3_drw has 0 polygons
2026-08-10 18:01:29 +0200: Memory Usage (469352K) : exchange3_pin has 0 polygons
2026-08-10 18:01:29 +0200: Memory Usage (469352K) : exchange3_text has 0 polygons
2026-08-10 18:01:29 +0200: Memory Usage (469352K) : exchange4_drw has 0 polygons
2026-08-10 18:01:29 +0200: Memory Usage (469352K) : exchange4_pin has 0 polygons
2026-08-10 18:01:29 +0200: Memory Usage (469352K) : exchange4_text has 0 polygons
2026-08-10 18:01:29 +0200: Memory Usage (469352K) : isonwell_drw has 0 polygons
2026-08-10 18:01:29 +0200: Memory Usage (469352K) : Total no. of polygons in the design is 58136
2026-08-10 18:01:29 +0200: Memory Usage (469352K) : Starting base layers derivations
2026-08-10 18:01:29 +0200: Memory Usage (469352K) : Starting general LVS derivations
2026-08-10 18:01:30 +0200: Memory Usage (473320K) : Starting MOSFET DERIVATIONS
2026-08-10 18:01:31 +0200: Memory Usage (474632K) : Starting NMOS DERIVATIONS
2026-08-10 18:01:31 +0200: Memory Usage (474632K) : Starting PMOS DERIVATIONS
2026-08-10 18:01:31 +0200: Memory Usage (474632K) : Starting RF-MOSFET DERIVATIONS
2026-08-10 18:01:31 +0200: Memory Usage (474632K) : Starting RF-NMOS DERIVATIONS
2026-08-10 18:01:31 +0200: Memory Usage (474632K) : Starting RF-PMOS DERIVATIONS
2026-08-10 18:01:31 +0200: Memory Usage (474632K) : Starting BJT DERIVATIONS
2026-08-10 18:01:31 +0200: Memory Usage (474632K) : Starting NPN-BJT DERIVATIONS
2026-08-10 18:01:31 +0200: Memory Usage (474632K) : Starting PNP-BJT DERIVATIONS
2026-08-10 18:01:31 +0200: Memory Usage (474632K) : Starting DIODE DERIVATIONS
2026-08-10 18:01:32 +0200: Memory Usage (475236K) : Starting RESISTOR DERIVATIONS
2026-08-10 18:01:32 +0200: Memory Usage (475236K) : Starting CAP DERIVATIONS
2026-08-10 18:01:33 +0200: Memory Usage (475236K) : Starting CAP_CMOM DERIVATIONS
2026-08-10 18:01:33 +0200: Memory Usage (475236K) : Starting ESD DERIVATIONS
2026-08-10 18:01:34 +0200: Memory Usage (475236K) : Starting Inductor DERIVATIONS
2026-08-10 18:01:34 +0200: Memory Usage (475876K) : Starting Taps DERIVATIONS
2026-08-10 18:01:34 +0200: Memory Usage (477156K) : Starting SG13G2 LVS connectivity setup
2026-08-10 18:01:34 +0200: Memory Usage (477156K) : Starting SG13G2 LVS connectivity setup (Inter-layer)
2026-08-10 18:01:34 +0200: Memory Usage (477284K) : Starting SG13G2 LVS connectivity setup (Global)
2026-08-10 18:01:34 +0200: Memory Usage (477284K) : Starting LVS MOSFET CONNECTIONS
2026-08-10 18:01:34 +0200: Memory Usage (477284K) : Starting LVS RF-MOSFET CONNECTIONS
2026-08-10 18:01:34 +0200: Memory Usage (477284K) : Starting LVS BJT CONNECTIONS
2026-08-10 18:01:34 +0200: Memory Usage (477284K) : Starting LVS DIODE CONNECTIONS
2026-08-10 18:01:34 +0200: Memory Usage (477284K) : Starting RESISTOR CONNECTIONS
2026-08-10 18:01:34 +0200: Memory Usage (477284K) : Starting LVS CAP CONNECTIONS
2026-08-10 18:01:34 +0200: Memory Usage (477284K) : Starting CAP_CMOM CONNECTIONS
2026-08-10 18:01:34 +0200: Memory Usage (477284K) : Starting ESD CONNECTIONS
2026-08-10 18:01:34 +0200: Memory Usage (477284K) : Starting Inductor CONNECTIONS
2026-08-10 18:01:34 +0200: Memory Usage (477284K) : Starting LVS Taps CONNECTIONS
2026-08-10 18:01:34 +0200: Memory Usage (477284K) : Starting SG13G2 LVS DEVICES EXTRACTION
2026-08-10 18:01:34 +0200: Memory Usage (477284K) : Starting MOSFET EXTRACTION
2026-08-10 18:01:34 +0200: Memory Usage (477284K) : Starting NMOS EXTRACTION
2026-08-10 18:01:34 +0200: Memory Usage (477284K) : Extraction of NMOS-LV transistor
2026-08-10 18:01:34 +0200: Memory Usage (477668K) : Extraction of NMOS-HV transistor
2026-08-10 18:01:34 +0200: Memory Usage (477668K) : Starting PMOS EXTRACTION
2026-08-10 18:01:34 +0200: Memory Usage (477668K) : Extraction of PMOS-LV transistor
2026-08-10 18:01:34 +0200: Memory Usage (477796K) : Extraction of PMOS-HV transistor
2026-08-10 18:01:34 +0200: Memory Usage (477796K) : Starting RF-MOSFET EXTRACTION
2026-08-10 18:01:34 +0200: Memory Usage (477796K) : Extraction of RF-NMOS-LV transistor
2026-08-10 18:01:34 +0200: Memory Usage (477924K) : Extraction of RF-NMOS-HV transistor
2026-08-10 18:01:34 +0200: Memory Usage (477924K) : Extraction of RF-PMOS-LV transistor
2026-08-10 18:01:34 +0200: Memory Usage (478052K) : Extraction of RF-PMOS-HV transistor
2026-08-10 18:01:34 +0200: Memory Usage (478052K) : Starting BJT EXTRACTION
2026-08-10 18:01:34 +0200: Memory Usage (478052K) : Starting NPN-BJT EXTRACTION
2026-08-10 18:01:34 +0200: Memory Usage (478052K) : Extraction of npn13G2 BJT transistor
2026-08-10 18:01:34 +0200: Memory Usage (478052K) : Extraction of npn13G2L BJT transistor
2026-08-10 18:01:34 +0200: Memory Usage (478180K) : Extraction of npn13G2V BJT transistor
2026-08-10 18:01:34 +0200: Memory Usage (478180K) : Starting PNP-BJT EXTRACTION
2026-08-10 18:01:34 +0200: Memory Usage (478180K) : Extracting pnpMPA BJT
2026-08-10 18:01:34 +0200: Memory Usage (478436K) : Starting DIODE EXTRACTION
2026-08-10 18:01:34 +0200: Memory Usage (478436K) : Extracting dantenna diode
2026-08-10 18:01:34 +0200: Memory Usage (478436K) : Extracting dpantenna diode
2026-08-10 18:01:34 +0200: Memory Usage (478564K) : Extracting schottky_nbl1 diode
2026-08-10 18:01:34 +0200: Memory Usage (478692K) : Extracting isolbox diode
2026-08-10 18:01:34 +0200: Memory Usage (478692K) : Starting RESISTOR EXTRACTION
2026-08-10 18:01:34 +0200: Memory Usage (478692K) : Extracting rsil resistor
2026-08-10 18:01:34 +0200: Memory Usage (478820K) : Extracting rppd resistor
2026-08-10 18:01:34 +0200: Memory Usage (478948K) : Extracting rhigh resistor
2026-08-10 18:01:34 +0200: Memory Usage (479076K) : Extracting res_metal1 resistor
2026-08-10 18:01:34 +0200: Memory Usage (479076K) : Extracting res_metal2 resistor
2026-08-10 18:01:34 +0200: Memory Usage (479204K) : Extracting res_metal3 resistor
2026-08-10 18:01:34 +0200: Memory Usage (479204K) : Extracting res_metal4 resistor
2026-08-10 18:01:34 +0200: Memory Usage (479332K) : Extracting res_metal5 resistor
2026-08-10 18:01:34 +0200: Memory Usage (479332K) : Extracting res_topmetal1 resistor
2026-08-10 18:01:34 +0200: Memory Usage (479332K) : Extracting res_topmetal2 resistor
2026-08-10 18:01:34 +0200: Memory Usage (479460K) : Starting CAP EXTRACTION
2026-08-10 18:01:34 +0200: Memory Usage (479460K) : Extracting cap_cmim device
2026-08-10 18:01:34 +0200: Memory Usage (479460K) : Extracting rfcmim device
2026-08-10 18:01:34 +0200: Memory Usage (479588K) : Extracting sg13_hv_svaricap varactor
2026-08-10 18:01:34 +0200: Memory Usage (479716K) : Extracting cap_cmomi device
2026-08-10 18:01:34 +0200: Memory Usage (479716K) : Extracting sg13_moscap_n capacitor
2026-08-10 18:01:34 +0200: Memory Usage (479844K) : Extracting sg13_moscap_p capacitor
2026-08-10 18:01:34 +0200: Memory Usage (479844K) : Starting ESD EXTRACTION
2026-08-10 18:01:34 +0200: Memory Usage (479844K) : Extracting diodevdd_2kv ESD device
2026-08-10 18:01:34 +0200: Memory Usage (479972K) : Extracting diodevdd_4kv ESD device
2026-08-10 18:01:34 +0200: Memory Usage (480228K) : Extracting diodevss_2kv ESD device
2026-08-10 18:01:34 +0200: Memory Usage (480356K) : Extracting diodevss_4kv ESD device
2026-08-10 18:01:34 +0200: Memory Usage (480484K) : Extracting idiodevdd_2kv ESD device
2026-08-10 18:01:34 +0200: Memory Usage (480484K) : Extracting idiodevdd_4kv ESD device
2026-08-10 18:01:34 +0200: Memory Usage (480484K) : Extracting idiodevss_2kv ESD device
2026-08-10 18:01:34 +0200: Memory Usage (480484K) : Extracting idiodevss_4kv ESD device
2026-08-10 18:01:34 +0200: Memory Usage (480484K) : Extracting nmoscl_2 ESD device
2026-08-10 18:01:34 +0200: Memory Usage (480484K) : Extracting nmoscl_4 ESD device
2026-08-10 18:01:34 +0200: Memory Usage (480484K) : Starting Inductor EXTRACTION
2026-08-10 18:01:34 +0200: Memory Usage (480484K) : Extracting Inductor2 device
2026-08-10 18:01:34 +0200: Memory Usage (480484K) : Extracting Inductor3 device
2026-08-10 18:01:34 +0200: Memory Usage (480484K) : Starting Taps EXTRACTION
2026-08-10 18:01:34 +0200: Memory Usage (480484K) : Extracting ntap1 device
2026-08-10 18:01:34 +0200: Memory Usage (480484K) : Extracting ptap1 device
2026-08-10 18:01:34 +0200: Memory Usage (480484K) : Starting SG13G2 LVS RF MOS Model Mapping
2026-08-10 18:01:36 +0200: Memory Usage (485348K) : [layout_netlist] Apply RF MOS model mapping and rfmode parameter.
2026-08-10 18:01:36 +0200: Memory Usage (485348K) : Starting SG13G2 LVS Options Preparations
2026-08-10 18:01:36 +0200: Memory Usage (485348K) : SG13G2 LVS flow: extraction -> alignment -> option preparation -> comparison.
2026-08-10 18:01:36 +0200: Memory Usage (485348K) : Starting SG13G2 LVS Alignment
2026-08-10 18:01:36 +0200: Memory Usage (485476K) : Starting SG13G2 LVS Simplification
2026-08-10 18:01:36 +0200: Memory Usage (485476K) : [layout_netlist] simplify: ENABLED
2026-08-10 18:01:36 +0200: Memory Usage (485476K) : [layout_netlist] make_top_level_pins: SKIPPED
2026-08-10 18:01:36 +0200: Memory Usage (485476K) : [layout_netlist] combine_devices: ENABLED
2026-08-10 18:01:36 +0200: Memory Usage (485476K) : [layout_netlist] purge: SKIPPED
2026-08-10 18:01:36 +0200: Memory Usage (485476K) : [layout_netlist] purge_nets: SKIPPED
2026-08-10 18:01:36 +0200: Memory Usage (485476K) : [schematic_netlist] simplify: ENABLED
2026-08-10 18:01:36 +0200: Memory Usage (485476K) : [schematic_netlist] make_top_level_pins: SKIPPED
2026-08-10 18:01:36 +0200: Memory Usage (485476K) : [schematic_netlist] combine_devices: ENABLED
2026-08-10 18:01:36 +0200: Memory Usage (485476K) : [schematic_netlist] purge: SKIPPED
2026-08-10 18:01:36 +0200: Memory Usage (485476K) : [schematic_netlist] purge_nets: SKIPPED
2026-08-10 18:01:36 +0200: Memory Usage (485476K) : Starting SG13G2 LVS Comparison
2026-08-10 18:01:36 +0200: Memory Usage (485604K) : ==========================================
2026-08-10 18:01:36 +0200: Memory Usage (485604K) : INFO : Congratulations! Netlists match.
2026-08-10 18:01:36 +0200: Memory Usage (485604K) : ==========================================
2026-08-10 18:01:36 +0200: Memory Usage (485604K) : LVS Total Run time 8.287092 seconds
