11-Aug-2026 13:54:08 | INFO    | Your Klayout version is: KLayout 0.30.10 (required >= 0.30.5)
11-Aug-2026 13:54:08 | INFO    | Running SG13G2 LVS checks on design /foss/designs/ihp-open-pdk-regression/IOPADS/layout/sg13g2_IOPadAnalog.gds on cell sg13g2_IOPadAnalog
2026-08-11 13:54:12 +0200: Memory Usage (455252K) : Starting running SG13G2 Klayout LVS runset on /foss/designs/ihp-open-pdk-regression/IOPADS/layout/sg13g2_IOPadAnalog.gds
2026-08-11 13:54:12 +0200: Memory Usage (455252K) : Ruby Version for klayout: 3.2.3
2026-08-11 13:54:13 +0200: Memory Usage (456532K) : Loading database to memory is complete.
2026-08-11 13:54:13 +0200: Memory Usage (456532K) : SG13G2 Klayout LVS runset output at: /foss/designs/ihp-open-pdk-regression/IOPADS/lvs_sweep/20260811_135408/sg13g2_IOPadAnalog/sg13g2_IOPadAnalog.lvsdb
2026-08-11 13:54:13 +0200: Memory Usage (456532K) : Evaluate switches.
2026-08-11 13:54:13 +0200: Memory Usage (456532K) : Extracted netlist with net names: true
2026-08-11 13:54:13 +0200: Memory Usage (456532K) : Extracted netlist with comments in details: false
2026-08-11 13:54:13 +0200: Memory Usage (456532K) : Selected NET_ONLY option: false
2026-08-11 13:54:13 +0200: Memory Usage (456532K) : Selected LAYOUT_NETLIST option: (none)
2026-08-11 13:54:13 +0200: Memory Usage (456532K) : Selected IGNORE_TOP_PORTS_MISMATCH option: true
2026-08-11 13:54:13 +0200: Memory Usage (456532K) : Selected IMPLICIT_NETS option: iovss,iovdd,vss,vdd,pad,cathode,anode
2026-08-11 13:54:13 +0200: Memory Usage (456532K) : Selected TOP_LVL_PINS option: false
2026-08-11 13:54:13 +0200: Memory Usage (456532K) : Selected COMBINE DEVICES option: true
2026-08-11 13:54:13 +0200: Memory Usage (456532K) : Selected PURGE option: false
2026-08-11 13:54:13 +0200: Memory Usage (456532K) : Selected PURGE_NETS option: false
2026-08-11 13:54:13 +0200: Memory Usage (456660K) : Selected SIMPLIFY option: true
2026-08-11 13:54:13 +0200: Memory Usage (456660K) : Selected SERIES_RES option: true
2026-08-11 13:54:13 +0200: Memory Usage (456660K) : Selected PARALLEL_RES option: true
2026-08-11 13:54:13 +0200: Memory Usage (456660K) : Selected DISABLE_TAP_EXTRACTION option: false
2026-08-11 13:54:13 +0200: Memory Usage (456660K) : deep  mode is enabled.
2026-08-11 13:54:13 +0200: Memory Usage (456660K) : Applying implicit connections (case-sensitive, pattern supported) for nets: iovss, iovdd, vss, vdd, pad, cathode, anode
2026-08-11 13:54:13 +0200: Memory Usage (458068K) : Netlist file: /foss/designs/ihp-open-pdk-regression/IOPADS/netlist/pads_sub/sg13g2_IOPadAnalog.spi
2026-08-11 13:54:13 +0200: Memory Usage (458068K) : LVS extracted netlist at: /foss/designs/ihp-open-pdk-regression/IOPADS/lvs_sweep/20260811_135408/sg13g2_IOPadAnalog/sg13g2_IOPadAnalog_extracted.cir
2026-08-11 13:54:13 +0200: Memory Usage (458068K) : Applying SRAM integration support.
2026-08-11 13:54:13 +0200: Memory Usage (458068K) : Starting SG13G2 LVS runset
2026-08-11 13:54:13 +0200: Memory Usage (458068K) : Read in polygons from layers.
2026-08-11 13:54:13 +0200: Memory Usage (459604K) : activ_drw has 51 polygons
2026-08-11 13:54:13 +0200: Memory Usage (459604K) : activ_filler has 0 polygons
2026-08-11 13:54:13 +0200: Memory Usage (459732K) : activ has 51 polygons
2026-08-11 13:54:13 +0200: Memory Usage (459732K) : activ_pin has 0 polygons
2026-08-11 13:54:13 +0200: Memory Usage (459732K) : activ_mask has 0 polygons
2026-08-11 13:54:13 +0200: Memory Usage (459732K) : activ_nofill has 0 polygons
2026-08-11 13:54:13 +0200: Memory Usage (459860K) : activ_OPC has 0 polygons
2026-08-11 13:54:13 +0200: Memory Usage (459988K) : activ_iOPC has 0 polygons
2026-08-11 13:54:13 +0200: Memory Usage (460116K) : activ_noqrc has 0 polygons
2026-08-11 13:54:13 +0200: Memory Usage (460116K) : biwind_drw has 0 polygons
2026-08-11 13:54:13 +0200: Memory Usage (460244K) : biwind_OPC has 0 polygons
2026-08-11 13:54:13 +0200: Memory Usage (460244K) : gatpoly_drw has 49 polygons
2026-08-11 13:54:13 +0200: Memory Usage (460372K) : gatpoly_filler has 0 polygons
2026-08-11 13:54:13 +0200: Memory Usage (460372K) : gatpoly has 49 polygons
2026-08-11 13:54:13 +0200: Memory Usage (460500K) : gatpoly_pin has 0 polygons
2026-08-11 13:54:13 +0200: Memory Usage (460500K) : gatpoly_nofill has 0 polygons
2026-08-11 13:54:13 +0200: Memory Usage (460628K) : gatpoly_OPC has 0 polygons
2026-08-11 13:54:13 +0200: Memory Usage (460628K) : gatpoly_iOPC has 0 polygons
2026-08-11 13:54:13 +0200: Memory Usage (460756K) : gatpoly_noqrc has 0 polygons
2026-08-11 13:54:13 +0200: Memory Usage (462292K) : cont_drw has 46288 polygons
2026-08-11 13:54:13 +0200: Memory Usage (462292K) : cont_OPC has 0 polygons
2026-08-11 13:54:13 +0200: Memory Usage (462292K) : nsd_drw has 0 polygons
2026-08-11 13:54:13 +0200: Memory Usage (462292K) : nsd_block has 0 polygons
2026-08-11 13:54:13 +0200: Memory Usage (462292K) : metal1_drw has 344 polygons
2026-08-11 13:54:13 +0200: Memory Usage (462292K) : metal1_filler has 0 polygons
2026-08-11 13:54:13 +0200: Memory Usage (462292K) : metal1_slit has 0 polygons
2026-08-11 13:54:13 +0200: Memory Usage (462676K) : metal1 has 344 polygons
2026-08-11 13:54:13 +0200: Memory Usage (462676K) : metal1_pin has 22 polygons
2026-08-11 13:54:13 +0200: Memory Usage (462676K) : metal1_mask has 0 polygons
2026-08-11 13:54:13 +0200: Memory Usage (462676K) : metal1_nofill has 0 polygons
2026-08-11 13:54:13 +0200: Memory Usage (462804K) : metal1_text has 18 polygons
2026-08-11 13:54:13 +0200: Memory Usage (462804K) : metal1_OPC has 0 polygons
2026-08-11 13:54:13 +0200: Memory Usage (462804K) : metal1_noqrc has 0 polygons
2026-08-11 13:54:13 +0200: Memory Usage (462932K) : metal1_res has 0 polygons
2026-08-11 13:54:13 +0200: Memory Usage (462932K) : metal1_iprobe has 0 polygons
2026-08-11 13:54:13 +0200: Memory Usage (463060K) : metal1_diffprb has 0 polygons
2026-08-11 13:54:13 +0200: Memory Usage (463060K) : passiv_drw has 0 polygons
2026-08-11 13:54:13 +0200: Memory Usage (463188K) : passiv_pin has 0 polygons
2026-08-11 13:54:13 +0200: Memory Usage (463188K) : passiv_sbump has 0 polygons
2026-08-11 13:54:13 +0200: Memory Usage (463316K) : passiv_pillar has 0 polygons
2026-08-11 13:54:13 +0200: Memory Usage (463444K) : passiv_pdl has 0 polygons
2026-08-11 13:54:13 +0200: Memory Usage (463444K) : metal2_drw has 96 polygons
2026-08-11 13:54:13 +0200: Memory Usage (463572K) : metal2_filler has 0 polygons
2026-08-11 13:54:13 +0200: Memory Usage (463572K) : metal2_slit has 0 polygons
2026-08-11 13:54:13 +0200: Memory Usage (463572K) : metal2 has 96 polygons
2026-08-11 13:54:13 +0200: Memory Usage (463700K) : metal2_pin has 26 polygons
2026-08-11 13:54:13 +0200: Memory Usage (463700K) : metal2_mask has 0 polygons
2026-08-11 13:54:13 +0200: Memory Usage (463700K) : metal2_nofill has 0 polygons
2026-08-11 13:54:13 +0200: Memory Usage (463828K) : metal2_text has 26 polygons
2026-08-11 13:54:13 +0200: Memory Usage (463828K) : metal2_OPC has 0 polygons
2026-08-11 13:54:13 +0200: Memory Usage (463828K) : metal2_noqrc has 0 polygons
2026-08-11 13:54:13 +0200: Memory Usage (463828K) : metal2_res has 0 polygons
2026-08-11 13:54:13 +0200: Memory Usage (463956K) : metal2_iprobe has 0 polygons
2026-08-11 13:54:13 +0200: Memory Usage (463956K) : metal2_diffprb has 0 polygons
2026-08-11 13:54:13 +0200: Memory Usage (464084K) : baspoly_drw has 0 polygons
2026-08-11 13:54:13 +0200: Memory Usage (464084K) : baspoly_pin has 0 polygons
2026-08-11 13:54:13 +0200: Memory Usage (464212K) : psd_drw has 35 polygons
2026-08-11 13:54:13 +0200: Memory Usage (464212K) : nldb_drw has 0 polygons
2026-08-11 13:54:13 +0200: Memory Usage (464340K) : digibnd_drw has 0 polygons
2026-08-11 13:54:13 +0200: Memory Usage (464468K) : via1_drw has 1936 polygons
2026-08-11 13:54:13 +0200: Memory Usage (464468K) : backmetal1_drw has 0 polygons
2026-08-11 13:54:13 +0200: Memory Usage (464596K) : backmetal1_pin has 0 polygons
2026-08-11 13:54:13 +0200: Memory Usage (464596K) : backmetal1_mask has 0 polygons
2026-08-11 13:54:13 +0200: Memory Usage (464724K) : backmetal1_filler has 0 polygons
2026-08-11 13:54:13 +0200: Memory Usage (464852K) : backmetal1_nofill has 0 polygons
2026-08-11 13:54:13 +0200: Memory Usage (464852K) : backmetal1_slit has 0 polygons
2026-08-11 13:54:13 +0200: Memory Usage (464980K) : backmetal1_text has 0 polygons
2026-08-11 13:54:13 +0200: Memory Usage (464980K) : backmetal1_OPC has 0 polygons
2026-08-11 13:54:13 +0200: Memory Usage (465108K) : backmetal1_noqrc has 0 polygons
2026-08-11 13:54:13 +0200: Memory Usage (465108K) : backmetal1_res has 0 polygons
2026-08-11 13:54:13 +0200: Memory Usage (465236K) : backmetal1_iprobe has 0 polygons
2026-08-11 13:54:13 +0200: Memory Usage (465236K) : backmetal1_diffprb has 0 polygons
2026-08-11 13:54:13 +0200: Memory Usage (465364K) : backpassiv_drw has 0 polygons
2026-08-11 13:54:13 +0200: Memory Usage (465364K) : res_drw has 0 polygons
2026-08-11 13:54:13 +0200: Memory Usage (465492K) : sram_drw has 0 polygons
2026-08-11 13:54:13 +0200: Memory Usage (465492K) : trans_drw has 0 polygons
2026-08-11 13:54:13 +0200: Memory Usage (465620K) : ind_drw has 0 polygons
2026-08-11 13:54:13 +0200: Memory Usage (465620K) : ind_pin has 0 polygons
2026-08-11 13:54:13 +0200: Memory Usage (465748K) : ind_text has 0 polygons
2026-08-11 13:54:13 +0200: Memory Usage (465876K) : salblock_drw has 3 polygons
2026-08-11 13:54:13 +0200: Memory Usage (465876K) : via2_drw has 1926 polygons
2026-08-11 13:54:13 +0200: Memory Usage (466004K) : metal3_drw has 32 polygons
2026-08-11 13:54:13 +0200: Memory Usage (466004K) : metal3_filler has 0 polygons
2026-08-11 13:54:13 +0200: Memory Usage (466132K) : metal3_slit has 0 polygons
2026-08-11 13:54:13 +0200: Memory Usage (466132K) : metal3 has 32 polygons
2026-08-11 13:54:13 +0200: Memory Usage (466260K) : metal3_pin has 10 polygons
2026-08-11 13:54:13 +0200: Memory Usage (466260K) : metal3_mask has 0 polygons
2026-08-11 13:54:13 +0200: Memory Usage (466388K) : metal3_nofill has 0 polygons
2026-08-11 13:54:13 +0200: Memory Usage (466388K) : metal3_text has 10 polygons
2026-08-11 13:54:13 +0200: Memory Usage (466516K) : metal3_OPC has 0 polygons
2026-08-11 13:54:13 +0200: Memory Usage (466516K) : metal3_noqrc has 0 polygons
2026-08-11 13:54:13 +0200: Memory Usage (466644K) : metal3_res has 0 polygons
2026-08-11 13:54:13 +0200: Memory Usage (466644K) : metal3_iprobe has 0 polygons
2026-08-11 13:54:13 +0200: Memory Usage (466772K) : metal3_diffprb has 0 polygons
2026-08-11 13:54:13 +0200: Memory Usage (466772K) : nwell_drw has 19 polygons
2026-08-11 13:54:13 +0200: Memory Usage (466900K) : nwell_pin has 0 polygons
2026-08-11 13:54:13 +0200: Memory Usage (466900K) : nwell_text has 0 polygons
2026-08-11 13:54:13 +0200: Memory Usage (467028K) : nbulay_drw has 0 polygons
2026-08-11 13:54:13 +0200: Memory Usage (467028K) : nbulay_pin has 0 polygons
2026-08-11 13:54:13 +0200: Memory Usage (467156K) : nbulay_block has 0 polygons
2026-08-11 13:54:13 +0200: Memory Usage (467156K) : emwind_drw has 0 polygons
2026-08-11 13:54:13 +0200: Memory Usage (467156K) : emwind_OPC has 0 polygons
2026-08-11 13:54:13 +0200: Memory Usage (467156K) : deepco_drw has 0 polygons
2026-08-11 13:54:13 +0200: Memory Usage (467156K) : mim_drw has 0 polygons
2026-08-11 13:54:13 +0200: Memory Usage (467156K) : edgeseal_drw has 0 polygons
2026-08-11 13:54:13 +0200: Memory Usage (467156K) : substrate_drw has 19 polygons
2026-08-11 13:54:13 +0200: Memory Usage (467156K) : substrate_text has 0 polygons
2026-08-11 13:54:13 +0200: Memory Usage (467156K) : dfpad_drw has 0 polygons
2026-08-11 13:54:13 +0200: Memory Usage (467156K) : dfpad_pillar has 0 polygons
2026-08-11 13:54:13 +0200: Memory Usage (467156K) : dfpad_sbump has 0 polygons
2026-08-11 13:54:13 +0200: Memory Usage (467156K) : thickgateox_drw has 2 polygons
2026-08-11 13:54:13 +0200: Memory Usage (467156K) : pldb_drw has 0 polygons
2026-08-11 13:54:13 +0200: Memory Usage (467156K) : pwell_drw has 0 polygons
2026-08-11 13:54:13 +0200: Memory Usage (467156K) : pwell_pin has 0 polygons
2026-08-11 13:54:13 +0200: Memory Usage (467156K) : pwell_block has 0 polygons
2026-08-11 13:54:13 +0200: Memory Usage (467156K) : ic_drw has 0 polygons
2026-08-11 13:54:13 +0200: Memory Usage (467156K) : via3_drw has 2087 polygons
2026-08-11 13:54:13 +0200: Memory Usage (467156K) : metal4_drw has 8 polygons
2026-08-11 13:54:13 +0200: Memory Usage (467156K) : metal4_filler has 0 polygons
2026-08-11 13:54:13 +0200: Memory Usage (467156K) : metal4_slit has 0 polygons
2026-08-11 13:54:13 +0200: Memory Usage (467156K) : metal4 has 8 polygons
2026-08-11 13:54:13 +0200: Memory Usage (467156K) : metal4_pin has 8 polygons
2026-08-11 13:54:13 +0200: Memory Usage (467156K) : metal4_mask has 0 polygons
2026-08-11 13:54:13 +0200: Memory Usage (467156K) : metal4_nofill has 0 polygons
2026-08-11 13:54:13 +0200: Memory Usage (467156K) : metal4_text has 8 polygons
2026-08-11 13:54:13 +0200: Memory Usage (467156K) : metal4_OPC has 0 polygons
2026-08-11 13:54:13 +0200: Memory Usage (467156K) : metal4_noqrc has 0 polygons
2026-08-11 13:54:13 +0200: Memory Usage (467156K) : metal4_res has 0 polygons
2026-08-11 13:54:13 +0200: Memory Usage (467156K) : metal4_iprobe has 0 polygons
2026-08-11 13:54:13 +0200: Memory Usage (467156K) : metal4_diffprb has 0 polygons
2026-08-11 13:54:13 +0200: Memory Usage (467156K) : heattrans_drw has 0 polygons
2026-08-11 13:54:13 +0200: Memory Usage (467156K) : heatres_drw has 2 polygons
2026-08-11 13:54:13 +0200: Memory Usage (467156K) : fbe_drw has 0 polygons
2026-08-11 13:54:13 +0200: Memory Usage (467156K) : empoly_drw has 0 polygons
2026-08-11 13:54:13 +0200: Memory Usage (467156K) : digisub_drw has 0 polygons
2026-08-11 13:54:13 +0200: Memory Usage (467156K) : text_drw has 17 polygons
2026-08-11 13:54:13 +0200: Memory Usage (467156K) : via4_drw has 2371 polygons
2026-08-11 13:54:13 +0200: Memory Usage (467156K) : metal5_drw has 8 polygons
2026-08-11 13:54:13 +0200: Memory Usage (467156K) : metal5_filler has 0 polygons
2026-08-11 13:54:13 +0200: Memory Usage (467156K) : metal5_slit has 0 polygons
2026-08-11 13:54:13 +0200: Memory Usage (467156K) : metal5 has 8 polygons
2026-08-11 13:54:13 +0200: Memory Usage (467156K) : metal5_pin has 8 polygons
2026-08-11 13:54:13 +0200: Memory Usage (467156K) : metal5_mask has 0 polygons
2026-08-11 13:54:13 +0200: Memory Usage (467156K) : metal5_nofill has 0 polygons
2026-08-11 13:54:13 +0200: Memory Usage (467156K) : metal5_text has 8 polygons
2026-08-11 13:54:13 +0200: Memory Usage (467156K) : metal5_OPC has 0 polygons
2026-08-11 13:54:13 +0200: Memory Usage (467156K) : metal5_noqrc has 0 polygons
2026-08-11 13:54:13 +0200: Memory Usage (467156K) : metal5_res has 0 polygons
2026-08-11 13:54:13 +0200: Memory Usage (467156K) : metal5_iprobe has 0 polygons
2026-08-11 13:54:13 +0200: Memory Usage (467156K) : metal5_diffprb has 0 polygons
2026-08-11 13:54:13 +0200: Memory Usage (467156K) : radhard_drw has 0 polygons
2026-08-11 13:54:13 +0200: Memory Usage (467156K) : memcap_drw has 0 polygons
2026-08-11 13:54:13 +0200: Memory Usage (467156K) : varicap_drw has 0 polygons
2026-08-11 13:54:13 +0200: Memory Usage (467156K) : intbondvia_drw has 0 polygons
2026-08-11 13:54:13 +0200: Memory Usage (467156K) : intbondmet_drw has 0 polygons
2026-08-11 13:54:13 +0200: Memory Usage (467156K) : devbondvia_drw has 0 polygons
2026-08-11 13:54:13 +0200: Memory Usage (467156K) : devbondmet_drw has 0 polygons
2026-08-11 13:54:13 +0200: Memory Usage (467156K) : devtrench_drw has 0 polygons
2026-08-11 13:54:13 +0200: Memory Usage (467156K) : redist_drw has 0 polygons
2026-08-11 13:54:13 +0200: Memory Usage (467156K) : graphbot_drw has 0 polygons
2026-08-11 13:54:13 +0200: Memory Usage (467156K) : graphtop_drw has 0 polygons
2026-08-11 13:54:13 +0200: Memory Usage (467156K) : antvia1_drw has 0 polygons
2026-08-11 13:54:13 +0200: Memory Usage (467156K) : antmetal2_drw has 0 polygons
2026-08-11 13:54:13 +0200: Memory Usage (467156K) : graphcont_drw has 0 polygons
2026-08-11 13:54:13 +0200: Memory Usage (467156K) : siwg_drw has 0 polygons
2026-08-11 13:54:13 +0200: Memory Usage (467156K) : siwg_filler has 0 polygons
2026-08-11 13:54:13 +0200: Memory Usage (467156K) : siwg_nofill has 0 polygons
2026-08-11 13:54:13 +0200: Memory Usage (467156K) : sigrating_drw has 0 polygons
2026-08-11 13:54:13 +0200: Memory Usage (467156K) : singrating_drw has 0 polygons
2026-08-11 13:54:13 +0200: Memory Usage (467156K) : graphpas_drw has 0 polygons
2026-08-11 13:54:13 +0200: Memory Usage (467156K) : emwind3_drw has 0 polygons
2026-08-11 13:54:13 +0200: Memory Usage (467156K) : emwihv3_drw has 0 polygons
2026-08-11 13:54:13 +0200: Memory Usage (467156K) : redbulay_drw has 0 polygons
2026-08-11 13:54:13 +0200: Memory Usage (467156K) : smos_drw has 0 polygons
2026-08-11 13:54:13 +0200: Memory Usage (467156K) : graphpad_drw has 0 polygons
2026-08-11 13:54:13 +0200: Memory Usage (467156K) : polimide_drw has 0 polygons
2026-08-11 13:54:13 +0200: Memory Usage (467156K) : polimide_pin has 0 polygons
2026-08-11 13:54:13 +0200: Memory Usage (467156K) : recog_drw has 0 polygons
2026-08-11 13:54:13 +0200: Memory Usage (467156K) : recog_pin has 0 polygons
2026-08-11 13:54:13 +0200: Memory Usage (467156K) : recog_esd has 0 polygons
2026-08-11 13:54:13 +0200: Memory Usage (467156K) : recog_diode has 6 polygons
2026-08-11 13:54:13 +0200: Memory Usage (467156K) : recog_tsv has 0 polygons
2026-08-11 13:54:13 +0200: Memory Usage (467156K) : recog_iprobe has 0 polygons
2026-08-11 13:54:13 +0200: Memory Usage (467156K) : recog_diffprb has 0 polygons
2026-08-11 13:54:13 +0200: Memory Usage (467156K) : recog_pillar has 0 polygons
2026-08-11 13:54:13 +0200: Memory Usage (467156K) : recog_sbump has 0 polygons
2026-08-11 13:54:13 +0200: Memory Usage (467156K) : recog_otp has 0 polygons
2026-08-11 13:54:13 +0200: Memory Usage (467156K) : recog_pdiode has 0 polygons
2026-08-11 13:54:13 +0200: Memory Usage (467156K) : recog_mom has 0 polygons
2026-08-11 13:54:13 +0200: Memory Usage (467156K) : recog_pcm has 0 polygons
2026-08-11 13:54:13 +0200: Memory Usage (467156K) : colopen_drw has 0 polygons
2026-08-11 13:54:13 +0200: Memory Usage (467156K) : graphmetal1_drw has 0 polygons
2026-08-11 13:54:13 +0200: Memory Usage (467156K) : graphmetal1_filler has 0 polygons
2026-08-11 13:54:13 +0200: Memory Usage (467156K) : graphmetal1_nofill has 0 polygons
2026-08-11 13:54:13 +0200: Memory Usage (467156K) : graphmetal1_slit has 0 polygons
2026-08-11 13:54:13 +0200: Memory Usage (467156K) : graphmetal1_OPC has 0 polygons
2026-08-11 13:54:13 +0200: Memory Usage (467156K) : graphmet1l_drw has 0 polygons
2026-08-11 13:54:13 +0200: Memory Usage (467156K) : graphmet1l_filler has 0 polygons
2026-08-11 13:54:13 +0200: Memory Usage (467156K) : graphmet1l_nofill has 0 polygons
2026-08-11 13:54:13 +0200: Memory Usage (467284K) : graphmet1l_slit has 0 polygons
2026-08-11 13:54:13 +0200: Memory Usage (467284K) : graphmet1l_OPC has 0 polygons
2026-08-11 13:54:13 +0200: Memory Usage (467284K) : extblock_drw has 8 polygons
2026-08-11 13:54:13 +0200: Memory Usage (467412K) : nldd_drw has 0 polygons
2026-08-11 13:54:13 +0200: Memory Usage (467412K) : pldd_drw has 0 polygons
2026-08-11 13:54:13 +0200: Memory Usage (467540K) : next_drw has 0 polygons
2026-08-11 13:54:13 +0200: Memory Usage (467540K) : pext_drw has 0 polygons
2026-08-11 13:54:13 +0200: Memory Usage (467668K) : nexthv_drw has 0 polygons
2026-08-11 13:54:13 +0200: Memory Usage (467668K) : pexthv_drw has 0 polygons
2026-08-11 13:54:13 +0200: Memory Usage (467796K) : graphgate_drw has 0 polygons
2026-08-11 13:54:13 +0200: Memory Usage (467796K) : sinwg_drw has 0 polygons
2026-08-11 13:54:13 +0200: Memory Usage (467924K) : sinwg_filler has 0 polygons
2026-08-11 13:54:13 +0200: Memory Usage (468052K) : sinwg_nofill has 0 polygons
2026-08-11 13:54:13 +0200: Memory Usage (468052K) : mempad_drw has 0 polygons
2026-08-11 13:54:13 +0200: Memory Usage (468180K) : topvia1_drw has 2315 polygons
2026-08-11 13:54:13 +0200: Memory Usage (468308K) : topmetal1_drw has 8 polygons
2026-08-11 13:54:13 +0200: Memory Usage (468308K) : topmetal1_filler has 0 polygons
2026-08-11 13:54:13 +0200: Memory Usage (468436K) : topmetal1_slit has 0 polygons
2026-08-11 13:54:13 +0200: Memory Usage (468564K) : topmetal1 has 8 polygons
2026-08-11 13:54:13 +0200: Memory Usage (468564K) : topmetal1_pin has 10 polygons
2026-08-11 13:54:13 +0200: Memory Usage (468692K) : topmetal1_mask has 0 polygons
2026-08-11 13:54:13 +0200: Memory Usage (468692K) : topmetal1_nofill has 0 polygons
2026-08-11 13:54:13 +0200: Memory Usage (468820K) : topmetal1_text has 8 polygons
2026-08-11 13:54:13 +0200: Memory Usage (468820K) : topmetal1_noqrc has 0 polygons
2026-08-11 13:54:13 +0200: Memory Usage (468948K) : topmetal1_res has 0 polygons
2026-08-11 13:54:13 +0200: Memory Usage (468948K) : topmetal1_iprobe has 0 polygons
2026-08-11 13:54:13 +0200: Memory Usage (469076K) : topmetal1_diffprb has 0 polygons
2026-08-11 13:54:13 +0200: Memory Usage (469076K) : inldpwl_drw has 0 polygons
2026-08-11 13:54:13 +0200: Memory Usage (469204K) : polyres_drw has 3 polygons
2026-08-11 13:54:13 +0200: Memory Usage (469332K) : polyres_pin has 0 polygons
2026-08-11 13:54:13 +0200: Memory Usage (469332K) : vmim_drw has 0 polygons
2026-08-11 13:54:13 +0200: Memory Usage (469460K) : nbulaycut_drw has 0 polygons
2026-08-11 13:54:13 +0200: Memory Usage (469460K) : antmetal1_drw has 0 polygons
2026-08-11 13:54:13 +0200: Memory Usage (469588K) : topvia2_drw has 1593 polygons
2026-08-11 13:54:13 +0200: Memory Usage (469588K) : topmetal2_drw has 6 polygons
2026-08-11 13:54:13 +0200: Memory Usage (469716K) : topmetal2_filler has 0 polygons
2026-08-11 13:54:13 +0200: Memory Usage (469844K) : topmetal2_slit has 0 polygons
2026-08-11 13:54:13 +0200: Memory Usage (469972K) : topmetal2 has 6 polygons
2026-08-11 13:54:13 +0200: Memory Usage (469972K) : topmetal2_pin has 6 polygons
2026-08-11 13:54:13 +0200: Memory Usage (470100K) : topmetal2_mask has 0 polygons
2026-08-11 13:54:13 +0200: Memory Usage (470100K) : topmetal2_nofill has 0 polygons
2026-08-11 13:54:13 +0200: Memory Usage (470228K) : topmetal2_text has 6 polygons
2026-08-11 13:54:13 +0200: Memory Usage (470228K) : topmetal2_noqrc has 0 polygons
2026-08-11 13:54:13 +0200: Memory Usage (470356K) : topmetal2_res has 0 polygons
2026-08-11 13:54:13 +0200: Memory Usage (470356K) : topmetal2_iprobe has 0 polygons
2026-08-11 13:54:13 +0200: Memory Usage (470484K) : topmetal2_diffprb has 0 polygons
2026-08-11 13:54:13 +0200: Memory Usage (470484K) : snsring_drw has 0 polygons
2026-08-11 13:54:13 +0200: Memory Usage (470612K) : sensor_drw has 0 polygons
2026-08-11 13:54:13 +0200: Memory Usage (470612K) : snsarms_drw has 0 polygons
2026-08-11 13:54:13 +0200: Memory Usage (470740K) : snscmosvia_drw has 0 polygons
2026-08-11 13:54:13 +0200: Memory Usage (470740K) : colwind_drw has 0 polygons
2026-08-11 13:54:13 +0200: Memory Usage (470868K) : flm_drw has 0 polygons
2026-08-11 13:54:13 +0200: Memory Usage (470996K) : hafniumox_drw has 0 polygons
2026-08-11 13:54:13 +0200: Memory Usage (470996K) : memvia_drw has 0 polygons
2026-08-11 13:54:13 +0200: Memory Usage (471124K) : thinfilmres_drw has 0 polygons
2026-08-11 13:54:13 +0200: Memory Usage (471124K) : rfmem_drw has 0 polygons
2026-08-11 13:54:13 +0200: Memory Usage (471252K) : norcx_drw has 0 polygons
2026-08-11 13:54:13 +0200: Memory Usage (471252K) : norcx_m2m3 has 0 polygons
2026-08-11 13:54:13 +0200: Memory Usage (471380K) : norcx_m2m4 has 0 polygons
2026-08-11 13:54:13 +0200: Memory Usage (471380K) : norcx_m2m5 has 0 polygons
2026-08-11 13:54:13 +0200: Memory Usage (471508K) : norcx_m2tm1 has 0 polygons
2026-08-11 13:54:13 +0200: Memory Usage (471508K) : norcx_m2tm2 has 0 polygons
2026-08-11 13:54:13 +0200: Memory Usage (471636K) : norcx_m3m4 has 0 polygons
2026-08-11 13:54:13 +0200: Memory Usage (471764K) : norcx_m3m5 has 0 polygons
2026-08-11 13:54:13 +0200: Memory Usage (471764K) : norcx_m3tm1 has 0 polygons
2026-08-11 13:54:13 +0200: Memory Usage (471892K) : norcx_m3tm2 has 0 polygons
2026-08-11 13:54:13 +0200: Memory Usage (471892K) : norcx_m4m5 has 0 polygons
2026-08-11 13:54:13 +0200: Memory Usage (472020K) : norcx_m4tm1 has 0 polygons
2026-08-11 13:54:13 +0200: Memory Usage (472020K) : norcx_m4tm2 has 0 polygons
2026-08-11 13:54:13 +0200: Memory Usage (472148K) : norcx_m5tm1 has 0 polygons
2026-08-11 13:54:13 +0200: Memory Usage (472148K) : norcx_m5tm2 has 0 polygons
2026-08-11 13:54:13 +0200: Memory Usage (472276K) : norcx_tm1tm2 has 0 polygons
2026-08-11 13:54:13 +0200: Memory Usage (472276K) : norcx_m1sub has 0 polygons
2026-08-11 13:54:13 +0200: Memory Usage (472404K) : norcx_m2sub has 0 polygons
2026-08-11 13:54:13 +0200: Memory Usage (472532K) : norcx_m3sub has 0 polygons
2026-08-11 13:54:13 +0200: Memory Usage (472532K) : norcx_m4sub has 0 polygons
2026-08-11 13:54:13 +0200: Memory Usage (472660K) : norcx_m5sub has 0 polygons
2026-08-11 13:54:13 +0200: Memory Usage (472660K) : norcx_tm1sub has 0 polygons
2026-08-11 13:54:13 +0200: Memory Usage (472788K) : norcx_tm2sub has 0 polygons
2026-08-11 13:54:13 +0200: Memory Usage (472788K) : snsbotvia_drw has 0 polygons
2026-08-11 13:54:13 +0200: Memory Usage (472916K) : snstopvia_drw has 0 polygons
2026-08-11 13:54:13 +0200: Memory Usage (472916K) : deepvia_drw has 0 polygons
2026-08-11 13:54:13 +0200: Memory Usage (473044K) : fgetch_drw has 0 polygons
2026-08-11 13:54:13 +0200: Memory Usage (473044K) : ctrgat_drw has 0 polygons
2026-08-11 13:54:13 +0200: Memory Usage (473172K) : fgimp_drw has 0 polygons
2026-08-11 13:54:13 +0200: Memory Usage (473300K) : emwihv_drw has 0 polygons
2026-08-11 13:54:13 +0200: Memory Usage (473300K) : lbe_drw has 0 polygons
2026-08-11 13:54:13 +0200: Memory Usage (473428K) : alcustop_drw has 0 polygons
2026-08-11 13:54:13 +0200: Memory Usage (473428K) : nometfiller_drw has 0 polygons
2026-08-11 13:54:13 +0200: Memory Usage (473556K) : prboundary_drw has 0 polygons
2026-08-11 13:54:13 +0200: Memory Usage (473556K) : exchange0_drw has 0 polygons
2026-08-11 13:54:13 +0200: Memory Usage (473684K) : exchange0_pin has 0 polygons
2026-08-11 13:54:13 +0200: Memory Usage (473684K) : exchange0_text has 0 polygons
2026-08-11 13:54:13 +0200: Memory Usage (473812K) : exchange1_drw has 0 polygons
2026-08-11 13:54:13 +0200: Memory Usage (473812K) : exchange1_pin has 0 polygons
2026-08-11 13:54:13 +0200: Memory Usage (473940K) : exchange1_text has 0 polygons
2026-08-11 13:54:13 +0200: Memory Usage (473940K) : exchange2_drw has 0 polygons
2026-08-11 13:54:13 +0200: Memory Usage (474068K) : exchange2_pin has 0 polygons
2026-08-11 13:54:13 +0200: Memory Usage (474068K) : exchange2_text has 0 polygons
2026-08-11 13:54:13 +0200: Memory Usage (474196K) : exchange3_drw has 0 polygons
2026-08-11 13:54:13 +0200: Memory Usage (474196K) : exchange3_pin has 0 polygons
2026-08-11 13:54:13 +0200: Memory Usage (474324K) : exchange3_text has 0 polygons
2026-08-11 13:54:13 +0200: Memory Usage (474324K) : exchange4_drw has 0 polygons
2026-08-11 13:54:13 +0200: Memory Usage (474324K) : exchange4_pin has 0 polygons
2026-08-11 13:54:13 +0200: Memory Usage (474324K) : exchange4_text has 0 polygons
2026-08-11 13:54:13 +0200: Memory Usage (474324K) : isonwell_drw has 0 polygons
2026-08-11 13:54:13 +0200: Memory Usage (474324K) : Total no. of polygons in the design is 59406
2026-08-11 13:54:13 +0200: Memory Usage (474324K) : Starting base layers derivations
2026-08-11 13:54:13 +0200: Memory Usage (474324K) : Starting general LVS derivations
2026-08-11 13:54:14 +0200: Memory Usage (478548K) : Starting MOSFET DERIVATIONS
2026-08-11 13:54:14 +0200: Memory Usage (479408K) : Starting NMOS DERIVATIONS
2026-08-11 13:54:14 +0200: Memory Usage (479408K) : Starting PMOS DERIVATIONS
2026-08-11 13:54:14 +0200: Memory Usage (479408K) : Starting RF-MOSFET DERIVATIONS
2026-08-11 13:54:14 +0200: Memory Usage (479408K) : Starting RF-NMOS DERIVATIONS
2026-08-11 13:54:14 +0200: Memory Usage (479408K) : Starting RF-PMOS DERIVATIONS
2026-08-11 13:54:14 +0200: Memory Usage (479408K) : Starting BJT DERIVATIONS
2026-08-11 13:54:14 +0200: Memory Usage (479408K) : Starting NPN-BJT DERIVATIONS
2026-08-11 13:54:15 +0200: Memory Usage (479408K) : Starting PNP-BJT DERIVATIONS
2026-08-11 13:54:15 +0200: Memory Usage (479408K) : Starting DIODE DERIVATIONS
2026-08-11 13:54:16 +0200: Memory Usage (478736K) : Starting RESISTOR DERIVATIONS
2026-08-11 13:54:16 +0200: Memory Usage (478992K) : Starting CAP DERIVATIONS
2026-08-11 13:54:16 +0200: Memory Usage (478992K) : Starting CAP_CMOM DERIVATIONS
2026-08-11 13:54:16 +0200: Memory Usage (478992K) : Starting ESD DERIVATIONS
2026-08-11 13:54:16 +0200: Memory Usage (478992K) : Starting Inductor DERIVATIONS
2026-08-11 13:54:17 +0200: Memory Usage (480400K) : Starting Taps DERIVATIONS
2026-08-11 13:54:17 +0200: Memory Usage (480400K) : Starting SG13G2 LVS connectivity setup
2026-08-11 13:54:17 +0200: Memory Usage (480400K) : Starting SG13G2 LVS connectivity setup (Inter-layer)
2026-08-11 13:54:17 +0200: Memory Usage (480528K) : Starting SG13G2 LVS connectivity setup (Global)
2026-08-11 13:54:17 +0200: Memory Usage (480528K) : Starting LVS MOSFET CONNECTIONS
2026-08-11 13:54:17 +0200: Memory Usage (480528K) : Starting LVS RF-MOSFET CONNECTIONS
2026-08-11 13:54:17 +0200: Memory Usage (480528K) : Starting LVS BJT CONNECTIONS
2026-08-11 13:54:17 +0200: Memory Usage (480528K) : Starting LVS DIODE CONNECTIONS
2026-08-11 13:54:17 +0200: Memory Usage (480528K) : Starting RESISTOR CONNECTIONS
2026-08-11 13:54:17 +0200: Memory Usage (480528K) : Starting LVS CAP CONNECTIONS
2026-08-11 13:54:17 +0200: Memory Usage (480528K) : Starting CAP_CMOM CONNECTIONS
2026-08-11 13:54:17 +0200: Memory Usage (480528K) : Starting ESD CONNECTIONS
2026-08-11 13:54:17 +0200: Memory Usage (480528K) : Starting Inductor CONNECTIONS
2026-08-11 13:54:17 +0200: Memory Usage (480528K) : Starting LVS Taps CONNECTIONS
2026-08-11 13:54:17 +0200: Memory Usage (480528K) : Starting SG13G2 LVS DEVICES EXTRACTION
2026-08-11 13:54:17 +0200: Memory Usage (480528K) : Starting MOSFET EXTRACTION
2026-08-11 13:54:17 +0200: Memory Usage (480528K) : Starting NMOS EXTRACTION
2026-08-11 13:54:17 +0200: Memory Usage (480528K) : Extraction of NMOS-LV transistor
2026-08-11 13:54:17 +0200: Memory Usage (480528K) : Extraction of NMOS-HV transistor
2026-08-11 13:54:17 +0200: Memory Usage (480528K) : Starting PMOS EXTRACTION
2026-08-11 13:54:17 +0200: Memory Usage (480528K) : Extraction of PMOS-LV transistor
2026-08-11 13:54:17 +0200: Memory Usage (480528K) : Extraction of PMOS-HV transistor
2026-08-11 13:54:17 +0200: Memory Usage (480528K) : Starting RF-MOSFET EXTRACTION
2026-08-11 13:54:17 +0200: Memory Usage (480528K) : Extraction of RF-NMOS-LV transistor
2026-08-11 13:54:17 +0200: Memory Usage (480528K) : Extraction of RF-NMOS-HV transistor
2026-08-11 13:54:17 +0200: Memory Usage (480528K) : Extraction of RF-PMOS-LV transistor
2026-08-11 13:54:17 +0200: Memory Usage (480528K) : Extraction of RF-PMOS-HV transistor
2026-08-11 13:54:17 +0200: Memory Usage (480528K) : Starting BJT EXTRACTION
2026-08-11 13:54:17 +0200: Memory Usage (480528K) : Starting NPN-BJT EXTRACTION
2026-08-11 13:54:17 +0200: Memory Usage (480528K) : Extraction of npn13G2 BJT transistor
2026-08-11 13:54:17 +0200: Memory Usage (480528K) : Extraction of npn13G2L BJT transistor
2026-08-11 13:54:17 +0200: Memory Usage (480528K) : Extraction of npn13G2V BJT transistor
2026-08-11 13:54:17 +0200: Memory Usage (480528K) : Starting PNP-BJT EXTRACTION
2026-08-11 13:54:17 +0200: Memory Usage (480528K) : Extracting pnpMPA BJT
2026-08-11 13:54:17 +0200: Memory Usage (480528K) : Starting DIODE EXTRACTION
2026-08-11 13:54:17 +0200: Memory Usage (480528K) : Extracting dantenna diode
2026-08-11 13:54:17 +0200: Memory Usage (480528K) : Extracting dpantenna diode
2026-08-11 13:54:17 +0200: Memory Usage (480528K) : Extracting schottky_nbl1 diode
2026-08-11 13:54:17 +0200: Memory Usage (480528K) : Extracting isolbox diode
2026-08-11 13:54:17 +0200: Memory Usage (480528K) : Starting RESISTOR EXTRACTION
2026-08-11 13:54:17 +0200: Memory Usage (480528K) : Extracting rsil resistor
2026-08-11 13:54:17 +0200: Memory Usage (480528K) : Extracting rppd resistor
2026-08-11 13:54:17 +0200: Memory Usage (480656K) : Extracting rhigh resistor
2026-08-11 13:54:17 +0200: Memory Usage (480656K) : Extracting res_metal1 resistor
2026-08-11 13:54:17 +0200: Memory Usage (480656K) : Extracting res_metal2 resistor
2026-08-11 13:54:17 +0200: Memory Usage (480656K) : Extracting res_metal3 resistor
2026-08-11 13:54:17 +0200: Memory Usage (480656K) : Extracting res_metal4 resistor
2026-08-11 13:54:17 +0200: Memory Usage (480656K) : Extracting res_metal5 resistor
2026-08-11 13:54:17 +0200: Memory Usage (480656K) : Extracting res_topmetal1 resistor
2026-08-11 13:54:17 +0200: Memory Usage (480656K) : Extracting res_topmetal2 resistor
2026-08-11 13:54:17 +0200: Memory Usage (480656K) : Starting CAP EXTRACTION
2026-08-11 13:54:17 +0200: Memory Usage (480656K) : Extracting cap_cmim device
2026-08-11 13:54:17 +0200: Memory Usage (480656K) : Extracting rfcmim device
2026-08-11 13:54:17 +0200: Memory Usage (480656K) : Extracting sg13_hv_svaricap varactor
2026-08-11 13:54:17 +0200: Memory Usage (480656K) : Extracting cap_cmomi device
2026-08-11 13:54:17 +0200: Memory Usage (480656K) : Extracting sg13_moscap_n capacitor
2026-08-11 13:54:17 +0200: Memory Usage (480656K) : Extracting sg13_moscap_p capacitor
2026-08-11 13:54:17 +0200: Memory Usage (480656K) : Starting ESD EXTRACTION
2026-08-11 13:54:17 +0200: Memory Usage (480656K) : Extracting diodevdd_2kv ESD device
2026-08-11 13:54:17 +0200: Memory Usage (480656K) : Extracting diodevdd_4kv ESD device
2026-08-11 13:54:17 +0200: Memory Usage (480656K) : Extracting diodevss_2kv ESD device
2026-08-11 13:54:17 +0200: Memory Usage (480656K) : Extracting diodevss_4kv ESD device
2026-08-11 13:54:17 +0200: Memory Usage (480656K) : Extracting idiodevdd_2kv ESD device
2026-08-11 13:54:17 +0200: Memory Usage (480656K) : Extracting idiodevdd_4kv ESD device
2026-08-11 13:54:17 +0200: Memory Usage (480656K) : Extracting idiodevss_2kv ESD device
2026-08-11 13:54:17 +0200: Memory Usage (480656K) : Extracting idiodevss_4kv ESD device
2026-08-11 13:54:17 +0200: Memory Usage (480656K) : Extracting nmoscl_2 ESD device
2026-08-11 13:54:17 +0200: Memory Usage (480656K) : Extracting nmoscl_4 ESD device
2026-08-11 13:54:17 +0200: Memory Usage (480656K) : Starting Inductor EXTRACTION
2026-08-11 13:54:17 +0200: Memory Usage (480656K) : Extracting Inductor2 device
2026-08-11 13:54:17 +0200: Memory Usage (480656K) : Extracting Inductor3 device
2026-08-11 13:54:17 +0200: Memory Usage (480656K) : Starting Taps EXTRACTION
2026-08-11 13:54:17 +0200: Memory Usage (480656K) : Extracting ntap1 device
2026-08-11 13:54:17 +0200: Memory Usage (480656K) : Extracting ptap1 device
2026-08-11 13:54:17 +0200: Memory Usage (480656K) : Starting SG13G2 LVS RF MOS Model Mapping
2026-08-11 13:54:17 +0200: Memory Usage (491408K) : [layout_netlist] Apply RF MOS model mapping and rfmode parameter.
2026-08-11 13:54:17 +0200: Memory Usage (491408K) : Starting SG13G2 LVS Options Preparations
2026-08-11 13:54:17 +0200: Memory Usage (491408K) : SG13G2 LVS flow: extraction -> alignment -> option preparation -> comparison.
2026-08-11 13:54:17 +0200: Memory Usage (491408K) : Starting SG13G2 LVS Alignment
2026-08-11 13:54:17 +0200: Memory Usage (491536K) : Starting SG13G2 LVS Simplification
2026-08-11 13:54:17 +0200: Memory Usage (491536K) : [layout_netlist] simplify: ENABLED
2026-08-11 13:54:17 +0200: Memory Usage (491536K) : [layout_netlist] make_top_level_pins: SKIPPED
2026-08-11 13:54:17 +0200: Memory Usage (491536K) : [layout_netlist] combine_devices: ENABLED
2026-08-11 13:54:17 +0200: Memory Usage (491536K) : [layout_netlist] purge: SKIPPED
2026-08-11 13:54:17 +0200: Memory Usage (491536K) : [layout_netlist] purge_nets: SKIPPED
2026-08-11 13:54:17 +0200: Memory Usage (491536K) : [schematic_netlist] simplify: ENABLED
2026-08-11 13:54:17 +0200: Memory Usage (491536K) : [schematic_netlist] make_top_level_pins: SKIPPED
2026-08-11 13:54:17 +0200: Memory Usage (491536K) : [schematic_netlist] combine_devices: ENABLED
2026-08-11 13:54:17 +0200: Memory Usage (491536K) : [schematic_netlist] purge: SKIPPED
2026-08-11 13:54:17 +0200: Memory Usage (491536K) : [schematic_netlist] purge_nets: SKIPPED
2026-08-11 13:54:17 +0200: Memory Usage (491536K) : Starting SG13G2 LVS Comparison
2026-08-11 13:54:17 +0200: Memory Usage (491664K) : ==========================================
2026-08-11 13:54:17 +0200: Memory Usage (491664K) : INFO : Congratulations! Netlists match.
2026-08-11 13:54:17 +0200: Memory Usage (491664K) : ==========================================
2026-08-11 13:54:17 +0200: Memory Usage (491664K) : LVS Total Run time 5.026222 seconds
11-Aug-2026 13:54:18 | INFO    | ==============================================================================
11-Aug-2026 13:54:18 | INFO    | Important Summary
11-Aug-2026 13:54:18 | INFO    | +------------------+-------------------------------------------------------------------------------------------+
11-Aug-2026 13:54:18 | INFO    | | Status           | PASS                                                                                      |
11-Aug-2026 13:54:18 | INFO    | | Mode             | COMPARE                                                                                   |
11-Aug-2026 13:54:18 | INFO    | | Outcome          | Comparison mode: PASS (netlists match).                                                   |
11-Aug-2026 13:54:18 | INFO    | | Layout           | sg13g2_IOPadAnalog.gds                                                                    |
11-Aug-2026 13:54:18 | INFO    | | Top Cell         | sg13g2_IOPadAnalog                                                                        |
11-Aug-2026 13:54:18 | INFO    | | Results Dir      | /foss/designs/ihp-open-pdk-regression/IOPADS/lvs_sweep/20260811_135408/sg13g2_IOPadAnalog |
11-Aug-2026 13:54:18 | INFO    | | Warnings         | 0                                                                                         |
11-Aug-2026 13:54:18 | INFO    | | Errors           | 0                                                                                         |
11-Aug-2026 13:54:18 | INFO    | | Run Time (s)     | 9.879                                                                                     |
11-Aug-2026 13:54:18 | INFO    | +------------------+-------------------------------------------------------------------------------------------+
11-Aug-2026 13:54:18 | INFO    | ==============================================================================
