# Logfile created on 2026-08-03 14:11:23 +0200 by logger.rb/v1.5.3
2026-08-03 14:11:23 +0200: Memory Usage (455396K) : Starting running SG13G2 Klayout LVS runset on /foss/designs/ihp-open-pdk-regression/IOPADS/layout/sg13g2_IOPadTriOut4mA.gds
2026-08-03 14:11:23 +0200: Memory Usage (455396K) : Ruby Version for klayout: 3.2.3
2026-08-03 14:11:23 +0200: Memory Usage (457188K) : Loading database to memory is complete.
2026-08-03 14:11:23 +0200: Memory Usage (457188K) : SG13G2 Klayout LVS runset output at: /foss/designs/ihp-open-pdk-regression/IOPADS/lvs_sweep/20260803_140929/sg13g2_IOPadTriOut4mA/sg13g2_IOPadTriOut4mA.lvsdb
2026-08-03 14:11:23 +0200: Memory Usage (457188K) : Evaluate switches.
2026-08-03 14:11:23 +0200: Memory Usage (457188K) : Extracted netlist with net names: true
2026-08-03 14:11:23 +0200: Memory Usage (457188K) : Extracted netlist with comments in details: false
2026-08-03 14:11:23 +0200: Memory Usage (457188K) : Selected NET_ONLY option: false
2026-08-03 14:11:23 +0200: Memory Usage (457188K) : Selected LAYOUT_NETLIST option: (none)
2026-08-03 14:11:23 +0200: Memory Usage (457188K) : Selected IGNORE_TOP_PORTS_MISMATCH option: 
2026-08-03 14:11:23 +0200: Memory Usage (457188K) : Selected IMPLICIT_NETS option: (none)
2026-08-03 14:11:23 +0200: Memory Usage (457188K) : Selected TOP_LVL_PINS option: false
2026-08-03 14:11:23 +0200: Memory Usage (457188K) : Selected COMBINE DEVICES option: false
2026-08-03 14:11:23 +0200: Memory Usage (457188K) : Selected PURGE option: false
2026-08-03 14:11:23 +0200: Memory Usage (457188K) : Selected PURGE_NETS option: false
2026-08-03 14:11:23 +0200: Memory Usage (457188K) : Selected SIMPLIFY option: true
2026-08-03 14:11:23 +0200: Memory Usage (457188K) : Selected SERIES_RES option: true
2026-08-03 14:11:23 +0200: Memory Usage (457188K) : Selected PARALLEL_RES option: true
2026-08-03 14:11:23 +0200: Memory Usage (457188K) : Selected DISABLE_TAP_EXTRACTION option: false
2026-08-03 14:11:23 +0200: Memory Usage (457188K) : deep  mode is enabled.
2026-08-03 14:11:23 +0200: Memory Usage (457572K) : Netlist file: /foss/designs/ihp-open-pdk-regression/IOPADS/netlist/pads/sg13g2_IOPadTriOut4mA.spi
2026-08-03 14:11:23 +0200: Memory Usage (457572K) : LVS extracted netlist at: /foss/designs/ihp-open-pdk-regression/IOPADS/lvs_sweep/20260803_140929/sg13g2_IOPadTriOut4mA/sg13g2_IOPadTriOut4mA_extracted.cir
2026-08-03 14:11:23 +0200: Memory Usage (457572K) : Applying SRAM integration support.
2026-08-03 14:11:23 +0200: Memory Usage (457572K) : Starting SG13G2 LVS runset
2026-08-03 14:11:23 +0200: Memory Usage (457572K) : Read in polygons from layers.
2026-08-03 14:11:23 +0200: Memory Usage (458852K) : activ_drw has 95 polygons
2026-08-03 14:11:23 +0200: Memory Usage (458852K) : activ_filler has 0 polygons
2026-08-03 14:11:23 +0200: Memory Usage (459108K) : activ has 95 polygons
2026-08-03 14:11:23 +0200: Memory Usage (459108K) : activ_pin has 0 polygons
2026-08-03 14:11:23 +0200: Memory Usage (459108K) : activ_mask has 0 polygons
2026-08-03 14:11:23 +0200: Memory Usage (459108K) : activ_nofill has 0 polygons
2026-08-03 14:11:23 +0200: Memory Usage (459108K) : activ_OPC has 0 polygons
2026-08-03 14:11:23 +0200: Memory Usage (459108K) : activ_iOPC has 0 polygons
2026-08-03 14:11:23 +0200: Memory Usage (459108K) : activ_noqrc has 0 polygons
2026-08-03 14:11:23 +0200: Memory Usage (459108K) : biwind_drw has 0 polygons
2026-08-03 14:11:23 +0200: Memory Usage (459108K) : biwind_OPC has 0 polygons
2026-08-03 14:11:23 +0200: Memory Usage (459108K) : gatpoly_drw has 35 polygons
2026-08-03 14:11:23 +0200: Memory Usage (459236K) : gatpoly_filler has 0 polygons
2026-08-03 14:11:23 +0200: Memory Usage (459236K) : gatpoly has 35 polygons
2026-08-03 14:11:23 +0200: Memory Usage (459364K) : gatpoly_pin has 0 polygons
2026-08-03 14:11:23 +0200: Memory Usage (459364K) : gatpoly_nofill has 0 polygons
2026-08-03 14:11:23 +0200: Memory Usage (459492K) : gatpoly_OPC has 0 polygons
2026-08-03 14:11:23 +0200: Memory Usage (459492K) : gatpoly_iOPC has 0 polygons
2026-08-03 14:11:23 +0200: Memory Usage (459620K) : gatpoly_noqrc has 0 polygons
2026-08-03 14:11:23 +0200: Memory Usage (461028K) : cont_drw has 45760 polygons
2026-08-03 14:11:23 +0200: Memory Usage (461156K) : cont_OPC has 0 polygons
2026-08-03 14:11:23 +0200: Memory Usage (461156K) : nsd_drw has 0 polygons
2026-08-03 14:11:23 +0200: Memory Usage (461284K) : nsd_block has 0 polygons
2026-08-03 14:11:23 +0200: Memory Usage (461284K) : metal1_drw has 189 polygons
2026-08-03 14:11:23 +0200: Memory Usage (461284K) : metal1_filler has 0 polygons
2026-08-03 14:11:23 +0200: Memory Usage (461284K) : metal1_slit has 0 polygons
2026-08-03 14:11:23 +0200: Memory Usage (461412K) : metal1 has 189 polygons
2026-08-03 14:11:23 +0200: Memory Usage (461412K) : metal1_pin has 43 polygons
2026-08-03 14:11:23 +0200: Memory Usage (461412K) : metal1_mask has 0 polygons
2026-08-03 14:11:23 +0200: Memory Usage (461412K) : metal1_nofill has 0 polygons
2026-08-03 14:11:23 +0200: Memory Usage (462052K) : metal1_text has 42 polygons
2026-08-03 14:11:23 +0200: Memory Usage (462052K) : metal1_OPC has 0 polygons
2026-08-03 14:11:23 +0200: Memory Usage (462052K) : metal1_noqrc has 0 polygons
2026-08-03 14:11:23 +0200: Memory Usage (462052K) : metal1_res has 0 polygons
2026-08-03 14:11:23 +0200: Memory Usage (462052K) : metal1_iprobe has 0 polygons
2026-08-03 14:11:23 +0200: Memory Usage (462052K) : metal1_diffprb has 0 polygons
2026-08-03 14:11:23 +0200: Memory Usage (462052K) : passiv_drw has 0 polygons
2026-08-03 14:11:23 +0200: Memory Usage (462180K) : passiv_pin has 0 polygons
2026-08-03 14:11:23 +0200: Memory Usage (462180K) : passiv_sbump has 0 polygons
2026-08-03 14:11:23 +0200: Memory Usage (462180K) : passiv_pillar has 0 polygons
2026-08-03 14:11:23 +0200: Memory Usage (462308K) : passiv_pdl has 0 polygons
2026-08-03 14:11:23 +0200: Memory Usage (462308K) : metal2_drw has 50 polygons
2026-08-03 14:11:23 +0200: Memory Usage (462436K) : metal2_filler has 0 polygons
2026-08-03 14:11:23 +0200: Memory Usage (462564K) : metal2_slit has 0 polygons
2026-08-03 14:11:23 +0200: Memory Usage (462564K) : metal2 has 50 polygons
2026-08-03 14:11:23 +0200: Memory Usage (462692K) : metal2_pin has 15 polygons
2026-08-03 14:11:23 +0200: Memory Usage (462692K) : metal2_mask has 0 polygons
2026-08-03 14:11:23 +0200: Memory Usage (462820K) : metal2_nofill has 0 polygons
2026-08-03 14:11:23 +0200: Memory Usage (462820K) : metal2_text has 15 polygons
2026-08-03 14:11:23 +0200: Memory Usage (462948K) : metal2_OPC has 0 polygons
2026-08-03 14:11:23 +0200: Memory Usage (462948K) : metal2_noqrc has 0 polygons
2026-08-03 14:11:23 +0200: Memory Usage (463076K) : metal2_res has 0 polygons
2026-08-03 14:11:23 +0200: Memory Usage (463076K) : metal2_iprobe has 0 polygons
2026-08-03 14:11:23 +0200: Memory Usage (463204K) : metal2_diffprb has 0 polygons
2026-08-03 14:11:23 +0200: Memory Usage (463204K) : baspoly_drw has 0 polygons
2026-08-03 14:11:23 +0200: Memory Usage (463332K) : baspoly_pin has 0 polygons
2026-08-03 14:11:23 +0200: Memory Usage (463332K) : psd_drw has 38 polygons
2026-08-03 14:11:23 +0200: Memory Usage (463460K) : nldb_drw has 0 polygons
2026-08-03 14:11:23 +0200: Memory Usage (463460K) : digibnd_drw has 0 polygons
2026-08-03 14:11:23 +0200: Memory Usage (463588K) : via1_drw has 1536 polygons
2026-08-03 14:11:23 +0200: Memory Usage (463716K) : backmetal1_drw has 0 polygons
2026-08-03 14:11:23 +0200: Memory Usage (463844K) : backmetal1_pin has 0 polygons
2026-08-03 14:11:23 +0200: Memory Usage (463844K) : backmetal1_mask has 0 polygons
2026-08-03 14:11:23 +0200: Memory Usage (463972K) : backmetal1_filler has 0 polygons
2026-08-03 14:11:23 +0200: Memory Usage (463972K) : backmetal1_nofill has 0 polygons
2026-08-03 14:11:23 +0200: Memory Usage (464100K) : backmetal1_slit has 0 polygons
2026-08-03 14:11:23 +0200: Memory Usage (464100K) : backmetal1_text has 0 polygons
2026-08-03 14:11:23 +0200: Memory Usage (464228K) : backmetal1_OPC has 0 polygons
2026-08-03 14:11:23 +0200: Memory Usage (464356K) : backmetal1_noqrc has 0 polygons
2026-08-03 14:11:23 +0200: Memory Usage (464356K) : backmetal1_res has 0 polygons
2026-08-03 14:11:23 +0200: Memory Usage (464484K) : backmetal1_iprobe has 0 polygons
2026-08-03 14:11:23 +0200: Memory Usage (464484K) : backmetal1_diffprb has 0 polygons
2026-08-03 14:11:23 +0200: Memory Usage (464612K) : backpassiv_drw has 0 polygons
2026-08-03 14:11:23 +0200: Memory Usage (464612K) : res_drw has 0 polygons
2026-08-03 14:11:23 +0200: Memory Usage (464740K) : sram_drw has 0 polygons
2026-08-03 14:11:23 +0200: Memory Usage (464740K) : trans_drw has 0 polygons
2026-08-03 14:11:23 +0200: Memory Usage (464868K) : ind_drw has 0 polygons
2026-08-03 14:11:23 +0200: Memory Usage (464868K) : ind_pin has 0 polygons
2026-08-03 14:11:23 +0200: Memory Usage (464996K) : ind_text has 0 polygons
2026-08-03 14:11:23 +0200: Memory Usage (464996K) : salblock_drw has 0 polygons
2026-08-03 14:11:23 +0200: Memory Usage (465124K) : via2_drw has 1228 polygons
2026-08-03 14:11:23 +0200: Memory Usage (465124K) : metal3_drw has 14 polygons
2026-08-03 14:11:23 +0200: Memory Usage (465252K) : metal3_filler has 0 polygons
2026-08-03 14:11:23 +0200: Memory Usage (465252K) : metal3_slit has 0 polygons
2026-08-03 14:11:23 +0200: Memory Usage (465508K) : metal3 has 14 polygons
2026-08-03 14:11:23 +0200: Memory Usage (465636K) : metal3_pin has 10 polygons
2026-08-03 14:11:23 +0200: Memory Usage (465636K) : metal3_mask has 0 polygons
2026-08-03 14:11:23 +0200: Memory Usage (465764K) : metal3_nofill has 0 polygons
2026-08-03 14:11:23 +0200: Memory Usage (465764K) : metal3_text has 10 polygons
2026-08-03 14:11:23 +0200: Memory Usage (465892K) : metal3_OPC has 0 polygons
2026-08-03 14:11:23 +0200: Memory Usage (465892K) : metal3_noqrc has 0 polygons
2026-08-03 14:11:23 +0200: Memory Usage (465892K) : metal3_res has 0 polygons
2026-08-03 14:11:23 +0200: Memory Usage (465892K) : metal3_iprobe has 0 polygons
2026-08-03 14:11:23 +0200: Memory Usage (465892K) : metal3_diffprb has 0 polygons
2026-08-03 14:11:23 +0200: Memory Usage (465892K) : nwell_drw has 25 polygons
2026-08-03 14:11:23 +0200: Memory Usage (465892K) : nwell_pin has 0 polygons
2026-08-03 14:11:23 +0200: Memory Usage (465892K) : nwell_text has 0 polygons
2026-08-03 14:11:23 +0200: Memory Usage (465892K) : nbulay_drw has 0 polygons
2026-08-03 14:11:23 +0200: Memory Usage (465892K) : nbulay_pin has 0 polygons
2026-08-03 14:11:23 +0200: Memory Usage (465892K) : nbulay_block has 0 polygons
2026-08-03 14:11:23 +0200: Memory Usage (465892K) : emwind_drw has 0 polygons
2026-08-03 14:11:23 +0200: Memory Usage (465892K) : emwind_OPC has 0 polygons
2026-08-03 14:11:23 +0200: Memory Usage (465892K) : deepco_drw has 0 polygons
2026-08-03 14:11:23 +0200: Memory Usage (465892K) : mim_drw has 0 polygons
2026-08-03 14:11:23 +0200: Memory Usage (465892K) : edgeseal_drw has 0 polygons
2026-08-03 14:11:23 +0200: Memory Usage (465892K) : substrate_drw has 23 polygons
2026-08-03 14:11:23 +0200: Memory Usage (465892K) : substrate_text has 0 polygons
2026-08-03 14:11:23 +0200: Memory Usage (465892K) : dfpad_drw has 0 polygons
2026-08-03 14:11:23 +0200: Memory Usage (465892K) : dfpad_pillar has 0 polygons
2026-08-03 14:11:23 +0200: Memory Usage (465892K) : dfpad_sbump has 0 polygons
2026-08-03 14:11:23 +0200: Memory Usage (465892K) : thickgateox_drw has 4 polygons
2026-08-03 14:11:23 +0200: Memory Usage (465892K) : pldb_drw has 0 polygons
2026-08-03 14:11:23 +0200: Memory Usage (465892K) : pwell_drw has 0 polygons
2026-08-03 14:11:23 +0200: Memory Usage (465892K) : pwell_pin has 0 polygons
2026-08-03 14:11:23 +0200: Memory Usage (465892K) : pwell_block has 0 polygons
2026-08-03 14:11:23 +0200: Memory Usage (465892K) : ic_drw has 0 polygons
2026-08-03 14:11:23 +0200: Memory Usage (465892K) : via3_drw has 2087 polygons
2026-08-03 14:11:23 +0200: Memory Usage (465892K) : metal4_drw has 8 polygons
2026-08-03 14:11:23 +0200: Memory Usage (465892K) : metal4_filler has 0 polygons
2026-08-03 14:11:23 +0200: Memory Usage (465892K) : metal4_slit has 0 polygons
2026-08-03 14:11:23 +0200: Memory Usage (465892K) : metal4 has 8 polygons
2026-08-03 14:11:23 +0200: Memory Usage (465892K) : metal4_pin has 8 polygons
2026-08-03 14:11:23 +0200: Memory Usage (465892K) : metal4_mask has 0 polygons
2026-08-03 14:11:23 +0200: Memory Usage (465892K) : metal4_nofill has 0 polygons
2026-08-03 14:11:23 +0200: Memory Usage (465892K) : metal4_text has 8 polygons
2026-08-03 14:11:23 +0200: Memory Usage (465892K) : metal4_OPC has 0 polygons
2026-08-03 14:11:23 +0200: Memory Usage (465892K) : metal4_noqrc has 0 polygons
2026-08-03 14:11:23 +0200: Memory Usage (465892K) : metal4_res has 0 polygons
2026-08-03 14:11:23 +0200: Memory Usage (465892K) : metal4_iprobe has 0 polygons
2026-08-03 14:11:23 +0200: Memory Usage (465892K) : metal4_diffprb has 0 polygons
2026-08-03 14:11:23 +0200: Memory Usage (465892K) : heattrans_drw has 0 polygons
2026-08-03 14:11:23 +0200: Memory Usage (465892K) : heatres_drw has 0 polygons
2026-08-03 14:11:23 +0200: Memory Usage (465892K) : fbe_drw has 0 polygons
2026-08-03 14:11:23 +0200: Memory Usage (465892K) : empoly_drw has 0 polygons
2026-08-03 14:11:23 +0200: Memory Usage (465892K) : digisub_drw has 0 polygons
2026-08-03 14:11:23 +0200: Memory Usage (465892K) : text_drw has 17 polygons
2026-08-03 14:11:23 +0200: Memory Usage (465892K) : via4_drw has 2371 polygons
2026-08-03 14:11:23 +0200: Memory Usage (465892K) : metal5_drw has 8 polygons
2026-08-03 14:11:23 +0200: Memory Usage (465892K) : metal5_filler has 0 polygons
2026-08-03 14:11:23 +0200: Memory Usage (465892K) : metal5_slit has 0 polygons
2026-08-03 14:11:23 +0200: Memory Usage (465892K) : metal5 has 8 polygons
2026-08-03 14:11:23 +0200: Memory Usage (465892K) : metal5_pin has 8 polygons
2026-08-03 14:11:23 +0200: Memory Usage (465892K) : metal5_mask has 0 polygons
2026-08-03 14:11:23 +0200: Memory Usage (465892K) : metal5_nofill has 0 polygons
2026-08-03 14:11:23 +0200: Memory Usage (465892K) : metal5_text has 8 polygons
2026-08-03 14:11:23 +0200: Memory Usage (465892K) : metal5_OPC has 0 polygons
2026-08-03 14:11:23 +0200: Memory Usage (465892K) : metal5_noqrc has 0 polygons
2026-08-03 14:11:23 +0200: Memory Usage (465892K) : metal5_res has 0 polygons
2026-08-03 14:11:23 +0200: Memory Usage (465892K) : metal5_iprobe has 0 polygons
2026-08-03 14:11:23 +0200: Memory Usage (465892K) : metal5_diffprb has 0 polygons
2026-08-03 14:11:23 +0200: Memory Usage (465892K) : radhard_drw has 0 polygons
2026-08-03 14:11:23 +0200: Memory Usage (465892K) : memcap_drw has 0 polygons
2026-08-03 14:11:23 +0200: Memory Usage (465892K) : varicap_drw has 0 polygons
2026-08-03 14:11:23 +0200: Memory Usage (465892K) : intbondvia_drw has 0 polygons
2026-08-03 14:11:23 +0200: Memory Usage (465892K) : intbondmet_drw has 0 polygons
2026-08-03 14:11:23 +0200: Memory Usage (465892K) : devbondvia_drw has 0 polygons
2026-08-03 14:11:23 +0200: Memory Usage (465892K) : devbondmet_drw has 0 polygons
2026-08-03 14:11:23 +0200: Memory Usage (465892K) : devtrench_drw has 0 polygons
2026-08-03 14:11:23 +0200: Memory Usage (465892K) : redist_drw has 0 polygons
2026-08-03 14:11:23 +0200: Memory Usage (465892K) : graphbot_drw has 0 polygons
2026-08-03 14:11:23 +0200: Memory Usage (465892K) : graphtop_drw has 0 polygons
2026-08-03 14:11:23 +0200: Memory Usage (465892K) : antvia1_drw has 0 polygons
2026-08-03 14:11:23 +0200: Memory Usage (465892K) : antmetal2_drw has 0 polygons
2026-08-03 14:11:23 +0200: Memory Usage (465892K) : graphcont_drw has 0 polygons
2026-08-03 14:11:23 +0200: Memory Usage (465892K) : siwg_drw has 0 polygons
2026-08-03 14:11:23 +0200: Memory Usage (465892K) : siwg_filler has 0 polygons
2026-08-03 14:11:23 +0200: Memory Usage (465892K) : siwg_nofill has 0 polygons
2026-08-03 14:11:23 +0200: Memory Usage (465892K) : sigrating_drw has 0 polygons
2026-08-03 14:11:23 +0200: Memory Usage (465892K) : singrating_drw has 0 polygons
2026-08-03 14:11:23 +0200: Memory Usage (465892K) : graphpas_drw has 0 polygons
2026-08-03 14:11:23 +0200: Memory Usage (465892K) : emwind3_drw has 0 polygons
2026-08-03 14:11:24 +0200: Memory Usage (465892K) : emwihv3_drw has 0 polygons
2026-08-03 14:11:24 +0200: Memory Usage (465892K) : redbulay_drw has 0 polygons
2026-08-03 14:11:24 +0200: Memory Usage (465892K) : smos_drw has 0 polygons
2026-08-03 14:11:24 +0200: Memory Usage (465892K) : graphpad_drw has 0 polygons
2026-08-03 14:11:24 +0200: Memory Usage (465892K) : polimide_drw has 0 polygons
2026-08-03 14:11:24 +0200: Memory Usage (465892K) : polimide_pin has 0 polygons
2026-08-03 14:11:24 +0200: Memory Usage (465892K) : recog_drw has 0 polygons
2026-08-03 14:11:24 +0200: Memory Usage (465892K) : recog_pin has 0 polygons
2026-08-03 14:11:24 +0200: Memory Usage (466020K) : recog_esd has 0 polygons
2026-08-03 14:11:24 +0200: Memory Usage (466020K) : recog_diode has 6 polygons
2026-08-03 14:11:24 +0200: Memory Usage (466148K) : recog_tsv has 0 polygons
2026-08-03 14:11:24 +0200: Memory Usage (466148K) : recog_iprobe has 0 polygons
2026-08-03 14:11:24 +0200: Memory Usage (466276K) : recog_diffprb has 0 polygons
2026-08-03 14:11:24 +0200: Memory Usage (466276K) : recog_pillar has 0 polygons
2026-08-03 14:11:24 +0200: Memory Usage (466404K) : recog_sbump has 0 polygons
2026-08-03 14:11:24 +0200: Memory Usage (466404K) : recog_otp has 0 polygons
2026-08-03 14:11:24 +0200: Memory Usage (466532K) : recog_pdiode has 0 polygons
2026-08-03 14:11:24 +0200: Memory Usage (466532K) : recog_mom has 0 polygons
2026-08-03 14:11:24 +0200: Memory Usage (466660K) : recog_pcm has 0 polygons
2026-08-03 14:11:24 +0200: Memory Usage (466660K) : colopen_drw has 0 polygons
2026-08-03 14:11:24 +0200: Memory Usage (466788K) : graphmetal1_drw has 0 polygons
2026-08-03 14:11:24 +0200: Memory Usage (466788K) : graphmetal1_filler has 0 polygons
2026-08-03 14:11:24 +0200: Memory Usage (466788K) : graphmetal1_nofill has 0 polygons
2026-08-03 14:11:24 +0200: Memory Usage (466916K) : graphmetal1_slit has 0 polygons
2026-08-03 14:11:24 +0200: Memory Usage (466916K) : graphmetal1_OPC has 0 polygons
2026-08-03 14:11:24 +0200: Memory Usage (467044K) : graphmet1l_drw has 0 polygons
2026-08-03 14:11:24 +0200: Memory Usage (467044K) : graphmet1l_filler has 0 polygons
2026-08-03 14:11:24 +0200: Memory Usage (467172K) : graphmet1l_nofill has 0 polygons
2026-08-03 14:11:24 +0200: Memory Usage (467172K) : graphmet1l_slit has 0 polygons
2026-08-03 14:11:24 +0200: Memory Usage (467300K) : graphmet1l_OPC has 0 polygons
2026-08-03 14:11:24 +0200: Memory Usage (467300K) : extblock_drw has 0 polygons
2026-08-03 14:11:24 +0200: Memory Usage (467428K) : nldd_drw has 0 polygons
2026-08-03 14:11:24 +0200: Memory Usage (467428K) : pldd_drw has 0 polygons
2026-08-03 14:11:24 +0200: Memory Usage (467556K) : next_drw has 0 polygons
2026-08-03 14:11:24 +0200: Memory Usage (467556K) : pext_drw has 0 polygons
2026-08-03 14:11:24 +0200: Memory Usage (467684K) : nexthv_drw has 0 polygons
2026-08-03 14:11:24 +0200: Memory Usage (467684K) : pexthv_drw has 0 polygons
2026-08-03 14:11:24 +0200: Memory Usage (467812K) : graphgate_drw has 0 polygons
2026-08-03 14:11:24 +0200: Memory Usage (467812K) : sinwg_drw has 0 polygons
2026-08-03 14:11:24 +0200: Memory Usage (467940K) : sinwg_filler has 0 polygons
2026-08-03 14:11:24 +0200: Memory Usage (467940K) : sinwg_nofill has 0 polygons
2026-08-03 14:11:24 +0200: Memory Usage (468068K) : mempad_drw has 0 polygons
2026-08-03 14:11:24 +0200: Memory Usage (468068K) : topvia1_drw has 2315 polygons
2026-08-03 14:11:24 +0200: Memory Usage (468196K) : topmetal1_drw has 8 polygons
2026-08-03 14:11:24 +0200: Memory Usage (468196K) : topmetal1_filler has 0 polygons
2026-08-03 14:11:24 +0200: Memory Usage (468324K) : topmetal1_slit has 0 polygons
2026-08-03 14:11:24 +0200: Memory Usage (468452K) : topmetal1 has 8 polygons
2026-08-03 14:11:24 +0200: Memory Usage (468452K) : topmetal1_pin has 8 polygons
2026-08-03 14:11:24 +0200: Memory Usage (468580K) : topmetal1_mask has 0 polygons
2026-08-03 14:11:24 +0200: Memory Usage (468580K) : topmetal1_nofill has 0 polygons
2026-08-03 14:11:24 +0200: Memory Usage (468708K) : topmetal1_text has 8 polygons
2026-08-03 14:11:24 +0200: Memory Usage (468708K) : topmetal1_noqrc has 0 polygons
2026-08-03 14:11:24 +0200: Memory Usage (468836K) : topmetal1_res has 0 polygons
2026-08-03 14:11:24 +0200: Memory Usage (468836K) : topmetal1_iprobe has 0 polygons
2026-08-03 14:11:24 +0200: Memory Usage (468964K) : topmetal1_diffprb has 0 polygons
2026-08-03 14:11:24 +0200: Memory Usage (468964K) : inldpwl_drw has 0 polygons
2026-08-03 14:11:24 +0200: Memory Usage (469092K) : polyres_drw has 0 polygons
2026-08-03 14:11:24 +0200: Memory Usage (469092K) : polyres_pin has 0 polygons
2026-08-03 14:11:24 +0200: Memory Usage (469092K) : vmim_drw has 0 polygons
2026-08-03 14:11:24 +0200: Memory Usage (469220K) : nbulaycut_drw has 0 polygons
2026-08-03 14:11:24 +0200: Memory Usage (469220K) : antmetal1_drw has 0 polygons
2026-08-03 14:11:24 +0200: Memory Usage (469348K) : topvia2_drw has 1593 polygons
2026-08-03 14:11:24 +0200: Memory Usage (469476K) : topmetal2_drw has 6 polygons
2026-08-03 14:11:24 +0200: Memory Usage (469476K) : topmetal2_filler has 0 polygons
2026-08-03 14:11:24 +0200: Memory Usage (469604K) : topmetal2_slit has 0 polygons
2026-08-03 14:11:24 +0200: Memory Usage (469604K) : topmetal2 has 6 polygons
2026-08-03 14:11:24 +0200: Memory Usage (469732K) : topmetal2_pin has 6 polygons
2026-08-03 14:11:24 +0200: Memory Usage (469732K) : topmetal2_mask has 0 polygons
2026-08-03 14:11:24 +0200: Memory Usage (469860K) : topmetal2_nofill has 0 polygons
2026-08-03 14:11:24 +0200: Memory Usage (469860K) : topmetal2_text has 6 polygons
2026-08-03 14:11:24 +0200: Memory Usage (469988K) : topmetal2_noqrc has 0 polygons
2026-08-03 14:11:24 +0200: Memory Usage (469988K) : topmetal2_res has 0 polygons
2026-08-03 14:11:24 +0200: Memory Usage (470116K) : topmetal2_iprobe has 0 polygons
2026-08-03 14:11:24 +0200: Memory Usage (470116K) : topmetal2_diffprb has 0 polygons
2026-08-03 14:11:24 +0200: Memory Usage (470244K) : snsring_drw has 0 polygons
2026-08-03 14:11:24 +0200: Memory Usage (470244K) : sensor_drw has 0 polygons
2026-08-03 14:11:24 +0200: Memory Usage (470372K) : snsarms_drw has 0 polygons
2026-08-03 14:11:24 +0200: Memory Usage (470372K) : snscmosvia_drw has 0 polygons
2026-08-03 14:11:24 +0200: Memory Usage (470500K) : colwind_drw has 0 polygons
2026-08-03 14:11:24 +0200: Memory Usage (470500K) : flm_drw has 0 polygons
2026-08-03 14:11:24 +0200: Memory Usage (470628K) : hafniumox_drw has 0 polygons
2026-08-03 14:11:24 +0200: Memory Usage (470628K) : memvia_drw has 0 polygons
2026-08-03 14:11:24 +0200: Memory Usage (470756K) : thinfilmres_drw has 0 polygons
2026-08-03 14:11:24 +0200: Memory Usage (470756K) : rfmem_drw has 0 polygons
2026-08-03 14:11:24 +0200: Memory Usage (470884K) : norcx_drw has 0 polygons
2026-08-03 14:11:24 +0200: Memory Usage (470884K) : norcx_m2m3 has 0 polygons
2026-08-03 14:11:24 +0200: Memory Usage (471012K) : norcx_m2m4 has 0 polygons
2026-08-03 14:11:24 +0200: Memory Usage (471012K) : norcx_m2m5 has 0 polygons
2026-08-03 14:11:24 +0200: Memory Usage (471012K) : norcx_m2tm1 has 0 polygons
2026-08-03 14:11:24 +0200: Memory Usage (471140K) : norcx_m2tm2 has 0 polygons
2026-08-03 14:11:24 +0200: Memory Usage (471140K) : norcx_m3m4 has 0 polygons
2026-08-03 14:11:24 +0200: Memory Usage (471268K) : norcx_m3m5 has 0 polygons
2026-08-03 14:11:24 +0200: Memory Usage (471268K) : norcx_m3tm1 has 0 polygons
2026-08-03 14:11:24 +0200: Memory Usage (471396K) : norcx_m3tm2 has 0 polygons
2026-08-03 14:11:24 +0200: Memory Usage (471396K) : norcx_m4m5 has 0 polygons
2026-08-03 14:11:24 +0200: Memory Usage (471524K) : norcx_m4tm1 has 0 polygons
2026-08-03 14:11:24 +0200: Memory Usage (471524K) : norcx_m4tm2 has 0 polygons
2026-08-03 14:11:24 +0200: Memory Usage (471652K) : norcx_m5tm1 has 0 polygons
2026-08-03 14:11:24 +0200: Memory Usage (471652K) : norcx_m5tm2 has 0 polygons
2026-08-03 14:11:24 +0200: Memory Usage (471780K) : norcx_tm1tm2 has 0 polygons
2026-08-03 14:11:24 +0200: Memory Usage (471780K) : norcx_m1sub has 0 polygons
2026-08-03 14:11:24 +0200: Memory Usage (471908K) : norcx_m2sub has 0 polygons
2026-08-03 14:11:24 +0200: Memory Usage (471908K) : norcx_m3sub has 0 polygons
2026-08-03 14:11:24 +0200: Memory Usage (472036K) : norcx_m4sub has 0 polygons
2026-08-03 14:11:24 +0200: Memory Usage (472036K) : norcx_m5sub has 0 polygons
2026-08-03 14:11:24 +0200: Memory Usage (472164K) : norcx_tm1sub has 0 polygons
2026-08-03 14:11:24 +0200: Memory Usage (472164K) : norcx_tm2sub has 0 polygons
2026-08-03 14:11:24 +0200: Memory Usage (472292K) : snsbotvia_drw has 0 polygons
2026-08-03 14:11:24 +0200: Memory Usage (472292K) : snstopvia_drw has 0 polygons
2026-08-03 14:11:24 +0200: Memory Usage (472420K) : deepvia_drw has 0 polygons
2026-08-03 14:11:24 +0200: Memory Usage (472420K) : fgetch_drw has 0 polygons
2026-08-03 14:11:24 +0200: Memory Usage (472420K) : ctrgat_drw has 0 polygons
2026-08-03 14:11:24 +0200: Memory Usage (472548K) : fgimp_drw has 0 polygons
2026-08-03 14:11:24 +0200: Memory Usage (472548K) : emwihv_drw has 0 polygons
2026-08-03 14:11:24 +0200: Memory Usage (472676K) : lbe_drw has 0 polygons
2026-08-03 14:11:24 +0200: Memory Usage (472676K) : alcustop_drw has 0 polygons
2026-08-03 14:11:24 +0200: Memory Usage (472804K) : nometfiller_drw has 0 polygons
2026-08-03 14:11:24 +0200: Memory Usage (472804K) : prboundary_drw has 0 polygons
2026-08-03 14:11:24 +0200: Memory Usage (472932K) : exchange0_drw has 0 polygons
2026-08-03 14:11:24 +0200: Memory Usage (472932K) : exchange0_pin has 0 polygons
2026-08-03 14:11:24 +0200: Memory Usage (473060K) : exchange0_text has 0 polygons
2026-08-03 14:11:24 +0200: Memory Usage (473060K) : exchange1_drw has 0 polygons
2026-08-03 14:11:24 +0200: Memory Usage (473188K) : exchange1_pin has 0 polygons
2026-08-03 14:11:24 +0200: Memory Usage (473188K) : exchange1_text has 0 polygons
2026-08-03 14:11:24 +0200: Memory Usage (473316K) : exchange2_drw has 0 polygons
2026-08-03 14:11:24 +0200: Memory Usage (473316K) : exchange2_pin has 0 polygons
2026-08-03 14:11:24 +0200: Memory Usage (473316K) : exchange2_text has 0 polygons
2026-08-03 14:11:24 +0200: Memory Usage (473444K) : exchange3_drw has 0 polygons
2026-08-03 14:11:24 +0200: Memory Usage (473444K) : exchange3_pin has 0 polygons
2026-08-03 14:11:24 +0200: Memory Usage (473572K) : exchange3_text has 0 polygons
2026-08-03 14:11:24 +0200: Memory Usage (473572K) : exchange4_drw has 0 polygons
2026-08-03 14:11:24 +0200: Memory Usage (473700K) : exchange4_pin has 0 polygons
2026-08-03 14:11:24 +0200: Memory Usage (473700K) : exchange4_text has 0 polygons
2026-08-03 14:11:24 +0200: Memory Usage (473828K) : isonwell_drw has 0 polygons
2026-08-03 14:11:24 +0200: Memory Usage (473828K) : Total no. of polygons in the design is 57611
2026-08-03 14:11:24 +0200: Memory Usage (473828K) : Starting base layers derivations
2026-08-03 14:11:24 +0200: Memory Usage (473828K) : Starting general LVS derivations
2026-08-03 14:11:24 +0200: Memory Usage (479588K) : Starting MOSFET DERIVATIONS
2026-08-03 14:11:24 +0200: Memory Usage (502628K) : Starting NMOS DERIVATIONS
2026-08-03 14:11:24 +0200: Memory Usage (502628K) : Starting PMOS DERIVATIONS
2026-08-03 14:11:24 +0200: Memory Usage (502628K) : Starting RF-MOSFET DERIVATIONS
2026-08-03 14:11:24 +0200: Memory Usage (502628K) : Starting RF-NMOS DERIVATIONS
2026-08-03 14:11:24 +0200: Memory Usage (502628K) : Starting RF-PMOS DERIVATIONS
2026-08-03 14:11:24 +0200: Memory Usage (502628K) : Starting BJT DERIVATIONS
2026-08-03 14:11:24 +0200: Memory Usage (502628K) : Starting NPN-BJT DERIVATIONS
2026-08-03 14:11:25 +0200: Memory Usage (502628K) : Starting PNP-BJT DERIVATIONS
2026-08-03 14:11:25 +0200: Memory Usage (502628K) : Starting DIODE DERIVATIONS
2026-08-03 14:11:25 +0200: Memory Usage (502884K) : Starting RESISTOR DERIVATIONS
2026-08-03 14:11:25 +0200: Memory Usage (502884K) : Starting CAP DERIVATIONS
2026-08-03 14:11:25 +0200: Memory Usage (502884K) : Starting ESD DERIVATIONS
2026-08-03 14:11:25 +0200: Memory Usage (505828K) : Starting Inductor DERIVATIONS
2026-08-03 14:11:26 +0200: Memory Usage (509412K) : Starting Taps DERIVATIONS
2026-08-03 14:11:26 +0200: Memory Usage (510308K) : Starting SG13G2 LVS connectivity setup
2026-08-03 14:11:26 +0200: Memory Usage (510308K) : Starting SG13G2 LVS connectivity setup (Inter-layer)
2026-08-03 14:11:26 +0200: Memory Usage (510436K) : Starting SG13G2 LVS connectivity setup (Global)
2026-08-03 14:11:26 +0200: Memory Usage (510436K) : Starting LVS MOSFET CONNECTIONS
2026-08-03 14:11:26 +0200: Memory Usage (510436K) : Starting LVS RF-MOSFET CONNECTIONS
2026-08-03 14:11:26 +0200: Memory Usage (510436K) : Starting LVS BJT CONNECTIONS
2026-08-03 14:11:26 +0200: Memory Usage (510436K) : Starting LVS DIODE CONNECTIONS
2026-08-03 14:11:26 +0200: Memory Usage (510436K) : Starting RESISTOR CONNECTIONS
2026-08-03 14:11:26 +0200: Memory Usage (510436K) : Starting LVS CAP CONNECTIONS
2026-08-03 14:11:26 +0200: Memory Usage (510436K) : Starting ESD CONNECTIONS
2026-08-03 14:11:26 +0200: Memory Usage (510436K) : Starting Inductor CONNECTIONS
2026-08-03 14:11:26 +0200: Memory Usage (510436K) : Starting LVS Taps CONNECTIONS
2026-08-03 14:11:26 +0200: Memory Usage (510436K) : Starting SG13G2 LVS DEVICES EXTRACTION
2026-08-03 14:11:26 +0200: Memory Usage (510436K) : Starting MOSFET EXTRACTION
2026-08-03 14:11:26 +0200: Memory Usage (510436K) : Starting NMOS EXTRACTION
2026-08-03 14:11:26 +0200: Memory Usage (510436K) : Extraction of NMOS-LV transistor
2026-08-03 14:11:26 +0200: Memory Usage (510820K) : Extraction of NMOS-HV transistor
2026-08-03 14:11:26 +0200: Memory Usage (510820K) : Starting PMOS EXTRACTION
2026-08-03 14:11:26 +0200: Memory Usage (510820K) : Extraction of PMOS-LV transistor
2026-08-03 14:11:26 +0200: Memory Usage (510820K) : Extraction of PMOS-HV transistor
2026-08-03 14:11:26 +0200: Memory Usage (510820K) : Starting RF-MOSFET EXTRACTION
2026-08-03 14:11:26 +0200: Memory Usage (510820K) : Extraction of RF-NMOS-LV transistor
2026-08-03 14:11:26 +0200: Memory Usage (510820K) : Extraction of RF-NMOS-HV transistor
2026-08-03 14:11:26 +0200: Memory Usage (510820K) : Extraction of RF-PMOS-LV transistor
2026-08-03 14:11:26 +0200: Memory Usage (510820K) : Extraction of RF-PMOS-HV transistor
2026-08-03 14:11:26 +0200: Memory Usage (510820K) : Starting BJT EXTRACTION
2026-08-03 14:11:26 +0200: Memory Usage (510820K) : Starting NPN-BJT EXTRACTION
2026-08-03 14:11:26 +0200: Memory Usage (510820K) : Extraction of npn13G2 BJT transistor
2026-08-03 14:11:26 +0200: Memory Usage (510820K) : Extraction of npn13G2L BJT transistor
2026-08-03 14:11:26 +0200: Memory Usage (510820K) : Extraction of npn13G2V BJT transistor
2026-08-03 14:11:26 +0200: Memory Usage (510820K) : Starting PNP-BJT EXTRACTION
2026-08-03 14:11:26 +0200: Memory Usage (510820K) : Extracting pnpMPA BJT
2026-08-03 14:11:26 +0200: Memory Usage (510820K) : Starting DIODE EXTRACTION
2026-08-03 14:11:26 +0200: Memory Usage (510820K) : Extracting dantenna diode
2026-08-03 14:11:26 +0200: Memory Usage (510820K) : Extracting dpantenna diode
2026-08-03 14:11:26 +0200: Memory Usage (510820K) : Extracting schottky_nbl1 diode
2026-08-03 14:11:26 +0200: Memory Usage (510820K) : Extracting isolbox diode
2026-08-03 14:11:26 +0200: Memory Usage (510820K) : Starting RESISTOR EXTRACTION
2026-08-03 14:11:26 +0200: Memory Usage (510820K) : Extracting rsil resistor
2026-08-03 14:11:26 +0200: Memory Usage (510820K) : Extracting rppd resistor
2026-08-03 14:11:26 +0200: Memory Usage (510820K) : Extracting rhigh resistor
2026-08-03 14:11:26 +0200: Memory Usage (510820K) : Extracting res_metal1 resistor
2026-08-03 14:11:26 +0200: Memory Usage (510820K) : Extracting res_metal2 resistor
2026-08-03 14:11:26 +0200: Memory Usage (510820K) : Extracting res_metal3 resistor
2026-08-03 14:11:26 +0200: Memory Usage (510820K) : Extracting res_metal4 resistor
2026-08-03 14:11:26 +0200: Memory Usage (510820K) : Extracting res_metal5 resistor
2026-08-03 14:11:26 +0200: Memory Usage (510820K) : Extracting res_topmetal1 resistor
2026-08-03 14:11:26 +0200: Memory Usage (510820K) : Extracting res_topmetal2 resistor
2026-08-03 14:11:26 +0200: Memory Usage (510820K) : Starting CAP EXTRACTION
2026-08-03 14:11:26 +0200: Memory Usage (510820K) : Extracting cap_cmim device
2026-08-03 14:11:26 +0200: Memory Usage (510820K) : Extracting rfcmim device
2026-08-03 14:11:26 +0200: Memory Usage (510820K) : Extracting sg13_hv_svaricap varactor
2026-08-03 14:11:26 +0200: Memory Usage (510820K) : Starting ESD EXTRACTION
2026-08-03 14:11:26 +0200: Memory Usage (510820K) : Extracting diodevdd_2kv ESD device
2026-08-03 14:11:26 +0200: Memory Usage (510820K) : Extracting diodevdd_4kv ESD device
2026-08-03 14:11:26 +0200: Memory Usage (510820K) : Extracting diodevss_2kv ESD device
2026-08-03 14:11:26 +0200: Memory Usage (510820K) : Extracting diodevss_4kv ESD device
2026-08-03 14:11:26 +0200: Memory Usage (510820K) : Extracting idiodevdd_2kv ESD device
2026-08-03 14:11:26 +0200: Memory Usage (510820K) : Extracting idiodevdd_4kv ESD device
2026-08-03 14:11:26 +0200: Memory Usage (510820K) : Extracting idiodevss_2kv ESD device
2026-08-03 14:11:26 +0200: Memory Usage (510820K) : Extracting idiodevss_4kv ESD device
2026-08-03 14:11:26 +0200: Memory Usage (510820K) : Extracting nmoscl_2 ESD device
2026-08-03 14:11:26 +0200: Memory Usage (510820K) : Extracting nmoscl_4 ESD device
2026-08-03 14:11:26 +0200: Memory Usage (510820K) : Starting Inductor EXTRACTION
2026-08-03 14:11:26 +0200: Memory Usage (510820K) : Extracting Inductor2 device
2026-08-03 14:11:26 +0200: Memory Usage (510820K) : Extracting Inductor3 device
2026-08-03 14:11:26 +0200: Memory Usage (510820K) : Starting Taps EXTRACTION
2026-08-03 14:11:26 +0200: Memory Usage (510820K) : Extracting ntap1 device
2026-08-03 14:11:26 +0200: Memory Usage (510820K) : Extracting ptap1 device
2026-08-03 14:11:26 +0200: Memory Usage (510948K) : Starting SG13G2 LVS RF MOS Model Mapping
2026-08-03 14:11:27 +0200: Memory Usage (511844K) : [layout_netlist] Apply RF MOS model mapping and rfmode parameter.
2026-08-03 14:11:27 +0200: Memory Usage (511844K) : Starting SG13G2 LVS Options Preparations
2026-08-03 14:11:27 +0200: Memory Usage (511844K) : SG13G2 LVS flow: extraction -> alignment -> option preparation -> comparison.
2026-08-03 14:11:27 +0200: Memory Usage (511844K) : Starting SG13G2 LVS Alignment
2026-08-03 14:11:27 +0200: Memory Usage (511844K) : Starting SG13G2 LVS Simplification
2026-08-03 14:11:27 +0200: Memory Usage (511844K) : [layout_netlist] simplify: ENABLED
2026-08-03 14:11:27 +0200: Memory Usage (511844K) : [layout_netlist] make_top_level_pins: SKIPPED
2026-08-03 14:11:27 +0200: Memory Usage (511844K) : [layout_netlist] combine_devices: SKIPPED
2026-08-03 14:11:27 +0200: Memory Usage (511844K) : [layout_netlist] purge: SKIPPED
2026-08-03 14:11:27 +0200: Memory Usage (511844K) : [layout_netlist] purge_nets: SKIPPED
2026-08-03 14:11:27 +0200: Memory Usage (511844K) : [schematic_netlist] simplify: ENABLED
2026-08-03 14:11:27 +0200: Memory Usage (511844K) : [schematic_netlist] make_top_level_pins: SKIPPED
2026-08-03 14:11:27 +0200: Memory Usage (511844K) : [schematic_netlist] combine_devices: SKIPPED
2026-08-03 14:11:27 +0200: Memory Usage (511844K) : [schematic_netlist] purge: SKIPPED
2026-08-03 14:11:27 +0200: Memory Usage (511844K) : [schematic_netlist] purge_nets: SKIPPED
2026-08-03 14:11:27 +0200: Memory Usage (511844K) : Starting SG13G2 LVS Comparison in strict port mode.
2026-08-03 14:11:27 +0200: Memory Usage (511844K) : flag_missing_ports enabled: missing/mislabeled top-level ports are treated as errors.
2026-08-03 14:11:27 +0200: Memory Usage (511972K) : xxxxxxxxxxxxxxxxxxxxxxxxxxxxxxxxxxxxxxxxxx
2026-08-03 14:11:27 +0200: Memory Usage (511972K) : ERROR : Netlists don't match
2026-08-03 14:11:27 +0200: Memory Usage (511972K) : xxxxxxxxxxxxxxxxxxxxxxxxxxxxxxxxxxxxxxxxxx
2026-08-03 14:11:27 +0200: Memory Usage (511972K) : LVS Total Run time 3.691348 seconds
