# Logfile created on 2026-08-11 13:54:55 +0200 by logger.rb/v1.5.3
2026-08-11 13:54:55 +0200: Memory Usage (455888K) : Starting running SG13G2 Klayout LVS runset on /foss/designs/ihp-open-pdk-regression/IOPADS/layout/sg13g2_IOPadIOVdd.gds
2026-08-11 13:54:55 +0200: Memory Usage (455888K) : Ruby Version for klayout: 3.2.3
2026-08-11 13:54:55 +0200: Memory Usage (456912K) : Loading database to memory is complete.
2026-08-11 13:54:55 +0200: Memory Usage (456912K) : SG13G2 Klayout LVS runset output at: /foss/designs/ihp-open-pdk-regression/IOPADS/lvs_sweep/20260811_135408/sg13g2_IOPadIOVdd/sg13g2_IOPadIOVdd.lvsdb
2026-08-11 13:54:55 +0200: Memory Usage (456912K) : Evaluate switches.
2026-08-11 13:54:55 +0200: Memory Usage (456912K) : Extracted netlist with net names: true
2026-08-11 13:54:55 +0200: Memory Usage (456912K) : Extracted netlist with comments in details: false
2026-08-11 13:54:55 +0200: Memory Usage (456912K) : Selected NET_ONLY option: false
2026-08-11 13:54:55 +0200: Memory Usage (456912K) : Selected LAYOUT_NETLIST option: (none)
2026-08-11 13:54:55 +0200: Memory Usage (456912K) : Selected IGNORE_TOP_PORTS_MISMATCH option: true
2026-08-11 13:54:55 +0200: Memory Usage (456912K) : Selected IMPLICIT_NETS option: iovss,iovdd,vss,vdd,pad,cathode,anode
2026-08-11 13:54:55 +0200: Memory Usage (456912K) : Selected TOP_LVL_PINS option: false
2026-08-11 13:54:55 +0200: Memory Usage (456912K) : Selected COMBINE DEVICES option: true
2026-08-11 13:54:55 +0200: Memory Usage (456912K) : Selected PURGE option: false
2026-08-11 13:54:55 +0200: Memory Usage (456912K) : Selected PURGE_NETS option: false
2026-08-11 13:54:55 +0200: Memory Usage (456912K) : Selected SIMPLIFY option: true
2026-08-11 13:54:55 +0200: Memory Usage (456912K) : Selected SERIES_RES option: true
2026-08-11 13:54:55 +0200: Memory Usage (456912K) : Selected PARALLEL_RES option: true
2026-08-11 13:54:55 +0200: Memory Usage (456912K) : Selected DISABLE_TAP_EXTRACTION option: false
2026-08-11 13:54:55 +0200: Memory Usage (456912K) : deep  mode is enabled.
2026-08-11 13:54:55 +0200: Memory Usage (456912K) : Applying implicit connections (case-sensitive, pattern supported) for nets: iovss, iovdd, vss, vdd, pad, cathode, anode
2026-08-11 13:54:55 +0200: Memory Usage (458448K) : Netlist file: /foss/designs/ihp-open-pdk-regression/IOPADS/netlist/pads_sub/sg13g2_IOPadIOVdd.spi
2026-08-11 13:54:55 +0200: Memory Usage (458448K) : LVS extracted netlist at: /foss/designs/ihp-open-pdk-regression/IOPADS/lvs_sweep/20260811_135408/sg13g2_IOPadIOVdd/sg13g2_IOPadIOVdd_extracted.cir
2026-08-11 13:54:55 +0200: Memory Usage (458448K) : Applying SRAM integration support.
2026-08-11 13:54:55 +0200: Memory Usage (458448K) : Starting SG13G2 LVS runset
2026-08-11 13:54:55 +0200: Memory Usage (458448K) : Read in polygons from layers.
2026-08-11 13:54:55 +0200: Memory Usage (459728K) : activ_drw has 39 polygons
2026-08-11 13:54:55 +0200: Memory Usage (459728K) : activ_filler has 0 polygons
2026-08-11 13:54:55 +0200: Memory Usage (459856K) : activ has 39 polygons
2026-08-11 13:54:55 +0200: Memory Usage (459856K) : activ_pin has 0 polygons
2026-08-11 13:54:55 +0200: Memory Usage (459856K) : activ_mask has 0 polygons
2026-08-11 13:54:55 +0200: Memory Usage (459856K) : activ_nofill has 0 polygons
2026-08-11 13:54:55 +0200: Memory Usage (459856K) : activ_OPC has 0 polygons
2026-08-11 13:54:55 +0200: Memory Usage (459856K) : activ_iOPC has 0 polygons
2026-08-11 13:54:55 +0200: Memory Usage (459984K) : activ_noqrc has 0 polygons
2026-08-11 13:54:55 +0200: Memory Usage (459984K) : biwind_drw has 0 polygons
2026-08-11 13:54:55 +0200: Memory Usage (459984K) : biwind_OPC has 0 polygons
2026-08-11 13:54:55 +0200: Memory Usage (460112K) : gatpoly_drw has 132 polygons
2026-08-11 13:54:55 +0200: Memory Usage (460112K) : gatpoly_filler has 0 polygons
2026-08-11 13:54:55 +0200: Memory Usage (460240K) : gatpoly has 132 polygons
2026-08-11 13:54:55 +0200: Memory Usage (460240K) : gatpoly_pin has 0 polygons
2026-08-11 13:54:55 +0200: Memory Usage (460624K) : gatpoly_nofill has 0 polygons
2026-08-11 13:54:55 +0200: Memory Usage (460624K) : gatpoly_OPC has 0 polygons
2026-08-11 13:54:55 +0200: Memory Usage (460752K) : gatpoly_iOPC has 0 polygons
2026-08-11 13:54:55 +0200: Memory Usage (460752K) : gatpoly_noqrc has 0 polygons
2026-08-11 13:54:55 +0200: Memory Usage (460880K) : cont_drw has 23191 polygons
2026-08-11 13:54:55 +0200: Memory Usage (461264K) : cont_OPC has 0 polygons
2026-08-11 13:54:55 +0200: Memory Usage (461264K) : nsd_drw has 0 polygons
2026-08-11 13:54:55 +0200: Memory Usage (461392K) : nsd_block has 0 polygons
2026-08-11 13:54:55 +0200: Memory Usage (461392K) : metal1_drw has 432 polygons
2026-08-11 13:54:55 +0200: Memory Usage (461520K) : metal1_filler has 0 polygons
2026-08-11 13:54:55 +0200: Memory Usage (461520K) : metal1_slit has 0 polygons
2026-08-11 13:54:55 +0200: Memory Usage (461648K) : metal1 has 432 polygons
2026-08-11 13:54:55 +0200: Memory Usage (461776K) : metal1_pin has 5 polygons
2026-08-11 13:54:55 +0200: Memory Usage (461776K) : metal1_mask has 0 polygons
2026-08-11 13:54:55 +0200: Memory Usage (461904K) : metal1_nofill has 0 polygons
2026-08-11 13:54:55 +0200: Memory Usage (462160K) : metal1_text has 5 polygons
2026-08-11 13:54:55 +0200: Memory Usage (462288K) : metal1_OPC has 0 polygons
2026-08-11 13:54:55 +0200: Memory Usage (462288K) : metal1_noqrc has 0 polygons
2026-08-11 13:54:55 +0200: Memory Usage (462416K) : metal1_res has 0 polygons
2026-08-11 13:54:55 +0200: Memory Usage (462416K) : metal1_iprobe has 0 polygons
2026-08-11 13:54:55 +0200: Memory Usage (462544K) : metal1_diffprb has 0 polygons
2026-08-11 13:54:55 +0200: Memory Usage (462544K) : passiv_drw has 0 polygons
2026-08-11 13:54:55 +0200: Memory Usage (462672K) : passiv_pin has 0 polygons
2026-08-11 13:54:55 +0200: Memory Usage (462800K) : passiv_sbump has 0 polygons
2026-08-11 13:54:55 +0200: Memory Usage (462800K) : passiv_pillar has 0 polygons
2026-08-11 13:54:55 +0200: Memory Usage (462928K) : passiv_pdl has 0 polygons
2026-08-11 13:54:55 +0200: Memory Usage (462928K) : metal2_drw has 87 polygons
2026-08-11 13:54:55 +0200: Memory Usage (463056K) : metal2_filler has 0 polygons
2026-08-11 13:54:55 +0200: Memory Usage (463056K) : metal2_slit has 0 polygons
2026-08-11 13:54:55 +0200: Memory Usage (463184K) : metal2 has 87 polygons
2026-08-11 13:54:55 +0200: Memory Usage (463312K) : metal2_pin has 26 polygons
2026-08-11 13:54:55 +0200: Memory Usage (463312K) : metal2_mask has 0 polygons
2026-08-11 13:54:55 +0200: Memory Usage (463440K) : metal2_nofill has 0 polygons
2026-08-11 13:54:55 +0200: Memory Usage (463440K) : metal2_text has 26 polygons
2026-08-11 13:54:55 +0200: Memory Usage (463568K) : metal2_OPC has 0 polygons
2026-08-11 13:54:55 +0200: Memory Usage (463568K) : metal2_noqrc has 0 polygons
2026-08-11 13:54:55 +0200: Memory Usage (463696K) : metal2_res has 0 polygons
2026-08-11 13:54:55 +0200: Memory Usage (463696K) : metal2_iprobe has 0 polygons
2026-08-11 13:54:55 +0200: Memory Usage (463824K) : metal2_diffprb has 0 polygons
2026-08-11 13:54:55 +0200: Memory Usage (463952K) : baspoly_drw has 0 polygons
2026-08-11 13:54:55 +0200: Memory Usage (463952K) : baspoly_pin has 0 polygons
2026-08-11 13:54:55 +0200: Memory Usage (464080K) : psd_drw has 15 polygons
2026-08-11 13:54:55 +0200: Memory Usage (464080K) : nldb_drw has 0 polygons
2026-08-11 13:54:55 +0200: Memory Usage (464208K) : digibnd_drw has 0 polygons
2026-08-11 13:54:55 +0200: Memory Usage (464208K) : via1_drw has 4168 polygons
2026-08-11 13:54:55 +0200: Memory Usage (464464K) : backmetal1_drw has 0 polygons
2026-08-11 13:54:55 +0200: Memory Usage (464464K) : backmetal1_pin has 0 polygons
2026-08-11 13:54:55 +0200: Memory Usage (464592K) : backmetal1_mask has 0 polygons
2026-08-11 13:54:55 +0200: Memory Usage (464592K) : backmetal1_filler has 0 polygons
2026-08-11 13:54:55 +0200: Memory Usage (464720K) : backmetal1_nofill has 0 polygons
2026-08-11 13:54:55 +0200: Memory Usage (464720K) : backmetal1_slit has 0 polygons
2026-08-11 13:54:55 +0200: Memory Usage (464848K) : backmetal1_text has 0 polygons
2026-08-11 13:54:55 +0200: Memory Usage (464848K) : backmetal1_OPC has 0 polygons
2026-08-11 13:54:55 +0200: Memory Usage (464976K) : backmetal1_noqrc has 0 polygons
2026-08-11 13:54:55 +0200: Memory Usage (464976K) : backmetal1_res has 0 polygons
2026-08-11 13:54:55 +0200: Memory Usage (465104K) : backmetal1_iprobe has 0 polygons
2026-08-11 13:54:55 +0200: Memory Usage (465104K) : backmetal1_diffprb has 0 polygons
2026-08-11 13:54:55 +0200: Memory Usage (465232K) : backpassiv_drw has 0 polygons
2026-08-11 13:54:55 +0200: Memory Usage (465232K) : res_drw has 0 polygons
2026-08-11 13:54:55 +0200: Memory Usage (465360K) : sram_drw has 0 polygons
2026-08-11 13:54:55 +0200: Memory Usage (465488K) : trans_drw has 0 polygons
2026-08-11 13:54:55 +0200: Memory Usage (465488K) : ind_drw has 0 polygons
2026-08-11 13:54:55 +0200: Memory Usage (465616K) : ind_pin has 0 polygons
2026-08-11 13:54:55 +0200: Memory Usage (465616K) : ind_text has 0 polygons
2026-08-11 13:54:55 +0200: Memory Usage (465744K) : salblock_drw has 1 polygons
2026-08-11 13:54:55 +0200: Memory Usage (465744K) : via2_drw has 2498 polygons
2026-08-11 13:54:55 +0200: Memory Usage (465872K) : metal3_drw has 30 polygons
2026-08-11 13:54:55 +0200: Memory Usage (466000K) : metal3_filler has 0 polygons
2026-08-11 13:54:55 +0200: Memory Usage (466000K) : metal3_slit has 0 polygons
2026-08-11 13:54:55 +0200: Memory Usage (466128K) : metal3 has 30 polygons
2026-08-11 13:54:55 +0200: Memory Usage (466256K) : metal3_pin has 8 polygons
2026-08-11 13:54:55 +0200: Memory Usage (466256K) : metal3_mask has 0 polygons
2026-08-11 13:54:55 +0200: Memory Usage (466384K) : metal3_nofill has 0 polygons
2026-08-11 13:54:55 +0200: Memory Usage (466384K) : metal3_text has 8 polygons
2026-08-11 13:54:55 +0200: Memory Usage (466512K) : metal3_OPC has 0 polygons
2026-08-11 13:54:55 +0200: Memory Usage (466512K) : metal3_noqrc has 0 polygons
2026-08-11 13:54:55 +0200: Memory Usage (466640K) : metal3_res has 0 polygons
2026-08-11 13:54:55 +0200: Memory Usage (466640K) : metal3_iprobe has 0 polygons
2026-08-11 13:54:55 +0200: Memory Usage (466768K) : metal3_diffprb has 0 polygons
2026-08-11 13:54:55 +0200: Memory Usage (466768K) : nwell_drw has 65 polygons
2026-08-11 13:54:55 +0200: Memory Usage (466896K) : nwell_pin has 0 polygons
2026-08-11 13:54:55 +0200: Memory Usage (467024K) : nwell_text has 0 polygons
2026-08-11 13:54:55 +0200: Memory Usage (467024K) : nbulay_drw has 0 polygons
2026-08-11 13:54:55 +0200: Memory Usage (467152K) : nbulay_pin has 0 polygons
2026-08-11 13:54:55 +0200: Memory Usage (467152K) : nbulay_block has 0 polygons
2026-08-11 13:54:55 +0200: Memory Usage (467280K) : emwind_drw has 0 polygons
2026-08-11 13:54:55 +0200: Memory Usage (467280K) : emwind_OPC has 0 polygons
2026-08-11 13:54:55 +0200: Memory Usage (467408K) : deepco_drw has 0 polygons
2026-08-11 13:54:55 +0200: Memory Usage (467408K) : mim_drw has 0 polygons
2026-08-11 13:54:55 +0200: Memory Usage (467536K) : edgeseal_drw has 0 polygons
2026-08-11 13:54:55 +0200: Memory Usage (467536K) : substrate_drw has 14 polygons
2026-08-11 13:54:55 +0200: Memory Usage (467536K) : substrate_text has 0 polygons
2026-08-11 13:54:55 +0200: Memory Usage (467664K) : dfpad_drw has 0 polygons
2026-08-11 13:54:55 +0200: Memory Usage (467664K) : dfpad_pillar has 0 polygons
2026-08-11 13:54:55 +0200: Memory Usage (467792K) : dfpad_sbump has 0 polygons
2026-08-11 13:54:55 +0200: Memory Usage (467792K) : thickgateox_drw has 3 polygons
2026-08-11 13:54:55 +0200: Memory Usage (467920K) : pldb_drw has 0 polygons
2026-08-11 13:54:55 +0200: Memory Usage (467920K) : pwell_drw has 0 polygons
2026-08-11 13:54:55 +0200: Memory Usage (468048K) : pwell_pin has 0 polygons
2026-08-11 13:54:55 +0200: Memory Usage (468048K) : pwell_block has 0 polygons
2026-08-11 13:54:55 +0200: Memory Usage (468176K) : ic_drw has 0 polygons
2026-08-11 13:54:55 +0200: Memory Usage (468176K) : via3_drw has 2087 polygons
2026-08-11 13:54:55 +0200: Memory Usage (468304K) : metal4_drw has 8 polygons
2026-08-11 13:54:55 +0200: Memory Usage (468432K) : metal4_filler has 0 polygons
2026-08-11 13:54:55 +0200: Memory Usage (468432K) : metal4_slit has 0 polygons
2026-08-11 13:54:55 +0200: Memory Usage (468560K) : metal4 has 8 polygons
2026-08-11 13:54:55 +0200: Memory Usage (468688K) : metal4_pin has 8 polygons
2026-08-11 13:54:55 +0200: Memory Usage (468688K) : metal4_mask has 0 polygons
2026-08-11 13:54:55 +0200: Memory Usage (468816K) : metal4_nofill has 0 polygons
2026-08-11 13:54:55 +0200: Memory Usage (468816K) : metal4_text has 8 polygons
2026-08-11 13:54:55 +0200: Memory Usage (468944K) : metal4_OPC has 0 polygons
2026-08-11 13:54:55 +0200: Memory Usage (468944K) : metal4_noqrc has 0 polygons
2026-08-11 13:54:55 +0200: Memory Usage (469072K) : metal4_res has 0 polygons
2026-08-11 13:54:55 +0200: Memory Usage (469072K) : metal4_iprobe has 0 polygons
2026-08-11 13:54:55 +0200: Memory Usage (469200K) : metal4_diffprb has 0 polygons
2026-08-11 13:54:55 +0200: Memory Usage (469328K) : heattrans_drw has 0 polygons
2026-08-11 13:54:55 +0200: Memory Usage (469328K) : heatres_drw has 0 polygons
2026-08-11 13:54:55 +0200: Memory Usage (469456K) : fbe_drw has 0 polygons
2026-08-11 13:54:55 +0200: Memory Usage (469456K) : empoly_drw has 0 polygons
2026-08-11 13:54:55 +0200: Memory Usage (469584K) : digisub_drw has 0 polygons
2026-08-11 13:54:55 +0200: Memory Usage (469584K) : text_drw has 30 polygons
2026-08-11 13:54:55 +0200: Memory Usage (469712K) : via4_drw has 2371 polygons
2026-08-11 13:54:56 +0200: Memory Usage (469840K) : metal5_drw has 8 polygons
2026-08-11 13:54:56 +0200: Memory Usage (469840K) : metal5_filler has 0 polygons
2026-08-11 13:54:56 +0200: Memory Usage (469968K) : metal5_slit has 0 polygons
2026-08-11 13:54:56 +0200: Memory Usage (470096K) : metal5 has 8 polygons
2026-08-11 13:54:56 +0200: Memory Usage (470096K) : metal5_pin has 8 polygons
2026-08-11 13:54:56 +0200: Memory Usage (470224K) : metal5_mask has 0 polygons
2026-08-11 13:54:56 +0200: Memory Usage (470224K) : metal5_nofill has 0 polygons
2026-08-11 13:54:56 +0200: Memory Usage (470352K) : metal5_text has 8 polygons
2026-08-11 13:54:56 +0200: Memory Usage (470352K) : metal5_OPC has 0 polygons
2026-08-11 13:54:56 +0200: Memory Usage (470480K) : metal5_noqrc has 0 polygons
2026-08-11 13:54:56 +0200: Memory Usage (470480K) : metal5_res has 0 polygons
2026-08-11 13:54:56 +0200: Memory Usage (470608K) : metal5_iprobe has 0 polygons
2026-08-11 13:54:56 +0200: Memory Usage (470736K) : metal5_diffprb has 0 polygons
2026-08-11 13:54:56 +0200: Memory Usage (470736K) : radhard_drw has 0 polygons
2026-08-11 13:54:56 +0200: Memory Usage (470864K) : memcap_drw has 0 polygons
2026-08-11 13:54:56 +0200: Memory Usage (470864K) : varicap_drw has 0 polygons
2026-08-11 13:54:56 +0200: Memory Usage (470864K) : intbondvia_drw has 0 polygons
2026-08-11 13:54:56 +0200: Memory Usage (470864K) : intbondmet_drw has 0 polygons
2026-08-11 13:54:56 +0200: Memory Usage (470864K) : devbondvia_drw has 0 polygons
2026-08-11 13:54:56 +0200: Memory Usage (470864K) : devbondmet_drw has 0 polygons
2026-08-11 13:54:56 +0200: Memory Usage (470864K) : devtrench_drw has 0 polygons
2026-08-11 13:54:56 +0200: Memory Usage (470864K) : redist_drw has 0 polygons
2026-08-11 13:54:56 +0200: Memory Usage (470864K) : graphbot_drw has 0 polygons
2026-08-11 13:54:56 +0200: Memory Usage (470864K) : graphtop_drw has 0 polygons
2026-08-11 13:54:56 +0200: Memory Usage (470864K) : antvia1_drw has 0 polygons
2026-08-11 13:54:56 +0200: Memory Usage (470864K) : antmetal2_drw has 0 polygons
2026-08-11 13:54:56 +0200: Memory Usage (470864K) : graphcont_drw has 0 polygons
2026-08-11 13:54:56 +0200: Memory Usage (470864K) : siwg_drw has 0 polygons
2026-08-11 13:54:56 +0200: Memory Usage (470864K) : siwg_filler has 0 polygons
2026-08-11 13:54:56 +0200: Memory Usage (470864K) : siwg_nofill has 0 polygons
2026-08-11 13:54:56 +0200: Memory Usage (470864K) : sigrating_drw has 0 polygons
2026-08-11 13:54:56 +0200: Memory Usage (470864K) : singrating_drw has 0 polygons
2026-08-11 13:54:56 +0200: Memory Usage (470864K) : graphpas_drw has 0 polygons
2026-08-11 13:54:56 +0200: Memory Usage (470864K) : emwind3_drw has 0 polygons
2026-08-11 13:54:56 +0200: Memory Usage (470864K) : emwihv3_drw has 0 polygons
2026-08-11 13:54:56 +0200: Memory Usage (470864K) : redbulay_drw has 0 polygons
2026-08-11 13:54:56 +0200: Memory Usage (470864K) : smos_drw has 0 polygons
2026-08-11 13:54:56 +0200: Memory Usage (470864K) : graphpad_drw has 0 polygons
2026-08-11 13:54:56 +0200: Memory Usage (470864K) : polimide_drw has 0 polygons
2026-08-11 13:54:56 +0200: Memory Usage (470864K) : polimide_pin has 0 polygons
2026-08-11 13:54:56 +0200: Memory Usage (470864K) : recog_drw has 0 polygons
2026-08-11 13:54:56 +0200: Memory Usage (470864K) : recog_pin has 0 polygons
2026-08-11 13:54:56 +0200: Memory Usage (470864K) : recog_esd has 0 polygons
2026-08-11 13:54:56 +0200: Memory Usage (470864K) : recog_diode has 1 polygons
2026-08-11 13:54:56 +0200: Memory Usage (470864K) : recog_tsv has 0 polygons
2026-08-11 13:54:56 +0200: Memory Usage (470864K) : recog_iprobe has 0 polygons
2026-08-11 13:54:56 +0200: Memory Usage (470864K) : recog_diffprb has 0 polygons
2026-08-11 13:54:56 +0200: Memory Usage (470864K) : recog_pillar has 0 polygons
2026-08-11 13:54:56 +0200: Memory Usage (470864K) : recog_sbump has 0 polygons
2026-08-11 13:54:56 +0200: Memory Usage (470864K) : recog_otp has 0 polygons
2026-08-11 13:54:56 +0200: Memory Usage (470864K) : recog_pdiode has 0 polygons
2026-08-11 13:54:56 +0200: Memory Usage (470864K) : recog_mom has 0 polygons
2026-08-11 13:54:56 +0200: Memory Usage (470864K) : recog_pcm has 0 polygons
2026-08-11 13:54:56 +0200: Memory Usage (470864K) : colopen_drw has 0 polygons
2026-08-11 13:54:56 +0200: Memory Usage (470864K) : graphmetal1_drw has 0 polygons
2026-08-11 13:54:56 +0200: Memory Usage (470864K) : graphmetal1_filler has 0 polygons
2026-08-11 13:54:56 +0200: Memory Usage (470864K) : graphmetal1_nofill has 0 polygons
2026-08-11 13:54:56 +0200: Memory Usage (470864K) : graphmetal1_slit has 0 polygons
2026-08-11 13:54:56 +0200: Memory Usage (470864K) : graphmetal1_OPC has 0 polygons
2026-08-11 13:54:56 +0200: Memory Usage (470864K) : graphmet1l_drw has 0 polygons
2026-08-11 13:54:56 +0200: Memory Usage (470864K) : graphmet1l_filler has 0 polygons
2026-08-11 13:54:56 +0200: Memory Usage (470864K) : graphmet1l_nofill has 0 polygons
2026-08-11 13:54:56 +0200: Memory Usage (470864K) : graphmet1l_slit has 0 polygons
2026-08-11 13:54:56 +0200: Memory Usage (470864K) : graphmet1l_OPC has 0 polygons
2026-08-11 13:54:56 +0200: Memory Usage (470864K) : extblock_drw has 1 polygons
2026-08-11 13:54:56 +0200: Memory Usage (470864K) : nldd_drw has 0 polygons
2026-08-11 13:54:56 +0200: Memory Usage (470864K) : pldd_drw has 0 polygons
2026-08-11 13:54:56 +0200: Memory Usage (470864K) : next_drw has 0 polygons
2026-08-11 13:54:56 +0200: Memory Usage (470864K) : pext_drw has 0 polygons
2026-08-11 13:54:56 +0200: Memory Usage (470864K) : nexthv_drw has 0 polygons
2026-08-11 13:54:56 +0200: Memory Usage (470864K) : pexthv_drw has 0 polygons
2026-08-11 13:54:56 +0200: Memory Usage (470864K) : graphgate_drw has 0 polygons
2026-08-11 13:54:56 +0200: Memory Usage (470864K) : sinwg_drw has 0 polygons
2026-08-11 13:54:56 +0200: Memory Usage (470864K) : sinwg_filler has 0 polygons
2026-08-11 13:54:56 +0200: Memory Usage (470864K) : sinwg_nofill has 0 polygons
2026-08-11 13:54:56 +0200: Memory Usage (470864K) : mempad_drw has 0 polygons
2026-08-11 13:54:56 +0200: Memory Usage (470864K) : topvia1_drw has 2315 polygons
2026-08-11 13:54:56 +0200: Memory Usage (470864K) : topmetal1_drw has 8 polygons
2026-08-11 13:54:56 +0200: Memory Usage (470864K) : topmetal1_filler has 0 polygons
2026-08-11 13:54:56 +0200: Memory Usage (470864K) : topmetal1_slit has 0 polygons
2026-08-11 13:54:56 +0200: Memory Usage (470864K) : topmetal1 has 8 polygons
2026-08-11 13:54:56 +0200: Memory Usage (470864K) : topmetal1_pin has 8 polygons
2026-08-11 13:54:56 +0200: Memory Usage (470864K) : topmetal1_mask has 0 polygons
2026-08-11 13:54:56 +0200: Memory Usage (470864K) : topmetal1_nofill has 0 polygons
2026-08-11 13:54:56 +0200: Memory Usage (470864K) : topmetal1_text has 8 polygons
2026-08-11 13:54:56 +0200: Memory Usage (470864K) : topmetal1_noqrc has 0 polygons
2026-08-11 13:54:56 +0200: Memory Usage (470864K) : topmetal1_res has 0 polygons
2026-08-11 13:54:56 +0200: Memory Usage (470864K) : topmetal1_iprobe has 0 polygons
2026-08-11 13:54:56 +0200: Memory Usage (470864K) : topmetal1_diffprb has 0 polygons
2026-08-11 13:54:56 +0200: Memory Usage (470864K) : inldpwl_drw has 0 polygons
2026-08-11 13:54:56 +0200: Memory Usage (470864K) : polyres_drw has 26 polygons
2026-08-11 13:54:56 +0200: Memory Usage (470864K) : polyres_pin has 0 polygons
2026-08-11 13:54:56 +0200: Memory Usage (470864K) : vmim_drw has 0 polygons
2026-08-11 13:54:56 +0200: Memory Usage (470864K) : nbulaycut_drw has 0 polygons
2026-08-11 13:54:56 +0200: Memory Usage (470864K) : antmetal1_drw has 0 polygons
2026-08-11 13:54:56 +0200: Memory Usage (470864K) : topvia2_drw has 921 polygons
2026-08-11 13:54:56 +0200: Memory Usage (470864K) : topmetal2_drw has 10 polygons
2026-08-11 13:54:56 +0200: Memory Usage (470864K) : topmetal2_filler has 0 polygons
2026-08-11 13:54:56 +0200: Memory Usage (470864K) : topmetal2_slit has 0 polygons
2026-08-11 13:54:56 +0200: Memory Usage (470864K) : topmetal2 has 10 polygons
2026-08-11 13:54:56 +0200: Memory Usage (470864K) : topmetal2_pin has 8 polygons
2026-08-11 13:54:56 +0200: Memory Usage (470864K) : topmetal2_mask has 0 polygons
2026-08-11 13:54:56 +0200: Memory Usage (470864K) : topmetal2_nofill has 0 polygons
2026-08-11 13:54:56 +0200: Memory Usage (470864K) : topmetal2_text has 8 polygons
2026-08-11 13:54:56 +0200: Memory Usage (470864K) : topmetal2_noqrc has 0 polygons
2026-08-11 13:54:56 +0200: Memory Usage (470864K) : topmetal2_res has 0 polygons
2026-08-11 13:54:56 +0200: Memory Usage (470864K) : topmetal2_iprobe has 0 polygons
2026-08-11 13:54:56 +0200: Memory Usage (470864K) : topmetal2_diffprb has 0 polygons
2026-08-11 13:54:56 +0200: Memory Usage (470864K) : snsring_drw has 0 polygons
2026-08-11 13:54:56 +0200: Memory Usage (470864K) : sensor_drw has 0 polygons
2026-08-11 13:54:56 +0200: Memory Usage (470864K) : snsarms_drw has 0 polygons
2026-08-11 13:54:56 +0200: Memory Usage (470864K) : snscmosvia_drw has 0 polygons
2026-08-11 13:54:56 +0200: Memory Usage (470864K) : colwind_drw has 0 polygons
2026-08-11 13:54:56 +0200: Memory Usage (470864K) : flm_drw has 0 polygons
2026-08-11 13:54:56 +0200: Memory Usage (470864K) : hafniumox_drw has 0 polygons
2026-08-11 13:54:56 +0200: Memory Usage (470864K) : memvia_drw has 0 polygons
2026-08-11 13:54:56 +0200: Memory Usage (470864K) : thinfilmres_drw has 0 polygons
2026-08-11 13:54:56 +0200: Memory Usage (470864K) : rfmem_drw has 0 polygons
2026-08-11 13:54:56 +0200: Memory Usage (470864K) : norcx_drw has 0 polygons
2026-08-11 13:54:56 +0200: Memory Usage (470864K) : norcx_m2m3 has 0 polygons
2026-08-11 13:54:56 +0200: Memory Usage (470864K) : norcx_m2m4 has 0 polygons
2026-08-11 13:54:56 +0200: Memory Usage (470864K) : norcx_m2m5 has 0 polygons
2026-08-11 13:54:56 +0200: Memory Usage (470864K) : norcx_m2tm1 has 0 polygons
2026-08-11 13:54:56 +0200: Memory Usage (470864K) : norcx_m2tm2 has 0 polygons
2026-08-11 13:54:56 +0200: Memory Usage (470864K) : norcx_m3m4 has 0 polygons
2026-08-11 13:54:56 +0200: Memory Usage (470864K) : norcx_m3m5 has 0 polygons
2026-08-11 13:54:56 +0200: Memory Usage (470864K) : norcx_m3tm1 has 0 polygons
2026-08-11 13:54:56 +0200: Memory Usage (470864K) : norcx_m3tm2 has 0 polygons
2026-08-11 13:54:56 +0200: Memory Usage (470864K) : norcx_m4m5 has 0 polygons
2026-08-11 13:54:56 +0200: Memory Usage (470864K) : norcx_m4tm1 has 0 polygons
2026-08-11 13:54:56 +0200: Memory Usage (470864K) : norcx_m4tm2 has 0 polygons
2026-08-11 13:54:56 +0200: Memory Usage (470864K) : norcx_m5tm1 has 0 polygons
2026-08-11 13:54:56 +0200: Memory Usage (470864K) : norcx_m5tm2 has 0 polygons
2026-08-11 13:54:56 +0200: Memory Usage (470864K) : norcx_tm1tm2 has 0 polygons
2026-08-11 13:54:56 +0200: Memory Usage (470864K) : norcx_m1sub has 0 polygons
2026-08-11 13:54:56 +0200: Memory Usage (470864K) : norcx_m2sub has 0 polygons
2026-08-11 13:54:56 +0200: Memory Usage (470864K) : norcx_m3sub has 0 polygons
2026-08-11 13:54:56 +0200: Memory Usage (470864K) : norcx_m4sub has 0 polygons
2026-08-11 13:54:56 +0200: Memory Usage (470864K) : norcx_m5sub has 0 polygons
2026-08-11 13:54:56 +0200: Memory Usage (470864K) : norcx_tm1sub has 0 polygons
2026-08-11 13:54:56 +0200: Memory Usage (470864K) : norcx_tm2sub has 0 polygons
2026-08-11 13:54:56 +0200: Memory Usage (470864K) : snsbotvia_drw has 0 polygons
2026-08-11 13:54:56 +0200: Memory Usage (470864K) : snstopvia_drw has 0 polygons
2026-08-11 13:54:56 +0200: Memory Usage (470864K) : deepvia_drw has 0 polygons
2026-08-11 13:54:56 +0200: Memory Usage (470864K) : fgetch_drw has 0 polygons
2026-08-11 13:54:56 +0200: Memory Usage (470864K) : ctrgat_drw has 0 polygons
2026-08-11 13:54:56 +0200: Memory Usage (470864K) : fgimp_drw has 0 polygons
2026-08-11 13:54:56 +0200: Memory Usage (470864K) : emwihv_drw has 0 polygons
2026-08-11 13:54:56 +0200: Memory Usage (470864K) : lbe_drw has 0 polygons
2026-08-11 13:54:56 +0200: Memory Usage (470864K) : alcustop_drw has 0 polygons
2026-08-11 13:54:56 +0200: Memory Usage (470864K) : nometfiller_drw has 0 polygons
2026-08-11 13:54:56 +0200: Memory Usage (470864K) : prboundary_drw has 0 polygons
2026-08-11 13:54:56 +0200: Memory Usage (470864K) : exchange0_drw has 0 polygons
2026-08-11 13:54:56 +0200: Memory Usage (470864K) : exchange0_pin has 0 polygons
2026-08-11 13:54:56 +0200: Memory Usage (470864K) : exchange0_text has 0 polygons
2026-08-11 13:54:56 +0200: Memory Usage (470864K) : exchange1_drw has 0 polygons
2026-08-11 13:54:56 +0200: Memory Usage (470864K) : exchange1_pin has 0 polygons
2026-08-11 13:54:56 +0200: Memory Usage (470864K) : exchange1_text has 0 polygons
2026-08-11 13:54:56 +0200: Memory Usage (470864K) : exchange2_drw has 0 polygons
2026-08-11 13:54:56 +0200: Memory Usage (470864K) : exchange2_pin has 0 polygons
2026-08-11 13:54:56 +0200: Memory Usage (470864K) : exchange2_text has 0 polygons
2026-08-11 13:54:56 +0200: Memory Usage (470864K) : exchange3_drw has 0 polygons
2026-08-11 13:54:56 +0200: Memory Usage (470864K) : exchange3_pin has 0 polygons
2026-08-11 13:54:56 +0200: Memory Usage (470864K) : exchange3_text has 0 polygons
2026-08-11 13:54:56 +0200: Memory Usage (470864K) : exchange4_drw has 0 polygons
2026-08-11 13:54:56 +0200: Memory Usage (470864K) : exchange4_pin has 0 polygons
2026-08-11 13:54:56 +0200: Memory Usage (470864K) : exchange4_text has 0 polygons
2026-08-11 13:54:56 +0200: Memory Usage (470864K) : isonwell_drw has 0 polygons
2026-08-11 13:54:56 +0200: Memory Usage (470864K) : Total no. of polygons in the design is 38603
2026-08-11 13:54:56 +0200: Memory Usage (470864K) : Starting base layers derivations
2026-08-11 13:54:56 +0200: Memory Usage (470864K) : Starting general LVS derivations
2026-08-11 13:54:56 +0200: Memory Usage (478672K) : Starting MOSFET DERIVATIONS
2026-08-11 13:54:56 +0200: Memory Usage (488400K) : Starting NMOS DERIVATIONS
2026-08-11 13:54:56 +0200: Memory Usage (488400K) : Starting PMOS DERIVATIONS
2026-08-11 13:54:56 +0200: Memory Usage (488400K) : Starting RF-MOSFET DERIVATIONS
2026-08-11 13:54:56 +0200: Memory Usage (488400K) : Starting RF-NMOS DERIVATIONS
2026-08-11 13:54:56 +0200: Memory Usage (488400K) : Starting RF-PMOS DERIVATIONS
2026-08-11 13:54:56 +0200: Memory Usage (488400K) : Starting BJT DERIVATIONS
2026-08-11 13:54:56 +0200: Memory Usage (488400K) : Starting NPN-BJT DERIVATIONS
2026-08-11 13:54:56 +0200: Memory Usage (488400K) : Starting PNP-BJT DERIVATIONS
2026-08-11 13:54:56 +0200: Memory Usage (488400K) : Starting DIODE DERIVATIONS
2026-08-11 13:54:57 +0200: Memory Usage (488400K) : Starting RESISTOR DERIVATIONS
2026-08-11 13:54:57 +0200: Memory Usage (488528K) : Starting CAP DERIVATIONS
2026-08-11 13:54:57 +0200: Memory Usage (488528K) : Starting CAP_CMOM DERIVATIONS
2026-08-11 13:54:57 +0200: Memory Usage (488528K) : Starting ESD DERIVATIONS
2026-08-11 13:54:57 +0200: Memory Usage (488528K) : Starting Inductor DERIVATIONS
2026-08-11 13:54:58 +0200: Memory Usage (488528K) : Starting Taps DERIVATIONS
2026-08-11 13:54:58 +0200: Memory Usage (488528K) : Starting SG13G2 LVS connectivity setup
2026-08-11 13:54:58 +0200: Memory Usage (488528K) : Starting SG13G2 LVS connectivity setup (Inter-layer)
2026-08-11 13:54:58 +0200: Memory Usage (488528K) : Starting SG13G2 LVS connectivity setup (Global)
2026-08-11 13:54:58 +0200: Memory Usage (488528K) : Starting LVS MOSFET CONNECTIONS
2026-08-11 13:54:58 +0200: Memory Usage (488528K) : Starting LVS RF-MOSFET CONNECTIONS
2026-08-11 13:54:58 +0200: Memory Usage (488528K) : Starting LVS BJT CONNECTIONS
2026-08-11 13:54:58 +0200: Memory Usage (488528K) : Starting LVS DIODE CONNECTIONS
2026-08-11 13:54:58 +0200: Memory Usage (488528K) : Starting RESISTOR CONNECTIONS
2026-08-11 13:54:58 +0200: Memory Usage (488528K) : Starting LVS CAP CONNECTIONS
2026-08-11 13:54:58 +0200: Memory Usage (488528K) : Starting CAP_CMOM CONNECTIONS
2026-08-11 13:54:58 +0200: Memory Usage (488528K) : Starting ESD CONNECTIONS
2026-08-11 13:54:58 +0200: Memory Usage (488528K) : Starting Inductor CONNECTIONS
2026-08-11 13:54:58 +0200: Memory Usage (488528K) : Starting LVS Taps CONNECTIONS
2026-08-11 13:54:58 +0200: Memory Usage (488528K) : Starting SG13G2 LVS DEVICES EXTRACTION
2026-08-11 13:54:58 +0200: Memory Usage (488528K) : Starting MOSFET EXTRACTION
2026-08-11 13:54:58 +0200: Memory Usage (488528K) : Starting NMOS EXTRACTION
2026-08-11 13:54:58 +0200: Memory Usage (488528K) : Extraction of NMOS-LV transistor
2026-08-11 13:54:58 +0200: Memory Usage (488656K) : Extraction of NMOS-HV transistor
2026-08-11 13:54:58 +0200: Memory Usage (488656K) : Starting PMOS EXTRACTION
2026-08-11 13:54:58 +0200: Memory Usage (488656K) : Extraction of PMOS-LV transistor
2026-08-11 13:54:58 +0200: Memory Usage (488656K) : Extraction of PMOS-HV transistor
2026-08-11 13:54:58 +0200: Memory Usage (488656K) : Starting RF-MOSFET EXTRACTION
2026-08-11 13:54:58 +0200: Memory Usage (488656K) : Extraction of RF-NMOS-LV transistor
2026-08-11 13:54:58 +0200: Memory Usage (488656K) : Extraction of RF-NMOS-HV transistor
2026-08-11 13:54:58 +0200: Memory Usage (488656K) : Extraction of RF-PMOS-LV transistor
2026-08-11 13:54:58 +0200: Memory Usage (488656K) : Extraction of RF-PMOS-HV transistor
2026-08-11 13:54:58 +0200: Memory Usage (488656K) : Starting BJT EXTRACTION
2026-08-11 13:54:58 +0200: Memory Usage (488656K) : Starting NPN-BJT EXTRACTION
2026-08-11 13:54:58 +0200: Memory Usage (488656K) : Extraction of npn13G2 BJT transistor
2026-08-11 13:54:58 +0200: Memory Usage (488656K) : Extraction of npn13G2L BJT transistor
2026-08-11 13:54:58 +0200: Memory Usage (488656K) : Extraction of npn13G2V BJT transistor
2026-08-11 13:54:58 +0200: Memory Usage (488656K) : Starting PNP-BJT EXTRACTION
2026-08-11 13:54:58 +0200: Memory Usage (488656K) : Extracting pnpMPA BJT
2026-08-11 13:54:58 +0200: Memory Usage (488656K) : Starting DIODE EXTRACTION
2026-08-11 13:54:58 +0200: Memory Usage (488656K) : Extracting dantenna diode
2026-08-11 13:54:58 +0200: Memory Usage (488656K) : Extracting dpantenna diode
2026-08-11 13:54:58 +0200: Memory Usage (488656K) : Extracting schottky_nbl1 diode
2026-08-11 13:54:58 +0200: Memory Usage (488656K) : Extracting isolbox diode
2026-08-11 13:54:58 +0200: Memory Usage (488656K) : Starting RESISTOR EXTRACTION
2026-08-11 13:54:58 +0200: Memory Usage (488656K) : Extracting rsil resistor
2026-08-11 13:54:58 +0200: Memory Usage (488656K) : Extracting rppd resistor
2026-08-11 13:54:58 +0200: Memory Usage (488784K) : Extracting rhigh resistor
2026-08-11 13:54:58 +0200: Memory Usage (488784K) : Extracting res_metal1 resistor
2026-08-11 13:54:58 +0200: Memory Usage (488784K) : Extracting res_metal2 resistor
2026-08-11 13:54:58 +0200: Memory Usage (488784K) : Extracting res_metal3 resistor
2026-08-11 13:54:58 +0200: Memory Usage (488784K) : Extracting res_metal4 resistor
2026-08-11 13:54:58 +0200: Memory Usage (488784K) : Extracting res_metal5 resistor
2026-08-11 13:54:58 +0200: Memory Usage (488784K) : Extracting res_topmetal1 resistor
2026-08-11 13:54:58 +0200: Memory Usage (488784K) : Extracting res_topmetal2 resistor
2026-08-11 13:54:58 +0200: Memory Usage (488784K) : Starting CAP EXTRACTION
2026-08-11 13:54:58 +0200: Memory Usage (488784K) : Extracting cap_cmim device
2026-08-11 13:54:58 +0200: Memory Usage (488784K) : Extracting rfcmim device
2026-08-11 13:54:58 +0200: Memory Usage (488784K) : Extracting sg13_hv_svaricap varactor
2026-08-11 13:54:58 +0200: Memory Usage (488784K) : Extracting cap_cmomi device
2026-08-11 13:54:58 +0200: Memory Usage (488784K) : Extracting sg13_moscap_n capacitor
2026-08-11 13:54:58 +0200: Memory Usage (488784K) : Extracting sg13_moscap_p capacitor
2026-08-11 13:54:58 +0200: Memory Usage (488784K) : Starting ESD EXTRACTION
2026-08-11 13:54:58 +0200: Memory Usage (488784K) : Extracting diodevdd_2kv ESD device
2026-08-11 13:54:58 +0200: Memory Usage (488784K) : Extracting diodevdd_4kv ESD device
2026-08-11 13:54:58 +0200: Memory Usage (488784K) : Extracting diodevss_2kv ESD device
2026-08-11 13:54:58 +0200: Memory Usage (488784K) : Extracting diodevss_4kv ESD device
2026-08-11 13:54:58 +0200: Memory Usage (488784K) : Extracting idiodevdd_2kv ESD device
2026-08-11 13:54:58 +0200: Memory Usage (488784K) : Extracting idiodevdd_4kv ESD device
2026-08-11 13:54:58 +0200: Memory Usage (488784K) : Extracting idiodevss_2kv ESD device
2026-08-11 13:54:58 +0200: Memory Usage (488784K) : Extracting idiodevss_4kv ESD device
2026-08-11 13:54:58 +0200: Memory Usage (488784K) : Extracting nmoscl_2 ESD device
2026-08-11 13:54:58 +0200: Memory Usage (488784K) : Extracting nmoscl_4 ESD device
2026-08-11 13:54:58 +0200: Memory Usage (488784K) : Starting Inductor EXTRACTION
2026-08-11 13:54:58 +0200: Memory Usage (488784K) : Extracting Inductor2 device
2026-08-11 13:54:58 +0200: Memory Usage (488784K) : Extracting Inductor3 device
2026-08-11 13:54:58 +0200: Memory Usage (488784K) : Starting Taps EXTRACTION
2026-08-11 13:54:58 +0200: Memory Usage (488784K) : Extracting ntap1 device
2026-08-11 13:54:58 +0200: Memory Usage (488784K) : Extracting ptap1 device
2026-08-11 13:54:58 +0200: Memory Usage (488784K) : Starting SG13G2 LVS RF MOS Model Mapping
2026-08-11 13:54:58 +0200: Memory Usage (488912K) : [layout_netlist] Apply RF MOS model mapping and rfmode parameter.
2026-08-11 13:54:58 +0200: Memory Usage (488912K) : Starting SG13G2 LVS Options Preparations
2026-08-11 13:54:58 +0200: Memory Usage (488912K) : SG13G2 LVS flow: extraction -> alignment -> option preparation -> comparison.
2026-08-11 13:54:58 +0200: Memory Usage (488912K) : Starting SG13G2 LVS Alignment
2026-08-11 13:54:58 +0200: Memory Usage (489040K) : Starting SG13G2 LVS Simplification
2026-08-11 13:54:58 +0200: Memory Usage (489040K) : [layout_netlist] simplify: ENABLED
2026-08-11 13:54:58 +0200: Memory Usage (489040K) : [layout_netlist] make_top_level_pins: SKIPPED
2026-08-11 13:54:58 +0200: Memory Usage (489040K) : [layout_netlist] combine_devices: ENABLED
2026-08-11 13:54:58 +0200: Memory Usage (489040K) : [layout_netlist] purge: SKIPPED
2026-08-11 13:54:58 +0200: Memory Usage (489040K) : [layout_netlist] purge_nets: SKIPPED
2026-08-11 13:54:58 +0200: Memory Usage (489040K) : [schematic_netlist] simplify: ENABLED
2026-08-11 13:54:58 +0200: Memory Usage (489040K) : [schematic_netlist] make_top_level_pins: SKIPPED
2026-08-11 13:54:58 +0200: Memory Usage (489040K) : [schematic_netlist] combine_devices: ENABLED
2026-08-11 13:54:58 +0200: Memory Usage (489040K) : [schematic_netlist] purge: SKIPPED
2026-08-11 13:54:58 +0200: Memory Usage (489040K) : [schematic_netlist] purge_nets: SKIPPED
2026-08-11 13:54:58 +0200: Memory Usage (489040K) : Starting SG13G2 LVS Comparison
2026-08-11 13:54:58 +0200: Memory Usage (489168K) : ==========================================
2026-08-11 13:54:58 +0200: Memory Usage (489168K) : INFO : Congratulations! Netlists match.
2026-08-11 13:54:58 +0200: Memory Usage (489168K) : ==========================================
2026-08-11 13:54:58 +0200: Memory Usage (489168K) : LVS Total Run time 3.103003 seconds
