# Logfile created on 2026-08-10 18:01:06 +0200 by logger.rb/v1.5.3
2026-08-10 18:01:06 +0200: Memory Usage (455912K) : Starting running SG13G2 Klayout LVS runset on /foss/designs/ihp-open-pdk-regression/IOPADS/layout/sg13g2_IOPadIOVdd.gds
2026-08-10 18:01:06 +0200: Memory Usage (455912K) : Ruby Version for klayout: 3.2.3
2026-08-10 18:01:06 +0200: Memory Usage (457192K) : Loading database to memory is complete.
2026-08-10 18:01:06 +0200: Memory Usage (457192K) : SG13G2 Klayout LVS runset output at: /foss/designs/ihp-open-pdk-regression/IOPADS/lvs_sweep/20260810_180010/sg13g2_IOPadIOVdd/sg13g2_IOPadIOVdd.lvsdb
2026-08-10 18:01:06 +0200: Memory Usage (457192K) : Evaluate switches.
2026-08-10 18:01:06 +0200: Memory Usage (457192K) : Extracted netlist with net names: true
2026-08-10 18:01:06 +0200: Memory Usage (457192K) : Extracted netlist with comments in details: false
2026-08-10 18:01:06 +0200: Memory Usage (457192K) : Selected NET_ONLY option: false
2026-08-10 18:01:06 +0200: Memory Usage (457192K) : Selected LAYOUT_NETLIST option: (none)
2026-08-10 18:01:06 +0200: Memory Usage (457192K) : Selected IGNORE_TOP_PORTS_MISMATCH option: true
2026-08-10 18:01:06 +0200: Memory Usage (457192K) : Selected IMPLICIT_NETS option: iovss,iovdd,vss,vdd,pad,cathode,anode
2026-08-10 18:01:06 +0200: Memory Usage (457192K) : Selected TOP_LVL_PINS option: false
2026-08-10 18:01:06 +0200: Memory Usage (457192K) : Selected COMBINE DEVICES option: true
2026-08-10 18:01:06 +0200: Memory Usage (457192K) : Selected PURGE option: false
2026-08-10 18:01:06 +0200: Memory Usage (457192K) : Selected PURGE_NETS option: false
2026-08-10 18:01:06 +0200: Memory Usage (457192K) : Selected SIMPLIFY option: true
2026-08-10 18:01:06 +0200: Memory Usage (457320K) : Selected SERIES_RES option: true
2026-08-10 18:01:06 +0200: Memory Usage (457320K) : Selected PARALLEL_RES option: true
2026-08-10 18:01:06 +0200: Memory Usage (457320K) : Selected DISABLE_TAP_EXTRACTION option: false
2026-08-10 18:01:06 +0200: Memory Usage (457320K) : deep  mode is enabled.
2026-08-10 18:01:06 +0200: Memory Usage (457320K) : Applying implicit connections (case-sensitive, pattern supported) for nets: iovss, iovdd, vss, vdd, pad, cathode, anode
2026-08-10 18:01:06 +0200: Memory Usage (458856K) : Netlist file: /foss/designs/ihp-open-pdk-regression/IOPADS/netlist/pads_sub/sg13g2_IOPadIOVdd.spi
2026-08-10 18:01:06 +0200: Memory Usage (458856K) : LVS extracted netlist at: /foss/designs/ihp-open-pdk-regression/IOPADS/lvs_sweep/20260810_180010/sg13g2_IOPadIOVdd/sg13g2_IOPadIOVdd_extracted.cir
2026-08-10 18:01:06 +0200: Memory Usage (458856K) : Applying SRAM integration support.
2026-08-10 18:01:06 +0200: Memory Usage (458856K) : Starting SG13G2 LVS runset
2026-08-10 18:01:06 +0200: Memory Usage (458856K) : Read in polygons from layers.
2026-08-10 18:01:06 +0200: Memory Usage (460264K) : activ_drw has 39 polygons
2026-08-10 18:01:06 +0200: Memory Usage (460264K) : activ_filler has 0 polygons
2026-08-10 18:01:06 +0200: Memory Usage (460392K) : activ has 39 polygons
2026-08-10 18:01:06 +0200: Memory Usage (460392K) : activ_pin has 0 polygons
2026-08-10 18:01:06 +0200: Memory Usage (460392K) : activ_mask has 0 polygons
2026-08-10 18:01:06 +0200: Memory Usage (460392K) : activ_nofill has 0 polygons
2026-08-10 18:01:06 +0200: Memory Usage (460392K) : activ_OPC has 0 polygons
2026-08-10 18:01:06 +0200: Memory Usage (460392K) : activ_iOPC has 0 polygons
2026-08-10 18:01:06 +0200: Memory Usage (460392K) : activ_noqrc has 0 polygons
2026-08-10 18:01:06 +0200: Memory Usage (460392K) : biwind_drw has 0 polygons
2026-08-10 18:01:06 +0200: Memory Usage (460392K) : biwind_OPC has 0 polygons
2026-08-10 18:01:06 +0200: Memory Usage (460520K) : gatpoly_drw has 132 polygons
2026-08-10 18:01:06 +0200: Memory Usage (460520K) : gatpoly_filler has 0 polygons
2026-08-10 18:01:06 +0200: Memory Usage (460648K) : gatpoly has 132 polygons
2026-08-10 18:01:06 +0200: Memory Usage (460776K) : gatpoly_pin has 0 polygons
2026-08-10 18:01:06 +0200: Memory Usage (461032K) : gatpoly_nofill has 0 polygons
2026-08-10 18:01:06 +0200: Memory Usage (461032K) : gatpoly_OPC has 0 polygons
2026-08-10 18:01:06 +0200: Memory Usage (461160K) : gatpoly_iOPC has 0 polygons
2026-08-10 18:01:06 +0200: Memory Usage (461160K) : gatpoly_noqrc has 0 polygons
2026-08-10 18:01:06 +0200: Memory Usage (461288K) : cont_drw has 23191 polygons
2026-08-10 18:01:06 +0200: Memory Usage (461672K) : cont_OPC has 0 polygons
2026-08-10 18:01:06 +0200: Memory Usage (461672K) : nsd_drw has 0 polygons
2026-08-10 18:01:06 +0200: Memory Usage (461672K) : nsd_block has 0 polygons
2026-08-10 18:01:06 +0200: Memory Usage (461672K) : metal1_drw has 432 polygons
2026-08-10 18:01:06 +0200: Memory Usage (461800K) : metal1_filler has 0 polygons
2026-08-10 18:01:06 +0200: Memory Usage (461800K) : metal1_slit has 0 polygons
2026-08-10 18:01:06 +0200: Memory Usage (462056K) : metal1 has 432 polygons
2026-08-10 18:01:06 +0200: Memory Usage (462184K) : metal1_pin has 5 polygons
2026-08-10 18:01:06 +0200: Memory Usage (462184K) : metal1_mask has 0 polygons
2026-08-10 18:01:06 +0200: Memory Usage (462312K) : metal1_nofill has 0 polygons
2026-08-10 18:01:06 +0200: Memory Usage (462568K) : metal1_text has 5 polygons
2026-08-10 18:01:06 +0200: Memory Usage (462696K) : metal1_OPC has 0 polygons
2026-08-10 18:01:06 +0200: Memory Usage (462696K) : metal1_noqrc has 0 polygons
2026-08-10 18:01:06 +0200: Memory Usage (462824K) : metal1_res has 0 polygons
2026-08-10 18:01:06 +0200: Memory Usage (462824K) : metal1_iprobe has 0 polygons
2026-08-10 18:01:06 +0200: Memory Usage (462952K) : metal1_diffprb has 0 polygons
2026-08-10 18:01:06 +0200: Memory Usage (463080K) : passiv_drw has 0 polygons
2026-08-10 18:01:06 +0200: Memory Usage (463080K) : passiv_pin has 0 polygons
2026-08-10 18:01:06 +0200: Memory Usage (463208K) : passiv_sbump has 0 polygons
2026-08-10 18:01:06 +0200: Memory Usage (463208K) : passiv_pillar has 0 polygons
2026-08-10 18:01:06 +0200: Memory Usage (463336K) : passiv_pdl has 0 polygons
2026-08-10 18:01:06 +0200: Memory Usage (463336K) : metal2_drw has 87 polygons
2026-08-10 18:01:06 +0200: Memory Usage (463464K) : metal2_filler has 0 polygons
2026-08-10 18:01:06 +0200: Memory Usage (463464K) : metal2_slit has 0 polygons
2026-08-10 18:01:06 +0200: Memory Usage (463592K) : metal2 has 87 polygons
2026-08-10 18:01:06 +0200: Memory Usage (463720K) : metal2_pin has 26 polygons
2026-08-10 18:01:06 +0200: Memory Usage (463720K) : metal2_mask has 0 polygons
2026-08-10 18:01:06 +0200: Memory Usage (463848K) : metal2_nofill has 0 polygons
2026-08-10 18:01:06 +0200: Memory Usage (463848K) : metal2_text has 26 polygons
2026-08-10 18:01:06 +0200: Memory Usage (463976K) : metal2_OPC has 0 polygons
2026-08-10 18:01:06 +0200: Memory Usage (463976K) : metal2_noqrc has 0 polygons
2026-08-10 18:01:06 +0200: Memory Usage (464104K) : metal2_res has 0 polygons
2026-08-10 18:01:06 +0200: Memory Usage (464104K) : metal2_iprobe has 0 polygons
2026-08-10 18:01:06 +0200: Memory Usage (464232K) : metal2_diffprb has 0 polygons
2026-08-10 18:01:06 +0200: Memory Usage (464360K) : baspoly_drw has 0 polygons
2026-08-10 18:01:06 +0200: Memory Usage (464360K) : baspoly_pin has 0 polygons
2026-08-10 18:01:06 +0200: Memory Usage (464488K) : psd_drw has 15 polygons
2026-08-10 18:01:06 +0200: Memory Usage (464488K) : nldb_drw has 0 polygons
2026-08-10 18:01:06 +0200: Memory Usage (464616K) : digibnd_drw has 0 polygons
2026-08-10 18:01:06 +0200: Memory Usage (464616K) : via1_drw has 4168 polygons
2026-08-10 18:01:06 +0200: Memory Usage (464872K) : backmetal1_drw has 0 polygons
2026-08-10 18:01:06 +0200: Memory Usage (464872K) : backmetal1_pin has 0 polygons
2026-08-10 18:01:06 +0200: Memory Usage (465000K) : backmetal1_mask has 0 polygons
2026-08-10 18:01:06 +0200: Memory Usage (465000K) : backmetal1_filler has 0 polygons
2026-08-10 18:01:06 +0200: Memory Usage (465128K) : backmetal1_nofill has 0 polygons
2026-08-10 18:01:06 +0200: Memory Usage (465128K) : backmetal1_slit has 0 polygons
2026-08-10 18:01:06 +0200: Memory Usage (465256K) : backmetal1_text has 0 polygons
2026-08-10 18:01:06 +0200: Memory Usage (465256K) : backmetal1_OPC has 0 polygons
2026-08-10 18:01:06 +0200: Memory Usage (465384K) : backmetal1_noqrc has 0 polygons
2026-08-10 18:01:06 +0200: Memory Usage (465384K) : backmetal1_res has 0 polygons
2026-08-10 18:01:06 +0200: Memory Usage (465512K) : backmetal1_iprobe has 0 polygons
2026-08-10 18:01:06 +0200: Memory Usage (465512K) : backmetal1_diffprb has 0 polygons
2026-08-10 18:01:06 +0200: Memory Usage (465640K) : backpassiv_drw has 0 polygons
2026-08-10 18:01:06 +0200: Memory Usage (465640K) : res_drw has 0 polygons
2026-08-10 18:01:06 +0200: Memory Usage (465768K) : sram_drw has 0 polygons
2026-08-10 18:01:06 +0200: Memory Usage (465896K) : trans_drw has 0 polygons
2026-08-10 18:01:06 +0200: Memory Usage (465896K) : ind_drw has 0 polygons
2026-08-10 18:01:06 +0200: Memory Usage (466024K) : ind_pin has 0 polygons
2026-08-10 18:01:06 +0200: Memory Usage (466024K) : ind_text has 0 polygons
2026-08-10 18:01:06 +0200: Memory Usage (466152K) : salblock_drw has 1 polygons
2026-08-10 18:01:06 +0200: Memory Usage (466152K) : via2_drw has 2498 polygons
2026-08-10 18:01:06 +0200: Memory Usage (466280K) : metal3_drw has 30 polygons
2026-08-10 18:01:06 +0200: Memory Usage (466408K) : metal3_filler has 0 polygons
2026-08-10 18:01:06 +0200: Memory Usage (466408K) : metal3_slit has 0 polygons
2026-08-10 18:01:06 +0200: Memory Usage (466536K) : metal3 has 30 polygons
2026-08-10 18:01:06 +0200: Memory Usage (466664K) : metal3_pin has 8 polygons
2026-08-10 18:01:06 +0200: Memory Usage (466664K) : metal3_mask has 0 polygons
2026-08-10 18:01:06 +0200: Memory Usage (466792K) : metal3_nofill has 0 polygons
2026-08-10 18:01:06 +0200: Memory Usage (466792K) : metal3_text has 8 polygons
2026-08-10 18:01:06 +0200: Memory Usage (466920K) : metal3_OPC has 0 polygons
2026-08-10 18:01:06 +0200: Memory Usage (466920K) : metal3_noqrc has 0 polygons
2026-08-10 18:01:06 +0200: Memory Usage (467048K) : metal3_res has 0 polygons
2026-08-10 18:01:06 +0200: Memory Usage (467048K) : metal3_iprobe has 0 polygons
2026-08-10 18:01:06 +0200: Memory Usage (467176K) : metal3_diffprb has 0 polygons
2026-08-10 18:01:06 +0200: Memory Usage (467176K) : nwell_drw has 65 polygons
2026-08-10 18:01:06 +0200: Memory Usage (467304K) : nwell_pin has 0 polygons
2026-08-10 18:01:06 +0200: Memory Usage (467432K) : nwell_text has 0 polygons
2026-08-10 18:01:06 +0200: Memory Usage (467432K) : nbulay_drw has 0 polygons
2026-08-10 18:01:06 +0200: Memory Usage (467560K) : nbulay_pin has 0 polygons
2026-08-10 18:01:06 +0200: Memory Usage (467560K) : nbulay_block has 0 polygons
2026-08-10 18:01:06 +0200: Memory Usage (467688K) : emwind_drw has 0 polygons
2026-08-10 18:01:06 +0200: Memory Usage (467688K) : emwind_OPC has 0 polygons
2026-08-10 18:01:06 +0200: Memory Usage (467688K) : deepco_drw has 0 polygons
2026-08-10 18:01:06 +0200: Memory Usage (467688K) : mim_drw has 0 polygons
2026-08-10 18:01:06 +0200: Memory Usage (467688K) : edgeseal_drw has 0 polygons
2026-08-10 18:01:06 +0200: Memory Usage (467688K) : substrate_drw has 14 polygons
2026-08-10 18:01:06 +0200: Memory Usage (467688K) : substrate_text has 0 polygons
2026-08-10 18:01:06 +0200: Memory Usage (467688K) : dfpad_drw has 0 polygons
2026-08-10 18:01:06 +0200: Memory Usage (467688K) : dfpad_pillar has 0 polygons
2026-08-10 18:01:06 +0200: Memory Usage (467688K) : dfpad_sbump has 0 polygons
2026-08-10 18:01:06 +0200: Memory Usage (467688K) : thickgateox_drw has 3 polygons
2026-08-10 18:01:06 +0200: Memory Usage (467688K) : pldb_drw has 0 polygons
2026-08-10 18:01:06 +0200: Memory Usage (467688K) : pwell_drw has 0 polygons
2026-08-10 18:01:06 +0200: Memory Usage (467688K) : pwell_pin has 0 polygons
2026-08-10 18:01:06 +0200: Memory Usage (467688K) : pwell_block has 0 polygons
2026-08-10 18:01:06 +0200: Memory Usage (467688K) : ic_drw has 0 polygons
2026-08-10 18:01:06 +0200: Memory Usage (467688K) : via3_drw has 2087 polygons
2026-08-10 18:01:06 +0200: Memory Usage (467688K) : metal4_drw has 8 polygons
2026-08-10 18:01:06 +0200: Memory Usage (467688K) : metal4_filler has 0 polygons
2026-08-10 18:01:06 +0200: Memory Usage (467688K) : metal4_slit has 0 polygons
2026-08-10 18:01:06 +0200: Memory Usage (467688K) : metal4 has 8 polygons
2026-08-10 18:01:06 +0200: Memory Usage (467688K) : metal4_pin has 8 polygons
2026-08-10 18:01:06 +0200: Memory Usage (467688K) : metal4_mask has 0 polygons
2026-08-10 18:01:06 +0200: Memory Usage (467688K) : metal4_nofill has 0 polygons
2026-08-10 18:01:06 +0200: Memory Usage (467688K) : metal4_text has 8 polygons
2026-08-10 18:01:06 +0200: Memory Usage (467688K) : metal4_OPC has 0 polygons
2026-08-10 18:01:06 +0200: Memory Usage (467688K) : metal4_noqrc has 0 polygons
2026-08-10 18:01:06 +0200: Memory Usage (467688K) : metal4_res has 0 polygons
2026-08-10 18:01:06 +0200: Memory Usage (467688K) : metal4_iprobe has 0 polygons
2026-08-10 18:01:06 +0200: Memory Usage (467688K) : metal4_diffprb has 0 polygons
2026-08-10 18:01:06 +0200: Memory Usage (467688K) : heattrans_drw has 0 polygons
2026-08-10 18:01:06 +0200: Memory Usage (467688K) : heatres_drw has 0 polygons
2026-08-10 18:01:06 +0200: Memory Usage (467688K) : fbe_drw has 0 polygons
2026-08-10 18:01:06 +0200: Memory Usage (467688K) : empoly_drw has 0 polygons
2026-08-10 18:01:06 +0200: Memory Usage (467688K) : digisub_drw has 0 polygons
2026-08-10 18:01:06 +0200: Memory Usage (467688K) : text_drw has 30 polygons
2026-08-10 18:01:06 +0200: Memory Usage (467688K) : via4_drw has 2371 polygons
2026-08-10 18:01:06 +0200: Memory Usage (467688K) : metal5_drw has 8 polygons
2026-08-10 18:01:06 +0200: Memory Usage (467688K) : metal5_filler has 0 polygons
2026-08-10 18:01:06 +0200: Memory Usage (467688K) : metal5_slit has 0 polygons
2026-08-10 18:01:06 +0200: Memory Usage (467688K) : metal5 has 8 polygons
2026-08-10 18:01:06 +0200: Memory Usage (467688K) : metal5_pin has 8 polygons
2026-08-10 18:01:06 +0200: Memory Usage (467688K) : metal5_mask has 0 polygons
2026-08-10 18:01:06 +0200: Memory Usage (467688K) : metal5_nofill has 0 polygons
2026-08-10 18:01:06 +0200: Memory Usage (467688K) : metal5_text has 8 polygons
2026-08-10 18:01:06 +0200: Memory Usage (467688K) : metal5_OPC has 0 polygons
2026-08-10 18:01:06 +0200: Memory Usage (467688K) : metal5_noqrc has 0 polygons
2026-08-10 18:01:06 +0200: Memory Usage (467688K) : metal5_res has 0 polygons
2026-08-10 18:01:06 +0200: Memory Usage (467688K) : metal5_iprobe has 0 polygons
2026-08-10 18:01:06 +0200: Memory Usage (467688K) : metal5_diffprb has 0 polygons
2026-08-10 18:01:06 +0200: Memory Usage (467688K) : radhard_drw has 0 polygons
2026-08-10 18:01:06 +0200: Memory Usage (467688K) : memcap_drw has 0 polygons
2026-08-10 18:01:06 +0200: Memory Usage (467688K) : varicap_drw has 0 polygons
2026-08-10 18:01:06 +0200: Memory Usage (467688K) : intbondvia_drw has 0 polygons
2026-08-10 18:01:06 +0200: Memory Usage (467688K) : intbondmet_drw has 0 polygons
2026-08-10 18:01:06 +0200: Memory Usage (467688K) : devbondvia_drw has 0 polygons
2026-08-10 18:01:06 +0200: Memory Usage (467688K) : devbondmet_drw has 0 polygons
2026-08-10 18:01:06 +0200: Memory Usage (467688K) : devtrench_drw has 0 polygons
2026-08-10 18:01:06 +0200: Memory Usage (467688K) : redist_drw has 0 polygons
2026-08-10 18:01:06 +0200: Memory Usage (467688K) : graphbot_drw has 0 polygons
2026-08-10 18:01:06 +0200: Memory Usage (467688K) : graphtop_drw has 0 polygons
2026-08-10 18:01:06 +0200: Memory Usage (467688K) : antvia1_drw has 0 polygons
2026-08-10 18:01:06 +0200: Memory Usage (467688K) : antmetal2_drw has 0 polygons
2026-08-10 18:01:06 +0200: Memory Usage (467688K) : graphcont_drw has 0 polygons
2026-08-10 18:01:06 +0200: Memory Usage (467688K) : siwg_drw has 0 polygons
2026-08-10 18:01:06 +0200: Memory Usage (467688K) : siwg_filler has 0 polygons
2026-08-10 18:01:06 +0200: Memory Usage (467688K) : siwg_nofill has 0 polygons
2026-08-10 18:01:06 +0200: Memory Usage (467688K) : sigrating_drw has 0 polygons
2026-08-10 18:01:06 +0200: Memory Usage (467688K) : singrating_drw has 0 polygons
2026-08-10 18:01:06 +0200: Memory Usage (467688K) : graphpas_drw has 0 polygons
2026-08-10 18:01:06 +0200: Memory Usage (467688K) : emwind3_drw has 0 polygons
2026-08-10 18:01:06 +0200: Memory Usage (467688K) : emwihv3_drw has 0 polygons
2026-08-10 18:01:06 +0200: Memory Usage (467688K) : redbulay_drw has 0 polygons
2026-08-10 18:01:06 +0200: Memory Usage (467688K) : smos_drw has 0 polygons
2026-08-10 18:01:06 +0200: Memory Usage (467688K) : graphpad_drw has 0 polygons
2026-08-10 18:01:06 +0200: Memory Usage (467688K) : polimide_drw has 0 polygons
2026-08-10 18:01:06 +0200: Memory Usage (467688K) : polimide_pin has 0 polygons
2026-08-10 18:01:06 +0200: Memory Usage (467688K) : recog_drw has 0 polygons
2026-08-10 18:01:06 +0200: Memory Usage (467688K) : recog_pin has 0 polygons
2026-08-10 18:01:06 +0200: Memory Usage (467688K) : recog_esd has 0 polygons
2026-08-10 18:01:06 +0200: Memory Usage (467688K) : recog_diode has 1 polygons
2026-08-10 18:01:06 +0200: Memory Usage (467688K) : recog_tsv has 0 polygons
2026-08-10 18:01:06 +0200: Memory Usage (467688K) : recog_iprobe has 0 polygons
2026-08-10 18:01:06 +0200: Memory Usage (467688K) : recog_diffprb has 0 polygons
2026-08-10 18:01:06 +0200: Memory Usage (467688K) : recog_pillar has 0 polygons
2026-08-10 18:01:07 +0200: Memory Usage (467688K) : recog_sbump has 0 polygons
2026-08-10 18:01:07 +0200: Memory Usage (467688K) : recog_otp has 0 polygons
2026-08-10 18:01:07 +0200: Memory Usage (467688K) : recog_pdiode has 0 polygons
2026-08-10 18:01:07 +0200: Memory Usage (467688K) : recog_mom has 0 polygons
2026-08-10 18:01:07 +0200: Memory Usage (467688K) : recog_pcm has 0 polygons
2026-08-10 18:01:07 +0200: Memory Usage (467688K) : colopen_drw has 0 polygons
2026-08-10 18:01:07 +0200: Memory Usage (467688K) : graphmetal1_drw has 0 polygons
2026-08-10 18:01:07 +0200: Memory Usage (467688K) : graphmetal1_filler has 0 polygons
2026-08-10 18:01:07 +0200: Memory Usage (467688K) : graphmetal1_nofill has 0 polygons
2026-08-10 18:01:07 +0200: Memory Usage (467688K) : graphmetal1_slit has 0 polygons
2026-08-10 18:01:07 +0200: Memory Usage (467688K) : graphmetal1_OPC has 0 polygons
2026-08-10 18:01:07 +0200: Memory Usage (467688K) : graphmet1l_drw has 0 polygons
2026-08-10 18:01:07 +0200: Memory Usage (467688K) : graphmet1l_filler has 0 polygons
2026-08-10 18:01:07 +0200: Memory Usage (467688K) : graphmet1l_nofill has 0 polygons
2026-08-10 18:01:07 +0200: Memory Usage (467688K) : graphmet1l_slit has 0 polygons
2026-08-10 18:01:07 +0200: Memory Usage (467688K) : graphmet1l_OPC has 0 polygons
2026-08-10 18:01:07 +0200: Memory Usage (467688K) : extblock_drw has 1 polygons
2026-08-10 18:01:07 +0200: Memory Usage (467816K) : nldd_drw has 0 polygons
2026-08-10 18:01:07 +0200: Memory Usage (467816K) : pldd_drw has 0 polygons
2026-08-10 18:01:07 +0200: Memory Usage (467944K) : next_drw has 0 polygons
2026-08-10 18:01:07 +0200: Memory Usage (467944K) : pext_drw has 0 polygons
2026-08-10 18:01:07 +0200: Memory Usage (468072K) : nexthv_drw has 0 polygons
2026-08-10 18:01:07 +0200: Memory Usage (468072K) : pexthv_drw has 0 polygons
2026-08-10 18:01:07 +0200: Memory Usage (468200K) : graphgate_drw has 0 polygons
2026-08-10 18:01:07 +0200: Memory Usage (468328K) : sinwg_drw has 0 polygons
2026-08-10 18:01:07 +0200: Memory Usage (468328K) : sinwg_filler has 0 polygons
2026-08-10 18:01:07 +0200: Memory Usage (468456K) : sinwg_nofill has 0 polygons
2026-08-10 18:01:07 +0200: Memory Usage (468456K) : mempad_drw has 0 polygons
2026-08-10 18:01:07 +0200: Memory Usage (468584K) : topvia1_drw has 2315 polygons
2026-08-10 18:01:07 +0200: Memory Usage (468712K) : topmetal1_drw has 8 polygons
2026-08-10 18:01:07 +0200: Memory Usage (468712K) : topmetal1_filler has 0 polygons
2026-08-10 18:01:07 +0200: Memory Usage (468840K) : topmetal1_slit has 0 polygons
2026-08-10 18:01:07 +0200: Memory Usage (468968K) : topmetal1 has 8 polygons
2026-08-10 18:01:07 +0200: Memory Usage (468968K) : topmetal1_pin has 8 polygons
2026-08-10 18:01:07 +0200: Memory Usage (469096K) : topmetal1_mask has 0 polygons
2026-08-10 18:01:07 +0200: Memory Usage (469096K) : topmetal1_nofill has 0 polygons
2026-08-10 18:01:07 +0200: Memory Usage (469224K) : topmetal1_text has 8 polygons
2026-08-10 18:01:07 +0200: Memory Usage (469224K) : topmetal1_noqrc has 0 polygons
2026-08-10 18:01:07 +0200: Memory Usage (469352K) : topmetal1_res has 0 polygons
2026-08-10 18:01:07 +0200: Memory Usage (469352K) : topmetal1_iprobe has 0 polygons
2026-08-10 18:01:07 +0200: Memory Usage (469480K) : topmetal1_diffprb has 0 polygons
2026-08-10 18:01:07 +0200: Memory Usage (469608K) : inldpwl_drw has 0 polygons
2026-08-10 18:01:07 +0200: Memory Usage (469608K) : polyres_drw has 26 polygons
2026-08-10 18:01:07 +0200: Memory Usage (469736K) : polyres_pin has 0 polygons
2026-08-10 18:01:07 +0200: Memory Usage (469736K) : vmim_drw has 0 polygons
2026-08-10 18:01:07 +0200: Memory Usage (469864K) : nbulaycut_drw has 0 polygons
2026-08-10 18:01:07 +0200: Memory Usage (469864K) : antmetal1_drw has 0 polygons
2026-08-10 18:01:07 +0200: Memory Usage (469992K) : topvia2_drw has 921 polygons
2026-08-10 18:01:07 +0200: Memory Usage (469992K) : topmetal2_drw has 10 polygons
2026-08-10 18:01:07 +0200: Memory Usage (470120K) : topmetal2_filler has 0 polygons
2026-08-10 18:01:07 +0200: Memory Usage (470248K) : topmetal2_slit has 0 polygons
2026-08-10 18:01:07 +0200: Memory Usage (470376K) : topmetal2 has 10 polygons
2026-08-10 18:01:07 +0200: Memory Usage (470376K) : topmetal2_pin has 8 polygons
2026-08-10 18:01:07 +0200: Memory Usage (470504K) : topmetal2_mask has 0 polygons
2026-08-10 18:01:07 +0200: Memory Usage (470504K) : topmetal2_nofill has 0 polygons
2026-08-10 18:01:07 +0200: Memory Usage (470632K) : topmetal2_text has 8 polygons
2026-08-10 18:01:07 +0200: Memory Usage (470632K) : topmetal2_noqrc has 0 polygons
2026-08-10 18:01:07 +0200: Memory Usage (470760K) : topmetal2_res has 0 polygons
2026-08-10 18:01:07 +0200: Memory Usage (470760K) : topmetal2_iprobe has 0 polygons
2026-08-10 18:01:07 +0200: Memory Usage (470888K) : topmetal2_diffprb has 0 polygons
2026-08-10 18:01:07 +0200: Memory Usage (470888K) : snsring_drw has 0 polygons
2026-08-10 18:01:07 +0200: Memory Usage (471016K) : sensor_drw has 0 polygons
2026-08-10 18:01:07 +0200: Memory Usage (471016K) : snsarms_drw has 0 polygons
2026-08-10 18:01:07 +0200: Memory Usage (471144K) : snscmosvia_drw has 0 polygons
2026-08-10 18:01:07 +0200: Memory Usage (471144K) : colwind_drw has 0 polygons
2026-08-10 18:01:07 +0200: Memory Usage (471272K) : flm_drw has 0 polygons
2026-08-10 18:01:07 +0200: Memory Usage (471272K) : hafniumox_drw has 0 polygons
2026-08-10 18:01:07 +0200: Memory Usage (471400K) : memvia_drw has 0 polygons
2026-08-10 18:01:07 +0200: Memory Usage (471528K) : thinfilmres_drw has 0 polygons
2026-08-10 18:01:07 +0200: Memory Usage (471528K) : rfmem_drw has 0 polygons
2026-08-10 18:01:07 +0200: Memory Usage (471656K) : norcx_drw has 0 polygons
2026-08-10 18:01:07 +0200: Memory Usage (471656K) : norcx_m2m3 has 0 polygons
2026-08-10 18:01:07 +0200: Memory Usage (471784K) : norcx_m2m4 has 0 polygons
2026-08-10 18:01:07 +0200: Memory Usage (471784K) : norcx_m2m5 has 0 polygons
2026-08-10 18:01:07 +0200: Memory Usage (471912K) : norcx_m2tm1 has 0 polygons
2026-08-10 18:01:07 +0200: Memory Usage (471912K) : norcx_m2tm2 has 0 polygons
2026-08-10 18:01:07 +0200: Memory Usage (472040K) : norcx_m3m4 has 0 polygons
2026-08-10 18:01:07 +0200: Memory Usage (472168K) : norcx_m3m5 has 0 polygons
2026-08-10 18:01:07 +0200: Memory Usage (472168K) : norcx_m3tm1 has 0 polygons
2026-08-10 18:01:07 +0200: Memory Usage (472296K) : norcx_m3tm2 has 0 polygons
2026-08-10 18:01:07 +0200: Memory Usage (472296K) : norcx_m4m5 has 0 polygons
2026-08-10 18:01:07 +0200: Memory Usage (472424K) : norcx_m4tm1 has 0 polygons
2026-08-10 18:01:07 +0200: Memory Usage (472424K) : norcx_m4tm2 has 0 polygons
2026-08-10 18:01:07 +0200: Memory Usage (472552K) : norcx_m5tm1 has 0 polygons
2026-08-10 18:01:07 +0200: Memory Usage (472552K) : norcx_m5tm2 has 0 polygons
2026-08-10 18:01:07 +0200: Memory Usage (472680K) : norcx_tm1tm2 has 0 polygons
2026-08-10 18:01:07 +0200: Memory Usage (472680K) : norcx_m1sub has 0 polygons
2026-08-10 18:01:07 +0200: Memory Usage (472808K) : norcx_m2sub has 0 polygons
2026-08-10 18:01:07 +0200: Memory Usage (472936K) : norcx_m3sub has 0 polygons
2026-08-10 18:01:07 +0200: Memory Usage (472936K) : norcx_m4sub has 0 polygons
2026-08-10 18:01:07 +0200: Memory Usage (473064K) : norcx_m5sub has 0 polygons
2026-08-10 18:01:07 +0200: Memory Usage (473064K) : norcx_tm1sub has 0 polygons
2026-08-10 18:01:07 +0200: Memory Usage (473192K) : norcx_tm2sub has 0 polygons
2026-08-10 18:01:07 +0200: Memory Usage (473192K) : snsbotvia_drw has 0 polygons
2026-08-10 18:01:07 +0200: Memory Usage (473320K) : snstopvia_drw has 0 polygons
2026-08-10 18:01:07 +0200: Memory Usage (473320K) : deepvia_drw has 0 polygons
2026-08-10 18:01:07 +0200: Memory Usage (473448K) : fgetch_drw has 0 polygons
2026-08-10 18:01:07 +0200: Memory Usage (473448K) : ctrgat_drw has 0 polygons
2026-08-10 18:01:07 +0200: Memory Usage (473576K) : fgimp_drw has 0 polygons
2026-08-10 18:01:07 +0200: Memory Usage (473576K) : emwihv_drw has 0 polygons
2026-08-10 18:01:07 +0200: Memory Usage (473704K) : lbe_drw has 0 polygons
2026-08-10 18:01:07 +0200: Memory Usage (473832K) : alcustop_drw has 0 polygons
2026-08-10 18:01:07 +0200: Memory Usage (473832K) : nometfiller_drw has 0 polygons
2026-08-10 18:01:07 +0200: Memory Usage (473960K) : prboundary_drw has 0 polygons
2026-08-10 18:01:07 +0200: Memory Usage (473960K) : exchange0_drw has 0 polygons
2026-08-10 18:01:07 +0200: Memory Usage (474088K) : exchange0_pin has 0 polygons
2026-08-10 18:01:07 +0200: Memory Usage (474088K) : exchange0_text has 0 polygons
2026-08-10 18:01:07 +0200: Memory Usage (474216K) : exchange1_drw has 0 polygons
2026-08-10 18:01:07 +0200: Memory Usage (474216K) : exchange1_pin has 0 polygons
2026-08-10 18:01:07 +0200: Memory Usage (474344K) : exchange1_text has 0 polygons
2026-08-10 18:01:07 +0200: Memory Usage (474344K) : exchange2_drw has 0 polygons
2026-08-10 18:01:07 +0200: Memory Usage (474344K) : exchange2_pin has 0 polygons
2026-08-10 18:01:07 +0200: Memory Usage (474344K) : exchange2_text has 0 polygons
2026-08-10 18:01:07 +0200: Memory Usage (474344K) : exchange3_drw has 0 polygons
2026-08-10 18:01:07 +0200: Memory Usage (474344K) : exchange3_pin has 0 polygons
2026-08-10 18:01:07 +0200: Memory Usage (474344K) : exchange3_text has 0 polygons
2026-08-10 18:01:07 +0200: Memory Usage (474344K) : exchange4_drw has 0 polygons
2026-08-10 18:01:07 +0200: Memory Usage (474344K) : exchange4_pin has 0 polygons
2026-08-10 18:01:07 +0200: Memory Usage (474344K) : exchange4_text has 0 polygons
2026-08-10 18:01:07 +0200: Memory Usage (474344K) : isonwell_drw has 0 polygons
2026-08-10 18:01:07 +0200: Memory Usage (474344K) : Total no. of polygons in the design is 38603
2026-08-10 18:01:07 +0200: Memory Usage (474344K) : Starting base layers derivations
2026-08-10 18:01:07 +0200: Memory Usage (474344K) : Starting general LVS derivations
2026-08-10 18:01:07 +0200: Memory Usage (478312K) : Starting MOSFET DERIVATIONS
2026-08-10 18:01:07 +0200: Memory Usage (485992K) : Starting NMOS DERIVATIONS
2026-08-10 18:01:07 +0200: Memory Usage (485992K) : Starting PMOS DERIVATIONS
2026-08-10 18:01:07 +0200: Memory Usage (485992K) : Starting RF-MOSFET DERIVATIONS
2026-08-10 18:01:07 +0200: Memory Usage (485992K) : Starting RF-NMOS DERIVATIONS
2026-08-10 18:01:07 +0200: Memory Usage (485992K) : Starting RF-PMOS DERIVATIONS
2026-08-10 18:01:07 +0200: Memory Usage (485992K) : Starting BJT DERIVATIONS
2026-08-10 18:01:07 +0200: Memory Usage (485992K) : Starting NPN-BJT DERIVATIONS
2026-08-10 18:01:07 +0200: Memory Usage (485992K) : Starting PNP-BJT DERIVATIONS
2026-08-10 18:01:07 +0200: Memory Usage (485992K) : Starting DIODE DERIVATIONS
2026-08-10 18:01:08 +0200: Memory Usage (485992K) : Starting RESISTOR DERIVATIONS
2026-08-10 18:01:08 +0200: Memory Usage (486248K) : Starting CAP DERIVATIONS
2026-08-10 18:01:08 +0200: Memory Usage (486248K) : Starting CAP_CMOM DERIVATIONS
2026-08-10 18:01:08 +0200: Memory Usage (486248K) : Starting ESD DERIVATIONS
2026-08-10 18:01:09 +0200: Memory Usage (487016K) : Starting Inductor DERIVATIONS
2026-08-10 18:01:09 +0200: Memory Usage (487016K) : Starting Taps DERIVATIONS
2026-08-10 18:01:09 +0200: Memory Usage (487016K) : Starting SG13G2 LVS connectivity setup
2026-08-10 18:01:09 +0200: Memory Usage (487016K) : Starting SG13G2 LVS connectivity setup (Inter-layer)
2026-08-10 18:01:09 +0200: Memory Usage (487144K) : Starting SG13G2 LVS connectivity setup (Global)
2026-08-10 18:01:09 +0200: Memory Usage (487144K) : Starting LVS MOSFET CONNECTIONS
2026-08-10 18:01:09 +0200: Memory Usage (487144K) : Starting LVS RF-MOSFET CONNECTIONS
2026-08-10 18:01:09 +0200: Memory Usage (487144K) : Starting LVS BJT CONNECTIONS
2026-08-10 18:01:09 +0200: Memory Usage (487144K) : Starting LVS DIODE CONNECTIONS
2026-08-10 18:01:09 +0200: Memory Usage (487144K) : Starting RESISTOR CONNECTIONS
2026-08-10 18:01:09 +0200: Memory Usage (487144K) : Starting LVS CAP CONNECTIONS
2026-08-10 18:01:09 +0200: Memory Usage (487144K) : Starting CAP_CMOM CONNECTIONS
2026-08-10 18:01:09 +0200: Memory Usage (487144K) : Starting ESD CONNECTIONS
2026-08-10 18:01:09 +0200: Memory Usage (487144K) : Starting Inductor CONNECTIONS
2026-08-10 18:01:09 +0200: Memory Usage (487144K) : Starting LVS Taps CONNECTIONS
2026-08-10 18:01:09 +0200: Memory Usage (487144K) : Starting SG13G2 LVS DEVICES EXTRACTION
2026-08-10 18:01:09 +0200: Memory Usage (487144K) : Starting MOSFET EXTRACTION
2026-08-10 18:01:09 +0200: Memory Usage (487144K) : Starting NMOS EXTRACTION
2026-08-10 18:01:09 +0200: Memory Usage (487144K) : Extraction of NMOS-LV transistor
2026-08-10 18:01:09 +0200: Memory Usage (487144K) : Extraction of NMOS-HV transistor
2026-08-10 18:01:09 +0200: Memory Usage (487272K) : Starting PMOS EXTRACTION
2026-08-10 18:01:09 +0200: Memory Usage (487272K) : Extraction of PMOS-LV transistor
2026-08-10 18:01:09 +0200: Memory Usage (487272K) : Extraction of PMOS-HV transistor
2026-08-10 18:01:09 +0200: Memory Usage (487272K) : Starting RF-MOSFET EXTRACTION
2026-08-10 18:01:09 +0200: Memory Usage (487272K) : Extraction of RF-NMOS-LV transistor
2026-08-10 18:01:09 +0200: Memory Usage (487272K) : Extraction of RF-NMOS-HV transistor
2026-08-10 18:01:09 +0200: Memory Usage (487272K) : Extraction of RF-PMOS-LV transistor
2026-08-10 18:01:09 +0200: Memory Usage (487272K) : Extraction of RF-PMOS-HV transistor
2026-08-10 18:01:09 +0200: Memory Usage (487272K) : Starting BJT EXTRACTION
2026-08-10 18:01:09 +0200: Memory Usage (487272K) : Starting NPN-BJT EXTRACTION
2026-08-10 18:01:09 +0200: Memory Usage (487272K) : Extraction of npn13G2 BJT transistor
2026-08-10 18:01:09 +0200: Memory Usage (487272K) : Extraction of npn13G2L BJT transistor
2026-08-10 18:01:09 +0200: Memory Usage (487272K) : Extraction of npn13G2V BJT transistor
2026-08-10 18:01:09 +0200: Memory Usage (487272K) : Starting PNP-BJT EXTRACTION
2026-08-10 18:01:09 +0200: Memory Usage (487272K) : Extracting pnpMPA BJT
2026-08-10 18:01:09 +0200: Memory Usage (487272K) : Starting DIODE EXTRACTION
2026-08-10 18:01:09 +0200: Memory Usage (487272K) : Extracting dantenna diode
2026-08-10 18:01:09 +0200: Memory Usage (487272K) : Extracting dpantenna diode
2026-08-10 18:01:09 +0200: Memory Usage (487272K) : Extracting schottky_nbl1 diode
2026-08-10 18:01:09 +0200: Memory Usage (487272K) : Extracting isolbox diode
2026-08-10 18:01:09 +0200: Memory Usage (487272K) : Starting RESISTOR EXTRACTION
2026-08-10 18:01:09 +0200: Memory Usage (487272K) : Extracting rsil resistor
2026-08-10 18:01:09 +0200: Memory Usage (487272K) : Extracting rppd resistor
2026-08-10 18:01:09 +0200: Memory Usage (487272K) : Extracting rhigh resistor
2026-08-10 18:01:09 +0200: Memory Usage (487272K) : Extracting res_metal1 resistor
2026-08-10 18:01:09 +0200: Memory Usage (487400K) : Extracting res_metal2 resistor
2026-08-10 18:01:09 +0200: Memory Usage (487400K) : Extracting res_metal3 resistor
2026-08-10 18:01:09 +0200: Memory Usage (487400K) : Extracting res_metal4 resistor
2026-08-10 18:01:09 +0200: Memory Usage (487400K) : Extracting res_metal5 resistor
2026-08-10 18:01:09 +0200: Memory Usage (487400K) : Extracting res_topmetal1 resistor
2026-08-10 18:01:09 +0200: Memory Usage (487400K) : Extracting res_topmetal2 resistor
2026-08-10 18:01:09 +0200: Memory Usage (487400K) : Starting CAP EXTRACTION
2026-08-10 18:01:09 +0200: Memory Usage (487400K) : Extracting cap_cmim device
2026-08-10 18:01:09 +0200: Memory Usage (487400K) : Extracting rfcmim device
2026-08-10 18:01:09 +0200: Memory Usage (487400K) : Extracting sg13_hv_svaricap varactor
2026-08-10 18:01:09 +0200: Memory Usage (487400K) : Extracting cap_cmomi device
2026-08-10 18:01:09 +0200: Memory Usage (487400K) : Extracting sg13_moscap_n capacitor
2026-08-10 18:01:09 +0200: Memory Usage (487400K) : Extracting sg13_moscap_p capacitor
2026-08-10 18:01:09 +0200: Memory Usage (487400K) : Starting ESD EXTRACTION
2026-08-10 18:01:09 +0200: Memory Usage (487400K) : Extracting diodevdd_2kv ESD device
2026-08-10 18:01:09 +0200: Memory Usage (487400K) : Extracting diodevdd_4kv ESD device
2026-08-10 18:01:09 +0200: Memory Usage (487400K) : Extracting diodevss_2kv ESD device
2026-08-10 18:01:09 +0200: Memory Usage (487400K) : Extracting diodevss_4kv ESD device
2026-08-10 18:01:09 +0200: Memory Usage (487400K) : Extracting idiodevdd_2kv ESD device
2026-08-10 18:01:09 +0200: Memory Usage (487400K) : Extracting idiodevdd_4kv ESD device
2026-08-10 18:01:09 +0200: Memory Usage (487400K) : Extracting idiodevss_2kv ESD device
2026-08-10 18:01:09 +0200: Memory Usage (487400K) : Extracting idiodevss_4kv ESD device
2026-08-10 18:01:09 +0200: Memory Usage (487400K) : Extracting nmoscl_2 ESD device
2026-08-10 18:01:09 +0200: Memory Usage (487400K) : Extracting nmoscl_4 ESD device
2026-08-10 18:01:09 +0200: Memory Usage (487400K) : Starting Inductor EXTRACTION
2026-08-10 18:01:09 +0200: Memory Usage (487400K) : Extracting Inductor2 device
2026-08-10 18:01:09 +0200: Memory Usage (487400K) : Extracting Inductor3 device
2026-08-10 18:01:09 +0200: Memory Usage (487400K) : Starting Taps EXTRACTION
2026-08-10 18:01:09 +0200: Memory Usage (487400K) : Extracting ntap1 device
2026-08-10 18:01:09 +0200: Memory Usage (487400K) : Extracting ptap1 device
2026-08-10 18:01:09 +0200: Memory Usage (487400K) : Starting SG13G2 LVS RF MOS Model Mapping
2026-08-10 18:01:09 +0200: Memory Usage (487656K) : [layout_netlist] Apply RF MOS model mapping and rfmode parameter.
2026-08-10 18:01:09 +0200: Memory Usage (487656K) : Starting SG13G2 LVS Options Preparations
2026-08-10 18:01:09 +0200: Memory Usage (487656K) : SG13G2 LVS flow: extraction -> alignment -> option preparation -> comparison.
2026-08-10 18:01:09 +0200: Memory Usage (487656K) : Starting SG13G2 LVS Alignment
2026-08-10 18:01:09 +0200: Memory Usage (487784K) : Starting SG13G2 LVS Simplification
2026-08-10 18:01:09 +0200: Memory Usage (487784K) : [layout_netlist] simplify: ENABLED
2026-08-10 18:01:09 +0200: Memory Usage (487784K) : [layout_netlist] make_top_level_pins: SKIPPED
2026-08-10 18:01:09 +0200: Memory Usage (487784K) : [layout_netlist] combine_devices: ENABLED
2026-08-10 18:01:09 +0200: Memory Usage (487784K) : [layout_netlist] purge: SKIPPED
2026-08-10 18:01:09 +0200: Memory Usage (487784K) : [layout_netlist] purge_nets: SKIPPED
2026-08-10 18:01:09 +0200: Memory Usage (487784K) : [schematic_netlist] simplify: ENABLED
2026-08-10 18:01:09 +0200: Memory Usage (487784K) : [schematic_netlist] make_top_level_pins: SKIPPED
2026-08-10 18:01:09 +0200: Memory Usage (487784K) : [schematic_netlist] combine_devices: ENABLED
2026-08-10 18:01:09 +0200: Memory Usage (487784K) : [schematic_netlist] purge: SKIPPED
2026-08-10 18:01:09 +0200: Memory Usage (487784K) : [schematic_netlist] purge_nets: SKIPPED
2026-08-10 18:01:09 +0200: Memory Usage (487784K) : Starting SG13G2 LVS Comparison
2026-08-10 18:01:09 +0200: Memory Usage (487912K) : ==========================================
2026-08-10 18:01:09 +0200: Memory Usage (487912K) : INFO : Congratulations! Netlists match.
2026-08-10 18:01:09 +0200: Memory Usage (487912K) : ==========================================
2026-08-10 18:01:09 +0200: Memory Usage (487912K) : LVS Total Run time 3.583920 seconds
