# Logfile created on 2026-08-03 14:10:56 +0200 by logger.rb/v1.5.3
2026-08-03 14:10:56 +0200: Memory Usage (455772K) : Starting running SG13G2 Klayout LVS runset on /foss/designs/ihp-open-pdk-regression/IOPADS/layout/sg13g2_IOPadOut4mA.gds
2026-08-03 14:10:56 +0200: Memory Usage (455772K) : Ruby Version for klayout: 3.2.3
2026-08-03 14:10:56 +0200: Memory Usage (457564K) : Loading database to memory is complete.
2026-08-03 14:10:56 +0200: Memory Usage (457564K) : SG13G2 Klayout LVS runset output at: /foss/designs/ihp-open-pdk-regression/IOPADS/lvs_sweep/20260803_140929/sg13g2_IOPadOut4mA/sg13g2_IOPadOut4mA.lvsdb
2026-08-03 14:10:56 +0200: Memory Usage (457564K) : Evaluate switches.
2026-08-03 14:10:56 +0200: Memory Usage (457564K) : Extracted netlist with net names: true
2026-08-03 14:10:56 +0200: Memory Usage (457564K) : Extracted netlist with comments in details: false
2026-08-03 14:10:56 +0200: Memory Usage (457564K) : Selected NET_ONLY option: false
2026-08-03 14:10:56 +0200: Memory Usage (457564K) : Selected LAYOUT_NETLIST option: (none)
2026-08-03 14:10:56 +0200: Memory Usage (457564K) : Selected IGNORE_TOP_PORTS_MISMATCH option: 
2026-08-03 14:10:56 +0200: Memory Usage (457564K) : Selected IMPLICIT_NETS option: (none)
2026-08-03 14:10:56 +0200: Memory Usage (457564K) : Selected TOP_LVL_PINS option: false
2026-08-03 14:10:56 +0200: Memory Usage (457564K) : Selected COMBINE DEVICES option: false
2026-08-03 14:10:56 +0200: Memory Usage (457564K) : Selected PURGE option: false
2026-08-03 14:10:56 +0200: Memory Usage (457564K) : Selected PURGE_NETS option: false
2026-08-03 14:10:56 +0200: Memory Usage (457564K) : Selected SIMPLIFY option: true
2026-08-03 14:10:56 +0200: Memory Usage (457564K) : Selected SERIES_RES option: true
2026-08-03 14:10:56 +0200: Memory Usage (457564K) : Selected PARALLEL_RES option: true
2026-08-03 14:10:56 +0200: Memory Usage (457564K) : Selected DISABLE_TAP_EXTRACTION option: false
2026-08-03 14:10:56 +0200: Memory Usage (457564K) : deep  mode is enabled.
2026-08-03 14:10:56 +0200: Memory Usage (457692K) : Netlist file: /foss/designs/ihp-open-pdk-regression/IOPADS/netlist/pads/sg13g2_IOPadOut4mA.spi
2026-08-03 14:10:56 +0200: Memory Usage (457692K) : LVS extracted netlist at: /foss/designs/ihp-open-pdk-regression/IOPADS/lvs_sweep/20260803_140929/sg13g2_IOPadOut4mA/sg13g2_IOPadOut4mA_extracted.cir
2026-08-03 14:10:56 +0200: Memory Usage (457692K) : Applying SRAM integration support.
2026-08-03 14:10:56 +0200: Memory Usage (457692K) : Starting SG13G2 LVS runset
2026-08-03 14:10:56 +0200: Memory Usage (457692K) : Read in polygons from layers.
2026-08-03 14:10:56 +0200: Memory Usage (458972K) : activ_drw has 77 polygons
2026-08-03 14:10:56 +0200: Memory Usage (458972K) : activ_filler has 0 polygons
2026-08-03 14:10:56 +0200: Memory Usage (459100K) : activ has 77 polygons
2026-08-03 14:10:56 +0200: Memory Usage (459100K) : activ_pin has 0 polygons
2026-08-03 14:10:56 +0200: Memory Usage (459228K) : activ_mask has 0 polygons
2026-08-03 14:10:56 +0200: Memory Usage (459228K) : activ_nofill has 0 polygons
2026-08-03 14:10:56 +0200: Memory Usage (459228K) : activ_OPC has 0 polygons
2026-08-03 14:10:56 +0200: Memory Usage (459228K) : activ_iOPC has 0 polygons
2026-08-03 14:10:56 +0200: Memory Usage (459228K) : activ_noqrc has 0 polygons
2026-08-03 14:10:56 +0200: Memory Usage (459228K) : biwind_drw has 0 polygons
2026-08-03 14:10:56 +0200: Memory Usage (459228K) : biwind_OPC has 0 polygons
2026-08-03 14:10:56 +0200: Memory Usage (459228K) : gatpoly_drw has 28 polygons
2026-08-03 14:10:57 +0200: Memory Usage (459228K) : gatpoly_filler has 0 polygons
2026-08-03 14:10:57 +0200: Memory Usage (459228K) : gatpoly has 28 polygons
2026-08-03 14:10:57 +0200: Memory Usage (459356K) : gatpoly_pin has 0 polygons
2026-08-03 14:10:57 +0200: Memory Usage (459484K) : gatpoly_nofill has 0 polygons
2026-08-03 14:10:57 +0200: Memory Usage (459484K) : gatpoly_OPC has 0 polygons
2026-08-03 14:10:57 +0200: Memory Usage (459612K) : gatpoly_iOPC has 0 polygons
2026-08-03 14:10:57 +0200: Memory Usage (459612K) : gatpoly_noqrc has 0 polygons
2026-08-03 14:10:57 +0200: Memory Usage (461148K) : cont_drw has 45805 polygons
2026-08-03 14:10:57 +0200: Memory Usage (461148K) : cont_OPC has 0 polygons
2026-08-03 14:10:57 +0200: Memory Usage (461276K) : nsd_drw has 0 polygons
2026-08-03 14:10:57 +0200: Memory Usage (461276K) : nsd_block has 0 polygons
2026-08-03 14:10:57 +0200: Memory Usage (461276K) : metal1_drw has 162 polygons
2026-08-03 14:10:57 +0200: Memory Usage (461276K) : metal1_filler has 0 polygons
2026-08-03 14:10:57 +0200: Memory Usage (461276K) : metal1_slit has 0 polygons
2026-08-03 14:10:57 +0200: Memory Usage (461404K) : metal1 has 162 polygons
2026-08-03 14:10:57 +0200: Memory Usage (461404K) : metal1_pin has 27 polygons
2026-08-03 14:10:57 +0200: Memory Usage (461404K) : metal1_mask has 0 polygons
2026-08-03 14:10:57 +0200: Memory Usage (461404K) : metal1_nofill has 0 polygons
2026-08-03 14:10:57 +0200: Memory Usage (461916K) : metal1_text has 26 polygons
2026-08-03 14:10:57 +0200: Memory Usage (461916K) : metal1_OPC has 0 polygons
2026-08-03 14:10:57 +0200: Memory Usage (461916K) : metal1_noqrc has 0 polygons
2026-08-03 14:10:57 +0200: Memory Usage (462044K) : metal1_res has 0 polygons
2026-08-03 14:10:57 +0200: Memory Usage (462044K) : metal1_iprobe has 0 polygons
2026-08-03 14:10:57 +0200: Memory Usage (462044K) : metal1_diffprb has 0 polygons
2026-08-03 14:10:57 +0200: Memory Usage (462044K) : passiv_drw has 0 polygons
2026-08-03 14:10:57 +0200: Memory Usage (462044K) : passiv_pin has 0 polygons
2026-08-03 14:10:57 +0200: Memory Usage (462044K) : passiv_sbump has 0 polygons
2026-08-03 14:10:57 +0200: Memory Usage (462172K) : passiv_pillar has 0 polygons
2026-08-03 14:10:57 +0200: Memory Usage (462300K) : passiv_pdl has 0 polygons
2026-08-03 14:10:57 +0200: Memory Usage (462300K) : metal2_drw has 50 polygons
2026-08-03 14:10:57 +0200: Memory Usage (462300K) : metal2_filler has 0 polygons
2026-08-03 14:10:57 +0200: Memory Usage (462428K) : metal2_slit has 0 polygons
2026-08-03 14:10:57 +0200: Memory Usage (462556K) : metal2 has 50 polygons
2026-08-03 14:10:57 +0200: Memory Usage (462556K) : metal2_pin has 13 polygons
2026-08-03 14:10:57 +0200: Memory Usage (462684K) : metal2_mask has 0 polygons
2026-08-03 14:10:57 +0200: Memory Usage (462684K) : metal2_nofill has 0 polygons
2026-08-03 14:10:57 +0200: Memory Usage (462812K) : metal2_text has 13 polygons
2026-08-03 14:10:57 +0200: Memory Usage (462812K) : metal2_OPC has 0 polygons
2026-08-03 14:10:57 +0200: Memory Usage (462940K) : metal2_noqrc has 0 polygons
2026-08-03 14:10:57 +0200: Memory Usage (462940K) : metal2_res has 0 polygons
2026-08-03 14:10:57 +0200: Memory Usage (463068K) : metal2_iprobe has 0 polygons
2026-08-03 14:10:57 +0200: Memory Usage (463068K) : metal2_diffprb has 0 polygons
2026-08-03 14:10:57 +0200: Memory Usage (463196K) : baspoly_drw has 0 polygons
2026-08-03 14:10:57 +0200: Memory Usage (463196K) : baspoly_pin has 0 polygons
2026-08-03 14:10:57 +0200: Memory Usage (463324K) : psd_drw has 30 polygons
2026-08-03 14:10:57 +0200: Memory Usage (463324K) : nldb_drw has 0 polygons
2026-08-03 14:10:57 +0200: Memory Usage (463452K) : digibnd_drw has 0 polygons
2026-08-03 14:10:57 +0200: Memory Usage (463452K) : via1_drw has 1524 polygons
2026-08-03 14:10:57 +0200: Memory Usage (463580K) : backmetal1_drw has 0 polygons
2026-08-03 14:10:57 +0200: Memory Usage (463708K) : backmetal1_pin has 0 polygons
2026-08-03 14:10:57 +0200: Memory Usage (463708K) : backmetal1_mask has 0 polygons
2026-08-03 14:10:57 +0200: Memory Usage (463836K) : backmetal1_filler has 0 polygons
2026-08-03 14:10:57 +0200: Memory Usage (463836K) : backmetal1_nofill has 0 polygons
2026-08-03 14:10:57 +0200: Memory Usage (463964K) : backmetal1_slit has 0 polygons
2026-08-03 14:10:57 +0200: Memory Usage (464092K) : backmetal1_text has 0 polygons
2026-08-03 14:10:57 +0200: Memory Usage (464092K) : backmetal1_OPC has 0 polygons
2026-08-03 14:10:57 +0200: Memory Usage (464220K) : backmetal1_noqrc has 0 polygons
2026-08-03 14:10:57 +0200: Memory Usage (464348K) : backmetal1_res has 0 polygons
2026-08-03 14:10:57 +0200: Memory Usage (464348K) : backmetal1_iprobe has 0 polygons
2026-08-03 14:10:57 +0200: Memory Usage (464476K) : backmetal1_diffprb has 0 polygons
2026-08-03 14:10:57 +0200: Memory Usage (464476K) : backpassiv_drw has 0 polygons
2026-08-03 14:10:57 +0200: Memory Usage (464604K) : res_drw has 0 polygons
2026-08-03 14:10:57 +0200: Memory Usage (464604K) : sram_drw has 0 polygons
2026-08-03 14:10:57 +0200: Memory Usage (464732K) : trans_drw has 0 polygons
2026-08-03 14:10:57 +0200: Memory Usage (464732K) : ind_drw has 0 polygons
2026-08-03 14:10:57 +0200: Memory Usage (464860K) : ind_pin has 0 polygons
2026-08-03 14:10:57 +0200: Memory Usage (464860K) : ind_text has 0 polygons
2026-08-03 14:10:57 +0200: Memory Usage (464988K) : salblock_drw has 0 polygons
2026-08-03 14:10:57 +0200: Memory Usage (464988K) : via2_drw has 1235 polygons
2026-08-03 14:10:57 +0200: Memory Usage (465116K) : metal3_drw has 13 polygons
2026-08-03 14:10:57 +0200: Memory Usage (465116K) : metal3_filler has 0 polygons
2026-08-03 14:10:57 +0200: Memory Usage (465244K) : metal3_slit has 0 polygons
2026-08-03 14:10:57 +0200: Memory Usage (465372K) : metal3 has 13 polygons
2026-08-03 14:10:57 +0200: Memory Usage (465500K) : metal3_pin has 9 polygons
2026-08-03 14:10:57 +0200: Memory Usage (465500K) : metal3_mask has 0 polygons
2026-08-03 14:10:57 +0200: Memory Usage (465628K) : metal3_nofill has 0 polygons
2026-08-03 14:10:57 +0200: Memory Usage (465628K) : metal3_text has 9 polygons
2026-08-03 14:10:57 +0200: Memory Usage (465756K) : metal3_OPC has 0 polygons
2026-08-03 14:10:57 +0200: Memory Usage (465884K) : metal3_noqrc has 0 polygons
2026-08-03 14:10:57 +0200: Memory Usage (465884K) : metal3_res has 0 polygons
2026-08-03 14:10:57 +0200: Memory Usage (466012K) : metal3_iprobe has 0 polygons
2026-08-03 14:10:57 +0200: Memory Usage (466012K) : metal3_diffprb has 0 polygons
2026-08-03 14:10:57 +0200: Memory Usage (466140K) : nwell_drw has 21 polygons
2026-08-03 14:10:57 +0200: Memory Usage (466140K) : nwell_pin has 0 polygons
2026-08-03 14:10:57 +0200: Memory Usage (466268K) : nwell_text has 0 polygons
2026-08-03 14:10:57 +0200: Memory Usage (466268K) : nbulay_drw has 0 polygons
2026-08-03 14:10:57 +0200: Memory Usage (466396K) : nbulay_pin has 0 polygons
2026-08-03 14:10:57 +0200: Memory Usage (466396K) : nbulay_block has 0 polygons
2026-08-03 14:10:57 +0200: Memory Usage (466524K) : emwind_drw has 0 polygons
2026-08-03 14:10:57 +0200: Memory Usage (466524K) : emwind_OPC has 0 polygons
2026-08-03 14:10:57 +0200: Memory Usage (466524K) : deepco_drw has 0 polygons
2026-08-03 14:10:57 +0200: Memory Usage (466780K) : mim_drw has 0 polygons
2026-08-03 14:10:57 +0200: Memory Usage (466780K) : edgeseal_drw has 0 polygons
2026-08-03 14:10:57 +0200: Memory Usage (466908K) : substrate_drw has 22 polygons
2026-08-03 14:10:57 +0200: Memory Usage (466908K) : substrate_text has 0 polygons
2026-08-03 14:10:57 +0200: Memory Usage (467036K) : dfpad_drw has 0 polygons
2026-08-03 14:10:57 +0200: Memory Usage (467036K) : dfpad_pillar has 0 polygons
2026-08-03 14:10:57 +0200: Memory Usage (467036K) : dfpad_sbump has 0 polygons
2026-08-03 14:10:57 +0200: Memory Usage (467164K) : thickgateox_drw has 4 polygons
2026-08-03 14:10:57 +0200: Memory Usage (467164K) : pldb_drw has 0 polygons
2026-08-03 14:10:57 +0200: Memory Usage (467292K) : pwell_drw has 0 polygons
2026-08-03 14:10:57 +0200: Memory Usage (467292K) : pwell_pin has 0 polygons
2026-08-03 14:10:57 +0200: Memory Usage (467420K) : pwell_block has 0 polygons
2026-08-03 14:10:57 +0200: Memory Usage (467420K) : ic_drw has 0 polygons
2026-08-03 14:10:57 +0200: Memory Usage (467548K) : via3_drw has 2087 polygons
2026-08-03 14:10:57 +0200: Memory Usage (467676K) : metal4_drw has 8 polygons
2026-08-03 14:10:57 +0200: Memory Usage (467676K) : metal4_filler has 0 polygons
2026-08-03 14:10:57 +0200: Memory Usage (467804K) : metal4_slit has 0 polygons
2026-08-03 14:10:57 +0200: Memory Usage (467804K) : metal4 has 8 polygons
2026-08-03 14:10:57 +0200: Memory Usage (467932K) : metal4_pin has 8 polygons
2026-08-03 14:10:57 +0200: Memory Usage (467932K) : metal4_mask has 0 polygons
2026-08-03 14:10:57 +0200: Memory Usage (468060K) : metal4_nofill has 0 polygons
2026-08-03 14:10:57 +0200: Memory Usage (468060K) : metal4_text has 8 polygons
2026-08-03 14:10:57 +0200: Memory Usage (468188K) : metal4_OPC has 0 polygons
2026-08-03 14:10:57 +0200: Memory Usage (468188K) : metal4_noqrc has 0 polygons
2026-08-03 14:10:57 +0200: Memory Usage (468316K) : metal4_res has 0 polygons
2026-08-03 14:10:57 +0200: Memory Usage (468316K) : metal4_iprobe has 0 polygons
2026-08-03 14:10:57 +0200: Memory Usage (468444K) : metal4_diffprb has 0 polygons
2026-08-03 14:10:57 +0200: Memory Usage (468444K) : heattrans_drw has 0 polygons
2026-08-03 14:10:57 +0200: Memory Usage (468572K) : heatres_drw has 0 polygons
2026-08-03 14:10:57 +0200: Memory Usage (468572K) : fbe_drw has 0 polygons
2026-08-03 14:10:57 +0200: Memory Usage (468572K) : empoly_drw has 0 polygons
2026-08-03 14:10:57 +0200: Memory Usage (468572K) : digisub_drw has 0 polygons
2026-08-03 14:10:57 +0200: Memory Usage (468572K) : text_drw has 15 polygons
2026-08-03 14:10:57 +0200: Memory Usage (468572K) : via4_drw has 2371 polygons
2026-08-03 14:10:57 +0200: Memory Usage (468572K) : metal5_drw has 8 polygons
2026-08-03 14:10:57 +0200: Memory Usage (468572K) : metal5_filler has 0 polygons
2026-08-03 14:10:57 +0200: Memory Usage (468572K) : metal5_slit has 0 polygons
2026-08-03 14:10:57 +0200: Memory Usage (468572K) : metal5 has 8 polygons
2026-08-03 14:10:57 +0200: Memory Usage (468572K) : metal5_pin has 8 polygons
2026-08-03 14:10:57 +0200: Memory Usage (468572K) : metal5_mask has 0 polygons
2026-08-03 14:10:57 +0200: Memory Usage (468572K) : metal5_nofill has 0 polygons
2026-08-03 14:10:57 +0200: Memory Usage (468572K) : metal5_text has 8 polygons
2026-08-03 14:10:57 +0200: Memory Usage (468572K) : metal5_OPC has 0 polygons
2026-08-03 14:10:57 +0200: Memory Usage (468572K) : metal5_noqrc has 0 polygons
2026-08-03 14:10:57 +0200: Memory Usage (468572K) : metal5_res has 0 polygons
2026-08-03 14:10:57 +0200: Memory Usage (468572K) : metal5_iprobe has 0 polygons
2026-08-03 14:10:57 +0200: Memory Usage (468572K) : metal5_diffprb has 0 polygons
2026-08-03 14:10:57 +0200: Memory Usage (468572K) : radhard_drw has 0 polygons
2026-08-03 14:10:57 +0200: Memory Usage (468572K) : memcap_drw has 0 polygons
2026-08-03 14:10:57 +0200: Memory Usage (468572K) : varicap_drw has 0 polygons
2026-08-03 14:10:57 +0200: Memory Usage (468572K) : intbondvia_drw has 0 polygons
2026-08-03 14:10:57 +0200: Memory Usage (468572K) : intbondmet_drw has 0 polygons
2026-08-03 14:10:57 +0200: Memory Usage (468572K) : devbondvia_drw has 0 polygons
2026-08-03 14:10:57 +0200: Memory Usage (468572K) : devbondmet_drw has 0 polygons
2026-08-03 14:10:57 +0200: Memory Usage (468572K) : devtrench_drw has 0 polygons
2026-08-03 14:10:57 +0200: Memory Usage (468572K) : redist_drw has 0 polygons
2026-08-03 14:10:57 +0200: Memory Usage (468572K) : graphbot_drw has 0 polygons
2026-08-03 14:10:57 +0200: Memory Usage (468572K) : graphtop_drw has 0 polygons
2026-08-03 14:10:57 +0200: Memory Usage (468572K) : antvia1_drw has 0 polygons
2026-08-03 14:10:57 +0200: Memory Usage (468572K) : antmetal2_drw has 0 polygons
2026-08-03 14:10:57 +0200: Memory Usage (468572K) : graphcont_drw has 0 polygons
2026-08-03 14:10:57 +0200: Memory Usage (468572K) : siwg_drw has 0 polygons
2026-08-03 14:10:57 +0200: Memory Usage (468572K) : siwg_filler has 0 polygons
2026-08-03 14:10:57 +0200: Memory Usage (468572K) : siwg_nofill has 0 polygons
2026-08-03 14:10:57 +0200: Memory Usage (468572K) : sigrating_drw has 0 polygons
2026-08-03 14:10:57 +0200: Memory Usage (468572K) : singrating_drw has 0 polygons
2026-08-03 14:10:57 +0200: Memory Usage (468572K) : graphpas_drw has 0 polygons
2026-08-03 14:10:57 +0200: Memory Usage (468572K) : emwind3_drw has 0 polygons
2026-08-03 14:10:57 +0200: Memory Usage (468572K) : emwihv3_drw has 0 polygons
2026-08-03 14:10:57 +0200: Memory Usage (468572K) : redbulay_drw has 0 polygons
2026-08-03 14:10:57 +0200: Memory Usage (468572K) : smos_drw has 0 polygons
2026-08-03 14:10:57 +0200: Memory Usage (468572K) : graphpad_drw has 0 polygons
2026-08-03 14:10:57 +0200: Memory Usage (468572K) : polimide_drw has 0 polygons
2026-08-03 14:10:57 +0200: Memory Usage (468572K) : polimide_pin has 0 polygons
2026-08-03 14:10:57 +0200: Memory Usage (468572K) : recog_drw has 0 polygons
2026-08-03 14:10:57 +0200: Memory Usage (468572K) : recog_pin has 0 polygons
2026-08-03 14:10:57 +0200: Memory Usage (468572K) : recog_esd has 0 polygons
2026-08-03 14:10:57 +0200: Memory Usage (468572K) : recog_diode has 6 polygons
2026-08-03 14:10:57 +0200: Memory Usage (468572K) : recog_tsv has 0 polygons
2026-08-03 14:10:57 +0200: Memory Usage (468572K) : recog_iprobe has 0 polygons
2026-08-03 14:10:57 +0200: Memory Usage (468572K) : recog_diffprb has 0 polygons
2026-08-03 14:10:57 +0200: Memory Usage (468572K) : recog_pillar has 0 polygons
2026-08-03 14:10:57 +0200: Memory Usage (468572K) : recog_sbump has 0 polygons
2026-08-03 14:10:57 +0200: Memory Usage (468572K) : recog_otp has 0 polygons
2026-08-03 14:10:57 +0200: Memory Usage (468572K) : recog_pdiode has 0 polygons
2026-08-03 14:10:57 +0200: Memory Usage (468572K) : recog_mom has 0 polygons
2026-08-03 14:10:57 +0200: Memory Usage (468572K) : recog_pcm has 0 polygons
2026-08-03 14:10:57 +0200: Memory Usage (468572K) : colopen_drw has 0 polygons
2026-08-03 14:10:57 +0200: Memory Usage (468572K) : graphmetal1_drw has 0 polygons
2026-08-03 14:10:57 +0200: Memory Usage (468572K) : graphmetal1_filler has 0 polygons
2026-08-03 14:10:57 +0200: Memory Usage (468572K) : graphmetal1_nofill has 0 polygons
2026-08-03 14:10:57 +0200: Memory Usage (468572K) : graphmetal1_slit has 0 polygons
2026-08-03 14:10:57 +0200: Memory Usage (468572K) : graphmetal1_OPC has 0 polygons
2026-08-03 14:10:57 +0200: Memory Usage (468572K) : graphmet1l_drw has 0 polygons
2026-08-03 14:10:57 +0200: Memory Usage (468572K) : graphmet1l_filler has 0 polygons
2026-08-03 14:10:57 +0200: Memory Usage (468572K) : graphmet1l_nofill has 0 polygons
2026-08-03 14:10:57 +0200: Memory Usage (468572K) : graphmet1l_slit has 0 polygons
2026-08-03 14:10:57 +0200: Memory Usage (468572K) : graphmet1l_OPC has 0 polygons
2026-08-03 14:10:57 +0200: Memory Usage (468572K) : extblock_drw has 0 polygons
2026-08-03 14:10:57 +0200: Memory Usage (468572K) : nldd_drw has 0 polygons
2026-08-03 14:10:57 +0200: Memory Usage (468572K) : pldd_drw has 0 polygons
2026-08-03 14:10:57 +0200: Memory Usage (468572K) : next_drw has 0 polygons
2026-08-03 14:10:57 +0200: Memory Usage (468572K) : pext_drw has 0 polygons
2026-08-03 14:10:57 +0200: Memory Usage (468572K) : nexthv_drw has 0 polygons
2026-08-03 14:10:57 +0200: Memory Usage (468572K) : pexthv_drw has 0 polygons
2026-08-03 14:10:57 +0200: Memory Usage (468572K) : graphgate_drw has 0 polygons
2026-08-03 14:10:57 +0200: Memory Usage (468572K) : sinwg_drw has 0 polygons
2026-08-03 14:10:57 +0200: Memory Usage (468572K) : sinwg_filler has 0 polygons
2026-08-03 14:10:57 +0200: Memory Usage (468572K) : sinwg_nofill has 0 polygons
2026-08-03 14:10:57 +0200: Memory Usage (468572K) : mempad_drw has 0 polygons
2026-08-03 14:10:57 +0200: Memory Usage (468572K) : topvia1_drw has 2315 polygons
2026-08-03 14:10:57 +0200: Memory Usage (468572K) : topmetal1_drw has 8 polygons
2026-08-03 14:10:57 +0200: Memory Usage (468572K) : topmetal1_filler has 0 polygons
2026-08-03 14:10:57 +0200: Memory Usage (468572K) : topmetal1_slit has 0 polygons
2026-08-03 14:10:57 +0200: Memory Usage (468572K) : topmetal1 has 8 polygons
2026-08-03 14:10:57 +0200: Memory Usage (468572K) : topmetal1_pin has 8 polygons
2026-08-03 14:10:57 +0200: Memory Usage (468572K) : topmetal1_mask has 0 polygons
2026-08-03 14:10:57 +0200: Memory Usage (468572K) : topmetal1_nofill has 0 polygons
2026-08-03 14:10:57 +0200: Memory Usage (468572K) : topmetal1_text has 8 polygons
2026-08-03 14:10:57 +0200: Memory Usage (468572K) : topmetal1_noqrc has 0 polygons
2026-08-03 14:10:57 +0200: Memory Usage (468572K) : topmetal1_res has 0 polygons
2026-08-03 14:10:57 +0200: Memory Usage (468572K) : topmetal1_iprobe has 0 polygons
2026-08-03 14:10:57 +0200: Memory Usage (468572K) : topmetal1_diffprb has 0 polygons
2026-08-03 14:10:57 +0200: Memory Usage (468572K) : inldpwl_drw has 0 polygons
2026-08-03 14:10:57 +0200: Memory Usage (468572K) : polyres_drw has 0 polygons
2026-08-03 14:10:57 +0200: Memory Usage (468572K) : polyres_pin has 0 polygons
2026-08-03 14:10:57 +0200: Memory Usage (468572K) : vmim_drw has 0 polygons
2026-08-03 14:10:57 +0200: Memory Usage (468572K) : nbulaycut_drw has 0 polygons
2026-08-03 14:10:57 +0200: Memory Usage (468572K) : antmetal1_drw has 0 polygons
2026-08-03 14:10:57 +0200: Memory Usage (468572K) : topvia2_drw has 1593 polygons
2026-08-03 14:10:57 +0200: Memory Usage (468572K) : topmetal2_drw has 6 polygons
2026-08-03 14:10:57 +0200: Memory Usage (468572K) : topmetal2_filler has 0 polygons
2026-08-03 14:10:57 +0200: Memory Usage (468572K) : topmetal2_slit has 0 polygons
2026-08-03 14:10:57 +0200: Memory Usage (468572K) : topmetal2 has 6 polygons
2026-08-03 14:10:57 +0200: Memory Usage (468572K) : topmetal2_pin has 6 polygons
2026-08-03 14:10:57 +0200: Memory Usage (468572K) : topmetal2_mask has 0 polygons
2026-08-03 14:10:57 +0200: Memory Usage (468572K) : topmetal2_nofill has 0 polygons
2026-08-03 14:10:57 +0200: Memory Usage (468572K) : topmetal2_text has 6 polygons
2026-08-03 14:10:57 +0200: Memory Usage (468572K) : topmetal2_noqrc has 0 polygons
2026-08-03 14:10:57 +0200: Memory Usage (468572K) : topmetal2_res has 0 polygons
2026-08-03 14:10:57 +0200: Memory Usage (468572K) : topmetal2_iprobe has 0 polygons
2026-08-03 14:10:57 +0200: Memory Usage (468572K) : topmetal2_diffprb has 0 polygons
2026-08-03 14:10:57 +0200: Memory Usage (468572K) : snsring_drw has 0 polygons
2026-08-03 14:10:57 +0200: Memory Usage (468572K) : sensor_drw has 0 polygons
2026-08-03 14:10:57 +0200: Memory Usage (468572K) : snsarms_drw has 0 polygons
2026-08-03 14:10:57 +0200: Memory Usage (468572K) : snscmosvia_drw has 0 polygons
2026-08-03 14:10:57 +0200: Memory Usage (468572K) : colwind_drw has 0 polygons
2026-08-03 14:10:57 +0200: Memory Usage (468572K) : flm_drw has 0 polygons
2026-08-03 14:10:57 +0200: Memory Usage (468572K) : hafniumox_drw has 0 polygons
2026-08-03 14:10:57 +0200: Memory Usage (468572K) : memvia_drw has 0 polygons
2026-08-03 14:10:57 +0200: Memory Usage (468572K) : thinfilmres_drw has 0 polygons
2026-08-03 14:10:57 +0200: Memory Usage (468572K) : rfmem_drw has 0 polygons
2026-08-03 14:10:57 +0200: Memory Usage (468572K) : norcx_drw has 0 polygons
2026-08-03 14:10:57 +0200: Memory Usage (468572K) : norcx_m2m3 has 0 polygons
2026-08-03 14:10:57 +0200: Memory Usage (468572K) : norcx_m2m4 has 0 polygons
2026-08-03 14:10:57 +0200: Memory Usage (468700K) : norcx_m2m5 has 0 polygons
2026-08-03 14:10:57 +0200: Memory Usage (468700K) : norcx_m2tm1 has 0 polygons
2026-08-03 14:10:57 +0200: Memory Usage (468828K) : norcx_m2tm2 has 0 polygons
2026-08-03 14:10:57 +0200: Memory Usage (468828K) : norcx_m3m4 has 0 polygons
2026-08-03 14:10:57 +0200: Memory Usage (468956K) : norcx_m3m5 has 0 polygons
2026-08-03 14:10:57 +0200: Memory Usage (468956K) : norcx_m3tm1 has 0 polygons
2026-08-03 14:10:57 +0200: Memory Usage (469084K) : norcx_m3tm2 has 0 polygons
2026-08-03 14:10:57 +0200: Memory Usage (469084K) : norcx_m4m5 has 0 polygons
2026-08-03 14:10:57 +0200: Memory Usage (469212K) : norcx_m4tm1 has 0 polygons
2026-08-03 14:10:57 +0200: Memory Usage (469212K) : norcx_m4tm2 has 0 polygons
2026-08-03 14:10:57 +0200: Memory Usage (469340K) : norcx_m5tm1 has 0 polygons
2026-08-03 14:10:57 +0200: Memory Usage (469340K) : norcx_m5tm2 has 0 polygons
2026-08-03 14:10:57 +0200: Memory Usage (469468K) : norcx_tm1tm2 has 0 polygons
2026-08-03 14:10:57 +0200: Memory Usage (469468K) : norcx_m1sub has 0 polygons
2026-08-03 14:10:57 +0200: Memory Usage (469596K) : norcx_m2sub has 0 polygons
2026-08-03 14:10:57 +0200: Memory Usage (469596K) : norcx_m3sub has 0 polygons
2026-08-03 14:10:57 +0200: Memory Usage (469724K) : norcx_m4sub has 0 polygons
2026-08-03 14:10:57 +0200: Memory Usage (469724K) : norcx_m5sub has 0 polygons
2026-08-03 14:10:57 +0200: Memory Usage (469852K) : norcx_tm1sub has 0 polygons
2026-08-03 14:10:57 +0200: Memory Usage (469852K) : norcx_tm2sub has 0 polygons
2026-08-03 14:10:57 +0200: Memory Usage (469852K) : snsbotvia_drw has 0 polygons
2026-08-03 14:10:57 +0200: Memory Usage (469980K) : snstopvia_drw has 0 polygons
2026-08-03 14:10:57 +0200: Memory Usage (469980K) : deepvia_drw has 0 polygons
2026-08-03 14:10:57 +0200: Memory Usage (470108K) : fgetch_drw has 0 polygons
2026-08-03 14:10:57 +0200: Memory Usage (470108K) : ctrgat_drw has 0 polygons
2026-08-03 14:10:57 +0200: Memory Usage (470236K) : fgimp_drw has 0 polygons
2026-08-03 14:10:57 +0200: Memory Usage (470236K) : emwihv_drw has 0 polygons
2026-08-03 14:10:57 +0200: Memory Usage (470364K) : lbe_drw has 0 polygons
2026-08-03 14:10:57 +0200: Memory Usage (470364K) : alcustop_drw has 0 polygons
2026-08-03 14:10:57 +0200: Memory Usage (470492K) : nometfiller_drw has 0 polygons
2026-08-03 14:10:57 +0200: Memory Usage (470492K) : prboundary_drw has 0 polygons
2026-08-03 14:10:57 +0200: Memory Usage (470620K) : exchange0_drw has 0 polygons
2026-08-03 14:10:57 +0200: Memory Usage (470620K) : exchange0_pin has 0 polygons
2026-08-03 14:10:57 +0200: Memory Usage (470748K) : exchange0_text has 0 polygons
2026-08-03 14:10:57 +0200: Memory Usage (470748K) : exchange1_drw has 0 polygons
2026-08-03 14:10:57 +0200: Memory Usage (470876K) : exchange1_pin has 0 polygons
2026-08-03 14:10:57 +0200: Memory Usage (470876K) : exchange1_text has 0 polygons
2026-08-03 14:10:57 +0200: Memory Usage (470876K) : exchange2_drw has 0 polygons
2026-08-03 14:10:57 +0200: Memory Usage (471004K) : exchange2_pin has 0 polygons
2026-08-03 14:10:57 +0200: Memory Usage (471004K) : exchange2_text has 0 polygons
2026-08-03 14:10:57 +0200: Memory Usage (471132K) : exchange3_drw has 0 polygons
2026-08-03 14:10:57 +0200: Memory Usage (471132K) : exchange3_pin has 0 polygons
2026-08-03 14:10:57 +0200: Memory Usage (471260K) : exchange3_text has 0 polygons
2026-08-03 14:10:57 +0200: Memory Usage (471260K) : exchange4_drw has 0 polygons
2026-08-03 14:10:57 +0200: Memory Usage (471388K) : exchange4_pin has 0 polygons
2026-08-03 14:10:57 +0200: Memory Usage (471388K) : exchange4_text has 0 polygons
2026-08-03 14:10:57 +0200: Memory Usage (471516K) : isonwell_drw has 0 polygons
2026-08-03 14:10:57 +0200: Memory Usage (471516K) : Total no. of polygons in the design is 57545
2026-08-03 14:10:57 +0200: Memory Usage (471516K) : Starting base layers derivations
2026-08-03 14:10:57 +0200: Memory Usage (471516K) : Starting general LVS derivations
2026-08-03 14:10:57 +0200: Memory Usage (478684K) : Starting MOSFET DERIVATIONS
2026-08-03 14:10:58 +0200: Memory Usage (501852K) : Starting NMOS DERIVATIONS
2026-08-03 14:10:58 +0200: Memory Usage (501852K) : Starting PMOS DERIVATIONS
2026-08-03 14:10:58 +0200: Memory Usage (501852K) : Starting RF-MOSFET DERIVATIONS
2026-08-03 14:10:58 +0200: Memory Usage (501852K) : Starting RF-NMOS DERIVATIONS
2026-08-03 14:10:58 +0200: Memory Usage (501852K) : Starting RF-PMOS DERIVATIONS
2026-08-03 14:10:58 +0200: Memory Usage (501852K) : Starting BJT DERIVATIONS
2026-08-03 14:10:58 +0200: Memory Usage (501852K) : Starting NPN-BJT DERIVATIONS
2026-08-03 14:10:58 +0200: Memory Usage (501852K) : Starting PNP-BJT DERIVATIONS
2026-08-03 14:10:58 +0200: Memory Usage (501852K) : Starting DIODE DERIVATIONS
2026-08-03 14:10:59 +0200: Memory Usage (502108K) : Starting RESISTOR DERIVATIONS
2026-08-03 14:10:59 +0200: Memory Usage (502108K) : Starting CAP DERIVATIONS
2026-08-03 14:10:59 +0200: Memory Usage (502108K) : Starting ESD DERIVATIONS
2026-08-03 14:10:59 +0200: Memory Usage (502108K) : Starting Inductor DERIVATIONS
2026-08-03 14:10:59 +0200: Memory Usage (502748K) : Starting Taps DERIVATIONS
2026-08-03 14:10:59 +0200: Memory Usage (503900K) : Starting SG13G2 LVS connectivity setup
2026-08-03 14:10:59 +0200: Memory Usage (503900K) : Starting SG13G2 LVS connectivity setup (Inter-layer)
2026-08-03 14:10:59 +0200: Memory Usage (504028K) : Starting SG13G2 LVS connectivity setup (Global)
2026-08-03 14:10:59 +0200: Memory Usage (504028K) : Starting LVS MOSFET CONNECTIONS
2026-08-03 14:10:59 +0200: Memory Usage (504028K) : Starting LVS RF-MOSFET CONNECTIONS
2026-08-03 14:10:59 +0200: Memory Usage (504028K) : Starting LVS BJT CONNECTIONS
2026-08-03 14:10:59 +0200: Memory Usage (504028K) : Starting LVS DIODE CONNECTIONS
2026-08-03 14:10:59 +0200: Memory Usage (504028K) : Starting RESISTOR CONNECTIONS
2026-08-03 14:10:59 +0200: Memory Usage (504028K) : Starting LVS CAP CONNECTIONS
2026-08-03 14:10:59 +0200: Memory Usage (504028K) : Starting ESD CONNECTIONS
2026-08-03 14:10:59 +0200: Memory Usage (504028K) : Starting Inductor CONNECTIONS
2026-08-03 14:10:59 +0200: Memory Usage (504028K) : Starting LVS Taps CONNECTIONS
2026-08-03 14:10:59 +0200: Memory Usage (504028K) : Starting SG13G2 LVS DEVICES EXTRACTION
2026-08-03 14:10:59 +0200: Memory Usage (504028K) : Starting MOSFET EXTRACTION
2026-08-03 14:10:59 +0200: Memory Usage (504028K) : Starting NMOS EXTRACTION
2026-08-03 14:10:59 +0200: Memory Usage (504028K) : Extraction of NMOS-LV transistor
2026-08-03 14:10:59 +0200: Memory Usage (504412K) : Extraction of NMOS-HV transistor
2026-08-03 14:10:59 +0200: Memory Usage (504412K) : Starting PMOS EXTRACTION
2026-08-03 14:10:59 +0200: Memory Usage (504412K) : Extraction of PMOS-LV transistor
2026-08-03 14:10:59 +0200: Memory Usage (504540K) : Extraction of PMOS-HV transistor
2026-08-03 14:10:59 +0200: Memory Usage (504540K) : Starting RF-MOSFET EXTRACTION
2026-08-03 14:10:59 +0200: Memory Usage (504540K) : Extraction of RF-NMOS-LV transistor
2026-08-03 14:10:59 +0200: Memory Usage (504668K) : Extraction of RF-NMOS-HV transistor
2026-08-03 14:10:59 +0200: Memory Usage (504668K) : Extraction of RF-PMOS-LV transistor
2026-08-03 14:10:59 +0200: Memory Usage (504668K) : Extraction of RF-PMOS-HV transistor
2026-08-03 14:10:59 +0200: Memory Usage (504796K) : Starting BJT EXTRACTION
2026-08-03 14:10:59 +0200: Memory Usage (504796K) : Starting NPN-BJT EXTRACTION
2026-08-03 14:10:59 +0200: Memory Usage (504796K) : Extraction of npn13G2 BJT transistor
2026-08-03 14:10:59 +0200: Memory Usage (504796K) : Extraction of npn13G2L BJT transistor
2026-08-03 14:10:59 +0200: Memory Usage (504924K) : Extraction of npn13G2V BJT transistor
2026-08-03 14:10:59 +0200: Memory Usage (504924K) : Starting PNP-BJT EXTRACTION
2026-08-03 14:10:59 +0200: Memory Usage (504924K) : Extracting pnpMPA BJT
2026-08-03 14:10:59 +0200: Memory Usage (505052K) : Starting DIODE EXTRACTION
2026-08-03 14:10:59 +0200: Memory Usage (505052K) : Extracting dantenna diode
2026-08-03 14:10:59 +0200: Memory Usage (505180K) : Extracting dpantenna diode
2026-08-03 14:10:59 +0200: Memory Usage (505180K) : Extracting schottky_nbl1 diode
2026-08-03 14:10:59 +0200: Memory Usage (505308K) : Extracting isolbox diode
2026-08-03 14:11:00 +0200: Memory Usage (505436K) : Starting RESISTOR EXTRACTION
2026-08-03 14:11:00 +0200: Memory Usage (505436K) : Extracting rsil resistor
2026-08-03 14:11:00 +0200: Memory Usage (505436K) : Extracting rppd resistor
2026-08-03 14:11:00 +0200: Memory Usage (505436K) : Extracting rhigh resistor
2026-08-03 14:11:00 +0200: Memory Usage (505436K) : Extracting res_metal1 resistor
2026-08-03 14:11:00 +0200: Memory Usage (505436K) : Extracting res_metal2 resistor
2026-08-03 14:11:00 +0200: Memory Usage (505436K) : Extracting res_metal3 resistor
2026-08-03 14:11:00 +0200: Memory Usage (505436K) : Extracting res_metal4 resistor
2026-08-03 14:11:00 +0200: Memory Usage (505436K) : Extracting res_metal5 resistor
2026-08-03 14:11:00 +0200: Memory Usage (505436K) : Extracting res_topmetal1 resistor
2026-08-03 14:11:00 +0200: Memory Usage (505436K) : Extracting res_topmetal2 resistor
2026-08-03 14:11:00 +0200: Memory Usage (505436K) : Starting CAP EXTRACTION
2026-08-03 14:11:00 +0200: Memory Usage (505436K) : Extracting cap_cmim device
2026-08-03 14:11:00 +0200: Memory Usage (505436K) : Extracting rfcmim device
2026-08-03 14:11:00 +0200: Memory Usage (505436K) : Extracting sg13_hv_svaricap varactor
2026-08-03 14:11:00 +0200: Memory Usage (505436K) : Starting ESD EXTRACTION
2026-08-03 14:11:00 +0200: Memory Usage (505436K) : Extracting diodevdd_2kv ESD device
2026-08-03 14:11:00 +0200: Memory Usage (505436K) : Extracting diodevdd_4kv ESD device
2026-08-03 14:11:00 +0200: Memory Usage (505436K) : Extracting diodevss_2kv ESD device
2026-08-03 14:11:00 +0200: Memory Usage (505436K) : Extracting diodevss_4kv ESD device
2026-08-03 14:11:00 +0200: Memory Usage (505436K) : Extracting idiodevdd_2kv ESD device
2026-08-03 14:11:00 +0200: Memory Usage (505436K) : Extracting idiodevdd_4kv ESD device
2026-08-03 14:11:00 +0200: Memory Usage (505436K) : Extracting idiodevss_2kv ESD device
2026-08-03 14:11:00 +0200: Memory Usage (505436K) : Extracting idiodevss_4kv ESD device
2026-08-03 14:11:00 +0200: Memory Usage (505436K) : Extracting nmoscl_2 ESD device
2026-08-03 14:11:00 +0200: Memory Usage (505436K) : Extracting nmoscl_4 ESD device
2026-08-03 14:11:00 +0200: Memory Usage (505436K) : Starting Inductor EXTRACTION
2026-08-03 14:11:00 +0200: Memory Usage (505436K) : Extracting Inductor2 device
2026-08-03 14:11:00 +0200: Memory Usage (505436K) : Extracting Inductor3 device
2026-08-03 14:11:00 +0200: Memory Usage (505436K) : Starting Taps EXTRACTION
2026-08-03 14:11:00 +0200: Memory Usage (505436K) : Extracting ntap1 device
2026-08-03 14:11:00 +0200: Memory Usage (505436K) : Extracting ptap1 device
2026-08-03 14:11:00 +0200: Memory Usage (505564K) : Starting SG13G2 LVS RF MOS Model Mapping
2026-08-03 14:11:00 +0200: Memory Usage (505564K) : [layout_netlist] Apply RF MOS model mapping and rfmode parameter.
2026-08-03 14:11:00 +0200: Memory Usage (505564K) : Starting SG13G2 LVS Options Preparations
2026-08-03 14:11:00 +0200: Memory Usage (505564K) : SG13G2 LVS flow: extraction -> alignment -> option preparation -> comparison.
2026-08-03 14:11:00 +0200: Memory Usage (505564K) : Starting SG13G2 LVS Alignment
2026-08-03 14:11:00 +0200: Memory Usage (505692K) : Starting SG13G2 LVS Simplification
2026-08-03 14:11:00 +0200: Memory Usage (505692K) : [layout_netlist] simplify: ENABLED
2026-08-03 14:11:00 +0200: Memory Usage (505692K) : [layout_netlist] make_top_level_pins: SKIPPED
2026-08-03 14:11:00 +0200: Memory Usage (505692K) : [layout_netlist] combine_devices: SKIPPED
2026-08-03 14:11:00 +0200: Memory Usage (505692K) : [layout_netlist] purge: SKIPPED
2026-08-03 14:11:00 +0200: Memory Usage (505692K) : [layout_netlist] purge_nets: SKIPPED
2026-08-03 14:11:00 +0200: Memory Usage (505692K) : [schematic_netlist] simplify: ENABLED
2026-08-03 14:11:00 +0200: Memory Usage (505692K) : [schematic_netlist] make_top_level_pins: SKIPPED
2026-08-03 14:11:00 +0200: Memory Usage (505692K) : [schematic_netlist] combine_devices: SKIPPED
2026-08-03 14:11:00 +0200: Memory Usage (505692K) : [schematic_netlist] purge: SKIPPED
2026-08-03 14:11:00 +0200: Memory Usage (505692K) : [schematic_netlist] purge_nets: SKIPPED
2026-08-03 14:11:00 +0200: Memory Usage (505692K) : Starting SG13G2 LVS Comparison in strict port mode.
2026-08-03 14:11:00 +0200: Memory Usage (505692K) : flag_missing_ports enabled: missing/mislabeled top-level ports are treated as errors.
2026-08-03 14:11:00 +0200: Memory Usage (505820K) : xxxxxxxxxxxxxxxxxxxxxxxxxxxxxxxxxxxxxxxxxx
2026-08-03 14:11:00 +0200: Memory Usage (505820K) : ERROR : Netlists don't match
2026-08-03 14:11:00 +0200: Memory Usage (505820K) : xxxxxxxxxxxxxxxxxxxxxxxxxxxxxxxxxxxxxxxxxx
2026-08-03 14:11:00 +0200: Memory Usage (505820K) : LVS Total Run time 3.977684 seconds
