11-Aug-2026 13:42:13 | INFO    | Your Klayout version is: KLayout 0.30.10 (required >= 0.30.5)
11-Aug-2026 13:42:13 | INFO    | Running SG13G2 LVS checks on design /foss/designs/ihp-open-pdk-regression/IOPADS/layout/sg13g2_IOPadIOVdd.gds on cell sg13g2_IOPadIOVdd
2026-08-11 13:42:17 +0200: Memory Usage (455740K) : Starting running SG13G2 Klayout LVS runset on /foss/designs/ihp-open-pdk-regression/IOPADS/layout/sg13g2_IOPadIOVdd.gds
2026-08-11 13:42:17 +0200: Memory Usage (455740K) : Ruby Version for klayout: 3.2.3
2026-08-11 13:42:17 +0200: Memory Usage (456764K) : Loading database to memory is complete.
2026-08-11 13:42:17 +0200: Memory Usage (456764K) : SG13G2 Klayout LVS runset output at: /foss/designs/ihp-open-pdk-regression/IOPADS/lvs_sweep/20260811_134120/sg13g2_IOPadIOVdd/sg13g2_IOPadIOVdd.lvsdb
2026-08-11 13:42:17 +0200: Memory Usage (456764K) : Evaluate switches.
2026-08-11 13:42:17 +0200: Memory Usage (456764K) : Extracted netlist with net names: true
2026-08-11 13:42:17 +0200: Memory Usage (456764K) : Extracted netlist with comments in details: false
2026-08-11 13:42:17 +0200: Memory Usage (456764K) : Selected NET_ONLY option: false
2026-08-11 13:42:17 +0200: Memory Usage (456764K) : Selected LAYOUT_NETLIST option: (none)
2026-08-11 13:42:17 +0200: Memory Usage (456764K) : Selected IGNORE_TOP_PORTS_MISMATCH option: true
2026-08-11 13:42:17 +0200: Memory Usage (456764K) : Selected IMPLICIT_NETS option: iovss,iovdd,vss,vdd,pad,cathode,anode
2026-08-11 13:42:17 +0200: Memory Usage (456764K) : Selected TOP_LVL_PINS option: false
2026-08-11 13:42:17 +0200: Memory Usage (456764K) : Selected COMBINE DEVICES option: true
2026-08-11 13:42:17 +0200: Memory Usage (456764K) : Selected PURGE option: false
2026-08-11 13:42:17 +0200: Memory Usage (456764K) : Selected PURGE_NETS option: false
2026-08-11 13:42:17 +0200: Memory Usage (456892K) : Selected SIMPLIFY option: true
2026-08-11 13:42:17 +0200: Memory Usage (456892K) : Selected SERIES_RES option: true
2026-08-11 13:42:17 +0200: Memory Usage (456892K) : Selected PARALLEL_RES option: true
2026-08-11 13:42:17 +0200: Memory Usage (456892K) : Selected DISABLE_TAP_EXTRACTION option: false
2026-08-11 13:42:17 +0200: Memory Usage (456892K) : deep  mode is enabled.
2026-08-11 13:42:17 +0200: Memory Usage (456892K) : Applying implicit connections (case-sensitive, pattern supported) for nets: iovss, iovdd, vss, vdd, pad, cathode, anode
2026-08-11 13:42:17 +0200: Memory Usage (458556K) : Netlist file: /foss/designs/ihp-open-pdk-regression/IOPADS/netlist/pads_upstream/sg13g2_IOPadIOVdd.spi
2026-08-11 13:42:17 +0200: Memory Usage (458556K) : LVS extracted netlist at: /foss/designs/ihp-open-pdk-regression/IOPADS/lvs_sweep/20260811_134120/sg13g2_IOPadIOVdd/sg13g2_IOPadIOVdd_extracted.cir
2026-08-11 13:42:17 +0200: Memory Usage (458556K) : Applying SRAM integration support.
2026-08-11 13:42:17 +0200: Memory Usage (458556K) : Starting SG13G2 LVS runset
2026-08-11 13:42:17 +0200: Memory Usage (458556K) : Read in polygons from layers.
2026-08-11 13:42:17 +0200: Memory Usage (459964K) : activ_drw has 39 polygons
2026-08-11 13:42:17 +0200: Memory Usage (459964K) : activ_filler has 0 polygons
2026-08-11 13:42:17 +0200: Memory Usage (460092K) : activ has 39 polygons
2026-08-11 13:42:17 +0200: Memory Usage (460092K) : activ_pin has 0 polygons
2026-08-11 13:42:17 +0200: Memory Usage (460092K) : activ_mask has 0 polygons
2026-08-11 13:42:17 +0200: Memory Usage (460092K) : activ_nofill has 0 polygons
2026-08-11 13:42:17 +0200: Memory Usage (460092K) : activ_OPC has 0 polygons
2026-08-11 13:42:17 +0200: Memory Usage (460092K) : activ_iOPC has 0 polygons
2026-08-11 13:42:17 +0200: Memory Usage (460092K) : activ_noqrc has 0 polygons
2026-08-11 13:42:17 +0200: Memory Usage (460092K) : biwind_drw has 0 polygons
2026-08-11 13:42:17 +0200: Memory Usage (460220K) : biwind_OPC has 0 polygons
2026-08-11 13:42:17 +0200: Memory Usage (460220K) : gatpoly_drw has 132 polygons
2026-08-11 13:42:17 +0200: Memory Usage (460348K) : gatpoly_filler has 0 polygons
2026-08-11 13:42:17 +0200: Memory Usage (460348K) : gatpoly has 132 polygons
2026-08-11 13:42:17 +0200: Memory Usage (460476K) : gatpoly_pin has 0 polygons
2026-08-11 13:42:17 +0200: Memory Usage (460860K) : gatpoly_nofill has 0 polygons
2026-08-11 13:42:17 +0200: Memory Usage (460860K) : gatpoly_OPC has 0 polygons
2026-08-11 13:42:17 +0200: Memory Usage (460860K) : gatpoly_iOPC has 0 polygons
2026-08-11 13:42:17 +0200: Memory Usage (460988K) : gatpoly_noqrc has 0 polygons
2026-08-11 13:42:17 +0200: Memory Usage (461116K) : cont_drw has 23191 polygons
2026-08-11 13:42:17 +0200: Memory Usage (461500K) : cont_OPC has 0 polygons
2026-08-11 13:42:17 +0200: Memory Usage (461500K) : nsd_drw has 0 polygons
2026-08-11 13:42:17 +0200: Memory Usage (461628K) : nsd_block has 0 polygons
2026-08-11 13:42:17 +0200: Memory Usage (461628K) : metal1_drw has 432 polygons
2026-08-11 13:42:17 +0200: Memory Usage (461628K) : metal1_filler has 0 polygons
2026-08-11 13:42:17 +0200: Memory Usage (461756K) : metal1_slit has 0 polygons
2026-08-11 13:42:17 +0200: Memory Usage (461884K) : metal1 has 432 polygons
2026-08-11 13:42:17 +0200: Memory Usage (461884K) : metal1_pin has 5 polygons
2026-08-11 13:42:17 +0200: Memory Usage (462012K) : metal1_mask has 0 polygons
2026-08-11 13:42:17 +0200: Memory Usage (462012K) : metal1_nofill has 0 polygons
2026-08-11 13:42:17 +0200: Memory Usage (462396K) : metal1_text has 5 polygons
2026-08-11 13:42:17 +0200: Memory Usage (462396K) : metal1_OPC has 0 polygons
2026-08-11 13:42:17 +0200: Memory Usage (462524K) : metal1_noqrc has 0 polygons
2026-08-11 13:42:17 +0200: Memory Usage (462524K) : metal1_res has 0 polygons
2026-08-11 13:42:17 +0200: Memory Usage (462652K) : metal1_iprobe has 0 polygons
2026-08-11 13:42:17 +0200: Memory Usage (462652K) : metal1_diffprb has 0 polygons
2026-08-11 13:42:17 +0200: Memory Usage (462780K) : passiv_drw has 0 polygons
2026-08-11 13:42:17 +0200: Memory Usage (462780K) : passiv_pin has 0 polygons
2026-08-11 13:42:17 +0200: Memory Usage (462908K) : passiv_sbump has 0 polygons
2026-08-11 13:42:17 +0200: Memory Usage (463036K) : passiv_pillar has 0 polygons
2026-08-11 13:42:17 +0200: Memory Usage (463036K) : passiv_pdl has 0 polygons
2026-08-11 13:42:17 +0200: Memory Usage (463164K) : metal2_drw has 87 polygons
2026-08-11 13:42:17 +0200: Memory Usage (463164K) : metal2_filler has 0 polygons
2026-08-11 13:42:17 +0200: Memory Usage (463292K) : metal2_slit has 0 polygons
2026-08-11 13:42:17 +0200: Memory Usage (463420K) : metal2 has 87 polygons
2026-08-11 13:42:17 +0200: Memory Usage (463420K) : metal2_pin has 26 polygons
2026-08-11 13:42:17 +0200: Memory Usage (463548K) : metal2_mask has 0 polygons
2026-08-11 13:42:17 +0200: Memory Usage (463548K) : metal2_nofill has 0 polygons
2026-08-11 13:42:17 +0200: Memory Usage (463676K) : metal2_text has 26 polygons
2026-08-11 13:42:17 +0200: Memory Usage (463676K) : metal2_OPC has 0 polygons
2026-08-11 13:42:17 +0200: Memory Usage (463804K) : metal2_noqrc has 0 polygons
2026-08-11 13:42:17 +0200: Memory Usage (463804K) : metal2_res has 0 polygons
2026-08-11 13:42:17 +0200: Memory Usage (463932K) : metal2_iprobe has 0 polygons
2026-08-11 13:42:17 +0200: Memory Usage (463932K) : metal2_diffprb has 0 polygons
2026-08-11 13:42:17 +0200: Memory Usage (464060K) : baspoly_drw has 0 polygons
2026-08-11 13:42:17 +0200: Memory Usage (464188K) : baspoly_pin has 0 polygons
2026-08-11 13:42:17 +0200: Memory Usage (464188K) : psd_drw has 15 polygons
2026-08-11 13:42:17 +0200: Memory Usage (464316K) : nldb_drw has 0 polygons
2026-08-11 13:42:17 +0200: Memory Usage (464316K) : digibnd_drw has 0 polygons
2026-08-11 13:42:18 +0200: Memory Usage (464444K) : via1_drw has 4168 polygons
2026-08-11 13:42:18 +0200: Memory Usage (464572K) : backmetal1_drw has 0 polygons
2026-08-11 13:42:18 +0200: Memory Usage (464700K) : backmetal1_pin has 0 polygons
2026-08-11 13:42:18 +0200: Memory Usage (464700K) : backmetal1_mask has 0 polygons
2026-08-11 13:42:18 +0200: Memory Usage (464828K) : backmetal1_filler has 0 polygons
2026-08-11 13:42:18 +0200: Memory Usage (464828K) : backmetal1_nofill has 0 polygons
2026-08-11 13:42:18 +0200: Memory Usage (464956K) : backmetal1_slit has 0 polygons
2026-08-11 13:42:18 +0200: Memory Usage (464956K) : backmetal1_text has 0 polygons
2026-08-11 13:42:18 +0200: Memory Usage (464956K) : backmetal1_OPC has 0 polygons
2026-08-11 13:42:18 +0200: Memory Usage (464956K) : backmetal1_noqrc has 0 polygons
2026-08-11 13:42:18 +0200: Memory Usage (464956K) : backmetal1_res has 0 polygons
2026-08-11 13:42:18 +0200: Memory Usage (464956K) : backmetal1_iprobe has 0 polygons
2026-08-11 13:42:18 +0200: Memory Usage (464956K) : backmetal1_diffprb has 0 polygons
2026-08-11 13:42:18 +0200: Memory Usage (464956K) : backpassiv_drw has 0 polygons
2026-08-11 13:42:18 +0200: Memory Usage (464956K) : res_drw has 0 polygons
2026-08-11 13:42:18 +0200: Memory Usage (464956K) : sram_drw has 0 polygons
2026-08-11 13:42:18 +0200: Memory Usage (464956K) : trans_drw has 0 polygons
2026-08-11 13:42:18 +0200: Memory Usage (464956K) : ind_drw has 0 polygons
2026-08-11 13:42:18 +0200: Memory Usage (464956K) : ind_pin has 0 polygons
2026-08-11 13:42:18 +0200: Memory Usage (464956K) : ind_text has 0 polygons
2026-08-11 13:42:18 +0200: Memory Usage (464956K) : salblock_drw has 1 polygons
2026-08-11 13:42:18 +0200: Memory Usage (464956K) : via2_drw has 2498 polygons
2026-08-11 13:42:18 +0200: Memory Usage (464956K) : metal3_drw has 30 polygons
2026-08-11 13:42:18 +0200: Memory Usage (464956K) : metal3_filler has 0 polygons
2026-08-11 13:42:18 +0200: Memory Usage (464956K) : metal3_slit has 0 polygons
2026-08-11 13:42:18 +0200: Memory Usage (464956K) : metal3 has 30 polygons
2026-08-11 13:42:18 +0200: Memory Usage (464956K) : metal3_pin has 8 polygons
2026-08-11 13:42:18 +0200: Memory Usage (464956K) : metal3_mask has 0 polygons
2026-08-11 13:42:18 +0200: Memory Usage (464956K) : metal3_nofill has 0 polygons
2026-08-11 13:42:18 +0200: Memory Usage (464956K) : metal3_text has 8 polygons
2026-08-11 13:42:18 +0200: Memory Usage (464956K) : metal3_OPC has 0 polygons
2026-08-11 13:42:18 +0200: Memory Usage (464956K) : metal3_noqrc has 0 polygons
2026-08-11 13:42:18 +0200: Memory Usage (464956K) : metal3_res has 0 polygons
2026-08-11 13:42:18 +0200: Memory Usage (464956K) : metal3_iprobe has 0 polygons
2026-08-11 13:42:18 +0200: Memory Usage (464956K) : metal3_diffprb has 0 polygons
2026-08-11 13:42:18 +0200: Memory Usage (464956K) : nwell_drw has 65 polygons
2026-08-11 13:42:18 +0200: Memory Usage (464956K) : nwell_pin has 0 polygons
2026-08-11 13:42:18 +0200: Memory Usage (464956K) : nwell_text has 0 polygons
2026-08-11 13:42:18 +0200: Memory Usage (464956K) : nbulay_drw has 0 polygons
2026-08-11 13:42:18 +0200: Memory Usage (464956K) : nbulay_pin has 0 polygons
2026-08-11 13:42:18 +0200: Memory Usage (464956K) : nbulay_block has 0 polygons
2026-08-11 13:42:18 +0200: Memory Usage (464956K) : emwind_drw has 0 polygons
2026-08-11 13:42:18 +0200: Memory Usage (464956K) : emwind_OPC has 0 polygons
2026-08-11 13:42:18 +0200: Memory Usage (464956K) : deepco_drw has 0 polygons
2026-08-11 13:42:18 +0200: Memory Usage (464956K) : mim_drw has 0 polygons
2026-08-11 13:42:18 +0200: Memory Usage (464956K) : edgeseal_drw has 0 polygons
2026-08-11 13:42:18 +0200: Memory Usage (464956K) : substrate_drw has 14 polygons
2026-08-11 13:42:18 +0200: Memory Usage (464956K) : substrate_text has 0 polygons
2026-08-11 13:42:18 +0200: Memory Usage (464956K) : dfpad_drw has 0 polygons
2026-08-11 13:42:18 +0200: Memory Usage (464956K) : dfpad_pillar has 0 polygons
2026-08-11 13:42:18 +0200: Memory Usage (464956K) : dfpad_sbump has 0 polygons
2026-08-11 13:42:18 +0200: Memory Usage (464956K) : thickgateox_drw has 3 polygons
2026-08-11 13:42:18 +0200: Memory Usage (464956K) : pldb_drw has 0 polygons
2026-08-11 13:42:18 +0200: Memory Usage (464956K) : pwell_drw has 0 polygons
2026-08-11 13:42:18 +0200: Memory Usage (464956K) : pwell_pin has 0 polygons
2026-08-11 13:42:18 +0200: Memory Usage (464956K) : pwell_block has 0 polygons
2026-08-11 13:42:18 +0200: Memory Usage (464956K) : ic_drw has 0 polygons
2026-08-11 13:42:18 +0200: Memory Usage (464956K) : via3_drw has 2087 polygons
2026-08-11 13:42:18 +0200: Memory Usage (464956K) : metal4_drw has 8 polygons
2026-08-11 13:42:18 +0200: Memory Usage (464956K) : metal4_filler has 0 polygons
2026-08-11 13:42:18 +0200: Memory Usage (464956K) : metal4_slit has 0 polygons
2026-08-11 13:42:18 +0200: Memory Usage (464956K) : metal4 has 8 polygons
2026-08-11 13:42:18 +0200: Memory Usage (464956K) : metal4_pin has 8 polygons
2026-08-11 13:42:18 +0200: Memory Usage (464956K) : metal4_mask has 0 polygons
2026-08-11 13:42:18 +0200: Memory Usage (464956K) : metal4_nofill has 0 polygons
2026-08-11 13:42:18 +0200: Memory Usage (464956K) : metal4_text has 8 polygons
2026-08-11 13:42:18 +0200: Memory Usage (464956K) : metal4_OPC has 0 polygons
2026-08-11 13:42:18 +0200: Memory Usage (464956K) : metal4_noqrc has 0 polygons
2026-08-11 13:42:18 +0200: Memory Usage (464956K) : metal4_res has 0 polygons
2026-08-11 13:42:18 +0200: Memory Usage (464956K) : metal4_iprobe has 0 polygons
2026-08-11 13:42:18 +0200: Memory Usage (464956K) : metal4_diffprb has 0 polygons
2026-08-11 13:42:18 +0200: Memory Usage (464956K) : heattrans_drw has 0 polygons
2026-08-11 13:42:18 +0200: Memory Usage (464956K) : heatres_drw has 0 polygons
2026-08-11 13:42:18 +0200: Memory Usage (464956K) : fbe_drw has 0 polygons
2026-08-11 13:42:18 +0200: Memory Usage (465084K) : empoly_drw has 0 polygons
2026-08-11 13:42:18 +0200: Memory Usage (465212K) : digisub_drw has 0 polygons
2026-08-11 13:42:18 +0200: Memory Usage (465212K) : text_drw has 30 polygons
2026-08-11 13:42:18 +0200: Memory Usage (465340K) : via4_drw has 2371 polygons
2026-08-11 13:42:18 +0200: Memory Usage (465468K) : metal5_drw has 8 polygons
2026-08-11 13:42:18 +0200: Memory Usage (465468K) : metal5_filler has 0 polygons
2026-08-11 13:42:18 +0200: Memory Usage (465596K) : metal5_slit has 0 polygons
2026-08-11 13:42:18 +0200: Memory Usage (465724K) : metal5 has 8 polygons
2026-08-11 13:42:18 +0200: Memory Usage (465724K) : metal5_pin has 8 polygons
2026-08-11 13:42:18 +0200: Memory Usage (465852K) : metal5_mask has 0 polygons
2026-08-11 13:42:18 +0200: Memory Usage (465852K) : metal5_nofill has 0 polygons
2026-08-11 13:42:18 +0200: Memory Usage (465980K) : metal5_text has 8 polygons
2026-08-11 13:42:18 +0200: Memory Usage (465980K) : metal5_OPC has 0 polygons
2026-08-11 13:42:18 +0200: Memory Usage (466108K) : metal5_noqrc has 0 polygons
2026-08-11 13:42:18 +0200: Memory Usage (466108K) : metal5_res has 0 polygons
2026-08-11 13:42:18 +0200: Memory Usage (466236K) : metal5_iprobe has 0 polygons
2026-08-11 13:42:18 +0200: Memory Usage (466236K) : metal5_diffprb has 0 polygons
2026-08-11 13:42:18 +0200: Memory Usage (466364K) : radhard_drw has 0 polygons
2026-08-11 13:42:18 +0200: Memory Usage (466364K) : memcap_drw has 0 polygons
2026-08-11 13:42:18 +0200: Memory Usage (466492K) : varicap_drw has 0 polygons
2026-08-11 13:42:18 +0200: Memory Usage (466492K) : intbondvia_drw has 0 polygons
2026-08-11 13:42:18 +0200: Memory Usage (466620K) : intbondmet_drw has 0 polygons
2026-08-11 13:42:18 +0200: Memory Usage (466748K) : devbondvia_drw has 0 polygons
2026-08-11 13:42:18 +0200: Memory Usage (466748K) : devbondmet_drw has 0 polygons
2026-08-11 13:42:18 +0200: Memory Usage (466876K) : devtrench_drw has 0 polygons
2026-08-11 13:42:18 +0200: Memory Usage (466876K) : redist_drw has 0 polygons
2026-08-11 13:42:18 +0200: Memory Usage (467004K) : graphbot_drw has 0 polygons
2026-08-11 13:42:18 +0200: Memory Usage (467004K) : graphtop_drw has 0 polygons
2026-08-11 13:42:18 +0200: Memory Usage (467132K) : antvia1_drw has 0 polygons
2026-08-11 13:42:18 +0200: Memory Usage (467132K) : antmetal2_drw has 0 polygons
2026-08-11 13:42:18 +0200: Memory Usage (467260K) : graphcont_drw has 0 polygons
2026-08-11 13:42:18 +0200: Memory Usage (467260K) : siwg_drw has 0 polygons
2026-08-11 13:42:18 +0200: Memory Usage (467388K) : siwg_filler has 0 polygons
2026-08-11 13:42:18 +0200: Memory Usage (467516K) : siwg_nofill has 0 polygons
2026-08-11 13:42:18 +0200: Memory Usage (467516K) : sigrating_drw has 0 polygons
2026-08-11 13:42:18 +0200: Memory Usage (467644K) : singrating_drw has 0 polygons
2026-08-11 13:42:18 +0200: Memory Usage (467644K) : graphpas_drw has 0 polygons
2026-08-11 13:42:18 +0200: Memory Usage (467772K) : emwind3_drw has 0 polygons
2026-08-11 13:42:18 +0200: Memory Usage (467772K) : emwihv3_drw has 0 polygons
2026-08-11 13:42:18 +0200: Memory Usage (467900K) : redbulay_drw has 0 polygons
2026-08-11 13:42:18 +0200: Memory Usage (467900K) : smos_drw has 0 polygons
2026-08-11 13:42:18 +0200: Memory Usage (468028K) : graphpad_drw has 0 polygons
2026-08-11 13:42:18 +0200: Memory Usage (468028K) : polimide_drw has 0 polygons
2026-08-11 13:42:18 +0200: Memory Usage (468156K) : polimide_pin has 0 polygons
2026-08-11 13:42:18 +0200: Memory Usage (468284K) : recog_drw has 0 polygons
2026-08-11 13:42:18 +0200: Memory Usage (468284K) : recog_pin has 0 polygons
2026-08-11 13:42:18 +0200: Memory Usage (468412K) : recog_esd has 0 polygons
2026-08-11 13:42:18 +0200: Memory Usage (468412K) : recog_diode has 1 polygons
2026-08-11 13:42:18 +0200: Memory Usage (468540K) : recog_tsv has 0 polygons
2026-08-11 13:42:18 +0200: Memory Usage (468540K) : recog_iprobe has 0 polygons
2026-08-11 13:42:18 +0200: Memory Usage (468668K) : recog_diffprb has 0 polygons
2026-08-11 13:42:18 +0200: Memory Usage (468668K) : recog_pillar has 0 polygons
2026-08-11 13:42:18 +0200: Memory Usage (468796K) : recog_sbump has 0 polygons
2026-08-11 13:42:18 +0200: Memory Usage (468796K) : recog_otp has 0 polygons
2026-08-11 13:42:18 +0200: Memory Usage (468924K) : recog_pdiode has 0 polygons
2026-08-11 13:42:18 +0200: Memory Usage (469052K) : recog_mom has 0 polygons
2026-08-11 13:42:18 +0200: Memory Usage (469052K) : recog_pcm has 0 polygons
2026-08-11 13:42:18 +0200: Memory Usage (469180K) : colopen_drw has 0 polygons
2026-08-11 13:42:18 +0200: Memory Usage (469180K) : graphmetal1_drw has 0 polygons
2026-08-11 13:42:18 +0200: Memory Usage (469308K) : graphmetal1_filler has 0 polygons
2026-08-11 13:42:18 +0200: Memory Usage (469308K) : graphmetal1_nofill has 0 polygons
2026-08-11 13:42:18 +0200: Memory Usage (469436K) : graphmetal1_slit has 0 polygons
2026-08-11 13:42:18 +0200: Memory Usage (469436K) : graphmetal1_OPC has 0 polygons
2026-08-11 13:42:18 +0200: Memory Usage (469564K) : graphmet1l_drw has 0 polygons
2026-08-11 13:42:18 +0200: Memory Usage (469564K) : graphmet1l_filler has 0 polygons
2026-08-11 13:42:18 +0200: Memory Usage (469692K) : graphmet1l_nofill has 0 polygons
2026-08-11 13:42:18 +0200: Memory Usage (469692K) : graphmet1l_slit has 0 polygons
2026-08-11 13:42:18 +0200: Memory Usage (469692K) : graphmet1l_OPC has 0 polygons
2026-08-11 13:42:18 +0200: Memory Usage (469692K) : extblock_drw has 1 polygons
2026-08-11 13:42:18 +0200: Memory Usage (469692K) : nldd_drw has 0 polygons
2026-08-11 13:42:18 +0200: Memory Usage (469692K) : pldd_drw has 0 polygons
2026-08-11 13:42:18 +0200: Memory Usage (469692K) : next_drw has 0 polygons
2026-08-11 13:42:18 +0200: Memory Usage (469692K) : pext_drw has 0 polygons
2026-08-11 13:42:18 +0200: Memory Usage (469692K) : nexthv_drw has 0 polygons
2026-08-11 13:42:18 +0200: Memory Usage (469692K) : pexthv_drw has 0 polygons
2026-08-11 13:42:18 +0200: Memory Usage (469692K) : graphgate_drw has 0 polygons
2026-08-11 13:42:18 +0200: Memory Usage (469692K) : sinwg_drw has 0 polygons
2026-08-11 13:42:18 +0200: Memory Usage (469692K) : sinwg_filler has 0 polygons
2026-08-11 13:42:18 +0200: Memory Usage (469692K) : sinwg_nofill has 0 polygons
2026-08-11 13:42:18 +0200: Memory Usage (469692K) : mempad_drw has 0 polygons
2026-08-11 13:42:18 +0200: Memory Usage (469692K) : topvia1_drw has 2315 polygons
2026-08-11 13:42:18 +0200: Memory Usage (469692K) : topmetal1_drw has 8 polygons
2026-08-11 13:42:18 +0200: Memory Usage (469692K) : topmetal1_filler has 0 polygons
2026-08-11 13:42:18 +0200: Memory Usage (469692K) : topmetal1_slit has 0 polygons
2026-08-11 13:42:18 +0200: Memory Usage (469692K) : topmetal1 has 8 polygons
2026-08-11 13:42:18 +0200: Memory Usage (469692K) : topmetal1_pin has 8 polygons
2026-08-11 13:42:18 +0200: Memory Usage (469692K) : topmetal1_mask has 0 polygons
2026-08-11 13:42:18 +0200: Memory Usage (469692K) : topmetal1_nofill has 0 polygons
2026-08-11 13:42:18 +0200: Memory Usage (469692K) : topmetal1_text has 8 polygons
2026-08-11 13:42:18 +0200: Memory Usage (469692K) : topmetal1_noqrc has 0 polygons
2026-08-11 13:42:18 +0200: Memory Usage (469692K) : topmetal1_res has 0 polygons
2026-08-11 13:42:18 +0200: Memory Usage (469692K) : topmetal1_iprobe has 0 polygons
2026-08-11 13:42:18 +0200: Memory Usage (469692K) : topmetal1_diffprb has 0 polygons
2026-08-11 13:42:18 +0200: Memory Usage (469692K) : inldpwl_drw has 0 polygons
2026-08-11 13:42:18 +0200: Memory Usage (469692K) : polyres_drw has 26 polygons
2026-08-11 13:42:18 +0200: Memory Usage (469692K) : polyres_pin has 0 polygons
2026-08-11 13:42:18 +0200: Memory Usage (469692K) : vmim_drw has 0 polygons
2026-08-11 13:42:18 +0200: Memory Usage (469692K) : nbulaycut_drw has 0 polygons
2026-08-11 13:42:18 +0200: Memory Usage (469692K) : antmetal1_drw has 0 polygons
2026-08-11 13:42:18 +0200: Memory Usage (469692K) : topvia2_drw has 921 polygons
2026-08-11 13:42:18 +0200: Memory Usage (469692K) : topmetal2_drw has 10 polygons
2026-08-11 13:42:18 +0200: Memory Usage (469692K) : topmetal2_filler has 0 polygons
2026-08-11 13:42:18 +0200: Memory Usage (469692K) : topmetal2_slit has 0 polygons
2026-08-11 13:42:18 +0200: Memory Usage (469692K) : topmetal2 has 10 polygons
2026-08-11 13:42:18 +0200: Memory Usage (469692K) : topmetal2_pin has 8 polygons
2026-08-11 13:42:18 +0200: Memory Usage (469692K) : topmetal2_mask has 0 polygons
2026-08-11 13:42:18 +0200: Memory Usage (469692K) : topmetal2_nofill has 0 polygons
2026-08-11 13:42:18 +0200: Memory Usage (469692K) : topmetal2_text has 8 polygons
2026-08-11 13:42:18 +0200: Memory Usage (469692K) : topmetal2_noqrc has 0 polygons
2026-08-11 13:42:18 +0200: Memory Usage (469692K) : topmetal2_res has 0 polygons
2026-08-11 13:42:18 +0200: Memory Usage (469692K) : topmetal2_iprobe has 0 polygons
2026-08-11 13:42:18 +0200: Memory Usage (469692K) : topmetal2_diffprb has 0 polygons
2026-08-11 13:42:18 +0200: Memory Usage (469692K) : snsring_drw has 0 polygons
2026-08-11 13:42:18 +0200: Memory Usage (469692K) : sensor_drw has 0 polygons
2026-08-11 13:42:18 +0200: Memory Usage (469692K) : snsarms_drw has 0 polygons
2026-08-11 13:42:18 +0200: Memory Usage (469692K) : snscmosvia_drw has 0 polygons
2026-08-11 13:42:18 +0200: Memory Usage (469692K) : colwind_drw has 0 polygons
2026-08-11 13:42:18 +0200: Memory Usage (469692K) : flm_drw has 0 polygons
2026-08-11 13:42:18 +0200: Memory Usage (469692K) : hafniumox_drw has 0 polygons
2026-08-11 13:42:18 +0200: Memory Usage (469692K) : memvia_drw has 0 polygons
2026-08-11 13:42:18 +0200: Memory Usage (469692K) : thinfilmres_drw has 0 polygons
2026-08-11 13:42:18 +0200: Memory Usage (469692K) : rfmem_drw has 0 polygons
2026-08-11 13:42:18 +0200: Memory Usage (469692K) : norcx_drw has 0 polygons
2026-08-11 13:42:18 +0200: Memory Usage (469692K) : norcx_m2m3 has 0 polygons
2026-08-11 13:42:18 +0200: Memory Usage (469692K) : norcx_m2m4 has 0 polygons
2026-08-11 13:42:18 +0200: Memory Usage (469692K) : norcx_m2m5 has 0 polygons
2026-08-11 13:42:18 +0200: Memory Usage (469692K) : norcx_m2tm1 has 0 polygons
2026-08-11 13:42:18 +0200: Memory Usage (469692K) : norcx_m2tm2 has 0 polygons
2026-08-11 13:42:18 +0200: Memory Usage (469692K) : norcx_m3m4 has 0 polygons
2026-08-11 13:42:18 +0200: Memory Usage (469692K) : norcx_m3m5 has 0 polygons
2026-08-11 13:42:18 +0200: Memory Usage (469692K) : norcx_m3tm1 has 0 polygons
2026-08-11 13:42:18 +0200: Memory Usage (469692K) : norcx_m3tm2 has 0 polygons
2026-08-11 13:42:18 +0200: Memory Usage (469692K) : norcx_m4m5 has 0 polygons
2026-08-11 13:42:18 +0200: Memory Usage (469692K) : norcx_m4tm1 has 0 polygons
2026-08-11 13:42:18 +0200: Memory Usage (469692K) : norcx_m4tm2 has 0 polygons
2026-08-11 13:42:18 +0200: Memory Usage (469692K) : norcx_m5tm1 has 0 polygons
2026-08-11 13:42:18 +0200: Memory Usage (469692K) : norcx_m5tm2 has 0 polygons
2026-08-11 13:42:18 +0200: Memory Usage (469692K) : norcx_tm1tm2 has 0 polygons
2026-08-11 13:42:18 +0200: Memory Usage (469692K) : norcx_m1sub has 0 polygons
2026-08-11 13:42:18 +0200: Memory Usage (469692K) : norcx_m2sub has 0 polygons
2026-08-11 13:42:18 +0200: Memory Usage (469692K) : norcx_m3sub has 0 polygons
2026-08-11 13:42:18 +0200: Memory Usage (469692K) : norcx_m4sub has 0 polygons
2026-08-11 13:42:18 +0200: Memory Usage (469692K) : norcx_m5sub has 0 polygons
2026-08-11 13:42:18 +0200: Memory Usage (469692K) : norcx_tm1sub has 0 polygons
2026-08-11 13:42:18 +0200: Memory Usage (469692K) : norcx_tm2sub has 0 polygons
2026-08-11 13:42:18 +0200: Memory Usage (469692K) : snsbotvia_drw has 0 polygons
2026-08-11 13:42:18 +0200: Memory Usage (469692K) : snstopvia_drw has 0 polygons
2026-08-11 13:42:18 +0200: Memory Usage (469692K) : deepvia_drw has 0 polygons
2026-08-11 13:42:18 +0200: Memory Usage (469692K) : fgetch_drw has 0 polygons
2026-08-11 13:42:18 +0200: Memory Usage (469692K) : ctrgat_drw has 0 polygons
2026-08-11 13:42:18 +0200: Memory Usage (469692K) : fgimp_drw has 0 polygons
2026-08-11 13:42:18 +0200: Memory Usage (469692K) : emwihv_drw has 0 polygons
2026-08-11 13:42:18 +0200: Memory Usage (469692K) : lbe_drw has 0 polygons
2026-08-11 13:42:18 +0200: Memory Usage (469692K) : alcustop_drw has 0 polygons
2026-08-11 13:42:18 +0200: Memory Usage (469692K) : nometfiller_drw has 0 polygons
2026-08-11 13:42:18 +0200: Memory Usage (469692K) : prboundary_drw has 0 polygons
2026-08-11 13:42:18 +0200: Memory Usage (469692K) : exchange0_drw has 0 polygons
2026-08-11 13:42:18 +0200: Memory Usage (469692K) : exchange0_pin has 0 polygons
2026-08-11 13:42:19 +0200: Memory Usage (469692K) : exchange0_text has 0 polygons
2026-08-11 13:42:19 +0200: Memory Usage (469692K) : exchange1_drw has 0 polygons
2026-08-11 13:42:19 +0200: Memory Usage (469692K) : exchange1_pin has 0 polygons
2026-08-11 13:42:19 +0200: Memory Usage (469692K) : exchange1_text has 0 polygons
2026-08-11 13:42:19 +0200: Memory Usage (469692K) : exchange2_drw has 0 polygons
2026-08-11 13:42:19 +0200: Memory Usage (469692K) : exchange2_pin has 0 polygons
2026-08-11 13:42:19 +0200: Memory Usage (469692K) : exchange2_text has 0 polygons
2026-08-11 13:42:19 +0200: Memory Usage (469692K) : exchange3_drw has 0 polygons
2026-08-11 13:42:19 +0200: Memory Usage (469692K) : exchange3_pin has 0 polygons
2026-08-11 13:42:19 +0200: Memory Usage (469692K) : exchange3_text has 0 polygons
2026-08-11 13:42:19 +0200: Memory Usage (469692K) : exchange4_drw has 0 polygons
2026-08-11 13:42:19 +0200: Memory Usage (469692K) : exchange4_pin has 0 polygons
2026-08-11 13:42:19 +0200: Memory Usage (469692K) : exchange4_text has 0 polygons
2026-08-11 13:42:19 +0200: Memory Usage (469692K) : isonwell_drw has 0 polygons
2026-08-11 13:42:19 +0200: Memory Usage (469692K) : Total no. of polygons in the design is 38603
2026-08-11 13:42:19 +0200: Memory Usage (469692K) : Starting base layers derivations
2026-08-11 13:42:19 +0200: Memory Usage (469692K) : Starting general LVS derivations
2026-08-11 13:42:19 +0200: Memory Usage (473404K) : Starting MOSFET DERIVATIONS
2026-08-11 13:42:20 +0200: Memory Usage (481212K) : Starting NMOS DERIVATIONS
2026-08-11 13:42:20 +0200: Memory Usage (481212K) : Starting PMOS DERIVATIONS
2026-08-11 13:42:20 +0200: Memory Usage (481212K) : Starting RF-MOSFET DERIVATIONS
2026-08-11 13:42:20 +0200: Memory Usage (481212K) : Starting RF-NMOS DERIVATIONS
2026-08-11 13:42:20 +0200: Memory Usage (481212K) : Starting RF-PMOS DERIVATIONS
2026-08-11 13:42:20 +0200: Memory Usage (481212K) : Starting BJT DERIVATIONS
2026-08-11 13:42:20 +0200: Memory Usage (481212K) : Starting NPN-BJT DERIVATIONS
2026-08-11 13:42:20 +0200: Memory Usage (481212K) : Starting PNP-BJT DERIVATIONS
2026-08-11 13:42:20 +0200: Memory Usage (481212K) : Starting DIODE DERIVATIONS
2026-08-11 13:42:20 +0200: Memory Usage (482364K) : Starting RESISTOR DERIVATIONS
2026-08-11 13:42:20 +0200: Memory Usage (482492K) : Starting CAP DERIVATIONS
2026-08-11 13:42:21 +0200: Memory Usage (485180K) : Starting CAP_CMOM DERIVATIONS
2026-08-11 13:42:21 +0200: Memory Usage (485436K) : Starting ESD DERIVATIONS
2026-08-11 13:42:21 +0200: Memory Usage (487100K) : Starting Inductor DERIVATIONS
2026-08-11 13:42:21 +0200: Memory Usage (487100K) : Starting Taps DERIVATIONS
2026-08-11 13:42:21 +0200: Memory Usage (487100K) : Starting SG13G2 LVS connectivity setup
2026-08-11 13:42:21 +0200: Memory Usage (487100K) : Starting SG13G2 LVS connectivity setup (Inter-layer)
2026-08-11 13:42:21 +0200: Memory Usage (487228K) : Starting SG13G2 LVS connectivity setup (Global)
2026-08-11 13:42:21 +0200: Memory Usage (487228K) : Starting LVS MOSFET CONNECTIONS
2026-08-11 13:42:21 +0200: Memory Usage (487228K) : Starting LVS RF-MOSFET CONNECTIONS
2026-08-11 13:42:21 +0200: Memory Usage (487228K) : Starting LVS BJT CONNECTIONS
2026-08-11 13:42:21 +0200: Memory Usage (487228K) : Starting LVS DIODE CONNECTIONS
2026-08-11 13:42:21 +0200: Memory Usage (487228K) : Starting RESISTOR CONNECTIONS
2026-08-11 13:42:21 +0200: Memory Usage (487228K) : Starting LVS CAP CONNECTIONS
2026-08-11 13:42:21 +0200: Memory Usage (487228K) : Starting CAP_CMOM CONNECTIONS
2026-08-11 13:42:21 +0200: Memory Usage (487228K) : Starting ESD CONNECTIONS
2026-08-11 13:42:21 +0200: Memory Usage (487228K) : Starting Inductor CONNECTIONS
2026-08-11 13:42:21 +0200: Memory Usage (487228K) : Starting LVS Taps CONNECTIONS
2026-08-11 13:42:21 +0200: Memory Usage (487228K) : Starting SG13G2 LVS DEVICES EXTRACTION
2026-08-11 13:42:21 +0200: Memory Usage (487228K) : Starting MOSFET EXTRACTION
2026-08-11 13:42:21 +0200: Memory Usage (487228K) : Starting NMOS EXTRACTION
2026-08-11 13:42:21 +0200: Memory Usage (487228K) : Extraction of NMOS-LV transistor
2026-08-11 13:42:21 +0200: Memory Usage (487228K) : Extraction of NMOS-HV transistor
2026-08-11 13:42:21 +0200: Memory Usage (487356K) : Starting PMOS EXTRACTION
2026-08-11 13:42:21 +0200: Memory Usage (487356K) : Extraction of PMOS-LV transistor
2026-08-11 13:42:21 +0200: Memory Usage (487356K) : Extraction of PMOS-HV transistor
2026-08-11 13:42:22 +0200: Memory Usage (487356K) : Starting RF-MOSFET EXTRACTION
2026-08-11 13:42:22 +0200: Memory Usage (487356K) : Extraction of RF-NMOS-LV transistor
2026-08-11 13:42:22 +0200: Memory Usage (487356K) : Extraction of RF-NMOS-HV transistor
2026-08-11 13:42:22 +0200: Memory Usage (487356K) : Extraction of RF-PMOS-LV transistor
2026-08-11 13:42:22 +0200: Memory Usage (487356K) : Extraction of RF-PMOS-HV transistor
2026-08-11 13:42:22 +0200: Memory Usage (487356K) : Starting BJT EXTRACTION
2026-08-11 13:42:22 +0200: Memory Usage (487356K) : Starting NPN-BJT EXTRACTION
2026-08-11 13:42:22 +0200: Memory Usage (487356K) : Extraction of npn13G2 BJT transistor
2026-08-11 13:42:22 +0200: Memory Usage (487356K) : Extraction of npn13G2L BJT transistor
2026-08-11 13:42:22 +0200: Memory Usage (487356K) : Extraction of npn13G2V BJT transistor
2026-08-11 13:42:22 +0200: Memory Usage (487356K) : Starting PNP-BJT EXTRACTION
2026-08-11 13:42:22 +0200: Memory Usage (487356K) : Extracting pnpMPA BJT
2026-08-11 13:42:22 +0200: Memory Usage (487356K) : Starting DIODE EXTRACTION
2026-08-11 13:42:22 +0200: Memory Usage (487356K) : Extracting dantenna diode
2026-08-11 13:42:22 +0200: Memory Usage (487356K) : Extracting dpantenna diode
2026-08-11 13:42:22 +0200: Memory Usage (487356K) : Extracting schottky_nbl1 diode
2026-08-11 13:42:22 +0200: Memory Usage (487356K) : Extracting isolbox diode
2026-08-11 13:42:22 +0200: Memory Usage (487356K) : Starting RESISTOR EXTRACTION
2026-08-11 13:42:22 +0200: Memory Usage (487356K) : Extracting rsil resistor
2026-08-11 13:42:22 +0200: Memory Usage (487356K) : Extracting rppd resistor
2026-08-11 13:42:22 +0200: Memory Usage (487356K) : Extracting rhigh resistor
2026-08-11 13:42:22 +0200: Memory Usage (487356K) : Extracting res_metal1 resistor
2026-08-11 13:42:22 +0200: Memory Usage (487484K) : Extracting res_metal2 resistor
2026-08-11 13:42:22 +0200: Memory Usage (487484K) : Extracting res_metal3 resistor
2026-08-11 13:42:22 +0200: Memory Usage (487484K) : Extracting res_metal4 resistor
2026-08-11 13:42:22 +0200: Memory Usage (487484K) : Extracting res_metal5 resistor
2026-08-11 13:42:22 +0200: Memory Usage (487484K) : Extracting res_topmetal1 resistor
2026-08-11 13:42:22 +0200: Memory Usage (487484K) : Extracting res_topmetal2 resistor
2026-08-11 13:42:22 +0200: Memory Usage (487484K) : Starting CAP EXTRACTION
2026-08-11 13:42:22 +0200: Memory Usage (487484K) : Extracting cap_cmim device
2026-08-11 13:42:22 +0200: Memory Usage (487484K) : Extracting rfcmim device
2026-08-11 13:42:22 +0200: Memory Usage (487484K) : Extracting sg13_hv_svaricap varactor
2026-08-11 13:42:22 +0200: Memory Usage (487484K) : Extracting cap_cmomi device
2026-08-11 13:42:22 +0200: Memory Usage (487484K) : Extracting sg13_moscap_n capacitor
2026-08-11 13:42:22 +0200: Memory Usage (487484K) : Extracting sg13_moscap_p capacitor
2026-08-11 13:42:22 +0200: Memory Usage (487484K) : Starting ESD EXTRACTION
2026-08-11 13:42:22 +0200: Memory Usage (487484K) : Extracting diodevdd_2kv ESD device
2026-08-11 13:42:22 +0200: Memory Usage (487484K) : Extracting diodevdd_4kv ESD device
2026-08-11 13:42:22 +0200: Memory Usage (487484K) : Extracting diodevss_2kv ESD device
2026-08-11 13:42:22 +0200: Memory Usage (487484K) : Extracting diodevss_4kv ESD device
2026-08-11 13:42:22 +0200: Memory Usage (487484K) : Extracting idiodevdd_2kv ESD device
2026-08-11 13:42:22 +0200: Memory Usage (487484K) : Extracting idiodevdd_4kv ESD device
2026-08-11 13:42:22 +0200: Memory Usage (487484K) : Extracting idiodevss_2kv ESD device
2026-08-11 13:42:22 +0200: Memory Usage (487484K) : Extracting idiodevss_4kv ESD device
2026-08-11 13:42:22 +0200: Memory Usage (487484K) : Extracting nmoscl_2 ESD device
2026-08-11 13:42:22 +0200: Memory Usage (487484K) : Extracting nmoscl_4 ESD device
2026-08-11 13:42:22 +0200: Memory Usage (487484K) : Starting Inductor EXTRACTION
2026-08-11 13:42:22 +0200: Memory Usage (487484K) : Extracting Inductor2 device
2026-08-11 13:42:22 +0200: Memory Usage (487484K) : Extracting Inductor3 device
2026-08-11 13:42:22 +0200: Memory Usage (487484K) : Starting Taps EXTRACTION
2026-08-11 13:42:22 +0200: Memory Usage (487484K) : Extracting ntap1 device
2026-08-11 13:42:22 +0200: Memory Usage (487484K) : Extracting ptap1 device
2026-08-11 13:42:22 +0200: Memory Usage (487484K) : Starting SG13G2 LVS RF MOS Model Mapping
2026-08-11 13:42:22 +0200: Memory Usage (487612K) : [layout_netlist] Apply RF MOS model mapping and rfmode parameter.
2026-08-11 13:42:22 +0200: Memory Usage (487612K) : Starting SG13G2 LVS Options Preparations
2026-08-11 13:42:22 +0200: Memory Usage (487612K) : SG13G2 LVS flow: extraction -> alignment -> option preparation -> comparison.
2026-08-11 13:42:22 +0200: Memory Usage (487612K) : Starting SG13G2 LVS Alignment
2026-08-11 13:42:22 +0200: Memory Usage (487740K) : Starting SG13G2 LVS Simplification
2026-08-11 13:42:22 +0200: Memory Usage (487740K) : [layout_netlist] simplify: ENABLED
2026-08-11 13:42:22 +0200: Memory Usage (487740K) : [layout_netlist] make_top_level_pins: SKIPPED
2026-08-11 13:42:22 +0200: Memory Usage (487740K) : [layout_netlist] combine_devices: ENABLED
2026-08-11 13:42:22 +0200: Memory Usage (487740K) : [layout_netlist] purge: SKIPPED
2026-08-11 13:42:22 +0200: Memory Usage (487740K) : [layout_netlist] purge_nets: SKIPPED
2026-08-11 13:42:22 +0200: Memory Usage (487740K) : [schematic_netlist] simplify: ENABLED
2026-08-11 13:42:22 +0200: Memory Usage (487740K) : [schematic_netlist] make_top_level_pins: SKIPPED
2026-08-11 13:42:22 +0200: Memory Usage (487740K) : [schematic_netlist] combine_devices: ENABLED
2026-08-11 13:42:22 +0200: Memory Usage (487740K) : [schematic_netlist] purge: SKIPPED
2026-08-11 13:42:22 +0200: Memory Usage (487740K) : [schematic_netlist] purge_nets: SKIPPED
2026-08-11 13:42:22 +0200: Memory Usage (487740K) : Starting SG13G2 LVS Comparison
2026-08-11 13:42:22 +0200: Memory Usage (487868K) : xxxxxxxxxxxxxxxxxxxxxxxxxxxxxxxxxxxxxxxxxx
2026-08-11 13:42:22 +0200: Memory Usage (487868K) : ERROR : Netlists don't match
2026-08-11 13:42:22 +0200: Memory Usage (487868K) : xxxxxxxxxxxxxxxxxxxxxxxxxxxxxxxxxxxxxxxxxx
2026-08-11 13:42:22 +0200: Memory Usage (487868K) : LVS Total Run time 5.299807 seconds
11-Aug-2026 13:42:23 | INFO    | ==============================================================================
11-Aug-2026 13:42:23 | INFO    | Important Summary
11-Aug-2026 13:42:23 | INFO    | +------------------+------------------------------------------------------------------------------------------+
11-Aug-2026 13:42:23 | INFO    | | Status           | FAIL                                                                                     |
11-Aug-2026 13:42:23 | INFO    | | Mode             | COMPARE                                                                                  |
11-Aug-2026 13:42:23 | INFO    | | Outcome          | Comparison mode: FAIL (netlists do not match).                                           |
11-Aug-2026 13:42:23 | INFO    | | Layout           | sg13g2_IOPadIOVdd.gds                                                                    |
11-Aug-2026 13:42:23 | INFO    | | Top Cell         | sg13g2_IOPadIOVdd                                                                        |
11-Aug-2026 13:42:23 | INFO    | | Results Dir      | /foss/designs/ihp-open-pdk-regression/IOPADS/lvs_sweep/20260811_134120/sg13g2_IOPadIOVdd |
11-Aug-2026 13:42:23 | INFO    | | Warnings         | 0                                                                                        |
11-Aug-2026 13:42:23 | INFO    | | Errors           | 1                                                                                        |
11-Aug-2026 13:42:23 | INFO    | | Run Time (s)     | 10.342                                                                                   |
11-Aug-2026 13:42:23 | INFO    | +------------------+------------------------------------------------------------------------------------------+
11-Aug-2026 13:42:23 | ERROR   | Key errors:
11-Aug-2026 13:42:23 | ERROR   |   - 2026-08-11 13:42:22 +0200: Memory Usage (487868K) : ERROR : Netlists don't match
11-Aug-2026 13:42:23 | INFO    | ==============================================================================
