# Logfile created on 2026-08-10 17:00:24 +0200 by logger.rb/v1.5.3
2026-08-10 17:00:24 +0200: Memory Usage (455640K) : Starting running SG13G2 Klayout LVS runset on /foss/designs/ihp-open-pdk-regression/IOPADS/layout/sg13g2_IOPadInOut30mA.gds
2026-08-10 17:00:24 +0200: Memory Usage (455640K) : Ruby Version for klayout: 3.2.3
2026-08-10 17:00:24 +0200: Memory Usage (457432K) : Loading database to memory is complete.
2026-08-10 17:00:24 +0200: Memory Usage (457432K) : SG13G2 Klayout LVS runset output at: /foss/designs/ihp-open-pdk-regression/IOPADS/lvs_sweep/20260810_165956/sg13g2_IOPadInOut30mA/sg13g2_IOPadInOut30mA.lvsdb
2026-08-10 17:00:24 +0200: Memory Usage (457432K) : Evaluate switches.
2026-08-10 17:00:24 +0200: Memory Usage (457432K) : Extracted netlist with net names: true
2026-08-10 17:00:24 +0200: Memory Usage (457432K) : Extracted netlist with comments in details: false
2026-08-10 17:00:24 +0200: Memory Usage (457432K) : Selected NET_ONLY option: false
2026-08-10 17:00:24 +0200: Memory Usage (457432K) : Selected LAYOUT_NETLIST option: (none)
2026-08-10 17:00:24 +0200: Memory Usage (457432K) : Selected IGNORE_TOP_PORTS_MISMATCH option: true
2026-08-10 17:00:24 +0200: Memory Usage (457432K) : Selected IMPLICIT_NETS option: iovss,iovdd,vss,vdd,pad,cathode,anode
2026-08-10 17:00:24 +0200: Memory Usage (457432K) : Selected TOP_LVL_PINS option: false
2026-08-10 17:00:24 +0200: Memory Usage (457432K) : Selected COMBINE DEVICES option: true
2026-08-10 17:00:24 +0200: Memory Usage (457432K) : Selected PURGE option: false
2026-08-10 17:00:24 +0200: Memory Usage (457432K) : Selected PURGE_NETS option: false
2026-08-10 17:00:24 +0200: Memory Usage (457560K) : Selected SIMPLIFY option: true
2026-08-10 17:00:24 +0200: Memory Usage (457560K) : Selected SERIES_RES option: true
2026-08-10 17:00:24 +0200: Memory Usage (457560K) : Selected PARALLEL_RES option: true
2026-08-10 17:00:24 +0200: Memory Usage (457560K) : Selected DISABLE_TAP_EXTRACTION option: false
2026-08-10 17:00:24 +0200: Memory Usage (457560K) : deep  mode is enabled.
2026-08-10 17:00:24 +0200: Memory Usage (457560K) : Applying implicit connections (case-sensitive, pattern supported) for nets: iovss, iovdd, vss, vdd, pad, cathode, anode
2026-08-10 17:00:24 +0200: Memory Usage (458840K) : Netlist file: /foss/designs/ihp-open-pdk-regression/IOPADS/netlist/pads_sub/sg13g2_IOPadInOut30mA.spi
2026-08-10 17:00:24 +0200: Memory Usage (458840K) : LVS extracted netlist at: /foss/designs/ihp-open-pdk-regression/IOPADS/lvs_sweep/20260810_165956/sg13g2_IOPadInOut30mA/sg13g2_IOPadInOut30mA_extracted.cir
2026-08-10 17:00:24 +0200: Memory Usage (458840K) : Applying SRAM integration support.
2026-08-10 17:00:24 +0200: Memory Usage (458840K) : Starting SG13G2 LVS runset
2026-08-10 17:00:24 +0200: Memory Usage (458840K) : Read in polygons from layers.
2026-08-10 17:00:24 +0200: Memory Usage (460632K) : activ_drw has 113 polygons
2026-08-10 17:00:24 +0200: Memory Usage (460632K) : activ_filler has 0 polygons
2026-08-10 17:00:24 +0200: Memory Usage (460760K) : activ has 113 polygons
2026-08-10 17:00:24 +0200: Memory Usage (460888K) : activ_pin has 0 polygons
2026-08-10 17:00:24 +0200: Memory Usage (460888K) : activ_mask has 0 polygons
2026-08-10 17:00:24 +0200: Memory Usage (461016K) : activ_nofill has 0 polygons
2026-08-10 17:00:24 +0200: Memory Usage (461016K) : activ_OPC has 0 polygons
2026-08-10 17:00:24 +0200: Memory Usage (461144K) : activ_iOPC has 0 polygons
2026-08-10 17:00:24 +0200: Memory Usage (461144K) : activ_noqrc has 0 polygons
2026-08-10 17:00:24 +0200: Memory Usage (461272K) : biwind_drw has 0 polygons
2026-08-10 17:00:24 +0200: Memory Usage (461272K) : biwind_OPC has 0 polygons
2026-08-10 17:00:24 +0200: Memory Usage (461400K) : gatpoly_drw has 69 polygons
2026-08-10 17:00:24 +0200: Memory Usage (461528K) : gatpoly_filler has 0 polygons
2026-08-10 17:00:24 +0200: Memory Usage (461528K) : gatpoly has 69 polygons
2026-08-10 17:00:24 +0200: Memory Usage (461656K) : gatpoly_pin has 6 polygons
2026-08-10 17:00:24 +0200: Memory Usage (461656K) : gatpoly_nofill has 0 polygons
2026-08-10 17:00:24 +0200: Memory Usage (461784K) : gatpoly_OPC has 0 polygons
2026-08-10 17:00:24 +0200: Memory Usage (461784K) : gatpoly_iOPC has 0 polygons
2026-08-10 17:00:24 +0200: Memory Usage (461912K) : gatpoly_noqrc has 0 polygons
2026-08-10 17:00:24 +0200: Memory Usage (463320K) : cont_drw has 47016 polygons
2026-08-10 17:00:24 +0200: Memory Usage (463320K) : cont_OPC has 0 polygons
2026-08-10 17:00:24 +0200: Memory Usage (463320K) : nsd_drw has 0 polygons
2026-08-10 17:00:24 +0200: Memory Usage (463320K) : nsd_block has 0 polygons
2026-08-10 17:00:24 +0200: Memory Usage (463320K) : metal1_drw has 393 polygons
2026-08-10 17:00:24 +0200: Memory Usage (463320K) : metal1_filler has 0 polygons
2026-08-10 17:00:24 +0200: Memory Usage (463320K) : metal1_slit has 0 polygons
2026-08-10 17:00:24 +0200: Memory Usage (463832K) : metal1 has 393 polygons
2026-08-10 17:00:24 +0200: Memory Usage (463832K) : metal1_pin has 57 polygons
2026-08-10 17:00:24 +0200: Memory Usage (463832K) : metal1_mask has 0 polygons
2026-08-10 17:00:24 +0200: Memory Usage (463832K) : metal1_nofill has 0 polygons
2026-08-10 17:00:24 +0200: Memory Usage (463960K) : metal1_text has 47 polygons
2026-08-10 17:00:24 +0200: Memory Usage (463960K) : metal1_OPC has 0 polygons
2026-08-10 17:00:24 +0200: Memory Usage (463960K) : metal1_noqrc has 0 polygons
2026-08-10 17:00:24 +0200: Memory Usage (463960K) : metal1_res has 0 polygons
2026-08-10 17:00:24 +0200: Memory Usage (463960K) : metal1_iprobe has 0 polygons
2026-08-10 17:00:24 +0200: Memory Usage (464088K) : metal1_diffprb has 0 polygons
2026-08-10 17:00:24 +0200: Memory Usage (464088K) : passiv_drw has 0 polygons
2026-08-10 17:00:24 +0200: Memory Usage (464088K) : passiv_pin has 0 polygons
2026-08-10 17:00:24 +0200: Memory Usage (464088K) : passiv_sbump has 0 polygons
2026-08-10 17:00:24 +0200: Memory Usage (464216K) : passiv_pillar has 0 polygons
2026-08-10 17:00:24 +0200: Memory Usage (464216K) : passiv_pdl has 0 polygons
2026-08-10 17:00:24 +0200: Memory Usage (464344K) : metal2_drw has 113 polygons
2026-08-10 17:00:24 +0200: Memory Usage (464472K) : metal2_filler has 0 polygons
2026-08-10 17:00:24 +0200: Memory Usage (464472K) : metal2_slit has 0 polygons
2026-08-10 17:00:24 +0200: Memory Usage (464600K) : metal2 has 113 polygons
2026-08-10 17:00:24 +0200: Memory Usage (464728K) : metal2_pin has 36 polygons
2026-08-10 17:00:24 +0200: Memory Usage (464728K) : metal2_mask has 0 polygons
2026-08-10 17:00:24 +0200: Memory Usage (464856K) : metal2_nofill has 0 polygons
2026-08-10 17:00:24 +0200: Memory Usage (464856K) : metal2_text has 35 polygons
2026-08-10 17:00:24 +0200: Memory Usage (464984K) : metal2_OPC has 0 polygons
2026-08-10 17:00:24 +0200: Memory Usage (464984K) : metal2_noqrc has 0 polygons
2026-08-10 17:00:24 +0200: Memory Usage (465112K) : metal2_res has 0 polygons
2026-08-10 17:00:24 +0200: Memory Usage (465240K) : metal2_iprobe has 0 polygons
2026-08-10 17:00:24 +0200: Memory Usage (465240K) : metal2_diffprb has 0 polygons
2026-08-10 17:00:24 +0200: Memory Usage (465368K) : baspoly_drw has 0 polygons
2026-08-10 17:00:24 +0200: Memory Usage (465368K) : baspoly_pin has 0 polygons
2026-08-10 17:00:24 +0200: Memory Usage (465496K) : psd_drw has 46 polygons
2026-08-10 17:00:24 +0200: Memory Usage (465496K) : nldb_drw has 0 polygons
2026-08-10 17:00:24 +0200: Memory Usage (465624K) : digibnd_drw has 0 polygons
2026-08-10 17:00:24 +0200: Memory Usage (465624K) : via1_drw has 1923 polygons
2026-08-10 17:00:24 +0200: Memory Usage (465752K) : backmetal1_drw has 0 polygons
2026-08-10 17:00:24 +0200: Memory Usage (465880K) : backmetal1_pin has 0 polygons
2026-08-10 17:00:24 +0200: Memory Usage (465880K) : backmetal1_mask has 0 polygons
2026-08-10 17:00:24 +0200: Memory Usage (466008K) : backmetal1_filler has 0 polygons
2026-08-10 17:00:24 +0200: Memory Usage (466008K) : backmetal1_nofill has 0 polygons
2026-08-10 17:00:24 +0200: Memory Usage (466136K) : backmetal1_slit has 0 polygons
2026-08-10 17:00:24 +0200: Memory Usage (466136K) : backmetal1_text has 0 polygons
2026-08-10 17:00:24 +0200: Memory Usage (466264K) : backmetal1_OPC has 0 polygons
2026-08-10 17:00:24 +0200: Memory Usage (466264K) : backmetal1_noqrc has 0 polygons
2026-08-10 17:00:24 +0200: Memory Usage (466392K) : backmetal1_res has 0 polygons
2026-08-10 17:00:24 +0200: Memory Usage (466392K) : backmetal1_iprobe has 0 polygons
2026-08-10 17:00:24 +0200: Memory Usage (466520K) : backmetal1_diffprb has 0 polygons
2026-08-10 17:00:24 +0200: Memory Usage (466520K) : backpassiv_drw has 0 polygons
2026-08-10 17:00:24 +0200: Memory Usage (466648K) : res_drw has 0 polygons
2026-08-10 17:00:24 +0200: Memory Usage (466648K) : sram_drw has 0 polygons
2026-08-10 17:00:24 +0200: Memory Usage (466776K) : trans_drw has 0 polygons
2026-08-10 17:00:24 +0200: Memory Usage (466776K) : ind_drw has 0 polygons
2026-08-10 17:00:24 +0200: Memory Usage (466904K) : ind_pin has 0 polygons
2026-08-10 17:00:24 +0200: Memory Usage (467032K) : ind_text has 0 polygons
2026-08-10 17:00:24 +0200: Memory Usage (467032K) : salblock_drw has 1 polygons
2026-08-10 17:00:24 +0200: Memory Usage (467160K) : via2_drw has 1655 polygons
2026-08-10 17:00:24 +0200: Memory Usage (467160K) : metal3_drw has 27 polygons
2026-08-10 17:00:24 +0200: Memory Usage (467288K) : metal3_filler has 0 polygons
2026-08-10 17:00:24 +0200: Memory Usage (467288K) : metal3_slit has 0 polygons
2026-08-10 17:00:24 +0200: Memory Usage (467544K) : metal3 has 27 polygons
2026-08-10 17:00:24 +0200: Memory Usage (467544K) : metal3_pin has 11 polygons
2026-08-10 17:00:24 +0200: Memory Usage (467544K) : metal3_mask has 0 polygons
2026-08-10 17:00:24 +0200: Memory Usage (467672K) : metal3_nofill has 0 polygons
2026-08-10 17:00:24 +0200: Memory Usage (467800K) : metal3_text has 11 polygons
2026-08-10 17:00:24 +0200: Memory Usage (467800K) : metal3_OPC has 0 polygons
2026-08-10 17:00:24 +0200: Memory Usage (467928K) : metal3_noqrc has 0 polygons
2026-08-10 17:00:24 +0200: Memory Usage (467928K) : metal3_res has 0 polygons
2026-08-10 17:00:24 +0200: Memory Usage (468056K) : metal3_iprobe has 0 polygons
2026-08-10 17:00:24 +0200: Memory Usage (468056K) : metal3_diffprb has 0 polygons
2026-08-10 17:00:24 +0200: Memory Usage (468184K) : nwell_drw has 29 polygons
2026-08-10 17:00:24 +0200: Memory Usage (468184K) : nwell_pin has 0 polygons
2026-08-10 17:00:24 +0200: Memory Usage (468312K) : nwell_text has 0 polygons
2026-08-10 17:00:24 +0200: Memory Usage (468312K) : nbulay_drw has 0 polygons
2026-08-10 17:00:24 +0200: Memory Usage (468440K) : nbulay_pin has 0 polygons
2026-08-10 17:00:24 +0200: Memory Usage (468440K) : nbulay_block has 0 polygons
2026-08-10 17:00:24 +0200: Memory Usage (468568K) : emwind_drw has 0 polygons
2026-08-10 17:00:24 +0200: Memory Usage (468568K) : emwind_OPC has 0 polygons
2026-08-10 17:00:24 +0200: Memory Usage (468696K) : deepco_drw has 0 polygons
2026-08-10 17:00:24 +0200: Memory Usage (468696K) : mim_drw has 0 polygons
2026-08-10 17:00:24 +0200: Memory Usage (468824K) : edgeseal_drw has 0 polygons
2026-08-10 17:00:24 +0200: Memory Usage (468952K) : substrate_drw has 32 polygons
2026-08-10 17:00:24 +0200: Memory Usage (468952K) : substrate_text has 0 polygons
2026-08-10 17:00:24 +0200: Memory Usage (469080K) : dfpad_drw has 0 polygons
2026-08-10 17:00:24 +0200: Memory Usage (469080K) : dfpad_pillar has 0 polygons
2026-08-10 17:00:24 +0200: Memory Usage (469080K) : dfpad_sbump has 0 polygons
2026-08-10 17:00:24 +0200: Memory Usage (469208K) : thickgateox_drw has 8 polygons
2026-08-10 17:00:24 +0200: Memory Usage (469208K) : pldb_drw has 0 polygons
2026-08-10 17:00:24 +0200: Memory Usage (469336K) : pwell_drw has 0 polygons
2026-08-10 17:00:24 +0200: Memory Usage (469336K) : pwell_pin has 0 polygons
2026-08-10 17:00:24 +0200: Memory Usage (469464K) : pwell_block has 0 polygons
2026-08-10 17:00:24 +0200: Memory Usage (469464K) : ic_drw has 0 polygons
2026-08-10 17:00:24 +0200: Memory Usage (469592K) : via3_drw has 2087 polygons
2026-08-10 17:00:24 +0200: Memory Usage (469720K) : metal4_drw has 8 polygons
2026-08-10 17:00:24 +0200: Memory Usage (469848K) : metal4_filler has 0 polygons
2026-08-10 17:00:24 +0200: Memory Usage (469848K) : metal4_slit has 0 polygons
2026-08-10 17:00:24 +0200: Memory Usage (469976K) : metal4 has 8 polygons
2026-08-10 17:00:24 +0200: Memory Usage (470104K) : metal4_pin has 8 polygons
2026-08-10 17:00:24 +0200: Memory Usage (470104K) : metal4_mask has 0 polygons
2026-08-10 17:00:24 +0200: Memory Usage (470232K) : metal4_nofill has 0 polygons
2026-08-10 17:00:24 +0200: Memory Usage (470232K) : metal4_text has 8 polygons
2026-08-10 17:00:24 +0200: Memory Usage (470360K) : metal4_OPC has 0 polygons
2026-08-10 17:00:24 +0200: Memory Usage (470360K) : metal4_noqrc has 0 polygons
2026-08-10 17:00:24 +0200: Memory Usage (470488K) : metal4_res has 0 polygons
2026-08-10 17:00:24 +0200: Memory Usage (470488K) : metal4_iprobe has 0 polygons
2026-08-10 17:00:24 +0200: Memory Usage (470616K) : metal4_diffprb has 0 polygons
2026-08-10 17:00:24 +0200: Memory Usage (470616K) : heattrans_drw has 6 polygons
2026-08-10 17:00:24 +0200: Memory Usage (470744K) : heatres_drw has 0 polygons
2026-08-10 17:00:24 +0200: Memory Usage (470872K) : fbe_drw has 0 polygons
2026-08-10 17:00:24 +0200: Memory Usage (470872K) : empoly_drw has 0 polygons
2026-08-10 17:00:24 +0200: Memory Usage (471000K) : digisub_drw has 0 polygons
2026-08-10 17:00:24 +0200: Memory Usage (471000K) : text_drw has 29 polygons
2026-08-10 17:00:24 +0200: Memory Usage (471128K) : via4_drw has 2371 polygons
2026-08-10 17:00:24 +0200: Memory Usage (471256K) : metal5_drw has 8 polygons
2026-08-10 17:00:24 +0200: Memory Usage (471256K) : metal5_filler has 0 polygons
2026-08-10 17:00:24 +0200: Memory Usage (471384K) : metal5_slit has 0 polygons
2026-08-10 17:00:24 +0200: Memory Usage (471384K) : metal5 has 8 polygons
2026-08-10 17:00:24 +0200: Memory Usage (471384K) : metal5_pin has 8 polygons
2026-08-10 17:00:24 +0200: Memory Usage (471384K) : metal5_mask has 0 polygons
2026-08-10 17:00:24 +0200: Memory Usage (471384K) : metal5_nofill has 0 polygons
2026-08-10 17:00:24 +0200: Memory Usage (471384K) : metal5_text has 8 polygons
2026-08-10 17:00:24 +0200: Memory Usage (471384K) : metal5_OPC has 0 polygons
2026-08-10 17:00:24 +0200: Memory Usage (471384K) : metal5_noqrc has 0 polygons
2026-08-10 17:00:24 +0200: Memory Usage (471384K) : metal5_res has 0 polygons
2026-08-10 17:00:24 +0200: Memory Usage (471384K) : metal5_iprobe has 0 polygons
2026-08-10 17:00:24 +0200: Memory Usage (471384K) : metal5_diffprb has 0 polygons
2026-08-10 17:00:24 +0200: Memory Usage (471384K) : radhard_drw has 0 polygons
2026-08-10 17:00:24 +0200: Memory Usage (471384K) : memcap_drw has 0 polygons
2026-08-10 17:00:24 +0200: Memory Usage (471384K) : varicap_drw has 0 polygons
2026-08-10 17:00:24 +0200: Memory Usage (471384K) : intbondvia_drw has 0 polygons
2026-08-10 17:00:24 +0200: Memory Usage (471384K) : intbondmet_drw has 0 polygons
2026-08-10 17:00:24 +0200: Memory Usage (471384K) : devbondvia_drw has 0 polygons
2026-08-10 17:00:24 +0200: Memory Usage (471384K) : devbondmet_drw has 0 polygons
2026-08-10 17:00:24 +0200: Memory Usage (471384K) : devtrench_drw has 0 polygons
2026-08-10 17:00:24 +0200: Memory Usage (471384K) : redist_drw has 0 polygons
2026-08-10 17:00:24 +0200: Memory Usage (471384K) : graphbot_drw has 0 polygons
2026-08-10 17:00:24 +0200: Memory Usage (471384K) : graphtop_drw has 0 polygons
2026-08-10 17:00:24 +0200: Memory Usage (471384K) : antvia1_drw has 0 polygons
2026-08-10 17:00:24 +0200: Memory Usage (471384K) : antmetal2_drw has 0 polygons
2026-08-10 17:00:24 +0200: Memory Usage (471384K) : graphcont_drw has 0 polygons
2026-08-10 17:00:24 +0200: Memory Usage (471384K) : siwg_drw has 0 polygons
2026-08-10 17:00:24 +0200: Memory Usage (471384K) : siwg_filler has 0 polygons
2026-08-10 17:00:24 +0200: Memory Usage (471384K) : siwg_nofill has 0 polygons
2026-08-10 17:00:24 +0200: Memory Usage (471384K) : sigrating_drw has 0 polygons
2026-08-10 17:00:24 +0200: Memory Usage (471384K) : singrating_drw has 0 polygons
2026-08-10 17:00:24 +0200: Memory Usage (471384K) : graphpas_drw has 0 polygons
2026-08-10 17:00:24 +0200: Memory Usage (471384K) : emwind3_drw has 0 polygons
2026-08-10 17:00:24 +0200: Memory Usage (471384K) : emwihv3_drw has 0 polygons
2026-08-10 17:00:24 +0200: Memory Usage (471384K) : redbulay_drw has 0 polygons
2026-08-10 17:00:24 +0200: Memory Usage (471384K) : smos_drw has 0 polygons
2026-08-10 17:00:24 +0200: Memory Usage (471384K) : graphpad_drw has 0 polygons
2026-08-10 17:00:24 +0200: Memory Usage (471384K) : polimide_drw has 0 polygons
2026-08-10 17:00:24 +0200: Memory Usage (471384K) : polimide_pin has 0 polygons
2026-08-10 17:00:24 +0200: Memory Usage (471384K) : recog_drw has 0 polygons
2026-08-10 17:00:24 +0200: Memory Usage (471384K) : recog_pin has 0 polygons
2026-08-10 17:00:24 +0200: Memory Usage (471384K) : recog_esd has 0 polygons
2026-08-10 17:00:24 +0200: Memory Usage (471384K) : recog_diode has 9 polygons
2026-08-10 17:00:24 +0200: Memory Usage (471384K) : recog_tsv has 0 polygons
2026-08-10 17:00:24 +0200: Memory Usage (471384K) : recog_iprobe has 0 polygons
2026-08-10 17:00:24 +0200: Memory Usage (471384K) : recog_diffprb has 0 polygons
2026-08-10 17:00:24 +0200: Memory Usage (471384K) : recog_pillar has 0 polygons
2026-08-10 17:00:24 +0200: Memory Usage (471384K) : recog_sbump has 0 polygons
2026-08-10 17:00:24 +0200: Memory Usage (471384K) : recog_otp has 0 polygons
2026-08-10 17:00:24 +0200: Memory Usage (471384K) : recog_pdiode has 0 polygons
2026-08-10 17:00:24 +0200: Memory Usage (471384K) : recog_mom has 0 polygons
2026-08-10 17:00:24 +0200: Memory Usage (471384K) : recog_pcm has 0 polygons
2026-08-10 17:00:24 +0200: Memory Usage (471384K) : colopen_drw has 0 polygons
2026-08-10 17:00:24 +0200: Memory Usage (471384K) : graphmetal1_drw has 0 polygons
2026-08-10 17:00:24 +0200: Memory Usage (471384K) : graphmetal1_filler has 0 polygons
2026-08-10 17:00:24 +0200: Memory Usage (471384K) : graphmetal1_nofill has 0 polygons
2026-08-10 17:00:24 +0200: Memory Usage (471384K) : graphmetal1_slit has 0 polygons
2026-08-10 17:00:24 +0200: Memory Usage (471384K) : graphmetal1_OPC has 0 polygons
2026-08-10 17:00:24 +0200: Memory Usage (471384K) : graphmet1l_drw has 0 polygons
2026-08-10 17:00:24 +0200: Memory Usage (471384K) : graphmet1l_filler has 0 polygons
2026-08-10 17:00:24 +0200: Memory Usage (471384K) : graphmet1l_nofill has 0 polygons
2026-08-10 17:00:24 +0200: Memory Usage (471384K) : graphmet1l_slit has 0 polygons
2026-08-10 17:00:24 +0200: Memory Usage (471384K) : graphmet1l_OPC has 0 polygons
2026-08-10 17:00:24 +0200: Memory Usage (471384K) : extblock_drw has 1 polygons
2026-08-10 17:00:24 +0200: Memory Usage (471384K) : nldd_drw has 0 polygons
2026-08-10 17:00:24 +0200: Memory Usage (471384K) : pldd_drw has 0 polygons
2026-08-10 17:00:24 +0200: Memory Usage (471384K) : next_drw has 0 polygons
2026-08-10 17:00:24 +0200: Memory Usage (471384K) : pext_drw has 0 polygons
2026-08-10 17:00:24 +0200: Memory Usage (471384K) : nexthv_drw has 0 polygons
2026-08-10 17:00:24 +0200: Memory Usage (471384K) : pexthv_drw has 0 polygons
2026-08-10 17:00:24 +0200: Memory Usage (471384K) : graphgate_drw has 0 polygons
2026-08-10 17:00:24 +0200: Memory Usage (471384K) : sinwg_drw has 0 polygons
2026-08-10 17:00:24 +0200: Memory Usage (471384K) : sinwg_filler has 0 polygons
2026-08-10 17:00:24 +0200: Memory Usage (471384K) : sinwg_nofill has 0 polygons
2026-08-10 17:00:24 +0200: Memory Usage (471384K) : mempad_drw has 0 polygons
2026-08-10 17:00:24 +0200: Memory Usage (471384K) : topvia1_drw has 2315 polygons
2026-08-10 17:00:24 +0200: Memory Usage (471384K) : topmetal1_drw has 8 polygons
2026-08-10 17:00:24 +0200: Memory Usage (471384K) : topmetal1_filler has 0 polygons
2026-08-10 17:00:24 +0200: Memory Usage (471384K) : topmetal1_slit has 0 polygons
2026-08-10 17:00:24 +0200: Memory Usage (471384K) : topmetal1 has 8 polygons
2026-08-10 17:00:24 +0200: Memory Usage (471384K) : topmetal1_pin has 8 polygons
2026-08-10 17:00:24 +0200: Memory Usage (471384K) : topmetal1_mask has 0 polygons
2026-08-10 17:00:24 +0200: Memory Usage (471384K) : topmetal1_nofill has 0 polygons
2026-08-10 17:00:24 +0200: Memory Usage (471384K) : topmetal1_text has 8 polygons
2026-08-10 17:00:24 +0200: Memory Usage (471384K) : topmetal1_noqrc has 0 polygons
2026-08-10 17:00:24 +0200: Memory Usage (471384K) : topmetal1_res has 0 polygons
2026-08-10 17:00:24 +0200: Memory Usage (471384K) : topmetal1_iprobe has 0 polygons
2026-08-10 17:00:24 +0200: Memory Usage (471384K) : topmetal1_diffprb has 0 polygons
2026-08-10 17:00:24 +0200: Memory Usage (471384K) : inldpwl_drw has 0 polygons
2026-08-10 17:00:24 +0200: Memory Usage (471384K) : polyres_drw has 1 polygons
2026-08-10 17:00:24 +0200: Memory Usage (471384K) : polyres_pin has 0 polygons
2026-08-10 17:00:24 +0200: Memory Usage (471384K) : vmim_drw has 0 polygons
2026-08-10 17:00:24 +0200: Memory Usage (471384K) : nbulaycut_drw has 0 polygons
2026-08-10 17:00:24 +0200: Memory Usage (471384K) : antmetal1_drw has 0 polygons
2026-08-10 17:00:24 +0200: Memory Usage (471384K) : topvia2_drw has 1593 polygons
2026-08-10 17:00:24 +0200: Memory Usage (471384K) : topmetal2_drw has 6 polygons
2026-08-10 17:00:24 +0200: Memory Usage (471384K) : topmetal2_filler has 0 polygons
2026-08-10 17:00:24 +0200: Memory Usage (471384K) : topmetal2_slit has 0 polygons
2026-08-10 17:00:24 +0200: Memory Usage (471384K) : topmetal2 has 6 polygons
2026-08-10 17:00:24 +0200: Memory Usage (471384K) : topmetal2_pin has 6 polygons
2026-08-10 17:00:24 +0200: Memory Usage (471384K) : topmetal2_mask has 0 polygons
2026-08-10 17:00:24 +0200: Memory Usage (471384K) : topmetal2_nofill has 0 polygons
2026-08-10 17:00:24 +0200: Memory Usage (471384K) : topmetal2_text has 6 polygons
2026-08-10 17:00:24 +0200: Memory Usage (471384K) : topmetal2_noqrc has 0 polygons
2026-08-10 17:00:24 +0200: Memory Usage (471384K) : topmetal2_res has 0 polygons
2026-08-10 17:00:24 +0200: Memory Usage (471384K) : topmetal2_iprobe has 0 polygons
2026-08-10 17:00:25 +0200: Memory Usage (471384K) : topmetal2_diffprb has 0 polygons
2026-08-10 17:00:25 +0200: Memory Usage (471384K) : snsring_drw has 0 polygons
2026-08-10 17:00:25 +0200: Memory Usage (471384K) : sensor_drw has 0 polygons
2026-08-10 17:00:25 +0200: Memory Usage (471384K) : snsarms_drw has 0 polygons
2026-08-10 17:00:25 +0200: Memory Usage (471384K) : snscmosvia_drw has 0 polygons
2026-08-10 17:00:25 +0200: Memory Usage (471384K) : colwind_drw has 0 polygons
2026-08-10 17:00:25 +0200: Memory Usage (471384K) : flm_drw has 0 polygons
2026-08-10 17:00:25 +0200: Memory Usage (471384K) : hafniumox_drw has 0 polygons
2026-08-10 17:00:25 +0200: Memory Usage (471384K) : memvia_drw has 0 polygons
2026-08-10 17:00:25 +0200: Memory Usage (471384K) : thinfilmres_drw has 0 polygons
2026-08-10 17:00:25 +0200: Memory Usage (471384K) : rfmem_drw has 0 polygons
2026-08-10 17:00:25 +0200: Memory Usage (471384K) : norcx_drw has 0 polygons
2026-08-10 17:00:25 +0200: Memory Usage (471384K) : norcx_m2m3 has 0 polygons
2026-08-10 17:00:25 +0200: Memory Usage (471384K) : norcx_m2m4 has 0 polygons
2026-08-10 17:00:25 +0200: Memory Usage (471384K) : norcx_m2m5 has 0 polygons
2026-08-10 17:00:25 +0200: Memory Usage (471384K) : norcx_m2tm1 has 0 polygons
2026-08-10 17:00:25 +0200: Memory Usage (471384K) : norcx_m2tm2 has 0 polygons
2026-08-10 17:00:25 +0200: Memory Usage (471384K) : norcx_m3m4 has 0 polygons
2026-08-10 17:00:25 +0200: Memory Usage (471384K) : norcx_m3m5 has 0 polygons
2026-08-10 17:00:25 +0200: Memory Usage (471384K) : norcx_m3tm1 has 0 polygons
2026-08-10 17:00:25 +0200: Memory Usage (471384K) : norcx_m3tm2 has 0 polygons
2026-08-10 17:00:25 +0200: Memory Usage (471384K) : norcx_m4m5 has 0 polygons
2026-08-10 17:00:25 +0200: Memory Usage (471384K) : norcx_m4tm1 has 0 polygons
2026-08-10 17:00:25 +0200: Memory Usage (471384K) : norcx_m4tm2 has 0 polygons
2026-08-10 17:00:25 +0200: Memory Usage (471384K) : norcx_m5tm1 has 0 polygons
2026-08-10 17:00:25 +0200: Memory Usage (471384K) : norcx_m5tm2 has 0 polygons
2026-08-10 17:00:25 +0200: Memory Usage (471384K) : norcx_tm1tm2 has 0 polygons
2026-08-10 17:00:25 +0200: Memory Usage (471384K) : norcx_m1sub has 0 polygons
2026-08-10 17:00:25 +0200: Memory Usage (471384K) : norcx_m2sub has 0 polygons
2026-08-10 17:00:25 +0200: Memory Usage (471384K) : norcx_m3sub has 0 polygons
2026-08-10 17:00:25 +0200: Memory Usage (471384K) : norcx_m4sub has 0 polygons
2026-08-10 17:00:25 +0200: Memory Usage (471384K) : norcx_m5sub has 0 polygons
2026-08-10 17:00:25 +0200: Memory Usage (471384K) : norcx_tm1sub has 0 polygons
2026-08-10 17:00:25 +0200: Memory Usage (471384K) : norcx_tm2sub has 0 polygons
2026-08-10 17:00:25 +0200: Memory Usage (471384K) : snsbotvia_drw has 0 polygons
2026-08-10 17:00:25 +0200: Memory Usage (471384K) : snstopvia_drw has 0 polygons
2026-08-10 17:00:25 +0200: Memory Usage (471384K) : deepvia_drw has 0 polygons
2026-08-10 17:00:25 +0200: Memory Usage (471512K) : fgetch_drw has 0 polygons
2026-08-10 17:00:25 +0200: Memory Usage (471512K) : ctrgat_drw has 0 polygons
2026-08-10 17:00:25 +0200: Memory Usage (471640K) : fgimp_drw has 0 polygons
2026-08-10 17:00:25 +0200: Memory Usage (471640K) : emwihv_drw has 0 polygons
2026-08-10 17:00:25 +0200: Memory Usage (471768K) : lbe_drw has 0 polygons
2026-08-10 17:00:25 +0200: Memory Usage (471768K) : alcustop_drw has 0 polygons
2026-08-10 17:00:25 +0200: Memory Usage (471896K) : nometfiller_drw has 0 polygons
2026-08-10 17:00:25 +0200: Memory Usage (471896K) : prboundary_drw has 0 polygons
2026-08-10 17:00:25 +0200: Memory Usage (472024K) : exchange0_drw has 0 polygons
2026-08-10 17:00:25 +0200: Memory Usage (472152K) : exchange0_pin has 0 polygons
2026-08-10 17:00:25 +0200: Memory Usage (472152K) : exchange0_text has 0 polygons
2026-08-10 17:00:25 +0200: Memory Usage (472280K) : exchange1_drw has 0 polygons
2026-08-10 17:00:25 +0200: Memory Usage (472280K) : exchange1_pin has 0 polygons
2026-08-10 17:00:25 +0200: Memory Usage (472408K) : exchange1_text has 0 polygons
2026-08-10 17:00:25 +0200: Memory Usage (472408K) : exchange2_drw has 0 polygons
2026-08-10 17:00:25 +0200: Memory Usage (472536K) : exchange2_pin has 0 polygons
2026-08-10 17:00:25 +0200: Memory Usage (472536K) : exchange2_text has 0 polygons
2026-08-10 17:00:25 +0200: Memory Usage (472664K) : exchange3_drw has 0 polygons
2026-08-10 17:00:25 +0200: Memory Usage (472664K) : exchange3_pin has 0 polygons
2026-08-10 17:00:25 +0200: Memory Usage (472792K) : exchange3_text has 0 polygons
2026-08-10 17:00:25 +0200: Memory Usage (472792K) : exchange4_drw has 0 polygons
2026-08-10 17:00:25 +0200: Memory Usage (472920K) : exchange4_pin has 0 polygons
2026-08-10 17:00:25 +0200: Memory Usage (472920K) : exchange4_text has 0 polygons
2026-08-10 17:00:25 +0200: Memory Usage (473048K) : isonwell_drw has 0 polygons
2026-08-10 17:00:25 +0200: Memory Usage (473048K) : Total no. of polygons in the design is 60130
2026-08-10 17:00:25 +0200: Memory Usage (473048K) : Starting base layers derivations
2026-08-10 17:00:25 +0200: Memory Usage (473048K) : Starting general LVS derivations
2026-08-10 17:00:25 +0200: Memory Usage (480216K) : Starting MOSFET DERIVATIONS
2026-08-10 17:00:25 +0200: Memory Usage (480668K) : Starting NMOS DERIVATIONS
2026-08-10 17:00:25 +0200: Memory Usage (480668K) : Starting PMOS DERIVATIONS
2026-08-10 17:00:25 +0200: Memory Usage (480668K) : Starting RF-MOSFET DERIVATIONS
2026-08-10 17:00:25 +0200: Memory Usage (480668K) : Starting RF-NMOS DERIVATIONS
2026-08-10 17:00:25 +0200: Memory Usage (480668K) : Starting RF-PMOS DERIVATIONS
2026-08-10 17:00:25 +0200: Memory Usage (480668K) : Starting BJT DERIVATIONS
2026-08-10 17:00:25 +0200: Memory Usage (480668K) : Starting NPN-BJT DERIVATIONS
2026-08-10 17:00:25 +0200: Memory Usage (480668K) : Starting PNP-BJT DERIVATIONS
2026-08-10 17:00:25 +0200: Memory Usage (480668K) : Starting DIODE DERIVATIONS
2026-08-10 17:00:26 +0200: Memory Usage (480592K) : Starting RESISTOR DERIVATIONS
2026-08-10 17:00:26 +0200: Memory Usage (480720K) : Starting CAP DERIVATIONS
2026-08-10 17:00:27 +0200: Memory Usage (480720K) : Starting CAP_CMOM DERIVATIONS
2026-08-10 17:00:27 +0200: Memory Usage (480720K) : Starting ESD DERIVATIONS
2026-08-10 17:00:27 +0200: Memory Usage (480720K) : Starting Inductor DERIVATIONS
2026-08-10 17:00:27 +0200: Memory Usage (481488K) : Starting Taps DERIVATIONS
2026-08-10 17:00:27 +0200: Memory Usage (482768K) : Starting SG13G2 LVS connectivity setup
2026-08-10 17:00:27 +0200: Memory Usage (482768K) : Starting SG13G2 LVS connectivity setup (Inter-layer)
2026-08-10 17:00:27 +0200: Memory Usage (482896K) : Starting SG13G2 LVS connectivity setup (Global)
2026-08-10 17:00:27 +0200: Memory Usage (482896K) : Starting LVS MOSFET CONNECTIONS
2026-08-10 17:00:27 +0200: Memory Usage (482896K) : Starting LVS RF-MOSFET CONNECTIONS
2026-08-10 17:00:27 +0200: Memory Usage (482896K) : Starting LVS BJT CONNECTIONS
2026-08-10 17:00:27 +0200: Memory Usage (482896K) : Starting LVS DIODE CONNECTIONS
2026-08-10 17:00:27 +0200: Memory Usage (482896K) : Starting RESISTOR CONNECTIONS
2026-08-10 17:00:27 +0200: Memory Usage (482896K) : Starting LVS CAP CONNECTIONS
2026-08-10 17:00:27 +0200: Memory Usage (482896K) : Starting CAP_CMOM CONNECTIONS
2026-08-10 17:00:27 +0200: Memory Usage (482896K) : Starting ESD CONNECTIONS
2026-08-10 17:00:27 +0200: Memory Usage (482896K) : Starting Inductor CONNECTIONS
2026-08-10 17:00:27 +0200: Memory Usage (482896K) : Starting LVS Taps CONNECTIONS
2026-08-10 17:00:27 +0200: Memory Usage (482896K) : Starting SG13G2 LVS DEVICES EXTRACTION
2026-08-10 17:00:27 +0200: Memory Usage (482896K) : Starting MOSFET EXTRACTION
2026-08-10 17:00:27 +0200: Memory Usage (482896K) : Starting NMOS EXTRACTION
2026-08-10 17:00:27 +0200: Memory Usage (482896K) : Extraction of NMOS-LV transistor
2026-08-10 17:00:27 +0200: Memory Usage (483024K) : Extraction of NMOS-HV transistor
2026-08-10 17:00:27 +0200: Memory Usage (483024K) : Starting PMOS EXTRACTION
2026-08-10 17:00:27 +0200: Memory Usage (483024K) : Extraction of PMOS-LV transistor
2026-08-10 17:00:27 +0200: Memory Usage (483024K) : Extraction of PMOS-HV transistor
2026-08-10 17:00:27 +0200: Memory Usage (483024K) : Starting RF-MOSFET EXTRACTION
2026-08-10 17:00:27 +0200: Memory Usage (483024K) : Extraction of RF-NMOS-LV transistor
2026-08-10 17:00:27 +0200: Memory Usage (483024K) : Extraction of RF-NMOS-HV transistor
2026-08-10 17:00:27 +0200: Memory Usage (483024K) : Extraction of RF-PMOS-LV transistor
2026-08-10 17:00:27 +0200: Memory Usage (483024K) : Extraction of RF-PMOS-HV transistor
2026-08-10 17:00:27 +0200: Memory Usage (483024K) : Starting BJT EXTRACTION
2026-08-10 17:00:27 +0200: Memory Usage (483024K) : Starting NPN-BJT EXTRACTION
2026-08-10 17:00:27 +0200: Memory Usage (483024K) : Extraction of npn13G2 BJT transistor
2026-08-10 17:00:27 +0200: Memory Usage (483024K) : Extraction of npn13G2L BJT transistor
2026-08-10 17:00:27 +0200: Memory Usage (483024K) : Extraction of npn13G2V BJT transistor
2026-08-10 17:00:27 +0200: Memory Usage (483024K) : Starting PNP-BJT EXTRACTION
2026-08-10 17:00:27 +0200: Memory Usage (483024K) : Extracting pnpMPA BJT
2026-08-10 17:00:27 +0200: Memory Usage (483024K) : Starting DIODE EXTRACTION
2026-08-10 17:00:27 +0200: Memory Usage (483024K) : Extracting dantenna diode
2026-08-10 17:00:27 +0200: Memory Usage (483024K) : Extracting dpantenna diode
2026-08-10 17:00:27 +0200: Memory Usage (483024K) : Extracting schottky_nbl1 diode
2026-08-10 17:00:27 +0200: Memory Usage (483024K) : Extracting isolbox diode
2026-08-10 17:00:27 +0200: Memory Usage (483024K) : Starting RESISTOR EXTRACTION
2026-08-10 17:00:27 +0200: Memory Usage (483024K) : Extracting rsil resistor
2026-08-10 17:00:27 +0200: Memory Usage (483024K) : Extracting rppd resistor
2026-08-10 17:00:27 +0200: Memory Usage (483152K) : Extracting rhigh resistor
2026-08-10 17:00:27 +0200: Memory Usage (483152K) : Extracting res_metal1 resistor
2026-08-10 17:00:27 +0200: Memory Usage (483152K) : Extracting res_metal2 resistor
2026-08-10 17:00:27 +0200: Memory Usage (483152K) : Extracting res_metal3 resistor
2026-08-10 17:00:27 +0200: Memory Usage (483152K) : Extracting res_metal4 resistor
2026-08-10 17:00:27 +0200: Memory Usage (483152K) : Extracting res_metal5 resistor
2026-08-10 17:00:27 +0200: Memory Usage (483152K) : Extracting res_topmetal1 resistor
2026-08-10 17:00:27 +0200: Memory Usage (483152K) : Extracting res_topmetal2 resistor
2026-08-10 17:00:27 +0200: Memory Usage (483152K) : Starting CAP EXTRACTION
2026-08-10 17:00:27 +0200: Memory Usage (483152K) : Extracting cap_cmim device
2026-08-10 17:00:27 +0200: Memory Usage (483152K) : Extracting rfcmim device
2026-08-10 17:00:27 +0200: Memory Usage (483152K) : Extracting sg13_hv_svaricap varactor
2026-08-10 17:00:27 +0200: Memory Usage (483152K) : Extracting cap_cmomi device
2026-08-10 17:00:27 +0200: Memory Usage (483152K) : Extracting sg13_moscap_n capacitor
2026-08-10 17:00:27 +0200: Memory Usage (483152K) : Extracting sg13_moscap_p capacitor
2026-08-10 17:00:27 +0200: Memory Usage (483152K) : Starting ESD EXTRACTION
2026-08-10 17:00:27 +0200: Memory Usage (483152K) : Extracting diodevdd_2kv ESD device
2026-08-10 17:00:27 +0200: Memory Usage (483152K) : Extracting diodevdd_4kv ESD device
2026-08-10 17:00:27 +0200: Memory Usage (483152K) : Extracting diodevss_2kv ESD device
2026-08-10 17:00:27 +0200: Memory Usage (483152K) : Extracting diodevss_4kv ESD device
2026-08-10 17:00:27 +0200: Memory Usage (483152K) : Extracting idiodevdd_2kv ESD device
2026-08-10 17:00:27 +0200: Memory Usage (483152K) : Extracting idiodevdd_4kv ESD device
2026-08-10 17:00:27 +0200: Memory Usage (483152K) : Extracting idiodevss_2kv ESD device
2026-08-10 17:00:27 +0200: Memory Usage (483152K) : Extracting idiodevss_4kv ESD device
2026-08-10 17:00:27 +0200: Memory Usage (483152K) : Extracting nmoscl_2 ESD device
2026-08-10 17:00:27 +0200: Memory Usage (483152K) : Extracting nmoscl_4 ESD device
2026-08-10 17:00:27 +0200: Memory Usage (483152K) : Starting Inductor EXTRACTION
2026-08-10 17:00:27 +0200: Memory Usage (483152K) : Extracting Inductor2 device
2026-08-10 17:00:27 +0200: Memory Usage (483152K) : Extracting Inductor3 device
2026-08-10 17:00:27 +0200: Memory Usage (483152K) : Starting Taps EXTRACTION
2026-08-10 17:00:27 +0200: Memory Usage (483152K) : Extracting ntap1 device
2026-08-10 17:00:27 +0200: Memory Usage (483152K) : Extracting ptap1 device
2026-08-10 17:00:27 +0200: Memory Usage (483152K) : Starting SG13G2 LVS RF MOS Model Mapping
2026-08-10 17:00:28 +0200: Memory Usage (489552K) : [layout_netlist] Apply RF MOS model mapping and rfmode parameter.
2026-08-10 17:00:28 +0200: Memory Usage (489552K) : Starting SG13G2 LVS Options Preparations
2026-08-10 17:00:28 +0200: Memory Usage (489552K) : SG13G2 LVS flow: extraction -> alignment -> option preparation -> comparison.
2026-08-10 17:00:28 +0200: Memory Usage (489552K) : Starting SG13G2 LVS Alignment
2026-08-10 17:00:28 +0200: Memory Usage (489552K) : Starting SG13G2 LVS Simplification
2026-08-10 17:00:28 +0200: Memory Usage (489552K) : [layout_netlist] simplify: ENABLED
2026-08-10 17:00:28 +0200: Memory Usage (489552K) : [layout_netlist] make_top_level_pins: SKIPPED
2026-08-10 17:00:28 +0200: Memory Usage (489552K) : [layout_netlist] combine_devices: ENABLED
2026-08-10 17:00:28 +0200: Memory Usage (489552K) : [layout_netlist] purge: SKIPPED
2026-08-10 17:00:28 +0200: Memory Usage (489552K) : [layout_netlist] purge_nets: SKIPPED
2026-08-10 17:00:28 +0200: Memory Usage (489552K) : [schematic_netlist] simplify: ENABLED
2026-08-10 17:00:28 +0200: Memory Usage (489552K) : [schematic_netlist] make_top_level_pins: SKIPPED
2026-08-10 17:00:28 +0200: Memory Usage (489552K) : [schematic_netlist] combine_devices: ENABLED
2026-08-10 17:00:28 +0200: Memory Usage (489552K) : [schematic_netlist] purge: SKIPPED
2026-08-10 17:00:28 +0200: Memory Usage (489552K) : [schematic_netlist] purge_nets: SKIPPED
2026-08-10 17:00:28 +0200: Memory Usage (489552K) : Starting SG13G2 LVS Comparison
2026-08-10 17:00:28 +0200: Memory Usage (489808K) : xxxxxxxxxxxxxxxxxxxxxxxxxxxxxxxxxxxxxxxxxx
2026-08-10 17:00:28 +0200: Memory Usage (489808K) : ERROR : Netlists don't match
2026-08-10 17:00:28 +0200: Memory Usage (489808K) : xxxxxxxxxxxxxxxxxxxxxxxxxxxxxxxxxxxxxxxxxx
2026-08-10 17:00:28 +0200: Memory Usage (489808K) : LVS Total Run time 4.158409 seconds
