11-Aug-2026 10:23:46 | INFO    | Your Klayout version is: KLayout 0.30.10 (required >= 0.30.5)
11-Aug-2026 10:23:46 | INFO    | Running SG13G2 LVS checks on design /foss/designs/ihp-open-pdk-regression/IOPADS/layout/sg13g2_IOPadAnalog.gds on cell sg13g2_IOPadAnalog
2026-08-11 10:23:49 +0200: Memory Usage (455804K) : Starting running SG13G2 Klayout LVS runset on /foss/designs/ihp-open-pdk-regression/IOPADS/layout/sg13g2_IOPadAnalog.gds
2026-08-11 10:23:49 +0200: Memory Usage (455804K) : Ruby Version for klayout: 3.2.3
2026-08-11 10:23:49 +0200: Memory Usage (457084K) : Loading database to memory is complete.
2026-08-11 10:23:49 +0200: Memory Usage (457084K) : SG13G2 Klayout LVS runset output at: /foss/designs/ihp-open-pdk-regression/IOPADS/lvs_sweep/20260811_102346/sg13g2_IOPadAnalog/sg13g2_IOPadAnalog.lvsdb
2026-08-11 10:23:49 +0200: Memory Usage (457084K) : Evaluate switches.
2026-08-11 10:23:49 +0200: Memory Usage (457084K) : Extracted netlist with net names: true
2026-08-11 10:23:49 +0200: Memory Usage (457084K) : Extracted netlist with comments in details: false
2026-08-11 10:23:49 +0200: Memory Usage (457084K) : Selected NET_ONLY option: false
2026-08-11 10:23:49 +0200: Memory Usage (457084K) : Selected LAYOUT_NETLIST option: (none)
2026-08-11 10:23:49 +0200: Memory Usage (457084K) : Selected IGNORE_TOP_PORTS_MISMATCH option: true
2026-08-11 10:23:49 +0200: Memory Usage (457084K) : Selected IMPLICIT_NETS option: iovss,iovdd,vss,vdd,pad,cathode,anode
2026-08-11 10:23:49 +0200: Memory Usage (457084K) : Selected TOP_LVL_PINS option: false
2026-08-11 10:23:49 +0200: Memory Usage (457084K) : Selected COMBINE DEVICES option: true
2026-08-11 10:23:49 +0200: Memory Usage (457084K) : Selected PURGE option: false
2026-08-11 10:23:49 +0200: Memory Usage (457084K) : Selected PURGE_NETS option: false
2026-08-11 10:23:49 +0200: Memory Usage (457084K) : Selected SIMPLIFY option: true
2026-08-11 10:23:49 +0200: Memory Usage (457084K) : Selected SERIES_RES option: true
2026-08-11 10:23:49 +0200: Memory Usage (457084K) : Selected PARALLEL_RES option: true
2026-08-11 10:23:49 +0200: Memory Usage (457084K) : Selected DISABLE_TAP_EXTRACTION option: false
2026-08-11 10:23:49 +0200: Memory Usage (457084K) : deep  mode is enabled.
2026-08-11 10:23:49 +0200: Memory Usage (457084K) : Applying implicit connections (case-sensitive, pattern supported) for nets: iovss, iovdd, vss, vdd, pad, cathode, anode
2026-08-11 10:23:49 +0200: Memory Usage (458620K) : Netlist file: /foss/designs/ihp-open-pdk-regression/IOPADS/netlist/pads_sub/sg13g2_IOPadAnalog.spi
2026-08-11 10:23:49 +0200: Memory Usage (458620K) : LVS extracted netlist at: /foss/designs/ihp-open-pdk-regression/IOPADS/lvs_sweep/20260811_102346/sg13g2_IOPadAnalog/sg13g2_IOPadAnalog_extracted.cir
2026-08-11 10:23:49 +0200: Memory Usage (458620K) : Applying SRAM integration support.
2026-08-11 10:23:49 +0200: Memory Usage (458620K) : Starting SG13G2 LVS runset
2026-08-11 10:23:49 +0200: Memory Usage (458620K) : Read in polygons from layers.
2026-08-11 10:23:49 +0200: Memory Usage (460412K) : activ_drw has 51 polygons
2026-08-11 10:23:49 +0200: Memory Usage (460412K) : activ_filler has 0 polygons
2026-08-11 10:23:49 +0200: Memory Usage (460540K) : activ has 51 polygons
2026-08-11 10:23:49 +0200: Memory Usage (460540K) : activ_pin has 0 polygons
2026-08-11 10:23:49 +0200: Memory Usage (460540K) : activ_mask has 0 polygons
2026-08-11 10:23:49 +0200: Memory Usage (460540K) : activ_nofill has 0 polygons
2026-08-11 10:23:49 +0200: Memory Usage (460668K) : activ_OPC has 0 polygons
2026-08-11 10:23:49 +0200: Memory Usage (460668K) : activ_iOPC has 0 polygons
2026-08-11 10:23:49 +0200: Memory Usage (460924K) : activ_noqrc has 0 polygons
2026-08-11 10:23:49 +0200: Memory Usage (460924K) : biwind_drw has 0 polygons
2026-08-11 10:23:49 +0200: Memory Usage (461052K) : biwind_OPC has 0 polygons
2026-08-11 10:23:49 +0200: Memory Usage (461052K) : gatpoly_drw has 49 polygons
2026-08-11 10:23:49 +0200: Memory Usage (461180K) : gatpoly_filler has 0 polygons
2026-08-11 10:23:49 +0200: Memory Usage (461180K) : gatpoly has 49 polygons
2026-08-11 10:23:49 +0200: Memory Usage (461308K) : gatpoly_pin has 0 polygons
2026-08-11 10:23:49 +0200: Memory Usage (461308K) : gatpoly_nofill has 0 polygons
2026-08-11 10:23:49 +0200: Memory Usage (461436K) : gatpoly_OPC has 0 polygons
2026-08-11 10:23:49 +0200: Memory Usage (461436K) : gatpoly_iOPC has 0 polygons
2026-08-11 10:23:49 +0200: Memory Usage (461564K) : gatpoly_noqrc has 0 polygons
2026-08-11 10:23:49 +0200: Memory Usage (462972K) : cont_drw has 46288 polygons
2026-08-11 10:23:49 +0200: Memory Usage (462972K) : cont_OPC has 0 polygons
2026-08-11 10:23:49 +0200: Memory Usage (462972K) : nsd_drw has 0 polygons
2026-08-11 10:23:49 +0200: Memory Usage (462972K) : nsd_block has 0 polygons
2026-08-11 10:23:49 +0200: Memory Usage (462972K) : metal1_drw has 344 polygons
2026-08-11 10:23:49 +0200: Memory Usage (462972K) : metal1_filler has 0 polygons
2026-08-11 10:23:49 +0200: Memory Usage (462972K) : metal1_slit has 0 polygons
2026-08-11 10:23:49 +0200: Memory Usage (463228K) : metal1 has 344 polygons
2026-08-11 10:23:49 +0200: Memory Usage (463228K) : metal1_pin has 22 polygons
2026-08-11 10:23:49 +0200: Memory Usage (463228K) : metal1_mask has 0 polygons
2026-08-11 10:23:49 +0200: Memory Usage (463228K) : metal1_nofill has 0 polygons
2026-08-11 10:23:49 +0200: Memory Usage (463484K) : metal1_text has 18 polygons
2026-08-11 10:23:49 +0200: Memory Usage (463484K) : metal1_OPC has 0 polygons
2026-08-11 10:23:49 +0200: Memory Usage (463612K) : metal1_noqrc has 0 polygons
2026-08-11 10:23:49 +0200: Memory Usage (463740K) : metal1_res has 0 polygons
2026-08-11 10:23:49 +0200: Memory Usage (463740K) : metal1_iprobe has 0 polygons
2026-08-11 10:23:49 +0200: Memory Usage (463868K) : metal1_diffprb has 0 polygons
2026-08-11 10:23:49 +0200: Memory Usage (463868K) : passiv_drw has 0 polygons
2026-08-11 10:23:49 +0200: Memory Usage (463996K) : passiv_pin has 0 polygons
2026-08-11 10:23:49 +0200: Memory Usage (463996K) : passiv_sbump has 0 polygons
2026-08-11 10:23:49 +0200: Memory Usage (464124K) : passiv_pillar has 0 polygons
2026-08-11 10:23:49 +0200: Memory Usage (464124K) : passiv_pdl has 0 polygons
2026-08-11 10:23:49 +0200: Memory Usage (464252K) : metal2_drw has 96 polygons
2026-08-11 10:23:49 +0200: Memory Usage (464380K) : metal2_filler has 0 polygons
2026-08-11 10:23:49 +0200: Memory Usage (464380K) : metal2_slit has 0 polygons
2026-08-11 10:23:49 +0200: Memory Usage (464380K) : metal2 has 96 polygons
2026-08-11 10:23:49 +0200: Memory Usage (464508K) : metal2_pin has 26 polygons
2026-08-11 10:23:49 +0200: Memory Usage (464508K) : metal2_mask has 0 polygons
2026-08-11 10:23:49 +0200: Memory Usage (464508K) : metal2_nofill has 0 polygons
2026-08-11 10:23:49 +0200: Memory Usage (464636K) : metal2_text has 26 polygons
2026-08-11 10:23:49 +0200: Memory Usage (464636K) : metal2_OPC has 0 polygons
2026-08-11 10:23:49 +0200: Memory Usage (464636K) : metal2_noqrc has 0 polygons
2026-08-11 10:23:49 +0200: Memory Usage (464636K) : metal2_res has 0 polygons
2026-08-11 10:23:49 +0200: Memory Usage (464764K) : metal2_iprobe has 0 polygons
2026-08-11 10:23:49 +0200: Memory Usage (464764K) : metal2_diffprb has 0 polygons
2026-08-11 10:23:49 +0200: Memory Usage (464892K) : baspoly_drw has 0 polygons
2026-08-11 10:23:49 +0200: Memory Usage (464892K) : baspoly_pin has 0 polygons
2026-08-11 10:23:49 +0200: Memory Usage (465020K) : psd_drw has 35 polygons
2026-08-11 10:23:49 +0200: Memory Usage (465020K) : nldb_drw has 0 polygons
2026-08-11 10:23:49 +0200: Memory Usage (465148K) : digibnd_drw has 0 polygons
2026-08-11 10:23:49 +0200: Memory Usage (465148K) : via1_drw has 1936 polygons
2026-08-11 10:23:49 +0200: Memory Usage (465276K) : backmetal1_drw has 0 polygons
2026-08-11 10:23:49 +0200: Memory Usage (465404K) : backmetal1_pin has 0 polygons
2026-08-11 10:23:49 +0200: Memory Usage (465404K) : backmetal1_mask has 0 polygons
2026-08-11 10:23:49 +0200: Memory Usage (465532K) : backmetal1_filler has 0 polygons
2026-08-11 10:23:49 +0200: Memory Usage (465532K) : backmetal1_nofill has 0 polygons
2026-08-11 10:23:49 +0200: Memory Usage (465660K) : backmetal1_slit has 0 polygons
2026-08-11 10:23:49 +0200: Memory Usage (465660K) : backmetal1_text has 0 polygons
2026-08-11 10:23:49 +0200: Memory Usage (465788K) : backmetal1_OPC has 0 polygons
2026-08-11 10:23:49 +0200: Memory Usage (465788K) : backmetal1_noqrc has 0 polygons
2026-08-11 10:23:49 +0200: Memory Usage (465916K) : backmetal1_res has 0 polygons
2026-08-11 10:23:49 +0200: Memory Usage (466044K) : backmetal1_iprobe has 0 polygons
2026-08-11 10:23:49 +0200: Memory Usage (466044K) : backmetal1_diffprb has 0 polygons
2026-08-11 10:23:49 +0200: Memory Usage (466172K) : backpassiv_drw has 0 polygons
2026-08-11 10:23:49 +0200: Memory Usage (466172K) : res_drw has 0 polygons
2026-08-11 10:23:49 +0200: Memory Usage (466300K) : sram_drw has 0 polygons
2026-08-11 10:23:49 +0200: Memory Usage (466300K) : trans_drw has 0 polygons
2026-08-11 10:23:49 +0200: Memory Usage (466428K) : ind_drw has 0 polygons
2026-08-11 10:23:49 +0200: Memory Usage (466428K) : ind_pin has 0 polygons
2026-08-11 10:23:49 +0200: Memory Usage (466556K) : ind_text has 0 polygons
2026-08-11 10:23:49 +0200: Memory Usage (466556K) : salblock_drw has 3 polygons
2026-08-11 10:23:49 +0200: Memory Usage (466684K) : via2_drw has 1926 polygons
2026-08-11 10:23:49 +0200: Memory Usage (466812K) : metal3_drw has 32 polygons
2026-08-11 10:23:49 +0200: Memory Usage (466812K) : metal3_filler has 0 polygons
2026-08-11 10:23:49 +0200: Memory Usage (466940K) : metal3_slit has 0 polygons
2026-08-11 10:23:49 +0200: Memory Usage (466940K) : metal3 has 32 polygons
2026-08-11 10:23:49 +0200: Memory Usage (466940K) : metal3_pin has 10 polygons
2026-08-11 10:23:49 +0200: Memory Usage (467068K) : metal3_mask has 0 polygons
2026-08-11 10:23:49 +0200: Memory Usage (467068K) : metal3_nofill has 0 polygons
2026-08-11 10:23:49 +0200: Memory Usage (467196K) : metal3_text has 10 polygons
2026-08-11 10:23:49 +0200: Memory Usage (467196K) : metal3_OPC has 0 polygons
2026-08-11 10:23:49 +0200: Memory Usage (467324K) : metal3_noqrc has 0 polygons
2026-08-11 10:23:49 +0200: Memory Usage (467452K) : metal3_res has 0 polygons
2026-08-11 10:23:49 +0200: Memory Usage (467452K) : metal3_iprobe has 0 polygons
2026-08-11 10:23:49 +0200: Memory Usage (467580K) : metal3_diffprb has 0 polygons
2026-08-11 10:23:49 +0200: Memory Usage (467580K) : nwell_drw has 19 polygons
2026-08-11 10:23:49 +0200: Memory Usage (467708K) : nwell_pin has 0 polygons
2026-08-11 10:23:49 +0200: Memory Usage (467708K) : nwell_text has 0 polygons
2026-08-11 10:23:49 +0200: Memory Usage (467836K) : nbulay_drw has 0 polygons
2026-08-11 10:23:49 +0200: Memory Usage (467836K) : nbulay_pin has 0 polygons
2026-08-11 10:23:49 +0200: Memory Usage (467964K) : nbulay_block has 0 polygons
2026-08-11 10:23:49 +0200: Memory Usage (467964K) : emwind_drw has 0 polygons
2026-08-11 10:23:49 +0200: Memory Usage (468092K) : emwind_OPC has 0 polygons
2026-08-11 10:23:49 +0200: Memory Usage (468092K) : deepco_drw has 0 polygons
2026-08-11 10:23:49 +0200: Memory Usage (468220K) : mim_drw has 0 polygons
2026-08-11 10:23:49 +0200: Memory Usage (468220K) : edgeseal_drw has 0 polygons
2026-08-11 10:23:49 +0200: Memory Usage (468348K) : substrate_drw has 19 polygons
2026-08-11 10:23:49 +0200: Memory Usage (468476K) : substrate_text has 0 polygons
2026-08-11 10:23:49 +0200: Memory Usage (468476K) : dfpad_drw has 0 polygons
2026-08-11 10:23:49 +0200: Memory Usage (468604K) : dfpad_pillar has 0 polygons
2026-08-11 10:23:49 +0200: Memory Usage (468604K) : dfpad_sbump has 0 polygons
2026-08-11 10:23:49 +0200: Memory Usage (468732K) : thickgateox_drw has 2 polygons
2026-08-11 10:23:49 +0200: Memory Usage (468732K) : pldb_drw has 0 polygons
2026-08-11 10:23:49 +0200: Memory Usage (468860K) : pwell_drw has 0 polygons
2026-08-11 10:23:49 +0200: Memory Usage (468860K) : pwell_pin has 0 polygons
2026-08-11 10:23:49 +0200: Memory Usage (468988K) : pwell_block has 0 polygons
2026-08-11 10:23:49 +0200: Memory Usage (468988K) : ic_drw has 0 polygons
2026-08-11 10:23:49 +0200: Memory Usage (469116K) : via3_drw has 2087 polygons
2026-08-11 10:23:49 +0200: Memory Usage (469244K) : metal4_drw has 8 polygons
2026-08-11 10:23:49 +0200: Memory Usage (469244K) : metal4_filler has 0 polygons
2026-08-11 10:23:49 +0200: Memory Usage (469372K) : metal4_slit has 0 polygons
2026-08-11 10:23:49 +0200: Memory Usage (469500K) : metal4 has 8 polygons
2026-08-11 10:23:49 +0200: Memory Usage (469500K) : metal4_pin has 8 polygons
2026-08-11 10:23:49 +0200: Memory Usage (469628K) : metal4_mask has 0 polygons
2026-08-11 10:23:49 +0200: Memory Usage (469628K) : metal4_nofill has 0 polygons
2026-08-11 10:23:49 +0200: Memory Usage (469756K) : metal4_text has 8 polygons
2026-08-11 10:23:49 +0200: Memory Usage (469756K) : metal4_OPC has 0 polygons
2026-08-11 10:23:49 +0200: Memory Usage (469884K) : metal4_noqrc has 0 polygons
2026-08-11 10:23:49 +0200: Memory Usage (469884K) : metal4_res has 0 polygons
2026-08-11 10:23:49 +0200: Memory Usage (470012K) : metal4_iprobe has 0 polygons
2026-08-11 10:23:49 +0200: Memory Usage (470012K) : metal4_diffprb has 0 polygons
2026-08-11 10:23:49 +0200: Memory Usage (470140K) : heattrans_drw has 0 polygons
2026-08-11 10:23:49 +0200: Memory Usage (470140K) : heatres_drw has 2 polygons
2026-08-11 10:23:49 +0200: Memory Usage (470268K) : fbe_drw has 0 polygons
2026-08-11 10:23:49 +0200: Memory Usage (470268K) : empoly_drw has 0 polygons
2026-08-11 10:23:49 +0200: Memory Usage (470396K) : digisub_drw has 0 polygons
2026-08-11 10:23:49 +0200: Memory Usage (470524K) : text_drw has 17 polygons
2026-08-11 10:23:49 +0200: Memory Usage (470524K) : via4_drw has 2371 polygons
2026-08-11 10:23:49 +0200: Memory Usage (470652K) : metal5_drw has 8 polygons
2026-08-11 10:23:49 +0200: Memory Usage (470780K) : metal5_filler has 0 polygons
2026-08-11 10:23:49 +0200: Memory Usage (470780K) : metal5_slit has 0 polygons
2026-08-11 10:23:49 +0200: Memory Usage (470908K) : metal5 has 8 polygons
2026-08-11 10:23:49 +0200: Memory Usage (471036K) : metal5_pin has 8 polygons
2026-08-11 10:23:49 +0200: Memory Usage (471036K) : metal5_mask has 0 polygons
2026-08-11 10:23:49 +0200: Memory Usage (471164K) : metal5_nofill has 0 polygons
2026-08-11 10:23:49 +0200: Memory Usage (471164K) : metal5_text has 8 polygons
2026-08-11 10:23:49 +0200: Memory Usage (471292K) : metal5_OPC has 0 polygons
2026-08-11 10:23:49 +0200: Memory Usage (471292K) : metal5_noqrc has 0 polygons
2026-08-11 10:23:49 +0200: Memory Usage (471420K) : metal5_res has 0 polygons
2026-08-11 10:23:49 +0200: Memory Usage (471420K) : metal5_iprobe has 0 polygons
2026-08-11 10:23:49 +0200: Memory Usage (471548K) : metal5_diffprb has 0 polygons
2026-08-11 10:23:49 +0200: Memory Usage (471548K) : radhard_drw has 0 polygons
2026-08-11 10:23:49 +0200: Memory Usage (471676K) : memcap_drw has 0 polygons
2026-08-11 10:23:49 +0200: Memory Usage (471676K) : varicap_drw has 0 polygons
2026-08-11 10:23:49 +0200: Memory Usage (471804K) : intbondvia_drw has 0 polygons
2026-08-11 10:23:49 +0200: Memory Usage (471932K) : intbondmet_drw has 0 polygons
2026-08-11 10:23:49 +0200: Memory Usage (471932K) : devbondvia_drw has 0 polygons
2026-08-11 10:23:49 +0200: Memory Usage (471932K) : devbondmet_drw has 0 polygons
2026-08-11 10:23:49 +0200: Memory Usage (471932K) : devtrench_drw has 0 polygons
2026-08-11 10:23:49 +0200: Memory Usage (471932K) : redist_drw has 0 polygons
2026-08-11 10:23:49 +0200: Memory Usage (471932K) : graphbot_drw has 0 polygons
2026-08-11 10:23:49 +0200: Memory Usage (471932K) : graphtop_drw has 0 polygons
2026-08-11 10:23:49 +0200: Memory Usage (472060K) : antvia1_drw has 0 polygons
2026-08-11 10:23:49 +0200: Memory Usage (472060K) : antmetal2_drw has 0 polygons
2026-08-11 10:23:49 +0200: Memory Usage (472060K) : graphcont_drw has 0 polygons
2026-08-11 10:23:49 +0200: Memory Usage (472060K) : siwg_drw has 0 polygons
2026-08-11 10:23:49 +0200: Memory Usage (472060K) : siwg_filler has 0 polygons
2026-08-11 10:23:49 +0200: Memory Usage (472060K) : siwg_nofill has 0 polygons
2026-08-11 10:23:49 +0200: Memory Usage (472060K) : sigrating_drw has 0 polygons
2026-08-11 10:23:49 +0200: Memory Usage (472060K) : singrating_drw has 0 polygons
2026-08-11 10:23:49 +0200: Memory Usage (472060K) : graphpas_drw has 0 polygons
2026-08-11 10:23:49 +0200: Memory Usage (472060K) : emwind3_drw has 0 polygons
2026-08-11 10:23:49 +0200: Memory Usage (472060K) : emwihv3_drw has 0 polygons
2026-08-11 10:23:49 +0200: Memory Usage (472060K) : redbulay_drw has 0 polygons
2026-08-11 10:23:49 +0200: Memory Usage (472060K) : smos_drw has 0 polygons
2026-08-11 10:23:49 +0200: Memory Usage (472060K) : graphpad_drw has 0 polygons
2026-08-11 10:23:49 +0200: Memory Usage (472060K) : polimide_drw has 0 polygons
2026-08-11 10:23:49 +0200: Memory Usage (472060K) : polimide_pin has 0 polygons
2026-08-11 10:23:49 +0200: Memory Usage (472060K) : recog_drw has 0 polygons
2026-08-11 10:23:49 +0200: Memory Usage (472060K) : recog_pin has 0 polygons
2026-08-11 10:23:49 +0200: Memory Usage (472060K) : recog_esd has 0 polygons
2026-08-11 10:23:49 +0200: Memory Usage (472060K) : recog_diode has 6 polygons
2026-08-11 10:23:49 +0200: Memory Usage (472060K) : recog_tsv has 0 polygons
2026-08-11 10:23:49 +0200: Memory Usage (472060K) : recog_iprobe has 0 polygons
2026-08-11 10:23:49 +0200: Memory Usage (472060K) : recog_diffprb has 0 polygons
2026-08-11 10:23:49 +0200: Memory Usage (472060K) : recog_pillar has 0 polygons
2026-08-11 10:23:49 +0200: Memory Usage (472060K) : recog_sbump has 0 polygons
2026-08-11 10:23:49 +0200: Memory Usage (472060K) : recog_otp has 0 polygons
2026-08-11 10:23:49 +0200: Memory Usage (472060K) : recog_pdiode has 0 polygons
2026-08-11 10:23:49 +0200: Memory Usage (472060K) : recog_mom has 0 polygons
2026-08-11 10:23:49 +0200: Memory Usage (472060K) : recog_pcm has 0 polygons
2026-08-11 10:23:49 +0200: Memory Usage (472060K) : colopen_drw has 0 polygons
2026-08-11 10:23:49 +0200: Memory Usage (472060K) : graphmetal1_drw has 0 polygons
2026-08-11 10:23:49 +0200: Memory Usage (472060K) : graphmetal1_filler has 0 polygons
2026-08-11 10:23:49 +0200: Memory Usage (472060K) : graphmetal1_nofill has 0 polygons
2026-08-11 10:23:49 +0200: Memory Usage (472060K) : graphmetal1_slit has 0 polygons
2026-08-11 10:23:49 +0200: Memory Usage (472060K) : graphmetal1_OPC has 0 polygons
2026-08-11 10:23:49 +0200: Memory Usage (472060K) : graphmet1l_drw has 0 polygons
2026-08-11 10:23:49 +0200: Memory Usage (472060K) : graphmet1l_filler has 0 polygons
2026-08-11 10:23:49 +0200: Memory Usage (472060K) : graphmet1l_nofill has 0 polygons
2026-08-11 10:23:49 +0200: Memory Usage (472060K) : graphmet1l_slit has 0 polygons
2026-08-11 10:23:49 +0200: Memory Usage (472060K) : graphmet1l_OPC has 0 polygons
2026-08-11 10:23:49 +0200: Memory Usage (472060K) : extblock_drw has 8 polygons
2026-08-11 10:23:49 +0200: Memory Usage (472060K) : nldd_drw has 0 polygons
2026-08-11 10:23:49 +0200: Memory Usage (472060K) : pldd_drw has 0 polygons
2026-08-11 10:23:49 +0200: Memory Usage (472060K) : next_drw has 0 polygons
2026-08-11 10:23:49 +0200: Memory Usage (472060K) : pext_drw has 0 polygons
2026-08-11 10:23:49 +0200: Memory Usage (472060K) : nexthv_drw has 0 polygons
2026-08-11 10:23:49 +0200: Memory Usage (472060K) : pexthv_drw has 0 polygons
2026-08-11 10:23:49 +0200: Memory Usage (472060K) : graphgate_drw has 0 polygons
2026-08-11 10:23:49 +0200: Memory Usage (472060K) : sinwg_drw has 0 polygons
2026-08-11 10:23:49 +0200: Memory Usage (472060K) : sinwg_filler has 0 polygons
2026-08-11 10:23:49 +0200: Memory Usage (472060K) : sinwg_nofill has 0 polygons
2026-08-11 10:23:49 +0200: Memory Usage (472060K) : mempad_drw has 0 polygons
2026-08-11 10:23:49 +0200: Memory Usage (472060K) : topvia1_drw has 2315 polygons
2026-08-11 10:23:49 +0200: Memory Usage (472060K) : topmetal1_drw has 8 polygons
2026-08-11 10:23:49 +0200: Memory Usage (472060K) : topmetal1_filler has 0 polygons
2026-08-11 10:23:49 +0200: Memory Usage (472060K) : topmetal1_slit has 0 polygons
2026-08-11 10:23:49 +0200: Memory Usage (472060K) : topmetal1 has 8 polygons
2026-08-11 10:23:49 +0200: Memory Usage (472060K) : topmetal1_pin has 10 polygons
2026-08-11 10:23:49 +0200: Memory Usage (472060K) : topmetal1_mask has 0 polygons
2026-08-11 10:23:49 +0200: Memory Usage (472060K) : topmetal1_nofill has 0 polygons
2026-08-11 10:23:49 +0200: Memory Usage (472060K) : topmetal1_text has 8 polygons
2026-08-11 10:23:49 +0200: Memory Usage (472060K) : topmetal1_noqrc has 0 polygons
2026-08-11 10:23:49 +0200: Memory Usage (472060K) : topmetal1_res has 0 polygons
2026-08-11 10:23:49 +0200: Memory Usage (472060K) : topmetal1_iprobe has 0 polygons
2026-08-11 10:23:49 +0200: Memory Usage (472060K) : topmetal1_diffprb has 0 polygons
2026-08-11 10:23:49 +0200: Memory Usage (472060K) : inldpwl_drw has 0 polygons
2026-08-11 10:23:49 +0200: Memory Usage (472060K) : polyres_drw has 3 polygons
2026-08-11 10:23:49 +0200: Memory Usage (472060K) : polyres_pin has 0 polygons
2026-08-11 10:23:49 +0200: Memory Usage (472060K) : vmim_drw has 0 polygons
2026-08-11 10:23:49 +0200: Memory Usage (472060K) : nbulaycut_drw has 0 polygons
2026-08-11 10:23:49 +0200: Memory Usage (472060K) : antmetal1_drw has 0 polygons
2026-08-11 10:23:49 +0200: Memory Usage (472060K) : topvia2_drw has 1593 polygons
2026-08-11 10:23:49 +0200: Memory Usage (472060K) : topmetal2_drw has 6 polygons
2026-08-11 10:23:49 +0200: Memory Usage (472060K) : topmetal2_filler has 0 polygons
2026-08-11 10:23:49 +0200: Memory Usage (472060K) : topmetal2_slit has 0 polygons
2026-08-11 10:23:49 +0200: Memory Usage (472060K) : topmetal2 has 6 polygons
2026-08-11 10:23:49 +0200: Memory Usage (472060K) : topmetal2_pin has 6 polygons
2026-08-11 10:23:49 +0200: Memory Usage (472060K) : topmetal2_mask has 0 polygons
2026-08-11 10:23:49 +0200: Memory Usage (472060K) : topmetal2_nofill has 0 polygons
2026-08-11 10:23:49 +0200: Memory Usage (472060K) : topmetal2_text has 6 polygons
2026-08-11 10:23:49 +0200: Memory Usage (472060K) : topmetal2_noqrc has 0 polygons
2026-08-11 10:23:49 +0200: Memory Usage (472060K) : topmetal2_res has 0 polygons
2026-08-11 10:23:49 +0200: Memory Usage (472060K) : topmetal2_iprobe has 0 polygons
2026-08-11 10:23:49 +0200: Memory Usage (472060K) : topmetal2_diffprb has 0 polygons
2026-08-11 10:23:49 +0200: Memory Usage (472060K) : snsring_drw has 0 polygons
2026-08-11 10:23:49 +0200: Memory Usage (472060K) : sensor_drw has 0 polygons
2026-08-11 10:23:49 +0200: Memory Usage (472060K) : snsarms_drw has 0 polygons
2026-08-11 10:23:49 +0200: Memory Usage (472060K) : snscmosvia_drw has 0 polygons
2026-08-11 10:23:49 +0200: Memory Usage (472060K) : colwind_drw has 0 polygons
2026-08-11 10:23:49 +0200: Memory Usage (472060K) : flm_drw has 0 polygons
2026-08-11 10:23:49 +0200: Memory Usage (472060K) : hafniumox_drw has 0 polygons
2026-08-11 10:23:49 +0200: Memory Usage (472060K) : memvia_drw has 0 polygons
2026-08-11 10:23:49 +0200: Memory Usage (472060K) : thinfilmres_drw has 0 polygons
2026-08-11 10:23:49 +0200: Memory Usage (472060K) : rfmem_drw has 0 polygons
2026-08-11 10:23:49 +0200: Memory Usage (472060K) : norcx_drw has 0 polygons
2026-08-11 10:23:49 +0200: Memory Usage (472060K) : norcx_m2m3 has 0 polygons
2026-08-11 10:23:49 +0200: Memory Usage (472060K) : norcx_m2m4 has 0 polygons
2026-08-11 10:23:49 +0200: Memory Usage (472060K) : norcx_m2m5 has 0 polygons
2026-08-11 10:23:49 +0200: Memory Usage (472060K) : norcx_m2tm1 has 0 polygons
2026-08-11 10:23:49 +0200: Memory Usage (472060K) : norcx_m2tm2 has 0 polygons
2026-08-11 10:23:49 +0200: Memory Usage (472060K) : norcx_m3m4 has 0 polygons
2026-08-11 10:23:49 +0200: Memory Usage (472060K) : norcx_m3m5 has 0 polygons
2026-08-11 10:23:49 +0200: Memory Usage (472060K) : norcx_m3tm1 has 0 polygons
2026-08-11 10:23:49 +0200: Memory Usage (472060K) : norcx_m3tm2 has 0 polygons
2026-08-11 10:23:49 +0200: Memory Usage (472060K) : norcx_m4m5 has 0 polygons
2026-08-11 10:23:49 +0200: Memory Usage (472060K) : norcx_m4tm1 has 0 polygons
2026-08-11 10:23:49 +0200: Memory Usage (472060K) : norcx_m4tm2 has 0 polygons
2026-08-11 10:23:49 +0200: Memory Usage (472060K) : norcx_m5tm1 has 0 polygons
2026-08-11 10:23:49 +0200: Memory Usage (472060K) : norcx_m5tm2 has 0 polygons
2026-08-11 10:23:49 +0200: Memory Usage (472060K) : norcx_tm1tm2 has 0 polygons
2026-08-11 10:23:49 +0200: Memory Usage (472060K) : norcx_m1sub has 0 polygons
2026-08-11 10:23:49 +0200: Memory Usage (472060K) : norcx_m2sub has 0 polygons
2026-08-11 10:23:49 +0200: Memory Usage (472060K) : norcx_m3sub has 0 polygons
2026-08-11 10:23:49 +0200: Memory Usage (472060K) : norcx_m4sub has 0 polygons
2026-08-11 10:23:49 +0200: Memory Usage (472060K) : norcx_m5sub has 0 polygons
2026-08-11 10:23:49 +0200: Memory Usage (472060K) : norcx_tm1sub has 0 polygons
2026-08-11 10:23:49 +0200: Memory Usage (472060K) : norcx_tm2sub has 0 polygons
2026-08-11 10:23:49 +0200: Memory Usage (472060K) : snsbotvia_drw has 0 polygons
2026-08-11 10:23:49 +0200: Memory Usage (472060K) : snstopvia_drw has 0 polygons
2026-08-11 10:23:49 +0200: Memory Usage (472060K) : deepvia_drw has 0 polygons
2026-08-11 10:23:49 +0200: Memory Usage (472060K) : fgetch_drw has 0 polygons
2026-08-11 10:23:49 +0200: Memory Usage (472060K) : ctrgat_drw has 0 polygons
2026-08-11 10:23:49 +0200: Memory Usage (472060K) : fgimp_drw has 0 polygons
2026-08-11 10:23:49 +0200: Memory Usage (472060K) : emwihv_drw has 0 polygons
2026-08-11 10:23:49 +0200: Memory Usage (472060K) : lbe_drw has 0 polygons
2026-08-11 10:23:49 +0200: Memory Usage (472060K) : alcustop_drw has 0 polygons
2026-08-11 10:23:49 +0200: Memory Usage (472060K) : nometfiller_drw has 0 polygons
2026-08-11 10:23:49 +0200: Memory Usage (472060K) : prboundary_drw has 0 polygons
2026-08-11 10:23:49 +0200: Memory Usage (472060K) : exchange0_drw has 0 polygons
2026-08-11 10:23:49 +0200: Memory Usage (472060K) : exchange0_pin has 0 polygons
2026-08-11 10:23:49 +0200: Memory Usage (472060K) : exchange0_text has 0 polygons
2026-08-11 10:23:49 +0200: Memory Usage (472060K) : exchange1_drw has 0 polygons
2026-08-11 10:23:49 +0200: Memory Usage (472060K) : exchange1_pin has 0 polygons
2026-08-11 10:23:49 +0200: Memory Usage (472060K) : exchange1_text has 0 polygons
2026-08-11 10:23:49 +0200: Memory Usage (472060K) : exchange2_drw has 0 polygons
2026-08-11 10:23:49 +0200: Memory Usage (472060K) : exchange2_pin has 0 polygons
2026-08-11 10:23:49 +0200: Memory Usage (472060K) : exchange2_text has 0 polygons
2026-08-11 10:23:49 +0200: Memory Usage (472060K) : exchange3_drw has 0 polygons
2026-08-11 10:23:49 +0200: Memory Usage (472060K) : exchange3_pin has 0 polygons
2026-08-11 10:23:49 +0200: Memory Usage (472060K) : exchange3_text has 0 polygons
2026-08-11 10:23:49 +0200: Memory Usage (472060K) : exchange4_drw has 0 polygons
2026-08-11 10:23:49 +0200: Memory Usage (472060K) : exchange4_pin has 0 polygons
2026-08-11 10:23:49 +0200: Memory Usage (472060K) : exchange4_text has 0 polygons
2026-08-11 10:23:49 +0200: Memory Usage (472060K) : isonwell_drw has 0 polygons
2026-08-11 10:23:49 +0200: Memory Usage (472060K) : Total no. of polygons in the design is 59406
2026-08-11 10:23:49 +0200: Memory Usage (472060K) : Starting base layers derivations
2026-08-11 10:23:49 +0200: Memory Usage (472060K) : Starting general LVS derivations
2026-08-11 10:23:50 +0200: Memory Usage (478588K) : Starting MOSFET DERIVATIONS
2026-08-11 10:23:50 +0200: Memory Usage (479144K) : Starting NMOS DERIVATIONS
2026-08-11 10:23:50 +0200: Memory Usage (479144K) : Starting PMOS DERIVATIONS
2026-08-11 10:23:50 +0200: Memory Usage (479144K) : Starting RF-MOSFET DERIVATIONS
2026-08-11 10:23:50 +0200: Memory Usage (479144K) : Starting RF-NMOS DERIVATIONS
2026-08-11 10:23:50 +0200: Memory Usage (479144K) : Starting RF-PMOS DERIVATIONS
2026-08-11 10:23:50 +0200: Memory Usage (479144K) : Starting BJT DERIVATIONS
2026-08-11 10:23:50 +0200: Memory Usage (479144K) : Starting NPN-BJT DERIVATIONS
2026-08-11 10:23:50 +0200: Memory Usage (479144K) : Starting PNP-BJT DERIVATIONS
2026-08-11 10:23:50 +0200: Memory Usage (479144K) : Starting DIODE DERIVATIONS
2026-08-11 10:23:51 +0200: Memory Usage (478900K) : Starting RESISTOR DERIVATIONS
2026-08-11 10:23:51 +0200: Memory Usage (479028K) : Starting CAP DERIVATIONS
2026-08-11 10:23:51 +0200: Memory Usage (479028K) : Starting CAP_CMOM DERIVATIONS
2026-08-11 10:23:51 +0200: Memory Usage (479028K) : Starting ESD DERIVATIONS
2026-08-11 10:23:51 +0200: Memory Usage (484020K) : Starting Inductor DERIVATIONS
2026-08-11 10:23:51 +0200: Memory Usage (484020K) : Starting Taps DERIVATIONS
2026-08-11 10:23:51 +0200: Memory Usage (484020K) : Starting SG13G2 LVS connectivity setup
2026-08-11 10:23:51 +0200: Memory Usage (484020K) : Starting SG13G2 LVS connectivity setup (Inter-layer)
2026-08-11 10:23:51 +0200: Memory Usage (484148K) : Starting SG13G2 LVS connectivity setup (Global)
2026-08-11 10:23:51 +0200: Memory Usage (484148K) : Starting LVS MOSFET CONNECTIONS
2026-08-11 10:23:51 +0200: Memory Usage (484148K) : Starting LVS RF-MOSFET CONNECTIONS
2026-08-11 10:23:51 +0200: Memory Usage (484148K) : Starting LVS BJT CONNECTIONS
2026-08-11 10:23:51 +0200: Memory Usage (484148K) : Starting LVS DIODE CONNECTIONS
2026-08-11 10:23:51 +0200: Memory Usage (484148K) : Starting RESISTOR CONNECTIONS
2026-08-11 10:23:51 +0200: Memory Usage (484148K) : Starting LVS CAP CONNECTIONS
2026-08-11 10:23:51 +0200: Memory Usage (484148K) : Starting CAP_CMOM CONNECTIONS
2026-08-11 10:23:51 +0200: Memory Usage (484148K) : Starting ESD CONNECTIONS
2026-08-11 10:23:51 +0200: Memory Usage (484148K) : Starting Inductor CONNECTIONS
2026-08-11 10:23:51 +0200: Memory Usage (484148K) : Starting LVS Taps CONNECTIONS
2026-08-11 10:23:51 +0200: Memory Usage (484148K) : Starting SG13G2 LVS DEVICES EXTRACTION
2026-08-11 10:23:51 +0200: Memory Usage (484148K) : Starting MOSFET EXTRACTION
2026-08-11 10:23:51 +0200: Memory Usage (484148K) : Starting NMOS EXTRACTION
2026-08-11 10:23:51 +0200: Memory Usage (484148K) : Extraction of NMOS-LV transistor
2026-08-11 10:23:51 +0200: Memory Usage (484148K) : Extraction of NMOS-HV transistor
2026-08-11 10:23:51 +0200: Memory Usage (484276K) : Starting PMOS EXTRACTION
2026-08-11 10:23:51 +0200: Memory Usage (484276K) : Extraction of PMOS-LV transistor
2026-08-11 10:23:51 +0200: Memory Usage (484276K) : Extraction of PMOS-HV transistor
2026-08-11 10:23:51 +0200: Memory Usage (484276K) : Starting RF-MOSFET EXTRACTION
2026-08-11 10:23:51 +0200: Memory Usage (484276K) : Extraction of RF-NMOS-LV transistor
2026-08-11 10:23:51 +0200: Memory Usage (484276K) : Extraction of RF-NMOS-HV transistor
2026-08-11 10:23:51 +0200: Memory Usage (484276K) : Extraction of RF-PMOS-LV transistor
2026-08-11 10:23:51 +0200: Memory Usage (484276K) : Extraction of RF-PMOS-HV transistor
2026-08-11 10:23:51 +0200: Memory Usage (484276K) : Starting BJT EXTRACTION
2026-08-11 10:23:51 +0200: Memory Usage (484276K) : Starting NPN-BJT EXTRACTION
2026-08-11 10:23:51 +0200: Memory Usage (484276K) : Extraction of npn13G2 BJT transistor
2026-08-11 10:23:51 +0200: Memory Usage (484276K) : Extraction of npn13G2L BJT transistor
2026-08-11 10:23:51 +0200: Memory Usage (484276K) : Extraction of npn13G2V BJT transistor
2026-08-11 10:23:51 +0200: Memory Usage (484276K) : Starting PNP-BJT EXTRACTION
2026-08-11 10:23:51 +0200: Memory Usage (484276K) : Extracting pnpMPA BJT
2026-08-11 10:23:51 +0200: Memory Usage (484276K) : Starting DIODE EXTRACTION
2026-08-11 10:23:51 +0200: Memory Usage (484276K) : Extracting dantenna diode
2026-08-11 10:23:51 +0200: Memory Usage (484276K) : Extracting dpantenna diode
2026-08-11 10:23:51 +0200: Memory Usage (484276K) : Extracting schottky_nbl1 diode
2026-08-11 10:23:51 +0200: Memory Usage (484276K) : Extracting isolbox diode
2026-08-11 10:23:51 +0200: Memory Usage (484276K) : Starting RESISTOR EXTRACTION
2026-08-11 10:23:51 +0200: Memory Usage (484276K) : Extracting rsil resistor
2026-08-11 10:23:52 +0200: Memory Usage (484276K) : Extracting rppd resistor
2026-08-11 10:23:52 +0200: Memory Usage (484276K) : Extracting rhigh resistor
2026-08-11 10:23:52 +0200: Memory Usage (484276K) : Extracting res_metal1 resistor
2026-08-11 10:23:52 +0200: Memory Usage (484404K) : Extracting res_metal2 resistor
2026-08-11 10:23:52 +0200: Memory Usage (484404K) : Extracting res_metal3 resistor
2026-08-11 10:23:52 +0200: Memory Usage (484404K) : Extracting res_metal4 resistor
2026-08-11 10:23:52 +0200: Memory Usage (484404K) : Extracting res_metal5 resistor
2026-08-11 10:23:52 +0200: Memory Usage (484404K) : Extracting res_topmetal1 resistor
2026-08-11 10:23:52 +0200: Memory Usage (484404K) : Extracting res_topmetal2 resistor
2026-08-11 10:23:52 +0200: Memory Usage (484404K) : Starting CAP EXTRACTION
2026-08-11 10:23:52 +0200: Memory Usage (484404K) : Extracting cap_cmim device
2026-08-11 10:23:52 +0200: Memory Usage (484404K) : Extracting rfcmim device
2026-08-11 10:23:52 +0200: Memory Usage (484404K) : Extracting sg13_hv_svaricap varactor
2026-08-11 10:23:52 +0200: Memory Usage (484404K) : Extracting cap_cmomi device
2026-08-11 10:23:52 +0200: Memory Usage (484404K) : Extracting sg13_moscap_n capacitor
2026-08-11 10:23:52 +0200: Memory Usage (484404K) : Extracting sg13_moscap_p capacitor
2026-08-11 10:23:52 +0200: Memory Usage (484404K) : Starting ESD EXTRACTION
2026-08-11 10:23:52 +0200: Memory Usage (484404K) : Extracting diodevdd_2kv ESD device
2026-08-11 10:23:52 +0200: Memory Usage (484404K) : Extracting diodevdd_4kv ESD device
2026-08-11 10:23:52 +0200: Memory Usage (484404K) : Extracting diodevss_2kv ESD device
2026-08-11 10:23:52 +0200: Memory Usage (484404K) : Extracting diodevss_4kv ESD device
2026-08-11 10:23:52 +0200: Memory Usage (484404K) : Extracting idiodevdd_2kv ESD device
2026-08-11 10:23:52 +0200: Memory Usage (484404K) : Extracting idiodevdd_4kv ESD device
2026-08-11 10:23:52 +0200: Memory Usage (484404K) : Extracting idiodevss_2kv ESD device
2026-08-11 10:23:52 +0200: Memory Usage (484404K) : Extracting idiodevss_4kv ESD device
2026-08-11 10:23:52 +0200: Memory Usage (484404K) : Extracting nmoscl_2 ESD device
2026-08-11 10:23:52 +0200: Memory Usage (484404K) : Extracting nmoscl_4 ESD device
2026-08-11 10:23:52 +0200: Memory Usage (484404K) : Starting Inductor EXTRACTION
2026-08-11 10:23:52 +0200: Memory Usage (484404K) : Extracting Inductor2 device
2026-08-11 10:23:52 +0200: Memory Usage (484404K) : Extracting Inductor3 device
2026-08-11 10:23:52 +0200: Memory Usage (484404K) : Starting Taps EXTRACTION
2026-08-11 10:23:52 +0200: Memory Usage (484404K) : Extracting ntap1 device
2026-08-11 10:23:52 +0200: Memory Usage (484404K) : Extracting ptap1 device
2026-08-11 10:23:52 +0200: Memory Usage (484404K) : Starting SG13G2 LVS RF MOS Model Mapping
2026-08-11 10:23:52 +0200: Memory Usage (495412K) : [layout_netlist] Apply RF MOS model mapping and rfmode parameter.
2026-08-11 10:23:52 +0200: Memory Usage (495412K) : Starting SG13G2 LVS Options Preparations
2026-08-11 10:23:52 +0200: Memory Usage (495412K) : SG13G2 LVS flow: extraction -> alignment -> option preparation -> comparison.
2026-08-11 10:23:52 +0200: Memory Usage (495412K) : Starting SG13G2 LVS Alignment
2026-08-11 10:23:52 +0200: Memory Usage (495540K) : Starting SG13G2 LVS Simplification
2026-08-11 10:23:52 +0200: Memory Usage (495540K) : [layout_netlist] simplify: ENABLED
2026-08-11 10:23:52 +0200: Memory Usage (495540K) : [layout_netlist] make_top_level_pins: SKIPPED
2026-08-11 10:23:52 +0200: Memory Usage (495540K) : [layout_netlist] combine_devices: ENABLED
2026-08-11 10:23:52 +0200: Memory Usage (495540K) : [layout_netlist] purge: SKIPPED
2026-08-11 10:23:52 +0200: Memory Usage (495540K) : [layout_netlist] purge_nets: SKIPPED
2026-08-11 10:23:52 +0200: Memory Usage (495540K) : [schematic_netlist] simplify: ENABLED
2026-08-11 10:23:52 +0200: Memory Usage (495540K) : [schematic_netlist] make_top_level_pins: SKIPPED
2026-08-11 10:23:52 +0200: Memory Usage (495540K) : [schematic_netlist] combine_devices: ENABLED
2026-08-11 10:23:52 +0200: Memory Usage (495540K) : [schematic_netlist] purge: SKIPPED
2026-08-11 10:23:52 +0200: Memory Usage (495540K) : [schematic_netlist] purge_nets: SKIPPED
2026-08-11 10:23:52 +0200: Memory Usage (495540K) : Starting SG13G2 LVS Comparison
2026-08-11 10:23:52 +0200: Memory Usage (495540K) : ==========================================
2026-08-11 10:23:52 +0200: Memory Usage (495540K) : INFO : Congratulations! Netlists match.
2026-08-11 10:23:52 +0200: Memory Usage (495540K) : ==========================================
2026-08-11 10:23:52 +0200: Memory Usage (495540K) : LVS Total Run time 3.514199 seconds
11-Aug-2026 10:23:53 | INFO    | ==============================================================================
11-Aug-2026 10:23:53 | INFO    | Important Summary
11-Aug-2026 10:23:53 | INFO    | +------------------+-------------------------------------------------------------------------------------------+
11-Aug-2026 10:23:53 | INFO    | | Status           | PASS                                                                                      |
11-Aug-2026 10:23:53 | INFO    | | Mode             | COMPARE                                                                                   |
11-Aug-2026 10:23:53 | INFO    | | Outcome          | Comparison mode: PASS (netlists match).                                                   |
11-Aug-2026 10:23:53 | INFO    | | Layout           | sg13g2_IOPadAnalog.gds                                                                    |
11-Aug-2026 10:23:53 | INFO    | | Top Cell         | sg13g2_IOPadAnalog                                                                        |
11-Aug-2026 10:23:53 | INFO    | | Results Dir      | /foss/designs/ihp-open-pdk-regression/IOPADS/lvs_sweep/20260811_102346/sg13g2_IOPadAnalog |
11-Aug-2026 10:23:53 | INFO    | | Warnings         | 0                                                                                         |
11-Aug-2026 10:23:53 | INFO    | | Errors           | 0                                                                                         |
11-Aug-2026 10:23:53 | INFO    | | Run Time (s)     | 6.337                                                                                     |
11-Aug-2026 10:23:53 | INFO    | +------------------+-------------------------------------------------------------------------------------------+
11-Aug-2026 10:23:53 | INFO    | ==============================================================================
