# Logfile created on 2026-08-11 13:53:26 +0200 by logger.rb/v1.5.3
2026-08-11 13:53:26 +0200: Memory Usage (455736K) : Starting running SG13G2 Klayout LVS runset on /foss/designs/ihp-open-pdk-regression/IOPADS/layout/sg13g2_IOPadVdd.gds
2026-08-11 13:53:26 +0200: Memory Usage (455736K) : Ruby Version for klayout: 3.2.3
2026-08-11 13:53:26 +0200: Memory Usage (456760K) : Loading database to memory is complete.
2026-08-11 13:53:26 +0200: Memory Usage (456760K) : SG13G2 Klayout LVS runset output at: /foss/designs/ihp-open-pdk-regression/IOPADS/lvs_sweep/20260811_135105/sg13g2_IOPadVdd/sg13g2_IOPadVdd.lvsdb
2026-08-11 13:53:26 +0200: Memory Usage (456760K) : Evaluate switches.
2026-08-11 13:53:26 +0200: Memory Usage (456760K) : Extracted netlist with net names: true
2026-08-11 13:53:26 +0200: Memory Usage (456760K) : Extracted netlist with comments in details: false
2026-08-11 13:53:26 +0200: Memory Usage (456760K) : Selected NET_ONLY option: false
2026-08-11 13:53:26 +0200: Memory Usage (456760K) : Selected LAYOUT_NETLIST option: (none)
2026-08-11 13:53:26 +0200: Memory Usage (456760K) : Selected IGNORE_TOP_PORTS_MISMATCH option: true
2026-08-11 13:53:26 +0200: Memory Usage (456760K) : Selected IMPLICIT_NETS option: iovss,iovdd,vss,vdd,pad,cathode,anode
2026-08-11 13:53:26 +0200: Memory Usage (456760K) : Selected TOP_LVL_PINS option: false
2026-08-11 13:53:26 +0200: Memory Usage (456760K) : Selected COMBINE DEVICES option: true
2026-08-11 13:53:26 +0200: Memory Usage (456760K) : Selected PURGE option: false
2026-08-11 13:53:26 +0200: Memory Usage (456760K) : Selected PURGE_NETS option: false
2026-08-11 13:53:26 +0200: Memory Usage (456760K) : Selected SIMPLIFY option: true
2026-08-11 13:53:26 +0200: Memory Usage (456888K) : Selected SERIES_RES option: true
2026-08-11 13:53:26 +0200: Memory Usage (456888K) : Selected PARALLEL_RES option: true
2026-08-11 13:53:26 +0200: Memory Usage (456888K) : Selected DISABLE_TAP_EXTRACTION option: false
2026-08-11 13:53:26 +0200: Memory Usage (456888K) : deep  mode is enabled.
2026-08-11 13:53:26 +0200: Memory Usage (456888K) : Applying implicit connections (case-sensitive, pattern supported) for nets: iovss, iovdd, vss, vdd, pad, cathode, anode
2026-08-11 13:53:26 +0200: Memory Usage (458680K) : Netlist file: /foss/designs/ihp-open-pdk-regression/IOPADS/netlist/pads_upstream/sg13g2_IOPadVdd.spi
2026-08-11 13:53:26 +0200: Memory Usage (458680K) : LVS extracted netlist at: /foss/designs/ihp-open-pdk-regression/IOPADS/lvs_sweep/20260811_135105/sg13g2_IOPadVdd/sg13g2_IOPadVdd_extracted.cir
2026-08-11 13:53:26 +0200: Memory Usage (458680K) : Applying SRAM integration support.
2026-08-11 13:53:26 +0200: Memory Usage (458680K) : Starting SG13G2 LVS runset
2026-08-11 13:53:26 +0200: Memory Usage (458680K) : Read in polygons from layers.
2026-08-11 13:53:26 +0200: Memory Usage (460088K) : activ_drw has 40 polygons
2026-08-11 13:53:26 +0200: Memory Usage (460088K) : activ_filler has 0 polygons
2026-08-11 13:53:26 +0200: Memory Usage (460216K) : activ has 40 polygons
2026-08-11 13:53:26 +0200: Memory Usage (460216K) : activ_pin has 0 polygons
2026-08-11 13:53:26 +0200: Memory Usage (460216K) : activ_mask has 0 polygons
2026-08-11 13:53:26 +0200: Memory Usage (460216K) : activ_nofill has 0 polygons
2026-08-11 13:53:26 +0200: Memory Usage (460216K) : activ_OPC has 0 polygons
2026-08-11 13:53:26 +0200: Memory Usage (460216K) : activ_iOPC has 0 polygons
2026-08-11 13:53:26 +0200: Memory Usage (460216K) : activ_noqrc has 0 polygons
2026-08-11 13:53:26 +0200: Memory Usage (460216K) : biwind_drw has 0 polygons
2026-08-11 13:53:26 +0200: Memory Usage (460216K) : biwind_OPC has 0 polygons
2026-08-11 13:53:26 +0200: Memory Usage (460344K) : gatpoly_drw has 132 polygons
2026-08-11 13:53:26 +0200: Memory Usage (460472K) : gatpoly_filler has 0 polygons
2026-08-11 13:53:26 +0200: Memory Usage (460472K) : gatpoly has 132 polygons
2026-08-11 13:53:26 +0200: Memory Usage (460600K) : gatpoly_pin has 0 polygons
2026-08-11 13:53:26 +0200: Memory Usage (460856K) : gatpoly_nofill has 0 polygons
2026-08-11 13:53:26 +0200: Memory Usage (460856K) : gatpoly_OPC has 0 polygons
2026-08-11 13:53:26 +0200: Memory Usage (460984K) : gatpoly_iOPC has 0 polygons
2026-08-11 13:53:26 +0200: Memory Usage (461112K) : gatpoly_noqrc has 0 polygons
2026-08-11 13:53:26 +0200: Memory Usage (461112K) : cont_drw has 23192 polygons
2026-08-11 13:53:26 +0200: Memory Usage (461496K) : cont_OPC has 0 polygons
2026-08-11 13:53:26 +0200: Memory Usage (461496K) : nsd_drw has 0 polygons
2026-08-11 13:53:26 +0200: Memory Usage (461496K) : nsd_block has 0 polygons
2026-08-11 13:53:26 +0200: Memory Usage (461496K) : metal1_drw has 410 polygons
2026-08-11 13:53:26 +0200: Memory Usage (461624K) : metal1_filler has 0 polygons
2026-08-11 13:53:26 +0200: Memory Usage (461624K) : metal1_slit has 0 polygons
2026-08-11 13:53:26 +0200: Memory Usage (461752K) : metal1 has 410 polygons
2026-08-11 13:53:26 +0200: Memory Usage (461880K) : metal1_pin has 5 polygons
2026-08-11 13:53:26 +0200: Memory Usage (461880K) : metal1_mask has 0 polygons
2026-08-11 13:53:26 +0200: Memory Usage (462008K) : metal1_nofill has 0 polygons
2026-08-11 13:53:26 +0200: Memory Usage (462392K) : metal1_text has 5 polygons
2026-08-11 13:53:26 +0200: Memory Usage (462392K) : metal1_OPC has 0 polygons
2026-08-11 13:53:26 +0200: Memory Usage (462520K) : metal1_noqrc has 0 polygons
2026-08-11 13:53:26 +0200: Memory Usage (462520K) : metal1_res has 0 polygons
2026-08-11 13:53:26 +0200: Memory Usage (462648K) : metal1_iprobe has 0 polygons
2026-08-11 13:53:26 +0200: Memory Usage (462648K) : metal1_diffprb has 0 polygons
2026-08-11 13:53:26 +0200: Memory Usage (462776K) : passiv_drw has 0 polygons
2026-08-11 13:53:26 +0200: Memory Usage (462776K) : passiv_pin has 0 polygons
2026-08-11 13:53:26 +0200: Memory Usage (462904K) : passiv_sbump has 0 polygons
2026-08-11 13:53:26 +0200: Memory Usage (462904K) : passiv_pillar has 0 polygons
2026-08-11 13:53:26 +0200: Memory Usage (463032K) : passiv_pdl has 0 polygons
2026-08-11 13:53:26 +0200: Memory Usage (463032K) : metal2_drw has 87 polygons
2026-08-11 13:53:26 +0200: Memory Usage (463160K) : metal2_filler has 0 polygons
2026-08-11 13:53:26 +0200: Memory Usage (463160K) : metal2_slit has 0 polygons
2026-08-11 13:53:26 +0200: Memory Usage (463288K) : metal2 has 87 polygons
2026-08-11 13:53:26 +0200: Memory Usage (463416K) : metal2_pin has 26 polygons
2026-08-11 13:53:26 +0200: Memory Usage (463416K) : metal2_mask has 0 polygons
2026-08-11 13:53:26 +0200: Memory Usage (463544K) : metal2_nofill has 0 polygons
2026-08-11 13:53:26 +0200: Memory Usage (463544K) : metal2_text has 26 polygons
2026-08-11 13:53:26 +0200: Memory Usage (463672K) : metal2_OPC has 0 polygons
2026-08-11 13:53:26 +0200: Memory Usage (463672K) : metal2_noqrc has 0 polygons
2026-08-11 13:53:26 +0200: Memory Usage (463800K) : metal2_res has 0 polygons
2026-08-11 13:53:26 +0200: Memory Usage (463928K) : metal2_iprobe has 0 polygons
2026-08-11 13:53:26 +0200: Memory Usage (463928K) : metal2_diffprb has 0 polygons
2026-08-11 13:53:26 +0200: Memory Usage (464056K) : baspoly_drw has 0 polygons
2026-08-11 13:53:26 +0200: Memory Usage (464056K) : baspoly_pin has 0 polygons
2026-08-11 13:53:26 +0200: Memory Usage (464184K) : psd_drw has 15 polygons
2026-08-11 13:53:26 +0200: Memory Usage (464184K) : nldb_drw has 0 polygons
2026-08-11 13:53:26 +0200: Memory Usage (464312K) : digibnd_drw has 0 polygons
2026-08-11 13:53:26 +0200: Memory Usage (464312K) : via1_drw has 4146 polygons
2026-08-11 13:53:26 +0200: Memory Usage (464568K) : backmetal1_drw has 0 polygons
2026-08-11 13:53:26 +0200: Memory Usage (464568K) : backmetal1_pin has 0 polygons
2026-08-11 13:53:26 +0200: Memory Usage (464696K) : backmetal1_mask has 0 polygons
2026-08-11 13:53:26 +0200: Memory Usage (464696K) : backmetal1_filler has 0 polygons
2026-08-11 13:53:26 +0200: Memory Usage (464824K) : backmetal1_nofill has 0 polygons
2026-08-11 13:53:26 +0200: Memory Usage (464824K) : backmetal1_slit has 0 polygons
2026-08-11 13:53:26 +0200: Memory Usage (464952K) : backmetal1_text has 0 polygons
2026-08-11 13:53:26 +0200: Memory Usage (464952K) : backmetal1_OPC has 0 polygons
2026-08-11 13:53:26 +0200: Memory Usage (465080K) : backmetal1_noqrc has 0 polygons
2026-08-11 13:53:26 +0200: Memory Usage (465080K) : backmetal1_res has 0 polygons
2026-08-11 13:53:26 +0200: Memory Usage (465208K) : backmetal1_iprobe has 0 polygons
2026-08-11 13:53:26 +0200: Memory Usage (465208K) : backmetal1_diffprb has 0 polygons
2026-08-11 13:53:26 +0200: Memory Usage (465336K) : backpassiv_drw has 0 polygons
2026-08-11 13:53:26 +0200: Memory Usage (465464K) : res_drw has 0 polygons
2026-08-11 13:53:26 +0200: Memory Usage (465464K) : sram_drw has 0 polygons
2026-08-11 13:53:26 +0200: Memory Usage (465592K) : trans_drw has 0 polygons
2026-08-11 13:53:26 +0200: Memory Usage (465592K) : ind_drw has 0 polygons
2026-08-11 13:53:26 +0200: Memory Usage (465720K) : ind_pin has 0 polygons
2026-08-11 13:53:26 +0200: Memory Usage (465720K) : ind_text has 0 polygons
2026-08-11 13:53:26 +0200: Memory Usage (465848K) : salblock_drw has 1 polygons
2026-08-11 13:53:26 +0200: Memory Usage (465848K) : via2_drw has 2614 polygons
2026-08-11 13:53:26 +0200: Memory Usage (465976K) : metal3_drw has 30 polygons
2026-08-11 13:53:26 +0200: Memory Usage (466104K) : metal3_filler has 0 polygons
2026-08-11 13:53:26 +0200: Memory Usage (466104K) : metal3_slit has 0 polygons
2026-08-11 13:53:26 +0200: Memory Usage (466232K) : metal3 has 30 polygons
2026-08-11 13:53:26 +0200: Memory Usage (466360K) : metal3_pin has 8 polygons
2026-08-11 13:53:26 +0200: Memory Usage (466360K) : metal3_mask has 0 polygons
2026-08-11 13:53:26 +0200: Memory Usage (466488K) : metal3_nofill has 0 polygons
2026-08-11 13:53:26 +0200: Memory Usage (466488K) : metal3_text has 8 polygons
2026-08-11 13:53:26 +0200: Memory Usage (466616K) : metal3_OPC has 0 polygons
2026-08-11 13:53:26 +0200: Memory Usage (466616K) : metal3_noqrc has 0 polygons
2026-08-11 13:53:26 +0200: Memory Usage (466744K) : metal3_res has 0 polygons
2026-08-11 13:53:26 +0200: Memory Usage (466872K) : metal3_iprobe has 0 polygons
2026-08-11 13:53:26 +0200: Memory Usage (466872K) : metal3_diffprb has 0 polygons
2026-08-11 13:53:26 +0200: Memory Usage (467000K) : nwell_drw has 65 polygons
2026-08-11 13:53:26 +0200: Memory Usage (467000K) : nwell_pin has 0 polygons
2026-08-11 13:53:26 +0200: Memory Usage (467128K) : nwell_text has 0 polygons
2026-08-11 13:53:26 +0200: Memory Usage (467128K) : nbulay_drw has 0 polygons
2026-08-11 13:53:26 +0200: Memory Usage (467256K) : nbulay_pin has 0 polygons
2026-08-11 13:53:26 +0200: Memory Usage (467256K) : nbulay_block has 0 polygons
2026-08-11 13:53:26 +0200: Memory Usage (467384K) : emwind_drw has 0 polygons
2026-08-11 13:53:26 +0200: Memory Usage (467384K) : emwind_OPC has 0 polygons
2026-08-11 13:53:26 +0200: Memory Usage (467512K) : deepco_drw has 0 polygons
2026-08-11 13:53:26 +0200: Memory Usage (467512K) : mim_drw has 0 polygons
2026-08-11 13:53:26 +0200: Memory Usage (467640K) : edgeseal_drw has 0 polygons
2026-08-11 13:53:26 +0200: Memory Usage (467640K) : substrate_drw has 14 polygons
2026-08-11 13:53:26 +0200: Memory Usage (467768K) : substrate_text has 0 polygons
2026-08-11 13:53:26 +0200: Memory Usage (467896K) : dfpad_drw has 0 polygons
2026-08-11 13:53:26 +0200: Memory Usage (467896K) : dfpad_pillar has 0 polygons
2026-08-11 13:53:26 +0200: Memory Usage (468024K) : dfpad_sbump has 0 polygons
2026-08-11 13:53:26 +0200: Memory Usage (468024K) : thickgateox_drw has 3 polygons
2026-08-11 13:53:26 +0200: Memory Usage (468152K) : pldb_drw has 0 polygons
2026-08-11 13:53:26 +0200: Memory Usage (468152K) : pwell_drw has 0 polygons
2026-08-11 13:53:26 +0200: Memory Usage (468280K) : pwell_pin has 0 polygons
2026-08-11 13:53:26 +0200: Memory Usage (468280K) : pwell_block has 0 polygons
2026-08-11 13:53:26 +0200: Memory Usage (468408K) : ic_drw has 0 polygons
2026-08-11 13:53:26 +0200: Memory Usage (468408K) : via3_drw has 2087 polygons
2026-08-11 13:53:26 +0200: Memory Usage (468536K) : metal4_drw has 8 polygons
2026-08-11 13:53:26 +0200: Memory Usage (468664K) : metal4_filler has 0 polygons
2026-08-11 13:53:26 +0200: Memory Usage (468664K) : metal4_slit has 0 polygons
2026-08-11 13:53:26 +0200: Memory Usage (468792K) : metal4 has 8 polygons
2026-08-11 13:53:26 +0200: Memory Usage (468920K) : metal4_pin has 8 polygons
2026-08-11 13:53:26 +0200: Memory Usage (468920K) : metal4_mask has 0 polygons
2026-08-11 13:53:26 +0200: Memory Usage (469048K) : metal4_nofill has 0 polygons
2026-08-11 13:53:26 +0200: Memory Usage (469048K) : metal4_text has 8 polygons
2026-08-11 13:53:26 +0200: Memory Usage (469176K) : metal4_OPC has 0 polygons
2026-08-11 13:53:26 +0200: Memory Usage (469176K) : metal4_noqrc has 0 polygons
2026-08-11 13:53:26 +0200: Memory Usage (469304K) : metal4_res has 0 polygons
2026-08-11 13:53:26 +0200: Memory Usage (469304K) : metal4_iprobe has 0 polygons
2026-08-11 13:53:26 +0200: Memory Usage (469432K) : metal4_diffprb has 0 polygons
2026-08-11 13:53:26 +0200: Memory Usage (469432K) : heattrans_drw has 0 polygons
2026-08-11 13:53:26 +0200: Memory Usage (469560K) : heatres_drw has 0 polygons
2026-08-11 13:53:26 +0200: Memory Usage (469688K) : fbe_drw has 0 polygons
2026-08-11 13:53:26 +0200: Memory Usage (469688K) : empoly_drw has 0 polygons
2026-08-11 13:53:26 +0200: Memory Usage (469816K) : digisub_drw has 0 polygons
2026-08-11 13:53:26 +0200: Memory Usage (469816K) : text_drw has 30 polygons
2026-08-11 13:53:26 +0200: Memory Usage (469944K) : via4_drw has 2371 polygons
2026-08-11 13:53:26 +0200: Memory Usage (470072K) : metal5_drw has 8 polygons
2026-08-11 13:53:26 +0200: Memory Usage (470072K) : metal5_filler has 0 polygons
2026-08-11 13:53:26 +0200: Memory Usage (470200K) : metal5_slit has 0 polygons
2026-08-11 13:53:26 +0200: Memory Usage (470328K) : metal5 has 8 polygons
2026-08-11 13:53:26 +0200: Memory Usage (470328K) : metal5_pin has 8 polygons
2026-08-11 13:53:26 +0200: Memory Usage (470456K) : metal5_mask has 0 polygons
2026-08-11 13:53:26 +0200: Memory Usage (470456K) : metal5_nofill has 0 polygons
2026-08-11 13:53:26 +0200: Memory Usage (470584K) : metal5_text has 8 polygons
2026-08-11 13:53:26 +0200: Memory Usage (470584K) : metal5_OPC has 0 polygons
2026-08-11 13:53:26 +0200: Memory Usage (470712K) : metal5_noqrc has 0 polygons
2026-08-11 13:53:26 +0200: Memory Usage (470712K) : metal5_res has 0 polygons
2026-08-11 13:53:26 +0200: Memory Usage (470840K) : metal5_iprobe has 0 polygons
2026-08-11 13:53:26 +0200: Memory Usage (470840K) : metal5_diffprb has 0 polygons
2026-08-11 13:53:26 +0200: Memory Usage (470968K) : radhard_drw has 0 polygons
2026-08-11 13:53:26 +0200: Memory Usage (471096K) : memcap_drw has 0 polygons
2026-08-11 13:53:26 +0200: Memory Usage (471096K) : varicap_drw has 0 polygons
2026-08-11 13:53:26 +0200: Memory Usage (471224K) : intbondvia_drw has 0 polygons
2026-08-11 13:53:26 +0200: Memory Usage (471224K) : intbondmet_drw has 0 polygons
2026-08-11 13:53:26 +0200: Memory Usage (471352K) : devbondvia_drw has 0 polygons
2026-08-11 13:53:26 +0200: Memory Usage (471352K) : devbondmet_drw has 0 polygons
2026-08-11 13:53:26 +0200: Memory Usage (471480K) : devtrench_drw has 0 polygons
2026-08-11 13:53:26 +0200: Memory Usage (471480K) : redist_drw has 0 polygons
2026-08-11 13:53:26 +0200: Memory Usage (471608K) : graphbot_drw has 0 polygons
2026-08-11 13:53:26 +0200: Memory Usage (471608K) : graphtop_drw has 0 polygons
2026-08-11 13:53:26 +0200: Memory Usage (471736K) : antvia1_drw has 0 polygons
2026-08-11 13:53:26 +0200: Memory Usage (471736K) : antmetal2_drw has 0 polygons
2026-08-11 13:53:26 +0200: Memory Usage (471864K) : graphcont_drw has 0 polygons
2026-08-11 13:53:26 +0200: Memory Usage (471992K) : siwg_drw has 0 polygons
2026-08-11 13:53:26 +0200: Memory Usage (471992K) : siwg_filler has 0 polygons
2026-08-11 13:53:26 +0200: Memory Usage (472120K) : siwg_nofill has 0 polygons
2026-08-11 13:53:26 +0200: Memory Usage (472120K) : sigrating_drw has 0 polygons
2026-08-11 13:53:26 +0200: Memory Usage (472120K) : singrating_drw has 0 polygons
2026-08-11 13:53:26 +0200: Memory Usage (472120K) : graphpas_drw has 0 polygons
2026-08-11 13:53:26 +0200: Memory Usage (472120K) : emwind3_drw has 0 polygons
2026-08-11 13:53:26 +0200: Memory Usage (472120K) : emwihv3_drw has 0 polygons
2026-08-11 13:53:26 +0200: Memory Usage (472120K) : redbulay_drw has 0 polygons
2026-08-11 13:53:26 +0200: Memory Usage (472120K) : smos_drw has 0 polygons
2026-08-11 13:53:26 +0200: Memory Usage (472120K) : graphpad_drw has 0 polygons
2026-08-11 13:53:26 +0200: Memory Usage (472120K) : polimide_drw has 0 polygons
2026-08-11 13:53:26 +0200: Memory Usage (472120K) : polimide_pin has 0 polygons
2026-08-11 13:53:26 +0200: Memory Usage (472120K) : recog_drw has 0 polygons
2026-08-11 13:53:26 +0200: Memory Usage (472120K) : recog_pin has 0 polygons
2026-08-11 13:53:26 +0200: Memory Usage (472120K) : recog_esd has 0 polygons
2026-08-11 13:53:26 +0200: Memory Usage (472120K) : recog_diode has 1 polygons
2026-08-11 13:53:26 +0200: Memory Usage (472120K) : recog_tsv has 0 polygons
2026-08-11 13:53:26 +0200: Memory Usage (472120K) : recog_iprobe has 0 polygons
2026-08-11 13:53:26 +0200: Memory Usage (472120K) : recog_diffprb has 0 polygons
2026-08-11 13:53:26 +0200: Memory Usage (472120K) : recog_pillar has 0 polygons
2026-08-11 13:53:26 +0200: Memory Usage (472120K) : recog_sbump has 0 polygons
2026-08-11 13:53:26 +0200: Memory Usage (472120K) : recog_otp has 0 polygons
2026-08-11 13:53:26 +0200: Memory Usage (472120K) : recog_pdiode has 0 polygons
2026-08-11 13:53:26 +0200: Memory Usage (472120K) : recog_mom has 0 polygons
2026-08-11 13:53:26 +0200: Memory Usage (472120K) : recog_pcm has 0 polygons
2026-08-11 13:53:26 +0200: Memory Usage (472120K) : colopen_drw has 0 polygons
2026-08-11 13:53:26 +0200: Memory Usage (472120K) : graphmetal1_drw has 0 polygons
2026-08-11 13:53:26 +0200: Memory Usage (472120K) : graphmetal1_filler has 0 polygons
2026-08-11 13:53:26 +0200: Memory Usage (472120K) : graphmetal1_nofill has 0 polygons
2026-08-11 13:53:26 +0200: Memory Usage (472120K) : graphmetal1_slit has 0 polygons
2026-08-11 13:53:26 +0200: Memory Usage (472120K) : graphmetal1_OPC has 0 polygons
2026-08-11 13:53:26 +0200: Memory Usage (472120K) : graphmet1l_drw has 0 polygons
2026-08-11 13:53:26 +0200: Memory Usage (472120K) : graphmet1l_filler has 0 polygons
2026-08-11 13:53:26 +0200: Memory Usage (472120K) : graphmet1l_nofill has 0 polygons
2026-08-11 13:53:26 +0200: Memory Usage (472120K) : graphmet1l_slit has 0 polygons
2026-08-11 13:53:26 +0200: Memory Usage (472120K) : graphmet1l_OPC has 0 polygons
2026-08-11 13:53:26 +0200: Memory Usage (472120K) : extblock_drw has 1 polygons
2026-08-11 13:53:26 +0200: Memory Usage (472120K) : nldd_drw has 0 polygons
2026-08-11 13:53:26 +0200: Memory Usage (472120K) : pldd_drw has 0 polygons
2026-08-11 13:53:26 +0200: Memory Usage (472120K) : next_drw has 0 polygons
2026-08-11 13:53:26 +0200: Memory Usage (472120K) : pext_drw has 0 polygons
2026-08-11 13:53:26 +0200: Memory Usage (472120K) : nexthv_drw has 0 polygons
2026-08-11 13:53:26 +0200: Memory Usage (472120K) : pexthv_drw has 0 polygons
2026-08-11 13:53:26 +0200: Memory Usage (472120K) : graphgate_drw has 0 polygons
2026-08-11 13:53:26 +0200: Memory Usage (472120K) : sinwg_drw has 0 polygons
2026-08-11 13:53:26 +0200: Memory Usage (472120K) : sinwg_filler has 0 polygons
2026-08-11 13:53:26 +0200: Memory Usage (472120K) : sinwg_nofill has 0 polygons
2026-08-11 13:53:26 +0200: Memory Usage (472120K) : mempad_drw has 0 polygons
2026-08-11 13:53:26 +0200: Memory Usage (472120K) : topvia1_drw has 2315 polygons
2026-08-11 13:53:26 +0200: Memory Usage (472120K) : topmetal1_drw has 8 polygons
2026-08-11 13:53:26 +0200: Memory Usage (472120K) : topmetal1_filler has 0 polygons
2026-08-11 13:53:26 +0200: Memory Usage (472120K) : topmetal1_slit has 0 polygons
2026-08-11 13:53:26 +0200: Memory Usage (472120K) : topmetal1 has 8 polygons
2026-08-11 13:53:26 +0200: Memory Usage (472120K) : topmetal1_pin has 8 polygons
2026-08-11 13:53:26 +0200: Memory Usage (472120K) : topmetal1_mask has 0 polygons
2026-08-11 13:53:26 +0200: Memory Usage (472120K) : topmetal1_nofill has 0 polygons
2026-08-11 13:53:26 +0200: Memory Usage (472120K) : topmetal1_text has 8 polygons
2026-08-11 13:53:26 +0200: Memory Usage (472120K) : topmetal1_noqrc has 0 polygons
2026-08-11 13:53:26 +0200: Memory Usage (472120K) : topmetal1_res has 0 polygons
2026-08-11 13:53:26 +0200: Memory Usage (472120K) : topmetal1_iprobe has 0 polygons
2026-08-11 13:53:26 +0200: Memory Usage (472120K) : topmetal1_diffprb has 0 polygons
2026-08-11 13:53:26 +0200: Memory Usage (472120K) : inldpwl_drw has 0 polygons
2026-08-11 13:53:26 +0200: Memory Usage (472120K) : polyres_drw has 26 polygons
2026-08-11 13:53:26 +0200: Memory Usage (472120K) : polyres_pin has 0 polygons
2026-08-11 13:53:26 +0200: Memory Usage (472120K) : vmim_drw has 0 polygons
2026-08-11 13:53:26 +0200: Memory Usage (472120K) : nbulaycut_drw has 0 polygons
2026-08-11 13:53:26 +0200: Memory Usage (472120K) : antmetal1_drw has 0 polygons
2026-08-11 13:53:26 +0200: Memory Usage (472120K) : topvia2_drw has 443 polygons
2026-08-11 13:53:26 +0200: Memory Usage (472120K) : topmetal2_drw has 12 polygons
2026-08-11 13:53:26 +0200: Memory Usage (472120K) : topmetal2_filler has 0 polygons
2026-08-11 13:53:26 +0200: Memory Usage (472120K) : topmetal2_slit has 0 polygons
2026-08-11 13:53:26 +0200: Memory Usage (472120K) : topmetal2 has 12 polygons
2026-08-11 13:53:26 +0200: Memory Usage (472120K) : topmetal2_pin has 12 polygons
2026-08-11 13:53:26 +0200: Memory Usage (472120K) : topmetal2_mask has 0 polygons
2026-08-11 13:53:26 +0200: Memory Usage (472120K) : topmetal2_nofill has 0 polygons
2026-08-11 13:53:26 +0200: Memory Usage (472120K) : topmetal2_text has 12 polygons
2026-08-11 13:53:26 +0200: Memory Usage (472120K) : topmetal2_noqrc has 0 polygons
2026-08-11 13:53:26 +0200: Memory Usage (472120K) : topmetal2_res has 0 polygons
2026-08-11 13:53:26 +0200: Memory Usage (472120K) : topmetal2_iprobe has 0 polygons
2026-08-11 13:53:26 +0200: Memory Usage (472120K) : topmetal2_diffprb has 0 polygons
2026-08-11 13:53:26 +0200: Memory Usage (472120K) : snsring_drw has 0 polygons
2026-08-11 13:53:26 +0200: Memory Usage (472120K) : sensor_drw has 0 polygons
2026-08-11 13:53:26 +0200: Memory Usage (472120K) : snsarms_drw has 0 polygons
2026-08-11 13:53:26 +0200: Memory Usage (472120K) : snscmosvia_drw has 0 polygons
2026-08-11 13:53:26 +0200: Memory Usage (472120K) : colwind_drw has 0 polygons
2026-08-11 13:53:26 +0200: Memory Usage (472120K) : flm_drw has 0 polygons
2026-08-11 13:53:26 +0200: Memory Usage (472120K) : hafniumox_drw has 0 polygons
2026-08-11 13:53:26 +0200: Memory Usage (472120K) : memvia_drw has 0 polygons
2026-08-11 13:53:26 +0200: Memory Usage (472120K) : thinfilmres_drw has 0 polygons
2026-08-11 13:53:26 +0200: Memory Usage (472120K) : rfmem_drw has 0 polygons
2026-08-11 13:53:26 +0200: Memory Usage (472120K) : norcx_drw has 0 polygons
2026-08-11 13:53:26 +0200: Memory Usage (472120K) : norcx_m2m3 has 0 polygons
2026-08-11 13:53:26 +0200: Memory Usage (472120K) : norcx_m2m4 has 0 polygons
2026-08-11 13:53:26 +0200: Memory Usage (472120K) : norcx_m2m5 has 0 polygons
2026-08-11 13:53:26 +0200: Memory Usage (472120K) : norcx_m2tm1 has 0 polygons
2026-08-11 13:53:26 +0200: Memory Usage (472120K) : norcx_m2tm2 has 0 polygons
2026-08-11 13:53:26 +0200: Memory Usage (472120K) : norcx_m3m4 has 0 polygons
2026-08-11 13:53:26 +0200: Memory Usage (472120K) : norcx_m3m5 has 0 polygons
2026-08-11 13:53:26 +0200: Memory Usage (472120K) : norcx_m3tm1 has 0 polygons
2026-08-11 13:53:26 +0200: Memory Usage (472120K) : norcx_m3tm2 has 0 polygons
2026-08-11 13:53:26 +0200: Memory Usage (472120K) : norcx_m4m5 has 0 polygons
2026-08-11 13:53:26 +0200: Memory Usage (472120K) : norcx_m4tm1 has 0 polygons
2026-08-11 13:53:26 +0200: Memory Usage (472120K) : norcx_m4tm2 has 0 polygons
2026-08-11 13:53:26 +0200: Memory Usage (472120K) : norcx_m5tm1 has 0 polygons
2026-08-11 13:53:26 +0200: Memory Usage (472120K) : norcx_m5tm2 has 0 polygons
2026-08-11 13:53:26 +0200: Memory Usage (472120K) : norcx_tm1tm2 has 0 polygons
2026-08-11 13:53:26 +0200: Memory Usage (472120K) : norcx_m1sub has 0 polygons
2026-08-11 13:53:26 +0200: Memory Usage (472120K) : norcx_m2sub has 0 polygons
2026-08-11 13:53:26 +0200: Memory Usage (472120K) : norcx_m3sub has 0 polygons
2026-08-11 13:53:26 +0200: Memory Usage (472120K) : norcx_m4sub has 0 polygons
2026-08-11 13:53:27 +0200: Memory Usage (472120K) : norcx_m5sub has 0 polygons
2026-08-11 13:53:27 +0200: Memory Usage (472120K) : norcx_tm1sub has 0 polygons
2026-08-11 13:53:27 +0200: Memory Usage (472120K) : norcx_tm2sub has 0 polygons
2026-08-11 13:53:27 +0200: Memory Usage (472120K) : snsbotvia_drw has 0 polygons
2026-08-11 13:53:27 +0200: Memory Usage (472120K) : snstopvia_drw has 0 polygons
2026-08-11 13:53:27 +0200: Memory Usage (472120K) : deepvia_drw has 0 polygons
2026-08-11 13:53:27 +0200: Memory Usage (472120K) : fgetch_drw has 0 polygons
2026-08-11 13:53:27 +0200: Memory Usage (472120K) : ctrgat_drw has 0 polygons
2026-08-11 13:53:27 +0200: Memory Usage (472120K) : fgimp_drw has 0 polygons
2026-08-11 13:53:27 +0200: Memory Usage (472120K) : emwihv_drw has 0 polygons
2026-08-11 13:53:27 +0200: Memory Usage (472120K) : lbe_drw has 0 polygons
2026-08-11 13:53:27 +0200: Memory Usage (472120K) : alcustop_drw has 0 polygons
2026-08-11 13:53:27 +0200: Memory Usage (472120K) : nometfiller_drw has 0 polygons
2026-08-11 13:53:27 +0200: Memory Usage (472120K) : prboundary_drw has 0 polygons
2026-08-11 13:53:27 +0200: Memory Usage (472120K) : exchange0_drw has 0 polygons
2026-08-11 13:53:27 +0200: Memory Usage (472120K) : exchange0_pin has 0 polygons
2026-08-11 13:53:27 +0200: Memory Usage (472120K) : exchange0_text has 0 polygons
2026-08-11 13:53:27 +0200: Memory Usage (472120K) : exchange1_drw has 0 polygons
2026-08-11 13:53:27 +0200: Memory Usage (472120K) : exchange1_pin has 0 polygons
2026-08-11 13:53:27 +0200: Memory Usage (472120K) : exchange1_text has 0 polygons
2026-08-11 13:53:27 +0200: Memory Usage (472120K) : exchange2_drw has 0 polygons
2026-08-11 13:53:27 +0200: Memory Usage (472120K) : exchange2_pin has 0 polygons
2026-08-11 13:53:27 +0200: Memory Usage (472120K) : exchange2_text has 0 polygons
2026-08-11 13:53:27 +0200: Memory Usage (472120K) : exchange3_drw has 0 polygons
2026-08-11 13:53:27 +0200: Memory Usage (472120K) : exchange3_pin has 0 polygons
2026-08-11 13:53:27 +0200: Memory Usage (472120K) : exchange3_text has 0 polygons
2026-08-11 13:53:27 +0200: Memory Usage (472120K) : exchange4_drw has 0 polygons
2026-08-11 13:53:27 +0200: Memory Usage (472120K) : exchange4_pin has 0 polygons
2026-08-11 13:53:27 +0200: Memory Usage (472120K) : exchange4_text has 0 polygons
2026-08-11 13:53:27 +0200: Memory Usage (472120K) : isonwell_drw has 0 polygons
2026-08-11 13:53:27 +0200: Memory Usage (472120K) : Total no. of polygons in the design is 38209
2026-08-11 13:53:27 +0200: Memory Usage (472120K) : Starting base layers derivations
2026-08-11 13:53:27 +0200: Memory Usage (472120K) : Starting general LVS derivations
2026-08-11 13:53:27 +0200: Memory Usage (478392K) : Starting MOSFET DERIVATIONS
2026-08-11 13:53:27 +0200: Memory Usage (487864K) : Starting NMOS DERIVATIONS
2026-08-11 13:53:27 +0200: Memory Usage (487864K) : Starting PMOS DERIVATIONS
2026-08-11 13:53:27 +0200: Memory Usage (487864K) : Starting RF-MOSFET DERIVATIONS
2026-08-11 13:53:27 +0200: Memory Usage (487864K) : Starting RF-NMOS DERIVATIONS
2026-08-11 13:53:27 +0200: Memory Usage (487864K) : Starting RF-PMOS DERIVATIONS
2026-08-11 13:53:27 +0200: Memory Usage (487864K) : Starting BJT DERIVATIONS
2026-08-11 13:53:27 +0200: Memory Usage (487864K) : Starting NPN-BJT DERIVATIONS
2026-08-11 13:53:27 +0200: Memory Usage (487864K) : Starting PNP-BJT DERIVATIONS
2026-08-11 13:53:27 +0200: Memory Usage (487864K) : Starting DIODE DERIVATIONS
2026-08-11 13:53:27 +0200: Memory Usage (487864K) : Starting RESISTOR DERIVATIONS
2026-08-11 13:53:28 +0200: Memory Usage (487992K) : Starting CAP DERIVATIONS
2026-08-11 13:53:28 +0200: Memory Usage (487992K) : Starting CAP_CMOM DERIVATIONS
2026-08-11 13:53:28 +0200: Memory Usage (487992K) : Starting ESD DERIVATIONS
2026-08-11 13:53:28 +0200: Memory Usage (488248K) : Starting Inductor DERIVATIONS
2026-08-11 13:53:28 +0200: Memory Usage (488248K) : Starting Taps DERIVATIONS
2026-08-11 13:53:28 +0200: Memory Usage (488248K) : Starting SG13G2 LVS connectivity setup
2026-08-11 13:53:28 +0200: Memory Usage (488248K) : Starting SG13G2 LVS connectivity setup (Inter-layer)
2026-08-11 13:53:28 +0200: Memory Usage (488376K) : Starting SG13G2 LVS connectivity setup (Global)
2026-08-11 13:53:28 +0200: Memory Usage (488376K) : Starting LVS MOSFET CONNECTIONS
2026-08-11 13:53:28 +0200: Memory Usage (488376K) : Starting LVS RF-MOSFET CONNECTIONS
2026-08-11 13:53:28 +0200: Memory Usage (488376K) : Starting LVS BJT CONNECTIONS
2026-08-11 13:53:28 +0200: Memory Usage (488376K) : Starting LVS DIODE CONNECTIONS
2026-08-11 13:53:28 +0200: Memory Usage (488376K) : Starting RESISTOR CONNECTIONS
2026-08-11 13:53:28 +0200: Memory Usage (488376K) : Starting LVS CAP CONNECTIONS
2026-08-11 13:53:28 +0200: Memory Usage (488376K) : Starting CAP_CMOM CONNECTIONS
2026-08-11 13:53:28 +0200: Memory Usage (488376K) : Starting ESD CONNECTIONS
2026-08-11 13:53:28 +0200: Memory Usage (488376K) : Starting Inductor CONNECTIONS
2026-08-11 13:53:28 +0200: Memory Usage (488376K) : Starting LVS Taps CONNECTIONS
2026-08-11 13:53:28 +0200: Memory Usage (488376K) : Starting SG13G2 LVS DEVICES EXTRACTION
2026-08-11 13:53:28 +0200: Memory Usage (488376K) : Starting MOSFET EXTRACTION
2026-08-11 13:53:28 +0200: Memory Usage (488376K) : Starting NMOS EXTRACTION
2026-08-11 13:53:28 +0200: Memory Usage (488376K) : Extraction of NMOS-LV transistor
2026-08-11 13:53:28 +0200: Memory Usage (488376K) : Extraction of NMOS-HV transistor
2026-08-11 13:53:28 +0200: Memory Usage (488504K) : Starting PMOS EXTRACTION
2026-08-11 13:53:28 +0200: Memory Usage (488504K) : Extraction of PMOS-LV transistor
2026-08-11 13:53:28 +0200: Memory Usage (488504K) : Extraction of PMOS-HV transistor
2026-08-11 13:53:28 +0200: Memory Usage (488504K) : Starting RF-MOSFET EXTRACTION
2026-08-11 13:53:28 +0200: Memory Usage (488504K) : Extraction of RF-NMOS-LV transistor
2026-08-11 13:53:28 +0200: Memory Usage (488504K) : Extraction of RF-NMOS-HV transistor
2026-08-11 13:53:28 +0200: Memory Usage (488504K) : Extraction of RF-PMOS-LV transistor
2026-08-11 13:53:28 +0200: Memory Usage (488504K) : Extraction of RF-PMOS-HV transistor
2026-08-11 13:53:28 +0200: Memory Usage (488504K) : Starting BJT EXTRACTION
2026-08-11 13:53:28 +0200: Memory Usage (488504K) : Starting NPN-BJT EXTRACTION
2026-08-11 13:53:28 +0200: Memory Usage (488504K) : Extraction of npn13G2 BJT transistor
2026-08-11 13:53:28 +0200: Memory Usage (488504K) : Extraction of npn13G2L BJT transistor
2026-08-11 13:53:28 +0200: Memory Usage (488504K) : Extraction of npn13G2V BJT transistor
2026-08-11 13:53:28 +0200: Memory Usage (488504K) : Starting PNP-BJT EXTRACTION
2026-08-11 13:53:28 +0200: Memory Usage (488504K) : Extracting pnpMPA BJT
2026-08-11 13:53:28 +0200: Memory Usage (488504K) : Starting DIODE EXTRACTION
2026-08-11 13:53:28 +0200: Memory Usage (488504K) : Extracting dantenna diode
2026-08-11 13:53:28 +0200: Memory Usage (488504K) : Extracting dpantenna diode
2026-08-11 13:53:28 +0200: Memory Usage (488504K) : Extracting schottky_nbl1 diode
2026-08-11 13:53:28 +0200: Memory Usage (488504K) : Extracting isolbox diode
2026-08-11 13:53:28 +0200: Memory Usage (488504K) : Starting RESISTOR EXTRACTION
2026-08-11 13:53:28 +0200: Memory Usage (488504K) : Extracting rsil resistor
2026-08-11 13:53:28 +0200: Memory Usage (488504K) : Extracting rppd resistor
2026-08-11 13:53:29 +0200: Memory Usage (488632K) : Extracting rhigh resistor
2026-08-11 13:53:29 +0200: Memory Usage (488632K) : Extracting res_metal1 resistor
2026-08-11 13:53:29 +0200: Memory Usage (488632K) : Extracting res_metal2 resistor
2026-08-11 13:53:29 +0200: Memory Usage (488632K) : Extracting res_metal3 resistor
2026-08-11 13:53:29 +0200: Memory Usage (488632K) : Extracting res_metal4 resistor
2026-08-11 13:53:29 +0200: Memory Usage (488632K) : Extracting res_metal5 resistor
2026-08-11 13:53:29 +0200: Memory Usage (488632K) : Extracting res_topmetal1 resistor
2026-08-11 13:53:29 +0200: Memory Usage (488632K) : Extracting res_topmetal2 resistor
2026-08-11 13:53:29 +0200: Memory Usage (488632K) : Starting CAP EXTRACTION
2026-08-11 13:53:29 +0200: Memory Usage (488632K) : Extracting cap_cmim device
2026-08-11 13:53:29 +0200: Memory Usage (488632K) : Extracting rfcmim device
2026-08-11 13:53:29 +0200: Memory Usage (488632K) : Extracting sg13_hv_svaricap varactor
2026-08-11 13:53:29 +0200: Memory Usage (488632K) : Extracting cap_cmomi device
2026-08-11 13:53:29 +0200: Memory Usage (488632K) : Extracting sg13_moscap_n capacitor
2026-08-11 13:53:29 +0200: Memory Usage (488632K) : Extracting sg13_moscap_p capacitor
2026-08-11 13:53:29 +0200: Memory Usage (488632K) : Starting ESD EXTRACTION
2026-08-11 13:53:29 +0200: Memory Usage (488632K) : Extracting diodevdd_2kv ESD device
2026-08-11 13:53:29 +0200: Memory Usage (488632K) : Extracting diodevdd_4kv ESD device
2026-08-11 13:53:29 +0200: Memory Usage (488632K) : Extracting diodevss_2kv ESD device
2026-08-11 13:53:29 +0200: Memory Usage (488632K) : Extracting diodevss_4kv ESD device
2026-08-11 13:53:29 +0200: Memory Usage (488632K) : Extracting idiodevdd_2kv ESD device
2026-08-11 13:53:29 +0200: Memory Usage (488632K) : Extracting idiodevdd_4kv ESD device
2026-08-11 13:53:29 +0200: Memory Usage (488632K) : Extracting idiodevss_2kv ESD device
2026-08-11 13:53:29 +0200: Memory Usage (488632K) : Extracting idiodevss_4kv ESD device
2026-08-11 13:53:29 +0200: Memory Usage (488632K) : Extracting nmoscl_2 ESD device
2026-08-11 13:53:29 +0200: Memory Usage (488632K) : Extracting nmoscl_4 ESD device
2026-08-11 13:53:29 +0200: Memory Usage (488632K) : Starting Inductor EXTRACTION
2026-08-11 13:53:29 +0200: Memory Usage (488632K) : Extracting Inductor2 device
2026-08-11 13:53:29 +0200: Memory Usage (488632K) : Extracting Inductor3 device
2026-08-11 13:53:29 +0200: Memory Usage (488632K) : Starting Taps EXTRACTION
2026-08-11 13:53:29 +0200: Memory Usage (488632K) : Extracting ntap1 device
2026-08-11 13:53:29 +0200: Memory Usage (488632K) : Extracting ptap1 device
2026-08-11 13:53:29 +0200: Memory Usage (488632K) : Starting SG13G2 LVS RF MOS Model Mapping
2026-08-11 13:53:29 +0200: Memory Usage (489016K) : [layout_netlist] Apply RF MOS model mapping and rfmode parameter.
2026-08-11 13:53:29 +0200: Memory Usage (489016K) : Starting SG13G2 LVS Options Preparations
2026-08-11 13:53:29 +0200: Memory Usage (489016K) : SG13G2 LVS flow: extraction -> alignment -> option preparation -> comparison.
2026-08-11 13:53:29 +0200: Memory Usage (489016K) : Starting SG13G2 LVS Alignment
2026-08-11 13:53:29 +0200: Memory Usage (489016K) : Starting SG13G2 LVS Simplification
2026-08-11 13:53:29 +0200: Memory Usage (489016K) : [layout_netlist] simplify: ENABLED
2026-08-11 13:53:29 +0200: Memory Usage (489016K) : [layout_netlist] make_top_level_pins: SKIPPED
2026-08-11 13:53:29 +0200: Memory Usage (489016K) : [layout_netlist] combine_devices: ENABLED
2026-08-11 13:53:29 +0200: Memory Usage (489016K) : [layout_netlist] purge: SKIPPED
2026-08-11 13:53:29 +0200: Memory Usage (489016K) : [layout_netlist] purge_nets: SKIPPED
2026-08-11 13:53:29 +0200: Memory Usage (489016K) : [schematic_netlist] simplify: ENABLED
2026-08-11 13:53:29 +0200: Memory Usage (489016K) : [schematic_netlist] make_top_level_pins: SKIPPED
2026-08-11 13:53:29 +0200: Memory Usage (489016K) : [schematic_netlist] combine_devices: ENABLED
2026-08-11 13:53:29 +0200: Memory Usage (489016K) : [schematic_netlist] purge: SKIPPED
2026-08-11 13:53:29 +0200: Memory Usage (489016K) : [schematic_netlist] purge_nets: SKIPPED
2026-08-11 13:53:29 +0200: Memory Usage (489016K) : Starting SG13G2 LVS Comparison
2026-08-11 13:53:29 +0200: Memory Usage (489144K) : ==========================================
2026-08-11 13:53:29 +0200: Memory Usage (489144K) : INFO : Congratulations! Netlists match.
2026-08-11 13:53:29 +0200: Memory Usage (489144K) : ==========================================
2026-08-11 13:53:29 +0200: Memory Usage (489144K) : LVS Total Run time 3.167957 seconds
