10-Aug-2026 17:40:05 | INFO    | Your Klayout version is: KLayout 0.30.10 (required >= 0.30.5)
10-Aug-2026 17:40:05 | INFO    | Running SG13G2 LVS checks on design /foss/designs/ihp-open-pdk-regression/IOPADS/layout/sg13g2_IOPadInOut4mA.gds on cell sg13g2_IOPadInOut4mA
2026-08-10 17:40:07 +0200: Memory Usage (455444K) : Starting running SG13G2 Klayout LVS runset on /foss/designs/ihp-open-pdk-regression/IOPADS/layout/sg13g2_IOPadInOut4mA.gds
2026-08-10 17:40:07 +0200: Memory Usage (455444K) : Ruby Version for klayout: 3.2.3
2026-08-10 17:40:07 +0200: Memory Usage (457236K) : Loading database to memory is complete.
2026-08-10 17:40:07 +0200: Memory Usage (457236K) : SG13G2 Klayout LVS runset output at: /foss/designs/ihp-open-pdk-regression/IOPADS/lvs_sweep/20260810_173932/sg13g2_IOPadInOut4mA/sg13g2_IOPadInOut4mA.lvsdb
2026-08-10 17:40:07 +0200: Memory Usage (457236K) : Evaluate switches.
2026-08-10 17:40:07 +0200: Memory Usage (457236K) : Extracted netlist with net names: true
2026-08-10 17:40:07 +0200: Memory Usage (457236K) : Extracted netlist with comments in details: false
2026-08-10 17:40:07 +0200: Memory Usage (457236K) : Selected NET_ONLY option: false
2026-08-10 17:40:07 +0200: Memory Usage (457236K) : Selected LAYOUT_NETLIST option: (none)
2026-08-10 17:40:07 +0200: Memory Usage (457236K) : Selected IGNORE_TOP_PORTS_MISMATCH option: true
2026-08-10 17:40:07 +0200: Memory Usage (457236K) : Selected IMPLICIT_NETS option: iovss,iovdd,vss,vdd,pad,cathode,anode
2026-08-10 17:40:07 +0200: Memory Usage (457236K) : Selected TOP_LVL_PINS option: false
2026-08-10 17:40:07 +0200: Memory Usage (457236K) : Selected COMBINE DEVICES option: true
2026-08-10 17:40:07 +0200: Memory Usage (457236K) : Selected PURGE option: false
2026-08-10 17:40:07 +0200: Memory Usage (457236K) : Selected PURGE_NETS option: false
2026-08-10 17:40:07 +0200: Memory Usage (457236K) : Selected SIMPLIFY option: true
2026-08-10 17:40:07 +0200: Memory Usage (457236K) : Selected SERIES_RES option: true
2026-08-10 17:40:07 +0200: Memory Usage (457236K) : Selected PARALLEL_RES option: true
2026-08-10 17:40:07 +0200: Memory Usage (457236K) : Selected DISABLE_TAP_EXTRACTION option: false
2026-08-10 17:40:07 +0200: Memory Usage (457236K) : deep  mode is enabled.
2026-08-10 17:40:07 +0200: Memory Usage (457236K) : Applying implicit connections (case-sensitive, pattern supported) for nets: iovss, iovdd, vss, vdd, pad, cathode, anode
2026-08-10 17:40:07 +0200: Memory Usage (458644K) : Netlist file: /foss/designs/ihp-open-pdk-regression/IOPADS/netlist/pads_sub/sg13g2_IOPadInOut4mA.spi
2026-08-10 17:40:07 +0200: Memory Usage (458644K) : LVS extracted netlist at: /foss/designs/ihp-open-pdk-regression/IOPADS/lvs_sweep/20260810_173932/sg13g2_IOPadInOut4mA/sg13g2_IOPadInOut4mA_extracted.cir
2026-08-10 17:40:07 +0200: Memory Usage (458644K) : Applying SRAM integration support.
2026-08-10 17:40:07 +0200: Memory Usage (458644K) : Starting SG13G2 LVS runset
2026-08-10 17:40:07 +0200: Memory Usage (458644K) : Read in polygons from layers.
2026-08-10 17:40:07 +0200: Memory Usage (460308K) : activ_drw has 113 polygons
2026-08-10 17:40:07 +0200: Memory Usage (460308K) : activ_filler has 0 polygons
2026-08-10 17:40:07 +0200: Memory Usage (460308K) : activ has 113 polygons
2026-08-10 17:40:07 +0200: Memory Usage (460308K) : activ_pin has 0 polygons
2026-08-10 17:40:07 +0200: Memory Usage (460308K) : activ_mask has 0 polygons
2026-08-10 17:40:07 +0200: Memory Usage (460436K) : activ_nofill has 0 polygons
2026-08-10 17:40:07 +0200: Memory Usage (460436K) : activ_OPC has 0 polygons
2026-08-10 17:40:07 +0200: Memory Usage (460564K) : activ_iOPC has 0 polygons
2026-08-10 17:40:07 +0200: Memory Usage (460564K) : activ_noqrc has 0 polygons
2026-08-10 17:40:07 +0200: Memory Usage (460692K) : biwind_drw has 0 polygons
2026-08-10 17:40:07 +0200: Memory Usage (460692K) : biwind_OPC has 0 polygons
2026-08-10 17:40:07 +0200: Memory Usage (460820K) : gatpoly_drw has 43 polygons
2026-08-10 17:40:07 +0200: Memory Usage (460820K) : gatpoly_filler has 0 polygons
2026-08-10 17:40:07 +0200: Memory Usage (460948K) : gatpoly has 43 polygons
2026-08-10 17:40:07 +0200: Memory Usage (460948K) : gatpoly_pin has 6 polygons
2026-08-10 17:40:07 +0200: Memory Usage (461076K) : gatpoly_nofill has 0 polygons
2026-08-10 17:40:07 +0200: Memory Usage (461204K) : gatpoly_OPC has 0 polygons
2026-08-10 17:40:07 +0200: Memory Usage (461204K) : gatpoly_iOPC has 0 polygons
2026-08-10 17:40:07 +0200: Memory Usage (461332K) : gatpoly_noqrc has 0 polygons
2026-08-10 17:40:07 +0200: Memory Usage (462868K) : cont_drw has 46286 polygons
2026-08-10 17:40:07 +0200: Memory Usage (462868K) : cont_OPC has 0 polygons
2026-08-10 17:40:07 +0200: Memory Usage (462868K) : nsd_drw has 0 polygons
2026-08-10 17:40:07 +0200: Memory Usage (462868K) : nsd_block has 0 polygons
2026-08-10 17:40:07 +0200: Memory Usage (462868K) : metal1_drw has 233 polygons
2026-08-10 17:40:07 +0200: Memory Usage (462868K) : metal1_filler has 0 polygons
2026-08-10 17:40:07 +0200: Memory Usage (462868K) : metal1_slit has 0 polygons
2026-08-10 17:40:07 +0200: Memory Usage (463252K) : metal1 has 233 polygons
2026-08-10 17:40:07 +0200: Memory Usage (463252K) : metal1_pin has 58 polygons
2026-08-10 17:40:07 +0200: Memory Usage (463252K) : metal1_mask has 0 polygons
2026-08-10 17:40:07 +0200: Memory Usage (463252K) : metal1_nofill has 0 polygons
2026-08-10 17:40:07 +0200: Memory Usage (463508K) : metal1_text has 47 polygons
2026-08-10 17:40:07 +0200: Memory Usage (463508K) : metal1_OPC has 0 polygons
2026-08-10 17:40:07 +0200: Memory Usage (463508K) : metal1_noqrc has 0 polygons
2026-08-10 17:40:07 +0200: Memory Usage (463636K) : metal1_res has 0 polygons
2026-08-10 17:40:07 +0200: Memory Usage (463636K) : metal1_iprobe has 0 polygons
2026-08-10 17:40:07 +0200: Memory Usage (463764K) : metal1_diffprb has 0 polygons
2026-08-10 17:40:07 +0200: Memory Usage (463764K) : passiv_drw has 0 polygons
2026-08-10 17:40:07 +0200: Memory Usage (463892K) : passiv_pin has 0 polygons
2026-08-10 17:40:07 +0200: Memory Usage (463892K) : passiv_sbump has 0 polygons
2026-08-10 17:40:07 +0200: Memory Usage (464020K) : passiv_pillar has 0 polygons
2026-08-10 17:40:07 +0200: Memory Usage (464020K) : passiv_pdl has 0 polygons
2026-08-10 17:40:07 +0200: Memory Usage (464276K) : metal2_drw has 66 polygons
2026-08-10 17:40:07 +0200: Memory Usage (464404K) : metal2_filler has 0 polygons
2026-08-10 17:40:07 +0200: Memory Usage (464404K) : metal2_slit has 0 polygons
2026-08-10 17:40:07 +0200: Memory Usage (464532K) : metal2 has 66 polygons
2026-08-10 17:40:07 +0200: Memory Usage (464660K) : metal2_pin has 21 polygons
2026-08-10 17:40:07 +0200: Memory Usage (464660K) : metal2_mask has 0 polygons
2026-08-10 17:40:07 +0200: Memory Usage (464788K) : metal2_nofill has 0 polygons
2026-08-10 17:40:07 +0200: Memory Usage (464788K) : metal2_text has 21 polygons
2026-08-10 17:40:07 +0200: Memory Usage (464788K) : metal2_OPC has 0 polygons
2026-08-10 17:40:07 +0200: Memory Usage (464916K) : metal2_noqrc has 0 polygons
2026-08-10 17:40:07 +0200: Memory Usage (464916K) : metal2_res has 0 polygons
2026-08-10 17:40:07 +0200: Memory Usage (464916K) : metal2_iprobe has 0 polygons
2026-08-10 17:40:07 +0200: Memory Usage (465044K) : metal2_diffprb has 0 polygons
2026-08-10 17:40:07 +0200: Memory Usage (465044K) : baspoly_drw has 0 polygons
2026-08-10 17:40:07 +0200: Memory Usage (465044K) : baspoly_pin has 0 polygons
2026-08-10 17:40:07 +0200: Memory Usage (465172K) : psd_drw has 46 polygons
2026-08-10 17:40:07 +0200: Memory Usage (465172K) : nldb_drw has 0 polygons
2026-08-10 17:40:07 +0200: Memory Usage (465172K) : digibnd_drw has 0 polygons
2026-08-10 17:40:07 +0200: Memory Usage (465300K) : via1_drw has 1613 polygons
2026-08-10 17:40:07 +0200: Memory Usage (465428K) : backmetal1_drw has 0 polygons
2026-08-10 17:40:07 +0200: Memory Usage (465428K) : backmetal1_pin has 0 polygons
2026-08-10 17:40:07 +0200: Memory Usage (465556K) : backmetal1_mask has 0 polygons
2026-08-10 17:40:07 +0200: Memory Usage (465556K) : backmetal1_filler has 0 polygons
2026-08-10 17:40:07 +0200: Memory Usage (465684K) : backmetal1_nofill has 0 polygons
2026-08-10 17:40:07 +0200: Memory Usage (465684K) : backmetal1_slit has 0 polygons
2026-08-10 17:40:07 +0200: Memory Usage (465812K) : backmetal1_text has 0 polygons
2026-08-10 17:40:07 +0200: Memory Usage (465812K) : backmetal1_OPC has 0 polygons
2026-08-10 17:40:07 +0200: Memory Usage (465940K) : backmetal1_noqrc has 0 polygons
2026-08-10 17:40:07 +0200: Memory Usage (465940K) : backmetal1_res has 0 polygons
2026-08-10 17:40:07 +0200: Memory Usage (466068K) : backmetal1_iprobe has 0 polygons
2026-08-10 17:40:07 +0200: Memory Usage (466068K) : backmetal1_diffprb has 0 polygons
2026-08-10 17:40:07 +0200: Memory Usage (466196K) : backpassiv_drw has 0 polygons
2026-08-10 17:40:07 +0200: Memory Usage (466196K) : res_drw has 0 polygons
2026-08-10 17:40:07 +0200: Memory Usage (466324K) : sram_drw has 0 polygons
2026-08-10 17:40:07 +0200: Memory Usage (466452K) : trans_drw has 0 polygons
2026-08-10 17:40:07 +0200: Memory Usage (466452K) : ind_drw has 0 polygons
2026-08-10 17:40:07 +0200: Memory Usage (466580K) : ind_pin has 0 polygons
2026-08-10 17:40:07 +0200: Memory Usage (466580K) : ind_text has 0 polygons
2026-08-10 17:40:07 +0200: Memory Usage (466708K) : salblock_drw has 1 polygons
2026-08-10 17:40:07 +0200: Memory Usage (466708K) : via2_drw has 1229 polygons
2026-08-10 17:40:07 +0200: Memory Usage (466836K) : metal3_drw has 15 polygons
2026-08-10 17:40:07 +0200: Memory Usage (466964K) : metal3_filler has 0 polygons
2026-08-10 17:40:07 +0200: Memory Usage (466964K) : metal3_slit has 0 polygons
2026-08-10 17:40:07 +0200: Memory Usage (467092K) : metal3 has 15 polygons
2026-08-10 17:40:07 +0200: Memory Usage (467220K) : metal3_pin has 11 polygons
2026-08-10 17:40:07 +0200: Memory Usage (467220K) : metal3_mask has 0 polygons
2026-08-10 17:40:07 +0200: Memory Usage (467220K) : metal3_nofill has 0 polygons
2026-08-10 17:40:07 +0200: Memory Usage (467348K) : metal3_text has 11 polygons
2026-08-10 17:40:07 +0200: Memory Usage (467348K) : metal3_OPC has 0 polygons
2026-08-10 17:40:07 +0200: Memory Usage (467348K) : metal3_noqrc has 0 polygons
2026-08-10 17:40:07 +0200: Memory Usage (467476K) : metal3_res has 0 polygons
2026-08-10 17:40:07 +0200: Memory Usage (467476K) : metal3_iprobe has 0 polygons
2026-08-10 17:40:07 +0200: Memory Usage (467604K) : metal3_diffprb has 0 polygons
2026-08-10 17:40:07 +0200: Memory Usage (467604K) : nwell_drw has 29 polygons
2026-08-10 17:40:07 +0200: Memory Usage (467732K) : nwell_pin has 0 polygons
2026-08-10 17:40:07 +0200: Memory Usage (467732K) : nwell_text has 0 polygons
2026-08-10 17:40:07 +0200: Memory Usage (467860K) : nbulay_drw has 0 polygons
2026-08-10 17:40:07 +0200: Memory Usage (467860K) : nbulay_pin has 0 polygons
2026-08-10 17:40:07 +0200: Memory Usage (467988K) : nbulay_block has 0 polygons
2026-08-10 17:40:07 +0200: Memory Usage (467988K) : emwind_drw has 0 polygons
2026-08-10 17:40:07 +0200: Memory Usage (468116K) : emwind_OPC has 0 polygons
2026-08-10 17:40:07 +0200: Memory Usage (468116K) : deepco_drw has 0 polygons
2026-08-10 17:40:07 +0200: Memory Usage (468244K) : mim_drw has 0 polygons
2026-08-10 17:40:07 +0200: Memory Usage (468244K) : edgeseal_drw has 0 polygons
2026-08-10 17:40:07 +0200: Memory Usage (468372K) : substrate_drw has 33 polygons
2026-08-10 17:40:07 +0200: Memory Usage (468372K) : substrate_text has 0 polygons
2026-08-10 17:40:07 +0200: Memory Usage (468500K) : dfpad_drw has 0 polygons
2026-08-10 17:40:07 +0200: Memory Usage (468500K) : dfpad_pillar has 0 polygons
2026-08-10 17:40:07 +0200: Memory Usage (468628K) : dfpad_sbump has 0 polygons
2026-08-10 17:40:07 +0200: Memory Usage (468628K) : thickgateox_drw has 8 polygons
2026-08-10 17:40:07 +0200: Memory Usage (468756K) : pldb_drw has 0 polygons
2026-08-10 17:40:07 +0200: Memory Usage (468884K) : pwell_drw has 0 polygons
2026-08-10 17:40:07 +0200: Memory Usage (468884K) : pwell_pin has 0 polygons
2026-08-10 17:40:07 +0200: Memory Usage (469012K) : pwell_block has 0 polygons
2026-08-10 17:40:07 +0200: Memory Usage (469012K) : ic_drw has 0 polygons
2026-08-10 17:40:07 +0200: Memory Usage (469140K) : via3_drw has 2087 polygons
2026-08-10 17:40:07 +0200: Memory Usage (469268K) : metal4_drw has 8 polygons
2026-08-10 17:40:07 +0200: Memory Usage (469268K) : metal4_filler has 0 polygons
2026-08-10 17:40:07 +0200: Memory Usage (469396K) : metal4_slit has 0 polygons
2026-08-10 17:40:07 +0200: Memory Usage (469524K) : metal4 has 8 polygons
2026-08-10 17:40:07 +0200: Memory Usage (469524K) : metal4_pin has 8 polygons
2026-08-10 17:40:07 +0200: Memory Usage (469652K) : metal4_mask has 0 polygons
2026-08-10 17:40:07 +0200: Memory Usage (469652K) : metal4_nofill has 0 polygons
2026-08-10 17:40:07 +0200: Memory Usage (469780K) : metal4_text has 8 polygons
2026-08-10 17:40:07 +0200: Memory Usage (469780K) : metal4_OPC has 0 polygons
2026-08-10 17:40:07 +0200: Memory Usage (469908K) : metal4_noqrc has 0 polygons
2026-08-10 17:40:07 +0200: Memory Usage (469908K) : metal4_res has 0 polygons
2026-08-10 17:40:07 +0200: Memory Usage (470036K) : metal4_iprobe has 0 polygons
2026-08-10 17:40:07 +0200: Memory Usage (470036K) : metal4_diffprb has 0 polygons
2026-08-10 17:40:07 +0200: Memory Usage (470164K) : heattrans_drw has 6 polygons
2026-08-10 17:40:07 +0200: Memory Usage (470164K) : heatres_drw has 0 polygons
2026-08-10 17:40:07 +0200: Memory Usage (470292K) : fbe_drw has 0 polygons
2026-08-10 17:40:07 +0200: Memory Usage (470420K) : empoly_drw has 0 polygons
2026-08-10 17:40:07 +0200: Memory Usage (470420K) : digisub_drw has 0 polygons
2026-08-10 17:40:07 +0200: Memory Usage (470548K) : text_drw has 30 polygons
2026-08-10 17:40:07 +0200: Memory Usage (470548K) : via4_drw has 2371 polygons
2026-08-10 17:40:07 +0200: Memory Usage (470676K) : metal5_drw has 8 polygons
2026-08-10 17:40:07 +0200: Memory Usage (470804K) : metal5_filler has 0 polygons
2026-08-10 17:40:07 +0200: Memory Usage (470804K) : metal5_slit has 0 polygons
2026-08-10 17:40:07 +0200: Memory Usage (470932K) : metal5 has 8 polygons
2026-08-10 17:40:07 +0200: Memory Usage (471060K) : metal5_pin has 8 polygons
2026-08-10 17:40:07 +0200: Memory Usage (471060K) : metal5_mask has 0 polygons
2026-08-10 17:40:07 +0200: Memory Usage (471188K) : metal5_nofill has 0 polygons
2026-08-10 17:40:07 +0200: Memory Usage (471188K) : metal5_text has 8 polygons
2026-08-10 17:40:07 +0200: Memory Usage (471316K) : metal5_OPC has 0 polygons
2026-08-10 17:40:07 +0200: Memory Usage (471316K) : metal5_noqrc has 0 polygons
2026-08-10 17:40:07 +0200: Memory Usage (471444K) : metal5_res has 0 polygons
2026-08-10 17:40:07 +0200: Memory Usage (471444K) : metal5_iprobe has 0 polygons
2026-08-10 17:40:07 +0200: Memory Usage (471572K) : metal5_diffprb has 0 polygons
2026-08-10 17:40:07 +0200: Memory Usage (471572K) : radhard_drw has 0 polygons
2026-08-10 17:40:07 +0200: Memory Usage (471700K) : memcap_drw has 0 polygons
2026-08-10 17:40:07 +0200: Memory Usage (471700K) : varicap_drw has 0 polygons
2026-08-10 17:40:07 +0200: Memory Usage (471828K) : intbondvia_drw has 0 polygons
2026-08-10 17:40:07 +0200: Memory Usage (471956K) : intbondmet_drw has 0 polygons
2026-08-10 17:40:07 +0200: Memory Usage (471956K) : devbondvia_drw has 0 polygons
2026-08-10 17:40:07 +0200: Memory Usage (472084K) : devbondmet_drw has 0 polygons
2026-08-10 17:40:07 +0200: Memory Usage (472084K) : devtrench_drw has 0 polygons
2026-08-10 17:40:07 +0200: Memory Usage (472212K) : redist_drw has 0 polygons
2026-08-10 17:40:07 +0200: Memory Usage (472212K) : graphbot_drw has 0 polygons
2026-08-10 17:40:07 +0200: Memory Usage (472212K) : graphtop_drw has 0 polygons
2026-08-10 17:40:07 +0200: Memory Usage (472212K) : antvia1_drw has 0 polygons
2026-08-10 17:40:07 +0200: Memory Usage (472212K) : antmetal2_drw has 0 polygons
2026-08-10 17:40:07 +0200: Memory Usage (472212K) : graphcont_drw has 0 polygons
2026-08-10 17:40:07 +0200: Memory Usage (472212K) : siwg_drw has 0 polygons
2026-08-10 17:40:07 +0200: Memory Usage (472212K) : siwg_filler has 0 polygons
2026-08-10 17:40:07 +0200: Memory Usage (472212K) : siwg_nofill has 0 polygons
2026-08-10 17:40:07 +0200: Memory Usage (472212K) : sigrating_drw has 0 polygons
2026-08-10 17:40:07 +0200: Memory Usage (472212K) : singrating_drw has 0 polygons
2026-08-10 17:40:07 +0200: Memory Usage (472212K) : graphpas_drw has 0 polygons
2026-08-10 17:40:07 +0200: Memory Usage (472212K) : emwind3_drw has 0 polygons
2026-08-10 17:40:07 +0200: Memory Usage (472212K) : emwihv3_drw has 0 polygons
2026-08-10 17:40:07 +0200: Memory Usage (472212K) : redbulay_drw has 0 polygons
2026-08-10 17:40:07 +0200: Memory Usage (472212K) : smos_drw has 0 polygons
2026-08-10 17:40:07 +0200: Memory Usage (472212K) : graphpad_drw has 0 polygons
2026-08-10 17:40:07 +0200: Memory Usage (472212K) : polimide_drw has 0 polygons
2026-08-10 17:40:07 +0200: Memory Usage (472212K) : polimide_pin has 0 polygons
2026-08-10 17:40:07 +0200: Memory Usage (472212K) : recog_drw has 0 polygons
2026-08-10 17:40:07 +0200: Memory Usage (472212K) : recog_pin has 0 polygons
2026-08-10 17:40:07 +0200: Memory Usage (472212K) : recog_esd has 0 polygons
2026-08-10 17:40:07 +0200: Memory Usage (472212K) : recog_diode has 8 polygons
2026-08-10 17:40:07 +0200: Memory Usage (472212K) : recog_tsv has 0 polygons
2026-08-10 17:40:07 +0200: Memory Usage (472212K) : recog_iprobe has 0 polygons
2026-08-10 17:40:07 +0200: Memory Usage (472212K) : recog_diffprb has 0 polygons
2026-08-10 17:40:07 +0200: Memory Usage (472212K) : recog_pillar has 0 polygons
2026-08-10 17:40:07 +0200: Memory Usage (472212K) : recog_sbump has 0 polygons
2026-08-10 17:40:07 +0200: Memory Usage (472212K) : recog_otp has 0 polygons
2026-08-10 17:40:07 +0200: Memory Usage (472212K) : recog_pdiode has 0 polygons
2026-08-10 17:40:07 +0200: Memory Usage (472212K) : recog_mom has 0 polygons
2026-08-10 17:40:08 +0200: Memory Usage (472212K) : recog_pcm has 0 polygons
2026-08-10 17:40:08 +0200: Memory Usage (472212K) : colopen_drw has 0 polygons
2026-08-10 17:40:08 +0200: Memory Usage (472212K) : graphmetal1_drw has 0 polygons
2026-08-10 17:40:08 +0200: Memory Usage (472212K) : graphmetal1_filler has 0 polygons
2026-08-10 17:40:08 +0200: Memory Usage (472212K) : graphmetal1_nofill has 0 polygons
2026-08-10 17:40:08 +0200: Memory Usage (472212K) : graphmetal1_slit has 0 polygons
2026-08-10 17:40:08 +0200: Memory Usage (472212K) : graphmetal1_OPC has 0 polygons
2026-08-10 17:40:08 +0200: Memory Usage (472212K) : graphmet1l_drw has 0 polygons
2026-08-10 17:40:08 +0200: Memory Usage (472212K) : graphmet1l_filler has 0 polygons
2026-08-10 17:40:08 +0200: Memory Usage (472212K) : graphmet1l_nofill has 0 polygons
2026-08-10 17:40:08 +0200: Memory Usage (472212K) : graphmet1l_slit has 0 polygons
2026-08-10 17:40:08 +0200: Memory Usage (472212K) : graphmet1l_OPC has 0 polygons
2026-08-10 17:40:08 +0200: Memory Usage (472212K) : extblock_drw has 1 polygons
2026-08-10 17:40:08 +0200: Memory Usage (472212K) : nldd_drw has 0 polygons
2026-08-10 17:40:08 +0200: Memory Usage (472212K) : pldd_drw has 0 polygons
2026-08-10 17:40:08 +0200: Memory Usage (472212K) : next_drw has 0 polygons
2026-08-10 17:40:08 +0200: Memory Usage (472212K) : pext_drw has 0 polygons
2026-08-10 17:40:08 +0200: Memory Usage (472212K) : nexthv_drw has 0 polygons
2026-08-10 17:40:08 +0200: Memory Usage (472212K) : pexthv_drw has 0 polygons
2026-08-10 17:40:08 +0200: Memory Usage (472212K) : graphgate_drw has 0 polygons
2026-08-10 17:40:08 +0200: Memory Usage (472212K) : sinwg_drw has 0 polygons
2026-08-10 17:40:08 +0200: Memory Usage (472212K) : sinwg_filler has 0 polygons
2026-08-10 17:40:08 +0200: Memory Usage (472212K) : sinwg_nofill has 0 polygons
2026-08-10 17:40:08 +0200: Memory Usage (472212K) : mempad_drw has 0 polygons
2026-08-10 17:40:08 +0200: Memory Usage (472212K) : topvia1_drw has 2315 polygons
2026-08-10 17:40:08 +0200: Memory Usage (472212K) : topmetal1_drw has 8 polygons
2026-08-10 17:40:08 +0200: Memory Usage (472212K) : topmetal1_filler has 0 polygons
2026-08-10 17:40:08 +0200: Memory Usage (472212K) : topmetal1_slit has 0 polygons
2026-08-10 17:40:08 +0200: Memory Usage (472212K) : topmetal1 has 8 polygons
2026-08-10 17:40:08 +0200: Memory Usage (472212K) : topmetal1_pin has 8 polygons
2026-08-10 17:40:08 +0200: Memory Usage (472212K) : topmetal1_mask has 0 polygons
2026-08-10 17:40:08 +0200: Memory Usage (472212K) : topmetal1_nofill has 0 polygons
2026-08-10 17:40:08 +0200: Memory Usage (472212K) : topmetal1_text has 8 polygons
2026-08-10 17:40:08 +0200: Memory Usage (472212K) : topmetal1_noqrc has 0 polygons
2026-08-10 17:40:08 +0200: Memory Usage (472212K) : topmetal1_res has 0 polygons
2026-08-10 17:40:08 +0200: Memory Usage (472212K) : topmetal1_iprobe has 0 polygons
2026-08-10 17:40:08 +0200: Memory Usage (472212K) : topmetal1_diffprb has 0 polygons
2026-08-10 17:40:08 +0200: Memory Usage (472212K) : inldpwl_drw has 0 polygons
2026-08-10 17:40:08 +0200: Memory Usage (472212K) : polyres_drw has 1 polygons
2026-08-10 17:40:08 +0200: Memory Usage (472212K) : polyres_pin has 0 polygons
2026-08-10 17:40:08 +0200: Memory Usage (472212K) : vmim_drw has 0 polygons
2026-08-10 17:40:08 +0200: Memory Usage (472212K) : nbulaycut_drw has 0 polygons
2026-08-10 17:40:08 +0200: Memory Usage (472212K) : antmetal1_drw has 0 polygons
2026-08-10 17:40:08 +0200: Memory Usage (472212K) : topvia2_drw has 1593 polygons
2026-08-10 17:40:08 +0200: Memory Usage (472212K) : topmetal2_drw has 6 polygons
2026-08-10 17:40:08 +0200: Memory Usage (472212K) : topmetal2_filler has 0 polygons
2026-08-10 17:40:08 +0200: Memory Usage (472212K) : topmetal2_slit has 0 polygons
2026-08-10 17:40:08 +0200: Memory Usage (472212K) : topmetal2 has 6 polygons
2026-08-10 17:40:08 +0200: Memory Usage (472212K) : topmetal2_pin has 6 polygons
2026-08-10 17:40:08 +0200: Memory Usage (472212K) : topmetal2_mask has 0 polygons
2026-08-10 17:40:08 +0200: Memory Usage (472212K) : topmetal2_nofill has 0 polygons
2026-08-10 17:40:08 +0200: Memory Usage (472212K) : topmetal2_text has 6 polygons
2026-08-10 17:40:08 +0200: Memory Usage (472212K) : topmetal2_noqrc has 0 polygons
2026-08-10 17:40:08 +0200: Memory Usage (472212K) : topmetal2_res has 0 polygons
2026-08-10 17:40:08 +0200: Memory Usage (472212K) : topmetal2_iprobe has 0 polygons
2026-08-10 17:40:08 +0200: Memory Usage (472212K) : topmetal2_diffprb has 0 polygons
2026-08-10 17:40:08 +0200: Memory Usage (472212K) : snsring_drw has 0 polygons
2026-08-10 17:40:08 +0200: Memory Usage (472212K) : sensor_drw has 0 polygons
2026-08-10 17:40:08 +0200: Memory Usage (472212K) : snsarms_drw has 0 polygons
2026-08-10 17:40:08 +0200: Memory Usage (472212K) : snscmosvia_drw has 0 polygons
2026-08-10 17:40:08 +0200: Memory Usage (472212K) : colwind_drw has 0 polygons
2026-08-10 17:40:08 +0200: Memory Usage (472212K) : flm_drw has 0 polygons
2026-08-10 17:40:08 +0200: Memory Usage (472212K) : hafniumox_drw has 0 polygons
2026-08-10 17:40:08 +0200: Memory Usage (472212K) : memvia_drw has 0 polygons
2026-08-10 17:40:08 +0200: Memory Usage (472212K) : thinfilmres_drw has 0 polygons
2026-08-10 17:40:08 +0200: Memory Usage (472212K) : rfmem_drw has 0 polygons
2026-08-10 17:40:08 +0200: Memory Usage (472212K) : norcx_drw has 0 polygons
2026-08-10 17:40:08 +0200: Memory Usage (472212K) : norcx_m2m3 has 0 polygons
2026-08-10 17:40:08 +0200: Memory Usage (472212K) : norcx_m2m4 has 0 polygons
2026-08-10 17:40:08 +0200: Memory Usage (472212K) : norcx_m2m5 has 0 polygons
2026-08-10 17:40:08 +0200: Memory Usage (472212K) : norcx_m2tm1 has 0 polygons
2026-08-10 17:40:08 +0200: Memory Usage (472212K) : norcx_m2tm2 has 0 polygons
2026-08-10 17:40:08 +0200: Memory Usage (472212K) : norcx_m3m4 has 0 polygons
2026-08-10 17:40:08 +0200: Memory Usage (472212K) : norcx_m3m5 has 0 polygons
2026-08-10 17:40:08 +0200: Memory Usage (472212K) : norcx_m3tm1 has 0 polygons
2026-08-10 17:40:08 +0200: Memory Usage (472212K) : norcx_m3tm2 has 0 polygons
2026-08-10 17:40:08 +0200: Memory Usage (472212K) : norcx_m4m5 has 0 polygons
2026-08-10 17:40:08 +0200: Memory Usage (472212K) : norcx_m4tm1 has 0 polygons
2026-08-10 17:40:08 +0200: Memory Usage (472212K) : norcx_m4tm2 has 0 polygons
2026-08-10 17:40:08 +0200: Memory Usage (472212K) : norcx_m5tm1 has 0 polygons
2026-08-10 17:40:08 +0200: Memory Usage (472212K) : norcx_m5tm2 has 0 polygons
2026-08-10 17:40:08 +0200: Memory Usage (472212K) : norcx_tm1tm2 has 0 polygons
2026-08-10 17:40:08 +0200: Memory Usage (472212K) : norcx_m1sub has 0 polygons
2026-08-10 17:40:08 +0200: Memory Usage (472212K) : norcx_m2sub has 0 polygons
2026-08-10 17:40:08 +0200: Memory Usage (472212K) : norcx_m3sub has 0 polygons
2026-08-10 17:40:08 +0200: Memory Usage (472212K) : norcx_m4sub has 0 polygons
2026-08-10 17:40:08 +0200: Memory Usage (472212K) : norcx_m5sub has 0 polygons
2026-08-10 17:40:08 +0200: Memory Usage (472212K) : norcx_tm1sub has 0 polygons
2026-08-10 17:40:08 +0200: Memory Usage (472212K) : norcx_tm2sub has 0 polygons
2026-08-10 17:40:08 +0200: Memory Usage (472212K) : snsbotvia_drw has 0 polygons
2026-08-10 17:40:08 +0200: Memory Usage (472212K) : snstopvia_drw has 0 polygons
2026-08-10 17:40:08 +0200: Memory Usage (472212K) : deepvia_drw has 0 polygons
2026-08-10 17:40:08 +0200: Memory Usage (472212K) : fgetch_drw has 0 polygons
2026-08-10 17:40:08 +0200: Memory Usage (472212K) : ctrgat_drw has 0 polygons
2026-08-10 17:40:08 +0200: Memory Usage (472212K) : fgimp_drw has 0 polygons
2026-08-10 17:40:08 +0200: Memory Usage (472212K) : emwihv_drw has 0 polygons
2026-08-10 17:40:08 +0200: Memory Usage (472212K) : lbe_drw has 0 polygons
2026-08-10 17:40:08 +0200: Memory Usage (472212K) : alcustop_drw has 0 polygons
2026-08-10 17:40:08 +0200: Memory Usage (472212K) : nometfiller_drw has 0 polygons
2026-08-10 17:40:08 +0200: Memory Usage (472212K) : prboundary_drw has 0 polygons
2026-08-10 17:40:08 +0200: Memory Usage (472212K) : exchange0_drw has 0 polygons
2026-08-10 17:40:08 +0200: Memory Usage (472212K) : exchange0_pin has 0 polygons
2026-08-10 17:40:08 +0200: Memory Usage (472212K) : exchange0_text has 0 polygons
2026-08-10 17:40:08 +0200: Memory Usage (472212K) : exchange1_drw has 0 polygons
2026-08-10 17:40:08 +0200: Memory Usage (472212K) : exchange1_pin has 0 polygons
2026-08-10 17:40:08 +0200: Memory Usage (472212K) : exchange1_text has 0 polygons
2026-08-10 17:40:08 +0200: Memory Usage (472212K) : exchange2_drw has 0 polygons
2026-08-10 17:40:08 +0200: Memory Usage (472212K) : exchange2_pin has 0 polygons
2026-08-10 17:40:08 +0200: Memory Usage (472212K) : exchange2_text has 0 polygons
2026-08-10 17:40:08 +0200: Memory Usage (472212K) : exchange3_drw has 0 polygons
2026-08-10 17:40:08 +0200: Memory Usage (472212K) : exchange3_pin has 0 polygons
2026-08-10 17:40:08 +0200: Memory Usage (472212K) : exchange3_text has 0 polygons
2026-08-10 17:40:08 +0200: Memory Usage (472212K) : exchange4_drw has 0 polygons
2026-08-10 17:40:08 +0200: Memory Usage (472212K) : exchange4_pin has 0 polygons
2026-08-10 17:40:08 +0200: Memory Usage (472212K) : exchange4_text has 0 polygons
2026-08-10 17:40:08 +0200: Memory Usage (472212K) : isonwell_drw has 0 polygons
2026-08-10 17:40:08 +0200: Memory Usage (472212K) : Total no. of polygons in the design is 58392
2026-08-10 17:40:08 +0200: Memory Usage (472212K) : Starting base layers derivations
2026-08-10 17:40:08 +0200: Memory Usage (472212K) : Starting general LVS derivations
2026-08-10 17:40:08 +0200: Memory Usage (478740K) : Starting MOSFET DERIVATIONS
2026-08-10 17:40:08 +0200: Memory Usage (479880K) : Starting NMOS DERIVATIONS
2026-08-10 17:40:08 +0200: Memory Usage (479880K) : Starting PMOS DERIVATIONS
2026-08-10 17:40:08 +0200: Memory Usage (479880K) : Starting RF-MOSFET DERIVATIONS
2026-08-10 17:40:08 +0200: Memory Usage (479880K) : Starting RF-NMOS DERIVATIONS
2026-08-10 17:40:08 +0200: Memory Usage (479880K) : Starting RF-PMOS DERIVATIONS
2026-08-10 17:40:08 +0200: Memory Usage (479880K) : Starting BJT DERIVATIONS
2026-08-10 17:40:08 +0200: Memory Usage (479880K) : Starting NPN-BJT DERIVATIONS
2026-08-10 17:40:09 +0200: Memory Usage (479880K) : Starting PNP-BJT DERIVATIONS
2026-08-10 17:40:09 +0200: Memory Usage (479880K) : Starting DIODE DERIVATIONS
2026-08-10 17:40:09 +0200: Memory Usage (479444K) : Starting RESISTOR DERIVATIONS
2026-08-10 17:40:10 +0200: Memory Usage (479700K) : Starting CAP DERIVATIONS
2026-08-10 17:40:10 +0200: Memory Usage (479700K) : Starting CAP_CMOM DERIVATIONS
2026-08-10 17:40:10 +0200: Memory Usage (479700K) : Starting ESD DERIVATIONS
2026-08-10 17:40:11 +0200: Memory Usage (479700K) : Starting Inductor DERIVATIONS
2026-08-10 17:40:11 +0200: Memory Usage (479700K) : Starting Taps DERIVATIONS
2026-08-10 17:40:11 +0200: Memory Usage (479828K) : Starting SG13G2 LVS connectivity setup
2026-08-10 17:40:11 +0200: Memory Usage (479828K) : Starting SG13G2 LVS connectivity setup (Inter-layer)
2026-08-10 17:40:11 +0200: Memory Usage (479956K) : Starting SG13G2 LVS connectivity setup (Global)
2026-08-10 17:40:11 +0200: Memory Usage (479956K) : Starting LVS MOSFET CONNECTIONS
2026-08-10 17:40:11 +0200: Memory Usage (479956K) : Starting LVS RF-MOSFET CONNECTIONS
2026-08-10 17:40:11 +0200: Memory Usage (479956K) : Starting LVS BJT CONNECTIONS
2026-08-10 17:40:11 +0200: Memory Usage (479956K) : Starting LVS DIODE CONNECTIONS
2026-08-10 17:40:11 +0200: Memory Usage (479956K) : Starting RESISTOR CONNECTIONS
2026-08-10 17:40:11 +0200: Memory Usage (479956K) : Starting LVS CAP CONNECTIONS
2026-08-10 17:40:11 +0200: Memory Usage (479956K) : Starting CAP_CMOM CONNECTIONS
2026-08-10 17:40:11 +0200: Memory Usage (479956K) : Starting ESD CONNECTIONS
2026-08-10 17:40:11 +0200: Memory Usage (479956K) : Starting Inductor CONNECTIONS
2026-08-10 17:40:11 +0200: Memory Usage (479956K) : Starting LVS Taps CONNECTIONS
2026-08-10 17:40:11 +0200: Memory Usage (479956K) : Starting SG13G2 LVS DEVICES EXTRACTION
2026-08-10 17:40:11 +0200: Memory Usage (479956K) : Starting MOSFET EXTRACTION
2026-08-10 17:40:11 +0200: Memory Usage (479956K) : Starting NMOS EXTRACTION
2026-08-10 17:40:11 +0200: Memory Usage (479956K) : Extraction of NMOS-LV transistor
2026-08-10 17:40:11 +0200: Memory Usage (479956K) : Extraction of NMOS-HV transistor
2026-08-10 17:40:11 +0200: Memory Usage (480084K) : Starting PMOS EXTRACTION
2026-08-10 17:40:11 +0200: Memory Usage (480084K) : Extraction of PMOS-LV transistor
2026-08-10 17:40:11 +0200: Memory Usage (480084K) : Extraction of PMOS-HV transistor
2026-08-10 17:40:11 +0200: Memory Usage (480084K) : Starting RF-MOSFET EXTRACTION
2026-08-10 17:40:11 +0200: Memory Usage (480084K) : Extraction of RF-NMOS-LV transistor
2026-08-10 17:40:11 +0200: Memory Usage (480084K) : Extraction of RF-NMOS-HV transistor
2026-08-10 17:40:11 +0200: Memory Usage (480084K) : Extraction of RF-PMOS-LV transistor
2026-08-10 17:40:11 +0200: Memory Usage (480084K) : Extraction of RF-PMOS-HV transistor
2026-08-10 17:40:11 +0200: Memory Usage (480084K) : Starting BJT EXTRACTION
2026-08-10 17:40:11 +0200: Memory Usage (480084K) : Starting NPN-BJT EXTRACTION
2026-08-10 17:40:11 +0200: Memory Usage (480084K) : Extraction of npn13G2 BJT transistor
2026-08-10 17:40:11 +0200: Memory Usage (480084K) : Extraction of npn13G2L BJT transistor
2026-08-10 17:40:11 +0200: Memory Usage (480084K) : Extraction of npn13G2V BJT transistor
2026-08-10 17:40:11 +0200: Memory Usage (480084K) : Starting PNP-BJT EXTRACTION
2026-08-10 17:40:11 +0200: Memory Usage (480084K) : Extracting pnpMPA BJT
2026-08-10 17:40:11 +0200: Memory Usage (480084K) : Starting DIODE EXTRACTION
2026-08-10 17:40:11 +0200: Memory Usage (480084K) : Extracting dantenna diode
2026-08-10 17:40:11 +0200: Memory Usage (480084K) : Extracting dpantenna diode
2026-08-10 17:40:11 +0200: Memory Usage (480084K) : Extracting schottky_nbl1 diode
2026-08-10 17:40:11 +0200: Memory Usage (480084K) : Extracting isolbox diode
2026-08-10 17:40:11 +0200: Memory Usage (480084K) : Starting RESISTOR EXTRACTION
2026-08-10 17:40:11 +0200: Memory Usage (480084K) : Extracting rsil resistor
2026-08-10 17:40:11 +0200: Memory Usage (480084K) : Extracting rppd resistor
2026-08-10 17:40:11 +0200: Memory Usage (480212K) : Extracting rhigh resistor
2026-08-10 17:40:11 +0200: Memory Usage (480212K) : Extracting res_metal1 resistor
2026-08-10 17:40:11 +0200: Memory Usage (480212K) : Extracting res_metal2 resistor
2026-08-10 17:40:11 +0200: Memory Usage (480212K) : Extracting res_metal3 resistor
2026-08-10 17:40:11 +0200: Memory Usage (480212K) : Extracting res_metal4 resistor
2026-08-10 17:40:11 +0200: Memory Usage (480212K) : Extracting res_metal5 resistor
2026-08-10 17:40:11 +0200: Memory Usage (480212K) : Extracting res_topmetal1 resistor
2026-08-10 17:40:11 +0200: Memory Usage (480212K) : Extracting res_topmetal2 resistor
2026-08-10 17:40:11 +0200: Memory Usage (480212K) : Starting CAP EXTRACTION
2026-08-10 17:40:11 +0200: Memory Usage (480212K) : Extracting cap_cmim device
2026-08-10 17:40:11 +0200: Memory Usage (480212K) : Extracting rfcmim device
2026-08-10 17:40:11 +0200: Memory Usage (480212K) : Extracting sg13_hv_svaricap varactor
2026-08-10 17:40:11 +0200: Memory Usage (480212K) : Extracting cap_cmomi device
2026-08-10 17:40:11 +0200: Memory Usage (480212K) : Extracting sg13_moscap_n capacitor
2026-08-10 17:40:11 +0200: Memory Usage (480212K) : Extracting sg13_moscap_p capacitor
2026-08-10 17:40:11 +0200: Memory Usage (480212K) : Starting ESD EXTRACTION
2026-08-10 17:40:11 +0200: Memory Usage (480212K) : Extracting diodevdd_2kv ESD device
2026-08-10 17:40:11 +0200: Memory Usage (480212K) : Extracting diodevdd_4kv ESD device
2026-08-10 17:40:11 +0200: Memory Usage (480212K) : Extracting diodevss_2kv ESD device
2026-08-10 17:40:11 +0200: Memory Usage (480212K) : Extracting diodevss_4kv ESD device
2026-08-10 17:40:11 +0200: Memory Usage (480212K) : Extracting idiodevdd_2kv ESD device
2026-08-10 17:40:11 +0200: Memory Usage (480212K) : Extracting idiodevdd_4kv ESD device
2026-08-10 17:40:11 +0200: Memory Usage (480212K) : Extracting idiodevss_2kv ESD device
2026-08-10 17:40:11 +0200: Memory Usage (480212K) : Extracting idiodevss_4kv ESD device
2026-08-10 17:40:11 +0200: Memory Usage (480212K) : Extracting nmoscl_2 ESD device
2026-08-10 17:40:11 +0200: Memory Usage (480212K) : Extracting nmoscl_4 ESD device
2026-08-10 17:40:11 +0200: Memory Usage (480212K) : Starting Inductor EXTRACTION
2026-08-10 17:40:11 +0200: Memory Usage (480212K) : Extracting Inductor2 device
2026-08-10 17:40:11 +0200: Memory Usage (480212K) : Extracting Inductor3 device
2026-08-10 17:40:11 +0200: Memory Usage (480212K) : Starting Taps EXTRACTION
2026-08-10 17:40:11 +0200: Memory Usage (480212K) : Extracting ntap1 device
2026-08-10 17:40:11 +0200: Memory Usage (480212K) : Extracting ptap1 device
2026-08-10 17:40:11 +0200: Memory Usage (480340K) : Starting SG13G2 LVS RF MOS Model Mapping
2026-08-10 17:40:12 +0200: Memory Usage (487508K) : [layout_netlist] Apply RF MOS model mapping and rfmode parameter.
2026-08-10 17:40:12 +0200: Memory Usage (487508K) : Starting SG13G2 LVS Options Preparations
2026-08-10 17:40:12 +0200: Memory Usage (487508K) : SG13G2 LVS flow: extraction -> alignment -> option preparation -> comparison.
2026-08-10 17:40:12 +0200: Memory Usage (487508K) : Starting SG13G2 LVS Alignment
2026-08-10 17:40:12 +0200: Memory Usage (487508K) : Starting SG13G2 LVS Simplification
2026-08-10 17:40:12 +0200: Memory Usage (487508K) : [layout_netlist] simplify: ENABLED
2026-08-10 17:40:12 +0200: Memory Usage (487508K) : [layout_netlist] make_top_level_pins: SKIPPED
2026-08-10 17:40:12 +0200: Memory Usage (487508K) : [layout_netlist] combine_devices: ENABLED
2026-08-10 17:40:12 +0200: Memory Usage (487508K) : [layout_netlist] purge: SKIPPED
2026-08-10 17:40:12 +0200: Memory Usage (487508K) : [layout_netlist] purge_nets: SKIPPED
2026-08-10 17:40:12 +0200: Memory Usage (487508K) : [schematic_netlist] simplify: ENABLED
2026-08-10 17:40:12 +0200: Memory Usage (487508K) : [schematic_netlist] make_top_level_pins: SKIPPED
2026-08-10 17:40:12 +0200: Memory Usage (487508K) : [schematic_netlist] combine_devices: ENABLED
2026-08-10 17:40:12 +0200: Memory Usage (487508K) : [schematic_netlist] purge: SKIPPED
2026-08-10 17:40:12 +0200: Memory Usage (487508K) : [schematic_netlist] purge_nets: SKIPPED
2026-08-10 17:40:12 +0200: Memory Usage (487508K) : Starting SG13G2 LVS Comparison
2026-08-10 17:40:12 +0200: Memory Usage (487636K) : ==========================================
2026-08-10 17:40:12 +0200: Memory Usage (487636K) : INFO : Congratulations! Netlists match.
2026-08-10 17:40:12 +0200: Memory Usage (487636K) : ==========================================
2026-08-10 17:40:12 +0200: Memory Usage (487636K) : LVS Total Run time 5.204087 seconds
10-Aug-2026 17:40:13 | INFO    | ==============================================================================
10-Aug-2026 17:40:13 | INFO    | Important Summary
10-Aug-2026 17:40:13 | INFO    | +------------------+---------------------------------------------------------------------------------------------+
10-Aug-2026 17:40:13 | INFO    | | Status           | PASS                                                                                        |
10-Aug-2026 17:40:13 | INFO    | | Mode             | COMPARE                                                                                     |
10-Aug-2026 17:40:13 | INFO    | | Outcome          | Comparison mode: PASS (netlists match).                                                     |
10-Aug-2026 17:40:13 | INFO    | | Layout           | sg13g2_IOPadInOut4mA.gds                                                                    |
10-Aug-2026 17:40:13 | INFO    | | Top Cell         | sg13g2_IOPadInOut4mA                                                                        |
10-Aug-2026 17:40:13 | INFO    | | Results Dir      | /foss/designs/ihp-open-pdk-regression/IOPADS/lvs_sweep/20260810_173932/sg13g2_IOPadInOut4mA |
10-Aug-2026 17:40:13 | INFO    | | Warnings         | 0                                                                                           |
10-Aug-2026 17:40:13 | INFO    | | Errors           | 0                                                                                           |
10-Aug-2026 17:40:13 | INFO    | | Run Time (s)     | 8.577                                                                                       |
10-Aug-2026 17:40:13 | INFO    | +------------------+---------------------------------------------------------------------------------------------+
10-Aug-2026 17:40:13 | INFO    | ==============================================================================
