10-Aug-2026 17:36:23 | INFO    | Your Klayout version is: KLayout 0.30.10 (required >= 0.30.5)
10-Aug-2026 17:36:23 | INFO    | Running SG13G2 LVS checks on design /foss/designs/ihp-open-pdk-regression/IOPADS/layout/sg13g2_IOPadTriOut30mA.gds on cell sg13g2_IOPadTriOut30mA
2026-08-10 17:36:27 +0200: Memory Usage (455296K) : Starting running SG13G2 Klayout LVS runset on /foss/designs/ihp-open-pdk-regression/IOPADS/layout/sg13g2_IOPadTriOut30mA.gds
2026-08-10 17:36:27 +0200: Memory Usage (455296K) : Ruby Version for klayout: 3.2.3
2026-08-10 17:36:27 +0200: Memory Usage (456960K) : Loading database to memory is complete.
2026-08-10 17:36:27 +0200: Memory Usage (456960K) : SG13G2 Klayout LVS runset output at: /foss/designs/ihp-open-pdk-regression/IOPADS/lvs_sweep/20260810_173421/sg13g2_IOPadTriOut30mA/sg13g2_IOPadTriOut30mA.lvsdb
2026-08-10 17:36:27 +0200: Memory Usage (456960K) : Evaluate switches.
2026-08-10 17:36:27 +0200: Memory Usage (456960K) : Extracted netlist with net names: true
2026-08-10 17:36:27 +0200: Memory Usage (456960K) : Extracted netlist with comments in details: false
2026-08-10 17:36:27 +0200: Memory Usage (456960K) : Selected NET_ONLY option: false
2026-08-10 17:36:27 +0200: Memory Usage (456960K) : Selected LAYOUT_NETLIST option: (none)
2026-08-10 17:36:27 +0200: Memory Usage (456960K) : Selected IGNORE_TOP_PORTS_MISMATCH option: true
2026-08-10 17:36:27 +0200: Memory Usage (456960K) : Selected IMPLICIT_NETS option: iovss,iovdd,vss,vdd,pad,cathode,anode
2026-08-10 17:36:27 +0200: Memory Usage (456960K) : Selected TOP_LVL_PINS option: false
2026-08-10 17:36:27 +0200: Memory Usage (456960K) : Selected COMBINE DEVICES option: true
2026-08-10 17:36:27 +0200: Memory Usage (456960K) : Selected PURGE option: false
2026-08-10 17:36:27 +0200: Memory Usage (456960K) : Selected PURGE_NETS option: false
2026-08-10 17:36:27 +0200: Memory Usage (456960K) : Selected SIMPLIFY option: true
2026-08-10 17:36:27 +0200: Memory Usage (456960K) : Selected SERIES_RES option: true
2026-08-10 17:36:27 +0200: Memory Usage (456960K) : Selected PARALLEL_RES option: true
2026-08-10 17:36:27 +0200: Memory Usage (456960K) : Selected DISABLE_TAP_EXTRACTION option: false
2026-08-10 17:36:27 +0200: Memory Usage (456960K) : deep  mode is enabled.
2026-08-10 17:36:27 +0200: Memory Usage (456960K) : Applying implicit connections (case-sensitive, pattern supported) for nets: iovss, iovdd, vss, vdd, pad, cathode, anode
2026-08-10 17:36:27 +0200: Memory Usage (458496K) : Netlist file: /foss/designs/ihp-open-pdk-regression/IOPADS/netlist/pads_sub/sg13g2_IOPadTriOut30mA.spi
2026-08-10 17:36:27 +0200: Memory Usage (458496K) : LVS extracted netlist at: /foss/designs/ihp-open-pdk-regression/IOPADS/lvs_sweep/20260810_173421/sg13g2_IOPadTriOut30mA/sg13g2_IOPadTriOut30mA_extracted.cir
2026-08-10 17:36:27 +0200: Memory Usage (458496K) : Applying SRAM integration support.
2026-08-10 17:36:27 +0200: Memory Usage (458496K) : Starting SG13G2 LVS runset
2026-08-10 17:36:27 +0200: Memory Usage (458496K) : Read in polygons from layers.
2026-08-10 17:36:27 +0200: Memory Usage (460032K) : activ_drw has 95 polygons
2026-08-10 17:36:27 +0200: Memory Usage (460032K) : activ_filler has 0 polygons
2026-08-10 17:36:27 +0200: Memory Usage (460288K) : activ has 95 polygons
2026-08-10 17:36:27 +0200: Memory Usage (460288K) : activ_pin has 0 polygons
2026-08-10 17:36:27 +0200: Memory Usage (460288K) : activ_mask has 0 polygons
2026-08-10 17:36:27 +0200: Memory Usage (460288K) : activ_nofill has 0 polygons
2026-08-10 17:36:27 +0200: Memory Usage (460288K) : activ_OPC has 0 polygons
2026-08-10 17:36:27 +0200: Memory Usage (460288K) : activ_iOPC has 0 polygons
2026-08-10 17:36:27 +0200: Memory Usage (460416K) : activ_noqrc has 0 polygons
2026-08-10 17:36:27 +0200: Memory Usage (460416K) : biwind_drw has 0 polygons
2026-08-10 17:36:27 +0200: Memory Usage (460544K) : biwind_OPC has 0 polygons
2026-08-10 17:36:27 +0200: Memory Usage (460544K) : gatpoly_drw has 61 polygons
2026-08-10 17:36:27 +0200: Memory Usage (460672K) : gatpoly_filler has 0 polygons
2026-08-10 17:36:27 +0200: Memory Usage (461056K) : gatpoly has 61 polygons
2026-08-10 17:36:27 +0200: Memory Usage (461056K) : gatpoly_pin has 0 polygons
2026-08-10 17:36:27 +0200: Memory Usage (461056K) : gatpoly_nofill has 0 polygons
2026-08-10 17:36:27 +0200: Memory Usage (461184K) : gatpoly_OPC has 0 polygons
2026-08-10 17:36:27 +0200: Memory Usage (461184K) : gatpoly_iOPC has 0 polygons
2026-08-10 17:36:27 +0200: Memory Usage (461184K) : gatpoly_noqrc has 0 polygons
2026-08-10 17:36:28 +0200: Memory Usage (462464K) : cont_drw has 46492 polygons
2026-08-10 17:36:28 +0200: Memory Usage (462464K) : cont_OPC has 0 polygons
2026-08-10 17:36:28 +0200: Memory Usage (462464K) : nsd_drw has 0 polygons
2026-08-10 17:36:28 +0200: Memory Usage (462464K) : nsd_block has 0 polygons
2026-08-10 17:36:28 +0200: Memory Usage (462464K) : metal1_drw has 349 polygons
2026-08-10 17:36:28 +0200: Memory Usage (462464K) : metal1_filler has 0 polygons
2026-08-10 17:36:28 +0200: Memory Usage (462464K) : metal1_slit has 0 polygons
2026-08-10 17:36:28 +0200: Memory Usage (462848K) : metal1 has 349 polygons
2026-08-10 17:36:28 +0200: Memory Usage (462848K) : metal1_pin has 42 polygons
2026-08-10 17:36:28 +0200: Memory Usage (462848K) : metal1_mask has 0 polygons
2026-08-10 17:36:28 +0200: Memory Usage (462848K) : metal1_nofill has 0 polygons
2026-08-10 17:36:28 +0200: Memory Usage (463104K) : metal1_text has 42 polygons
2026-08-10 17:36:28 +0200: Memory Usage (463104K) : metal1_OPC has 0 polygons
2026-08-10 17:36:28 +0200: Memory Usage (463232K) : metal1_noqrc has 0 polygons
2026-08-10 17:36:28 +0200: Memory Usage (463232K) : metal1_res has 0 polygons
2026-08-10 17:36:28 +0200: Memory Usage (463360K) : metal1_iprobe has 0 polygons
2026-08-10 17:36:28 +0200: Memory Usage (463360K) : metal1_diffprb has 0 polygons
2026-08-10 17:36:28 +0200: Memory Usage (463488K) : passiv_drw has 0 polygons
2026-08-10 17:36:28 +0200: Memory Usage (463488K) : passiv_pin has 0 polygons
2026-08-10 17:36:28 +0200: Memory Usage (463616K) : passiv_sbump has 0 polygons
2026-08-10 17:36:28 +0200: Memory Usage (463616K) : passiv_pillar has 0 polygons
2026-08-10 17:36:28 +0200: Memory Usage (463744K) : passiv_pdl has 0 polygons
2026-08-10 17:36:28 +0200: Memory Usage (463744K) : metal2_drw has 95 polygons
2026-08-10 17:36:28 +0200: Memory Usage (463744K) : metal2_filler has 0 polygons
2026-08-10 17:36:28 +0200: Memory Usage (463872K) : metal2_slit has 0 polygons
2026-08-10 17:36:28 +0200: Memory Usage (463872K) : metal2 has 95 polygons
2026-08-10 17:36:28 +0200: Memory Usage (463872K) : metal2_pin has 30 polygons
2026-08-10 17:36:28 +0200: Memory Usage (464000K) : metal2_mask has 0 polygons
2026-08-10 17:36:28 +0200: Memory Usage (464000K) : metal2_nofill has 0 polygons
2026-08-10 17:36:28 +0200: Memory Usage (464000K) : metal2_text has 29 polygons
2026-08-10 17:36:28 +0200: Memory Usage (464128K) : metal2_OPC has 0 polygons
2026-08-10 17:36:28 +0200: Memory Usage (464128K) : metal2_noqrc has 0 polygons
2026-08-10 17:36:28 +0200: Memory Usage (464128K) : metal2_res has 0 polygons
2026-08-10 17:36:28 +0200: Memory Usage (464256K) : metal2_iprobe has 0 polygons
2026-08-10 17:36:28 +0200: Memory Usage (464384K) : metal2_diffprb has 0 polygons
2026-08-10 17:36:28 +0200: Memory Usage (464384K) : baspoly_drw has 0 polygons
2026-08-10 17:36:28 +0200: Memory Usage (464512K) : baspoly_pin has 0 polygons
2026-08-10 17:36:28 +0200: Memory Usage (464512K) : psd_drw has 38 polygons
2026-08-10 17:36:28 +0200: Memory Usage (464640K) : nldb_drw has 0 polygons
2026-08-10 17:36:28 +0200: Memory Usage (464640K) : digibnd_drw has 0 polygons
2026-08-10 17:36:28 +0200: Memory Usage (464768K) : via1_drw has 1846 polygons
2026-08-10 17:36:28 +0200: Memory Usage (464896K) : backmetal1_drw has 0 polygons
2026-08-10 17:36:28 +0200: Memory Usage (464896K) : backmetal1_pin has 0 polygons
2026-08-10 17:36:28 +0200: Memory Usage (465024K) : backmetal1_mask has 0 polygons
2026-08-10 17:36:28 +0200: Memory Usage (465024K) : backmetal1_filler has 0 polygons
2026-08-10 17:36:28 +0200: Memory Usage (465152K) : backmetal1_nofill has 0 polygons
2026-08-10 17:36:28 +0200: Memory Usage (465152K) : backmetal1_slit has 0 polygons
2026-08-10 17:36:28 +0200: Memory Usage (465280K) : backmetal1_text has 0 polygons
2026-08-10 17:36:28 +0200: Memory Usage (465280K) : backmetal1_OPC has 0 polygons
2026-08-10 17:36:28 +0200: Memory Usage (465408K) : backmetal1_noqrc has 0 polygons
2026-08-10 17:36:28 +0200: Memory Usage (465408K) : backmetal1_res has 0 polygons
2026-08-10 17:36:28 +0200: Memory Usage (465536K) : backmetal1_iprobe has 0 polygons
2026-08-10 17:36:28 +0200: Memory Usage (465536K) : backmetal1_diffprb has 0 polygons
2026-08-10 17:36:28 +0200: Memory Usage (465664K) : backpassiv_drw has 0 polygons
2026-08-10 17:36:28 +0200: Memory Usage (465792K) : res_drw has 0 polygons
2026-08-10 17:36:28 +0200: Memory Usage (465792K) : sram_drw has 0 polygons
2026-08-10 17:36:28 +0200: Memory Usage (465920K) : trans_drw has 0 polygons
2026-08-10 17:36:28 +0200: Memory Usage (465920K) : ind_drw has 0 polygons
2026-08-10 17:36:28 +0200: Memory Usage (466048K) : ind_pin has 0 polygons
2026-08-10 17:36:28 +0200: Memory Usage (466048K) : ind_text has 0 polygons
2026-08-10 17:36:28 +0200: Memory Usage (466176K) : salblock_drw has 0 polygons
2026-08-10 17:36:28 +0200: Memory Usage (466176K) : via2_drw has 1654 polygons
2026-08-10 17:36:28 +0200: Memory Usage (466176K) : metal3_drw has 26 polygons
2026-08-10 17:36:28 +0200: Memory Usage (466176K) : metal3_filler has 0 polygons
2026-08-10 17:36:28 +0200: Memory Usage (466176K) : metal3_slit has 0 polygons
2026-08-10 17:36:28 +0200: Memory Usage (466176K) : metal3 has 26 polygons
2026-08-10 17:36:28 +0200: Memory Usage (466176K) : metal3_pin has 10 polygons
2026-08-10 17:36:28 +0200: Memory Usage (466176K) : metal3_mask has 0 polygons
2026-08-10 17:36:28 +0200: Memory Usage (466176K) : metal3_nofill has 0 polygons
2026-08-10 17:36:28 +0200: Memory Usage (466176K) : metal3_text has 10 polygons
2026-08-10 17:36:28 +0200: Memory Usage (466176K) : metal3_OPC has 0 polygons
2026-08-10 17:36:28 +0200: Memory Usage (466176K) : metal3_noqrc has 0 polygons
2026-08-10 17:36:28 +0200: Memory Usage (466176K) : metal3_res has 0 polygons
2026-08-10 17:36:28 +0200: Memory Usage (466176K) : metal3_iprobe has 0 polygons
2026-08-10 17:36:28 +0200: Memory Usage (466176K) : metal3_diffprb has 0 polygons
2026-08-10 17:36:28 +0200: Memory Usage (466176K) : nwell_drw has 25 polygons
2026-08-10 17:36:28 +0200: Memory Usage (466176K) : nwell_pin has 0 polygons
2026-08-10 17:36:28 +0200: Memory Usage (466176K) : nwell_text has 0 polygons
2026-08-10 17:36:28 +0200: Memory Usage (466176K) : nbulay_drw has 0 polygons
2026-08-10 17:36:28 +0200: Memory Usage (466176K) : nbulay_pin has 0 polygons
2026-08-10 17:36:28 +0200: Memory Usage (466176K) : nbulay_block has 0 polygons
2026-08-10 17:36:28 +0200: Memory Usage (466176K) : emwind_drw has 0 polygons
2026-08-10 17:36:28 +0200: Memory Usage (466176K) : emwind_OPC has 0 polygons
2026-08-10 17:36:28 +0200: Memory Usage (466176K) : deepco_drw has 0 polygons
2026-08-10 17:36:28 +0200: Memory Usage (466176K) : mim_drw has 0 polygons
2026-08-10 17:36:28 +0200: Memory Usage (466176K) : edgeseal_drw has 0 polygons
2026-08-10 17:36:28 +0200: Memory Usage (466176K) : substrate_drw has 23 polygons
2026-08-10 17:36:28 +0200: Memory Usage (466176K) : substrate_text has 0 polygons
2026-08-10 17:36:28 +0200: Memory Usage (466176K) : dfpad_drw has 0 polygons
2026-08-10 17:36:28 +0200: Memory Usage (466176K) : dfpad_pillar has 0 polygons
2026-08-10 17:36:28 +0200: Memory Usage (466176K) : dfpad_sbump has 0 polygons
2026-08-10 17:36:28 +0200: Memory Usage (466176K) : thickgateox_drw has 4 polygons
2026-08-10 17:36:28 +0200: Memory Usage (466176K) : pldb_drw has 0 polygons
2026-08-10 17:36:28 +0200: Memory Usage (466176K) : pwell_drw has 0 polygons
2026-08-10 17:36:28 +0200: Memory Usage (466176K) : pwell_pin has 0 polygons
2026-08-10 17:36:28 +0200: Memory Usage (466176K) : pwell_block has 0 polygons
2026-08-10 17:36:28 +0200: Memory Usage (466176K) : ic_drw has 0 polygons
2026-08-10 17:36:28 +0200: Memory Usage (466176K) : via3_drw has 2087 polygons
2026-08-10 17:36:28 +0200: Memory Usage (466176K) : metal4_drw has 8 polygons
2026-08-10 17:36:28 +0200: Memory Usage (466176K) : metal4_filler has 0 polygons
2026-08-10 17:36:28 +0200: Memory Usage (466176K) : metal4_slit has 0 polygons
2026-08-10 17:36:28 +0200: Memory Usage (466176K) : metal4 has 8 polygons
2026-08-10 17:36:28 +0200: Memory Usage (466176K) : metal4_pin has 8 polygons
2026-08-10 17:36:28 +0200: Memory Usage (466176K) : metal4_mask has 0 polygons
2026-08-10 17:36:28 +0200: Memory Usage (466176K) : metal4_nofill has 0 polygons
2026-08-10 17:36:28 +0200: Memory Usage (466176K) : metal4_text has 8 polygons
2026-08-10 17:36:28 +0200: Memory Usage (466176K) : metal4_OPC has 0 polygons
2026-08-10 17:36:28 +0200: Memory Usage (466176K) : metal4_noqrc has 0 polygons
2026-08-10 17:36:28 +0200: Memory Usage (466176K) : metal4_res has 0 polygons
2026-08-10 17:36:28 +0200: Memory Usage (466176K) : metal4_iprobe has 0 polygons
2026-08-10 17:36:28 +0200: Memory Usage (466176K) : metal4_diffprb has 0 polygons
2026-08-10 17:36:28 +0200: Memory Usage (466176K) : heattrans_drw has 0 polygons
2026-08-10 17:36:28 +0200: Memory Usage (466176K) : heatres_drw has 0 polygons
2026-08-10 17:36:28 +0200: Memory Usage (466176K) : fbe_drw has 0 polygons
2026-08-10 17:36:28 +0200: Memory Usage (466176K) : empoly_drw has 0 polygons
2026-08-10 17:36:28 +0200: Memory Usage (466176K) : digisub_drw has 0 polygons
2026-08-10 17:36:28 +0200: Memory Usage (466176K) : text_drw has 17 polygons
2026-08-10 17:36:28 +0200: Memory Usage (466176K) : via4_drw has 2371 polygons
2026-08-10 17:36:28 +0200: Memory Usage (466176K) : metal5_drw has 8 polygons
2026-08-10 17:36:28 +0200: Memory Usage (466176K) : metal5_filler has 0 polygons
2026-08-10 17:36:28 +0200: Memory Usage (466176K) : metal5_slit has 0 polygons
2026-08-10 17:36:28 +0200: Memory Usage (466176K) : metal5 has 8 polygons
2026-08-10 17:36:28 +0200: Memory Usage (466176K) : metal5_pin has 8 polygons
2026-08-10 17:36:28 +0200: Memory Usage (466176K) : metal5_mask has 0 polygons
2026-08-10 17:36:28 +0200: Memory Usage (466176K) : metal5_nofill has 0 polygons
2026-08-10 17:36:28 +0200: Memory Usage (466176K) : metal5_text has 8 polygons
2026-08-10 17:36:28 +0200: Memory Usage (466176K) : metal5_OPC has 0 polygons
2026-08-10 17:36:28 +0200: Memory Usage (466176K) : metal5_noqrc has 0 polygons
2026-08-10 17:36:28 +0200: Memory Usage (466176K) : metal5_res has 0 polygons
2026-08-10 17:36:28 +0200: Memory Usage (466176K) : metal5_iprobe has 0 polygons
2026-08-10 17:36:28 +0200: Memory Usage (466176K) : metal5_diffprb has 0 polygons
2026-08-10 17:36:28 +0200: Memory Usage (466176K) : radhard_drw has 0 polygons
2026-08-10 17:36:28 +0200: Memory Usage (466176K) : memcap_drw has 0 polygons
2026-08-10 17:36:28 +0200: Memory Usage (466176K) : varicap_drw has 0 polygons
2026-08-10 17:36:28 +0200: Memory Usage (466176K) : intbondvia_drw has 0 polygons
2026-08-10 17:36:28 +0200: Memory Usage (466176K) : intbondmet_drw has 0 polygons
2026-08-10 17:36:28 +0200: Memory Usage (466176K) : devbondvia_drw has 0 polygons
2026-08-10 17:36:28 +0200: Memory Usage (466176K) : devbondmet_drw has 0 polygons
2026-08-10 17:36:28 +0200: Memory Usage (466176K) : devtrench_drw has 0 polygons
2026-08-10 17:36:28 +0200: Memory Usage (466176K) : redist_drw has 0 polygons
2026-08-10 17:36:28 +0200: Memory Usage (466176K) : graphbot_drw has 0 polygons
2026-08-10 17:36:28 +0200: Memory Usage (466176K) : graphtop_drw has 0 polygons
2026-08-10 17:36:28 +0200: Memory Usage (466304K) : antvia1_drw has 0 polygons
2026-08-10 17:36:28 +0200: Memory Usage (466304K) : antmetal2_drw has 0 polygons
2026-08-10 17:36:28 +0200: Memory Usage (466432K) : graphcont_drw has 0 polygons
2026-08-10 17:36:28 +0200: Memory Usage (466432K) : siwg_drw has 0 polygons
2026-08-10 17:36:28 +0200: Memory Usage (466560K) : siwg_filler has 0 polygons
2026-08-10 17:36:28 +0200: Memory Usage (466560K) : siwg_nofill has 0 polygons
2026-08-10 17:36:28 +0200: Memory Usage (466688K) : sigrating_drw has 0 polygons
2026-08-10 17:36:28 +0200: Memory Usage (466816K) : singrating_drw has 0 polygons
2026-08-10 17:36:28 +0200: Memory Usage (466816K) : graphpas_drw has 0 polygons
2026-08-10 17:36:28 +0200: Memory Usage (466944K) : emwind3_drw has 0 polygons
2026-08-10 17:36:28 +0200: Memory Usage (466944K) : emwihv3_drw has 0 polygons
2026-08-10 17:36:28 +0200: Memory Usage (467072K) : redbulay_drw has 0 polygons
2026-08-10 17:36:28 +0200: Memory Usage (467072K) : smos_drw has 0 polygons
2026-08-10 17:36:28 +0200: Memory Usage (467200K) : graphpad_drw has 0 polygons
2026-08-10 17:36:28 +0200: Memory Usage (467200K) : polimide_drw has 0 polygons
2026-08-10 17:36:28 +0200: Memory Usage (467328K) : polimide_pin has 0 polygons
2026-08-10 17:36:28 +0200: Memory Usage (467328K) : recog_drw has 0 polygons
2026-08-10 17:36:28 +0200: Memory Usage (467456K) : recog_pin has 0 polygons
2026-08-10 17:36:28 +0200: Memory Usage (467584K) : recog_esd has 0 polygons
2026-08-10 17:36:28 +0200: Memory Usage (467584K) : recog_diode has 7 polygons
2026-08-10 17:36:28 +0200: Memory Usage (467712K) : recog_tsv has 0 polygons
2026-08-10 17:36:28 +0200: Memory Usage (467712K) : recog_iprobe has 0 polygons
2026-08-10 17:36:28 +0200: Memory Usage (467840K) : recog_diffprb has 0 polygons
2026-08-10 17:36:28 +0200: Memory Usage (467840K) : recog_pillar has 0 polygons
2026-08-10 17:36:28 +0200: Memory Usage (467968K) : recog_sbump has 0 polygons
2026-08-10 17:36:28 +0200: Memory Usage (467968K) : recog_otp has 0 polygons
2026-08-10 17:36:28 +0200: Memory Usage (468096K) : recog_pdiode has 0 polygons
2026-08-10 17:36:28 +0200: Memory Usage (468096K) : recog_mom has 0 polygons
2026-08-10 17:36:28 +0200: Memory Usage (468224K) : recog_pcm has 0 polygons
2026-08-10 17:36:28 +0200: Memory Usage (468352K) : colopen_drw has 0 polygons
2026-08-10 17:36:28 +0200: Memory Usage (468352K) : graphmetal1_drw has 0 polygons
2026-08-10 17:36:28 +0200: Memory Usage (468480K) : graphmetal1_filler has 0 polygons
2026-08-10 17:36:28 +0200: Memory Usage (468480K) : graphmetal1_nofill has 0 polygons
2026-08-10 17:36:28 +0200: Memory Usage (468608K) : graphmetal1_slit has 0 polygons
2026-08-10 17:36:28 +0200: Memory Usage (468608K) : graphmetal1_OPC has 0 polygons
2026-08-10 17:36:28 +0200: Memory Usage (468736K) : graphmet1l_drw has 0 polygons
2026-08-10 17:36:28 +0200: Memory Usage (468736K) : graphmet1l_filler has 0 polygons
2026-08-10 17:36:28 +0200: Memory Usage (468864K) : graphmet1l_nofill has 0 polygons
2026-08-10 17:36:28 +0200: Memory Usage (468864K) : graphmet1l_slit has 0 polygons
2026-08-10 17:36:28 +0200: Memory Usage (468992K) : graphmet1l_OPC has 0 polygons
2026-08-10 17:36:28 +0200: Memory Usage (468992K) : extblock_drw has 0 polygons
2026-08-10 17:36:28 +0200: Memory Usage (469120K) : nldd_drw has 0 polygons
2026-08-10 17:36:28 +0200: Memory Usage (469248K) : pldd_drw has 0 polygons
2026-08-10 17:36:28 +0200: Memory Usage (469248K) : next_drw has 0 polygons
2026-08-10 17:36:28 +0200: Memory Usage (469376K) : pext_drw has 0 polygons
2026-08-10 17:36:28 +0200: Memory Usage (469376K) : nexthv_drw has 0 polygons
2026-08-10 17:36:28 +0200: Memory Usage (469504K) : pexthv_drw has 0 polygons
2026-08-10 17:36:28 +0200: Memory Usage (469504K) : graphgate_drw has 0 polygons
2026-08-10 17:36:28 +0200: Memory Usage (469632K) : sinwg_drw has 0 polygons
2026-08-10 17:36:28 +0200: Memory Usage (469632K) : sinwg_filler has 0 polygons
2026-08-10 17:36:28 +0200: Memory Usage (469760K) : sinwg_nofill has 0 polygons
2026-08-10 17:36:28 +0200: Memory Usage (469760K) : mempad_drw has 0 polygons
2026-08-10 17:36:28 +0200: Memory Usage (469888K) : topvia1_drw has 2315 polygons
2026-08-10 17:36:28 +0200: Memory Usage (470016K) : topmetal1_drw has 8 polygons
2026-08-10 17:36:28 +0200: Memory Usage (470144K) : topmetal1_filler has 0 polygons
2026-08-10 17:36:28 +0200: Memory Usage (470144K) : topmetal1_slit has 0 polygons
2026-08-10 17:36:28 +0200: Memory Usage (470144K) : topmetal1 has 8 polygons
2026-08-10 17:36:28 +0200: Memory Usage (470144K) : topmetal1_pin has 8 polygons
2026-08-10 17:36:28 +0200: Memory Usage (470144K) : topmetal1_mask has 0 polygons
2026-08-10 17:36:28 +0200: Memory Usage (470144K) : topmetal1_nofill has 0 polygons
2026-08-10 17:36:28 +0200: Memory Usage (470144K) : topmetal1_text has 8 polygons
2026-08-10 17:36:28 +0200: Memory Usage (470144K) : topmetal1_noqrc has 0 polygons
2026-08-10 17:36:28 +0200: Memory Usage (470144K) : topmetal1_res has 0 polygons
2026-08-10 17:36:28 +0200: Memory Usage (470144K) : topmetal1_iprobe has 0 polygons
2026-08-10 17:36:28 +0200: Memory Usage (470144K) : topmetal1_diffprb has 0 polygons
2026-08-10 17:36:28 +0200: Memory Usage (470144K) : inldpwl_drw has 0 polygons
2026-08-10 17:36:28 +0200: Memory Usage (470144K) : polyres_drw has 0 polygons
2026-08-10 17:36:28 +0200: Memory Usage (470144K) : polyres_pin has 0 polygons
2026-08-10 17:36:29 +0200: Memory Usage (470144K) : vmim_drw has 0 polygons
2026-08-10 17:36:29 +0200: Memory Usage (470144K) : nbulaycut_drw has 0 polygons
2026-08-10 17:36:29 +0200: Memory Usage (470144K) : antmetal1_drw has 0 polygons
2026-08-10 17:36:29 +0200: Memory Usage (470144K) : topvia2_drw has 1593 polygons
2026-08-10 17:36:29 +0200: Memory Usage (470144K) : topmetal2_drw has 6 polygons
2026-08-10 17:36:29 +0200: Memory Usage (470144K) : topmetal2_filler has 0 polygons
2026-08-10 17:36:29 +0200: Memory Usage (470144K) : topmetal2_slit has 0 polygons
2026-08-10 17:36:29 +0200: Memory Usage (470144K) : topmetal2 has 6 polygons
2026-08-10 17:36:29 +0200: Memory Usage (470144K) : topmetal2_pin has 6 polygons
2026-08-10 17:36:29 +0200: Memory Usage (470144K) : topmetal2_mask has 0 polygons
2026-08-10 17:36:29 +0200: Memory Usage (470144K) : topmetal2_nofill has 0 polygons
2026-08-10 17:36:29 +0200: Memory Usage (470144K) : topmetal2_text has 6 polygons
2026-08-10 17:36:29 +0200: Memory Usage (470144K) : topmetal2_noqrc has 0 polygons
2026-08-10 17:36:29 +0200: Memory Usage (470144K) : topmetal2_res has 0 polygons
2026-08-10 17:36:29 +0200: Memory Usage (470144K) : topmetal2_iprobe has 0 polygons
2026-08-10 17:36:29 +0200: Memory Usage (470144K) : topmetal2_diffprb has 0 polygons
2026-08-10 17:36:29 +0200: Memory Usage (470144K) : snsring_drw has 0 polygons
2026-08-10 17:36:29 +0200: Memory Usage (470144K) : sensor_drw has 0 polygons
2026-08-10 17:36:29 +0200: Memory Usage (470144K) : snsarms_drw has 0 polygons
2026-08-10 17:36:29 +0200: Memory Usage (470144K) : snscmosvia_drw has 0 polygons
2026-08-10 17:36:29 +0200: Memory Usage (470144K) : colwind_drw has 0 polygons
2026-08-10 17:36:29 +0200: Memory Usage (470144K) : flm_drw has 0 polygons
2026-08-10 17:36:29 +0200: Memory Usage (470144K) : hafniumox_drw has 0 polygons
2026-08-10 17:36:29 +0200: Memory Usage (470144K) : memvia_drw has 0 polygons
2026-08-10 17:36:29 +0200: Memory Usage (470144K) : thinfilmres_drw has 0 polygons
2026-08-10 17:36:29 +0200: Memory Usage (470144K) : rfmem_drw has 0 polygons
2026-08-10 17:36:29 +0200: Memory Usage (470144K) : norcx_drw has 0 polygons
2026-08-10 17:36:29 +0200: Memory Usage (470144K) : norcx_m2m3 has 0 polygons
2026-08-10 17:36:29 +0200: Memory Usage (470144K) : norcx_m2m4 has 0 polygons
2026-08-10 17:36:29 +0200: Memory Usage (470144K) : norcx_m2m5 has 0 polygons
2026-08-10 17:36:29 +0200: Memory Usage (470144K) : norcx_m2tm1 has 0 polygons
2026-08-10 17:36:29 +0200: Memory Usage (470144K) : norcx_m2tm2 has 0 polygons
2026-08-10 17:36:29 +0200: Memory Usage (470144K) : norcx_m3m4 has 0 polygons
2026-08-10 17:36:29 +0200: Memory Usage (470144K) : norcx_m3m5 has 0 polygons
2026-08-10 17:36:29 +0200: Memory Usage (470144K) : norcx_m3tm1 has 0 polygons
2026-08-10 17:36:29 +0200: Memory Usage (470144K) : norcx_m3tm2 has 0 polygons
2026-08-10 17:36:29 +0200: Memory Usage (470144K) : norcx_m4m5 has 0 polygons
2026-08-10 17:36:29 +0200: Memory Usage (470144K) : norcx_m4tm1 has 0 polygons
2026-08-10 17:36:29 +0200: Memory Usage (470144K) : norcx_m4tm2 has 0 polygons
2026-08-10 17:36:29 +0200: Memory Usage (470144K) : norcx_m5tm1 has 0 polygons
2026-08-10 17:36:29 +0200: Memory Usage (470144K) : norcx_m5tm2 has 0 polygons
2026-08-10 17:36:29 +0200: Memory Usage (470144K) : norcx_tm1tm2 has 0 polygons
2026-08-10 17:36:29 +0200: Memory Usage (470144K) : norcx_m1sub has 0 polygons
2026-08-10 17:36:29 +0200: Memory Usage (470144K) : norcx_m2sub has 0 polygons
2026-08-10 17:36:29 +0200: Memory Usage (470144K) : norcx_m3sub has 0 polygons
2026-08-10 17:36:29 +0200: Memory Usage (470144K) : norcx_m4sub has 0 polygons
2026-08-10 17:36:29 +0200: Memory Usage (470144K) : norcx_m5sub has 0 polygons
2026-08-10 17:36:29 +0200: Memory Usage (470144K) : norcx_tm1sub has 0 polygons
2026-08-10 17:36:29 +0200: Memory Usage (470144K) : norcx_tm2sub has 0 polygons
2026-08-10 17:36:29 +0200: Memory Usage (470144K) : snsbotvia_drw has 0 polygons
2026-08-10 17:36:29 +0200: Memory Usage (470144K) : snstopvia_drw has 0 polygons
2026-08-10 17:36:29 +0200: Memory Usage (470144K) : deepvia_drw has 0 polygons
2026-08-10 17:36:29 +0200: Memory Usage (470144K) : fgetch_drw has 0 polygons
2026-08-10 17:36:29 +0200: Memory Usage (470144K) : ctrgat_drw has 0 polygons
2026-08-10 17:36:29 +0200: Memory Usage (470144K) : fgimp_drw has 0 polygons
2026-08-10 17:36:29 +0200: Memory Usage (470144K) : emwihv_drw has 0 polygons
2026-08-10 17:36:29 +0200: Memory Usage (470144K) : lbe_drw has 0 polygons
2026-08-10 17:36:29 +0200: Memory Usage (470144K) : alcustop_drw has 0 polygons
2026-08-10 17:36:29 +0200: Memory Usage (470144K) : nometfiller_drw has 0 polygons
2026-08-10 17:36:29 +0200: Memory Usage (470144K) : prboundary_drw has 0 polygons
2026-08-10 17:36:29 +0200: Memory Usage (470144K) : exchange0_drw has 0 polygons
2026-08-10 17:36:29 +0200: Memory Usage (470144K) : exchange0_pin has 0 polygons
2026-08-10 17:36:29 +0200: Memory Usage (470144K) : exchange0_text has 0 polygons
2026-08-10 17:36:29 +0200: Memory Usage (470144K) : exchange1_drw has 0 polygons
2026-08-10 17:36:29 +0200: Memory Usage (470144K) : exchange1_pin has 0 polygons
2026-08-10 17:36:29 +0200: Memory Usage (470144K) : exchange1_text has 0 polygons
2026-08-10 17:36:29 +0200: Memory Usage (470144K) : exchange2_drw has 0 polygons
2026-08-10 17:36:29 +0200: Memory Usage (470144K) : exchange2_pin has 0 polygons
2026-08-10 17:36:29 +0200: Memory Usage (470144K) : exchange2_text has 0 polygons
2026-08-10 17:36:29 +0200: Memory Usage (470144K) : exchange3_drw has 0 polygons
2026-08-10 17:36:29 +0200: Memory Usage (470144K) : exchange3_pin has 0 polygons
2026-08-10 17:36:29 +0200: Memory Usage (470144K) : exchange3_text has 0 polygons
2026-08-10 17:36:29 +0200: Memory Usage (470144K) : exchange4_drw has 0 polygons
2026-08-10 17:36:29 +0200: Memory Usage (470144K) : exchange4_pin has 0 polygons
2026-08-10 17:36:29 +0200: Memory Usage (470144K) : exchange4_text has 0 polygons
2026-08-10 17:36:29 +0200: Memory Usage (470144K) : isonwell_drw has 0 polygons
2026-08-10 17:36:29 +0200: Memory Usage (470144K) : Total no. of polygons in the design is 59351
2026-08-10 17:36:29 +0200: Memory Usage (470144K) : Starting base layers derivations
2026-08-10 17:36:29 +0200: Memory Usage (470144K) : Starting general LVS derivations
2026-08-10 17:36:29 +0200: Memory Usage (474624K) : Starting MOSFET DERIVATIONS
2026-08-10 17:36:30 +0200: Memory Usage (475504K) : Starting NMOS DERIVATIONS
2026-08-10 17:36:30 +0200: Memory Usage (475504K) : Starting PMOS DERIVATIONS
2026-08-10 17:36:30 +0200: Memory Usage (475504K) : Starting RF-MOSFET DERIVATIONS
2026-08-10 17:36:30 +0200: Memory Usage (475504K) : Starting RF-NMOS DERIVATIONS
2026-08-10 17:36:30 +0200: Memory Usage (475504K) : Starting RF-PMOS DERIVATIONS
2026-08-10 17:36:30 +0200: Memory Usage (475504K) : Starting BJT DERIVATIONS
2026-08-10 17:36:30 +0200: Memory Usage (475504K) : Starting NPN-BJT DERIVATIONS
2026-08-10 17:36:30 +0200: Memory Usage (475504K) : Starting PNP-BJT DERIVATIONS
2026-08-10 17:36:31 +0200: Memory Usage (475760K) : Starting DIODE DERIVATIONS
2026-08-10 17:36:31 +0200: Memory Usage (478104K) : Starting RESISTOR DERIVATIONS
2026-08-10 17:36:32 +0200: Memory Usage (478104K) : Starting CAP DERIVATIONS
2026-08-10 17:36:32 +0200: Memory Usage (478360K) : Starting CAP_CMOM DERIVATIONS
2026-08-10 17:36:32 +0200: Memory Usage (478360K) : Starting ESD DERIVATIONS
2026-08-10 17:36:32 +0200: Memory Usage (478360K) : Starting Inductor DERIVATIONS
2026-08-10 17:36:33 +0200: Memory Usage (478360K) : Starting Taps DERIVATIONS
2026-08-10 17:36:33 +0200: Memory Usage (478360K) : Starting SG13G2 LVS connectivity setup
2026-08-10 17:36:33 +0200: Memory Usage (478360K) : Starting SG13G2 LVS connectivity setup (Inter-layer)
2026-08-10 17:36:33 +0200: Memory Usage (478488K) : Starting SG13G2 LVS connectivity setup (Global)
2026-08-10 17:36:33 +0200: Memory Usage (478488K) : Starting LVS MOSFET CONNECTIONS
2026-08-10 17:36:33 +0200: Memory Usage (478488K) : Starting LVS RF-MOSFET CONNECTIONS
2026-08-10 17:36:33 +0200: Memory Usage (478488K) : Starting LVS BJT CONNECTIONS
2026-08-10 17:36:33 +0200: Memory Usage (478488K) : Starting LVS DIODE CONNECTIONS
2026-08-10 17:36:33 +0200: Memory Usage (478488K) : Starting RESISTOR CONNECTIONS
2026-08-10 17:36:33 +0200: Memory Usage (478488K) : Starting LVS CAP CONNECTIONS
2026-08-10 17:36:33 +0200: Memory Usage (478488K) : Starting CAP_CMOM CONNECTIONS
2026-08-10 17:36:33 +0200: Memory Usage (478488K) : Starting ESD CONNECTIONS
2026-08-10 17:36:33 +0200: Memory Usage (478488K) : Starting Inductor CONNECTIONS
2026-08-10 17:36:33 +0200: Memory Usage (478488K) : Starting LVS Taps CONNECTIONS
2026-08-10 17:36:33 +0200: Memory Usage (478488K) : Starting SG13G2 LVS DEVICES EXTRACTION
2026-08-10 17:36:33 +0200: Memory Usage (478488K) : Starting MOSFET EXTRACTION
2026-08-10 17:36:33 +0200: Memory Usage (478488K) : Starting NMOS EXTRACTION
2026-08-10 17:36:33 +0200: Memory Usage (478488K) : Extraction of NMOS-LV transistor
2026-08-10 17:36:33 +0200: Memory Usage (478616K) : Extraction of NMOS-HV transistor
2026-08-10 17:36:33 +0200: Memory Usage (478616K) : Starting PMOS EXTRACTION
2026-08-10 17:36:33 +0200: Memory Usage (478616K) : Extraction of PMOS-LV transistor
2026-08-10 17:36:33 +0200: Memory Usage (478616K) : Extraction of PMOS-HV transistor
2026-08-10 17:36:33 +0200: Memory Usage (478616K) : Starting RF-MOSFET EXTRACTION
2026-08-10 17:36:33 +0200: Memory Usage (478616K) : Extraction of RF-NMOS-LV transistor
2026-08-10 17:36:33 +0200: Memory Usage (478616K) : Extraction of RF-NMOS-HV transistor
2026-08-10 17:36:33 +0200: Memory Usage (478616K) : Extraction of RF-PMOS-LV transistor
2026-08-10 17:36:33 +0200: Memory Usage (478616K) : Extraction of RF-PMOS-HV transistor
2026-08-10 17:36:33 +0200: Memory Usage (478616K) : Starting BJT EXTRACTION
2026-08-10 17:36:33 +0200: Memory Usage (478616K) : Starting NPN-BJT EXTRACTION
2026-08-10 17:36:33 +0200: Memory Usage (478616K) : Extraction of npn13G2 BJT transistor
2026-08-10 17:36:33 +0200: Memory Usage (478616K) : Extraction of npn13G2L BJT transistor
2026-08-10 17:36:33 +0200: Memory Usage (478616K) : Extraction of npn13G2V BJT transistor
2026-08-10 17:36:33 +0200: Memory Usage (478616K) : Starting PNP-BJT EXTRACTION
2026-08-10 17:36:33 +0200: Memory Usage (478616K) : Extracting pnpMPA BJT
2026-08-10 17:36:33 +0200: Memory Usage (478616K) : Starting DIODE EXTRACTION
2026-08-10 17:36:33 +0200: Memory Usage (478616K) : Extracting dantenna diode
2026-08-10 17:36:33 +0200: Memory Usage (478616K) : Extracting dpantenna diode
2026-08-10 17:36:33 +0200: Memory Usage (478616K) : Extracting schottky_nbl1 diode
2026-08-10 17:36:33 +0200: Memory Usage (478616K) : Extracting isolbox diode
2026-08-10 17:36:33 +0200: Memory Usage (478616K) : Starting RESISTOR EXTRACTION
2026-08-10 17:36:33 +0200: Memory Usage (478616K) : Extracting rsil resistor
2026-08-10 17:36:33 +0200: Memory Usage (478616K) : Extracting rppd resistor
2026-08-10 17:36:33 +0200: Memory Usage (478616K) : Extracting rhigh resistor
2026-08-10 17:36:33 +0200: Memory Usage (478616K) : Extracting res_metal1 resistor
2026-08-10 17:36:33 +0200: Memory Usage (478744K) : Extracting res_metal2 resistor
2026-08-10 17:36:33 +0200: Memory Usage (478744K) : Extracting res_metal3 resistor
2026-08-10 17:36:33 +0200: Memory Usage (478744K) : Extracting res_metal4 resistor
2026-08-10 17:36:33 +0200: Memory Usage (478744K) : Extracting res_metal5 resistor
2026-08-10 17:36:33 +0200: Memory Usage (478744K) : Extracting res_topmetal1 resistor
2026-08-10 17:36:33 +0200: Memory Usage (478744K) : Extracting res_topmetal2 resistor
2026-08-10 17:36:33 +0200: Memory Usage (478744K) : Starting CAP EXTRACTION
2026-08-10 17:36:33 +0200: Memory Usage (478744K) : Extracting cap_cmim device
2026-08-10 17:36:33 +0200: Memory Usage (478744K) : Extracting rfcmim device
2026-08-10 17:36:33 +0200: Memory Usage (478744K) : Extracting sg13_hv_svaricap varactor
2026-08-10 17:36:33 +0200: Memory Usage (478744K) : Extracting cap_cmomi device
2026-08-10 17:36:33 +0200: Memory Usage (478744K) : Extracting sg13_moscap_n capacitor
2026-08-10 17:36:33 +0200: Memory Usage (478744K) : Extracting sg13_moscap_p capacitor
2026-08-10 17:36:33 +0200: Memory Usage (478744K) : Starting ESD EXTRACTION
2026-08-10 17:36:33 +0200: Memory Usage (478744K) : Extracting diodevdd_2kv ESD device
2026-08-10 17:36:33 +0200: Memory Usage (478744K) : Extracting diodevdd_4kv ESD device
2026-08-10 17:36:33 +0200: Memory Usage (478744K) : Extracting diodevss_2kv ESD device
2026-08-10 17:36:33 +0200: Memory Usage (478744K) : Extracting diodevss_4kv ESD device
2026-08-10 17:36:33 +0200: Memory Usage (478744K) : Extracting idiodevdd_2kv ESD device
2026-08-10 17:36:33 +0200: Memory Usage (478744K) : Extracting idiodevdd_4kv ESD device
2026-08-10 17:36:33 +0200: Memory Usage (478744K) : Extracting idiodevss_2kv ESD device
2026-08-10 17:36:33 +0200: Memory Usage (478744K) : Extracting idiodevss_4kv ESD device
2026-08-10 17:36:33 +0200: Memory Usage (478744K) : Extracting nmoscl_2 ESD device
2026-08-10 17:36:33 +0200: Memory Usage (478744K) : Extracting nmoscl_4 ESD device
2026-08-10 17:36:33 +0200: Memory Usage (478744K) : Starting Inductor EXTRACTION
2026-08-10 17:36:33 +0200: Memory Usage (478744K) : Extracting Inductor2 device
2026-08-10 17:36:33 +0200: Memory Usage (478744K) : Extracting Inductor3 device
2026-08-10 17:36:33 +0200: Memory Usage (478744K) : Starting Taps EXTRACTION
2026-08-10 17:36:33 +0200: Memory Usage (478744K) : Extracting ntap1 device
2026-08-10 17:36:33 +0200: Memory Usage (478744K) : Extracting ptap1 device
2026-08-10 17:36:33 +0200: Memory Usage (478744K) : Starting SG13G2 LVS RF MOS Model Mapping
2026-08-10 17:36:34 +0200: Memory Usage (490136K) : [layout_netlist] Apply RF MOS model mapping and rfmode parameter.
2026-08-10 17:36:34 +0200: Memory Usage (490136K) : Starting SG13G2 LVS Options Preparations
2026-08-10 17:36:34 +0200: Memory Usage (490136K) : SG13G2 LVS flow: extraction -> alignment -> option preparation -> comparison.
2026-08-10 17:36:34 +0200: Memory Usage (490136K) : Starting SG13G2 LVS Alignment
2026-08-10 17:36:34 +0200: Memory Usage (490264K) : Starting SG13G2 LVS Simplification
2026-08-10 17:36:34 +0200: Memory Usage (490264K) : [layout_netlist] simplify: ENABLED
2026-08-10 17:36:34 +0200: Memory Usage (490264K) : [layout_netlist] make_top_level_pins: SKIPPED
2026-08-10 17:36:34 +0200: Memory Usage (490264K) : [layout_netlist] combine_devices: ENABLED
2026-08-10 17:36:34 +0200: Memory Usage (490264K) : [layout_netlist] purge: SKIPPED
2026-08-10 17:36:34 +0200: Memory Usage (490264K) : [layout_netlist] purge_nets: SKIPPED
2026-08-10 17:36:34 +0200: Memory Usage (490264K) : [schematic_netlist] simplify: ENABLED
2026-08-10 17:36:34 +0200: Memory Usage (490264K) : [schematic_netlist] make_top_level_pins: SKIPPED
2026-08-10 17:36:34 +0200: Memory Usage (490264K) : [schematic_netlist] combine_devices: ENABLED
2026-08-10 17:36:34 +0200: Memory Usage (490264K) : [schematic_netlist] purge: SKIPPED
2026-08-10 17:36:34 +0200: Memory Usage (490264K) : [schematic_netlist] purge_nets: SKIPPED
2026-08-10 17:36:34 +0200: Memory Usage (490264K) : Starting SG13G2 LVS Comparison
2026-08-10 17:36:34 +0200: Memory Usage (490264K) : ==========================================
2026-08-10 17:36:34 +0200: Memory Usage (490264K) : INFO : Congratulations! Netlists match.
2026-08-10 17:36:34 +0200: Memory Usage (490264K) : ==========================================
2026-08-10 17:36:34 +0200: Memory Usage (490264K) : LVS Total Run time 6.295672 seconds
10-Aug-2026 17:36:35 | INFO    | ==============================================================================
10-Aug-2026 17:36:35 | INFO    | Important Summary
10-Aug-2026 17:36:35 | INFO    | +------------------+-----------------------------------------------------------------------------------------------+
10-Aug-2026 17:36:35 | INFO    | | Status           | PASS                                                                                          |
10-Aug-2026 17:36:35 | INFO    | | Mode             | COMPARE                                                                                       |
10-Aug-2026 17:36:35 | INFO    | | Outcome          | Comparison mode: PASS (netlists match).                                                       |
10-Aug-2026 17:36:35 | INFO    | | Layout           | sg13g2_IOPadTriOut30mA.gds                                                                    |
10-Aug-2026 17:36:35 | INFO    | | Top Cell         | sg13g2_IOPadTriOut30mA                                                                        |
10-Aug-2026 17:36:35 | INFO    | | Results Dir      | /foss/designs/ihp-open-pdk-regression/IOPADS/lvs_sweep/20260810_173421/sg13g2_IOPadTriOut30mA |
10-Aug-2026 17:36:35 | INFO    | | Warnings         | 0                                                                                             |
10-Aug-2026 17:36:35 | INFO    | | Errors           | 0                                                                                             |
10-Aug-2026 17:36:35 | INFO    | | Run Time (s)     | 11.859                                                                                        |
10-Aug-2026 17:36:35 | INFO    | +------------------+-----------------------------------------------------------------------------------------------+
10-Aug-2026 17:36:35 | INFO    | ==============================================================================
