03-Aug-2026 14:21:51 | INFO    | Your Klayout version is: KLayout 0.30.9 (required >= 0.30.5)
03-Aug-2026 14:21:51 | INFO    | Running SG13G2 LVS checks on design /foss/designs/ihp-open-pdk-regression/IOPADS/layout/sg13g2_IOPadVdd.gds on cell sg13g2_IOPadVdd
2026-08-03 14:21:53 +0200: Memory Usage (455716K) : Starting running SG13G2 Klayout LVS runset on /foss/designs/ihp-open-pdk-regression/IOPADS/layout/sg13g2_IOPadVdd.gds
2026-08-03 14:21:53 +0200: Memory Usage (455716K) : Ruby Version for klayout: 3.2.3
2026-08-03 14:21:53 +0200: Memory Usage (456868K) : Loading database to memory is complete.
2026-08-03 14:21:53 +0200: Memory Usage (456868K) : SG13G2 Klayout LVS runset output at: /foss/designs/ihp-open-pdk-regression/IOPADS/lvs_sweep/20260803_141940/sg13g2_IOPadVdd/sg13g2_IOPadVdd.lvsdb
2026-08-03 14:21:53 +0200: Memory Usage (456868K) : Evaluate switches.
2026-08-03 14:21:53 +0200: Memory Usage (456868K) : Extracted netlist with net names: true
2026-08-03 14:21:53 +0200: Memory Usage (456868K) : Extracted netlist with comments in details: false
2026-08-03 14:21:53 +0200: Memory Usage (456868K) : Selected NET_ONLY option: false
2026-08-03 14:21:53 +0200: Memory Usage (456868K) : Selected LAYOUT_NETLIST option: (none)
2026-08-03 14:21:53 +0200: Memory Usage (456868K) : Selected IGNORE_TOP_PORTS_MISMATCH option: 
2026-08-03 14:21:53 +0200: Memory Usage (456868K) : Selected IMPLICIT_NETS option: (none)
2026-08-03 14:21:53 +0200: Memory Usage (456868K) : Selected TOP_LVL_PINS option: false
2026-08-03 14:21:53 +0200: Memory Usage (456868K) : Selected COMBINE DEVICES option: false
2026-08-03 14:21:53 +0200: Memory Usage (456868K) : Selected PURGE option: false
2026-08-03 14:21:53 +0200: Memory Usage (456868K) : Selected PURGE_NETS option: false
2026-08-03 14:21:53 +0200: Memory Usage (456868K) : Selected SIMPLIFY option: true
2026-08-03 14:21:53 +0200: Memory Usage (456868K) : Selected SERIES_RES option: true
2026-08-03 14:21:54 +0200: Memory Usage (456868K) : Selected PARALLEL_RES option: true
2026-08-03 14:21:54 +0200: Memory Usage (456868K) : Selected DISABLE_TAP_EXTRACTION option: false
2026-08-03 14:21:54 +0200: Memory Usage (456868K) : deep  mode is enabled.
2026-08-03 14:21:54 +0200: Memory Usage (457380K) : Netlist file: /foss/designs/ihp-open-pdk-regression/IOPADS/netlist/pads/sg13g2_IOPadVdd.spi
2026-08-03 14:21:54 +0200: Memory Usage (457380K) : LVS extracted netlist at: /foss/designs/ihp-open-pdk-regression/IOPADS/lvs_sweep/20260803_141940/sg13g2_IOPadVdd/sg13g2_IOPadVdd_extracted.cir
2026-08-03 14:21:54 +0200: Memory Usage (457380K) : Applying SRAM integration support.
2026-08-03 14:21:54 +0200: Memory Usage (457380K) : Starting SG13G2 LVS runset
2026-08-03 14:21:54 +0200: Memory Usage (457380K) : Read in polygons from layers.
2026-08-03 14:21:54 +0200: Memory Usage (458788K) : activ_drw has 40 polygons
2026-08-03 14:21:54 +0200: Memory Usage (458788K) : activ_filler has 0 polygons
2026-08-03 14:21:54 +0200: Memory Usage (458788K) : activ has 40 polygons
2026-08-03 14:21:54 +0200: Memory Usage (458916K) : activ_pin has 0 polygons
2026-08-03 14:21:54 +0200: Memory Usage (458916K) : activ_mask has 0 polygons
2026-08-03 14:21:54 +0200: Memory Usage (459044K) : activ_nofill has 0 polygons
2026-08-03 14:21:54 +0200: Memory Usage (459044K) : activ_OPC has 0 polygons
2026-08-03 14:21:54 +0200: Memory Usage (459172K) : activ_iOPC has 0 polygons
2026-08-03 14:21:54 +0200: Memory Usage (459172K) : activ_noqrc has 0 polygons
2026-08-03 14:21:54 +0200: Memory Usage (459300K) : biwind_drw has 0 polygons
2026-08-03 14:21:54 +0200: Memory Usage (459556K) : biwind_OPC has 0 polygons
2026-08-03 14:21:54 +0200: Memory Usage (459556K) : gatpoly_drw has 132 polygons
2026-08-03 14:21:54 +0200: Memory Usage (459684K) : gatpoly_filler has 0 polygons
2026-08-03 14:21:54 +0200: Memory Usage (459684K) : gatpoly has 132 polygons
2026-08-03 14:21:54 +0200: Memory Usage (459812K) : gatpoly_pin has 0 polygons
2026-08-03 14:21:54 +0200: Memory Usage (459812K) : gatpoly_nofill has 0 polygons
2026-08-03 14:21:54 +0200: Memory Usage (459812K) : gatpoly_OPC has 0 polygons
2026-08-03 14:21:54 +0200: Memory Usage (459812K) : gatpoly_iOPC has 0 polygons
2026-08-03 14:21:54 +0200: Memory Usage (459940K) : gatpoly_noqrc has 0 polygons
2026-08-03 14:21:54 +0200: Memory Usage (460324K) : cont_drw has 23192 polygons
2026-08-03 14:21:54 +0200: Memory Usage (460580K) : cont_OPC has 0 polygons
2026-08-03 14:21:54 +0200: Memory Usage (460708K) : nsd_drw has 0 polygons
2026-08-03 14:21:54 +0200: Memory Usage (460708K) : nsd_block has 0 polygons
2026-08-03 14:21:54 +0200: Memory Usage (460708K) : metal1_drw has 410 polygons
2026-08-03 14:21:54 +0200: Memory Usage (460836K) : metal1_filler has 0 polygons
2026-08-03 14:21:54 +0200: Memory Usage (460836K) : metal1_slit has 0 polygons
2026-08-03 14:21:54 +0200: Memory Usage (460964K) : metal1 has 410 polygons
2026-08-03 14:21:54 +0200: Memory Usage (461092K) : metal1_pin has 5 polygons
2026-08-03 14:21:54 +0200: Memory Usage (461092K) : metal1_mask has 0 polygons
2026-08-03 14:21:54 +0200: Memory Usage (461220K) : metal1_nofill has 0 polygons
2026-08-03 14:21:54 +0200: Memory Usage (461476K) : metal1_text has 5 polygons
2026-08-03 14:21:54 +0200: Memory Usage (461604K) : metal1_OPC has 0 polygons
2026-08-03 14:21:54 +0200: Memory Usage (461604K) : metal1_noqrc has 0 polygons
2026-08-03 14:21:54 +0200: Memory Usage (461732K) : metal1_res has 0 polygons
2026-08-03 14:21:54 +0200: Memory Usage (461732K) : metal1_iprobe has 0 polygons
2026-08-03 14:21:54 +0200: Memory Usage (461860K) : metal1_diffprb has 0 polygons
2026-08-03 14:21:54 +0200: Memory Usage (461860K) : passiv_drw has 0 polygons
2026-08-03 14:21:54 +0200: Memory Usage (461988K) : passiv_pin has 0 polygons
2026-08-03 14:21:54 +0200: Memory Usage (461988K) : passiv_sbump has 0 polygons
2026-08-03 14:21:54 +0200: Memory Usage (462116K) : passiv_pillar has 0 polygons
2026-08-03 14:21:54 +0200: Memory Usage (462116K) : passiv_pdl has 0 polygons
2026-08-03 14:21:54 +0200: Memory Usage (462116K) : metal2_drw has 87 polygons
2026-08-03 14:21:54 +0200: Memory Usage (462244K) : metal2_filler has 0 polygons
2026-08-03 14:21:54 +0200: Memory Usage (462244K) : metal2_slit has 0 polygons
2026-08-03 14:21:54 +0200: Memory Usage (462372K) : metal2 has 87 polygons
2026-08-03 14:21:54 +0200: Memory Usage (462500K) : metal2_pin has 26 polygons
2026-08-03 14:21:54 +0200: Memory Usage (462500K) : metal2_mask has 0 polygons
2026-08-03 14:21:54 +0200: Memory Usage (462628K) : metal2_nofill has 0 polygons
2026-08-03 14:21:54 +0200: Memory Usage (462628K) : metal2_text has 26 polygons
2026-08-03 14:21:54 +0200: Memory Usage (462756K) : metal2_OPC has 0 polygons
2026-08-03 14:21:54 +0200: Memory Usage (462756K) : metal2_noqrc has 0 polygons
2026-08-03 14:21:54 +0200: Memory Usage (462756K) : metal2_res has 0 polygons
2026-08-03 14:21:54 +0200: Memory Usage (462884K) : metal2_iprobe has 0 polygons
2026-08-03 14:21:54 +0200: Memory Usage (462884K) : metal2_diffprb has 0 polygons
2026-08-03 14:21:54 +0200: Memory Usage (463012K) : baspoly_drw has 0 polygons
2026-08-03 14:21:54 +0200: Memory Usage (463012K) : baspoly_pin has 0 polygons
2026-08-03 14:21:54 +0200: Memory Usage (463140K) : psd_drw has 15 polygons
2026-08-03 14:21:54 +0200: Memory Usage (463140K) : nldb_drw has 0 polygons
2026-08-03 14:21:54 +0200: Memory Usage (463268K) : digibnd_drw has 0 polygons
2026-08-03 14:21:54 +0200: Memory Usage (463268K) : via1_drw has 4146 polygons
2026-08-03 14:21:54 +0200: Memory Usage (463396K) : backmetal1_drw has 0 polygons
2026-08-03 14:21:54 +0200: Memory Usage (463524K) : backmetal1_pin has 0 polygons
2026-08-03 14:21:54 +0200: Memory Usage (463524K) : backmetal1_mask has 0 polygons
2026-08-03 14:21:54 +0200: Memory Usage (463652K) : backmetal1_filler has 0 polygons
2026-08-03 14:21:54 +0200: Memory Usage (463652K) : backmetal1_nofill has 0 polygons
2026-08-03 14:21:54 +0200: Memory Usage (463780K) : backmetal1_slit has 0 polygons
2026-08-03 14:21:54 +0200: Memory Usage (463780K) : backmetal1_text has 0 polygons
2026-08-03 14:21:54 +0200: Memory Usage (463908K) : backmetal1_OPC has 0 polygons
2026-08-03 14:21:54 +0200: Memory Usage (463908K) : backmetal1_noqrc has 0 polygons
2026-08-03 14:21:54 +0200: Memory Usage (464036K) : backmetal1_res has 0 polygons
2026-08-03 14:21:54 +0200: Memory Usage (464036K) : backmetal1_iprobe has 0 polygons
2026-08-03 14:21:54 +0200: Memory Usage (464164K) : backmetal1_diffprb has 0 polygons
2026-08-03 14:21:54 +0200: Memory Usage (464164K) : backpassiv_drw has 0 polygons
2026-08-03 14:21:54 +0200: Memory Usage (464164K) : res_drw has 0 polygons
2026-08-03 14:21:54 +0200: Memory Usage (464292K) : sram_drw has 0 polygons
2026-08-03 14:21:54 +0200: Memory Usage (464292K) : trans_drw has 0 polygons
2026-08-03 14:21:54 +0200: Memory Usage (464420K) : ind_drw has 0 polygons
2026-08-03 14:21:54 +0200: Memory Usage (464420K) : ind_pin has 0 polygons
2026-08-03 14:21:54 +0200: Memory Usage (464548K) : ind_text has 0 polygons
2026-08-03 14:21:54 +0200: Memory Usage (464548K) : salblock_drw has 1 polygons
2026-08-03 14:21:54 +0200: Memory Usage (464676K) : via2_drw has 2614 polygons
2026-08-03 14:21:54 +0200: Memory Usage (464804K) : metal3_drw has 30 polygons
2026-08-03 14:21:54 +0200: Memory Usage (464804K) : metal3_filler has 0 polygons
2026-08-03 14:21:54 +0200: Memory Usage (464932K) : metal3_slit has 0 polygons
2026-08-03 14:21:54 +0200: Memory Usage (464932K) : metal3 has 30 polygons
2026-08-03 14:21:54 +0200: Memory Usage (465060K) : metal3_pin has 8 polygons
2026-08-03 14:21:54 +0200: Memory Usage (465060K) : metal3_mask has 0 polygons
2026-08-03 14:21:54 +0200: Memory Usage (465188K) : metal3_nofill has 0 polygons
2026-08-03 14:21:54 +0200: Memory Usage (465188K) : metal3_text has 8 polygons
2026-08-03 14:21:54 +0200: Memory Usage (465316K) : metal3_OPC has 0 polygons
2026-08-03 14:21:54 +0200: Memory Usage (465316K) : metal3_noqrc has 0 polygons
2026-08-03 14:21:54 +0200: Memory Usage (465444K) : metal3_res has 0 polygons
2026-08-03 14:21:54 +0200: Memory Usage (465444K) : metal3_iprobe has 0 polygons
2026-08-03 14:21:54 +0200: Memory Usage (465572K) : metal3_diffprb has 0 polygons
2026-08-03 14:21:54 +0200: Memory Usage (465572K) : nwell_drw has 65 polygons
2026-08-03 14:21:54 +0200: Memory Usage (465700K) : nwell_pin has 0 polygons
2026-08-03 14:21:54 +0200: Memory Usage (465700K) : nwell_text has 0 polygons
2026-08-03 14:21:54 +0200: Memory Usage (465700K) : nbulay_drw has 0 polygons
2026-08-03 14:21:54 +0200: Memory Usage (465828K) : nbulay_pin has 0 polygons
2026-08-03 14:21:54 +0200: Memory Usage (465828K) : nbulay_block has 0 polygons
2026-08-03 14:21:54 +0200: Memory Usage (465956K) : emwind_drw has 0 polygons
2026-08-03 14:21:54 +0200: Memory Usage (465956K) : emwind_OPC has 0 polygons
2026-08-03 14:21:54 +0200: Memory Usage (466084K) : deepco_drw has 0 polygons
2026-08-03 14:21:54 +0200: Memory Usage (466084K) : mim_drw has 0 polygons
2026-08-03 14:21:54 +0200: Memory Usage (466212K) : edgeseal_drw has 0 polygons
2026-08-03 14:21:54 +0200: Memory Usage (466212K) : substrate_drw has 14 polygons
2026-08-03 14:21:54 +0200: Memory Usage (466340K) : substrate_text has 0 polygons
2026-08-03 14:21:54 +0200: Memory Usage (466340K) : dfpad_drw has 0 polygons
2026-08-03 14:21:54 +0200: Memory Usage (466468K) : dfpad_pillar has 0 polygons
2026-08-03 14:21:54 +0200: Memory Usage (466468K) : dfpad_sbump has 0 polygons
2026-08-03 14:21:54 +0200: Memory Usage (466596K) : thickgateox_drw has 3 polygons
2026-08-03 14:21:54 +0200: Memory Usage (466596K) : pldb_drw has 0 polygons
2026-08-03 14:21:54 +0200: Memory Usage (466724K) : pwell_drw has 0 polygons
2026-08-03 14:21:54 +0200: Memory Usage (466724K) : pwell_pin has 0 polygons
2026-08-03 14:21:54 +0200: Memory Usage (466852K) : pwell_block has 0 polygons
2026-08-03 14:21:54 +0200: Memory Usage (466852K) : ic_drw has 0 polygons
2026-08-03 14:21:54 +0200: Memory Usage (466852K) : via3_drw has 2087 polygons
2026-08-03 14:21:54 +0200: Memory Usage (466980K) : metal4_drw has 8 polygons
2026-08-03 14:21:54 +0200: Memory Usage (467108K) : metal4_filler has 0 polygons
2026-08-03 14:21:54 +0200: Memory Usage (467108K) : metal4_slit has 0 polygons
2026-08-03 14:21:54 +0200: Memory Usage (467236K) : metal4 has 8 polygons
2026-08-03 14:21:54 +0200: Memory Usage (467236K) : metal4_pin has 8 polygons
2026-08-03 14:21:54 +0200: Memory Usage (467364K) : metal4_mask has 0 polygons
2026-08-03 14:21:54 +0200: Memory Usage (467364K) : metal4_nofill has 0 polygons
2026-08-03 14:21:54 +0200: Memory Usage (467492K) : metal4_text has 8 polygons
2026-08-03 14:21:54 +0200: Memory Usage (467492K) : metal4_OPC has 0 polygons
2026-08-03 14:21:54 +0200: Memory Usage (467620K) : metal4_noqrc has 0 polygons
2026-08-03 14:21:54 +0200: Memory Usage (467620K) : metal4_res has 0 polygons
2026-08-03 14:21:54 +0200: Memory Usage (467748K) : metal4_iprobe has 0 polygons
2026-08-03 14:21:54 +0200: Memory Usage (467748K) : metal4_diffprb has 0 polygons
2026-08-03 14:21:54 +0200: Memory Usage (467876K) : heattrans_drw has 0 polygons
2026-08-03 14:21:54 +0200: Memory Usage (467876K) : heatres_drw has 0 polygons
2026-08-03 14:21:54 +0200: Memory Usage (468004K) : fbe_drw has 0 polygons
2026-08-03 14:21:54 +0200: Memory Usage (468004K) : empoly_drw has 0 polygons
2026-08-03 14:21:54 +0200: Memory Usage (468132K) : digisub_drw has 0 polygons
2026-08-03 14:21:54 +0200: Memory Usage (468132K) : text_drw has 30 polygons
2026-08-03 14:21:54 +0200: Memory Usage (468260K) : via4_drw has 2371 polygons
2026-08-03 14:21:54 +0200: Memory Usage (468388K) : metal5_drw has 8 polygons
2026-08-03 14:21:54 +0200: Memory Usage (468388K) : metal5_filler has 0 polygons
2026-08-03 14:21:54 +0200: Memory Usage (468388K) : metal5_slit has 0 polygons
2026-08-03 14:21:54 +0200: Memory Usage (468516K) : metal5 has 8 polygons
2026-08-03 14:21:54 +0200: Memory Usage (468644K) : metal5_pin has 8 polygons
2026-08-03 14:21:54 +0200: Memory Usage (468644K) : metal5_mask has 0 polygons
2026-08-03 14:21:54 +0200: Memory Usage (468772K) : metal5_nofill has 0 polygons
2026-08-03 14:21:54 +0200: Memory Usage (468772K) : metal5_text has 8 polygons
2026-08-03 14:21:54 +0200: Memory Usage (468900K) : metal5_OPC has 0 polygons
2026-08-03 14:21:54 +0200: Memory Usage (468900K) : metal5_noqrc has 0 polygons
2026-08-03 14:21:54 +0200: Memory Usage (469028K) : metal5_res has 0 polygons
2026-08-03 14:21:54 +0200: Memory Usage (469028K) : metal5_iprobe has 0 polygons
2026-08-03 14:21:54 +0200: Memory Usage (469156K) : metal5_diffprb has 0 polygons
2026-08-03 14:21:54 +0200: Memory Usage (469156K) : radhard_drw has 0 polygons
2026-08-03 14:21:54 +0200: Memory Usage (469156K) : memcap_drw has 0 polygons
2026-08-03 14:21:54 +0200: Memory Usage (469284K) : varicap_drw has 0 polygons
2026-08-03 14:21:54 +0200: Memory Usage (469284K) : intbondvia_drw has 0 polygons
2026-08-03 14:21:54 +0200: Memory Usage (469412K) : intbondmet_drw has 0 polygons
2026-08-03 14:21:54 +0200: Memory Usage (469412K) : devbondvia_drw has 0 polygons
2026-08-03 14:21:54 +0200: Memory Usage (469540K) : devbondmet_drw has 0 polygons
2026-08-03 14:21:54 +0200: Memory Usage (469540K) : devtrench_drw has 0 polygons
2026-08-03 14:21:54 +0200: Memory Usage (469668K) : redist_drw has 0 polygons
2026-08-03 14:21:54 +0200: Memory Usage (469668K) : graphbot_drw has 0 polygons
2026-08-03 14:21:54 +0200: Memory Usage (469668K) : graphtop_drw has 0 polygons
2026-08-03 14:21:54 +0200: Memory Usage (469668K) : antvia1_drw has 0 polygons
2026-08-03 14:21:54 +0200: Memory Usage (469668K) : antmetal2_drw has 0 polygons
2026-08-03 14:21:54 +0200: Memory Usage (469668K) : graphcont_drw has 0 polygons
2026-08-03 14:21:54 +0200: Memory Usage (469668K) : siwg_drw has 0 polygons
2026-08-03 14:21:54 +0200: Memory Usage (469796K) : siwg_filler has 0 polygons
2026-08-03 14:21:54 +0200: Memory Usage (469796K) : siwg_nofill has 0 polygons
2026-08-03 14:21:54 +0200: Memory Usage (469924K) : sigrating_drw has 0 polygons
2026-08-03 14:21:54 +0200: Memory Usage (469924K) : singrating_drw has 0 polygons
2026-08-03 14:21:54 +0200: Memory Usage (470052K) : graphpas_drw has 0 polygons
2026-08-03 14:21:54 +0200: Memory Usage (470052K) : emwind3_drw has 0 polygons
2026-08-03 14:21:54 +0200: Memory Usage (470052K) : emwihv3_drw has 0 polygons
2026-08-03 14:21:54 +0200: Memory Usage (470052K) : redbulay_drw has 0 polygons
2026-08-03 14:21:54 +0200: Memory Usage (470052K) : smos_drw has 0 polygons
2026-08-03 14:21:54 +0200: Memory Usage (470052K) : graphpad_drw has 0 polygons
2026-08-03 14:21:54 +0200: Memory Usage (470052K) : polimide_drw has 0 polygons
2026-08-03 14:21:54 +0200: Memory Usage (470052K) : polimide_pin has 0 polygons
2026-08-03 14:21:54 +0200: Memory Usage (470052K) : recog_drw has 0 polygons
2026-08-03 14:21:54 +0200: Memory Usage (470052K) : recog_pin has 0 polygons
2026-08-03 14:21:54 +0200: Memory Usage (470052K) : recog_esd has 0 polygons
2026-08-03 14:21:54 +0200: Memory Usage (470052K) : recog_diode has 1 polygons
2026-08-03 14:21:54 +0200: Memory Usage (470052K) : recog_tsv has 0 polygons
2026-08-03 14:21:54 +0200: Memory Usage (470052K) : recog_iprobe has 0 polygons
2026-08-03 14:21:54 +0200: Memory Usage (470052K) : recog_diffprb has 0 polygons
2026-08-03 14:21:54 +0200: Memory Usage (470052K) : recog_pillar has 0 polygons
2026-08-03 14:21:54 +0200: Memory Usage (470052K) : recog_sbump has 0 polygons
2026-08-03 14:21:54 +0200: Memory Usage (470052K) : recog_otp has 0 polygons
2026-08-03 14:21:54 +0200: Memory Usage (470052K) : recog_pdiode has 0 polygons
2026-08-03 14:21:54 +0200: Memory Usage (470052K) : recog_mom has 0 polygons
2026-08-03 14:21:54 +0200: Memory Usage (470052K) : recog_pcm has 0 polygons
2026-08-03 14:21:54 +0200: Memory Usage (470052K) : colopen_drw has 0 polygons
2026-08-03 14:21:54 +0200: Memory Usage (470052K) : graphmetal1_drw has 0 polygons
2026-08-03 14:21:54 +0200: Memory Usage (470052K) : graphmetal1_filler has 0 polygons
2026-08-03 14:21:54 +0200: Memory Usage (470052K) : graphmetal1_nofill has 0 polygons
2026-08-03 14:21:54 +0200: Memory Usage (470052K) : graphmetal1_slit has 0 polygons
2026-08-03 14:21:54 +0200: Memory Usage (470052K) : graphmetal1_OPC has 0 polygons
2026-08-03 14:21:54 +0200: Memory Usage (470052K) : graphmet1l_drw has 0 polygons
2026-08-03 14:21:54 +0200: Memory Usage (470052K) : graphmet1l_filler has 0 polygons
2026-08-03 14:21:54 +0200: Memory Usage (470052K) : graphmet1l_nofill has 0 polygons
2026-08-03 14:21:54 +0200: Memory Usage (470052K) : graphmet1l_slit has 0 polygons
2026-08-03 14:21:54 +0200: Memory Usage (470052K) : graphmet1l_OPC has 0 polygons
2026-08-03 14:21:54 +0200: Memory Usage (470052K) : extblock_drw has 1 polygons
2026-08-03 14:21:54 +0200: Memory Usage (470052K) : nldd_drw has 0 polygons
2026-08-03 14:21:54 +0200: Memory Usage (470052K) : pldd_drw has 0 polygons
2026-08-03 14:21:54 +0200: Memory Usage (470052K) : next_drw has 0 polygons
2026-08-03 14:21:54 +0200: Memory Usage (470052K) : pext_drw has 0 polygons
2026-08-03 14:21:54 +0200: Memory Usage (470052K) : nexthv_drw has 0 polygons
2026-08-03 14:21:54 +0200: Memory Usage (470052K) : pexthv_drw has 0 polygons
2026-08-03 14:21:54 +0200: Memory Usage (470052K) : graphgate_drw has 0 polygons
2026-08-03 14:21:54 +0200: Memory Usage (470052K) : sinwg_drw has 0 polygons
2026-08-03 14:21:54 +0200: Memory Usage (470052K) : sinwg_filler has 0 polygons
2026-08-03 14:21:54 +0200: Memory Usage (470052K) : sinwg_nofill has 0 polygons
2026-08-03 14:21:54 +0200: Memory Usage (470052K) : mempad_drw has 0 polygons
2026-08-03 14:21:54 +0200: Memory Usage (470052K) : topvia1_drw has 2315 polygons
2026-08-03 14:21:54 +0200: Memory Usage (470052K) : topmetal1_drw has 8 polygons
2026-08-03 14:21:54 +0200: Memory Usage (470052K) : topmetal1_filler has 0 polygons
2026-08-03 14:21:54 +0200: Memory Usage (470052K) : topmetal1_slit has 0 polygons
2026-08-03 14:21:54 +0200: Memory Usage (470052K) : topmetal1 has 8 polygons
2026-08-03 14:21:54 +0200: Memory Usage (470052K) : topmetal1_pin has 8 polygons
2026-08-03 14:21:54 +0200: Memory Usage (470052K) : topmetal1_mask has 0 polygons
2026-08-03 14:21:54 +0200: Memory Usage (470052K) : topmetal1_nofill has 0 polygons
2026-08-03 14:21:54 +0200: Memory Usage (470052K) : topmetal1_text has 8 polygons
2026-08-03 14:21:54 +0200: Memory Usage (470052K) : topmetal1_noqrc has 0 polygons
2026-08-03 14:21:54 +0200: Memory Usage (470052K) : topmetal1_res has 0 polygons
2026-08-03 14:21:54 +0200: Memory Usage (470052K) : topmetal1_iprobe has 0 polygons
2026-08-03 14:21:54 +0200: Memory Usage (470052K) : topmetal1_diffprb has 0 polygons
2026-08-03 14:21:54 +0200: Memory Usage (470052K) : inldpwl_drw has 0 polygons
2026-08-03 14:21:54 +0200: Memory Usage (470052K) : polyres_drw has 0 polygons
2026-08-03 14:21:54 +0200: Memory Usage (470052K) : polyres_pin has 0 polygons
2026-08-03 14:21:54 +0200: Memory Usage (470052K) : vmim_drw has 0 polygons
2026-08-03 14:21:54 +0200: Memory Usage (470052K) : nbulaycut_drw has 0 polygons
2026-08-03 14:21:54 +0200: Memory Usage (470052K) : antmetal1_drw has 0 polygons
2026-08-03 14:21:54 +0200: Memory Usage (470052K) : topvia2_drw has 443 polygons
2026-08-03 14:21:54 +0200: Memory Usage (470052K) : topmetal2_drw has 12 polygons
2026-08-03 14:21:54 +0200: Memory Usage (470052K) : topmetal2_filler has 0 polygons
2026-08-03 14:21:54 +0200: Memory Usage (470052K) : topmetal2_slit has 0 polygons
2026-08-03 14:21:54 +0200: Memory Usage (470052K) : topmetal2 has 12 polygons
2026-08-03 14:21:54 +0200: Memory Usage (470052K) : topmetal2_pin has 12 polygons
2026-08-03 14:21:54 +0200: Memory Usage (470052K) : topmetal2_mask has 0 polygons
2026-08-03 14:21:54 +0200: Memory Usage (470052K) : topmetal2_nofill has 0 polygons
2026-08-03 14:21:54 +0200: Memory Usage (470052K) : topmetal2_text has 12 polygons
2026-08-03 14:21:54 +0200: Memory Usage (470052K) : topmetal2_noqrc has 0 polygons
2026-08-03 14:21:54 +0200: Memory Usage (470052K) : topmetal2_res has 0 polygons
2026-08-03 14:21:54 +0200: Memory Usage (470052K) : topmetal2_iprobe has 0 polygons
2026-08-03 14:21:54 +0200: Memory Usage (470052K) : topmetal2_diffprb has 0 polygons
2026-08-03 14:21:54 +0200: Memory Usage (470052K) : snsring_drw has 0 polygons
2026-08-03 14:21:54 +0200: Memory Usage (470052K) : sensor_drw has 0 polygons
2026-08-03 14:21:54 +0200: Memory Usage (470052K) : snsarms_drw has 0 polygons
2026-08-03 14:21:54 +0200: Memory Usage (470052K) : snscmosvia_drw has 0 polygons
2026-08-03 14:21:54 +0200: Memory Usage (470052K) : colwind_drw has 0 polygons
2026-08-03 14:21:54 +0200: Memory Usage (470052K) : flm_drw has 0 polygons
2026-08-03 14:21:54 +0200: Memory Usage (470052K) : hafniumox_drw has 0 polygons
2026-08-03 14:21:54 +0200: Memory Usage (470052K) : memvia_drw has 0 polygons
2026-08-03 14:21:54 +0200: Memory Usage (470052K) : thinfilmres_drw has 0 polygons
2026-08-03 14:21:54 +0200: Memory Usage (470052K) : rfmem_drw has 0 polygons
2026-08-03 14:21:54 +0200: Memory Usage (470052K) : norcx_drw has 0 polygons
2026-08-03 14:21:54 +0200: Memory Usage (470052K) : norcx_m2m3 has 0 polygons
2026-08-03 14:21:54 +0200: Memory Usage (470052K) : norcx_m2m4 has 0 polygons
2026-08-03 14:21:54 +0200: Memory Usage (470052K) : norcx_m2m5 has 0 polygons
2026-08-03 14:21:54 +0200: Memory Usage (470052K) : norcx_m2tm1 has 0 polygons
2026-08-03 14:21:54 +0200: Memory Usage (470052K) : norcx_m2tm2 has 0 polygons
2026-08-03 14:21:54 +0200: Memory Usage (470052K) : norcx_m3m4 has 0 polygons
2026-08-03 14:21:54 +0200: Memory Usage (470052K) : norcx_m3m5 has 0 polygons
2026-08-03 14:21:54 +0200: Memory Usage (470052K) : norcx_m3tm1 has 0 polygons
2026-08-03 14:21:54 +0200: Memory Usage (470052K) : norcx_m3tm2 has 0 polygons
2026-08-03 14:21:54 +0200: Memory Usage (470052K) : norcx_m4m5 has 0 polygons
2026-08-03 14:21:54 +0200: Memory Usage (470052K) : norcx_m4tm1 has 0 polygons
2026-08-03 14:21:54 +0200: Memory Usage (470052K) : norcx_m4tm2 has 0 polygons
2026-08-03 14:21:54 +0200: Memory Usage (470052K) : norcx_m5tm1 has 0 polygons
2026-08-03 14:21:54 +0200: Memory Usage (470052K) : norcx_m5tm2 has 0 polygons
2026-08-03 14:21:54 +0200: Memory Usage (470052K) : norcx_tm1tm2 has 0 polygons
2026-08-03 14:21:54 +0200: Memory Usage (470052K) : norcx_m1sub has 0 polygons
2026-08-03 14:21:54 +0200: Memory Usage (470052K) : norcx_m2sub has 0 polygons
2026-08-03 14:21:54 +0200: Memory Usage (470052K) : norcx_m3sub has 0 polygons
2026-08-03 14:21:54 +0200: Memory Usage (470052K) : norcx_m4sub has 0 polygons
2026-08-03 14:21:54 +0200: Memory Usage (470052K) : norcx_m5sub has 0 polygons
2026-08-03 14:21:54 +0200: Memory Usage (470052K) : norcx_tm1sub has 0 polygons
2026-08-03 14:21:54 +0200: Memory Usage (470052K) : norcx_tm2sub has 0 polygons
2026-08-03 14:21:54 +0200: Memory Usage (470052K) : snsbotvia_drw has 0 polygons
2026-08-03 14:21:54 +0200: Memory Usage (470052K) : snstopvia_drw has 0 polygons
2026-08-03 14:21:54 +0200: Memory Usage (470052K) : deepvia_drw has 0 polygons
2026-08-03 14:21:54 +0200: Memory Usage (470052K) : fgetch_drw has 0 polygons
2026-08-03 14:21:54 +0200: Memory Usage (470052K) : ctrgat_drw has 0 polygons
2026-08-03 14:21:54 +0200: Memory Usage (470052K) : fgimp_drw has 0 polygons
2026-08-03 14:21:54 +0200: Memory Usage (470052K) : emwihv_drw has 0 polygons
2026-08-03 14:21:54 +0200: Memory Usage (470052K) : lbe_drw has 0 polygons
2026-08-03 14:21:54 +0200: Memory Usage (470052K) : alcustop_drw has 0 polygons
2026-08-03 14:21:54 +0200: Memory Usage (470052K) : nometfiller_drw has 0 polygons
2026-08-03 14:21:54 +0200: Memory Usage (470052K) : prboundary_drw has 0 polygons
2026-08-03 14:21:54 +0200: Memory Usage (470052K) : exchange0_drw has 0 polygons
2026-08-03 14:21:54 +0200: Memory Usage (470052K) : exchange0_pin has 0 polygons
2026-08-03 14:21:54 +0200: Memory Usage (470052K) : exchange0_text has 0 polygons
2026-08-03 14:21:54 +0200: Memory Usage (470052K) : exchange1_drw has 0 polygons
2026-08-03 14:21:54 +0200: Memory Usage (470052K) : exchange1_pin has 0 polygons
2026-08-03 14:21:54 +0200: Memory Usage (470052K) : exchange1_text has 0 polygons
2026-08-03 14:21:54 +0200: Memory Usage (470052K) : exchange2_drw has 0 polygons
2026-08-03 14:21:54 +0200: Memory Usage (470052K) : exchange2_pin has 0 polygons
2026-08-03 14:21:54 +0200: Memory Usage (470052K) : exchange2_text has 0 polygons
2026-08-03 14:21:54 +0200: Memory Usage (470052K) : exchange3_drw has 0 polygons
2026-08-03 14:21:54 +0200: Memory Usage (470052K) : exchange3_pin has 0 polygons
2026-08-03 14:21:54 +0200: Memory Usage (470052K) : exchange3_text has 0 polygons
2026-08-03 14:21:54 +0200: Memory Usage (470052K) : exchange4_drw has 0 polygons
2026-08-03 14:21:54 +0200: Memory Usage (470052K) : exchange4_pin has 0 polygons
2026-08-03 14:21:54 +0200: Memory Usage (470052K) : exchange4_text has 0 polygons
2026-08-03 14:21:54 +0200: Memory Usage (470052K) : isonwell_drw has 0 polygons
2026-08-03 14:21:54 +0200: Memory Usage (470052K) : Total no. of polygons in the design is 38183
2026-08-03 14:21:54 +0200: Memory Usage (470052K) : Starting base layers derivations
2026-08-03 14:21:54 +0200: Memory Usage (470052K) : Starting general LVS derivations
2026-08-03 14:21:54 +0200: Memory Usage (476580K) : Starting MOSFET DERIVATIONS
2026-08-03 14:21:55 +0200: Memory Usage (486052K) : Starting NMOS DERIVATIONS
2026-08-03 14:21:55 +0200: Memory Usage (486052K) : Starting PMOS DERIVATIONS
2026-08-03 14:21:55 +0200: Memory Usage (486052K) : Starting RF-MOSFET DERIVATIONS
2026-08-03 14:21:55 +0200: Memory Usage (486052K) : Starting RF-NMOS DERIVATIONS
2026-08-03 14:21:55 +0200: Memory Usage (486052K) : Starting RF-PMOS DERIVATIONS
2026-08-03 14:21:55 +0200: Memory Usage (486052K) : Starting BJT DERIVATIONS
2026-08-03 14:21:55 +0200: Memory Usage (486052K) : Starting NPN-BJT DERIVATIONS
2026-08-03 14:21:55 +0200: Memory Usage (486052K) : Starting PNP-BJT DERIVATIONS
2026-08-03 14:21:55 +0200: Memory Usage (486052K) : Starting DIODE DERIVATIONS
2026-08-03 14:21:55 +0200: Memory Usage (486052K) : Starting RESISTOR DERIVATIONS
2026-08-03 14:21:55 +0200: Memory Usage (486052K) : Starting CAP DERIVATIONS
2026-08-03 14:21:55 +0200: Memory Usage (486052K) : Starting ESD DERIVATIONS
2026-08-03 14:21:55 +0200: Memory Usage (488996K) : Starting Inductor DERIVATIONS
2026-08-03 14:21:56 +0200: Memory Usage (492580K) : Starting Taps DERIVATIONS
2026-08-03 14:21:56 +0200: Memory Usage (492964K) : Starting SG13G2 LVS connectivity setup
2026-08-03 14:21:56 +0200: Memory Usage (492964K) : Starting SG13G2 LVS connectivity setup (Inter-layer)
2026-08-03 14:21:56 +0200: Memory Usage (493092K) : Starting SG13G2 LVS connectivity setup (Global)
2026-08-03 14:21:56 +0200: Memory Usage (493092K) : Starting LVS MOSFET CONNECTIONS
2026-08-03 14:21:56 +0200: Memory Usage (493092K) : Starting LVS RF-MOSFET CONNECTIONS
2026-08-03 14:21:56 +0200: Memory Usage (493092K) : Starting LVS BJT CONNECTIONS
2026-08-03 14:21:56 +0200: Memory Usage (493092K) : Starting LVS DIODE CONNECTIONS
2026-08-03 14:21:56 +0200: Memory Usage (493092K) : Starting RESISTOR CONNECTIONS
2026-08-03 14:21:56 +0200: Memory Usage (493092K) : Starting LVS CAP CONNECTIONS
2026-08-03 14:21:56 +0200: Memory Usage (493092K) : Starting ESD CONNECTIONS
2026-08-03 14:21:56 +0200: Memory Usage (493092K) : Starting Inductor CONNECTIONS
2026-08-03 14:21:56 +0200: Memory Usage (493092K) : Starting LVS Taps CONNECTIONS
2026-08-03 14:21:56 +0200: Memory Usage (493092K) : Starting SG13G2 LVS DEVICES EXTRACTION
2026-08-03 14:21:56 +0200: Memory Usage (493092K) : Starting MOSFET EXTRACTION
2026-08-03 14:21:56 +0200: Memory Usage (493092K) : Starting NMOS EXTRACTION
2026-08-03 14:21:56 +0200: Memory Usage (493092K) : Extraction of NMOS-LV transistor
2026-08-03 14:21:56 +0200: Memory Usage (493092K) : Extraction of NMOS-HV transistor
2026-08-03 14:21:56 +0200: Memory Usage (493348K) : Starting PMOS EXTRACTION
2026-08-03 14:21:56 +0200: Memory Usage (493348K) : Extraction of PMOS-LV transistor
2026-08-03 14:21:56 +0200: Memory Usage (493348K) : Extraction of PMOS-HV transistor
2026-08-03 14:21:56 +0200: Memory Usage (493348K) : Starting RF-MOSFET EXTRACTION
2026-08-03 14:21:56 +0200: Memory Usage (493348K) : Extraction of RF-NMOS-LV transistor
2026-08-03 14:21:56 +0200: Memory Usage (493348K) : Extraction of RF-NMOS-HV transistor
2026-08-03 14:21:56 +0200: Memory Usage (493348K) : Extraction of RF-PMOS-LV transistor
2026-08-03 14:21:56 +0200: Memory Usage (493348K) : Extraction of RF-PMOS-HV transistor
2026-08-03 14:21:56 +0200: Memory Usage (493348K) : Starting BJT EXTRACTION
2026-08-03 14:21:56 +0200: Memory Usage (493348K) : Starting NPN-BJT EXTRACTION
2026-08-03 14:21:56 +0200: Memory Usage (493348K) : Extraction of npn13G2 BJT transistor
2026-08-03 14:21:56 +0200: Memory Usage (493348K) : Extraction of npn13G2L BJT transistor
2026-08-03 14:21:56 +0200: Memory Usage (493348K) : Extraction of npn13G2V BJT transistor
2026-08-03 14:21:56 +0200: Memory Usage (493348K) : Starting PNP-BJT EXTRACTION
2026-08-03 14:21:56 +0200: Memory Usage (493348K) : Extracting pnpMPA BJT
2026-08-03 14:21:56 +0200: Memory Usage (493348K) : Starting DIODE EXTRACTION
2026-08-03 14:21:56 +0200: Memory Usage (493348K) : Extracting dantenna diode
2026-08-03 14:21:56 +0200: Memory Usage (493348K) : Extracting dpantenna diode
2026-08-03 14:21:56 +0200: Memory Usage (493348K) : Extracting schottky_nbl1 diode
2026-08-03 14:21:56 +0200: Memory Usage (493348K) : Extracting isolbox diode
2026-08-03 14:21:56 +0200: Memory Usage (493348K) : Starting RESISTOR EXTRACTION
2026-08-03 14:21:56 +0200: Memory Usage (493348K) : Extracting rsil resistor
2026-08-03 14:21:56 +0200: Memory Usage (493348K) : Extracting rppd resistor
2026-08-03 14:21:56 +0200: Memory Usage (493348K) : Extracting rhigh resistor
2026-08-03 14:21:56 +0200: Memory Usage (493348K) : Extracting res_metal1 resistor
2026-08-03 14:21:56 +0200: Memory Usage (493348K) : Extracting res_metal2 resistor
2026-08-03 14:21:56 +0200: Memory Usage (493348K) : Extracting res_metal3 resistor
2026-08-03 14:21:56 +0200: Memory Usage (493348K) : Extracting res_metal4 resistor
2026-08-03 14:21:56 +0200: Memory Usage (493348K) : Extracting res_metal5 resistor
2026-08-03 14:21:56 +0200: Memory Usage (493348K) : Extracting res_topmetal1 resistor
2026-08-03 14:21:56 +0200: Memory Usage (493348K) : Extracting res_topmetal2 resistor
2026-08-03 14:21:56 +0200: Memory Usage (493348K) : Starting CAP EXTRACTION
2026-08-03 14:21:56 +0200: Memory Usage (493348K) : Extracting cap_cmim device
2026-08-03 14:21:56 +0200: Memory Usage (493348K) : Extracting rfcmim device
2026-08-03 14:21:56 +0200: Memory Usage (493348K) : Extracting sg13_hv_svaricap varactor
2026-08-03 14:21:56 +0200: Memory Usage (493348K) : Starting ESD EXTRACTION
2026-08-03 14:21:56 +0200: Memory Usage (493348K) : Extracting diodevdd_2kv ESD device
2026-08-03 14:21:56 +0200: Memory Usage (493348K) : Extracting diodevdd_4kv ESD device
2026-08-03 14:21:56 +0200: Memory Usage (493348K) : Extracting diodevss_2kv ESD device
2026-08-03 14:21:56 +0200: Memory Usage (493348K) : Extracting diodevss_4kv ESD device
2026-08-03 14:21:56 +0200: Memory Usage (493348K) : Extracting idiodevdd_2kv ESD device
2026-08-03 14:21:56 +0200: Memory Usage (493348K) : Extracting idiodevdd_4kv ESD device
2026-08-03 14:21:56 +0200: Memory Usage (493348K) : Extracting idiodevss_2kv ESD device
2026-08-03 14:21:56 +0200: Memory Usage (493348K) : Extracting idiodevss_4kv ESD device
2026-08-03 14:21:56 +0200: Memory Usage (493348K) : Extracting nmoscl_2 ESD device
2026-08-03 14:21:56 +0200: Memory Usage (493348K) : Extracting nmoscl_4 ESD device
2026-08-03 14:21:56 +0200: Memory Usage (493348K) : Starting Inductor EXTRACTION
2026-08-03 14:21:56 +0200: Memory Usage (493348K) : Extracting Inductor2 device
2026-08-03 14:21:56 +0200: Memory Usage (493348K) : Extracting Inductor3 device
2026-08-03 14:21:56 +0200: Memory Usage (493348K) : Starting Taps EXTRACTION
2026-08-03 14:21:56 +0200: Memory Usage (493348K) : Extracting ntap1 device
2026-08-03 14:21:56 +0200: Memory Usage (493348K) : Extracting ptap1 device
2026-08-03 14:21:56 +0200: Memory Usage (493348K) : Starting SG13G2 LVS RF MOS Model Mapping
2026-08-03 14:21:56 +0200: Memory Usage (493476K) : [layout_netlist] Apply RF MOS model mapping and rfmode parameter.
2026-08-03 14:21:56 +0200: Memory Usage (493476K) : Starting SG13G2 LVS Options Preparations
2026-08-03 14:21:56 +0200: Memory Usage (493476K) : SG13G2 LVS flow: extraction -> alignment -> option preparation -> comparison.
2026-08-03 14:21:56 +0200: Memory Usage (493476K) : Starting SG13G2 LVS Alignment
2026-08-03 14:21:56 +0200: Memory Usage (493604K) : Starting SG13G2 LVS Simplification
2026-08-03 14:21:56 +0200: Memory Usage (493604K) : [layout_netlist] simplify: ENABLED
2026-08-03 14:21:56 +0200: Memory Usage (493604K) : [layout_netlist] make_top_level_pins: SKIPPED
2026-08-03 14:21:56 +0200: Memory Usage (493604K) : [layout_netlist] combine_devices: SKIPPED
2026-08-03 14:21:56 +0200: Memory Usage (493604K) : [layout_netlist] purge: SKIPPED
2026-08-03 14:21:56 +0200: Memory Usage (493604K) : [layout_netlist] purge_nets: SKIPPED
2026-08-03 14:21:56 +0200: Memory Usage (493604K) : [schematic_netlist] simplify: ENABLED
2026-08-03 14:21:56 +0200: Memory Usage (493604K) : [schematic_netlist] make_top_level_pins: SKIPPED
2026-08-03 14:21:56 +0200: Memory Usage (493604K) : [schematic_netlist] combine_devices: SKIPPED
2026-08-03 14:21:56 +0200: Memory Usage (493604K) : [schematic_netlist] purge: SKIPPED
2026-08-03 14:21:56 +0200: Memory Usage (493604K) : [schematic_netlist] purge_nets: SKIPPED
2026-08-03 14:21:56 +0200: Memory Usage (493604K) : Starting SG13G2 LVS Comparison in strict port mode.
2026-08-03 14:21:56 +0200: Memory Usage (493604K) : flag_missing_ports enabled: missing/mislabeled top-level ports are treated as errors.
2026-08-03 14:21:56 +0200: Memory Usage (493604K) : xxxxxxxxxxxxxxxxxxxxxxxxxxxxxxxxxxxxxxxxxx
2026-08-03 14:21:56 +0200: Memory Usage (493604K) : ERROR : Netlists don't match
2026-08-03 14:21:56 +0200: Memory Usage (493604K) : xxxxxxxxxxxxxxxxxxxxxxxxxxxxxxxxxxxxxxxxxx
2026-08-03 14:21:56 +0200: Memory Usage (493604K) : LVS Total Run time 2.772803 seconds
03-Aug-2026 14:21:57 | INFO    | ==============================================================================
03-Aug-2026 14:21:57 | INFO    | Important Summary
03-Aug-2026 14:21:57 | INFO    | +------------------+----------------------------------------------------------------------------------------+
03-Aug-2026 14:21:57 | INFO    | | Status           | FAIL                                                                                   |
03-Aug-2026 14:21:57 | INFO    | | Mode             | COMPARE                                                                                |
03-Aug-2026 14:21:57 | INFO    | | Outcome          | Comparison mode: FAIL (netlists do not match).                                         |
03-Aug-2026 14:21:57 | INFO    | | Layout           | sg13g2_IOPadVdd.gds                                                                    |
03-Aug-2026 14:21:57 | INFO    | | Top Cell         | sg13g2_IOPadVdd                                                                        |
03-Aug-2026 14:21:57 | INFO    | | Results Dir      | /foss/designs/ihp-open-pdk-regression/IOPADS/lvs_sweep/20260803_141940/sg13g2_IOPadVdd |
03-Aug-2026 14:21:57 | INFO    | | Warnings         | 0                                                                                      |
03-Aug-2026 14:21:57 | INFO    | | Errors           | 1                                                                                      |
03-Aug-2026 14:21:57 | INFO    | | Run Time (s)     | 6.232                                                                                  |
03-Aug-2026 14:21:57 | INFO    | +------------------+----------------------------------------------------------------------------------------+
03-Aug-2026 14:21:57 | ERROR   | Key errors:
03-Aug-2026 14:21:57 | ERROR   |   - 2026-08-03 14:21:56 +0200: Memory Usage (493604K) : ERROR : Netlists don't match
03-Aug-2026 14:21:57 | INFO    | ==============================================================================
