# Logfile created on 2026-08-10 18:05:27 +0200 by logger.rb/v1.5.3
2026-08-10 18:05:27 +0200: Memory Usage (455944K) : Starting running SG13G2 Klayout LVS runset on /foss/designs/ihp-open-pdk-regression/IOPADS/layout/sg13g2_IOPadInOut16mA.gds
2026-08-10 18:05:27 +0200: Memory Usage (455944K) : Ruby Version for klayout: 3.2.3
2026-08-10 18:05:27 +0200: Memory Usage (457736K) : Loading database to memory is complete.
2026-08-10 18:05:27 +0200: Memory Usage (457736K) : SG13G2 Klayout LVS runset output at: /foss/designs/ihp-open-pdk-regression/IOPADS/lvs_sweep/20260810_180504/sg13g2_IOPadInOut16mA/sg13g2_IOPadInOut16mA.lvsdb
2026-08-10 18:05:27 +0200: Memory Usage (457736K) : Evaluate switches.
2026-08-10 18:05:27 +0200: Memory Usage (457736K) : Extracted netlist with net names: true
2026-08-10 18:05:27 +0200: Memory Usage (457736K) : Extracted netlist with comments in details: false
2026-08-10 18:05:27 +0200: Memory Usage (457736K) : Selected NET_ONLY option: false
2026-08-10 18:05:27 +0200: Memory Usage (457736K) : Selected LAYOUT_NETLIST option: (none)
2026-08-10 18:05:27 +0200: Memory Usage (457736K) : Selected IGNORE_TOP_PORTS_MISMATCH option: true
2026-08-10 18:05:27 +0200: Memory Usage (457736K) : Selected IMPLICIT_NETS option: iovss,iovdd,vss,vdd,pad,cathode,anode
2026-08-10 18:05:27 +0200: Memory Usage (457736K) : Selected TOP_LVL_PINS option: false
2026-08-10 18:05:27 +0200: Memory Usage (457736K) : Selected COMBINE DEVICES option: true
2026-08-10 18:05:27 +0200: Memory Usage (457736K) : Selected PURGE option: false
2026-08-10 18:05:27 +0200: Memory Usage (457736K) : Selected PURGE_NETS option: false
2026-08-10 18:05:27 +0200: Memory Usage (457736K) : Selected SIMPLIFY option: true
2026-08-10 18:05:27 +0200: Memory Usage (457736K) : Selected SERIES_RES option: true
2026-08-10 18:05:27 +0200: Memory Usage (457736K) : Selected PARALLEL_RES option: true
2026-08-10 18:05:27 +0200: Memory Usage (457736K) : Selected DISABLE_TAP_EXTRACTION option: false
2026-08-10 18:05:27 +0200: Memory Usage (457736K) : deep  mode is enabled.
2026-08-10 18:05:27 +0200: Memory Usage (457736K) : Applying implicit connections (case-sensitive, pattern supported) for nets: iovss, iovdd, vss, vdd, pad, cathode, anode
2026-08-10 18:05:27 +0200: Memory Usage (459272K) : Netlist file: /foss/designs/ihp-open-pdk-regression/IOPADS/netlist/pads_sub/sg13g2_IOPadInOut16mA.spi
2026-08-10 18:05:27 +0200: Memory Usage (459272K) : LVS extracted netlist at: /foss/designs/ihp-open-pdk-regression/IOPADS/lvs_sweep/20260810_180504/sg13g2_IOPadInOut16mA/sg13g2_IOPadInOut16mA_extracted.cir
2026-08-10 18:05:27 +0200: Memory Usage (459272K) : Applying SRAM integration support.
2026-08-10 18:05:27 +0200: Memory Usage (459272K) : Starting SG13G2 LVS runset
2026-08-10 18:05:27 +0200: Memory Usage (459272K) : Read in polygons from layers.
2026-08-10 18:05:27 +0200: Memory Usage (460552K) : activ_drw has 110 polygons
2026-08-10 18:05:27 +0200: Memory Usage (460680K) : activ_filler has 0 polygons
2026-08-10 18:05:27 +0200: Memory Usage (460808K) : activ has 110 polygons
2026-08-10 18:05:27 +0200: Memory Usage (460808K) : activ_pin has 0 polygons
2026-08-10 18:05:27 +0200: Memory Usage (460808K) : activ_mask has 0 polygons
2026-08-10 18:05:27 +0200: Memory Usage (460808K) : activ_nofill has 0 polygons
2026-08-10 18:05:27 +0200: Memory Usage (460808K) : activ_OPC has 0 polygons
2026-08-10 18:05:27 +0200: Memory Usage (460808K) : activ_iOPC has 0 polygons
2026-08-10 18:05:27 +0200: Memory Usage (460936K) : activ_noqrc has 0 polygons
2026-08-10 18:05:27 +0200: Memory Usage (461064K) : biwind_drw has 0 polygons
2026-08-10 18:05:27 +0200: Memory Usage (461064K) : biwind_OPC has 0 polygons
2026-08-10 18:05:27 +0200: Memory Usage (461192K) : gatpoly_drw has 55 polygons
2026-08-10 18:05:27 +0200: Memory Usage (461576K) : gatpoly_filler has 0 polygons
2026-08-10 18:05:27 +0200: Memory Usage (461576K) : gatpoly has 55 polygons
2026-08-10 18:05:27 +0200: Memory Usage (461576K) : gatpoly_pin has 6 polygons
2026-08-10 18:05:27 +0200: Memory Usage (461704K) : gatpoly_nofill has 0 polygons
2026-08-10 18:05:27 +0200: Memory Usage (461704K) : gatpoly_OPC has 0 polygons
2026-08-10 18:05:27 +0200: Memory Usage (461704K) : gatpoly_iOPC has 0 polygons
2026-08-10 18:05:27 +0200: Memory Usage (461704K) : gatpoly_noqrc has 0 polygons
2026-08-10 18:05:27 +0200: Memory Usage (463112K) : cont_drw has 46400 polygons
2026-08-10 18:05:27 +0200: Memory Usage (463112K) : cont_OPC has 0 polygons
2026-08-10 18:05:27 +0200: Memory Usage (463112K) : nsd_drw has 0 polygons
2026-08-10 18:05:27 +0200: Memory Usage (463112K) : nsd_block has 0 polygons
2026-08-10 18:05:27 +0200: Memory Usage (463112K) : metal1_drw has 312 polygons
2026-08-10 18:05:27 +0200: Memory Usage (463112K) : metal1_filler has 0 polygons
2026-08-10 18:05:27 +0200: Memory Usage (463112K) : metal1_slit has 0 polygons
2026-08-10 18:05:27 +0200: Memory Usage (463496K) : metal1 has 312 polygons
2026-08-10 18:05:27 +0200: Memory Usage (463496K) : metal1_pin has 57 polygons
2026-08-10 18:05:27 +0200: Memory Usage (463496K) : metal1_mask has 0 polygons
2026-08-10 18:05:27 +0200: Memory Usage (463496K) : metal1_nofill has 0 polygons
2026-08-10 18:05:27 +0200: Memory Usage (463624K) : metal1_text has 47 polygons
2026-08-10 18:05:27 +0200: Memory Usage (463752K) : metal1_OPC has 0 polygons
2026-08-10 18:05:27 +0200: Memory Usage (463752K) : metal1_noqrc has 0 polygons
2026-08-10 18:05:27 +0200: Memory Usage (463880K) : metal1_res has 0 polygons
2026-08-10 18:05:27 +0200: Memory Usage (463880K) : metal1_iprobe has 0 polygons
2026-08-10 18:05:27 +0200: Memory Usage (464008K) : metal1_diffprb has 0 polygons
2026-08-10 18:05:27 +0200: Memory Usage (464008K) : passiv_drw has 0 polygons
2026-08-10 18:05:27 +0200: Memory Usage (464136K) : passiv_pin has 0 polygons
2026-08-10 18:05:27 +0200: Memory Usage (464136K) : passiv_sbump has 0 polygons
2026-08-10 18:05:27 +0200: Memory Usage (464264K) : passiv_pillar has 0 polygons
2026-08-10 18:05:27 +0200: Memory Usage (464264K) : passiv_pdl has 0 polygons
2026-08-10 18:05:27 +0200: Memory Usage (464392K) : metal2_drw has 90 polygons
2026-08-10 18:05:27 +0200: Memory Usage (464520K) : metal2_filler has 0 polygons
2026-08-10 18:05:27 +0200: Memory Usage (464520K) : metal2_slit has 0 polygons
2026-08-10 18:05:27 +0200: Memory Usage (464648K) : metal2 has 90 polygons
2026-08-10 18:05:27 +0200: Memory Usage (464648K) : metal2_pin has 27 polygons
2026-08-10 18:05:27 +0200: Memory Usage (464648K) : metal2_mask has 0 polygons
2026-08-10 18:05:27 +0200: Memory Usage (464648K) : metal2_nofill has 0 polygons
2026-08-10 18:05:27 +0200: Memory Usage (464776K) : metal2_text has 27 polygons
2026-08-10 18:05:27 +0200: Memory Usage (464776K) : metal2_OPC has 0 polygons
2026-08-10 18:05:27 +0200: Memory Usage (464776K) : metal2_noqrc has 0 polygons
2026-08-10 18:05:27 +0200: Memory Usage (464904K) : metal2_res has 0 polygons
2026-08-10 18:05:27 +0200: Memory Usage (464904K) : metal2_iprobe has 0 polygons
2026-08-10 18:05:27 +0200: Memory Usage (465032K) : metal2_diffprb has 0 polygons
2026-08-10 18:05:27 +0200: Memory Usage (465160K) : baspoly_drw has 0 polygons
2026-08-10 18:05:27 +0200: Memory Usage (465160K) : baspoly_pin has 0 polygons
2026-08-10 18:05:27 +0200: Memory Usage (465288K) : psd_drw has 45 polygons
2026-08-10 18:05:27 +0200: Memory Usage (465288K) : nldb_drw has 0 polygons
2026-08-10 18:05:27 +0200: Memory Usage (465416K) : digibnd_drw has 0 polygons
2026-08-10 18:05:27 +0200: Memory Usage (465416K) : via1_drw has 1757 polygons
2026-08-10 18:05:27 +0200: Memory Usage (465544K) : backmetal1_drw has 0 polygons
2026-08-10 18:05:27 +0200: Memory Usage (465672K) : backmetal1_pin has 0 polygons
2026-08-10 18:05:27 +0200: Memory Usage (465672K) : backmetal1_mask has 0 polygons
2026-08-10 18:05:27 +0200: Memory Usage (465800K) : backmetal1_filler has 0 polygons
2026-08-10 18:05:27 +0200: Memory Usage (465800K) : backmetal1_nofill has 0 polygons
2026-08-10 18:05:27 +0200: Memory Usage (465928K) : backmetal1_slit has 0 polygons
2026-08-10 18:05:27 +0200: Memory Usage (465928K) : backmetal1_text has 0 polygons
2026-08-10 18:05:27 +0200: Memory Usage (466056K) : backmetal1_OPC has 0 polygons
2026-08-10 18:05:27 +0200: Memory Usage (466056K) : backmetal1_noqrc has 0 polygons
2026-08-10 18:05:27 +0200: Memory Usage (466184K) : backmetal1_res has 0 polygons
2026-08-10 18:05:27 +0200: Memory Usage (466184K) : backmetal1_iprobe has 0 polygons
2026-08-10 18:05:27 +0200: Memory Usage (466312K) : backmetal1_diffprb has 0 polygons
2026-08-10 18:05:27 +0200: Memory Usage (466312K) : backpassiv_drw has 0 polygons
2026-08-10 18:05:27 +0200: Memory Usage (466440K) : res_drw has 0 polygons
2026-08-10 18:05:27 +0200: Memory Usage (466440K) : sram_drw has 0 polygons
2026-08-10 18:05:27 +0200: Memory Usage (466568K) : trans_drw has 0 polygons
2026-08-10 18:05:27 +0200: Memory Usage (466696K) : ind_drw has 0 polygons
2026-08-10 18:05:27 +0200: Memory Usage (466696K) : ind_pin has 0 polygons
2026-08-10 18:05:27 +0200: Memory Usage (466824K) : ind_text has 0 polygons
2026-08-10 18:05:27 +0200: Memory Usage (466824K) : salblock_drw has 1 polygons
2026-08-10 18:05:27 +0200: Memory Usage (466824K) : via2_drw has 1442 polygons
2026-08-10 18:05:27 +0200: Memory Usage (466952K) : metal3_drw has 21 polygons
2026-08-10 18:05:27 +0200: Memory Usage (466952K) : metal3_filler has 0 polygons
2026-08-10 18:05:27 +0200: Memory Usage (467080K) : metal3_slit has 0 polygons
2026-08-10 18:05:27 +0200: Memory Usage (467208K) : metal3 has 21 polygons
2026-08-10 18:05:27 +0200: Memory Usage (467208K) : metal3_pin has 11 polygons
2026-08-10 18:05:27 +0200: Memory Usage (467336K) : metal3_mask has 0 polygons
2026-08-10 18:05:27 +0200: Memory Usage (467336K) : metal3_nofill has 0 polygons
2026-08-10 18:05:27 +0200: Memory Usage (467464K) : metal3_text has 11 polygons
2026-08-10 18:05:27 +0200: Memory Usage (467464K) : metal3_OPC has 0 polygons
2026-08-10 18:05:27 +0200: Memory Usage (467592K) : metal3_noqrc has 0 polygons
2026-08-10 18:05:27 +0200: Memory Usage (467592K) : metal3_res has 0 polygons
2026-08-10 18:05:27 +0200: Memory Usage (467720K) : metal3_iprobe has 0 polygons
2026-08-10 18:05:27 +0200: Memory Usage (467720K) : metal3_diffprb has 0 polygons
2026-08-10 18:05:27 +0200: Memory Usage (467848K) : nwell_drw has 29 polygons
2026-08-10 18:05:27 +0200: Memory Usage (467848K) : nwell_pin has 0 polygons
2026-08-10 18:05:27 +0200: Memory Usage (467976K) : nwell_text has 0 polygons
2026-08-10 18:05:27 +0200: Memory Usage (467976K) : nbulay_drw has 0 polygons
2026-08-10 18:05:27 +0200: Memory Usage (468104K) : nbulay_pin has 0 polygons
2026-08-10 18:05:27 +0200: Memory Usage (468104K) : nbulay_block has 0 polygons
2026-08-10 18:05:27 +0200: Memory Usage (468232K) : emwind_drw has 0 polygons
2026-08-10 18:05:27 +0200: Memory Usage (468360K) : emwind_OPC has 0 polygons
2026-08-10 18:05:27 +0200: Memory Usage (468360K) : deepco_drw has 0 polygons
2026-08-10 18:05:27 +0200: Memory Usage (468488K) : mim_drw has 0 polygons
2026-08-10 18:05:28 +0200: Memory Usage (468488K) : edgeseal_drw has 0 polygons
2026-08-10 18:05:28 +0200: Memory Usage (468488K) : substrate_drw has 29 polygons
2026-08-10 18:05:28 +0200: Memory Usage (468488K) : substrate_text has 0 polygons
2026-08-10 18:05:28 +0200: Memory Usage (468488K) : dfpad_drw has 0 polygons
2026-08-10 18:05:28 +0200: Memory Usage (468488K) : dfpad_pillar has 0 polygons
2026-08-10 18:05:28 +0200: Memory Usage (468488K) : dfpad_sbump has 0 polygons
2026-08-10 18:05:28 +0200: Memory Usage (468488K) : thickgateox_drw has 8 polygons
2026-08-10 18:05:28 +0200: Memory Usage (468488K) : pldb_drw has 0 polygons
2026-08-10 18:05:28 +0200: Memory Usage (468488K) : pwell_drw has 0 polygons
2026-08-10 18:05:28 +0200: Memory Usage (468488K) : pwell_pin has 0 polygons
2026-08-10 18:05:28 +0200: Memory Usage (468488K) : pwell_block has 0 polygons
2026-08-10 18:05:28 +0200: Memory Usage (468488K) : ic_drw has 0 polygons
2026-08-10 18:05:28 +0200: Memory Usage (468488K) : via3_drw has 2087 polygons
2026-08-10 18:05:28 +0200: Memory Usage (468488K) : metal4_drw has 8 polygons
2026-08-10 18:05:28 +0200: Memory Usage (468488K) : metal4_filler has 0 polygons
2026-08-10 18:05:28 +0200: Memory Usage (468488K) : metal4_slit has 0 polygons
2026-08-10 18:05:28 +0200: Memory Usage (468488K) : metal4 has 8 polygons
2026-08-10 18:05:28 +0200: Memory Usage (468488K) : metal4_pin has 8 polygons
2026-08-10 18:05:28 +0200: Memory Usage (468488K) : metal4_mask has 0 polygons
2026-08-10 18:05:28 +0200: Memory Usage (468488K) : metal4_nofill has 0 polygons
2026-08-10 18:05:28 +0200: Memory Usage (468488K) : metal4_text has 8 polygons
2026-08-10 18:05:28 +0200: Memory Usage (468488K) : metal4_OPC has 0 polygons
2026-08-10 18:05:28 +0200: Memory Usage (468488K) : metal4_noqrc has 0 polygons
2026-08-10 18:05:28 +0200: Memory Usage (468488K) : metal4_res has 0 polygons
2026-08-10 18:05:28 +0200: Memory Usage (468488K) : metal4_iprobe has 0 polygons
2026-08-10 18:05:28 +0200: Memory Usage (468488K) : metal4_diffprb has 0 polygons
2026-08-10 18:05:28 +0200: Memory Usage (468488K) : heattrans_drw has 6 polygons
2026-08-10 18:05:28 +0200: Memory Usage (468488K) : heatres_drw has 0 polygons
2026-08-10 18:05:28 +0200: Memory Usage (468488K) : fbe_drw has 0 polygons
2026-08-10 18:05:28 +0200: Memory Usage (468488K) : empoly_drw has 0 polygons
2026-08-10 18:05:28 +0200: Memory Usage (468488K) : digisub_drw has 0 polygons
2026-08-10 18:05:28 +0200: Memory Usage (468488K) : text_drw has 29 polygons
2026-08-10 18:05:28 +0200: Memory Usage (468488K) : via4_drw has 2371 polygons
2026-08-10 18:05:28 +0200: Memory Usage (468488K) : metal5_drw has 8 polygons
2026-08-10 18:05:28 +0200: Memory Usage (468488K) : metal5_filler has 0 polygons
2026-08-10 18:05:28 +0200: Memory Usage (468488K) : metal5_slit has 0 polygons
2026-08-10 18:05:28 +0200: Memory Usage (468488K) : metal5 has 8 polygons
2026-08-10 18:05:28 +0200: Memory Usage (468488K) : metal5_pin has 8 polygons
2026-08-10 18:05:28 +0200: Memory Usage (468488K) : metal5_mask has 0 polygons
2026-08-10 18:05:28 +0200: Memory Usage (468488K) : metal5_nofill has 0 polygons
2026-08-10 18:05:28 +0200: Memory Usage (468488K) : metal5_text has 8 polygons
2026-08-10 18:05:28 +0200: Memory Usage (468488K) : metal5_OPC has 0 polygons
2026-08-10 18:05:28 +0200: Memory Usage (468488K) : metal5_noqrc has 0 polygons
2026-08-10 18:05:28 +0200: Memory Usage (468488K) : metal5_res has 0 polygons
2026-08-10 18:05:28 +0200: Memory Usage (468488K) : metal5_iprobe has 0 polygons
2026-08-10 18:05:28 +0200: Memory Usage (468488K) : metal5_diffprb has 0 polygons
2026-08-10 18:05:28 +0200: Memory Usage (468488K) : radhard_drw has 0 polygons
2026-08-10 18:05:28 +0200: Memory Usage (468488K) : memcap_drw has 0 polygons
2026-08-10 18:05:28 +0200: Memory Usage (468488K) : varicap_drw has 0 polygons
2026-08-10 18:05:28 +0200: Memory Usage (468488K) : intbondvia_drw has 0 polygons
2026-08-10 18:05:28 +0200: Memory Usage (468488K) : intbondmet_drw has 0 polygons
2026-08-10 18:05:28 +0200: Memory Usage (468488K) : devbondvia_drw has 0 polygons
2026-08-10 18:05:28 +0200: Memory Usage (468488K) : devbondmet_drw has 0 polygons
2026-08-10 18:05:28 +0200: Memory Usage (468488K) : devtrench_drw has 0 polygons
2026-08-10 18:05:28 +0200: Memory Usage (468488K) : redist_drw has 0 polygons
2026-08-10 18:05:28 +0200: Memory Usage (468488K) : graphbot_drw has 0 polygons
2026-08-10 18:05:28 +0200: Memory Usage (468488K) : graphtop_drw has 0 polygons
2026-08-10 18:05:28 +0200: Memory Usage (468488K) : antvia1_drw has 0 polygons
2026-08-10 18:05:28 +0200: Memory Usage (468488K) : antmetal2_drw has 0 polygons
2026-08-10 18:05:28 +0200: Memory Usage (468488K) : graphcont_drw has 0 polygons
2026-08-10 18:05:28 +0200: Memory Usage (468488K) : siwg_drw has 0 polygons
2026-08-10 18:05:28 +0200: Memory Usage (468488K) : siwg_filler has 0 polygons
2026-08-10 18:05:28 +0200: Memory Usage (468488K) : siwg_nofill has 0 polygons
2026-08-10 18:05:28 +0200: Memory Usage (468488K) : sigrating_drw has 0 polygons
2026-08-10 18:05:28 +0200: Memory Usage (468488K) : singrating_drw has 0 polygons
2026-08-10 18:05:28 +0200: Memory Usage (468488K) : graphpas_drw has 0 polygons
2026-08-10 18:05:28 +0200: Memory Usage (468488K) : emwind3_drw has 0 polygons
2026-08-10 18:05:28 +0200: Memory Usage (468488K) : emwihv3_drw has 0 polygons
2026-08-10 18:05:28 +0200: Memory Usage (468488K) : redbulay_drw has 0 polygons
2026-08-10 18:05:28 +0200: Memory Usage (468488K) : smos_drw has 0 polygons
2026-08-10 18:05:28 +0200: Memory Usage (468488K) : graphpad_drw has 0 polygons
2026-08-10 18:05:28 +0200: Memory Usage (468488K) : polimide_drw has 0 polygons
2026-08-10 18:05:28 +0200: Memory Usage (468488K) : polimide_pin has 0 polygons
2026-08-10 18:05:28 +0200: Memory Usage (468488K) : recog_drw has 0 polygons
2026-08-10 18:05:28 +0200: Memory Usage (468488K) : recog_pin has 0 polygons
2026-08-10 18:05:28 +0200: Memory Usage (468488K) : recog_esd has 0 polygons
2026-08-10 18:05:28 +0200: Memory Usage (468488K) : recog_diode has 8 polygons
2026-08-10 18:05:28 +0200: Memory Usage (468488K) : recog_tsv has 0 polygons
2026-08-10 18:05:28 +0200: Memory Usage (468488K) : recog_iprobe has 0 polygons
2026-08-10 18:05:28 +0200: Memory Usage (468488K) : recog_diffprb has 0 polygons
2026-08-10 18:05:28 +0200: Memory Usage (468488K) : recog_pillar has 0 polygons
2026-08-10 18:05:28 +0200: Memory Usage (468488K) : recog_sbump has 0 polygons
2026-08-10 18:05:28 +0200: Memory Usage (468488K) : recog_otp has 0 polygons
2026-08-10 18:05:28 +0200: Memory Usage (468488K) : recog_pdiode has 0 polygons
2026-08-10 18:05:28 +0200: Memory Usage (468488K) : recog_mom has 0 polygons
2026-08-10 18:05:28 +0200: Memory Usage (468488K) : recog_pcm has 0 polygons
2026-08-10 18:05:28 +0200: Memory Usage (468488K) : colopen_drw has 0 polygons
2026-08-10 18:05:28 +0200: Memory Usage (468488K) : graphmetal1_drw has 0 polygons
2026-08-10 18:05:28 +0200: Memory Usage (468488K) : graphmetal1_filler has 0 polygons
2026-08-10 18:05:28 +0200: Memory Usage (468488K) : graphmetal1_nofill has 0 polygons
2026-08-10 18:05:28 +0200: Memory Usage (468488K) : graphmetal1_slit has 0 polygons
2026-08-10 18:05:28 +0200: Memory Usage (468488K) : graphmetal1_OPC has 0 polygons
2026-08-10 18:05:28 +0200: Memory Usage (468488K) : graphmet1l_drw has 0 polygons
2026-08-10 18:05:28 +0200: Memory Usage (468488K) : graphmet1l_filler has 0 polygons
2026-08-10 18:05:28 +0200: Memory Usage (468488K) : graphmet1l_nofill has 0 polygons
2026-08-10 18:05:28 +0200: Memory Usage (468488K) : graphmet1l_slit has 0 polygons
2026-08-10 18:05:28 +0200: Memory Usage (468488K) : graphmet1l_OPC has 0 polygons
2026-08-10 18:05:28 +0200: Memory Usage (468488K) : extblock_drw has 1 polygons
2026-08-10 18:05:28 +0200: Memory Usage (468488K) : nldd_drw has 0 polygons
2026-08-10 18:05:28 +0200: Memory Usage (468488K) : pldd_drw has 0 polygons
2026-08-10 18:05:28 +0200: Memory Usage (468488K) : next_drw has 0 polygons
2026-08-10 18:05:28 +0200: Memory Usage (468488K) : pext_drw has 0 polygons
2026-08-10 18:05:28 +0200: Memory Usage (468488K) : nexthv_drw has 0 polygons
2026-08-10 18:05:28 +0200: Memory Usage (468488K) : pexthv_drw has 0 polygons
2026-08-10 18:05:28 +0200: Memory Usage (468488K) : graphgate_drw has 0 polygons
2026-08-10 18:05:28 +0200: Memory Usage (468616K) : sinwg_drw has 0 polygons
2026-08-10 18:05:28 +0200: Memory Usage (468616K) : sinwg_filler has 0 polygons
2026-08-10 18:05:28 +0200: Memory Usage (468744K) : sinwg_nofill has 0 polygons
2026-08-10 18:05:28 +0200: Memory Usage (468872K) : mempad_drw has 0 polygons
2026-08-10 18:05:28 +0200: Memory Usage (468872K) : topvia1_drw has 2315 polygons
2026-08-10 18:05:28 +0200: Memory Usage (469000K) : topmetal1_drw has 8 polygons
2026-08-10 18:05:28 +0200: Memory Usage (469128K) : topmetal1_filler has 0 polygons
2026-08-10 18:05:28 +0200: Memory Usage (469128K) : topmetal1_slit has 0 polygons
2026-08-10 18:05:28 +0200: Memory Usage (469256K) : topmetal1 has 8 polygons
2026-08-10 18:05:28 +0200: Memory Usage (469384K) : topmetal1_pin has 8 polygons
2026-08-10 18:05:28 +0200: Memory Usage (469384K) : topmetal1_mask has 0 polygons
2026-08-10 18:05:28 +0200: Memory Usage (469512K) : topmetal1_nofill has 0 polygons
2026-08-10 18:05:28 +0200: Memory Usage (469512K) : topmetal1_text has 8 polygons
2026-08-10 18:05:28 +0200: Memory Usage (469640K) : topmetal1_noqrc has 0 polygons
2026-08-10 18:05:28 +0200: Memory Usage (469640K) : topmetal1_res has 0 polygons
2026-08-10 18:05:28 +0200: Memory Usage (469768K) : topmetal1_iprobe has 0 polygons
2026-08-10 18:05:28 +0200: Memory Usage (469768K) : topmetal1_diffprb has 0 polygons
2026-08-10 18:05:28 +0200: Memory Usage (469896K) : inldpwl_drw has 0 polygons
2026-08-10 18:05:28 +0200: Memory Usage (469896K) : polyres_drw has 1 polygons
2026-08-10 18:05:28 +0200: Memory Usage (470024K) : polyres_pin has 0 polygons
2026-08-10 18:05:28 +0200: Memory Usage (470024K) : vmim_drw has 0 polygons
2026-08-10 18:05:28 +0200: Memory Usage (470152K) : nbulaycut_drw has 0 polygons
2026-08-10 18:05:28 +0200: Memory Usage (470280K) : antmetal1_drw has 0 polygons
2026-08-10 18:05:28 +0200: Memory Usage (470280K) : topvia2_drw has 1593 polygons
2026-08-10 18:05:28 +0200: Memory Usage (470408K) : topmetal2_drw has 6 polygons
2026-08-10 18:05:28 +0200: Memory Usage (470408K) : topmetal2_filler has 0 polygons
2026-08-10 18:05:28 +0200: Memory Usage (470536K) : topmetal2_slit has 0 polygons
2026-08-10 18:05:28 +0200: Memory Usage (470664K) : topmetal2 has 6 polygons
2026-08-10 18:05:28 +0200: Memory Usage (470664K) : topmetal2_pin has 6 polygons
2026-08-10 18:05:28 +0200: Memory Usage (470792K) : topmetal2_mask has 0 polygons
2026-08-10 18:05:28 +0200: Memory Usage (470920K) : topmetal2_nofill has 0 polygons
2026-08-10 18:05:28 +0200: Memory Usage (470920K) : topmetal2_text has 6 polygons
2026-08-10 18:05:28 +0200: Memory Usage (471048K) : topmetal2_noqrc has 0 polygons
2026-08-10 18:05:28 +0200: Memory Usage (471048K) : topmetal2_res has 0 polygons
2026-08-10 18:05:28 +0200: Memory Usage (471176K) : topmetal2_iprobe has 0 polygons
2026-08-10 18:05:28 +0200: Memory Usage (471176K) : topmetal2_diffprb has 0 polygons
2026-08-10 18:05:28 +0200: Memory Usage (471304K) : snsring_drw has 0 polygons
2026-08-10 18:05:28 +0200: Memory Usage (471304K) : sensor_drw has 0 polygons
2026-08-10 18:05:28 +0200: Memory Usage (471432K) : snsarms_drw has 0 polygons
2026-08-10 18:05:28 +0200: Memory Usage (471432K) : snscmosvia_drw has 0 polygons
2026-08-10 18:05:28 +0200: Memory Usage (471560K) : colwind_drw has 0 polygons
2026-08-10 18:05:28 +0200: Memory Usage (471560K) : flm_drw has 0 polygons
2026-08-10 18:05:28 +0200: Memory Usage (471688K) : hafniumox_drw has 0 polygons
2026-08-10 18:05:28 +0200: Memory Usage (471816K) : memvia_drw has 0 polygons
2026-08-10 18:05:28 +0200: Memory Usage (471816K) : thinfilmres_drw has 0 polygons
2026-08-10 18:05:28 +0200: Memory Usage (471944K) : rfmem_drw has 0 polygons
2026-08-10 18:05:28 +0200: Memory Usage (471944K) : norcx_drw has 0 polygons
2026-08-10 18:05:28 +0200: Memory Usage (472072K) : norcx_m2m3 has 0 polygons
2026-08-10 18:05:28 +0200: Memory Usage (472072K) : norcx_m2m4 has 0 polygons
2026-08-10 18:05:28 +0200: Memory Usage (472200K) : norcx_m2m5 has 0 polygons
2026-08-10 18:05:28 +0200: Memory Usage (472200K) : norcx_m2tm1 has 0 polygons
2026-08-10 18:05:28 +0200: Memory Usage (472328K) : norcx_m2tm2 has 0 polygons
2026-08-10 18:05:28 +0200: Memory Usage (472328K) : norcx_m3m4 has 0 polygons
2026-08-10 18:05:28 +0200: Memory Usage (472456K) : norcx_m3m5 has 0 polygons
2026-08-10 18:05:28 +0200: Memory Usage (472584K) : norcx_m3tm1 has 0 polygons
2026-08-10 18:05:28 +0200: Memory Usage (472584K) : norcx_m3tm2 has 0 polygons
2026-08-10 18:05:28 +0200: Memory Usage (472712K) : norcx_m4m5 has 0 polygons
2026-08-10 18:05:28 +0200: Memory Usage (472712K) : norcx_m4tm1 has 0 polygons
2026-08-10 18:05:28 +0200: Memory Usage (472840K) : norcx_m4tm2 has 0 polygons
2026-08-10 18:05:28 +0200: Memory Usage (472840K) : norcx_m5tm1 has 0 polygons
2026-08-10 18:05:28 +0200: Memory Usage (472968K) : norcx_m5tm2 has 0 polygons
2026-08-10 18:05:28 +0200: Memory Usage (472968K) : norcx_tm1tm2 has 0 polygons
2026-08-10 18:05:28 +0200: Memory Usage (473096K) : norcx_m1sub has 0 polygons
2026-08-10 18:05:28 +0200: Memory Usage (473096K) : norcx_m2sub has 0 polygons
2026-08-10 18:05:28 +0200: Memory Usage (473224K) : norcx_m3sub has 0 polygons
2026-08-10 18:05:28 +0200: Memory Usage (473352K) : norcx_m4sub has 0 polygons
2026-08-10 18:05:28 +0200: Memory Usage (473352K) : norcx_m5sub has 0 polygons
2026-08-10 18:05:28 +0200: Memory Usage (473480K) : norcx_tm1sub has 0 polygons
2026-08-10 18:05:28 +0200: Memory Usage (473480K) : norcx_tm2sub has 0 polygons
2026-08-10 18:05:28 +0200: Memory Usage (473608K) : snsbotvia_drw has 0 polygons
2026-08-10 18:05:28 +0200: Memory Usage (473608K) : snstopvia_drw has 0 polygons
2026-08-10 18:05:28 +0200: Memory Usage (473736K) : deepvia_drw has 0 polygons
2026-08-10 18:05:28 +0200: Memory Usage (473736K) : fgetch_drw has 0 polygons
2026-08-10 18:05:28 +0200: Memory Usage (473864K) : ctrgat_drw has 0 polygons
2026-08-10 18:05:28 +0200: Memory Usage (473864K) : fgimp_drw has 0 polygons
2026-08-10 18:05:28 +0200: Memory Usage (473992K) : emwihv_drw has 0 polygons
2026-08-10 18:05:28 +0200: Memory Usage (474120K) : lbe_drw has 0 polygons
2026-08-10 18:05:28 +0200: Memory Usage (474120K) : alcustop_drw has 0 polygons
2026-08-10 18:05:28 +0200: Memory Usage (474248K) : nometfiller_drw has 0 polygons
2026-08-10 18:05:28 +0200: Memory Usage (474248K) : prboundary_drw has 0 polygons
2026-08-10 18:05:28 +0200: Memory Usage (474376K) : exchange0_drw has 0 polygons
2026-08-10 18:05:28 +0200: Memory Usage (474376K) : exchange0_pin has 0 polygons
2026-08-10 18:05:28 +0200: Memory Usage (474504K) : exchange0_text has 0 polygons
2026-08-10 18:05:28 +0200: Memory Usage (474504K) : exchange1_drw has 0 polygons
2026-08-10 18:05:28 +0200: Memory Usage (474632K) : exchange1_pin has 0 polygons
2026-08-10 18:05:28 +0200: Memory Usage (474632K) : exchange1_text has 0 polygons
2026-08-10 18:05:28 +0200: Memory Usage (474760K) : exchange2_drw has 0 polygons
2026-08-10 18:05:28 +0200: Memory Usage (474760K) : exchange2_pin has 0 polygons
2026-08-10 18:05:28 +0200: Memory Usage (474888K) : exchange2_text has 0 polygons
2026-08-10 18:05:28 +0200: Memory Usage (474888K) : exchange3_drw has 0 polygons
2026-08-10 18:05:28 +0200: Memory Usage (475016K) : exchange3_pin has 0 polygons
2026-08-10 18:05:28 +0200: Memory Usage (475016K) : exchange3_text has 0 polygons
2026-08-10 18:05:28 +0200: Memory Usage (475144K) : exchange4_drw has 0 polygons
2026-08-10 18:05:28 +0200: Memory Usage (475144K) : exchange4_pin has 0 polygons
2026-08-10 18:05:28 +0200: Memory Usage (475144K) : exchange4_text has 0 polygons
2026-08-10 18:05:28 +0200: Memory Usage (475144K) : isonwell_drw has 0 polygons
2026-08-10 18:05:28 +0200: Memory Usage (475144K) : Total no. of polygons in the design is 58986
2026-08-10 18:05:28 +0200: Memory Usage (475144K) : Starting base layers derivations
2026-08-10 18:05:28 +0200: Memory Usage (475144K) : Starting general LVS derivations
2026-08-10 18:05:28 +0200: Memory Usage (479240K) : Starting MOSFET DERIVATIONS
2026-08-10 18:05:29 +0200: Memory Usage (479944K) : Starting NMOS DERIVATIONS
2026-08-10 18:05:29 +0200: Memory Usage (479944K) : Starting PMOS DERIVATIONS
2026-08-10 18:05:29 +0200: Memory Usage (479944K) : Starting RF-MOSFET DERIVATIONS
2026-08-10 18:05:29 +0200: Memory Usage (479944K) : Starting RF-NMOS DERIVATIONS
2026-08-10 18:05:29 +0200: Memory Usage (479944K) : Starting RF-PMOS DERIVATIONS
2026-08-10 18:05:29 +0200: Memory Usage (479944K) : Starting BJT DERIVATIONS
2026-08-10 18:05:29 +0200: Memory Usage (479944K) : Starting NPN-BJT DERIVATIONS
2026-08-10 18:05:29 +0200: Memory Usage (479944K) : Starting PNP-BJT DERIVATIONS
2026-08-10 18:05:29 +0200: Memory Usage (479944K) : Starting DIODE DERIVATIONS
2026-08-10 18:05:30 +0200: Memory Usage (479476K) : Starting RESISTOR DERIVATIONS
2026-08-10 18:05:30 +0200: Memory Usage (479860K) : Starting CAP DERIVATIONS
2026-08-10 18:05:30 +0200: Memory Usage (479860K) : Starting CAP_CMOM DERIVATIONS
2026-08-10 18:05:30 +0200: Memory Usage (479860K) : Starting ESD DERIVATIONS
2026-08-10 18:05:31 +0200: Memory Usage (479860K) : Starting Inductor DERIVATIONS
2026-08-10 18:05:31 +0200: Memory Usage (479860K) : Starting Taps DERIVATIONS
2026-08-10 18:05:31 +0200: Memory Usage (479860K) : Starting SG13G2 LVS connectivity setup
2026-08-10 18:05:31 +0200: Memory Usage (479860K) : Starting SG13G2 LVS connectivity setup (Inter-layer)
2026-08-10 18:05:31 +0200: Memory Usage (480116K) : Starting SG13G2 LVS connectivity setup (Global)
2026-08-10 18:05:31 +0200: Memory Usage (480116K) : Starting LVS MOSFET CONNECTIONS
2026-08-10 18:05:31 +0200: Memory Usage (480116K) : Starting LVS RF-MOSFET CONNECTIONS
2026-08-10 18:05:31 +0200: Memory Usage (480116K) : Starting LVS BJT CONNECTIONS
2026-08-10 18:05:31 +0200: Memory Usage (480116K) : Starting LVS DIODE CONNECTIONS
2026-08-10 18:05:31 +0200: Memory Usage (480116K) : Starting RESISTOR CONNECTIONS
2026-08-10 18:05:31 +0200: Memory Usage (480116K) : Starting LVS CAP CONNECTIONS
2026-08-10 18:05:31 +0200: Memory Usage (480116K) : Starting CAP_CMOM CONNECTIONS
2026-08-10 18:05:31 +0200: Memory Usage (480116K) : Starting ESD CONNECTIONS
2026-08-10 18:05:31 +0200: Memory Usage (480116K) : Starting Inductor CONNECTIONS
2026-08-10 18:05:31 +0200: Memory Usage (480116K) : Starting LVS Taps CONNECTIONS
2026-08-10 18:05:31 +0200: Memory Usage (480116K) : Starting SG13G2 LVS DEVICES EXTRACTION
2026-08-10 18:05:31 +0200: Memory Usage (480116K) : Starting MOSFET EXTRACTION
2026-08-10 18:05:31 +0200: Memory Usage (480116K) : Starting NMOS EXTRACTION
2026-08-10 18:05:31 +0200: Memory Usage (480116K) : Extraction of NMOS-LV transistor
2026-08-10 18:05:31 +0200: Memory Usage (480244K) : Extraction of NMOS-HV transistor
2026-08-10 18:05:31 +0200: Memory Usage (480244K) : Starting PMOS EXTRACTION
2026-08-10 18:05:31 +0200: Memory Usage (480244K) : Extraction of PMOS-LV transistor
2026-08-10 18:05:31 +0200: Memory Usage (480244K) : Extraction of PMOS-HV transistor
2026-08-10 18:05:31 +0200: Memory Usage (480244K) : Starting RF-MOSFET EXTRACTION
2026-08-10 18:05:31 +0200: Memory Usage (480244K) : Extraction of RF-NMOS-LV transistor
2026-08-10 18:05:31 +0200: Memory Usage (480244K) : Extraction of RF-NMOS-HV transistor
2026-08-10 18:05:31 +0200: Memory Usage (480244K) : Extraction of RF-PMOS-LV transistor
2026-08-10 18:05:31 +0200: Memory Usage (480244K) : Extraction of RF-PMOS-HV transistor
2026-08-10 18:05:31 +0200: Memory Usage (480244K) : Starting BJT EXTRACTION
2026-08-10 18:05:31 +0200: Memory Usage (480244K) : Starting NPN-BJT EXTRACTION
2026-08-10 18:05:31 +0200: Memory Usage (480244K) : Extraction of npn13G2 BJT transistor
2026-08-10 18:05:31 +0200: Memory Usage (480244K) : Extraction of npn13G2L BJT transistor
2026-08-10 18:05:31 +0200: Memory Usage (480244K) : Extraction of npn13G2V BJT transistor
2026-08-10 18:05:31 +0200: Memory Usage (480244K) : Starting PNP-BJT EXTRACTION
2026-08-10 18:05:31 +0200: Memory Usage (480244K) : Extracting pnpMPA BJT
2026-08-10 18:05:31 +0200: Memory Usage (480244K) : Starting DIODE EXTRACTION
2026-08-10 18:05:31 +0200: Memory Usage (480244K) : Extracting dantenna diode
2026-08-10 18:05:31 +0200: Memory Usage (480244K) : Extracting dpantenna diode
2026-08-10 18:05:31 +0200: Memory Usage (480244K) : Extracting schottky_nbl1 diode
2026-08-10 18:05:31 +0200: Memory Usage (480244K) : Extracting isolbox diode
2026-08-10 18:05:31 +0200: Memory Usage (480244K) : Starting RESISTOR EXTRACTION
2026-08-10 18:05:31 +0200: Memory Usage (480244K) : Extracting rsil resistor
2026-08-10 18:05:31 +0200: Memory Usage (480244K) : Extracting rppd resistor
2026-08-10 18:05:31 +0200: Memory Usage (480244K) : Extracting rhigh resistor
2026-08-10 18:05:31 +0200: Memory Usage (480244K) : Extracting res_metal1 resistor
2026-08-10 18:05:31 +0200: Memory Usage (480372K) : Extracting res_metal2 resistor
2026-08-10 18:05:31 +0200: Memory Usage (480372K) : Extracting res_metal3 resistor
2026-08-10 18:05:31 +0200: Memory Usage (480372K) : Extracting res_metal4 resistor
2026-08-10 18:05:31 +0200: Memory Usage (480372K) : Extracting res_metal5 resistor
2026-08-10 18:05:31 +0200: Memory Usage (480372K) : Extracting res_topmetal1 resistor
2026-08-10 18:05:31 +0200: Memory Usage (480372K) : Extracting res_topmetal2 resistor
2026-08-10 18:05:31 +0200: Memory Usage (480372K) : Starting CAP EXTRACTION
2026-08-10 18:05:31 +0200: Memory Usage (480372K) : Extracting cap_cmim device
2026-08-10 18:05:31 +0200: Memory Usage (480372K) : Extracting rfcmim device
2026-08-10 18:05:31 +0200: Memory Usage (480372K) : Extracting sg13_hv_svaricap varactor
2026-08-10 18:05:31 +0200: Memory Usage (480372K) : Extracting cap_cmomi device
2026-08-10 18:05:31 +0200: Memory Usage (480372K) : Extracting sg13_moscap_n capacitor
2026-08-10 18:05:31 +0200: Memory Usage (480372K) : Extracting sg13_moscap_p capacitor
2026-08-10 18:05:31 +0200: Memory Usage (480372K) : Starting ESD EXTRACTION
2026-08-10 18:05:31 +0200: Memory Usage (480372K) : Extracting diodevdd_2kv ESD device
2026-08-10 18:05:31 +0200: Memory Usage (480372K) : Extracting diodevdd_4kv ESD device
2026-08-10 18:05:31 +0200: Memory Usage (480372K) : Extracting diodevss_2kv ESD device
2026-08-10 18:05:31 +0200: Memory Usage (480372K) : Extracting diodevss_4kv ESD device
2026-08-10 18:05:32 +0200: Memory Usage (480372K) : Extracting idiodevdd_2kv ESD device
2026-08-10 18:05:32 +0200: Memory Usage (480372K) : Extracting idiodevdd_4kv ESD device
2026-08-10 18:05:32 +0200: Memory Usage (480372K) : Extracting idiodevss_2kv ESD device
2026-08-10 18:05:32 +0200: Memory Usage (480372K) : Extracting idiodevss_4kv ESD device
2026-08-10 18:05:32 +0200: Memory Usage (480372K) : Extracting nmoscl_2 ESD device
2026-08-10 18:05:32 +0200: Memory Usage (480372K) : Extracting nmoscl_4 ESD device
2026-08-10 18:05:32 +0200: Memory Usage (480372K) : Starting Inductor EXTRACTION
2026-08-10 18:05:32 +0200: Memory Usage (480372K) : Extracting Inductor2 device
2026-08-10 18:05:32 +0200: Memory Usage (480372K) : Extracting Inductor3 device
2026-08-10 18:05:32 +0200: Memory Usage (480372K) : Starting Taps EXTRACTION
2026-08-10 18:05:32 +0200: Memory Usage (480372K) : Extracting ntap1 device
2026-08-10 18:05:32 +0200: Memory Usage (480372K) : Extracting ptap1 device
2026-08-10 18:05:32 +0200: Memory Usage (480372K) : Starting SG13G2 LVS RF MOS Model Mapping
2026-08-10 18:05:32 +0200: Memory Usage (488948K) : [layout_netlist] Apply RF MOS model mapping and rfmode parameter.
2026-08-10 18:05:32 +0200: Memory Usage (488948K) : Starting SG13G2 LVS Options Preparations
2026-08-10 18:05:32 +0200: Memory Usage (488948K) : SG13G2 LVS flow: extraction -> alignment -> option preparation -> comparison.
2026-08-10 18:05:32 +0200: Memory Usage (488948K) : Starting SG13G2 LVS Alignment
2026-08-10 18:05:32 +0200: Memory Usage (489076K) : Starting SG13G2 LVS Simplification
2026-08-10 18:05:32 +0200: Memory Usage (489076K) : [layout_netlist] simplify: ENABLED
2026-08-10 18:05:32 +0200: Memory Usage (489076K) : [layout_netlist] make_top_level_pins: SKIPPED
2026-08-10 18:05:32 +0200: Memory Usage (489076K) : [layout_netlist] combine_devices: ENABLED
2026-08-10 18:05:32 +0200: Memory Usage (489076K) : [layout_netlist] purge: SKIPPED
2026-08-10 18:05:32 +0200: Memory Usage (489076K) : [layout_netlist] purge_nets: SKIPPED
2026-08-10 18:05:32 +0200: Memory Usage (489076K) : [schematic_netlist] simplify: ENABLED
2026-08-10 18:05:32 +0200: Memory Usage (489076K) : [schematic_netlist] make_top_level_pins: SKIPPED
2026-08-10 18:05:32 +0200: Memory Usage (489076K) : [schematic_netlist] combine_devices: ENABLED
2026-08-10 18:05:32 +0200: Memory Usage (489076K) : [schematic_netlist] purge: SKIPPED
2026-08-10 18:05:32 +0200: Memory Usage (489076K) : [schematic_netlist] purge_nets: SKIPPED
2026-08-10 18:05:32 +0200: Memory Usage (489076K) : Starting SG13G2 LVS Comparison
2026-08-10 18:05:32 +0200: Memory Usage (489076K) : ==========================================
2026-08-10 18:05:32 +0200: Memory Usage (489076K) : INFO : Congratulations! Netlists match.
2026-08-10 18:05:32 +0200: Memory Usage (489076K) : ==========================================
2026-08-10 18:05:32 +0200: Memory Usage (489076K) : LVS Total Run time 5.298111 seconds
