# Logfile created on 2026-08-11 13:57:58 +0200 by logger.rb/v1.5.3
2026-08-11 13:57:58 +0200: Memory Usage (455928K) : Starting running SG13G2 Klayout LVS runset on /foss/designs/ihp-open-pdk-regression/IOPADS/layout/sg13g2_IOPadOut4mA.gds
2026-08-11 13:57:58 +0200: Memory Usage (455928K) : Ruby Version for klayout: 3.2.3
2026-08-11 13:57:58 +0200: Memory Usage (457592K) : Loading database to memory is complete.
2026-08-11 13:57:58 +0200: Memory Usage (457592K) : SG13G2 Klayout LVS runset output at: /foss/designs/ihp-open-pdk-regression/IOPADS/lvs_sweep/20260811_135643/sg13g2_IOPadOut4mA/sg13g2_IOPadOut4mA.lvsdb
2026-08-11 13:57:58 +0200: Memory Usage (457592K) : Evaluate switches.
2026-08-11 13:57:58 +0200: Memory Usage (457592K) : Extracted netlist with net names: true
2026-08-11 13:57:58 +0200: Memory Usage (457592K) : Extracted netlist with comments in details: false
2026-08-11 13:57:58 +0200: Memory Usage (457592K) : Selected NET_ONLY option: false
2026-08-11 13:57:58 +0200: Memory Usage (457592K) : Selected LAYOUT_NETLIST option: (none)
2026-08-11 13:57:58 +0200: Memory Usage (457592K) : Selected IGNORE_TOP_PORTS_MISMATCH option: true
2026-08-11 13:57:58 +0200: Memory Usage (457592K) : Selected IMPLICIT_NETS option: iovss,iovdd,vss,vdd,pad,cathode,anode
2026-08-11 13:57:58 +0200: Memory Usage (457592K) : Selected TOP_LVL_PINS option: false
2026-08-11 13:57:58 +0200: Memory Usage (457592K) : Selected COMBINE DEVICES option: true
2026-08-11 13:57:58 +0200: Memory Usage (457592K) : Selected PURGE option: false
2026-08-11 13:57:58 +0200: Memory Usage (457592K) : Selected PURGE_NETS option: false
2026-08-11 13:57:58 +0200: Memory Usage (457592K) : Selected SIMPLIFY option: true
2026-08-11 13:57:58 +0200: Memory Usage (457592K) : Selected SERIES_RES option: true
2026-08-11 13:57:58 +0200: Memory Usage (457592K) : Selected PARALLEL_RES option: true
2026-08-11 13:57:58 +0200: Memory Usage (457592K) : Selected DISABLE_TAP_EXTRACTION option: false
2026-08-11 13:57:58 +0200: Memory Usage (457592K) : deep  mode is enabled.
2026-08-11 13:57:58 +0200: Memory Usage (457592K) : Applying implicit connections (case-sensitive, pattern supported) for nets: iovss, iovdd, vss, vdd, pad, cathode, anode
2026-08-11 13:57:58 +0200: Memory Usage (458872K) : Netlist file: /foss/designs/ihp-open-pdk-regression/IOPADS/netlist/pads_upstream/sg13g2_IOPadOut4mA.spi
2026-08-11 13:57:58 +0200: Memory Usage (458872K) : LVS extracted netlist at: /foss/designs/ihp-open-pdk-regression/IOPADS/lvs_sweep/20260811_135643/sg13g2_IOPadOut4mA/sg13g2_IOPadOut4mA_extracted.cir
2026-08-11 13:57:58 +0200: Memory Usage (458872K) : Applying SRAM integration support.
2026-08-11 13:57:58 +0200: Memory Usage (458872K) : Starting SG13G2 LVS runset
2026-08-11 13:57:58 +0200: Memory Usage (458872K) : Read in polygons from layers.
2026-08-11 13:57:58 +0200: Memory Usage (460280K) : activ_drw has 77 polygons
2026-08-11 13:57:58 +0200: Memory Usage (460536K) : activ_filler has 0 polygons
2026-08-11 13:57:58 +0200: Memory Usage (460536K) : activ has 77 polygons
2026-08-11 13:57:58 +0200: Memory Usage (460536K) : activ_pin has 0 polygons
2026-08-11 13:57:58 +0200: Memory Usage (460536K) : activ_mask has 0 polygons
2026-08-11 13:57:58 +0200: Memory Usage (460536K) : activ_nofill has 0 polygons
2026-08-11 13:57:58 +0200: Memory Usage (460536K) : activ_OPC has 0 polygons
2026-08-11 13:57:58 +0200: Memory Usage (460664K) : activ_iOPC has 0 polygons
2026-08-11 13:57:58 +0200: Memory Usage (460664K) : activ_noqrc has 0 polygons
2026-08-11 13:57:58 +0200: Memory Usage (460664K) : biwind_drw has 0 polygons
2026-08-11 13:57:58 +0200: Memory Usage (460792K) : biwind_OPC has 0 polygons
2026-08-11 13:57:58 +0200: Memory Usage (460792K) : gatpoly_drw has 28 polygons
2026-08-11 13:57:58 +0200: Memory Usage (460920K) : gatpoly_filler has 0 polygons
2026-08-11 13:57:58 +0200: Memory Usage (460920K) : gatpoly has 28 polygons
2026-08-11 13:57:58 +0200: Memory Usage (461048K) : gatpoly_pin has 0 polygons
2026-08-11 13:57:58 +0200: Memory Usage (461048K) : gatpoly_nofill has 0 polygons
2026-08-11 13:57:58 +0200: Memory Usage (461176K) : gatpoly_OPC has 0 polygons
2026-08-11 13:57:58 +0200: Memory Usage (461176K) : gatpoly_iOPC has 0 polygons
2026-08-11 13:57:58 +0200: Memory Usage (461304K) : gatpoly_noqrc has 0 polygons
2026-08-11 13:57:58 +0200: Memory Usage (462840K) : cont_drw has 45805 polygons
2026-08-11 13:57:58 +0200: Memory Usage (462840K) : cont_OPC has 0 polygons
2026-08-11 13:57:58 +0200: Memory Usage (462840K) : nsd_drw has 0 polygons
2026-08-11 13:57:58 +0200: Memory Usage (462840K) : nsd_block has 0 polygons
2026-08-11 13:57:58 +0200: Memory Usage (462840K) : metal1_drw has 162 polygons
2026-08-11 13:57:58 +0200: Memory Usage (462840K) : metal1_filler has 0 polygons
2026-08-11 13:57:58 +0200: Memory Usage (462840K) : metal1_slit has 0 polygons
2026-08-11 13:57:58 +0200: Memory Usage (463224K) : metal1 has 162 polygons
2026-08-11 13:57:58 +0200: Memory Usage (463224K) : metal1_pin has 27 polygons
2026-08-11 13:57:58 +0200: Memory Usage (463224K) : metal1_mask has 0 polygons
2026-08-11 13:57:58 +0200: Memory Usage (463224K) : metal1_nofill has 0 polygons
2026-08-11 13:57:58 +0200: Memory Usage (463480K) : metal1_text has 26 polygons
2026-08-11 13:57:58 +0200: Memory Usage (463480K) : metal1_OPC has 0 polygons
2026-08-11 13:57:58 +0200: Memory Usage (463480K) : metal1_noqrc has 0 polygons
2026-08-11 13:57:58 +0200: Memory Usage (463608K) : metal1_res has 0 polygons
2026-08-11 13:57:58 +0200: Memory Usage (463608K) : metal1_iprobe has 0 polygons
2026-08-11 13:57:58 +0200: Memory Usage (463736K) : metal1_diffprb has 0 polygons
2026-08-11 13:57:58 +0200: Memory Usage (463736K) : passiv_drw has 0 polygons
2026-08-11 13:57:58 +0200: Memory Usage (463864K) : passiv_pin has 0 polygons
2026-08-11 13:57:58 +0200: Memory Usage (463864K) : passiv_sbump has 0 polygons
2026-08-11 13:57:58 +0200: Memory Usage (463992K) : passiv_pillar has 0 polygons
2026-08-11 13:57:58 +0200: Memory Usage (464120K) : passiv_pdl has 0 polygons
2026-08-11 13:57:58 +0200: Memory Usage (464120K) : metal2_drw has 50 polygons
2026-08-11 13:57:58 +0200: Memory Usage (464248K) : metal2_filler has 0 polygons
2026-08-11 13:57:58 +0200: Memory Usage (464248K) : metal2_slit has 0 polygons
2026-08-11 13:57:58 +0200: Memory Usage (464376K) : metal2 has 50 polygons
2026-08-11 13:57:58 +0200: Memory Usage (464504K) : metal2_pin has 13 polygons
2026-08-11 13:57:58 +0200: Memory Usage (464504K) : metal2_mask has 0 polygons
2026-08-11 13:57:58 +0200: Memory Usage (464632K) : metal2_nofill has 0 polygons
2026-08-11 13:57:58 +0200: Memory Usage (464632K) : metal2_text has 13 polygons
2026-08-11 13:57:58 +0200: Memory Usage (464760K) : metal2_OPC has 0 polygons
2026-08-11 13:57:58 +0200: Memory Usage (464760K) : metal2_noqrc has 0 polygons
2026-08-11 13:57:58 +0200: Memory Usage (464888K) : metal2_res has 0 polygons
2026-08-11 13:57:58 +0200: Memory Usage (465016K) : metal2_iprobe has 0 polygons
2026-08-11 13:57:58 +0200: Memory Usage (465016K) : metal2_diffprb has 0 polygons
2026-08-11 13:57:58 +0200: Memory Usage (465144K) : baspoly_drw has 0 polygons
2026-08-11 13:57:58 +0200: Memory Usage (465144K) : baspoly_pin has 0 polygons
2026-08-11 13:57:58 +0200: Memory Usage (465400K) : psd_drw has 30 polygons
2026-08-11 13:57:58 +0200: Memory Usage (465400K) : nldb_drw has 0 polygons
2026-08-11 13:57:58 +0200: Memory Usage (465528K) : digibnd_drw has 0 polygons
2026-08-11 13:57:58 +0200: Memory Usage (465528K) : via1_drw has 1524 polygons
2026-08-11 13:57:58 +0200: Memory Usage (465656K) : backmetal1_drw has 0 polygons
2026-08-11 13:57:58 +0200: Memory Usage (465656K) : backmetal1_pin has 0 polygons
2026-08-11 13:57:58 +0200: Memory Usage (465784K) : backmetal1_mask has 0 polygons
2026-08-11 13:57:58 +0200: Memory Usage (465912K) : backmetal1_filler has 0 polygons
2026-08-11 13:57:58 +0200: Memory Usage (465912K) : backmetal1_nofill has 0 polygons
2026-08-11 13:57:58 +0200: Memory Usage (466040K) : backmetal1_slit has 0 polygons
2026-08-11 13:57:58 +0200: Memory Usage (466040K) : backmetal1_text has 0 polygons
2026-08-11 13:57:58 +0200: Memory Usage (466040K) : backmetal1_OPC has 0 polygons
2026-08-11 13:57:58 +0200: Memory Usage (466168K) : backmetal1_noqrc has 0 polygons
2026-08-11 13:57:58 +0200: Memory Usage (466168K) : backmetal1_res has 0 polygons
2026-08-11 13:57:58 +0200: Memory Usage (466168K) : backmetal1_iprobe has 0 polygons
2026-08-11 13:57:58 +0200: Memory Usage (466296K) : backmetal1_diffprb has 0 polygons
2026-08-11 13:57:58 +0200: Memory Usage (466296K) : backpassiv_drw has 0 polygons
2026-08-11 13:57:58 +0200: Memory Usage (466296K) : res_drw has 0 polygons
2026-08-11 13:57:58 +0200: Memory Usage (466296K) : sram_drw has 0 polygons
2026-08-11 13:57:58 +0200: Memory Usage (466424K) : trans_drw has 0 polygons
2026-08-11 13:57:58 +0200: Memory Usage (466424K) : ind_drw has 0 polygons
2026-08-11 13:57:58 +0200: Memory Usage (466424K) : ind_pin has 0 polygons
2026-08-11 13:57:58 +0200: Memory Usage (466552K) : ind_text has 0 polygons
2026-08-11 13:57:58 +0200: Memory Usage (466552K) : salblock_drw has 0 polygons
2026-08-11 13:57:58 +0200: Memory Usage (466552K) : via2_drw has 1235 polygons
2026-08-11 13:57:58 +0200: Memory Usage (466680K) : metal3_drw has 13 polygons
2026-08-11 13:57:58 +0200: Memory Usage (466808K) : metal3_filler has 0 polygons
2026-08-11 13:57:58 +0200: Memory Usage (466808K) : metal3_slit has 0 polygons
2026-08-11 13:57:58 +0200: Memory Usage (466936K) : metal3 has 13 polygons
2026-08-11 13:57:58 +0200: Memory Usage (466936K) : metal3_pin has 9 polygons
2026-08-11 13:57:58 +0200: Memory Usage (466936K) : metal3_mask has 0 polygons
2026-08-11 13:57:58 +0200: Memory Usage (466936K) : metal3_nofill has 0 polygons
2026-08-11 13:57:58 +0200: Memory Usage (466936K) : metal3_text has 9 polygons
2026-08-11 13:57:58 +0200: Memory Usage (466936K) : metal3_OPC has 0 polygons
2026-08-11 13:57:58 +0200: Memory Usage (466936K) : metal3_noqrc has 0 polygons
2026-08-11 13:57:58 +0200: Memory Usage (466936K) : metal3_res has 0 polygons
2026-08-11 13:57:58 +0200: Memory Usage (466936K) : metal3_iprobe has 0 polygons
2026-08-11 13:57:58 +0200: Memory Usage (466936K) : metal3_diffprb has 0 polygons
2026-08-11 13:57:58 +0200: Memory Usage (466936K) : nwell_drw has 21 polygons
2026-08-11 13:57:58 +0200: Memory Usage (466936K) : nwell_pin has 0 polygons
2026-08-11 13:57:58 +0200: Memory Usage (466936K) : nwell_text has 0 polygons
2026-08-11 13:57:58 +0200: Memory Usage (466936K) : nbulay_drw has 0 polygons
2026-08-11 13:57:58 +0200: Memory Usage (466936K) : nbulay_pin has 0 polygons
2026-08-11 13:57:58 +0200: Memory Usage (466936K) : nbulay_block has 0 polygons
2026-08-11 13:57:58 +0200: Memory Usage (466936K) : emwind_drw has 0 polygons
2026-08-11 13:57:58 +0200: Memory Usage (466936K) : emwind_OPC has 0 polygons
2026-08-11 13:57:58 +0200: Memory Usage (466936K) : deepco_drw has 0 polygons
2026-08-11 13:57:58 +0200: Memory Usage (466936K) : mim_drw has 0 polygons
2026-08-11 13:57:58 +0200: Memory Usage (466936K) : edgeseal_drw has 0 polygons
2026-08-11 13:57:58 +0200: Memory Usage (466936K) : substrate_drw has 22 polygons
2026-08-11 13:57:58 +0200: Memory Usage (466936K) : substrate_text has 0 polygons
2026-08-11 13:57:58 +0200: Memory Usage (466936K) : dfpad_drw has 0 polygons
2026-08-11 13:57:58 +0200: Memory Usage (466936K) : dfpad_pillar has 0 polygons
2026-08-11 13:57:58 +0200: Memory Usage (466936K) : dfpad_sbump has 0 polygons
2026-08-11 13:57:58 +0200: Memory Usage (466936K) : thickgateox_drw has 4 polygons
2026-08-11 13:57:58 +0200: Memory Usage (466936K) : pldb_drw has 0 polygons
2026-08-11 13:57:58 +0200: Memory Usage (466936K) : pwell_drw has 0 polygons
2026-08-11 13:57:58 +0200: Memory Usage (466936K) : pwell_pin has 0 polygons
2026-08-11 13:57:58 +0200: Memory Usage (466936K) : pwell_block has 0 polygons
2026-08-11 13:57:58 +0200: Memory Usage (466936K) : ic_drw has 0 polygons
2026-08-11 13:57:58 +0200: Memory Usage (466936K) : via3_drw has 2087 polygons
2026-08-11 13:57:58 +0200: Memory Usage (466936K) : metal4_drw has 8 polygons
2026-08-11 13:57:58 +0200: Memory Usage (466936K) : metal4_filler has 0 polygons
2026-08-11 13:57:58 +0200: Memory Usage (466936K) : metal4_slit has 0 polygons
2026-08-11 13:57:58 +0200: Memory Usage (466936K) : metal4 has 8 polygons
2026-08-11 13:57:58 +0200: Memory Usage (466936K) : metal4_pin has 8 polygons
2026-08-11 13:57:58 +0200: Memory Usage (466936K) : metal4_mask has 0 polygons
2026-08-11 13:57:58 +0200: Memory Usage (466936K) : metal4_nofill has 0 polygons
2026-08-11 13:57:58 +0200: Memory Usage (466936K) : metal4_text has 8 polygons
2026-08-11 13:57:58 +0200: Memory Usage (466936K) : metal4_OPC has 0 polygons
2026-08-11 13:57:58 +0200: Memory Usage (466936K) : metal4_noqrc has 0 polygons
2026-08-11 13:57:58 +0200: Memory Usage (466936K) : metal4_res has 0 polygons
2026-08-11 13:57:58 +0200: Memory Usage (466936K) : metal4_iprobe has 0 polygons
2026-08-11 13:57:58 +0200: Memory Usage (466936K) : metal4_diffprb has 0 polygons
2026-08-11 13:57:58 +0200: Memory Usage (466936K) : heattrans_drw has 0 polygons
2026-08-11 13:57:58 +0200: Memory Usage (466936K) : heatres_drw has 0 polygons
2026-08-11 13:57:58 +0200: Memory Usage (466936K) : fbe_drw has 0 polygons
2026-08-11 13:57:58 +0200: Memory Usage (466936K) : empoly_drw has 0 polygons
2026-08-11 13:57:58 +0200: Memory Usage (466936K) : digisub_drw has 0 polygons
2026-08-11 13:57:58 +0200: Memory Usage (466936K) : text_drw has 15 polygons
2026-08-11 13:57:58 +0200: Memory Usage (466936K) : via4_drw has 2371 polygons
2026-08-11 13:57:58 +0200: Memory Usage (466936K) : metal5_drw has 8 polygons
2026-08-11 13:57:58 +0200: Memory Usage (466936K) : metal5_filler has 0 polygons
2026-08-11 13:57:58 +0200: Memory Usage (466936K) : metal5_slit has 0 polygons
2026-08-11 13:57:58 +0200: Memory Usage (466936K) : metal5 has 8 polygons
2026-08-11 13:57:58 +0200: Memory Usage (466936K) : metal5_pin has 8 polygons
2026-08-11 13:57:58 +0200: Memory Usage (466936K) : metal5_mask has 0 polygons
2026-08-11 13:57:58 +0200: Memory Usage (466936K) : metal5_nofill has 0 polygons
2026-08-11 13:57:58 +0200: Memory Usage (466936K) : metal5_text has 8 polygons
2026-08-11 13:57:58 +0200: Memory Usage (466936K) : metal5_OPC has 0 polygons
2026-08-11 13:57:58 +0200: Memory Usage (466936K) : metal5_noqrc has 0 polygons
2026-08-11 13:57:58 +0200: Memory Usage (466936K) : metal5_res has 0 polygons
2026-08-11 13:57:58 +0200: Memory Usage (466936K) : metal5_iprobe has 0 polygons
2026-08-11 13:57:58 +0200: Memory Usage (466936K) : metal5_diffprb has 0 polygons
2026-08-11 13:57:58 +0200: Memory Usage (466936K) : radhard_drw has 0 polygons
2026-08-11 13:57:58 +0200: Memory Usage (466936K) : memcap_drw has 0 polygons
2026-08-11 13:57:58 +0200: Memory Usage (466936K) : varicap_drw has 0 polygons
2026-08-11 13:57:58 +0200: Memory Usage (466936K) : intbondvia_drw has 0 polygons
2026-08-11 13:57:58 +0200: Memory Usage (466936K) : intbondmet_drw has 0 polygons
2026-08-11 13:57:58 +0200: Memory Usage (466936K) : devbondvia_drw has 0 polygons
2026-08-11 13:57:58 +0200: Memory Usage (466936K) : devbondmet_drw has 0 polygons
2026-08-11 13:57:58 +0200: Memory Usage (466936K) : devtrench_drw has 0 polygons
2026-08-11 13:57:58 +0200: Memory Usage (466936K) : redist_drw has 0 polygons
2026-08-11 13:57:58 +0200: Memory Usage (466936K) : graphbot_drw has 0 polygons
2026-08-11 13:57:58 +0200: Memory Usage (466936K) : graphtop_drw has 0 polygons
2026-08-11 13:57:58 +0200: Memory Usage (466936K) : antvia1_drw has 0 polygons
2026-08-11 13:57:58 +0200: Memory Usage (466936K) : antmetal2_drw has 0 polygons
2026-08-11 13:57:58 +0200: Memory Usage (466936K) : graphcont_drw has 0 polygons
2026-08-11 13:57:58 +0200: Memory Usage (466936K) : siwg_drw has 0 polygons
2026-08-11 13:57:58 +0200: Memory Usage (466936K) : siwg_filler has 0 polygons
2026-08-11 13:57:58 +0200: Memory Usage (466936K) : siwg_nofill has 0 polygons
2026-08-11 13:57:58 +0200: Memory Usage (466936K) : sigrating_drw has 0 polygons
2026-08-11 13:57:58 +0200: Memory Usage (466936K) : singrating_drw has 0 polygons
2026-08-11 13:57:58 +0200: Memory Usage (467064K) : graphpas_drw has 0 polygons
2026-08-11 13:57:58 +0200: Memory Usage (467064K) : emwind3_drw has 0 polygons
2026-08-11 13:57:58 +0200: Memory Usage (467192K) : emwihv3_drw has 0 polygons
2026-08-11 13:57:58 +0200: Memory Usage (467192K) : redbulay_drw has 0 polygons
2026-08-11 13:57:58 +0200: Memory Usage (467320K) : smos_drw has 0 polygons
2026-08-11 13:57:58 +0200: Memory Usage (467320K) : graphpad_drw has 0 polygons
2026-08-11 13:57:58 +0200: Memory Usage (467448K) : polimide_drw has 0 polygons
2026-08-11 13:57:58 +0200: Memory Usage (467448K) : polimide_pin has 0 polygons
2026-08-11 13:57:58 +0200: Memory Usage (467576K) : recog_drw has 0 polygons
2026-08-11 13:57:58 +0200: Memory Usage (467576K) : recog_pin has 0 polygons
2026-08-11 13:57:58 +0200: Memory Usage (467704K) : recog_esd has 0 polygons
2026-08-11 13:57:58 +0200: Memory Usage (467704K) : recog_diode has 6 polygons
2026-08-11 13:57:58 +0200: Memory Usage (467832K) : recog_tsv has 0 polygons
2026-08-11 13:57:58 +0200: Memory Usage (467960K) : recog_iprobe has 0 polygons
2026-08-11 13:57:58 +0200: Memory Usage (467960K) : recog_diffprb has 0 polygons
2026-08-11 13:57:58 +0200: Memory Usage (468088K) : recog_pillar has 0 polygons
2026-08-11 13:57:58 +0200: Memory Usage (468088K) : recog_sbump has 0 polygons
2026-08-11 13:57:58 +0200: Memory Usage (468216K) : recog_otp has 0 polygons
2026-08-11 13:57:58 +0200: Memory Usage (468216K) : recog_pdiode has 0 polygons
2026-08-11 13:57:58 +0200: Memory Usage (468344K) : recog_mom has 0 polygons
2026-08-11 13:57:58 +0200: Memory Usage (468344K) : recog_pcm has 0 polygons
2026-08-11 13:57:58 +0200: Memory Usage (468472K) : colopen_drw has 0 polygons
2026-08-11 13:57:58 +0200: Memory Usage (468472K) : graphmetal1_drw has 0 polygons
2026-08-11 13:57:58 +0200: Memory Usage (468600K) : graphmetal1_filler has 0 polygons
2026-08-11 13:57:58 +0200: Memory Usage (468728K) : graphmetal1_nofill has 0 polygons
2026-08-11 13:57:58 +0200: Memory Usage (468728K) : graphmetal1_slit has 0 polygons
2026-08-11 13:57:58 +0200: Memory Usage (468856K) : graphmetal1_OPC has 0 polygons
2026-08-11 13:57:58 +0200: Memory Usage (468856K) : graphmet1l_drw has 0 polygons
2026-08-11 13:57:59 +0200: Memory Usage (468984K) : graphmet1l_filler has 0 polygons
2026-08-11 13:57:59 +0200: Memory Usage (468984K) : graphmet1l_nofill has 0 polygons
2026-08-11 13:57:59 +0200: Memory Usage (469112K) : graphmet1l_slit has 0 polygons
2026-08-11 13:57:59 +0200: Memory Usage (469112K) : graphmet1l_OPC has 0 polygons
2026-08-11 13:57:59 +0200: Memory Usage (469240K) : extblock_drw has 0 polygons
2026-08-11 13:57:59 +0200: Memory Usage (469240K) : nldd_drw has 0 polygons
2026-08-11 13:57:59 +0200: Memory Usage (469368K) : pldd_drw has 0 polygons
2026-08-11 13:57:59 +0200: Memory Usage (469496K) : next_drw has 0 polygons
2026-08-11 13:57:59 +0200: Memory Usage (469496K) : pext_drw has 0 polygons
2026-08-11 13:57:59 +0200: Memory Usage (469624K) : nexthv_drw has 0 polygons
2026-08-11 13:57:59 +0200: Memory Usage (469624K) : pexthv_drw has 0 polygons
2026-08-11 13:57:59 +0200: Memory Usage (469752K) : graphgate_drw has 0 polygons
2026-08-11 13:57:59 +0200: Memory Usage (469752K) : sinwg_drw has 0 polygons
2026-08-11 13:57:59 +0200: Memory Usage (469880K) : sinwg_filler has 0 polygons
2026-08-11 13:57:59 +0200: Memory Usage (469880K) : sinwg_nofill has 0 polygons
2026-08-11 13:57:59 +0200: Memory Usage (470008K) : mempad_drw has 0 polygons
2026-08-11 13:57:59 +0200: Memory Usage (470008K) : topvia1_drw has 2315 polygons
2026-08-11 13:57:59 +0200: Memory Usage (470264K) : topmetal1_drw has 8 polygons
2026-08-11 13:57:59 +0200: Memory Usage (470264K) : topmetal1_filler has 0 polygons
2026-08-11 13:57:59 +0200: Memory Usage (470392K) : topmetal1_slit has 0 polygons
2026-08-11 13:57:59 +0200: Memory Usage (470520K) : topmetal1 has 8 polygons
2026-08-11 13:57:59 +0200: Memory Usage (470520K) : topmetal1_pin has 8 polygons
2026-08-11 13:57:59 +0200: Memory Usage (470520K) : topmetal1_mask has 0 polygons
2026-08-11 13:57:59 +0200: Memory Usage (470648K) : topmetal1_nofill has 0 polygons
2026-08-11 13:57:59 +0200: Memory Usage (470776K) : topmetal1_text has 8 polygons
2026-08-11 13:57:59 +0200: Memory Usage (470776K) : topmetal1_noqrc has 0 polygons
2026-08-11 13:57:59 +0200: Memory Usage (470904K) : topmetal1_res has 0 polygons
2026-08-11 13:57:59 +0200: Memory Usage (470904K) : topmetal1_iprobe has 0 polygons
2026-08-11 13:57:59 +0200: Memory Usage (471032K) : topmetal1_diffprb has 0 polygons
2026-08-11 13:57:59 +0200: Memory Usage (471032K) : inldpwl_drw has 0 polygons
2026-08-11 13:57:59 +0200: Memory Usage (471160K) : polyres_drw has 0 polygons
2026-08-11 13:57:59 +0200: Memory Usage (471160K) : polyres_pin has 0 polygons
2026-08-11 13:57:59 +0200: Memory Usage (471288K) : vmim_drw has 0 polygons
2026-08-11 13:57:59 +0200: Memory Usage (471288K) : nbulaycut_drw has 0 polygons
2026-08-11 13:57:59 +0200: Memory Usage (471416K) : antmetal1_drw has 0 polygons
2026-08-11 13:57:59 +0200: Memory Usage (471416K) : topvia2_drw has 1593 polygons
2026-08-11 13:57:59 +0200: Memory Usage (471544K) : topmetal2_drw has 6 polygons
2026-08-11 13:57:59 +0200: Memory Usage (471672K) : topmetal2_filler has 0 polygons
2026-08-11 13:57:59 +0200: Memory Usage (471672K) : topmetal2_slit has 0 polygons
2026-08-11 13:57:59 +0200: Memory Usage (471800K) : topmetal2 has 6 polygons
2026-08-11 13:57:59 +0200: Memory Usage (471928K) : topmetal2_pin has 6 polygons
2026-08-11 13:57:59 +0200: Memory Usage (471928K) : topmetal2_mask has 0 polygons
2026-08-11 13:57:59 +0200: Memory Usage (472056K) : topmetal2_nofill has 0 polygons
2026-08-11 13:57:59 +0200: Memory Usage (472056K) : topmetal2_text has 6 polygons
2026-08-11 13:57:59 +0200: Memory Usage (472184K) : topmetal2_noqrc has 0 polygons
2026-08-11 13:57:59 +0200: Memory Usage (472184K) : topmetal2_res has 0 polygons
2026-08-11 13:57:59 +0200: Memory Usage (472184K) : topmetal2_iprobe has 0 polygons
2026-08-11 13:57:59 +0200: Memory Usage (472184K) : topmetal2_diffprb has 0 polygons
2026-08-11 13:57:59 +0200: Memory Usage (472184K) : snsring_drw has 0 polygons
2026-08-11 13:57:59 +0200: Memory Usage (472184K) : sensor_drw has 0 polygons
2026-08-11 13:57:59 +0200: Memory Usage (472184K) : snsarms_drw has 0 polygons
2026-08-11 13:57:59 +0200: Memory Usage (472184K) : snscmosvia_drw has 0 polygons
2026-08-11 13:57:59 +0200: Memory Usage (472184K) : colwind_drw has 0 polygons
2026-08-11 13:57:59 +0200: Memory Usage (472184K) : flm_drw has 0 polygons
2026-08-11 13:57:59 +0200: Memory Usage (472184K) : hafniumox_drw has 0 polygons
2026-08-11 13:57:59 +0200: Memory Usage (472184K) : memvia_drw has 0 polygons
2026-08-11 13:57:59 +0200: Memory Usage (472184K) : thinfilmres_drw has 0 polygons
2026-08-11 13:57:59 +0200: Memory Usage (472184K) : rfmem_drw has 0 polygons
2026-08-11 13:57:59 +0200: Memory Usage (472184K) : norcx_drw has 0 polygons
2026-08-11 13:57:59 +0200: Memory Usage (472184K) : norcx_m2m3 has 0 polygons
2026-08-11 13:57:59 +0200: Memory Usage (472184K) : norcx_m2m4 has 0 polygons
2026-08-11 13:57:59 +0200: Memory Usage (472184K) : norcx_m2m5 has 0 polygons
2026-08-11 13:57:59 +0200: Memory Usage (472184K) : norcx_m2tm1 has 0 polygons
2026-08-11 13:57:59 +0200: Memory Usage (472184K) : norcx_m2tm2 has 0 polygons
2026-08-11 13:57:59 +0200: Memory Usage (472184K) : norcx_m3m4 has 0 polygons
2026-08-11 13:57:59 +0200: Memory Usage (472184K) : norcx_m3m5 has 0 polygons
2026-08-11 13:57:59 +0200: Memory Usage (472184K) : norcx_m3tm1 has 0 polygons
2026-08-11 13:57:59 +0200: Memory Usage (472184K) : norcx_m3tm2 has 0 polygons
2026-08-11 13:57:59 +0200: Memory Usage (472184K) : norcx_m4m5 has 0 polygons
2026-08-11 13:57:59 +0200: Memory Usage (472184K) : norcx_m4tm1 has 0 polygons
2026-08-11 13:57:59 +0200: Memory Usage (472184K) : norcx_m4tm2 has 0 polygons
2026-08-11 13:57:59 +0200: Memory Usage (472184K) : norcx_m5tm1 has 0 polygons
2026-08-11 13:57:59 +0200: Memory Usage (472184K) : norcx_m5tm2 has 0 polygons
2026-08-11 13:57:59 +0200: Memory Usage (472184K) : norcx_tm1tm2 has 0 polygons
2026-08-11 13:57:59 +0200: Memory Usage (472184K) : norcx_m1sub has 0 polygons
2026-08-11 13:57:59 +0200: Memory Usage (472184K) : norcx_m2sub has 0 polygons
2026-08-11 13:57:59 +0200: Memory Usage (472184K) : norcx_m3sub has 0 polygons
2026-08-11 13:57:59 +0200: Memory Usage (472184K) : norcx_m4sub has 0 polygons
2026-08-11 13:57:59 +0200: Memory Usage (472184K) : norcx_m5sub has 0 polygons
2026-08-11 13:57:59 +0200: Memory Usage (472184K) : norcx_tm1sub has 0 polygons
2026-08-11 13:57:59 +0200: Memory Usage (472184K) : norcx_tm2sub has 0 polygons
2026-08-11 13:57:59 +0200: Memory Usage (472184K) : snsbotvia_drw has 0 polygons
2026-08-11 13:57:59 +0200: Memory Usage (472184K) : snstopvia_drw has 0 polygons
2026-08-11 13:57:59 +0200: Memory Usage (472184K) : deepvia_drw has 0 polygons
2026-08-11 13:57:59 +0200: Memory Usage (472184K) : fgetch_drw has 0 polygons
2026-08-11 13:57:59 +0200: Memory Usage (472184K) : ctrgat_drw has 0 polygons
2026-08-11 13:57:59 +0200: Memory Usage (472184K) : fgimp_drw has 0 polygons
2026-08-11 13:57:59 +0200: Memory Usage (472184K) : emwihv_drw has 0 polygons
2026-08-11 13:57:59 +0200: Memory Usage (472184K) : lbe_drw has 0 polygons
2026-08-11 13:57:59 +0200: Memory Usage (472184K) : alcustop_drw has 0 polygons
2026-08-11 13:57:59 +0200: Memory Usage (472184K) : nometfiller_drw has 0 polygons
2026-08-11 13:57:59 +0200: Memory Usage (472184K) : prboundary_drw has 0 polygons
2026-08-11 13:57:59 +0200: Memory Usage (472184K) : exchange0_drw has 0 polygons
2026-08-11 13:57:59 +0200: Memory Usage (472184K) : exchange0_pin has 0 polygons
2026-08-11 13:57:59 +0200: Memory Usage (472184K) : exchange0_text has 0 polygons
2026-08-11 13:57:59 +0200: Memory Usage (472184K) : exchange1_drw has 0 polygons
2026-08-11 13:57:59 +0200: Memory Usage (472184K) : exchange1_pin has 0 polygons
2026-08-11 13:57:59 +0200: Memory Usage (472184K) : exchange1_text has 0 polygons
2026-08-11 13:57:59 +0200: Memory Usage (472184K) : exchange2_drw has 0 polygons
2026-08-11 13:57:59 +0200: Memory Usage (472184K) : exchange2_pin has 0 polygons
2026-08-11 13:57:59 +0200: Memory Usage (472184K) : exchange2_text has 0 polygons
2026-08-11 13:57:59 +0200: Memory Usage (472184K) : exchange3_drw has 0 polygons
2026-08-11 13:57:59 +0200: Memory Usage (472184K) : exchange3_pin has 0 polygons
2026-08-11 13:57:59 +0200: Memory Usage (472184K) : exchange3_text has 0 polygons
2026-08-11 13:57:59 +0200: Memory Usage (472184K) : exchange4_drw has 0 polygons
2026-08-11 13:57:59 +0200: Memory Usage (472184K) : exchange4_pin has 0 polygons
2026-08-11 13:57:59 +0200: Memory Usage (472184K) : exchange4_text has 0 polygons
2026-08-11 13:57:59 +0200: Memory Usage (472184K) : isonwell_drw has 0 polygons
2026-08-11 13:57:59 +0200: Memory Usage (472184K) : Total no. of polygons in the design is 57545
2026-08-11 13:57:59 +0200: Memory Usage (472184K) : Starting base layers derivations
2026-08-11 13:57:59 +0200: Memory Usage (472184K) : Starting general LVS derivations
2026-08-11 13:57:59 +0200: Memory Usage (476152K) : Starting MOSFET DERIVATIONS
2026-08-11 13:58:00 +0200: Memory Usage (476480K) : Starting NMOS DERIVATIONS
2026-08-11 13:58:00 +0200: Memory Usage (476480K) : Starting PMOS DERIVATIONS
2026-08-11 13:58:00 +0200: Memory Usage (476480K) : Starting RF-MOSFET DERIVATIONS
2026-08-11 13:58:00 +0200: Memory Usage (476480K) : Starting RF-NMOS DERIVATIONS
2026-08-11 13:58:00 +0200: Memory Usage (476480K) : Starting RF-PMOS DERIVATIONS
2026-08-11 13:58:00 +0200: Memory Usage (476480K) : Starting BJT DERIVATIONS
2026-08-11 13:58:00 +0200: Memory Usage (476480K) : Starting NPN-BJT DERIVATIONS
2026-08-11 13:58:01 +0200: Memory Usage (476480K) : Starting PNP-BJT DERIVATIONS
2026-08-11 13:58:01 +0200: Memory Usage (476480K) : Starting DIODE DERIVATIONS
2026-08-11 13:58:03 +0200: Memory Usage (476580K) : Starting RESISTOR DERIVATIONS
2026-08-11 13:58:03 +0200: Memory Usage (476580K) : Starting CAP DERIVATIONS
2026-08-11 13:58:03 +0200: Memory Usage (476708K) : Starting CAP_CMOM DERIVATIONS
2026-08-11 13:58:03 +0200: Memory Usage (476708K) : Starting ESD DERIVATIONS
2026-08-11 13:58:04 +0200: Memory Usage (477220K) : Starting Inductor DERIVATIONS
2026-08-11 13:58:04 +0200: Memory Usage (477220K) : Starting Taps DERIVATIONS
2026-08-11 13:58:04 +0200: Memory Usage (477220K) : Starting SG13G2 LVS connectivity setup
2026-08-11 13:58:04 +0200: Memory Usage (477220K) : Starting SG13G2 LVS connectivity setup (Inter-layer)
2026-08-11 13:58:04 +0200: Memory Usage (477348K) : Starting SG13G2 LVS connectivity setup (Global)
2026-08-11 13:58:04 +0200: Memory Usage (477348K) : Starting LVS MOSFET CONNECTIONS
2026-08-11 13:58:04 +0200: Memory Usage (477348K) : Starting LVS RF-MOSFET CONNECTIONS
2026-08-11 13:58:04 +0200: Memory Usage (477348K) : Starting LVS BJT CONNECTIONS
2026-08-11 13:58:04 +0200: Memory Usage (477348K) : Starting LVS DIODE CONNECTIONS
2026-08-11 13:58:04 +0200: Memory Usage (477348K) : Starting RESISTOR CONNECTIONS
2026-08-11 13:58:04 +0200: Memory Usage (477348K) : Starting LVS CAP CONNECTIONS
2026-08-11 13:58:04 +0200: Memory Usage (477348K) : Starting CAP_CMOM CONNECTIONS
2026-08-11 13:58:04 +0200: Memory Usage (477348K) : Starting ESD CONNECTIONS
2026-08-11 13:58:04 +0200: Memory Usage (477348K) : Starting Inductor CONNECTIONS
2026-08-11 13:58:04 +0200: Memory Usage (477348K) : Starting LVS Taps CONNECTIONS
2026-08-11 13:58:04 +0200: Memory Usage (477348K) : Starting SG13G2 LVS DEVICES EXTRACTION
2026-08-11 13:58:04 +0200: Memory Usage (477348K) : Starting MOSFET EXTRACTION
2026-08-11 13:58:04 +0200: Memory Usage (477348K) : Starting NMOS EXTRACTION
2026-08-11 13:58:04 +0200: Memory Usage (477348K) : Extraction of NMOS-LV transistor
2026-08-11 13:58:04 +0200: Memory Usage (477476K) : Extraction of NMOS-HV transistor
2026-08-11 13:58:04 +0200: Memory Usage (477476K) : Starting PMOS EXTRACTION
2026-08-11 13:58:04 +0200: Memory Usage (477476K) : Extraction of PMOS-LV transistor
2026-08-11 13:58:04 +0200: Memory Usage (477476K) : Extraction of PMOS-HV transistor
2026-08-11 13:58:04 +0200: Memory Usage (477476K) : Starting RF-MOSFET EXTRACTION
2026-08-11 13:58:04 +0200: Memory Usage (477476K) : Extraction of RF-NMOS-LV transistor
2026-08-11 13:58:04 +0200: Memory Usage (477476K) : Extraction of RF-NMOS-HV transistor
2026-08-11 13:58:04 +0200: Memory Usage (477476K) : Extraction of RF-PMOS-LV transistor
2026-08-11 13:58:04 +0200: Memory Usage (477476K) : Extraction of RF-PMOS-HV transistor
2026-08-11 13:58:04 +0200: Memory Usage (477476K) : Starting BJT EXTRACTION
2026-08-11 13:58:04 +0200: Memory Usage (477476K) : Starting NPN-BJT EXTRACTION
2026-08-11 13:58:04 +0200: Memory Usage (477476K) : Extraction of npn13G2 BJT transistor
2026-08-11 13:58:04 +0200: Memory Usage (477476K) : Extraction of npn13G2L BJT transistor
2026-08-11 13:58:04 +0200: Memory Usage (477476K) : Extraction of npn13G2V BJT transistor
2026-08-11 13:58:04 +0200: Memory Usage (477476K) : Starting PNP-BJT EXTRACTION
2026-08-11 13:58:04 +0200: Memory Usage (477476K) : Extracting pnpMPA BJT
2026-08-11 13:58:04 +0200: Memory Usage (477476K) : Starting DIODE EXTRACTION
2026-08-11 13:58:04 +0200: Memory Usage (477476K) : Extracting dantenna diode
2026-08-11 13:58:04 +0200: Memory Usage (477476K) : Extracting dpantenna diode
2026-08-11 13:58:04 +0200: Memory Usage (477476K) : Extracting schottky_nbl1 diode
2026-08-11 13:58:04 +0200: Memory Usage (477476K) : Extracting isolbox diode
2026-08-11 13:58:04 +0200: Memory Usage (477476K) : Starting RESISTOR EXTRACTION
2026-08-11 13:58:04 +0200: Memory Usage (477476K) : Extracting rsil resistor
2026-08-11 13:58:04 +0200: Memory Usage (477476K) : Extracting rppd resistor
2026-08-11 13:58:04 +0200: Memory Usage (477476K) : Extracting rhigh resistor
2026-08-11 13:58:04 +0200: Memory Usage (477476K) : Extracting res_metal1 resistor
2026-08-11 13:58:04 +0200: Memory Usage (477604K) : Extracting res_metal2 resistor
2026-08-11 13:58:04 +0200: Memory Usage (477604K) : Extracting res_metal3 resistor
2026-08-11 13:58:04 +0200: Memory Usage (477604K) : Extracting res_metal4 resistor
2026-08-11 13:58:04 +0200: Memory Usage (477604K) : Extracting res_metal5 resistor
2026-08-11 13:58:04 +0200: Memory Usage (477732K) : Extracting res_topmetal1 resistor
2026-08-11 13:58:04 +0200: Memory Usage (477732K) : Extracting res_topmetal2 resistor
2026-08-11 13:58:04 +0200: Memory Usage (477732K) : Starting CAP EXTRACTION
2026-08-11 13:58:04 +0200: Memory Usage (477732K) : Extracting cap_cmim device
2026-08-11 13:58:04 +0200: Memory Usage (477860K) : Extracting rfcmim device
2026-08-11 13:58:04 +0200: Memory Usage (477860K) : Extracting sg13_hv_svaricap varactor
2026-08-11 13:58:04 +0200: Memory Usage (477988K) : Extracting cap_cmomi device
2026-08-11 13:58:04 +0200: Memory Usage (477988K) : Extracting sg13_moscap_n capacitor
2026-08-11 13:58:04 +0200: Memory Usage (478116K) : Extracting sg13_moscap_p capacitor
2026-08-11 13:58:04 +0200: Memory Usage (478244K) : Starting ESD EXTRACTION
2026-08-11 13:58:04 +0200: Memory Usage (478244K) : Extracting diodevdd_2kv ESD device
2026-08-11 13:58:04 +0200: Memory Usage (478372K) : Extracting diodevdd_4kv ESD device
2026-08-11 13:58:04 +0200: Memory Usage (478628K) : Extracting diodevss_2kv ESD device
2026-08-11 13:58:04 +0200: Memory Usage (478756K) : Extracting diodevss_4kv ESD device
2026-08-11 13:58:04 +0200: Memory Usage (478884K) : Extracting idiodevdd_2kv ESD device
2026-08-11 13:58:04 +0200: Memory Usage (479140K) : Extracting idiodevdd_4kv ESD device
2026-08-11 13:58:04 +0200: Memory Usage (479268K) : Extracting idiodevss_2kv ESD device
2026-08-11 13:58:04 +0200: Memory Usage (479396K) : Extracting idiodevss_4kv ESD device
2026-08-11 13:58:04 +0200: Memory Usage (479652K) : Extracting nmoscl_2 ESD device
2026-08-11 13:58:04 +0200: Memory Usage (479652K) : Extracting nmoscl_4 ESD device
2026-08-11 13:58:04 +0200: Memory Usage (479780K) : Starting Inductor EXTRACTION
2026-08-11 13:58:04 +0200: Memory Usage (479780K) : Extracting Inductor2 device
2026-08-11 13:58:04 +0200: Memory Usage (479908K) : Extracting Inductor3 device
2026-08-11 13:58:04 +0200: Memory Usage (479908K) : Starting Taps EXTRACTION
2026-08-11 13:58:04 +0200: Memory Usage (479908K) : Extracting ntap1 device
2026-08-11 13:58:04 +0200: Memory Usage (480036K) : Extracting ptap1 device
2026-08-11 13:58:04 +0200: Memory Usage (480036K) : Starting SG13G2 LVS RF MOS Model Mapping
2026-08-11 13:58:05 +0200: Memory Usage (498596K) : [layout_netlist] Apply RF MOS model mapping and rfmode parameter.
2026-08-11 13:58:05 +0200: Memory Usage (498596K) : Starting SG13G2 LVS Options Preparations
2026-08-11 13:58:05 +0200: Memory Usage (498596K) : SG13G2 LVS flow: extraction -> alignment -> option preparation -> comparison.
2026-08-11 13:58:05 +0200: Memory Usage (498596K) : Starting SG13G2 LVS Alignment
2026-08-11 13:58:05 +0200: Memory Usage (498852K) : Starting SG13G2 LVS Simplification
2026-08-11 13:58:05 +0200: Memory Usage (498852K) : [layout_netlist] simplify: ENABLED
2026-08-11 13:58:05 +0200: Memory Usage (498852K) : [layout_netlist] make_top_level_pins: SKIPPED
2026-08-11 13:58:05 +0200: Memory Usage (498852K) : [layout_netlist] combine_devices: ENABLED
2026-08-11 13:58:05 +0200: Memory Usage (498852K) : [layout_netlist] purge: SKIPPED
2026-08-11 13:58:05 +0200: Memory Usage (498852K) : [layout_netlist] purge_nets: SKIPPED
2026-08-11 13:58:05 +0200: Memory Usage (498852K) : [schematic_netlist] simplify: ENABLED
2026-08-11 13:58:05 +0200: Memory Usage (498852K) : [schematic_netlist] make_top_level_pins: SKIPPED
2026-08-11 13:58:05 +0200: Memory Usage (498852K) : [schematic_netlist] combine_devices: ENABLED
2026-08-11 13:58:05 +0200: Memory Usage (498852K) : [schematic_netlist] purge: SKIPPED
2026-08-11 13:58:05 +0200: Memory Usage (498852K) : [schematic_netlist] purge_nets: SKIPPED
2026-08-11 13:58:05 +0200: Memory Usage (498852K) : Starting SG13G2 LVS Comparison
2026-08-11 13:58:05 +0200: Memory Usage (498980K) : ==========================================
2026-08-11 13:58:05 +0200: Memory Usage (498980K) : INFO : Congratulations! Netlists match.
2026-08-11 13:58:05 +0200: Memory Usage (498980K) : ==========================================
2026-08-11 13:58:05 +0200: Memory Usage (498980K) : LVS Total Run time 7.104586 seconds
