# Logfile created on 2026-08-10 16:36:39 +0200 by logger.rb/v1.5.3
2026-08-10 16:36:39 +0200: Memory Usage (455776K) : Starting running SG13G2 Klayout LVS runset on /foss/designs/ihp-open-pdk-regression/IOPADS/layout/sg13g2_IOPadInOut16mA.gds
2026-08-10 16:36:39 +0200: Memory Usage (455776K) : Ruby Version for klayout: 3.2.3
2026-08-10 16:36:39 +0200: Memory Usage (457440K) : Loading database to memory is complete.
2026-08-10 16:36:39 +0200: Memory Usage (457440K) : SG13G2 Klayout LVS runset output at: /foss/designs/ihp-open-pdk-regression/IOPADS/lvs_sweep/20260810_163620/sg13g2_IOPadInOut16mA/sg13g2_IOPadInOut16mA.lvsdb
2026-08-10 16:36:39 +0200: Memory Usage (457440K) : Evaluate switches.
2026-08-10 16:36:39 +0200: Memory Usage (457440K) : Extracted netlist with net names: true
2026-08-10 16:36:39 +0200: Memory Usage (457440K) : Extracted netlist with comments in details: false
2026-08-10 16:36:39 +0200: Memory Usage (457440K) : Selected NET_ONLY option: false
2026-08-10 16:36:39 +0200: Memory Usage (457440K) : Selected LAYOUT_NETLIST option: (none)
2026-08-10 16:36:39 +0200: Memory Usage (457440K) : Selected IGNORE_TOP_PORTS_MISMATCH option: true
2026-08-10 16:36:39 +0200: Memory Usage (457440K) : Selected IMPLICIT_NETS option: iovss,iovdd,vss,vdd,pad,cathode,anode
2026-08-10 16:36:39 +0200: Memory Usage (457440K) : Selected TOP_LVL_PINS option: false
2026-08-10 16:36:39 +0200: Memory Usage (457440K) : Selected COMBINE DEVICES option: true
2026-08-10 16:36:39 +0200: Memory Usage (457440K) : Selected PURGE option: false
2026-08-10 16:36:39 +0200: Memory Usage (457440K) : Selected PURGE_NETS option: false
2026-08-10 16:36:39 +0200: Memory Usage (457440K) : Selected SIMPLIFY option: true
2026-08-10 16:36:39 +0200: Memory Usage (457568K) : Selected SERIES_RES option: true
2026-08-10 16:36:39 +0200: Memory Usage (457568K) : Selected PARALLEL_RES option: true
2026-08-10 16:36:39 +0200: Memory Usage (457568K) : Selected DISABLE_TAP_EXTRACTION option: false
2026-08-10 16:36:39 +0200: Memory Usage (457568K) : deep  mode is enabled.
2026-08-10 16:36:39 +0200: Memory Usage (457568K) : Applying implicit connections (case-sensitive, pattern supported) for nets: iovss, iovdd, vss, vdd, pad, cathode, anode
2026-08-10 16:36:39 +0200: Memory Usage (458848K) : Netlist file: /foss/designs/ihp-open-pdk-regression/IOPADS/netlist/pads_sub/sg13g2_IOPadInOut16mA.spi
2026-08-10 16:36:39 +0200: Memory Usage (458848K) : LVS extracted netlist at: /foss/designs/ihp-open-pdk-regression/IOPADS/lvs_sweep/20260810_163620/sg13g2_IOPadInOut16mA/sg13g2_IOPadInOut16mA_extracted.cir
2026-08-10 16:36:39 +0200: Memory Usage (458848K) : Applying SRAM integration support.
2026-08-10 16:36:39 +0200: Memory Usage (458848K) : Starting SG13G2 LVS runset
2026-08-10 16:36:39 +0200: Memory Usage (458848K) : Read in polygons from layers.
2026-08-10 16:36:39 +0200: Memory Usage (460512K) : activ_drw has 110 polygons
2026-08-10 16:36:39 +0200: Memory Usage (460512K) : activ_filler has 0 polygons
2026-08-10 16:36:39 +0200: Memory Usage (460640K) : activ has 110 polygons
2026-08-10 16:36:39 +0200: Memory Usage (460640K) : activ_pin has 0 polygons
2026-08-10 16:36:39 +0200: Memory Usage (460640K) : activ_mask has 0 polygons
2026-08-10 16:36:39 +0200: Memory Usage (460768K) : activ_nofill has 0 polygons
2026-08-10 16:36:39 +0200: Memory Usage (460768K) : activ_OPC has 0 polygons
2026-08-10 16:36:39 +0200: Memory Usage (460896K) : activ_iOPC has 0 polygons
2026-08-10 16:36:39 +0200: Memory Usage (460896K) : activ_noqrc has 0 polygons
2026-08-10 16:36:39 +0200: Memory Usage (461024K) : biwind_drw has 0 polygons
2026-08-10 16:36:39 +0200: Memory Usage (461024K) : biwind_OPC has 0 polygons
2026-08-10 16:36:39 +0200: Memory Usage (461152K) : gatpoly_drw has 55 polygons
2026-08-10 16:36:39 +0200: Memory Usage (461280K) : gatpoly_filler has 0 polygons
2026-08-10 16:36:39 +0200: Memory Usage (461280K) : gatpoly has 55 polygons
2026-08-10 16:36:39 +0200: Memory Usage (461408K) : gatpoly_pin has 6 polygons
2026-08-10 16:36:39 +0200: Memory Usage (461408K) : gatpoly_nofill has 0 polygons
2026-08-10 16:36:39 +0200: Memory Usage (461536K) : gatpoly_OPC has 0 polygons
2026-08-10 16:36:39 +0200: Memory Usage (461536K) : gatpoly_iOPC has 0 polygons
2026-08-10 16:36:39 +0200: Memory Usage (461664K) : gatpoly_noqrc has 0 polygons
2026-08-10 16:36:39 +0200: Memory Usage (463072K) : cont_drw has 46400 polygons
2026-08-10 16:36:39 +0200: Memory Usage (463072K) : cont_OPC has 0 polygons
2026-08-10 16:36:39 +0200: Memory Usage (463072K) : nsd_drw has 0 polygons
2026-08-10 16:36:39 +0200: Memory Usage (463072K) : nsd_block has 0 polygons
2026-08-10 16:36:39 +0200: Memory Usage (463072K) : metal1_drw has 312 polygons
2026-08-10 16:36:39 +0200: Memory Usage (463072K) : metal1_filler has 0 polygons
2026-08-10 16:36:39 +0200: Memory Usage (463072K) : metal1_slit has 0 polygons
2026-08-10 16:36:39 +0200: Memory Usage (463456K) : metal1 has 312 polygons
2026-08-10 16:36:39 +0200: Memory Usage (463456K) : metal1_pin has 57 polygons
2026-08-10 16:36:39 +0200: Memory Usage (463456K) : metal1_mask has 0 polygons
2026-08-10 16:36:39 +0200: Memory Usage (463584K) : metal1_nofill has 0 polygons
2026-08-10 16:36:39 +0200: Memory Usage (463840K) : metal1_text has 47 polygons
2026-08-10 16:36:39 +0200: Memory Usage (463840K) : metal1_OPC has 0 polygons
2026-08-10 16:36:39 +0200: Memory Usage (463840K) : metal1_noqrc has 0 polygons
2026-08-10 16:36:39 +0200: Memory Usage (463968K) : metal1_res has 0 polygons
2026-08-10 16:36:39 +0200: Memory Usage (463968K) : metal1_iprobe has 0 polygons
2026-08-10 16:36:39 +0200: Memory Usage (464096K) : metal1_diffprb has 0 polygons
2026-08-10 16:36:39 +0200: Memory Usage (464224K) : passiv_drw has 0 polygons
2026-08-10 16:36:39 +0200: Memory Usage (464224K) : passiv_pin has 0 polygons
2026-08-10 16:36:39 +0200: Memory Usage (464352K) : passiv_sbump has 0 polygons
2026-08-10 16:36:39 +0200: Memory Usage (464352K) : passiv_pillar has 0 polygons
2026-08-10 16:36:39 +0200: Memory Usage (464480K) : passiv_pdl has 0 polygons
2026-08-10 16:36:39 +0200: Memory Usage (464480K) : metal2_drw has 90 polygons
2026-08-10 16:36:39 +0200: Memory Usage (464608K) : metal2_filler has 0 polygons
2026-08-10 16:36:39 +0200: Memory Usage (464608K) : metal2_slit has 0 polygons
2026-08-10 16:36:39 +0200: Memory Usage (464608K) : metal2 has 90 polygons
2026-08-10 16:36:39 +0200: Memory Usage (464736K) : metal2_pin has 27 polygons
2026-08-10 16:36:39 +0200: Memory Usage (464736K) : metal2_mask has 0 polygons
2026-08-10 16:36:39 +0200: Memory Usage (464736K) : metal2_nofill has 0 polygons
2026-08-10 16:36:39 +0200: Memory Usage (464864K) : metal2_text has 27 polygons
2026-08-10 16:36:39 +0200: Memory Usage (464864K) : metal2_OPC has 0 polygons
2026-08-10 16:36:39 +0200: Memory Usage (464864K) : metal2_noqrc has 0 polygons
2026-08-10 16:36:39 +0200: Memory Usage (464864K) : metal2_res has 0 polygons
2026-08-10 16:36:39 +0200: Memory Usage (464992K) : metal2_iprobe has 0 polygons
2026-08-10 16:36:39 +0200: Memory Usage (464992K) : metal2_diffprb has 0 polygons
2026-08-10 16:36:39 +0200: Memory Usage (465120K) : baspoly_drw has 0 polygons
2026-08-10 16:36:39 +0200: Memory Usage (465248K) : baspoly_pin has 0 polygons
2026-08-10 16:36:39 +0200: Memory Usage (465248K) : psd_drw has 45 polygons
2026-08-10 16:36:39 +0200: Memory Usage (465376K) : nldb_drw has 0 polygons
2026-08-10 16:36:39 +0200: Memory Usage (465376K) : digibnd_drw has 0 polygons
2026-08-10 16:36:39 +0200: Memory Usage (465504K) : via1_drw has 1757 polygons
2026-08-10 16:36:39 +0200: Memory Usage (465504K) : backmetal1_drw has 0 polygons
2026-08-10 16:36:39 +0200: Memory Usage (465632K) : backmetal1_pin has 0 polygons
2026-08-10 16:36:39 +0200: Memory Usage (465632K) : backmetal1_mask has 0 polygons
2026-08-10 16:36:39 +0200: Memory Usage (465760K) : backmetal1_filler has 0 polygons
2026-08-10 16:36:39 +0200: Memory Usage (465888K) : backmetal1_nofill has 0 polygons
2026-08-10 16:36:39 +0200: Memory Usage (465888K) : backmetal1_slit has 0 polygons
2026-08-10 16:36:39 +0200: Memory Usage (466016K) : backmetal1_text has 0 polygons
2026-08-10 16:36:39 +0200: Memory Usage (466016K) : backmetal1_OPC has 0 polygons
2026-08-10 16:36:39 +0200: Memory Usage (466144K) : backmetal1_noqrc has 0 polygons
2026-08-10 16:36:39 +0200: Memory Usage (466144K) : backmetal1_res has 0 polygons
2026-08-10 16:36:39 +0200: Memory Usage (466272K) : backmetal1_iprobe has 0 polygons
2026-08-10 16:36:39 +0200: Memory Usage (466272K) : backmetal1_diffprb has 0 polygons
2026-08-10 16:36:39 +0200: Memory Usage (466400K) : backpassiv_drw has 0 polygons
2026-08-10 16:36:39 +0200: Memory Usage (466400K) : res_drw has 0 polygons
2026-08-10 16:36:39 +0200: Memory Usage (466528K) : sram_drw has 0 polygons
2026-08-10 16:36:39 +0200: Memory Usage (466528K) : trans_drw has 0 polygons
2026-08-10 16:36:39 +0200: Memory Usage (466656K) : ind_drw has 0 polygons
2026-08-10 16:36:39 +0200: Memory Usage (466656K) : ind_pin has 0 polygons
2026-08-10 16:36:39 +0200: Memory Usage (466784K) : ind_text has 0 polygons
2026-08-10 16:36:39 +0200: Memory Usage (466912K) : salblock_drw has 1 polygons
2026-08-10 16:36:39 +0200: Memory Usage (466912K) : via2_drw has 1442 polygons
2026-08-10 16:36:39 +0200: Memory Usage (467040K) : metal3_drw has 21 polygons
2026-08-10 16:36:39 +0200: Memory Usage (467040K) : metal3_filler has 0 polygons
2026-08-10 16:36:39 +0200: Memory Usage (467168K) : metal3_slit has 0 polygons
2026-08-10 16:36:39 +0200: Memory Usage (467168K) : metal3 has 21 polygons
2026-08-10 16:36:39 +0200: Memory Usage (467168K) : metal3_pin has 11 polygons
2026-08-10 16:36:39 +0200: Memory Usage (467296K) : metal3_mask has 0 polygons
2026-08-10 16:36:39 +0200: Memory Usage (467296K) : metal3_nofill has 0 polygons
2026-08-10 16:36:39 +0200: Memory Usage (467424K) : metal3_text has 11 polygons
2026-08-10 16:36:39 +0200: Memory Usage (467424K) : metal3_OPC has 0 polygons
2026-08-10 16:36:39 +0200: Memory Usage (467552K) : metal3_noqrc has 0 polygons
2026-08-10 16:36:39 +0200: Memory Usage (467552K) : metal3_res has 0 polygons
2026-08-10 16:36:39 +0200: Memory Usage (467680K) : metal3_iprobe has 0 polygons
2026-08-10 16:36:39 +0200: Memory Usage (467808K) : metal3_diffprb has 0 polygons
2026-08-10 16:36:39 +0200: Memory Usage (467808K) : nwell_drw has 29 polygons
2026-08-10 16:36:39 +0200: Memory Usage (467936K) : nwell_pin has 0 polygons
2026-08-10 16:36:39 +0200: Memory Usage (467936K) : nwell_text has 0 polygons
2026-08-10 16:36:39 +0200: Memory Usage (468064K) : nbulay_drw has 0 polygons
2026-08-10 16:36:39 +0200: Memory Usage (468064K) : nbulay_pin has 0 polygons
2026-08-10 16:36:39 +0200: Memory Usage (468192K) : nbulay_block has 0 polygons
2026-08-10 16:36:39 +0200: Memory Usage (468192K) : emwind_drw has 0 polygons
2026-08-10 16:36:39 +0200: Memory Usage (468320K) : emwind_OPC has 0 polygons
2026-08-10 16:36:39 +0200: Memory Usage (468320K) : deepco_drw has 0 polygons
2026-08-10 16:36:39 +0200: Memory Usage (468448K) : mim_drw has 0 polygons
2026-08-10 16:36:39 +0200: Memory Usage (468448K) : edgeseal_drw has 0 polygons
2026-08-10 16:36:39 +0200: Memory Usage (468576K) : substrate_drw has 29 polygons
2026-08-10 16:36:39 +0200: Memory Usage (468704K) : substrate_text has 0 polygons
2026-08-10 16:36:39 +0200: Memory Usage (468704K) : dfpad_drw has 0 polygons
2026-08-10 16:36:39 +0200: Memory Usage (468832K) : dfpad_pillar has 0 polygons
2026-08-10 16:36:39 +0200: Memory Usage (468832K) : dfpad_sbump has 0 polygons
2026-08-10 16:36:39 +0200: Memory Usage (468960K) : thickgateox_drw has 8 polygons
2026-08-10 16:36:39 +0200: Memory Usage (468960K) : pldb_drw has 0 polygons
2026-08-10 16:36:39 +0200: Memory Usage (469088K) : pwell_drw has 0 polygons
2026-08-10 16:36:39 +0200: Memory Usage (469088K) : pwell_pin has 0 polygons
2026-08-10 16:36:39 +0200: Memory Usage (469216K) : pwell_block has 0 polygons
2026-08-10 16:36:39 +0200: Memory Usage (469216K) : ic_drw has 0 polygons
2026-08-10 16:36:39 +0200: Memory Usage (469344K) : via3_drw has 2087 polygons
2026-08-10 16:36:39 +0200: Memory Usage (469472K) : metal4_drw has 8 polygons
2026-08-10 16:36:39 +0200: Memory Usage (469472K) : metal4_filler has 0 polygons
2026-08-10 16:36:39 +0200: Memory Usage (469600K) : metal4_slit has 0 polygons
2026-08-10 16:36:39 +0200: Memory Usage (469728K) : metal4 has 8 polygons
2026-08-10 16:36:39 +0200: Memory Usage (469728K) : metal4_pin has 8 polygons
2026-08-10 16:36:39 +0200: Memory Usage (469856K) : metal4_mask has 0 polygons
2026-08-10 16:36:39 +0200: Memory Usage (469856K) : metal4_nofill has 0 polygons
2026-08-10 16:36:39 +0200: Memory Usage (469984K) : metal4_text has 8 polygons
2026-08-10 16:36:39 +0200: Memory Usage (469984K) : metal4_OPC has 0 polygons
2026-08-10 16:36:39 +0200: Memory Usage (470112K) : metal4_noqrc has 0 polygons
2026-08-10 16:36:39 +0200: Memory Usage (470112K) : metal4_res has 0 polygons
2026-08-10 16:36:39 +0200: Memory Usage (470112K) : metal4_iprobe has 0 polygons
2026-08-10 16:36:39 +0200: Memory Usage (470112K) : metal4_diffprb has 0 polygons
2026-08-10 16:36:39 +0200: Memory Usage (470112K) : heattrans_drw has 6 polygons
2026-08-10 16:36:39 +0200: Memory Usage (470112K) : heatres_drw has 0 polygons
2026-08-10 16:36:39 +0200: Memory Usage (470112K) : fbe_drw has 0 polygons
2026-08-10 16:36:39 +0200: Memory Usage (470112K) : empoly_drw has 0 polygons
2026-08-10 16:36:39 +0200: Memory Usage (470112K) : digisub_drw has 0 polygons
2026-08-10 16:36:39 +0200: Memory Usage (470112K) : text_drw has 29 polygons
2026-08-10 16:36:39 +0200: Memory Usage (470112K) : via4_drw has 2371 polygons
2026-08-10 16:36:39 +0200: Memory Usage (470112K) : metal5_drw has 8 polygons
2026-08-10 16:36:39 +0200: Memory Usage (470112K) : metal5_filler has 0 polygons
2026-08-10 16:36:39 +0200: Memory Usage (470112K) : metal5_slit has 0 polygons
2026-08-10 16:36:39 +0200: Memory Usage (470112K) : metal5 has 8 polygons
2026-08-10 16:36:39 +0200: Memory Usage (470112K) : metal5_pin has 8 polygons
2026-08-10 16:36:39 +0200: Memory Usage (470112K) : metal5_mask has 0 polygons
2026-08-10 16:36:39 +0200: Memory Usage (470112K) : metal5_nofill has 0 polygons
2026-08-10 16:36:39 +0200: Memory Usage (470112K) : metal5_text has 8 polygons
2026-08-10 16:36:39 +0200: Memory Usage (470112K) : metal5_OPC has 0 polygons
2026-08-10 16:36:39 +0200: Memory Usage (470112K) : metal5_noqrc has 0 polygons
2026-08-10 16:36:39 +0200: Memory Usage (470112K) : metal5_res has 0 polygons
2026-08-10 16:36:39 +0200: Memory Usage (470112K) : metal5_iprobe has 0 polygons
2026-08-10 16:36:39 +0200: Memory Usage (470112K) : metal5_diffprb has 0 polygons
2026-08-10 16:36:39 +0200: Memory Usage (470112K) : radhard_drw has 0 polygons
2026-08-10 16:36:39 +0200: Memory Usage (470112K) : memcap_drw has 0 polygons
2026-08-10 16:36:39 +0200: Memory Usage (470112K) : varicap_drw has 0 polygons
2026-08-10 16:36:39 +0200: Memory Usage (470112K) : intbondvia_drw has 0 polygons
2026-08-10 16:36:39 +0200: Memory Usage (470112K) : intbondmet_drw has 0 polygons
2026-08-10 16:36:39 +0200: Memory Usage (470112K) : devbondvia_drw has 0 polygons
2026-08-10 16:36:39 +0200: Memory Usage (470112K) : devbondmet_drw has 0 polygons
2026-08-10 16:36:39 +0200: Memory Usage (470112K) : devtrench_drw has 0 polygons
2026-08-10 16:36:39 +0200: Memory Usage (470112K) : redist_drw has 0 polygons
2026-08-10 16:36:39 +0200: Memory Usage (470112K) : graphbot_drw has 0 polygons
2026-08-10 16:36:39 +0200: Memory Usage (470112K) : graphtop_drw has 0 polygons
2026-08-10 16:36:39 +0200: Memory Usage (470112K) : antvia1_drw has 0 polygons
2026-08-10 16:36:39 +0200: Memory Usage (470112K) : antmetal2_drw has 0 polygons
2026-08-10 16:36:39 +0200: Memory Usage (470112K) : graphcont_drw has 0 polygons
2026-08-10 16:36:39 +0200: Memory Usage (470112K) : siwg_drw has 0 polygons
2026-08-10 16:36:39 +0200: Memory Usage (470112K) : siwg_filler has 0 polygons
2026-08-10 16:36:39 +0200: Memory Usage (470112K) : siwg_nofill has 0 polygons
2026-08-10 16:36:39 +0200: Memory Usage (470112K) : sigrating_drw has 0 polygons
2026-08-10 16:36:39 +0200: Memory Usage (470112K) : singrating_drw has 0 polygons
2026-08-10 16:36:39 +0200: Memory Usage (470112K) : graphpas_drw has 0 polygons
2026-08-10 16:36:39 +0200: Memory Usage (470112K) : emwind3_drw has 0 polygons
2026-08-10 16:36:39 +0200: Memory Usage (470112K) : emwihv3_drw has 0 polygons
2026-08-10 16:36:39 +0200: Memory Usage (470112K) : redbulay_drw has 0 polygons
2026-08-10 16:36:39 +0200: Memory Usage (470112K) : smos_drw has 0 polygons
2026-08-10 16:36:39 +0200: Memory Usage (470112K) : graphpad_drw has 0 polygons
2026-08-10 16:36:39 +0200: Memory Usage (470112K) : polimide_drw has 0 polygons
2026-08-10 16:36:39 +0200: Memory Usage (470112K) : polimide_pin has 0 polygons
2026-08-10 16:36:39 +0200: Memory Usage (470112K) : recog_drw has 0 polygons
2026-08-10 16:36:39 +0200: Memory Usage (470112K) : recog_pin has 0 polygons
2026-08-10 16:36:39 +0200: Memory Usage (470112K) : recog_esd has 0 polygons
2026-08-10 16:36:39 +0200: Memory Usage (470112K) : recog_diode has 8 polygons
2026-08-10 16:36:39 +0200: Memory Usage (470112K) : recog_tsv has 0 polygons
2026-08-10 16:36:39 +0200: Memory Usage (470112K) : recog_iprobe has 0 polygons
2026-08-10 16:36:39 +0200: Memory Usage (470112K) : recog_diffprb has 0 polygons
2026-08-10 16:36:39 +0200: Memory Usage (470112K) : recog_pillar has 0 polygons
2026-08-10 16:36:39 +0200: Memory Usage (470112K) : recog_sbump has 0 polygons
2026-08-10 16:36:39 +0200: Memory Usage (470112K) : recog_otp has 0 polygons
2026-08-10 16:36:39 +0200: Memory Usage (470112K) : recog_pdiode has 0 polygons
2026-08-10 16:36:39 +0200: Memory Usage (470112K) : recog_mom has 0 polygons
2026-08-10 16:36:39 +0200: Memory Usage (470112K) : recog_pcm has 0 polygons
2026-08-10 16:36:39 +0200: Memory Usage (470112K) : colopen_drw has 0 polygons
2026-08-10 16:36:39 +0200: Memory Usage (470112K) : graphmetal1_drw has 0 polygons
2026-08-10 16:36:39 +0200: Memory Usage (470112K) : graphmetal1_filler has 0 polygons
2026-08-10 16:36:39 +0200: Memory Usage (470112K) : graphmetal1_nofill has 0 polygons
2026-08-10 16:36:39 +0200: Memory Usage (470112K) : graphmetal1_slit has 0 polygons
2026-08-10 16:36:39 +0200: Memory Usage (470112K) : graphmetal1_OPC has 0 polygons
2026-08-10 16:36:39 +0200: Memory Usage (470112K) : graphmet1l_drw has 0 polygons
2026-08-10 16:36:39 +0200: Memory Usage (470112K) : graphmet1l_filler has 0 polygons
2026-08-10 16:36:39 +0200: Memory Usage (470112K) : graphmet1l_nofill has 0 polygons
2026-08-10 16:36:39 +0200: Memory Usage (470112K) : graphmet1l_slit has 0 polygons
2026-08-10 16:36:39 +0200: Memory Usage (470112K) : graphmet1l_OPC has 0 polygons
2026-08-10 16:36:39 +0200: Memory Usage (470112K) : extblock_drw has 1 polygons
2026-08-10 16:36:39 +0200: Memory Usage (470112K) : nldd_drw has 0 polygons
2026-08-10 16:36:39 +0200: Memory Usage (470112K) : pldd_drw has 0 polygons
2026-08-10 16:36:39 +0200: Memory Usage (470112K) : next_drw has 0 polygons
2026-08-10 16:36:39 +0200: Memory Usage (470112K) : pext_drw has 0 polygons
2026-08-10 16:36:39 +0200: Memory Usage (470112K) : nexthv_drw has 0 polygons
2026-08-10 16:36:39 +0200: Memory Usage (470112K) : pexthv_drw has 0 polygons
2026-08-10 16:36:39 +0200: Memory Usage (470112K) : graphgate_drw has 0 polygons
2026-08-10 16:36:39 +0200: Memory Usage (470112K) : sinwg_drw has 0 polygons
2026-08-10 16:36:39 +0200: Memory Usage (470112K) : sinwg_filler has 0 polygons
2026-08-10 16:36:39 +0200: Memory Usage (470112K) : sinwg_nofill has 0 polygons
2026-08-10 16:36:39 +0200: Memory Usage (470112K) : mempad_drw has 0 polygons
2026-08-10 16:36:39 +0200: Memory Usage (470112K) : topvia1_drw has 2315 polygons
2026-08-10 16:36:39 +0200: Memory Usage (470112K) : topmetal1_drw has 8 polygons
2026-08-10 16:36:39 +0200: Memory Usage (470112K) : topmetal1_filler has 0 polygons
2026-08-10 16:36:39 +0200: Memory Usage (470112K) : topmetal1_slit has 0 polygons
2026-08-10 16:36:39 +0200: Memory Usage (470112K) : topmetal1 has 8 polygons
2026-08-10 16:36:39 +0200: Memory Usage (470112K) : topmetal1_pin has 8 polygons
2026-08-10 16:36:39 +0200: Memory Usage (470112K) : topmetal1_mask has 0 polygons
2026-08-10 16:36:39 +0200: Memory Usage (470112K) : topmetal1_nofill has 0 polygons
2026-08-10 16:36:39 +0200: Memory Usage (470112K) : topmetal1_text has 8 polygons
2026-08-10 16:36:39 +0200: Memory Usage (470112K) : topmetal1_noqrc has 0 polygons
2026-08-10 16:36:39 +0200: Memory Usage (470112K) : topmetal1_res has 0 polygons
2026-08-10 16:36:39 +0200: Memory Usage (470112K) : topmetal1_iprobe has 0 polygons
2026-08-10 16:36:39 +0200: Memory Usage (470112K) : topmetal1_diffprb has 0 polygons
2026-08-10 16:36:39 +0200: Memory Usage (470112K) : inldpwl_drw has 0 polygons
2026-08-10 16:36:40 +0200: Memory Usage (470112K) : polyres_drw has 1 polygons
2026-08-10 16:36:40 +0200: Memory Usage (470112K) : polyres_pin has 0 polygons
2026-08-10 16:36:40 +0200: Memory Usage (470112K) : vmim_drw has 0 polygons
2026-08-10 16:36:40 +0200: Memory Usage (470112K) : nbulaycut_drw has 0 polygons
2026-08-10 16:36:40 +0200: Memory Usage (470112K) : antmetal1_drw has 0 polygons
2026-08-10 16:36:40 +0200: Memory Usage (470112K) : topvia2_drw has 1593 polygons
2026-08-10 16:36:40 +0200: Memory Usage (470112K) : topmetal2_drw has 6 polygons
2026-08-10 16:36:40 +0200: Memory Usage (470112K) : topmetal2_filler has 0 polygons
2026-08-10 16:36:40 +0200: Memory Usage (470112K) : topmetal2_slit has 0 polygons
2026-08-10 16:36:40 +0200: Memory Usage (470112K) : topmetal2 has 6 polygons
2026-08-10 16:36:40 +0200: Memory Usage (470112K) : topmetal2_pin has 6 polygons
2026-08-10 16:36:40 +0200: Memory Usage (470112K) : topmetal2_mask has 0 polygons
2026-08-10 16:36:40 +0200: Memory Usage (470112K) : topmetal2_nofill has 0 polygons
2026-08-10 16:36:40 +0200: Memory Usage (470112K) : topmetal2_text has 6 polygons
2026-08-10 16:36:40 +0200: Memory Usage (470112K) : topmetal2_noqrc has 0 polygons
2026-08-10 16:36:40 +0200: Memory Usage (470112K) : topmetal2_res has 0 polygons
2026-08-10 16:36:40 +0200: Memory Usage (470112K) : topmetal2_iprobe has 0 polygons
2026-08-10 16:36:40 +0200: Memory Usage (470112K) : topmetal2_diffprb has 0 polygons
2026-08-10 16:36:40 +0200: Memory Usage (470112K) : snsring_drw has 0 polygons
2026-08-10 16:36:40 +0200: Memory Usage (470112K) : sensor_drw has 0 polygons
2026-08-10 16:36:40 +0200: Memory Usage (470112K) : snsarms_drw has 0 polygons
2026-08-10 16:36:40 +0200: Memory Usage (470112K) : snscmosvia_drw has 0 polygons
2026-08-10 16:36:40 +0200: Memory Usage (470112K) : colwind_drw has 0 polygons
2026-08-10 16:36:40 +0200: Memory Usage (470112K) : flm_drw has 0 polygons
2026-08-10 16:36:40 +0200: Memory Usage (470112K) : hafniumox_drw has 0 polygons
2026-08-10 16:36:40 +0200: Memory Usage (470112K) : memvia_drw has 0 polygons
2026-08-10 16:36:40 +0200: Memory Usage (470240K) : thinfilmres_drw has 0 polygons
2026-08-10 16:36:40 +0200: Memory Usage (470240K) : rfmem_drw has 0 polygons
2026-08-10 16:36:40 +0200: Memory Usage (470368K) : norcx_drw has 0 polygons
2026-08-10 16:36:40 +0200: Memory Usage (470368K) : norcx_m2m3 has 0 polygons
2026-08-10 16:36:40 +0200: Memory Usage (470496K) : norcx_m2m4 has 0 polygons
2026-08-10 16:36:40 +0200: Memory Usage (470496K) : norcx_m2m5 has 0 polygons
2026-08-10 16:36:40 +0200: Memory Usage (470624K) : norcx_m2tm1 has 0 polygons
2026-08-10 16:36:40 +0200: Memory Usage (470624K) : norcx_m2tm2 has 0 polygons
2026-08-10 16:36:40 +0200: Memory Usage (470752K) : norcx_m3m4 has 0 polygons
2026-08-10 16:36:40 +0200: Memory Usage (470752K) : norcx_m3m5 has 0 polygons
2026-08-10 16:36:40 +0200: Memory Usage (470880K) : norcx_m3tm1 has 0 polygons
2026-08-10 16:36:40 +0200: Memory Usage (471008K) : norcx_m3tm2 has 0 polygons
2026-08-10 16:36:40 +0200: Memory Usage (471008K) : norcx_m4m5 has 0 polygons
2026-08-10 16:36:40 +0200: Memory Usage (471136K) : norcx_m4tm1 has 0 polygons
2026-08-10 16:36:40 +0200: Memory Usage (471136K) : norcx_m4tm2 has 0 polygons
2026-08-10 16:36:40 +0200: Memory Usage (471264K) : norcx_m5tm1 has 0 polygons
2026-08-10 16:36:40 +0200: Memory Usage (471264K) : norcx_m5tm2 has 0 polygons
2026-08-10 16:36:40 +0200: Memory Usage (471392K) : norcx_tm1tm2 has 0 polygons
2026-08-10 16:36:40 +0200: Memory Usage (471392K) : norcx_m1sub has 0 polygons
2026-08-10 16:36:40 +0200: Memory Usage (471520K) : norcx_m2sub has 0 polygons
2026-08-10 16:36:40 +0200: Memory Usage (471520K) : norcx_m3sub has 0 polygons
2026-08-10 16:36:40 +0200: Memory Usage (471648K) : norcx_m4sub has 0 polygons
2026-08-10 16:36:40 +0200: Memory Usage (471776K) : norcx_m5sub has 0 polygons
2026-08-10 16:36:40 +0200: Memory Usage (471776K) : norcx_tm1sub has 0 polygons
2026-08-10 16:36:40 +0200: Memory Usage (471904K) : norcx_tm2sub has 0 polygons
2026-08-10 16:36:40 +0200: Memory Usage (471904K) : snsbotvia_drw has 0 polygons
2026-08-10 16:36:40 +0200: Memory Usage (472032K) : snstopvia_drw has 0 polygons
2026-08-10 16:36:40 +0200: Memory Usage (472032K) : deepvia_drw has 0 polygons
2026-08-10 16:36:40 +0200: Memory Usage (472160K) : fgetch_drw has 0 polygons
2026-08-10 16:36:40 +0200: Memory Usage (472160K) : ctrgat_drw has 0 polygons
2026-08-10 16:36:40 +0200: Memory Usage (472288K) : fgimp_drw has 0 polygons
2026-08-10 16:36:40 +0200: Memory Usage (472288K) : emwihv_drw has 0 polygons
2026-08-10 16:36:40 +0200: Memory Usage (472416K) : lbe_drw has 0 polygons
2026-08-10 16:36:40 +0200: Memory Usage (472544K) : alcustop_drw has 0 polygons
2026-08-10 16:36:40 +0200: Memory Usage (472544K) : nometfiller_drw has 0 polygons
2026-08-10 16:36:40 +0200: Memory Usage (472672K) : prboundary_drw has 0 polygons
2026-08-10 16:36:40 +0200: Memory Usage (472672K) : exchange0_drw has 0 polygons
2026-08-10 16:36:40 +0200: Memory Usage (472800K) : exchange0_pin has 0 polygons
2026-08-10 16:36:40 +0200: Memory Usage (472800K) : exchange0_text has 0 polygons
2026-08-10 16:36:40 +0200: Memory Usage (472928K) : exchange1_drw has 0 polygons
2026-08-10 16:36:40 +0200: Memory Usage (472928K) : exchange1_pin has 0 polygons
2026-08-10 16:36:40 +0200: Memory Usage (473056K) : exchange1_text has 0 polygons
2026-08-10 16:36:40 +0200: Memory Usage (473056K) : exchange2_drw has 0 polygons
2026-08-10 16:36:40 +0200: Memory Usage (473184K) : exchange2_pin has 0 polygons
2026-08-10 16:36:40 +0200: Memory Usage (473184K) : exchange2_text has 0 polygons
2026-08-10 16:36:40 +0200: Memory Usage (473312K) : exchange3_drw has 0 polygons
2026-08-10 16:36:40 +0200: Memory Usage (473312K) : exchange3_pin has 0 polygons
2026-08-10 16:36:40 +0200: Memory Usage (473440K) : exchange3_text has 0 polygons
2026-08-10 16:36:40 +0200: Memory Usage (473440K) : exchange4_drw has 0 polygons
2026-08-10 16:36:40 +0200: Memory Usage (473568K) : exchange4_pin has 0 polygons
2026-08-10 16:36:40 +0200: Memory Usage (473568K) : exchange4_text has 0 polygons
2026-08-10 16:36:40 +0200: Memory Usage (473696K) : isonwell_drw has 0 polygons
2026-08-10 16:36:40 +0200: Memory Usage (473696K) : Total no. of polygons in the design is 58986
2026-08-10 16:36:40 +0200: Memory Usage (473696K) : Starting base layers derivations
2026-08-10 16:36:40 +0200: Memory Usage (473696K) : Starting general LVS derivations
2026-08-10 16:36:40 +0200: Memory Usage (478688K) : Starting MOSFET DERIVATIONS
2026-08-10 16:36:40 +0200: Memory Usage (479172K) : Starting NMOS DERIVATIONS
2026-08-10 16:36:40 +0200: Memory Usage (479172K) : Starting PMOS DERIVATIONS
2026-08-10 16:36:40 +0200: Memory Usage (479172K) : Starting RF-MOSFET DERIVATIONS
2026-08-10 16:36:40 +0200: Memory Usage (479172K) : Starting RF-NMOS DERIVATIONS
2026-08-10 16:36:40 +0200: Memory Usage (479172K) : Starting RF-PMOS DERIVATIONS
2026-08-10 16:36:40 +0200: Memory Usage (479172K) : Starting BJT DERIVATIONS
2026-08-10 16:36:40 +0200: Memory Usage (479172K) : Starting NPN-BJT DERIVATIONS
2026-08-10 16:36:41 +0200: Memory Usage (479172K) : Starting PNP-BJT DERIVATIONS
2026-08-10 16:36:41 +0200: Memory Usage (479172K) : Starting DIODE DERIVATIONS
2026-08-10 16:36:41 +0200: Memory Usage (479172K) : Starting RESISTOR DERIVATIONS
2026-08-10 16:36:41 +0200: Memory Usage (479300K) : Starting CAP DERIVATIONS
2026-08-10 16:36:42 +0200: Memory Usage (479300K) : Starting CAP_CMOM DERIVATIONS
2026-08-10 16:36:42 +0200: Memory Usage (479300K) : Starting ESD DERIVATIONS
2026-08-10 16:36:42 +0200: Memory Usage (479300K) : Starting Inductor DERIVATIONS
2026-08-10 16:36:42 +0200: Memory Usage (481348K) : Starting Taps DERIVATIONS
2026-08-10 16:36:42 +0200: Memory Usage (482628K) : Starting SG13G2 LVS connectivity setup
2026-08-10 16:36:42 +0200: Memory Usage (482628K) : Starting SG13G2 LVS connectivity setup (Inter-layer)
2026-08-10 16:36:42 +0200: Memory Usage (482628K) : Starting SG13G2 LVS connectivity setup (Global)
2026-08-10 16:36:42 +0200: Memory Usage (482628K) : Starting LVS MOSFET CONNECTIONS
2026-08-10 16:36:42 +0200: Memory Usage (482628K) : Starting LVS RF-MOSFET CONNECTIONS
2026-08-10 16:36:42 +0200: Memory Usage (482628K) : Starting LVS BJT CONNECTIONS
2026-08-10 16:36:42 +0200: Memory Usage (482628K) : Starting LVS DIODE CONNECTIONS
2026-08-10 16:36:42 +0200: Memory Usage (482628K) : Starting RESISTOR CONNECTIONS
2026-08-10 16:36:42 +0200: Memory Usage (482628K) : Starting LVS CAP CONNECTIONS
2026-08-10 16:36:42 +0200: Memory Usage (482628K) : Starting CAP_CMOM CONNECTIONS
2026-08-10 16:36:42 +0200: Memory Usage (482628K) : Starting ESD CONNECTIONS
2026-08-10 16:36:42 +0200: Memory Usage (482628K) : Starting Inductor CONNECTIONS
2026-08-10 16:36:42 +0200: Memory Usage (482628K) : Starting LVS Taps CONNECTIONS
2026-08-10 16:36:42 +0200: Memory Usage (482628K) : Starting SG13G2 LVS DEVICES EXTRACTION
2026-08-10 16:36:42 +0200: Memory Usage (482628K) : Starting MOSFET EXTRACTION
2026-08-10 16:36:42 +0200: Memory Usage (482628K) : Starting NMOS EXTRACTION
2026-08-10 16:36:42 +0200: Memory Usage (482628K) : Extraction of NMOS-LV transistor
2026-08-10 16:36:42 +0200: Memory Usage (482756K) : Extraction of NMOS-HV transistor
2026-08-10 16:36:42 +0200: Memory Usage (482756K) : Starting PMOS EXTRACTION
2026-08-10 16:36:42 +0200: Memory Usage (482756K) : Extraction of PMOS-LV transistor
2026-08-10 16:36:42 +0200: Memory Usage (482756K) : Extraction of PMOS-HV transistor
2026-08-10 16:36:42 +0200: Memory Usage (482756K) : Starting RF-MOSFET EXTRACTION
2026-08-10 16:36:42 +0200: Memory Usage (482756K) : Extraction of RF-NMOS-LV transistor
2026-08-10 16:36:42 +0200: Memory Usage (482756K) : Extraction of RF-NMOS-HV transistor
2026-08-10 16:36:42 +0200: Memory Usage (482756K) : Extraction of RF-PMOS-LV transistor
2026-08-10 16:36:42 +0200: Memory Usage (482756K) : Extraction of RF-PMOS-HV transistor
2026-08-10 16:36:42 +0200: Memory Usage (482756K) : Starting BJT EXTRACTION
2026-08-10 16:36:42 +0200: Memory Usage (482756K) : Starting NPN-BJT EXTRACTION
2026-08-10 16:36:42 +0200: Memory Usage (482756K) : Extraction of npn13G2 BJT transistor
2026-08-10 16:36:42 +0200: Memory Usage (482756K) : Extraction of npn13G2L BJT transistor
2026-08-10 16:36:42 +0200: Memory Usage (482756K) : Extraction of npn13G2V BJT transistor
2026-08-10 16:36:42 +0200: Memory Usage (482756K) : Starting PNP-BJT EXTRACTION
2026-08-10 16:36:42 +0200: Memory Usage (482756K) : Extracting pnpMPA BJT
2026-08-10 16:36:42 +0200: Memory Usage (482756K) : Starting DIODE EXTRACTION
2026-08-10 16:36:42 +0200: Memory Usage (482756K) : Extracting dantenna diode
2026-08-10 16:36:42 +0200: Memory Usage (482756K) : Extracting dpantenna diode
2026-08-10 16:36:42 +0200: Memory Usage (482756K) : Extracting schottky_nbl1 diode
2026-08-10 16:36:42 +0200: Memory Usage (482756K) : Extracting isolbox diode
2026-08-10 16:36:42 +0200: Memory Usage (482756K) : Starting RESISTOR EXTRACTION
2026-08-10 16:36:42 +0200: Memory Usage (482756K) : Extracting rsil resistor
2026-08-10 16:36:42 +0200: Memory Usage (482756K) : Extracting rppd resistor
2026-08-10 16:36:42 +0200: Memory Usage (482756K) : Extracting rhigh resistor
2026-08-10 16:36:42 +0200: Memory Usage (482756K) : Extracting res_metal1 resistor
2026-08-10 16:36:42 +0200: Memory Usage (482884K) : Extracting res_metal2 resistor
2026-08-10 16:36:42 +0200: Memory Usage (482884K) : Extracting res_metal3 resistor
2026-08-10 16:36:42 +0200: Memory Usage (482884K) : Extracting res_metal4 resistor
2026-08-10 16:36:42 +0200: Memory Usage (482884K) : Extracting res_metal5 resistor
2026-08-10 16:36:42 +0200: Memory Usage (482884K) : Extracting res_topmetal1 resistor
2026-08-10 16:36:42 +0200: Memory Usage (482884K) : Extracting res_topmetal2 resistor
2026-08-10 16:36:42 +0200: Memory Usage (482884K) : Starting CAP EXTRACTION
2026-08-10 16:36:42 +0200: Memory Usage (482884K) : Extracting cap_cmim device
2026-08-10 16:36:42 +0200: Memory Usage (482884K) : Extracting rfcmim device
2026-08-10 16:36:42 +0200: Memory Usage (482884K) : Extracting sg13_hv_svaricap varactor
2026-08-10 16:36:42 +0200: Memory Usage (482884K) : Extracting cap_cmomi device
2026-08-10 16:36:42 +0200: Memory Usage (482884K) : Extracting sg13_moscap_n capacitor
2026-08-10 16:36:42 +0200: Memory Usage (482884K) : Extracting sg13_moscap_p capacitor
2026-08-10 16:36:42 +0200: Memory Usage (482884K) : Starting ESD EXTRACTION
2026-08-10 16:36:42 +0200: Memory Usage (482884K) : Extracting diodevdd_2kv ESD device
2026-08-10 16:36:42 +0200: Memory Usage (482884K) : Extracting diodevdd_4kv ESD device
2026-08-10 16:36:42 +0200: Memory Usage (482884K) : Extracting diodevss_2kv ESD device
2026-08-10 16:36:42 +0200: Memory Usage (482884K) : Extracting diodevss_4kv ESD device
2026-08-10 16:36:42 +0200: Memory Usage (482884K) : Extracting idiodevdd_2kv ESD device
2026-08-10 16:36:42 +0200: Memory Usage (482884K) : Extracting idiodevdd_4kv ESD device
2026-08-10 16:36:42 +0200: Memory Usage (482884K) : Extracting idiodevss_2kv ESD device
2026-08-10 16:36:42 +0200: Memory Usage (482884K) : Extracting idiodevss_4kv ESD device
2026-08-10 16:36:42 +0200: Memory Usage (482884K) : Extracting nmoscl_2 ESD device
2026-08-10 16:36:42 +0200: Memory Usage (482884K) : Extracting nmoscl_4 ESD device
2026-08-10 16:36:42 +0200: Memory Usage (482884K) : Starting Inductor EXTRACTION
2026-08-10 16:36:42 +0200: Memory Usage (482884K) : Extracting Inductor2 device
2026-08-10 16:36:42 +0200: Memory Usage (482884K) : Extracting Inductor3 device
2026-08-10 16:36:42 +0200: Memory Usage (482884K) : Starting Taps EXTRACTION
2026-08-10 16:36:42 +0200: Memory Usage (482884K) : Extracting ntap1 device
2026-08-10 16:36:42 +0200: Memory Usage (482884K) : Extracting ptap1 device
2026-08-10 16:36:42 +0200: Memory Usage (482884K) : Starting SG13G2 LVS RF MOS Model Mapping
2026-08-10 16:36:43 +0200: Memory Usage (488260K) : [layout_netlist] Apply RF MOS model mapping and rfmode parameter.
2026-08-10 16:36:43 +0200: Memory Usage (488260K) : Starting SG13G2 LVS Options Preparations
2026-08-10 16:36:43 +0200: Memory Usage (488260K) : SG13G2 LVS flow: extraction -> alignment -> option preparation -> comparison.
2026-08-10 16:36:43 +0200: Memory Usage (488260K) : Starting SG13G2 LVS Alignment
2026-08-10 16:36:43 +0200: Memory Usage (488388K) : Starting SG13G2 LVS Simplification
2026-08-10 16:36:43 +0200: Memory Usage (488388K) : [layout_netlist] simplify: ENABLED
2026-08-10 16:36:43 +0200: Memory Usage (488388K) : [layout_netlist] make_top_level_pins: SKIPPED
2026-08-10 16:36:43 +0200: Memory Usage (488388K) : [layout_netlist] combine_devices: ENABLED
2026-08-10 16:36:43 +0200: Memory Usage (488388K) : [layout_netlist] purge: SKIPPED
2026-08-10 16:36:43 +0200: Memory Usage (488388K) : [layout_netlist] purge_nets: SKIPPED
2026-08-10 16:36:43 +0200: Memory Usage (488388K) : [schematic_netlist] simplify: ENABLED
2026-08-10 16:36:43 +0200: Memory Usage (488388K) : [schematic_netlist] make_top_level_pins: SKIPPED
2026-08-10 16:36:43 +0200: Memory Usage (488388K) : [schematic_netlist] combine_devices: ENABLED
2026-08-10 16:36:43 +0200: Memory Usage (488388K) : [schematic_netlist] purge: SKIPPED
2026-08-10 16:36:43 +0200: Memory Usage (488388K) : [schematic_netlist] purge_nets: SKIPPED
2026-08-10 16:36:43 +0200: Memory Usage (488388K) : Starting SG13G2 LVS Comparison
2026-08-10 16:36:43 +0200: Memory Usage (488644K) : xxxxxxxxxxxxxxxxxxxxxxxxxxxxxxxxxxxxxxxxxx
2026-08-10 16:36:43 +0200: Memory Usage (488644K) : ERROR : Netlists don't match
2026-08-10 16:36:43 +0200: Memory Usage (488644K) : xxxxxxxxxxxxxxxxxxxxxxxxxxxxxxxxxxxxxxxxxx
2026-08-10 16:36:43 +0200: Memory Usage (488644K) : LVS Total Run time 4.242542 seconds
