# Logfile created on 2026-08-11 13:41:33 +0200 by logger.rb/v1.5.3
2026-08-11 13:41:33 +0200: Memory Usage (456204K) : Starting running SG13G2 Klayout LVS runset on /foss/designs/ihp-open-pdk-regression/IOPADS/layout/sg13g2_IOPadIn.gds
2026-08-11 13:41:33 +0200: Memory Usage (456204K) : Ruby Version for klayout: 3.2.3
2026-08-11 13:41:34 +0200: Memory Usage (458508K) : Loading database to memory is complete.
2026-08-11 13:41:34 +0200: Memory Usage (458508K) : SG13G2 Klayout LVS runset output at: /foss/designs/ihp-open-pdk-regression/IOPADS/lvs_sweep/20260811_134120/sg13g2_IOPadIn/sg13g2_IOPadIn.lvsdb
2026-08-11 13:41:34 +0200: Memory Usage (458508K) : Evaluate switches.
2026-08-11 13:41:34 +0200: Memory Usage (458508K) : Extracted netlist with net names: true
2026-08-11 13:41:34 +0200: Memory Usage (458508K) : Extracted netlist with comments in details: false
2026-08-11 13:41:34 +0200: Memory Usage (458508K) : Selected NET_ONLY option: false
2026-08-11 13:41:34 +0200: Memory Usage (458508K) : Selected LAYOUT_NETLIST option: (none)
2026-08-11 13:41:34 +0200: Memory Usage (458508K) : Selected IGNORE_TOP_PORTS_MISMATCH option: true
2026-08-11 13:41:34 +0200: Memory Usage (458508K) : Selected IMPLICIT_NETS option: iovss,iovdd,vss,vdd,pad,cathode,anode
2026-08-11 13:41:34 +0200: Memory Usage (458508K) : Selected TOP_LVL_PINS option: false
2026-08-11 13:41:34 +0200: Memory Usage (458508K) : Selected COMBINE DEVICES option: true
2026-08-11 13:41:34 +0200: Memory Usage (458508K) : Selected PURGE option: false
2026-08-11 13:41:34 +0200: Memory Usage (458636K) : Selected PURGE_NETS option: false
2026-08-11 13:41:34 +0200: Memory Usage (458636K) : Selected SIMPLIFY option: true
2026-08-11 13:41:34 +0200: Memory Usage (458636K) : Selected SERIES_RES option: true
2026-08-11 13:41:34 +0200: Memory Usage (458636K) : Selected PARALLEL_RES option: true
2026-08-11 13:41:34 +0200: Memory Usage (458636K) : Selected DISABLE_TAP_EXTRACTION option: false
2026-08-11 13:41:34 +0200: Memory Usage (458636K) : deep  mode is enabled.
2026-08-11 13:41:34 +0200: Memory Usage (458636K) : Applying implicit connections (case-sensitive, pattern supported) for nets: iovss, iovdd, vss, vdd, pad, cathode, anode
2026-08-11 13:41:34 +0200: Memory Usage (459916K) : Netlist file: /foss/designs/ihp-open-pdk-regression/IOPADS/netlist/pads_upstream/sg13g2_IOPadIn.spi
2026-08-11 13:41:34 +0200: Memory Usage (459916K) : LVS extracted netlist at: /foss/designs/ihp-open-pdk-regression/IOPADS/lvs_sweep/20260811_134120/sg13g2_IOPadIn/sg13g2_IOPadIn_extracted.cir
2026-08-11 13:41:34 +0200: Memory Usage (459916K) : Applying SRAM integration support.
2026-08-11 13:41:34 +0200: Memory Usage (459916K) : Starting SG13G2 LVS runset
2026-08-11 13:41:34 +0200: Memory Usage (459916K) : Read in polygons from layers.
2026-08-11 13:41:34 +0200: Memory Usage (461196K) : activ_drw has 36 polygons
2026-08-11 13:41:34 +0200: Memory Usage (461196K) : activ_filler has 0 polygons
2026-08-11 13:41:34 +0200: Memory Usage (461324K) : activ has 36 polygons
2026-08-11 13:41:34 +0200: Memory Usage (461324K) : activ_pin has 0 polygons
2026-08-11 13:41:34 +0200: Memory Usage (461324K) : activ_mask has 0 polygons
2026-08-11 13:41:34 +0200: Memory Usage (461324K) : activ_nofill has 0 polygons
2026-08-11 13:41:34 +0200: Memory Usage (461324K) : activ_OPC has 0 polygons
2026-08-11 13:41:34 +0200: Memory Usage (461324K) : activ_iOPC has 0 polygons
2026-08-11 13:41:34 +0200: Memory Usage (461324K) : activ_noqrc has 0 polygons
2026-08-11 13:41:34 +0200: Memory Usage (461324K) : biwind_drw has 0 polygons
2026-08-11 13:41:34 +0200: Memory Usage (461324K) : biwind_OPC has 0 polygons
2026-08-11 13:41:34 +0200: Memory Usage (461324K) : gatpoly_drw has 8 polygons
2026-08-11 13:41:34 +0200: Memory Usage (461324K) : gatpoly_filler has 0 polygons
2026-08-11 13:41:34 +0200: Memory Usage (461324K) : gatpoly has 8 polygons
2026-08-11 13:41:34 +0200: Memory Usage (461324K) : gatpoly_pin has 6 polygons
2026-08-11 13:41:34 +0200: Memory Usage (461324K) : gatpoly_nofill has 0 polygons
2026-08-11 13:41:34 +0200: Memory Usage (461324K) : gatpoly_OPC has 0 polygons
2026-08-11 13:41:34 +0200: Memory Usage (461324K) : gatpoly_iOPC has 0 polygons
2026-08-11 13:41:34 +0200: Memory Usage (461324K) : gatpoly_noqrc has 0 polygons
2026-08-11 13:41:34 +0200: Memory Usage (464140K) : cont_drw has 73863 polygons
2026-08-11 13:41:34 +0200: Memory Usage (464268K) : cont_OPC has 0 polygons
2026-08-11 13:41:34 +0200: Memory Usage (464268K) : nsd_drw has 0 polygons
2026-08-11 13:41:34 +0200: Memory Usage (464268K) : nsd_block has 0 polygons
2026-08-11 13:41:34 +0200: Memory Usage (464396K) : metal1_drw has 81 polygons
2026-08-11 13:41:34 +0200: Memory Usage (464396K) : metal1_filler has 0 polygons
2026-08-11 13:41:34 +0200: Memory Usage (464396K) : metal1_slit has 0 polygons
2026-08-11 13:41:34 +0200: Memory Usage (464524K) : metal1 has 81 polygons
2026-08-11 13:41:34 +0200: Memory Usage (464524K) : metal1_pin has 29 polygons
2026-08-11 13:41:34 +0200: Memory Usage (464524K) : metal1_mask has 0 polygons
2026-08-11 13:41:34 +0200: Memory Usage (464524K) : metal1_nofill has 0 polygons
2026-08-11 13:41:34 +0200: Memory Usage (464652K) : metal1_text has 19 polygons
2026-08-11 13:41:34 +0200: Memory Usage (464652K) : metal1_OPC has 0 polygons
2026-08-11 13:41:34 +0200: Memory Usage (464652K) : metal1_noqrc has 0 polygons
2026-08-11 13:41:34 +0200: Memory Usage (464652K) : metal1_res has 0 polygons
2026-08-11 13:41:34 +0200: Memory Usage (464652K) : metal1_iprobe has 0 polygons
2026-08-11 13:41:34 +0200: Memory Usage (464652K) : metal1_diffprb has 0 polygons
2026-08-11 13:41:34 +0200: Memory Usage (464652K) : passiv_drw has 0 polygons
2026-08-11 13:41:34 +0200: Memory Usage (464652K) : passiv_pin has 0 polygons
2026-08-11 13:41:34 +0200: Memory Usage (464652K) : passiv_sbump has 0 polygons
2026-08-11 13:41:34 +0200: Memory Usage (464652K) : passiv_pillar has 0 polygons
2026-08-11 13:41:34 +0200: Memory Usage (464652K) : passiv_pdl has 0 polygons
2026-08-11 13:41:34 +0200: Memory Usage (464908K) : metal2_drw has 33 polygons
2026-08-11 13:41:34 +0200: Memory Usage (464908K) : metal2_filler has 0 polygons
2026-08-11 13:41:34 +0200: Memory Usage (464908K) : metal2_slit has 0 polygons
2026-08-11 13:41:34 +0200: Memory Usage (464908K) : metal2 has 33 polygons
2026-08-11 13:41:34 +0200: Memory Usage (465292K) : metal2_pin has 7 polygons
2026-08-11 13:41:34 +0200: Memory Usage (465292K) : metal2_mask has 0 polygons
2026-08-11 13:41:34 +0200: Memory Usage (465292K) : metal2_nofill has 0 polygons
2026-08-11 13:41:34 +0200: Memory Usage (465292K) : metal2_text has 7 polygons
2026-08-11 13:41:34 +0200: Memory Usage (465292K) : metal2_OPC has 0 polygons
2026-08-11 13:41:35 +0200: Memory Usage (465292K) : metal2_noqrc has 0 polygons
2026-08-11 13:41:35 +0200: Memory Usage (465292K) : metal2_res has 0 polygons
2026-08-11 13:41:35 +0200: Memory Usage (465292K) : metal2_iprobe has 0 polygons
2026-08-11 13:41:35 +0200: Memory Usage (465292K) : metal2_diffprb has 0 polygons
2026-08-11 13:41:35 +0200: Memory Usage (465292K) : baspoly_drw has 0 polygons
2026-08-11 13:41:35 +0200: Memory Usage (465292K) : baspoly_pin has 0 polygons
2026-08-11 13:41:35 +0200: Memory Usage (465292K) : psd_drw has 19 polygons
2026-08-11 13:41:35 +0200: Memory Usage (465292K) : nldb_drw has 0 polygons
2026-08-11 13:41:35 +0200: Memory Usage (465292K) : digibnd_drw has 0 polygons
2026-08-11 13:41:35 +0200: Memory Usage (465292K) : via1_drw has 2259 polygons
2026-08-11 13:41:35 +0200: Memory Usage (465292K) : backmetal1_drw has 0 polygons
2026-08-11 13:41:35 +0200: Memory Usage (465292K) : backmetal1_pin has 0 polygons
2026-08-11 13:41:35 +0200: Memory Usage (465292K) : backmetal1_mask has 0 polygons
2026-08-11 13:41:35 +0200: Memory Usage (465292K) : backmetal1_filler has 0 polygons
2026-08-11 13:41:35 +0200: Memory Usage (465292K) : backmetal1_nofill has 0 polygons
2026-08-11 13:41:35 +0200: Memory Usage (465292K) : backmetal1_slit has 0 polygons
2026-08-11 13:41:35 +0200: Memory Usage (465292K) : backmetal1_text has 0 polygons
2026-08-11 13:41:35 +0200: Memory Usage (465292K) : backmetal1_OPC has 0 polygons
2026-08-11 13:41:35 +0200: Memory Usage (465292K) : backmetal1_noqrc has 0 polygons
2026-08-11 13:41:35 +0200: Memory Usage (465292K) : backmetal1_res has 0 polygons
2026-08-11 13:41:35 +0200: Memory Usage (465292K) : backmetal1_iprobe has 0 polygons
2026-08-11 13:41:35 +0200: Memory Usage (465292K) : backmetal1_diffprb has 0 polygons
2026-08-11 13:41:35 +0200: Memory Usage (465292K) : backpassiv_drw has 0 polygons
2026-08-11 13:41:35 +0200: Memory Usage (465292K) : res_drw has 0 polygons
2026-08-11 13:41:35 +0200: Memory Usage (465292K) : sram_drw has 0 polygons
2026-08-11 13:41:35 +0200: Memory Usage (465292K) : trans_drw has 0 polygons
2026-08-11 13:41:35 +0200: Memory Usage (465292K) : ind_drw has 0 polygons
2026-08-11 13:41:35 +0200: Memory Usage (465292K) : ind_pin has 0 polygons
2026-08-11 13:41:35 +0200: Memory Usage (465292K) : ind_text has 0 polygons
2026-08-11 13:41:35 +0200: Memory Usage (465292K) : salblock_drw has 1 polygons
2026-08-11 13:41:35 +0200: Memory Usage (465292K) : via2_drw has 2291 polygons
2026-08-11 13:41:35 +0200: Memory Usage (465292K) : metal3_drw has 13 polygons
2026-08-11 13:41:35 +0200: Memory Usage (465292K) : metal3_filler has 0 polygons
2026-08-11 13:41:35 +0200: Memory Usage (465292K) : metal3_slit has 0 polygons
2026-08-11 13:41:35 +0200: Memory Usage (465292K) : metal3 has 13 polygons
2026-08-11 13:41:35 +0200: Memory Usage (465292K) : metal3_pin has 9 polygons
2026-08-11 13:41:35 +0200: Memory Usage (465292K) : metal3_mask has 0 polygons
2026-08-11 13:41:35 +0200: Memory Usage (465292K) : metal3_nofill has 0 polygons
2026-08-11 13:41:35 +0200: Memory Usage (465292K) : metal3_text has 9 polygons
2026-08-11 13:41:35 +0200: Memory Usage (465292K) : metal3_OPC has 0 polygons
2026-08-11 13:41:35 +0200: Memory Usage (465292K) : metal3_noqrc has 0 polygons
2026-08-11 13:41:35 +0200: Memory Usage (465292K) : metal3_res has 0 polygons
2026-08-11 13:41:35 +0200: Memory Usage (465292K) : metal3_iprobe has 0 polygons
2026-08-11 13:41:35 +0200: Memory Usage (465292K) : metal3_diffprb has 0 polygons
2026-08-11 13:41:35 +0200: Memory Usage (465292K) : nwell_drw has 12 polygons
2026-08-11 13:41:35 +0200: Memory Usage (465292K) : nwell_pin has 0 polygons
2026-08-11 13:41:35 +0200: Memory Usage (465292K) : nwell_text has 0 polygons
2026-08-11 13:41:35 +0200: Memory Usage (465292K) : nbulay_drw has 0 polygons
2026-08-11 13:41:35 +0200: Memory Usage (465292K) : nbulay_pin has 0 polygons
2026-08-11 13:41:35 +0200: Memory Usage (465292K) : nbulay_block has 0 polygons
2026-08-11 13:41:35 +0200: Memory Usage (465292K) : emwind_drw has 0 polygons
2026-08-11 13:41:35 +0200: Memory Usage (465292K) : emwind_OPC has 0 polygons
2026-08-11 13:41:35 +0200: Memory Usage (465420K) : deepco_drw has 0 polygons
2026-08-11 13:41:35 +0200: Memory Usage (465420K) : mim_drw has 0 polygons
2026-08-11 13:41:35 +0200: Memory Usage (465548K) : edgeseal_drw has 0 polygons
2026-08-11 13:41:35 +0200: Memory Usage (465548K) : substrate_drw has 16 polygons
2026-08-11 13:41:35 +0200: Memory Usage (465676K) : substrate_text has 0 polygons
2026-08-11 13:41:35 +0200: Memory Usage (465676K) : dfpad_drw has 0 polygons
2026-08-11 13:41:35 +0200: Memory Usage (465804K) : dfpad_pillar has 0 polygons
2026-08-11 13:41:35 +0200: Memory Usage (465932K) : dfpad_sbump has 0 polygons
2026-08-11 13:41:35 +0200: Memory Usage (465932K) : thickgateox_drw has 4 polygons
2026-08-11 13:41:35 +0200: Memory Usage (466060K) : pldb_drw has 0 polygons
2026-08-11 13:41:35 +0200: Memory Usage (466060K) : pwell_drw has 0 polygons
2026-08-11 13:41:35 +0200: Memory Usage (466188K) : pwell_pin has 0 polygons
2026-08-11 13:41:35 +0200: Memory Usage (466188K) : pwell_block has 0 polygons
2026-08-11 13:41:35 +0200: Memory Usage (466316K) : ic_drw has 0 polygons
2026-08-11 13:41:35 +0200: Memory Usage (466316K) : via3_drw has 2087 polygons
2026-08-11 13:41:35 +0200: Memory Usage (466572K) : metal4_drw has 8 polygons
2026-08-11 13:41:35 +0200: Memory Usage (466572K) : metal4_filler has 0 polygons
2026-08-11 13:41:35 +0200: Memory Usage (466572K) : metal4_slit has 0 polygons
2026-08-11 13:41:35 +0200: Memory Usage (466700K) : metal4 has 8 polygons
2026-08-11 13:41:35 +0200: Memory Usage (466828K) : metal4_pin has 8 polygons
2026-08-11 13:41:35 +0200: Memory Usage (466828K) : metal4_mask has 0 polygons
2026-08-11 13:41:35 +0200: Memory Usage (466956K) : metal4_nofill has 0 polygons
2026-08-11 13:41:35 +0200: Memory Usage (467084K) : metal4_text has 8 polygons
2026-08-11 13:41:35 +0200: Memory Usage (467084K) : metal4_OPC has 0 polygons
2026-08-11 13:41:35 +0200: Memory Usage (467212K) : metal4_noqrc has 0 polygons
2026-08-11 13:41:35 +0200: Memory Usage (467212K) : metal4_res has 0 polygons
2026-08-11 13:41:35 +0200: Memory Usage (467340K) : metal4_iprobe has 0 polygons
2026-08-11 13:41:35 +0200: Memory Usage (467340K) : metal4_diffprb has 0 polygons
2026-08-11 13:41:35 +0200: Memory Usage (467468K) : heattrans_drw has 6 polygons
2026-08-11 13:41:35 +0200: Memory Usage (467468K) : heatres_drw has 0 polygons
2026-08-11 13:41:35 +0200: Memory Usage (467596K) : fbe_drw has 0 polygons
2026-08-11 13:41:35 +0200: Memory Usage (467596K) : empoly_drw has 0 polygons
2026-08-11 13:41:35 +0200: Memory Usage (467724K) : digisub_drw has 0 polygons
2026-08-11 13:41:35 +0200: Memory Usage (467724K) : text_drw has 19 polygons
2026-08-11 13:41:35 +0200: Memory Usage (467852K) : via4_drw has 2371 polygons
2026-08-11 13:41:35 +0200: Memory Usage (467980K) : metal5_drw has 8 polygons
2026-08-11 13:41:35 +0200: Memory Usage (467980K) : metal5_filler has 0 polygons
2026-08-11 13:41:35 +0200: Memory Usage (468108K) : metal5_slit has 0 polygons
2026-08-11 13:41:35 +0200: Memory Usage (468236K) : metal5 has 8 polygons
2026-08-11 13:41:35 +0200: Memory Usage (468236K) : metal5_pin has 8 polygons
2026-08-11 13:41:35 +0200: Memory Usage (468364K) : metal5_mask has 0 polygons
2026-08-11 13:41:35 +0200: Memory Usage (468492K) : metal5_nofill has 0 polygons
2026-08-11 13:41:35 +0200: Memory Usage (468492K) : metal5_text has 8 polygons
2026-08-11 13:41:35 +0200: Memory Usage (468620K) : metal5_OPC has 0 polygons
2026-08-11 13:41:35 +0200: Memory Usage (468620K) : metal5_noqrc has 0 polygons
2026-08-11 13:41:35 +0200: Memory Usage (468748K) : metal5_res has 0 polygons
2026-08-11 13:41:35 +0200: Memory Usage (468748K) : metal5_iprobe has 0 polygons
2026-08-11 13:41:35 +0200: Memory Usage (468876K) : metal5_diffprb has 0 polygons
2026-08-11 13:41:35 +0200: Memory Usage (468876K) : radhard_drw has 0 polygons
2026-08-11 13:41:35 +0200: Memory Usage (469004K) : memcap_drw has 0 polygons
2026-08-11 13:41:35 +0200: Memory Usage (469004K) : varicap_drw has 0 polygons
2026-08-11 13:41:35 +0200: Memory Usage (469132K) : intbondvia_drw has 0 polygons
2026-08-11 13:41:35 +0200: Memory Usage (469132K) : intbondmet_drw has 0 polygons
2026-08-11 13:41:35 +0200: Memory Usage (469260K) : devbondvia_drw has 0 polygons
2026-08-11 13:41:35 +0200: Memory Usage (469388K) : devbondmet_drw has 0 polygons
2026-08-11 13:41:35 +0200: Memory Usage (469388K) : devtrench_drw has 0 polygons
2026-08-11 13:41:35 +0200: Memory Usage (469516K) : redist_drw has 0 polygons
2026-08-11 13:41:35 +0200: Memory Usage (469516K) : graphbot_drw has 0 polygons
2026-08-11 13:41:35 +0200: Memory Usage (469644K) : graphtop_drw has 0 polygons
2026-08-11 13:41:35 +0200: Memory Usage (469644K) : antvia1_drw has 0 polygons
2026-08-11 13:41:35 +0200: Memory Usage (469772K) : antmetal2_drw has 0 polygons
2026-08-11 13:41:35 +0200: Memory Usage (469772K) : graphcont_drw has 0 polygons
2026-08-11 13:41:35 +0200: Memory Usage (469772K) : siwg_drw has 0 polygons
2026-08-11 13:41:35 +0200: Memory Usage (469772K) : siwg_filler has 0 polygons
2026-08-11 13:41:35 +0200: Memory Usage (469772K) : siwg_nofill has 0 polygons
2026-08-11 13:41:35 +0200: Memory Usage (469772K) : sigrating_drw has 0 polygons
2026-08-11 13:41:35 +0200: Memory Usage (469772K) : singrating_drw has 0 polygons
2026-08-11 13:41:35 +0200: Memory Usage (469772K) : graphpas_drw has 0 polygons
2026-08-11 13:41:35 +0200: Memory Usage (469772K) : emwind3_drw has 0 polygons
2026-08-11 13:41:35 +0200: Memory Usage (469772K) : emwihv3_drw has 0 polygons
2026-08-11 13:41:35 +0200: Memory Usage (469772K) : redbulay_drw has 0 polygons
2026-08-11 13:41:35 +0200: Memory Usage (469772K) : smos_drw has 0 polygons
2026-08-11 13:41:35 +0200: Memory Usage (469772K) : graphpad_drw has 0 polygons
2026-08-11 13:41:35 +0200: Memory Usage (469772K) : polimide_drw has 0 polygons
2026-08-11 13:41:35 +0200: Memory Usage (469772K) : polimide_pin has 0 polygons
2026-08-11 13:41:35 +0200: Memory Usage (469772K) : recog_drw has 0 polygons
2026-08-11 13:41:35 +0200: Memory Usage (469772K) : recog_pin has 0 polygons
2026-08-11 13:41:35 +0200: Memory Usage (469772K) : recog_esd has 0 polygons
2026-08-11 13:41:35 +0200: Memory Usage (469772K) : recog_diode has 6 polygons
2026-08-11 13:41:35 +0200: Memory Usage (469772K) : recog_tsv has 0 polygons
2026-08-11 13:41:35 +0200: Memory Usage (469772K) : recog_iprobe has 0 polygons
2026-08-11 13:41:35 +0200: Memory Usage (469772K) : recog_diffprb has 0 polygons
2026-08-11 13:41:35 +0200: Memory Usage (469772K) : recog_pillar has 0 polygons
2026-08-11 13:41:35 +0200: Memory Usage (469772K) : recog_sbump has 0 polygons
2026-08-11 13:41:35 +0200: Memory Usage (469772K) : recog_otp has 0 polygons
2026-08-11 13:41:35 +0200: Memory Usage (469772K) : recog_pdiode has 0 polygons
2026-08-11 13:41:35 +0200: Memory Usage (469772K) : recog_mom has 0 polygons
2026-08-11 13:41:35 +0200: Memory Usage (469772K) : recog_pcm has 0 polygons
2026-08-11 13:41:35 +0200: Memory Usage (469772K) : colopen_drw has 0 polygons
2026-08-11 13:41:35 +0200: Memory Usage (469772K) : graphmetal1_drw has 0 polygons
2026-08-11 13:41:35 +0200: Memory Usage (469772K) : graphmetal1_filler has 0 polygons
2026-08-11 13:41:35 +0200: Memory Usage (469772K) : graphmetal1_nofill has 0 polygons
2026-08-11 13:41:35 +0200: Memory Usage (469772K) : graphmetal1_slit has 0 polygons
2026-08-11 13:41:35 +0200: Memory Usage (469772K) : graphmetal1_OPC has 0 polygons
2026-08-11 13:41:35 +0200: Memory Usage (469772K) : graphmet1l_drw has 0 polygons
2026-08-11 13:41:35 +0200: Memory Usage (469772K) : graphmet1l_filler has 0 polygons
2026-08-11 13:41:35 +0200: Memory Usage (469772K) : graphmet1l_nofill has 0 polygons
2026-08-11 13:41:35 +0200: Memory Usage (469772K) : graphmet1l_slit has 0 polygons
2026-08-11 13:41:35 +0200: Memory Usage (469772K) : graphmet1l_OPC has 0 polygons
2026-08-11 13:41:35 +0200: Memory Usage (469772K) : extblock_drw has 1 polygons
2026-08-11 13:41:35 +0200: Memory Usage (469772K) : nldd_drw has 0 polygons
2026-08-11 13:41:35 +0200: Memory Usage (469772K) : pldd_drw has 0 polygons
2026-08-11 13:41:35 +0200: Memory Usage (469772K) : next_drw has 0 polygons
2026-08-11 13:41:35 +0200: Memory Usage (469772K) : pext_drw has 0 polygons
2026-08-11 13:41:35 +0200: Memory Usage (469772K) : nexthv_drw has 0 polygons
2026-08-11 13:41:35 +0200: Memory Usage (469772K) : pexthv_drw has 0 polygons
2026-08-11 13:41:35 +0200: Memory Usage (469772K) : graphgate_drw has 0 polygons
2026-08-11 13:41:35 +0200: Memory Usage (469772K) : sinwg_drw has 0 polygons
2026-08-11 13:41:35 +0200: Memory Usage (469772K) : sinwg_filler has 0 polygons
2026-08-11 13:41:35 +0200: Memory Usage (469772K) : sinwg_nofill has 0 polygons
2026-08-11 13:41:35 +0200: Memory Usage (469772K) : mempad_drw has 0 polygons
2026-08-11 13:41:35 +0200: Memory Usage (469772K) : topvia1_drw has 2315 polygons
2026-08-11 13:41:35 +0200: Memory Usage (469772K) : topmetal1_drw has 8 polygons
2026-08-11 13:41:35 +0200: Memory Usage (469772K) : topmetal1_filler has 0 polygons
2026-08-11 13:41:35 +0200: Memory Usage (469772K) : topmetal1_slit has 0 polygons
2026-08-11 13:41:35 +0200: Memory Usage (469772K) : topmetal1 has 8 polygons
2026-08-11 13:41:35 +0200: Memory Usage (469772K) : topmetal1_pin has 8 polygons
2026-08-11 13:41:35 +0200: Memory Usage (469772K) : topmetal1_mask has 0 polygons
2026-08-11 13:41:35 +0200: Memory Usage (469772K) : topmetal1_nofill has 0 polygons
2026-08-11 13:41:35 +0200: Memory Usage (469772K) : topmetal1_text has 8 polygons
2026-08-11 13:41:35 +0200: Memory Usage (469772K) : topmetal1_noqrc has 0 polygons
2026-08-11 13:41:35 +0200: Memory Usage (469772K) : topmetal1_res has 0 polygons
2026-08-11 13:41:35 +0200: Memory Usage (469772K) : topmetal1_iprobe has 0 polygons
2026-08-11 13:41:35 +0200: Memory Usage (469772K) : topmetal1_diffprb has 0 polygons
2026-08-11 13:41:35 +0200: Memory Usage (469772K) : inldpwl_drw has 0 polygons
2026-08-11 13:41:35 +0200: Memory Usage (469772K) : polyres_drw has 1 polygons
2026-08-11 13:41:35 +0200: Memory Usage (469772K) : polyres_pin has 0 polygons
2026-08-11 13:41:35 +0200: Memory Usage (469772K) : vmim_drw has 0 polygons
2026-08-11 13:41:35 +0200: Memory Usage (469772K) : nbulaycut_drw has 0 polygons
2026-08-11 13:41:35 +0200: Memory Usage (469772K) : antmetal1_drw has 0 polygons
2026-08-11 13:41:36 +0200: Memory Usage (469772K) : topvia2_drw has 1593 polygons
2026-08-11 13:41:36 +0200: Memory Usage (469772K) : topmetal2_drw has 6 polygons
2026-08-11 13:41:36 +0200: Memory Usage (469772K) : topmetal2_filler has 0 polygons
2026-08-11 13:41:36 +0200: Memory Usage (469772K) : topmetal2_slit has 0 polygons
2026-08-11 13:41:36 +0200: Memory Usage (469772K) : topmetal2 has 6 polygons
2026-08-11 13:41:36 +0200: Memory Usage (469772K) : topmetal2_pin has 6 polygons
2026-08-11 13:41:36 +0200: Memory Usage (469772K) : topmetal2_mask has 0 polygons
2026-08-11 13:41:36 +0200: Memory Usage (469772K) : topmetal2_nofill has 0 polygons
2026-08-11 13:41:36 +0200: Memory Usage (469772K) : topmetal2_text has 6 polygons
2026-08-11 13:41:36 +0200: Memory Usage (469772K) : topmetal2_noqrc has 0 polygons
2026-08-11 13:41:36 +0200: Memory Usage (469772K) : topmetal2_res has 0 polygons
2026-08-11 13:41:36 +0200: Memory Usage (469772K) : topmetal2_iprobe has 0 polygons
2026-08-11 13:41:36 +0200: Memory Usage (469772K) : topmetal2_diffprb has 0 polygons
2026-08-11 13:41:36 +0200: Memory Usage (469772K) : snsring_drw has 0 polygons
2026-08-11 13:41:36 +0200: Memory Usage (469772K) : sensor_drw has 0 polygons
2026-08-11 13:41:36 +0200: Memory Usage (469772K) : snsarms_drw has 0 polygons
2026-08-11 13:41:36 +0200: Memory Usage (469772K) : snscmosvia_drw has 0 polygons
2026-08-11 13:41:36 +0200: Memory Usage (469772K) : colwind_drw has 0 polygons
2026-08-11 13:41:36 +0200: Memory Usage (469772K) : flm_drw has 0 polygons
2026-08-11 13:41:36 +0200: Memory Usage (469772K) : hafniumox_drw has 0 polygons
2026-08-11 13:41:36 +0200: Memory Usage (469772K) : memvia_drw has 0 polygons
2026-08-11 13:41:36 +0200: Memory Usage (469772K) : thinfilmres_drw has 0 polygons
2026-08-11 13:41:36 +0200: Memory Usage (469772K) : rfmem_drw has 0 polygons
2026-08-11 13:41:36 +0200: Memory Usage (469772K) : norcx_drw has 0 polygons
2026-08-11 13:41:36 +0200: Memory Usage (469772K) : norcx_m2m3 has 0 polygons
2026-08-11 13:41:36 +0200: Memory Usage (469772K) : norcx_m2m4 has 0 polygons
2026-08-11 13:41:36 +0200: Memory Usage (469772K) : norcx_m2m5 has 0 polygons
2026-08-11 13:41:36 +0200: Memory Usage (469772K) : norcx_m2tm1 has 0 polygons
2026-08-11 13:41:36 +0200: Memory Usage (469772K) : norcx_m2tm2 has 0 polygons
2026-08-11 13:41:36 +0200: Memory Usage (469772K) : norcx_m3m4 has 0 polygons
2026-08-11 13:41:36 +0200: Memory Usage (469772K) : norcx_m3m5 has 0 polygons
2026-08-11 13:41:36 +0200: Memory Usage (469772K) : norcx_m3tm1 has 0 polygons
2026-08-11 13:41:36 +0200: Memory Usage (469772K) : norcx_m3tm2 has 0 polygons
2026-08-11 13:41:36 +0200: Memory Usage (469772K) : norcx_m4m5 has 0 polygons
2026-08-11 13:41:36 +0200: Memory Usage (469772K) : norcx_m4tm1 has 0 polygons
2026-08-11 13:41:36 +0200: Memory Usage (469772K) : norcx_m4tm2 has 0 polygons
2026-08-11 13:41:36 +0200: Memory Usage (469772K) : norcx_m5tm1 has 0 polygons
2026-08-11 13:41:36 +0200: Memory Usage (469900K) : norcx_m5tm2 has 0 polygons
2026-08-11 13:41:36 +0200: Memory Usage (469900K) : norcx_tm1tm2 has 0 polygons
2026-08-11 13:41:36 +0200: Memory Usage (469900K) : norcx_m1sub has 0 polygons
2026-08-11 13:41:36 +0200: Memory Usage (469900K) : norcx_m2sub has 0 polygons
2026-08-11 13:41:36 +0200: Memory Usage (469900K) : norcx_m3sub has 0 polygons
2026-08-11 13:41:36 +0200: Memory Usage (469900K) : norcx_m4sub has 0 polygons
2026-08-11 13:41:36 +0200: Memory Usage (469900K) : norcx_m5sub has 0 polygons
2026-08-11 13:41:36 +0200: Memory Usage (469900K) : norcx_tm1sub has 0 polygons
2026-08-11 13:41:36 +0200: Memory Usage (469900K) : norcx_tm2sub has 0 polygons
2026-08-11 13:41:36 +0200: Memory Usage (469900K) : snsbotvia_drw has 0 polygons
2026-08-11 13:41:36 +0200: Memory Usage (469900K) : snstopvia_drw has 0 polygons
2026-08-11 13:41:36 +0200: Memory Usage (469900K) : deepvia_drw has 0 polygons
2026-08-11 13:41:36 +0200: Memory Usage (469900K) : fgetch_drw has 0 polygons
2026-08-11 13:41:36 +0200: Memory Usage (469900K) : ctrgat_drw has 0 polygons
2026-08-11 13:41:36 +0200: Memory Usage (469900K) : fgimp_drw has 0 polygons
2026-08-11 13:41:36 +0200: Memory Usage (469900K) : emwihv_drw has 0 polygons
2026-08-11 13:41:36 +0200: Memory Usage (469900K) : lbe_drw has 0 polygons
2026-08-11 13:41:36 +0200: Memory Usage (469900K) : alcustop_drw has 0 polygons
2026-08-11 13:41:36 +0200: Memory Usage (469900K) : nometfiller_drw has 0 polygons
2026-08-11 13:41:36 +0200: Memory Usage (469900K) : prboundary_drw has 0 polygons
2026-08-11 13:41:36 +0200: Memory Usage (469900K) : exchange0_drw has 0 polygons
2026-08-11 13:41:36 +0200: Memory Usage (469900K) : exchange0_pin has 0 polygons
2026-08-11 13:41:36 +0200: Memory Usage (469900K) : exchange0_text has 0 polygons
2026-08-11 13:41:36 +0200: Memory Usage (469900K) : exchange1_drw has 0 polygons
2026-08-11 13:41:36 +0200: Memory Usage (469900K) : exchange1_pin has 0 polygons
2026-08-11 13:41:36 +0200: Memory Usage (469900K) : exchange1_text has 0 polygons
2026-08-11 13:41:36 +0200: Memory Usage (469900K) : exchange2_drw has 0 polygons
2026-08-11 13:41:36 +0200: Memory Usage (469900K) : exchange2_pin has 0 polygons
2026-08-11 13:41:36 +0200: Memory Usage (469900K) : exchange2_text has 0 polygons
2026-08-11 13:41:36 +0200: Memory Usage (469900K) : exchange3_drw has 0 polygons
2026-08-11 13:41:36 +0200: Memory Usage (469900K) : exchange3_pin has 0 polygons
2026-08-11 13:41:36 +0200: Memory Usage (469900K) : exchange3_text has 0 polygons
2026-08-11 13:41:36 +0200: Memory Usage (469900K) : exchange4_drw has 0 polygons
2026-08-11 13:41:36 +0200: Memory Usage (469900K) : exchange4_pin has 0 polygons
2026-08-11 13:41:36 +0200: Memory Usage (469900K) : exchange4_text has 0 polygons
2026-08-11 13:41:36 +0200: Memory Usage (469900K) : isonwell_drw has 0 polygons
2026-08-11 13:41:36 +0200: Memory Usage (469900K) : Total no. of polygons in the design is 87211
2026-08-11 13:41:36 +0200: Memory Usage (469900K) : Starting base layers derivations
2026-08-11 13:41:36 +0200: Memory Usage (469900K) : Starting general LVS derivations
2026-08-11 13:41:36 +0200: Memory Usage (473868K) : Starting MOSFET DERIVATIONS
2026-08-11 13:41:37 +0200: Memory Usage (502780K) : Starting NMOS DERIVATIONS
2026-08-11 13:41:37 +0200: Memory Usage (502780K) : Starting PMOS DERIVATIONS
2026-08-11 13:41:37 +0200: Memory Usage (502780K) : Starting RF-MOSFET DERIVATIONS
2026-08-11 13:41:37 +0200: Memory Usage (502780K) : Starting RF-NMOS DERIVATIONS
2026-08-11 13:41:37 +0200: Memory Usage (502780K) : Starting RF-PMOS DERIVATIONS
2026-08-11 13:41:37 +0200: Memory Usage (502780K) : Starting BJT DERIVATIONS
2026-08-11 13:41:37 +0200: Memory Usage (502780K) : Starting NPN-BJT DERIVATIONS
2026-08-11 13:41:37 +0200: Memory Usage (503420K) : Starting PNP-BJT DERIVATIONS
2026-08-11 13:41:37 +0200: Memory Usage (504700K) : Starting DIODE DERIVATIONS
2026-08-11 13:41:38 +0200: Memory Usage (481272K) : Starting RESISTOR DERIVATIONS
2026-08-11 13:41:38 +0200: Memory Usage (481528K) : Starting CAP DERIVATIONS
2026-08-11 13:41:38 +0200: Memory Usage (481528K) : Starting CAP_CMOM DERIVATIONS
2026-08-11 13:41:38 +0200: Memory Usage (481528K) : Starting ESD DERIVATIONS
2026-08-11 13:41:39 +0200: Memory Usage (481528K) : Starting Inductor DERIVATIONS
2026-08-11 13:41:39 +0200: Memory Usage (481528K) : Starting Taps DERIVATIONS
2026-08-11 13:41:40 +0200: Memory Usage (481528K) : Starting SG13G2 LVS connectivity setup
2026-08-11 13:41:40 +0200: Memory Usage (481528K) : Starting SG13G2 LVS connectivity setup (Inter-layer)
2026-08-11 13:41:40 +0200: Memory Usage (481656K) : Starting SG13G2 LVS connectivity setup (Global)
2026-08-11 13:41:40 +0200: Memory Usage (481656K) : Starting LVS MOSFET CONNECTIONS
2026-08-11 13:41:40 +0200: Memory Usage (481656K) : Starting LVS RF-MOSFET CONNECTIONS
2026-08-11 13:41:40 +0200: Memory Usage (481656K) : Starting LVS BJT CONNECTIONS
2026-08-11 13:41:40 +0200: Memory Usage (481656K) : Starting LVS DIODE CONNECTIONS
2026-08-11 13:41:40 +0200: Memory Usage (481656K) : Starting RESISTOR CONNECTIONS
2026-08-11 13:41:40 +0200: Memory Usage (481656K) : Starting LVS CAP CONNECTIONS
2026-08-11 13:41:40 +0200: Memory Usage (481656K) : Starting CAP_CMOM CONNECTIONS
2026-08-11 13:41:40 +0200: Memory Usage (481656K) : Starting ESD CONNECTIONS
2026-08-11 13:41:40 +0200: Memory Usage (481656K) : Starting Inductor CONNECTIONS
2026-08-11 13:41:40 +0200: Memory Usage (481656K) : Starting LVS Taps CONNECTIONS
2026-08-11 13:41:40 +0200: Memory Usage (481656K) : Starting SG13G2 LVS DEVICES EXTRACTION
2026-08-11 13:41:40 +0200: Memory Usage (481656K) : Starting MOSFET EXTRACTION
2026-08-11 13:41:40 +0200: Memory Usage (481656K) : Starting NMOS EXTRACTION
2026-08-11 13:41:40 +0200: Memory Usage (481656K) : Extraction of NMOS-LV transistor
2026-08-11 13:41:40 +0200: Memory Usage (481784K) : Extraction of NMOS-HV transistor
2026-08-11 13:41:40 +0200: Memory Usage (481784K) : Starting PMOS EXTRACTION
2026-08-11 13:41:40 +0200: Memory Usage (481784K) : Extraction of PMOS-LV transistor
2026-08-11 13:41:40 +0200: Memory Usage (481784K) : Extraction of PMOS-HV transistor
2026-08-11 13:41:40 +0200: Memory Usage (481784K) : Starting RF-MOSFET EXTRACTION
2026-08-11 13:41:40 +0200: Memory Usage (481784K) : Extraction of RF-NMOS-LV transistor
2026-08-11 13:41:40 +0200: Memory Usage (481784K) : Extraction of RF-NMOS-HV transistor
2026-08-11 13:41:40 +0200: Memory Usage (481784K) : Extraction of RF-PMOS-LV transistor
2026-08-11 13:41:40 +0200: Memory Usage (481784K) : Extraction of RF-PMOS-HV transistor
2026-08-11 13:41:40 +0200: Memory Usage (481784K) : Starting BJT EXTRACTION
2026-08-11 13:41:40 +0200: Memory Usage (481784K) : Starting NPN-BJT EXTRACTION
2026-08-11 13:41:40 +0200: Memory Usage (481784K) : Extraction of npn13G2 BJT transistor
2026-08-11 13:41:40 +0200: Memory Usage (481784K) : Extraction of npn13G2L BJT transistor
2026-08-11 13:41:40 +0200: Memory Usage (481784K) : Extraction of npn13G2V BJT transistor
2026-08-11 13:41:40 +0200: Memory Usage (481784K) : Starting PNP-BJT EXTRACTION
2026-08-11 13:41:40 +0200: Memory Usage (481784K) : Extracting pnpMPA BJT
2026-08-11 13:41:40 +0200: Memory Usage (481784K) : Starting DIODE EXTRACTION
2026-08-11 13:41:40 +0200: Memory Usage (481784K) : Extracting dantenna diode
2026-08-11 13:41:40 +0200: Memory Usage (481784K) : Extracting dpantenna diode
2026-08-11 13:41:40 +0200: Memory Usage (481784K) : Extracting schottky_nbl1 diode
2026-08-11 13:41:40 +0200: Memory Usage (481784K) : Extracting isolbox diode
2026-08-11 13:41:40 +0200: Memory Usage (481784K) : Starting RESISTOR EXTRACTION
2026-08-11 13:41:40 +0200: Memory Usage (481784K) : Extracting rsil resistor
2026-08-11 13:41:40 +0200: Memory Usage (481784K) : Extracting rppd resistor
2026-08-11 13:41:40 +0200: Memory Usage (481912K) : Extracting rhigh resistor
2026-08-11 13:41:40 +0200: Memory Usage (481912K) : Extracting res_metal1 resistor
2026-08-11 13:41:40 +0200: Memory Usage (481912K) : Extracting res_metal2 resistor
2026-08-11 13:41:40 +0200: Memory Usage (481912K) : Extracting res_metal3 resistor
2026-08-11 13:41:40 +0200: Memory Usage (481912K) : Extracting res_metal4 resistor
2026-08-11 13:41:40 +0200: Memory Usage (481912K) : Extracting res_metal5 resistor
2026-08-11 13:41:40 +0200: Memory Usage (481912K) : Extracting res_topmetal1 resistor
2026-08-11 13:41:40 +0200: Memory Usage (481912K) : Extracting res_topmetal2 resistor
2026-08-11 13:41:40 +0200: Memory Usage (481912K) : Starting CAP EXTRACTION
2026-08-11 13:41:40 +0200: Memory Usage (481912K) : Extracting cap_cmim device
2026-08-11 13:41:40 +0200: Memory Usage (481912K) : Extracting rfcmim device
2026-08-11 13:41:40 +0200: Memory Usage (481912K) : Extracting sg13_hv_svaricap varactor
2026-08-11 13:41:40 +0200: Memory Usage (481912K) : Extracting cap_cmomi device
2026-08-11 13:41:40 +0200: Memory Usage (481912K) : Extracting sg13_moscap_n capacitor
2026-08-11 13:41:40 +0200: Memory Usage (481912K) : Extracting sg13_moscap_p capacitor
2026-08-11 13:41:40 +0200: Memory Usage (481912K) : Starting ESD EXTRACTION
2026-08-11 13:41:40 +0200: Memory Usage (481912K) : Extracting diodevdd_2kv ESD device
2026-08-11 13:41:40 +0200: Memory Usage (481912K) : Extracting diodevdd_4kv ESD device
2026-08-11 13:41:40 +0200: Memory Usage (481912K) : Extracting diodevss_2kv ESD device
2026-08-11 13:41:40 +0200: Memory Usage (481912K) : Extracting diodevss_4kv ESD device
2026-08-11 13:41:40 +0200: Memory Usage (481912K) : Extracting idiodevdd_2kv ESD device
2026-08-11 13:41:40 +0200: Memory Usage (481912K) : Extracting idiodevdd_4kv ESD device
2026-08-11 13:41:40 +0200: Memory Usage (481912K) : Extracting idiodevss_2kv ESD device
2026-08-11 13:41:40 +0200: Memory Usage (481912K) : Extracting idiodevss_4kv ESD device
2026-08-11 13:41:40 +0200: Memory Usage (481912K) : Extracting nmoscl_2 ESD device
2026-08-11 13:41:40 +0200: Memory Usage (481912K) : Extracting nmoscl_4 ESD device
2026-08-11 13:41:40 +0200: Memory Usage (481912K) : Starting Inductor EXTRACTION
2026-08-11 13:41:40 +0200: Memory Usage (481912K) : Extracting Inductor2 device
2026-08-11 13:41:40 +0200: Memory Usage (481912K) : Extracting Inductor3 device
2026-08-11 13:41:40 +0200: Memory Usage (481912K) : Starting Taps EXTRACTION
2026-08-11 13:41:40 +0200: Memory Usage (481912K) : Extracting ntap1 device
2026-08-11 13:41:40 +0200: Memory Usage (481912K) : Extracting ptap1 device
2026-08-11 13:41:40 +0200: Memory Usage (482040K) : Starting SG13G2 LVS RF MOS Model Mapping
2026-08-11 13:41:42 +0200: Memory Usage (491256K) : [layout_netlist] Apply RF MOS model mapping and rfmode parameter.
2026-08-11 13:41:42 +0200: Memory Usage (491256K) : Starting SG13G2 LVS Options Preparations
2026-08-11 13:41:42 +0200: Memory Usage (491256K) : SG13G2 LVS flow: extraction -> alignment -> option preparation -> comparison.
2026-08-11 13:41:42 +0200: Memory Usage (491256K) : Starting SG13G2 LVS Alignment
2026-08-11 13:41:42 +0200: Memory Usage (491384K) : Starting SG13G2 LVS Simplification
2026-08-11 13:41:42 +0200: Memory Usage (491384K) : [layout_netlist] simplify: ENABLED
2026-08-11 13:41:42 +0200: Memory Usage (491384K) : [layout_netlist] make_top_level_pins: SKIPPED
2026-08-11 13:41:42 +0200: Memory Usage (491384K) : [layout_netlist] combine_devices: ENABLED
2026-08-11 13:41:42 +0200: Memory Usage (491384K) : [layout_netlist] purge: SKIPPED
2026-08-11 13:41:42 +0200: Memory Usage (491384K) : [layout_netlist] purge_nets: SKIPPED
2026-08-11 13:41:42 +0200: Memory Usage (491384K) : [schematic_netlist] simplify: ENABLED
2026-08-11 13:41:42 +0200: Memory Usage (491384K) : [schematic_netlist] make_top_level_pins: SKIPPED
2026-08-11 13:41:42 +0200: Memory Usage (491384K) : [schematic_netlist] combine_devices: ENABLED
2026-08-11 13:41:42 +0200: Memory Usage (491384K) : [schematic_netlist] purge: SKIPPED
2026-08-11 13:41:42 +0200: Memory Usage (491384K) : [schematic_netlist] purge_nets: SKIPPED
2026-08-11 13:41:42 +0200: Memory Usage (491384K) : Starting SG13G2 LVS Comparison
2026-08-11 13:41:42 +0200: Memory Usage (491384K) : ==========================================
2026-08-11 13:41:42 +0200: Memory Usage (491384K) : INFO : Congratulations! Netlists match.
2026-08-11 13:41:42 +0200: Memory Usage (491384K) : ==========================================
2026-08-11 13:41:42 +0200: Memory Usage (491384K) : LVS Total Run time 8.290431 seconds
