10-Aug-2026 17:01:45 | INFO    | Your Klayout version is: KLayout 0.30.10 (required >= 0.30.5)
10-Aug-2026 17:01:45 | INFO    | Running SG13G2 LVS checks on design /foss/designs/ihp-open-pdk-regression/IOPADS/layout/sg13g2_IOPadVss.gds on cell sg13g2_IOPadVss
2026-08-10 17:01:47 +0200: Memory Usage (455724K) : Starting running SG13G2 Klayout LVS runset on /foss/designs/ihp-open-pdk-regression/IOPADS/layout/sg13g2_IOPadVss.gds
2026-08-10 17:01:47 +0200: Memory Usage (455724K) : Ruby Version for klayout: 3.2.3
2026-08-10 17:01:47 +0200: Memory Usage (457772K) : Loading database to memory is complete.
2026-08-10 17:01:47 +0200: Memory Usage (457772K) : SG13G2 Klayout LVS runset output at: /foss/designs/ihp-open-pdk-regression/IOPADS/lvs_sweep/20260810_165956/sg13g2_IOPadVss/sg13g2_IOPadVss.lvsdb
2026-08-10 17:01:47 +0200: Memory Usage (457772K) : Evaluate switches.
2026-08-10 17:01:47 +0200: Memory Usage (457772K) : Extracted netlist with net names: true
2026-08-10 17:01:47 +0200: Memory Usage (457772K) : Extracted netlist with comments in details: false
2026-08-10 17:01:47 +0200: Memory Usage (457772K) : Selected NET_ONLY option: false
2026-08-10 17:01:47 +0200: Memory Usage (457772K) : Selected LAYOUT_NETLIST option: (none)
2026-08-10 17:01:47 +0200: Memory Usage (457772K) : Selected IGNORE_TOP_PORTS_MISMATCH option: true
2026-08-10 17:01:47 +0200: Memory Usage (457772K) : Selected IMPLICIT_NETS option: iovss,iovdd,vss,vdd,pad,cathode,anode
2026-08-10 17:01:47 +0200: Memory Usage (457772K) : Selected TOP_LVL_PINS option: false
2026-08-10 17:01:47 +0200: Memory Usage (457772K) : Selected COMBINE DEVICES option: true
2026-08-10 17:01:47 +0200: Memory Usage (457772K) : Selected PURGE option: false
2026-08-10 17:01:47 +0200: Memory Usage (457772K) : Selected PURGE_NETS option: false
2026-08-10 17:01:47 +0200: Memory Usage (457900K) : Selected SIMPLIFY option: true
2026-08-10 17:01:47 +0200: Memory Usage (457900K) : Selected SERIES_RES option: true
2026-08-10 17:01:47 +0200: Memory Usage (457900K) : Selected PARALLEL_RES option: true
2026-08-10 17:01:47 +0200: Memory Usage (457900K) : Selected DISABLE_TAP_EXTRACTION option: false
2026-08-10 17:01:47 +0200: Memory Usage (457900K) : deep  mode is enabled.
2026-08-10 17:01:47 +0200: Memory Usage (457900K) : Applying implicit connections (case-sensitive, pattern supported) for nets: iovss, iovdd, vss, vdd, pad, cathode, anode
2026-08-10 17:01:47 +0200: Memory Usage (459052K) : Netlist file: /foss/designs/ihp-open-pdk-regression/IOPADS/netlist/pads_sub/sg13g2_IOPadVss.spi
2026-08-10 17:01:47 +0200: Memory Usage (459052K) : LVS extracted netlist at: /foss/designs/ihp-open-pdk-regression/IOPADS/lvs_sweep/20260810_165956/sg13g2_IOPadVss/sg13g2_IOPadVss_extracted.cir
2026-08-10 17:01:47 +0200: Memory Usage (459052K) : Applying SRAM integration support.
2026-08-10 17:01:47 +0200: Memory Usage (459052K) : Starting SG13G2 LVS runset
2026-08-10 17:01:47 +0200: Memory Usage (459052K) : Read in polygons from layers.
2026-08-10 17:01:47 +0200: Memory Usage (460588K) : activ_drw has 21 polygons
2026-08-10 17:01:47 +0200: Memory Usage (460588K) : activ_filler has 0 polygons
2026-08-10 17:01:47 +0200: Memory Usage (460716K) : activ has 21 polygons
2026-08-10 17:01:47 +0200: Memory Usage (460716K) : activ_pin has 0 polygons
2026-08-10 17:01:47 +0200: Memory Usage (460844K) : activ_mask has 0 polygons
2026-08-10 17:01:47 +0200: Memory Usage (460844K) : activ_nofill has 0 polygons
2026-08-10 17:01:47 +0200: Memory Usage (460844K) : activ_OPC has 0 polygons
2026-08-10 17:01:47 +0200: Memory Usage (460844K) : activ_iOPC has 0 polygons
2026-08-10 17:01:47 +0200: Memory Usage (460844K) : activ_noqrc has 0 polygons
2026-08-10 17:01:47 +0200: Memory Usage (460972K) : biwind_drw has 0 polygons
2026-08-10 17:01:47 +0200: Memory Usage (460972K) : biwind_OPC has 0 polygons
2026-08-10 17:01:47 +0200: Memory Usage (461100K) : gatpoly_drw has 0 polygons
2026-08-10 17:01:47 +0200: Memory Usage (461100K) : gatpoly_filler has 0 polygons
2026-08-10 17:01:47 +0200: Memory Usage (461484K) : gatpoly has 0 polygons
2026-08-10 17:01:47 +0200: Memory Usage (461484K) : gatpoly_pin has 0 polygons
2026-08-10 17:01:47 +0200: Memory Usage (461612K) : gatpoly_nofill has 0 polygons
2026-08-10 17:01:47 +0200: Memory Usage (461612K) : gatpoly_OPC has 0 polygons
2026-08-10 17:01:47 +0200: Memory Usage (461612K) : gatpoly_iOPC has 0 polygons
2026-08-10 17:01:47 +0200: Memory Usage (461612K) : gatpoly_noqrc has 0 polygons
2026-08-10 17:01:47 +0200: Memory Usage (464556K) : cont_drw has 73574 polygons
2026-08-10 17:01:47 +0200: Memory Usage (464556K) : cont_OPC has 0 polygons
2026-08-10 17:01:47 +0200: Memory Usage (464556K) : nsd_drw has 0 polygons
2026-08-10 17:01:47 +0200: Memory Usage (464556K) : nsd_block has 0 polygons
2026-08-10 17:01:47 +0200: Memory Usage (464556K) : metal1_drw has 37 polygons
2026-08-10 17:01:47 +0200: Memory Usage (464556K) : metal1_filler has 0 polygons
2026-08-10 17:01:47 +0200: Memory Usage (464556K) : metal1_slit has 0 polygons
2026-08-10 17:01:47 +0200: Memory Usage (464556K) : metal1 has 37 polygons
2026-08-10 17:01:47 +0200: Memory Usage (464556K) : metal1_pin has 14 polygons
2026-08-10 17:01:47 +0200: Memory Usage (464556K) : metal1_mask has 0 polygons
2026-08-10 17:01:47 +0200: Memory Usage (464556K) : metal1_nofill has 0 polygons
2026-08-10 17:01:47 +0200: Memory Usage (464812K) : metal1_text has 14 polygons
2026-08-10 17:01:47 +0200: Memory Usage (464812K) : metal1_OPC has 0 polygons
2026-08-10 17:01:47 +0200: Memory Usage (464812K) : metal1_noqrc has 0 polygons
2026-08-10 17:01:47 +0200: Memory Usage (464812K) : metal1_res has 0 polygons
2026-08-10 17:01:47 +0200: Memory Usage (464812K) : metal1_iprobe has 0 polygons
2026-08-10 17:01:47 +0200: Memory Usage (464812K) : metal1_diffprb has 0 polygons
2026-08-10 17:01:47 +0200: Memory Usage (464812K) : passiv_drw has 0 polygons
2026-08-10 17:01:47 +0200: Memory Usage (464812K) : passiv_pin has 0 polygons
2026-08-10 17:01:47 +0200: Memory Usage (464812K) : passiv_sbump has 0 polygons
2026-08-10 17:01:47 +0200: Memory Usage (464812K) : passiv_pillar has 0 polygons
2026-08-10 17:01:47 +0200: Memory Usage (464812K) : passiv_pdl has 0 polygons
2026-08-10 17:01:47 +0200: Memory Usage (465196K) : metal2_drw has 20 polygons
2026-08-10 17:01:47 +0200: Memory Usage (465196K) : metal2_filler has 0 polygons
2026-08-10 17:01:47 +0200: Memory Usage (465196K) : metal2_slit has 0 polygons
2026-08-10 17:01:47 +0200: Memory Usage (465196K) : metal2 has 20 polygons
2026-08-10 17:01:47 +0200: Memory Usage (465196K) : metal2_pin has 1 polygons
2026-08-10 17:01:47 +0200: Memory Usage (465196K) : metal2_mask has 0 polygons
2026-08-10 17:01:47 +0200: Memory Usage (465196K) : metal2_nofill has 0 polygons
2026-08-10 17:01:47 +0200: Memory Usage (465324K) : metal2_text has 1 polygons
2026-08-10 17:01:47 +0200: Memory Usage (465452K) : metal2_OPC has 0 polygons
2026-08-10 17:01:47 +0200: Memory Usage (465452K) : metal2_noqrc has 0 polygons
2026-08-10 17:01:47 +0200: Memory Usage (465580K) : metal2_res has 0 polygons
2026-08-10 17:01:47 +0200: Memory Usage (465580K) : metal2_iprobe has 0 polygons
2026-08-10 17:01:47 +0200: Memory Usage (465708K) : metal2_diffprb has 0 polygons
2026-08-10 17:01:47 +0200: Memory Usage (465708K) : baspoly_drw has 0 polygons
2026-08-10 17:01:47 +0200: Memory Usage (465836K) : baspoly_pin has 0 polygons
2026-08-10 17:01:47 +0200: Memory Usage (465964K) : psd_drw has 11 polygons
2026-08-10 17:01:47 +0200: Memory Usage (466092K) : nldb_drw has 0 polygons
2026-08-10 17:01:47 +0200: Memory Usage (466092K) : digibnd_drw has 0 polygons
2026-08-10 17:01:47 +0200: Memory Usage (466220K) : via1_drw has 2182 polygons
2026-08-10 17:01:47 +0200: Memory Usage (466348K) : backmetal1_drw has 0 polygons
2026-08-10 17:01:47 +0200: Memory Usage (466348K) : backmetal1_pin has 0 polygons
2026-08-10 17:01:47 +0200: Memory Usage (466476K) : backmetal1_mask has 0 polygons
2026-08-10 17:01:47 +0200: Memory Usage (466476K) : backmetal1_filler has 0 polygons
2026-08-10 17:01:47 +0200: Memory Usage (466604K) : backmetal1_nofill has 0 polygons
2026-08-10 17:01:47 +0200: Memory Usage (466604K) : backmetal1_slit has 0 polygons
2026-08-10 17:01:47 +0200: Memory Usage (466732K) : backmetal1_text has 0 polygons
2026-08-10 17:01:47 +0200: Memory Usage (466732K) : backmetal1_OPC has 0 polygons
2026-08-10 17:01:47 +0200: Memory Usage (466860K) : backmetal1_noqrc has 0 polygons
2026-08-10 17:01:47 +0200: Memory Usage (466988K) : backmetal1_res has 0 polygons
2026-08-10 17:01:47 +0200: Memory Usage (466988K) : backmetal1_iprobe has 0 polygons
2026-08-10 17:01:47 +0200: Memory Usage (467116K) : backmetal1_diffprb has 0 polygons
2026-08-10 17:01:47 +0200: Memory Usage (467116K) : backpassiv_drw has 0 polygons
2026-08-10 17:01:47 +0200: Memory Usage (467244K) : res_drw has 0 polygons
2026-08-10 17:01:47 +0200: Memory Usage (467372K) : sram_drw has 0 polygons
2026-08-10 17:01:47 +0200: Memory Usage (467500K) : trans_drw has 0 polygons
2026-08-10 17:01:47 +0200: Memory Usage (467500K) : ind_drw has 0 polygons
2026-08-10 17:01:47 +0200: Memory Usage (467628K) : ind_pin has 0 polygons
2026-08-10 17:01:47 +0200: Memory Usage (467628K) : ind_text has 0 polygons
2026-08-10 17:01:47 +0200: Memory Usage (467756K) : salblock_drw has 0 polygons
2026-08-10 17:01:47 +0200: Memory Usage (467756K) : via2_drw has 6508 polygons
2026-08-10 17:01:47 +0200: Memory Usage (468012K) : metal3_drw has 12 polygons
2026-08-10 17:01:47 +0200: Memory Usage (468012K) : metal3_filler has 0 polygons
2026-08-10 17:01:47 +0200: Memory Usage (468012K) : metal3_slit has 0 polygons
2026-08-10 17:01:47 +0200: Memory Usage (468140K) : metal3 has 12 polygons
2026-08-10 17:01:47 +0200: Memory Usage (468140K) : metal3_pin has 8 polygons
2026-08-10 17:01:47 +0200: Memory Usage (468268K) : metal3_mask has 0 polygons
2026-08-10 17:01:47 +0200: Memory Usage (468268K) : metal3_nofill has 0 polygons
2026-08-10 17:01:47 +0200: Memory Usage (468268K) : metal3_text has 8 polygons
2026-08-10 17:01:47 +0200: Memory Usage (468396K) : metal3_OPC has 0 polygons
2026-08-10 17:01:47 +0200: Memory Usage (468396K) : metal3_noqrc has 0 polygons
2026-08-10 17:01:47 +0200: Memory Usage (468396K) : metal3_res has 0 polygons
2026-08-10 17:01:47 +0200: Memory Usage (468396K) : metal3_iprobe has 0 polygons
2026-08-10 17:01:47 +0200: Memory Usage (468524K) : metal3_diffprb has 0 polygons
2026-08-10 17:01:48 +0200: Memory Usage (468524K) : nwell_drw has 8 polygons
2026-08-10 17:01:48 +0200: Memory Usage (468652K) : nwell_pin has 0 polygons
2026-08-10 17:01:48 +0200: Memory Usage (468652K) : nwell_text has 0 polygons
2026-08-10 17:01:48 +0200: Memory Usage (468780K) : nbulay_drw has 0 polygons
2026-08-10 17:01:48 +0200: Memory Usage (468780K) : nbulay_pin has 0 polygons
2026-08-10 17:01:48 +0200: Memory Usage (468908K) : nbulay_block has 0 polygons
2026-08-10 17:01:48 +0200: Memory Usage (468908K) : emwind_drw has 0 polygons
2026-08-10 17:01:48 +0200: Memory Usage (469036K) : emwind_OPC has 0 polygons
2026-08-10 17:01:48 +0200: Memory Usage (469036K) : deepco_drw has 0 polygons
2026-08-10 17:01:48 +0200: Memory Usage (469164K) : mim_drw has 0 polygons
2026-08-10 17:01:48 +0200: Memory Usage (469164K) : edgeseal_drw has 0 polygons
2026-08-10 17:01:48 +0200: Memory Usage (469292K) : substrate_drw has 9 polygons
2026-08-10 17:01:48 +0200: Memory Usage (469420K) : substrate_text has 0 polygons
2026-08-10 17:01:48 +0200: Memory Usage (469420K) : dfpad_drw has 0 polygons
2026-08-10 17:01:48 +0200: Memory Usage (469548K) : dfpad_pillar has 0 polygons
2026-08-10 17:01:48 +0200: Memory Usage (469548K) : dfpad_sbump has 0 polygons
2026-08-10 17:01:48 +0200: Memory Usage (469676K) : thickgateox_drw has 0 polygons
2026-08-10 17:01:48 +0200: Memory Usage (469676K) : pldb_drw has 0 polygons
2026-08-10 17:01:48 +0200: Memory Usage (469804K) : pwell_drw has 0 polygons
2026-08-10 17:01:48 +0200: Memory Usage (469804K) : pwell_pin has 0 polygons
2026-08-10 17:01:48 +0200: Memory Usage (469932K) : pwell_block has 0 polygons
2026-08-10 17:01:48 +0200: Memory Usage (469932K) : ic_drw has 0 polygons
2026-08-10 17:01:48 +0200: Memory Usage (470060K) : via3_drw has 2087 polygons
2026-08-10 17:01:48 +0200: Memory Usage (470188K) : metal4_drw has 8 polygons
2026-08-10 17:01:48 +0200: Memory Usage (470188K) : metal4_filler has 0 polygons
2026-08-10 17:01:48 +0200: Memory Usage (470316K) : metal4_slit has 0 polygons
2026-08-10 17:01:48 +0200: Memory Usage (470316K) : metal4 has 8 polygons
2026-08-10 17:01:48 +0200: Memory Usage (470444K) : metal4_pin has 8 polygons
2026-08-10 17:01:48 +0200: Memory Usage (470444K) : metal4_mask has 0 polygons
2026-08-10 17:01:48 +0200: Memory Usage (470444K) : metal4_nofill has 0 polygons
2026-08-10 17:01:48 +0200: Memory Usage (470572K) : metal4_text has 8 polygons
2026-08-10 17:01:48 +0200: Memory Usage (470572K) : metal4_OPC has 0 polygons
2026-08-10 17:01:48 +0200: Memory Usage (470700K) : metal4_noqrc has 0 polygons
2026-08-10 17:01:48 +0200: Memory Usage (470700K) : metal4_res has 0 polygons
2026-08-10 17:01:48 +0200: Memory Usage (470828K) : metal4_iprobe has 0 polygons
2026-08-10 17:01:48 +0200: Memory Usage (470828K) : metal4_diffprb has 0 polygons
2026-08-10 17:01:48 +0200: Memory Usage (470956K) : heattrans_drw has 0 polygons
2026-08-10 17:01:48 +0200: Memory Usage (470956K) : heatres_drw has 0 polygons
2026-08-10 17:01:48 +0200: Memory Usage (471084K) : fbe_drw has 0 polygons
2026-08-10 17:01:48 +0200: Memory Usage (471084K) : empoly_drw has 0 polygons
2026-08-10 17:01:48 +0200: Memory Usage (471212K) : digisub_drw has 0 polygons
2026-08-10 17:01:48 +0200: Memory Usage (471340K) : text_drw has 7 polygons
2026-08-10 17:01:48 +0200: Memory Usage (471340K) : via4_drw has 2371 polygons
2026-08-10 17:01:48 +0200: Memory Usage (471468K) : metal5_drw has 8 polygons
2026-08-10 17:01:48 +0200: Memory Usage (471468K) : metal5_filler has 0 polygons
2026-08-10 17:01:48 +0200: Memory Usage (471468K) : metal5_slit has 0 polygons
2026-08-10 17:01:48 +0200: Memory Usage (471468K) : metal5 has 8 polygons
2026-08-10 17:01:48 +0200: Memory Usage (471468K) : metal5_pin has 8 polygons
2026-08-10 17:01:48 +0200: Memory Usage (471468K) : metal5_mask has 0 polygons
2026-08-10 17:01:48 +0200: Memory Usage (471468K) : metal5_nofill has 0 polygons
2026-08-10 17:01:48 +0200: Memory Usage (471468K) : metal5_text has 8 polygons
2026-08-10 17:01:48 +0200: Memory Usage (471468K) : metal5_OPC has 0 polygons
2026-08-10 17:01:48 +0200: Memory Usage (471468K) : metal5_noqrc has 0 polygons
2026-08-10 17:01:48 +0200: Memory Usage (471468K) : metal5_res has 0 polygons
2026-08-10 17:01:48 +0200: Memory Usage (471468K) : metal5_iprobe has 0 polygons
2026-08-10 17:01:48 +0200: Memory Usage (471468K) : metal5_diffprb has 0 polygons
2026-08-10 17:01:48 +0200: Memory Usage (471468K) : radhard_drw has 0 polygons
2026-08-10 17:01:48 +0200: Memory Usage (471468K) : memcap_drw has 0 polygons
2026-08-10 17:01:48 +0200: Memory Usage (471468K) : varicap_drw has 0 polygons
2026-08-10 17:01:48 +0200: Memory Usage (471468K) : intbondvia_drw has 0 polygons
2026-08-10 17:01:48 +0200: Memory Usage (471468K) : intbondmet_drw has 0 polygons
2026-08-10 17:01:48 +0200: Memory Usage (471468K) : devbondvia_drw has 0 polygons
2026-08-10 17:01:48 +0200: Memory Usage (471468K) : devbondmet_drw has 0 polygons
2026-08-10 17:01:48 +0200: Memory Usage (471468K) : devtrench_drw has 0 polygons
2026-08-10 17:01:48 +0200: Memory Usage (471468K) : redist_drw has 0 polygons
2026-08-10 17:01:48 +0200: Memory Usage (471468K) : graphbot_drw has 0 polygons
2026-08-10 17:01:48 +0200: Memory Usage (471468K) : graphtop_drw has 0 polygons
2026-08-10 17:01:48 +0200: Memory Usage (471468K) : antvia1_drw has 0 polygons
2026-08-10 17:01:48 +0200: Memory Usage (471468K) : antmetal2_drw has 0 polygons
2026-08-10 17:01:48 +0200: Memory Usage (471468K) : graphcont_drw has 0 polygons
2026-08-10 17:01:48 +0200: Memory Usage (471468K) : siwg_drw has 0 polygons
2026-08-10 17:01:48 +0200: Memory Usage (471468K) : siwg_filler has 0 polygons
2026-08-10 17:01:48 +0200: Memory Usage (471468K) : siwg_nofill has 0 polygons
2026-08-10 17:01:48 +0200: Memory Usage (471468K) : sigrating_drw has 0 polygons
2026-08-10 17:01:48 +0200: Memory Usage (471468K) : singrating_drw has 0 polygons
2026-08-10 17:01:48 +0200: Memory Usage (471468K) : graphpas_drw has 0 polygons
2026-08-10 17:01:48 +0200: Memory Usage (471468K) : emwind3_drw has 0 polygons
2026-08-10 17:01:48 +0200: Memory Usage (471468K) : emwihv3_drw has 0 polygons
2026-08-10 17:01:48 +0200: Memory Usage (471468K) : redbulay_drw has 0 polygons
2026-08-10 17:01:48 +0200: Memory Usage (471468K) : smos_drw has 0 polygons
2026-08-10 17:01:48 +0200: Memory Usage (471468K) : graphpad_drw has 0 polygons
2026-08-10 17:01:48 +0200: Memory Usage (471468K) : polimide_drw has 0 polygons
2026-08-10 17:01:48 +0200: Memory Usage (471468K) : polimide_pin has 0 polygons
2026-08-10 17:01:48 +0200: Memory Usage (471468K) : recog_drw has 0 polygons
2026-08-10 17:01:48 +0200: Memory Usage (471468K) : recog_pin has 0 polygons
2026-08-10 17:01:48 +0200: Memory Usage (471468K) : recog_esd has 0 polygons
2026-08-10 17:01:48 +0200: Memory Usage (471468K) : recog_diode has 4 polygons
2026-08-10 17:01:48 +0200: Memory Usage (471468K) : recog_tsv has 0 polygons
2026-08-10 17:01:48 +0200: Memory Usage (471468K) : recog_iprobe has 0 polygons
2026-08-10 17:01:48 +0200: Memory Usage (471468K) : recog_diffprb has 0 polygons
2026-08-10 17:01:48 +0200: Memory Usage (471468K) : recog_pillar has 0 polygons
2026-08-10 17:01:48 +0200: Memory Usage (471468K) : recog_sbump has 0 polygons
2026-08-10 17:01:48 +0200: Memory Usage (471468K) : recog_otp has 0 polygons
2026-08-10 17:01:48 +0200: Memory Usage (471468K) : recog_pdiode has 0 polygons
2026-08-10 17:01:48 +0200: Memory Usage (471468K) : recog_mom has 0 polygons
2026-08-10 17:01:48 +0200: Memory Usage (471468K) : recog_pcm has 0 polygons
2026-08-10 17:01:48 +0200: Memory Usage (471468K) : colopen_drw has 0 polygons
2026-08-10 17:01:48 +0200: Memory Usage (471468K) : graphmetal1_drw has 0 polygons
2026-08-10 17:01:48 +0200: Memory Usage (471468K) : graphmetal1_filler has 0 polygons
2026-08-10 17:01:48 +0200: Memory Usage (471468K) : graphmetal1_nofill has 0 polygons
2026-08-10 17:01:48 +0200: Memory Usage (471468K) : graphmetal1_slit has 0 polygons
2026-08-10 17:01:48 +0200: Memory Usage (471468K) : graphmetal1_OPC has 0 polygons
2026-08-10 17:01:48 +0200: Memory Usage (471468K) : graphmet1l_drw has 0 polygons
2026-08-10 17:01:48 +0200: Memory Usage (471468K) : graphmet1l_filler has 0 polygons
2026-08-10 17:01:48 +0200: Memory Usage (471468K) : graphmet1l_nofill has 0 polygons
2026-08-10 17:01:48 +0200: Memory Usage (471468K) : graphmet1l_slit has 0 polygons
2026-08-10 17:01:48 +0200: Memory Usage (471468K) : graphmet1l_OPC has 0 polygons
2026-08-10 17:01:48 +0200: Memory Usage (471468K) : extblock_drw has 0 polygons
2026-08-10 17:01:48 +0200: Memory Usage (471468K) : nldd_drw has 0 polygons
2026-08-10 17:01:48 +0200: Memory Usage (471468K) : pldd_drw has 0 polygons
2026-08-10 17:01:48 +0200: Memory Usage (471468K) : next_drw has 0 polygons
2026-08-10 17:01:48 +0200: Memory Usage (471468K) : pext_drw has 0 polygons
2026-08-10 17:01:48 +0200: Memory Usage (471468K) : nexthv_drw has 0 polygons
2026-08-10 17:01:48 +0200: Memory Usage (471468K) : pexthv_drw has 0 polygons
2026-08-10 17:01:48 +0200: Memory Usage (471468K) : graphgate_drw has 0 polygons
2026-08-10 17:01:48 +0200: Memory Usage (471468K) : sinwg_drw has 0 polygons
2026-08-10 17:01:48 +0200: Memory Usage (471468K) : sinwg_filler has 0 polygons
2026-08-10 17:01:48 +0200: Memory Usage (471468K) : sinwg_nofill has 0 polygons
2026-08-10 17:01:48 +0200: Memory Usage (471468K) : mempad_drw has 0 polygons
2026-08-10 17:01:48 +0200: Memory Usage (471468K) : topvia1_drw has 2315 polygons
2026-08-10 17:01:48 +0200: Memory Usage (471468K) : topmetal1_drw has 8 polygons
2026-08-10 17:01:48 +0200: Memory Usage (471468K) : topmetal1_filler has 0 polygons
2026-08-10 17:01:48 +0200: Memory Usage (471468K) : topmetal1_slit has 0 polygons
2026-08-10 17:01:48 +0200: Memory Usage (471468K) : topmetal1 has 8 polygons
2026-08-10 17:01:48 +0200: Memory Usage (471468K) : topmetal1_pin has 8 polygons
2026-08-10 17:01:48 +0200: Memory Usage (471468K) : topmetal1_mask has 0 polygons
2026-08-10 17:01:48 +0200: Memory Usage (471468K) : topmetal1_nofill has 0 polygons
2026-08-10 17:01:48 +0200: Memory Usage (471468K) : topmetal1_text has 8 polygons
2026-08-10 17:01:48 +0200: Memory Usage (471468K) : topmetal1_noqrc has 0 polygons
2026-08-10 17:01:48 +0200: Memory Usage (471468K) : topmetal1_res has 0 polygons
2026-08-10 17:01:48 +0200: Memory Usage (471468K) : topmetal1_iprobe has 0 polygons
2026-08-10 17:01:48 +0200: Memory Usage (471468K) : topmetal1_diffprb has 0 polygons
2026-08-10 17:01:48 +0200: Memory Usage (471468K) : inldpwl_drw has 0 polygons
2026-08-10 17:01:48 +0200: Memory Usage (471468K) : polyres_drw has 0 polygons
2026-08-10 17:01:48 +0200: Memory Usage (471468K) : polyres_pin has 0 polygons
2026-08-10 17:01:48 +0200: Memory Usage (471468K) : vmim_drw has 0 polygons
2026-08-10 17:01:48 +0200: Memory Usage (471468K) : nbulaycut_drw has 0 polygons
2026-08-10 17:01:48 +0200: Memory Usage (471468K) : antmetal1_drw has 0 polygons
2026-08-10 17:01:48 +0200: Memory Usage (471468K) : topvia2_drw has 1593 polygons
2026-08-10 17:01:48 +0200: Memory Usage (471468K) : topmetal2_drw has 6 polygons
2026-08-10 17:01:48 +0200: Memory Usage (471468K) : topmetal2_filler has 0 polygons
2026-08-10 17:01:48 +0200: Memory Usage (471468K) : topmetal2_slit has 0 polygons
2026-08-10 17:01:48 +0200: Memory Usage (471468K) : topmetal2 has 6 polygons
2026-08-10 17:01:48 +0200: Memory Usage (471468K) : topmetal2_pin has 6 polygons
2026-08-10 17:01:48 +0200: Memory Usage (471468K) : topmetal2_mask has 0 polygons
2026-08-10 17:01:48 +0200: Memory Usage (471468K) : topmetal2_nofill has 0 polygons
2026-08-10 17:01:48 +0200: Memory Usage (471468K) : topmetal2_text has 6 polygons
2026-08-10 17:01:48 +0200: Memory Usage (471468K) : topmetal2_noqrc has 0 polygons
2026-08-10 17:01:48 +0200: Memory Usage (471468K) : topmetal2_res has 0 polygons
2026-08-10 17:01:48 +0200: Memory Usage (471468K) : topmetal2_iprobe has 0 polygons
2026-08-10 17:01:48 +0200: Memory Usage (471468K) : topmetal2_diffprb has 0 polygons
2026-08-10 17:01:48 +0200: Memory Usage (471468K) : snsring_drw has 0 polygons
2026-08-10 17:01:48 +0200: Memory Usage (471468K) : sensor_drw has 0 polygons
2026-08-10 17:01:48 +0200: Memory Usage (471468K) : snsarms_drw has 0 polygons
2026-08-10 17:01:48 +0200: Memory Usage (471468K) : snscmosvia_drw has 0 polygons
2026-08-10 17:01:48 +0200: Memory Usage (471468K) : colwind_drw has 0 polygons
2026-08-10 17:01:48 +0200: Memory Usage (471468K) : flm_drw has 0 polygons
2026-08-10 17:01:48 +0200: Memory Usage (471468K) : hafniumox_drw has 0 polygons
2026-08-10 17:01:48 +0200: Memory Usage (471468K) : memvia_drw has 0 polygons
2026-08-10 17:01:48 +0200: Memory Usage (471468K) : thinfilmres_drw has 0 polygons
2026-08-10 17:01:48 +0200: Memory Usage (471468K) : rfmem_drw has 0 polygons
2026-08-10 17:01:48 +0200: Memory Usage (471468K) : norcx_drw has 0 polygons
2026-08-10 17:01:48 +0200: Memory Usage (471468K) : norcx_m2m3 has 0 polygons
2026-08-10 17:01:48 +0200: Memory Usage (471468K) : norcx_m2m4 has 0 polygons
2026-08-10 17:01:48 +0200: Memory Usage (471468K) : norcx_m2m5 has 0 polygons
2026-08-10 17:01:48 +0200: Memory Usage (471468K) : norcx_m2tm1 has 0 polygons
2026-08-10 17:01:48 +0200: Memory Usage (471468K) : norcx_m2tm2 has 0 polygons
2026-08-10 17:01:48 +0200: Memory Usage (471468K) : norcx_m3m4 has 0 polygons
2026-08-10 17:01:48 +0200: Memory Usage (471468K) : norcx_m3m5 has 0 polygons
2026-08-10 17:01:48 +0200: Memory Usage (471468K) : norcx_m3tm1 has 0 polygons
2026-08-10 17:01:48 +0200: Memory Usage (471468K) : norcx_m3tm2 has 0 polygons
2026-08-10 17:01:48 +0200: Memory Usage (471468K) : norcx_m4m5 has 0 polygons
2026-08-10 17:01:48 +0200: Memory Usage (471468K) : norcx_m4tm1 has 0 polygons
2026-08-10 17:01:48 +0200: Memory Usage (471468K) : norcx_m4tm2 has 0 polygons
2026-08-10 17:01:48 +0200: Memory Usage (471468K) : norcx_m5tm1 has 0 polygons
2026-08-10 17:01:48 +0200: Memory Usage (471468K) : norcx_m5tm2 has 0 polygons
2026-08-10 17:01:48 +0200: Memory Usage (471468K) : norcx_tm1tm2 has 0 polygons
2026-08-10 17:01:48 +0200: Memory Usage (471468K) : norcx_m1sub has 0 polygons
2026-08-10 17:01:48 +0200: Memory Usage (471468K) : norcx_m2sub has 0 polygons
2026-08-10 17:01:48 +0200: Memory Usage (471468K) : norcx_m3sub has 0 polygons
2026-08-10 17:01:48 +0200: Memory Usage (471596K) : norcx_m4sub has 0 polygons
2026-08-10 17:01:48 +0200: Memory Usage (471724K) : norcx_m5sub has 0 polygons
2026-08-10 17:01:48 +0200: Memory Usage (471724K) : norcx_tm1sub has 0 polygons
2026-08-10 17:01:48 +0200: Memory Usage (471852K) : norcx_tm2sub has 0 polygons
2026-08-10 17:01:48 +0200: Memory Usage (471852K) : snsbotvia_drw has 0 polygons
2026-08-10 17:01:48 +0200: Memory Usage (471980K) : snstopvia_drw has 0 polygons
2026-08-10 17:01:48 +0200: Memory Usage (471980K) : deepvia_drw has 0 polygons
2026-08-10 17:01:48 +0200: Memory Usage (472108K) : fgetch_drw has 0 polygons
2026-08-10 17:01:48 +0200: Memory Usage (472108K) : ctrgat_drw has 0 polygons
2026-08-10 17:01:48 +0200: Memory Usage (472236K) : fgimp_drw has 0 polygons
2026-08-10 17:01:48 +0200: Memory Usage (472236K) : emwihv_drw has 0 polygons
2026-08-10 17:01:48 +0200: Memory Usage (472364K) : lbe_drw has 0 polygons
2026-08-10 17:01:48 +0200: Memory Usage (472364K) : alcustop_drw has 0 polygons
2026-08-10 17:01:48 +0200: Memory Usage (472492K) : nometfiller_drw has 0 polygons
2026-08-10 17:01:48 +0200: Memory Usage (472620K) : prboundary_drw has 0 polygons
2026-08-10 17:01:48 +0200: Memory Usage (472620K) : exchange0_drw has 0 polygons
2026-08-10 17:01:48 +0200: Memory Usage (472748K) : exchange0_pin has 0 polygons
2026-08-10 17:01:48 +0200: Memory Usage (472748K) : exchange0_text has 0 polygons
2026-08-10 17:01:48 +0200: Memory Usage (472876K) : exchange1_drw has 0 polygons
2026-08-10 17:01:48 +0200: Memory Usage (472876K) : exchange1_pin has 0 polygons
2026-08-10 17:01:48 +0200: Memory Usage (473004K) : exchange1_text has 0 polygons
2026-08-10 17:01:48 +0200: Memory Usage (473004K) : exchange2_drw has 0 polygons
2026-08-10 17:01:48 +0200: Memory Usage (473132K) : exchange2_pin has 0 polygons
2026-08-10 17:01:48 +0200: Memory Usage (473132K) : exchange2_text has 0 polygons
2026-08-10 17:01:48 +0200: Memory Usage (473260K) : exchange3_drw has 0 polygons
2026-08-10 17:01:48 +0200: Memory Usage (473260K) : exchange3_pin has 0 polygons
2026-08-10 17:01:48 +0200: Memory Usage (473388K) : exchange3_text has 0 polygons
2026-08-10 17:01:48 +0200: Memory Usage (473388K) : exchange4_drw has 0 polygons
2026-08-10 17:01:48 +0200: Memory Usage (473516K) : exchange4_pin has 0 polygons
2026-08-10 17:01:48 +0200: Memory Usage (473516K) : exchange4_text has 0 polygons
2026-08-10 17:01:48 +0200: Memory Usage (473644K) : isonwell_drw has 0 polygons
2026-08-10 17:01:48 +0200: Memory Usage (473644K) : Total no. of polygons in the design is 90895
2026-08-10 17:01:48 +0200: Memory Usage (473644K) : Starting base layers derivations
2026-08-10 17:01:48 +0200: Memory Usage (473644K) : Starting general LVS derivations
2026-08-10 17:01:48 +0200: Memory Usage (481708K) : Starting MOSFET DERIVATIONS
2026-08-10 17:01:49 +0200: Memory Usage (510852K) : Starting NMOS DERIVATIONS
2026-08-10 17:01:49 +0200: Memory Usage (510852K) : Starting PMOS DERIVATIONS
2026-08-10 17:01:49 +0200: Memory Usage (510852K) : Starting RF-MOSFET DERIVATIONS
2026-08-10 17:01:49 +0200: Memory Usage (510852K) : Starting RF-NMOS DERIVATIONS
2026-08-10 17:01:49 +0200: Memory Usage (510852K) : Starting RF-PMOS DERIVATIONS
2026-08-10 17:01:49 +0200: Memory Usage (510852K) : Starting BJT DERIVATIONS
2026-08-10 17:01:49 +0200: Memory Usage (510852K) : Starting NPN-BJT DERIVATIONS
2026-08-10 17:01:49 +0200: Memory Usage (510852K) : Starting PNP-BJT DERIVATIONS
2026-08-10 17:01:49 +0200: Memory Usage (510852K) : Starting DIODE DERIVATIONS
2026-08-10 17:01:50 +0200: Memory Usage (484676K) : Starting RESISTOR DERIVATIONS
2026-08-10 17:01:50 +0200: Memory Usage (484676K) : Starting CAP DERIVATIONS
2026-08-10 17:01:50 +0200: Memory Usage (484676K) : Starting CAP_CMOM DERIVATIONS
2026-08-10 17:01:50 +0200: Memory Usage (484676K) : Starting ESD DERIVATIONS
2026-08-10 17:01:50 +0200: Memory Usage (487620K) : Starting Inductor DERIVATIONS
2026-08-10 17:01:50 +0200: Memory Usage (487620K) : Starting Taps DERIVATIONS
2026-08-10 17:01:50 +0200: Memory Usage (487620K) : Starting SG13G2 LVS connectivity setup
2026-08-10 17:01:50 +0200: Memory Usage (487620K) : Starting SG13G2 LVS connectivity setup (Inter-layer)
2026-08-10 17:01:50 +0200: Memory Usage (487748K) : Starting SG13G2 LVS connectivity setup (Global)
2026-08-10 17:01:50 +0200: Memory Usage (487748K) : Starting LVS MOSFET CONNECTIONS
2026-08-10 17:01:50 +0200: Memory Usage (487748K) : Starting LVS RF-MOSFET CONNECTIONS
2026-08-10 17:01:50 +0200: Memory Usage (487748K) : Starting LVS BJT CONNECTIONS
2026-08-10 17:01:50 +0200: Memory Usage (487748K) : Starting LVS DIODE CONNECTIONS
2026-08-10 17:01:50 +0200: Memory Usage (487748K) : Starting RESISTOR CONNECTIONS
2026-08-10 17:01:50 +0200: Memory Usage (487748K) : Starting LVS CAP CONNECTIONS
2026-08-10 17:01:50 +0200: Memory Usage (487748K) : Starting CAP_CMOM CONNECTIONS
2026-08-10 17:01:50 +0200: Memory Usage (487748K) : Starting ESD CONNECTIONS
2026-08-10 17:01:50 +0200: Memory Usage (487748K) : Starting Inductor CONNECTIONS
2026-08-10 17:01:50 +0200: Memory Usage (487748K) : Starting LVS Taps CONNECTIONS
2026-08-10 17:01:50 +0200: Memory Usage (487748K) : Starting SG13G2 LVS DEVICES EXTRACTION
2026-08-10 17:01:50 +0200: Memory Usage (487748K) : Starting MOSFET EXTRACTION
2026-08-10 17:01:50 +0200: Memory Usage (487748K) : Starting NMOS EXTRACTION
2026-08-10 17:01:50 +0200: Memory Usage (487748K) : Extraction of NMOS-LV transistor
2026-08-10 17:01:50 +0200: Memory Usage (487748K) : Extraction of NMOS-HV transistor
2026-08-10 17:01:50 +0200: Memory Usage (487748K) : Starting PMOS EXTRACTION
2026-08-10 17:01:50 +0200: Memory Usage (487748K) : Extraction of PMOS-LV transistor
2026-08-10 17:01:50 +0200: Memory Usage (487748K) : Extraction of PMOS-HV transistor
2026-08-10 17:01:50 +0200: Memory Usage (487748K) : Starting RF-MOSFET EXTRACTION
2026-08-10 17:01:50 +0200: Memory Usage (487748K) : Extraction of RF-NMOS-LV transistor
2026-08-10 17:01:50 +0200: Memory Usage (487748K) : Extraction of RF-NMOS-HV transistor
2026-08-10 17:01:50 +0200: Memory Usage (487748K) : Extraction of RF-PMOS-LV transistor
2026-08-10 17:01:50 +0200: Memory Usage (487748K) : Extraction of RF-PMOS-HV transistor
2026-08-10 17:01:50 +0200: Memory Usage (487748K) : Starting BJT EXTRACTION
2026-08-10 17:01:50 +0200: Memory Usage (487748K) : Starting NPN-BJT EXTRACTION
2026-08-10 17:01:50 +0200: Memory Usage (487748K) : Extraction of npn13G2 BJT transistor
2026-08-10 17:01:50 +0200: Memory Usage (487748K) : Extraction of npn13G2L BJT transistor
2026-08-10 17:01:50 +0200: Memory Usage (487748K) : Extraction of npn13G2V BJT transistor
2026-08-10 17:01:50 +0200: Memory Usage (487748K) : Starting PNP-BJT EXTRACTION
2026-08-10 17:01:50 +0200: Memory Usage (487748K) : Extracting pnpMPA BJT
2026-08-10 17:01:50 +0200: Memory Usage (487876K) : Starting DIODE EXTRACTION
2026-08-10 17:01:50 +0200: Memory Usage (487876K) : Extracting dantenna diode
2026-08-10 17:01:50 +0200: Memory Usage (487876K) : Extracting dpantenna diode
2026-08-10 17:01:50 +0200: Memory Usage (487876K) : Extracting schottky_nbl1 diode
2026-08-10 17:01:50 +0200: Memory Usage (487876K) : Extracting isolbox diode
2026-08-10 17:01:50 +0200: Memory Usage (487876K) : Starting RESISTOR EXTRACTION
2026-08-10 17:01:50 +0200: Memory Usage (487876K) : Extracting rsil resistor
2026-08-10 17:01:50 +0200: Memory Usage (487876K) : Extracting rppd resistor
2026-08-10 17:01:50 +0200: Memory Usage (487876K) : Extracting rhigh resistor
2026-08-10 17:01:50 +0200: Memory Usage (487876K) : Extracting res_metal1 resistor
2026-08-10 17:01:50 +0200: Memory Usage (487876K) : Extracting res_metal2 resistor
2026-08-10 17:01:50 +0200: Memory Usage (487876K) : Extracting res_metal3 resistor
2026-08-10 17:01:50 +0200: Memory Usage (487876K) : Extracting res_metal4 resistor
2026-08-10 17:01:50 +0200: Memory Usage (487876K) : Extracting res_metal5 resistor
2026-08-10 17:01:50 +0200: Memory Usage (487876K) : Extracting res_topmetal1 resistor
2026-08-10 17:01:50 +0200: Memory Usage (487876K) : Extracting res_topmetal2 resistor
2026-08-10 17:01:50 +0200: Memory Usage (487876K) : Starting CAP EXTRACTION
2026-08-10 17:01:50 +0200: Memory Usage (487876K) : Extracting cap_cmim device
2026-08-10 17:01:50 +0200: Memory Usage (487876K) : Extracting rfcmim device
2026-08-10 17:01:50 +0200: Memory Usage (487876K) : Extracting sg13_hv_svaricap varactor
2026-08-10 17:01:50 +0200: Memory Usage (487876K) : Extracting cap_cmomi device
2026-08-10 17:01:50 +0200: Memory Usage (487876K) : Extracting sg13_moscap_n capacitor
2026-08-10 17:01:50 +0200: Memory Usage (487876K) : Extracting sg13_moscap_p capacitor
2026-08-10 17:01:50 +0200: Memory Usage (487876K) : Starting ESD EXTRACTION
2026-08-10 17:01:50 +0200: Memory Usage (487876K) : Extracting diodevdd_2kv ESD device
2026-08-10 17:01:50 +0200: Memory Usage (487876K) : Extracting diodevdd_4kv ESD device
2026-08-10 17:01:50 +0200: Memory Usage (487876K) : Extracting diodevss_2kv ESD device
2026-08-10 17:01:50 +0200: Memory Usage (487876K) : Extracting diodevss_4kv ESD device
2026-08-10 17:01:50 +0200: Memory Usage (487876K) : Extracting idiodevdd_2kv ESD device
2026-08-10 17:01:50 +0200: Memory Usage (487876K) : Extracting idiodevdd_4kv ESD device
2026-08-10 17:01:50 +0200: Memory Usage (487876K) : Extracting idiodevss_2kv ESD device
2026-08-10 17:01:50 +0200: Memory Usage (487876K) : Extracting idiodevss_4kv ESD device
2026-08-10 17:01:51 +0200: Memory Usage (487876K) : Extracting nmoscl_2 ESD device
2026-08-10 17:01:51 +0200: Memory Usage (487876K) : Extracting nmoscl_4 ESD device
2026-08-10 17:01:51 +0200: Memory Usage (487876K) : Starting Inductor EXTRACTION
2026-08-10 17:01:51 +0200: Memory Usage (487876K) : Extracting Inductor2 device
2026-08-10 17:01:51 +0200: Memory Usage (487876K) : Extracting Inductor3 device
2026-08-10 17:01:51 +0200: Memory Usage (487876K) : Starting Taps EXTRACTION
2026-08-10 17:01:51 +0200: Memory Usage (487876K) : Extracting ntap1 device
2026-08-10 17:01:51 +0200: Memory Usage (487876K) : Extracting ptap1 device
2026-08-10 17:01:51 +0200: Memory Usage (487876K) : Starting SG13G2 LVS RF MOS Model Mapping
2026-08-10 17:01:52 +0200: Memory Usage (504388K) : [layout_netlist] Apply RF MOS model mapping and rfmode parameter.
2026-08-10 17:01:52 +0200: Memory Usage (504388K) : Starting SG13G2 LVS Options Preparations
2026-08-10 17:01:52 +0200: Memory Usage (504388K) : SG13G2 LVS flow: extraction -> alignment -> option preparation -> comparison.
2026-08-10 17:01:52 +0200: Memory Usage (504388K) : Starting SG13G2 LVS Alignment
2026-08-10 17:01:52 +0200: Memory Usage (504388K) : Starting SG13G2 LVS Simplification
2026-08-10 17:01:52 +0200: Memory Usage (504388K) : [layout_netlist] simplify: ENABLED
2026-08-10 17:01:52 +0200: Memory Usage (504388K) : [layout_netlist] make_top_level_pins: SKIPPED
2026-08-10 17:01:52 +0200: Memory Usage (504388K) : [layout_netlist] combine_devices: ENABLED
2026-08-10 17:01:52 +0200: Memory Usage (504388K) : [layout_netlist] purge: SKIPPED
2026-08-10 17:01:52 +0200: Memory Usage (504388K) : [layout_netlist] purge_nets: SKIPPED
2026-08-10 17:01:52 +0200: Memory Usage (504388K) : [schematic_netlist] simplify: ENABLED
2026-08-10 17:01:52 +0200: Memory Usage (504388K) : [schematic_netlist] make_top_level_pins: SKIPPED
2026-08-10 17:01:52 +0200: Memory Usage (504388K) : [schematic_netlist] combine_devices: ENABLED
2026-08-10 17:01:52 +0200: Memory Usage (504388K) : [schematic_netlist] purge: SKIPPED
2026-08-10 17:01:52 +0200: Memory Usage (504388K) : [schematic_netlist] purge_nets: SKIPPED
2026-08-10 17:01:52 +0200: Memory Usage (504388K) : Starting SG13G2 LVS Comparison
2026-08-10 17:01:52 +0200: Memory Usage (504516K) : ==========================================
2026-08-10 17:01:52 +0200: Memory Usage (504516K) : INFO : Congratulations! Netlists match.
2026-08-10 17:01:52 +0200: Memory Usage (504516K) : ==========================================
2026-08-10 17:01:52 +0200: Memory Usage (504516K) : LVS Total Run time 4.969115 seconds
10-Aug-2026 17:01:53 | INFO    | ==============================================================================
10-Aug-2026 17:01:53 | INFO    | Important Summary
10-Aug-2026 17:01:53 | INFO    | +------------------+----------------------------------------------------------------------------------------+
10-Aug-2026 17:01:53 | INFO    | | Status           | PASS                                                                                   |
10-Aug-2026 17:01:53 | INFO    | | Mode             | COMPARE                                                                                |
10-Aug-2026 17:01:53 | INFO    | | Outcome          | Comparison mode: PASS (netlists match).                                                |
10-Aug-2026 17:01:53 | INFO    | | Layout           | sg13g2_IOPadVss.gds                                                                    |
10-Aug-2026 17:01:53 | INFO    | | Top Cell         | sg13g2_IOPadVss                                                                        |
10-Aug-2026 17:01:53 | INFO    | | Results Dir      | /foss/designs/ihp-open-pdk-regression/IOPADS/lvs_sweep/20260810_165956/sg13g2_IOPadVss |
10-Aug-2026 17:01:53 | INFO    | | Warnings         | 0                                                                                      |
10-Aug-2026 17:01:53 | INFO    | | Errors           | 0                                                                                      |
10-Aug-2026 17:01:53 | INFO    | | Run Time (s)     | 8.158                                                                                  |
10-Aug-2026 17:01:53 | INFO    | +------------------+----------------------------------------------------------------------------------------+
10-Aug-2026 17:01:53 | INFO    | ==============================================================================
