10-Aug-2026 18:00:19 | INFO    | Your Klayout version is: KLayout 0.30.10 (required >= 0.30.5)
10-Aug-2026 18:00:19 | INFO    | Running SG13G2 LVS checks on design /foss/designs/ihp-open-pdk-regression/IOPADS/layout/sg13g2_IOPadIn.gds on cell sg13g2_IOPadIn
2026-08-10 18:00:22 +0200: Memory Usage (455712K) : Starting running SG13G2 Klayout LVS runset on /foss/designs/ihp-open-pdk-regression/IOPADS/layout/sg13g2_IOPadIn.gds
2026-08-10 18:00:22 +0200: Memory Usage (455712K) : Ruby Version for klayout: 3.2.3
2026-08-10 18:00:22 +0200: Memory Usage (458272K) : Loading database to memory is complete.
2026-08-10 18:00:22 +0200: Memory Usage (458272K) : SG13G2 Klayout LVS runset output at: /foss/designs/ihp-open-pdk-regression/IOPADS/lvs_sweep/20260810_180010/sg13g2_IOPadIn/sg13g2_IOPadIn.lvsdb
2026-08-10 18:00:22 +0200: Memory Usage (458272K) : Evaluate switches.
2026-08-10 18:00:22 +0200: Memory Usage (458272K) : Extracted netlist with net names: true
2026-08-10 18:00:22 +0200: Memory Usage (458272K) : Extracted netlist with comments in details: false
2026-08-10 18:00:22 +0200: Memory Usage (458272K) : Selected NET_ONLY option: false
2026-08-10 18:00:22 +0200: Memory Usage (458272K) : Selected LAYOUT_NETLIST option: (none)
2026-08-10 18:00:22 +0200: Memory Usage (458272K) : Selected IGNORE_TOP_PORTS_MISMATCH option: true
2026-08-10 18:00:22 +0200: Memory Usage (458272K) : Selected IMPLICIT_NETS option: iovss,iovdd,vss,vdd,pad,cathode,anode
2026-08-10 18:00:22 +0200: Memory Usage (458272K) : Selected TOP_LVL_PINS option: false
2026-08-10 18:00:22 +0200: Memory Usage (458272K) : Selected COMBINE DEVICES option: true
2026-08-10 18:00:22 +0200: Memory Usage (458272K) : Selected PURGE option: false
2026-08-10 18:00:22 +0200: Memory Usage (458272K) : Selected PURGE_NETS option: false
2026-08-10 18:00:22 +0200: Memory Usage (458272K) : Selected SIMPLIFY option: true
2026-08-10 18:00:22 +0200: Memory Usage (458272K) : Selected SERIES_RES option: true
2026-08-10 18:00:22 +0200: Memory Usage (458272K) : Selected PARALLEL_RES option: true
2026-08-10 18:00:22 +0200: Memory Usage (458272K) : Selected DISABLE_TAP_EXTRACTION option: false
2026-08-10 18:00:22 +0200: Memory Usage (458272K) : deep  mode is enabled.
2026-08-10 18:00:22 +0200: Memory Usage (458272K) : Applying implicit connections (case-sensitive, pattern supported) for nets: iovss, iovdd, vss, vdd, pad, cathode, anode
2026-08-10 18:00:22 +0200: Memory Usage (459552K) : Netlist file: /foss/designs/ihp-open-pdk-regression/IOPADS/netlist/pads_sub/sg13g2_IOPadIn.spi
2026-08-10 18:00:22 +0200: Memory Usage (459552K) : LVS extracted netlist at: /foss/designs/ihp-open-pdk-regression/IOPADS/lvs_sweep/20260810_180010/sg13g2_IOPadIn/sg13g2_IOPadIn_extracted.cir
2026-08-10 18:00:22 +0200: Memory Usage (459552K) : Applying SRAM integration support.
2026-08-10 18:00:22 +0200: Memory Usage (459552K) : Starting SG13G2 LVS runset
2026-08-10 18:00:22 +0200: Memory Usage (459552K) : Read in polygons from layers.
2026-08-10 18:00:22 +0200: Memory Usage (460832K) : activ_drw has 36 polygons
2026-08-10 18:00:22 +0200: Memory Usage (460832K) : activ_filler has 0 polygons
2026-08-10 18:00:22 +0200: Memory Usage (460832K) : activ has 36 polygons
2026-08-10 18:00:22 +0200: Memory Usage (460832K) : activ_pin has 0 polygons
2026-08-10 18:00:22 +0200: Memory Usage (460960K) : activ_mask has 0 polygons
2026-08-10 18:00:22 +0200: Memory Usage (460960K) : activ_nofill has 0 polygons
2026-08-10 18:00:22 +0200: Memory Usage (460960K) : activ_OPC has 0 polygons
2026-08-10 18:00:22 +0200: Memory Usage (460960K) : activ_iOPC has 0 polygons
2026-08-10 18:00:22 +0200: Memory Usage (460960K) : activ_noqrc has 0 polygons
2026-08-10 18:00:22 +0200: Memory Usage (460960K) : biwind_drw has 0 polygons
2026-08-10 18:00:22 +0200: Memory Usage (461088K) : biwind_OPC has 0 polygons
2026-08-10 18:00:22 +0200: Memory Usage (461216K) : gatpoly_drw has 8 polygons
2026-08-10 18:00:22 +0200: Memory Usage (461216K) : gatpoly_filler has 0 polygons
2026-08-10 18:00:22 +0200: Memory Usage (461600K) : gatpoly has 8 polygons
2026-08-10 18:00:22 +0200: Memory Usage (461600K) : gatpoly_pin has 6 polygons
2026-08-10 18:00:22 +0200: Memory Usage (461600K) : gatpoly_nofill has 0 polygons
2026-08-10 18:00:22 +0200: Memory Usage (461728K) : gatpoly_OPC has 0 polygons
2026-08-10 18:00:22 +0200: Memory Usage (461728K) : gatpoly_iOPC has 0 polygons
2026-08-10 18:00:22 +0200: Memory Usage (461728K) : gatpoly_noqrc has 0 polygons
2026-08-10 18:00:22 +0200: Memory Usage (464672K) : cont_drw has 73863 polygons
2026-08-10 18:00:22 +0200: Memory Usage (464672K) : cont_OPC has 0 polygons
2026-08-10 18:00:22 +0200: Memory Usage (464672K) : nsd_drw has 0 polygons
2026-08-10 18:00:22 +0200: Memory Usage (464672K) : nsd_block has 0 polygons
2026-08-10 18:00:22 +0200: Memory Usage (464672K) : metal1_drw has 81 polygons
2026-08-10 18:00:22 +0200: Memory Usage (464672K) : metal1_filler has 0 polygons
2026-08-10 18:00:22 +0200: Memory Usage (464672K) : metal1_slit has 0 polygons
2026-08-10 18:00:22 +0200: Memory Usage (464672K) : metal1 has 81 polygons
2026-08-10 18:00:22 +0200: Memory Usage (464672K) : metal1_pin has 29 polygons
2026-08-10 18:00:22 +0200: Memory Usage (464672K) : metal1_mask has 0 polygons
2026-08-10 18:00:22 +0200: Memory Usage (464672K) : metal1_nofill has 0 polygons
2026-08-10 18:00:22 +0200: Memory Usage (465056K) : metal1_text has 19 polygons
2026-08-10 18:00:22 +0200: Memory Usage (465056K) : metal1_OPC has 0 polygons
2026-08-10 18:00:22 +0200: Memory Usage (465056K) : metal1_noqrc has 0 polygons
2026-08-10 18:00:22 +0200: Memory Usage (465056K) : metal1_res has 0 polygons
2026-08-10 18:00:22 +0200: Memory Usage (465056K) : metal1_iprobe has 0 polygons
2026-08-10 18:00:22 +0200: Memory Usage (465056K) : metal1_diffprb has 0 polygons
2026-08-10 18:00:22 +0200: Memory Usage (465056K) : passiv_drw has 0 polygons
2026-08-10 18:00:22 +0200: Memory Usage (465056K) : passiv_pin has 0 polygons
2026-08-10 18:00:22 +0200: Memory Usage (465056K) : passiv_sbump has 0 polygons
2026-08-10 18:00:22 +0200: Memory Usage (465056K) : passiv_pillar has 0 polygons
2026-08-10 18:00:22 +0200: Memory Usage (465056K) : passiv_pdl has 0 polygons
2026-08-10 18:00:22 +0200: Memory Usage (465440K) : metal2_drw has 33 polygons
2026-08-10 18:00:22 +0200: Memory Usage (465440K) : metal2_filler has 0 polygons
2026-08-10 18:00:22 +0200: Memory Usage (465440K) : metal2_slit has 0 polygons
2026-08-10 18:00:22 +0200: Memory Usage (465440K) : metal2 has 33 polygons
2026-08-10 18:00:22 +0200: Memory Usage (465440K) : metal2_pin has 7 polygons
2026-08-10 18:00:23 +0200: Memory Usage (465440K) : metal2_mask has 0 polygons
2026-08-10 18:00:23 +0200: Memory Usage (465440K) : metal2_nofill has 0 polygons
2026-08-10 18:00:23 +0200: Memory Usage (465568K) : metal2_text has 7 polygons
2026-08-10 18:00:23 +0200: Memory Usage (465568K) : metal2_OPC has 0 polygons
2026-08-10 18:00:23 +0200: Memory Usage (465696K) : metal2_noqrc has 0 polygons
2026-08-10 18:00:23 +0200: Memory Usage (465696K) : metal2_res has 0 polygons
2026-08-10 18:00:23 +0200: Memory Usage (465824K) : metal2_iprobe has 0 polygons
2026-08-10 18:00:23 +0200: Memory Usage (465824K) : metal2_diffprb has 0 polygons
2026-08-10 18:00:23 +0200: Memory Usage (465952K) : baspoly_drw has 0 polygons
2026-08-10 18:00:23 +0200: Memory Usage (466080K) : baspoly_pin has 0 polygons
2026-08-10 18:00:23 +0200: Memory Usage (466208K) : psd_drw has 19 polygons
2026-08-10 18:00:23 +0200: Memory Usage (466336K) : nldb_drw has 0 polygons
2026-08-10 18:00:23 +0200: Memory Usage (466336K) : digibnd_drw has 0 polygons
2026-08-10 18:00:23 +0200: Memory Usage (466464K) : via1_drw has 2259 polygons
2026-08-10 18:00:23 +0200: Memory Usage (466592K) : backmetal1_drw has 0 polygons
2026-08-10 18:00:23 +0200: Memory Usage (466592K) : backmetal1_pin has 0 polygons
2026-08-10 18:00:23 +0200: Memory Usage (466720K) : backmetal1_mask has 0 polygons
2026-08-10 18:00:23 +0200: Memory Usage (466720K) : backmetal1_filler has 0 polygons
2026-08-10 18:00:23 +0200: Memory Usage (466848K) : backmetal1_nofill has 0 polygons
2026-08-10 18:00:23 +0200: Memory Usage (466848K) : backmetal1_slit has 0 polygons
2026-08-10 18:00:23 +0200: Memory Usage (466976K) : backmetal1_text has 0 polygons
2026-08-10 18:00:23 +0200: Memory Usage (466976K) : backmetal1_OPC has 0 polygons
2026-08-10 18:00:23 +0200: Memory Usage (467104K) : backmetal1_noqrc has 0 polygons
2026-08-10 18:00:23 +0200: Memory Usage (467104K) : backmetal1_res has 0 polygons
2026-08-10 18:00:23 +0200: Memory Usage (467232K) : backmetal1_iprobe has 0 polygons
2026-08-10 18:00:23 +0200: Memory Usage (467232K) : backmetal1_diffprb has 0 polygons
2026-08-10 18:00:23 +0200: Memory Usage (467360K) : backpassiv_drw has 0 polygons
2026-08-10 18:00:23 +0200: Memory Usage (467360K) : res_drw has 0 polygons
2026-08-10 18:00:23 +0200: Memory Usage (467360K) : sram_drw has 0 polygons
2026-08-10 18:00:23 +0200: Memory Usage (467360K) : trans_drw has 0 polygons
2026-08-10 18:00:23 +0200: Memory Usage (467488K) : ind_drw has 0 polygons
2026-08-10 18:00:23 +0200: Memory Usage (467488K) : ind_pin has 0 polygons
2026-08-10 18:00:23 +0200: Memory Usage (467488K) : ind_text has 0 polygons
2026-08-10 18:00:23 +0200: Memory Usage (467616K) : salblock_drw has 1 polygons
2026-08-10 18:00:23 +0200: Memory Usage (467616K) : via2_drw has 2291 polygons
2026-08-10 18:00:23 +0200: Memory Usage (467744K) : metal3_drw has 13 polygons
2026-08-10 18:00:23 +0200: Memory Usage (467744K) : metal3_filler has 0 polygons
2026-08-10 18:00:23 +0200: Memory Usage (467744K) : metal3_slit has 0 polygons
2026-08-10 18:00:23 +0200: Memory Usage (467872K) : metal3 has 13 polygons
2026-08-10 18:00:23 +0200: Memory Usage (468000K) : metal3_pin has 9 polygons
2026-08-10 18:00:23 +0200: Memory Usage (468000K) : metal3_mask has 0 polygons
2026-08-10 18:00:23 +0200: Memory Usage (468128K) : metal3_nofill has 0 polygons
2026-08-10 18:00:23 +0200: Memory Usage (468128K) : metal3_text has 9 polygons
2026-08-10 18:00:23 +0200: Memory Usage (468128K) : metal3_OPC has 0 polygons
2026-08-10 18:00:23 +0200: Memory Usage (468128K) : metal3_noqrc has 0 polygons
2026-08-10 18:00:23 +0200: Memory Usage (468128K) : metal3_res has 0 polygons
2026-08-10 18:00:23 +0200: Memory Usage (468128K) : metal3_iprobe has 0 polygons
2026-08-10 18:00:23 +0200: Memory Usage (468128K) : metal3_diffprb has 0 polygons
2026-08-10 18:00:23 +0200: Memory Usage (468128K) : nwell_drw has 12 polygons
2026-08-10 18:00:23 +0200: Memory Usage (468128K) : nwell_pin has 0 polygons
2026-08-10 18:00:23 +0200: Memory Usage (468128K) : nwell_text has 0 polygons
2026-08-10 18:00:23 +0200: Memory Usage (468128K) : nbulay_drw has 0 polygons
2026-08-10 18:00:23 +0200: Memory Usage (468128K) : nbulay_pin has 0 polygons
2026-08-10 18:00:23 +0200: Memory Usage (468128K) : nbulay_block has 0 polygons
2026-08-10 18:00:23 +0200: Memory Usage (468128K) : emwind_drw has 0 polygons
2026-08-10 18:00:23 +0200: Memory Usage (468128K) : emwind_OPC has 0 polygons
2026-08-10 18:00:23 +0200: Memory Usage (468128K) : deepco_drw has 0 polygons
2026-08-10 18:00:23 +0200: Memory Usage (468128K) : mim_drw has 0 polygons
2026-08-10 18:00:23 +0200: Memory Usage (468128K) : edgeseal_drw has 0 polygons
2026-08-10 18:00:23 +0200: Memory Usage (468128K) : substrate_drw has 16 polygons
2026-08-10 18:00:23 +0200: Memory Usage (468128K) : substrate_text has 0 polygons
2026-08-10 18:00:23 +0200: Memory Usage (468128K) : dfpad_drw has 0 polygons
2026-08-10 18:00:23 +0200: Memory Usage (468128K) : dfpad_pillar has 0 polygons
2026-08-10 18:00:23 +0200: Memory Usage (468128K) : dfpad_sbump has 0 polygons
2026-08-10 18:00:23 +0200: Memory Usage (468128K) : thickgateox_drw has 4 polygons
2026-08-10 18:00:23 +0200: Memory Usage (468128K) : pldb_drw has 0 polygons
2026-08-10 18:00:23 +0200: Memory Usage (468128K) : pwell_drw has 0 polygons
2026-08-10 18:00:23 +0200: Memory Usage (468128K) : pwell_pin has 0 polygons
2026-08-10 18:00:23 +0200: Memory Usage (468128K) : pwell_block has 0 polygons
2026-08-10 18:00:23 +0200: Memory Usage (468128K) : ic_drw has 0 polygons
2026-08-10 18:00:23 +0200: Memory Usage (468128K) : via3_drw has 2087 polygons
2026-08-10 18:00:23 +0200: Memory Usage (468128K) : metal4_drw has 8 polygons
2026-08-10 18:00:23 +0200: Memory Usage (468128K) : metal4_filler has 0 polygons
2026-08-10 18:00:23 +0200: Memory Usage (468128K) : metal4_slit has 0 polygons
2026-08-10 18:00:23 +0200: Memory Usage (468128K) : metal4 has 8 polygons
2026-08-10 18:00:23 +0200: Memory Usage (468128K) : metal4_pin has 8 polygons
2026-08-10 18:00:23 +0200: Memory Usage (468128K) : metal4_mask has 0 polygons
2026-08-10 18:00:23 +0200: Memory Usage (468128K) : metal4_nofill has 0 polygons
2026-08-10 18:00:23 +0200: Memory Usage (468128K) : metal4_text has 8 polygons
2026-08-10 18:00:23 +0200: Memory Usage (468128K) : metal4_OPC has 0 polygons
2026-08-10 18:00:23 +0200: Memory Usage (468128K) : metal4_noqrc has 0 polygons
2026-08-10 18:00:23 +0200: Memory Usage (468128K) : metal4_res has 0 polygons
2026-08-10 18:00:23 +0200: Memory Usage (468128K) : metal4_iprobe has 0 polygons
2026-08-10 18:00:23 +0200: Memory Usage (468128K) : metal4_diffprb has 0 polygons
2026-08-10 18:00:23 +0200: Memory Usage (468128K) : heattrans_drw has 6 polygons
2026-08-10 18:00:23 +0200: Memory Usage (468128K) : heatres_drw has 0 polygons
2026-08-10 18:00:23 +0200: Memory Usage (468128K) : fbe_drw has 0 polygons
2026-08-10 18:00:23 +0200: Memory Usage (468128K) : empoly_drw has 0 polygons
2026-08-10 18:00:23 +0200: Memory Usage (468128K) : digisub_drw has 0 polygons
2026-08-10 18:00:23 +0200: Memory Usage (468128K) : text_drw has 19 polygons
2026-08-10 18:00:23 +0200: Memory Usage (468128K) : via4_drw has 2371 polygons
2026-08-10 18:00:23 +0200: Memory Usage (468128K) : metal5_drw has 8 polygons
2026-08-10 18:00:23 +0200: Memory Usage (468128K) : metal5_filler has 0 polygons
2026-08-10 18:00:23 +0200: Memory Usage (468128K) : metal5_slit has 0 polygons
2026-08-10 18:00:23 +0200: Memory Usage (468128K) : metal5 has 8 polygons
2026-08-10 18:00:23 +0200: Memory Usage (468128K) : metal5_pin has 8 polygons
2026-08-10 18:00:23 +0200: Memory Usage (468128K) : metal5_mask has 0 polygons
2026-08-10 18:00:23 +0200: Memory Usage (468128K) : metal5_nofill has 0 polygons
2026-08-10 18:00:23 +0200: Memory Usage (468128K) : metal5_text has 8 polygons
2026-08-10 18:00:23 +0200: Memory Usage (468128K) : metal5_OPC has 0 polygons
2026-08-10 18:00:23 +0200: Memory Usage (468128K) : metal5_noqrc has 0 polygons
2026-08-10 18:00:23 +0200: Memory Usage (468128K) : metal5_res has 0 polygons
2026-08-10 18:00:23 +0200: Memory Usage (468128K) : metal5_iprobe has 0 polygons
2026-08-10 18:00:23 +0200: Memory Usage (468128K) : metal5_diffprb has 0 polygons
2026-08-10 18:00:23 +0200: Memory Usage (468128K) : radhard_drw has 0 polygons
2026-08-10 18:00:23 +0200: Memory Usage (468128K) : memcap_drw has 0 polygons
2026-08-10 18:00:23 +0200: Memory Usage (468128K) : varicap_drw has 0 polygons
2026-08-10 18:00:23 +0200: Memory Usage (468128K) : intbondvia_drw has 0 polygons
2026-08-10 18:00:23 +0200: Memory Usage (468128K) : intbondmet_drw has 0 polygons
2026-08-10 18:00:23 +0200: Memory Usage (468128K) : devbondvia_drw has 0 polygons
2026-08-10 18:00:23 +0200: Memory Usage (468128K) : devbondmet_drw has 0 polygons
2026-08-10 18:00:23 +0200: Memory Usage (468128K) : devtrench_drw has 0 polygons
2026-08-10 18:00:23 +0200: Memory Usage (468128K) : redist_drw has 0 polygons
2026-08-10 18:00:23 +0200: Memory Usage (468128K) : graphbot_drw has 0 polygons
2026-08-10 18:00:23 +0200: Memory Usage (468128K) : graphtop_drw has 0 polygons
2026-08-10 18:00:23 +0200: Memory Usage (468128K) : antvia1_drw has 0 polygons
2026-08-10 18:00:23 +0200: Memory Usage (468128K) : antmetal2_drw has 0 polygons
2026-08-10 18:00:23 +0200: Memory Usage (468128K) : graphcont_drw has 0 polygons
2026-08-10 18:00:23 +0200: Memory Usage (468128K) : siwg_drw has 0 polygons
2026-08-10 18:00:23 +0200: Memory Usage (468128K) : siwg_filler has 0 polygons
2026-08-10 18:00:23 +0200: Memory Usage (468128K) : siwg_nofill has 0 polygons
2026-08-10 18:00:23 +0200: Memory Usage (468128K) : sigrating_drw has 0 polygons
2026-08-10 18:00:23 +0200: Memory Usage (468128K) : singrating_drw has 0 polygons
2026-08-10 18:00:23 +0200: Memory Usage (468128K) : graphpas_drw has 0 polygons
2026-08-10 18:00:23 +0200: Memory Usage (468128K) : emwind3_drw has 0 polygons
2026-08-10 18:00:23 +0200: Memory Usage (468128K) : emwihv3_drw has 0 polygons
2026-08-10 18:00:23 +0200: Memory Usage (468128K) : redbulay_drw has 0 polygons
2026-08-10 18:00:23 +0200: Memory Usage (468128K) : smos_drw has 0 polygons
2026-08-10 18:00:23 +0200: Memory Usage (468128K) : graphpad_drw has 0 polygons
2026-08-10 18:00:23 +0200: Memory Usage (468128K) : polimide_drw has 0 polygons
2026-08-10 18:00:23 +0200: Memory Usage (468128K) : polimide_pin has 0 polygons
2026-08-10 18:00:23 +0200: Memory Usage (468256K) : recog_drw has 0 polygons
2026-08-10 18:00:23 +0200: Memory Usage (468256K) : recog_pin has 0 polygons
2026-08-10 18:00:23 +0200: Memory Usage (468384K) : recog_esd has 0 polygons
2026-08-10 18:00:23 +0200: Memory Usage (468512K) : recog_diode has 6 polygons
2026-08-10 18:00:23 +0200: Memory Usage (468512K) : recog_tsv has 0 polygons
2026-08-10 18:00:23 +0200: Memory Usage (468640K) : recog_iprobe has 0 polygons
2026-08-10 18:00:23 +0200: Memory Usage (468640K) : recog_diffprb has 0 polygons
2026-08-10 18:00:23 +0200: Memory Usage (468768K) : recog_pillar has 0 polygons
2026-08-10 18:00:23 +0200: Memory Usage (468768K) : recog_sbump has 0 polygons
2026-08-10 18:00:23 +0200: Memory Usage (468896K) : recog_otp has 0 polygons
2026-08-10 18:00:23 +0200: Memory Usage (468896K) : recog_pdiode has 0 polygons
2026-08-10 18:00:23 +0200: Memory Usage (469024K) : recog_mom has 0 polygons
2026-08-10 18:00:23 +0200: Memory Usage (469024K) : recog_pcm has 0 polygons
2026-08-10 18:00:23 +0200: Memory Usage (469152K) : colopen_drw has 0 polygons
2026-08-10 18:00:23 +0200: Memory Usage (469280K) : graphmetal1_drw has 0 polygons
2026-08-10 18:00:23 +0200: Memory Usage (469280K) : graphmetal1_filler has 0 polygons
2026-08-10 18:00:23 +0200: Memory Usage (469408K) : graphmetal1_nofill has 0 polygons
2026-08-10 18:00:23 +0200: Memory Usage (469408K) : graphmetal1_slit has 0 polygons
2026-08-10 18:00:23 +0200: Memory Usage (469536K) : graphmetal1_OPC has 0 polygons
2026-08-10 18:00:23 +0200: Memory Usage (469536K) : graphmet1l_drw has 0 polygons
2026-08-10 18:00:23 +0200: Memory Usage (469664K) : graphmet1l_filler has 0 polygons
2026-08-10 18:00:23 +0200: Memory Usage (469664K) : graphmet1l_nofill has 0 polygons
2026-08-10 18:00:23 +0200: Memory Usage (469792K) : graphmet1l_slit has 0 polygons
2026-08-10 18:00:23 +0200: Memory Usage (469792K) : graphmet1l_OPC has 0 polygons
2026-08-10 18:00:23 +0200: Memory Usage (469920K) : extblock_drw has 1 polygons
2026-08-10 18:00:23 +0200: Memory Usage (470048K) : nldd_drw has 0 polygons
2026-08-10 18:00:23 +0200: Memory Usage (470048K) : pldd_drw has 0 polygons
2026-08-10 18:00:23 +0200: Memory Usage (470176K) : next_drw has 0 polygons
2026-08-10 18:00:23 +0200: Memory Usage (470176K) : pext_drw has 0 polygons
2026-08-10 18:00:23 +0200: Memory Usage (470304K) : nexthv_drw has 0 polygons
2026-08-10 18:00:23 +0200: Memory Usage (470304K) : pexthv_drw has 0 polygons
2026-08-10 18:00:23 +0200: Memory Usage (470432K) : graphgate_drw has 0 polygons
2026-08-10 18:00:23 +0200: Memory Usage (470432K) : sinwg_drw has 0 polygons
2026-08-10 18:00:23 +0200: Memory Usage (470560K) : sinwg_filler has 0 polygons
2026-08-10 18:00:23 +0200: Memory Usage (470560K) : sinwg_nofill has 0 polygons
2026-08-10 18:00:23 +0200: Memory Usage (470688K) : mempad_drw has 0 polygons
2026-08-10 18:00:23 +0200: Memory Usage (470816K) : topvia1_drw has 2315 polygons
2026-08-10 18:00:23 +0200: Memory Usage (470944K) : topmetal1_drw has 8 polygons
2026-08-10 18:00:23 +0200: Memory Usage (470944K) : topmetal1_filler has 0 polygons
2026-08-10 18:00:23 +0200: Memory Usage (471072K) : topmetal1_slit has 0 polygons
2026-08-10 18:00:23 +0200: Memory Usage (471200K) : topmetal1 has 8 polygons
2026-08-10 18:00:23 +0200: Memory Usage (471200K) : topmetal1_pin has 8 polygons
2026-08-10 18:00:23 +0200: Memory Usage (471328K) : topmetal1_mask has 0 polygons
2026-08-10 18:00:23 +0200: Memory Usage (471328K) : topmetal1_nofill has 0 polygons
2026-08-10 18:00:23 +0200: Memory Usage (471456K) : topmetal1_text has 8 polygons
2026-08-10 18:00:23 +0200: Memory Usage (471456K) : topmetal1_noqrc has 0 polygons
2026-08-10 18:00:23 +0200: Memory Usage (471584K) : topmetal1_res has 0 polygons
2026-08-10 18:00:23 +0200: Memory Usage (471584K) : topmetal1_iprobe has 0 polygons
2026-08-10 18:00:23 +0200: Memory Usage (471712K) : topmetal1_diffprb has 0 polygons
2026-08-10 18:00:23 +0200: Memory Usage (471712K) : inldpwl_drw has 0 polygons
2026-08-10 18:00:23 +0200: Memory Usage (471840K) : polyres_drw has 1 polygons
2026-08-10 18:00:23 +0200: Memory Usage (471840K) : polyres_pin has 0 polygons
2026-08-10 18:00:23 +0200: Memory Usage (471968K) : vmim_drw has 0 polygons
2026-08-10 18:00:23 +0200: Memory Usage (472096K) : nbulaycut_drw has 0 polygons
2026-08-10 18:00:23 +0200: Memory Usage (472096K) : antmetal1_drw has 0 polygons
2026-08-10 18:00:23 +0200: Memory Usage (472224K) : topvia2_drw has 1593 polygons
2026-08-10 18:00:23 +0200: Memory Usage (472224K) : topmetal2_drw has 6 polygons
2026-08-10 18:00:23 +0200: Memory Usage (472352K) : topmetal2_filler has 0 polygons
2026-08-10 18:00:23 +0200: Memory Usage (472352K) : topmetal2_slit has 0 polygons
2026-08-10 18:00:23 +0200: Memory Usage (472608K) : topmetal2 has 6 polygons
2026-08-10 18:00:23 +0200: Memory Usage (472608K) : topmetal2_pin has 6 polygons
2026-08-10 18:00:23 +0200: Memory Usage (472608K) : topmetal2_mask has 0 polygons
2026-08-10 18:00:23 +0200: Memory Usage (472736K) : topmetal2_nofill has 0 polygons
2026-08-10 18:00:23 +0200: Memory Usage (472864K) : topmetal2_text has 6 polygons
2026-08-10 18:00:23 +0200: Memory Usage (472864K) : topmetal2_noqrc has 0 polygons
2026-08-10 18:00:23 +0200: Memory Usage (472992K) : topmetal2_res has 0 polygons
2026-08-10 18:00:23 +0200: Memory Usage (472992K) : topmetal2_iprobe has 0 polygons
2026-08-10 18:00:23 +0200: Memory Usage (473120K) : topmetal2_diffprb has 0 polygons
2026-08-10 18:00:23 +0200: Memory Usage (473120K) : snsring_drw has 0 polygons
2026-08-10 18:00:23 +0200: Memory Usage (473248K) : sensor_drw has 0 polygons
2026-08-10 18:00:23 +0200: Memory Usage (473248K) : snsarms_drw has 0 polygons
2026-08-10 18:00:23 +0200: Memory Usage (473376K) : snscmosvia_drw has 0 polygons
2026-08-10 18:00:23 +0200: Memory Usage (473376K) : colwind_drw has 0 polygons
2026-08-10 18:00:23 +0200: Memory Usage (473376K) : flm_drw has 0 polygons
2026-08-10 18:00:23 +0200: Memory Usage (473376K) : hafniumox_drw has 0 polygons
2026-08-10 18:00:23 +0200: Memory Usage (473376K) : memvia_drw has 0 polygons
2026-08-10 18:00:23 +0200: Memory Usage (473376K) : thinfilmres_drw has 0 polygons
2026-08-10 18:00:23 +0200: Memory Usage (473376K) : rfmem_drw has 0 polygons
2026-08-10 18:00:23 +0200: Memory Usage (473376K) : norcx_drw has 0 polygons
2026-08-10 18:00:23 +0200: Memory Usage (473376K) : norcx_m2m3 has 0 polygons
2026-08-10 18:00:23 +0200: Memory Usage (473376K) : norcx_m2m4 has 0 polygons
2026-08-10 18:00:23 +0200: Memory Usage (473376K) : norcx_m2m5 has 0 polygons
2026-08-10 18:00:23 +0200: Memory Usage (473376K) : norcx_m2tm1 has 0 polygons
2026-08-10 18:00:23 +0200: Memory Usage (473376K) : norcx_m2tm2 has 0 polygons
2026-08-10 18:00:23 +0200: Memory Usage (473376K) : norcx_m3m4 has 0 polygons
2026-08-10 18:00:23 +0200: Memory Usage (473376K) : norcx_m3m5 has 0 polygons
2026-08-10 18:00:23 +0200: Memory Usage (473376K) : norcx_m3tm1 has 0 polygons
2026-08-10 18:00:23 +0200: Memory Usage (473376K) : norcx_m3tm2 has 0 polygons
2026-08-10 18:00:23 +0200: Memory Usage (473376K) : norcx_m4m5 has 0 polygons
2026-08-10 18:00:23 +0200: Memory Usage (473376K) : norcx_m4tm1 has 0 polygons
2026-08-10 18:00:23 +0200: Memory Usage (473376K) : norcx_m4tm2 has 0 polygons
2026-08-10 18:00:23 +0200: Memory Usage (473376K) : norcx_m5tm1 has 0 polygons
2026-08-10 18:00:23 +0200: Memory Usage (473376K) : norcx_m5tm2 has 0 polygons
2026-08-10 18:00:23 +0200: Memory Usage (473376K) : norcx_tm1tm2 has 0 polygons
2026-08-10 18:00:23 +0200: Memory Usage (473376K) : norcx_m1sub has 0 polygons
2026-08-10 18:00:23 +0200: Memory Usage (473376K) : norcx_m2sub has 0 polygons
2026-08-10 18:00:23 +0200: Memory Usage (473376K) : norcx_m3sub has 0 polygons
2026-08-10 18:00:23 +0200: Memory Usage (473376K) : norcx_m4sub has 0 polygons
2026-08-10 18:00:23 +0200: Memory Usage (473376K) : norcx_m5sub has 0 polygons
2026-08-10 18:00:23 +0200: Memory Usage (473376K) : norcx_tm1sub has 0 polygons
2026-08-10 18:00:23 +0200: Memory Usage (473376K) : norcx_tm2sub has 0 polygons
2026-08-10 18:00:23 +0200: Memory Usage (473376K) : snsbotvia_drw has 0 polygons
2026-08-10 18:00:23 +0200: Memory Usage (473376K) : snstopvia_drw has 0 polygons
2026-08-10 18:00:23 +0200: Memory Usage (473376K) : deepvia_drw has 0 polygons
2026-08-10 18:00:23 +0200: Memory Usage (473376K) : fgetch_drw has 0 polygons
2026-08-10 18:00:23 +0200: Memory Usage (473376K) : ctrgat_drw has 0 polygons
2026-08-10 18:00:23 +0200: Memory Usage (473376K) : fgimp_drw has 0 polygons
2026-08-10 18:00:23 +0200: Memory Usage (473376K) : emwihv_drw has 0 polygons
2026-08-10 18:00:23 +0200: Memory Usage (473376K) : lbe_drw has 0 polygons
2026-08-10 18:00:23 +0200: Memory Usage (473376K) : alcustop_drw has 0 polygons
2026-08-10 18:00:23 +0200: Memory Usage (473376K) : nometfiller_drw has 0 polygons
2026-08-10 18:00:23 +0200: Memory Usage (473376K) : prboundary_drw has 0 polygons
2026-08-10 18:00:23 +0200: Memory Usage (473376K) : exchange0_drw has 0 polygons
2026-08-10 18:00:23 +0200: Memory Usage (473376K) : exchange0_pin has 0 polygons
2026-08-10 18:00:23 +0200: Memory Usage (473376K) : exchange0_text has 0 polygons
2026-08-10 18:00:23 +0200: Memory Usage (473376K) : exchange1_drw has 0 polygons
2026-08-10 18:00:23 +0200: Memory Usage (473376K) : exchange1_pin has 0 polygons
2026-08-10 18:00:23 +0200: Memory Usage (473376K) : exchange1_text has 0 polygons
2026-08-10 18:00:23 +0200: Memory Usage (473376K) : exchange2_drw has 0 polygons
2026-08-10 18:00:23 +0200: Memory Usage (473376K) : exchange2_pin has 0 polygons
2026-08-10 18:00:23 +0200: Memory Usage (473376K) : exchange2_text has 0 polygons
2026-08-10 18:00:23 +0200: Memory Usage (473376K) : exchange3_drw has 0 polygons
2026-08-10 18:00:23 +0200: Memory Usage (473376K) : exchange3_pin has 0 polygons
2026-08-10 18:00:23 +0200: Memory Usage (473376K) : exchange3_text has 0 polygons
2026-08-10 18:00:23 +0200: Memory Usage (473376K) : exchange4_drw has 0 polygons
2026-08-10 18:00:23 +0200: Memory Usage (473376K) : exchange4_pin has 0 polygons
2026-08-10 18:00:23 +0200: Memory Usage (473376K) : exchange4_text has 0 polygons
2026-08-10 18:00:23 +0200: Memory Usage (473376K) : isonwell_drw has 0 polygons
2026-08-10 18:00:23 +0200: Memory Usage (473376K) : Total no. of polygons in the design is 87211
2026-08-10 18:00:23 +0200: Memory Usage (473376K) : Starting base layers derivations
2026-08-10 18:00:23 +0200: Memory Usage (473376K) : Starting general LVS derivations
2026-08-10 18:00:24 +0200: Memory Usage (477088K) : Starting MOSFET DERIVATIONS
2026-08-10 18:00:24 +0200: Memory Usage (505768K) : Starting NMOS DERIVATIONS
2026-08-10 18:00:24 +0200: Memory Usage (505768K) : Starting PMOS DERIVATIONS
2026-08-10 18:00:24 +0200: Memory Usage (505768K) : Starting RF-MOSFET DERIVATIONS
2026-08-10 18:00:24 +0200: Memory Usage (505768K) : Starting RF-NMOS DERIVATIONS
2026-08-10 18:00:24 +0200: Memory Usage (505768K) : Starting RF-PMOS DERIVATIONS
2026-08-10 18:00:24 +0200: Memory Usage (505768K) : Starting BJT DERIVATIONS
2026-08-10 18:00:24 +0200: Memory Usage (505768K) : Starting NPN-BJT DERIVATIONS
2026-08-10 18:00:24 +0200: Memory Usage (505768K) : Starting PNP-BJT DERIVATIONS
2026-08-10 18:00:24 +0200: Memory Usage (505768K) : Starting DIODE DERIVATIONS
2026-08-10 18:00:25 +0200: Memory Usage (480088K) : Starting RESISTOR DERIVATIONS
2026-08-10 18:00:25 +0200: Memory Usage (480344K) : Starting CAP DERIVATIONS
2026-08-10 18:00:26 +0200: Memory Usage (480344K) : Starting CAP_CMOM DERIVATIONS
2026-08-10 18:00:26 +0200: Memory Usage (480344K) : Starting ESD DERIVATIONS
2026-08-10 18:00:26 +0200: Memory Usage (480344K) : Starting Inductor DERIVATIONS
2026-08-10 18:00:26 +0200: Memory Usage (480344K) : Starting Taps DERIVATIONS
2026-08-10 18:00:26 +0200: Memory Usage (480344K) : Starting SG13G2 LVS connectivity setup
2026-08-10 18:00:26 +0200: Memory Usage (480344K) : Starting SG13G2 LVS connectivity setup (Inter-layer)
2026-08-10 18:00:26 +0200: Memory Usage (480472K) : Starting SG13G2 LVS connectivity setup (Global)
2026-08-10 18:00:26 +0200: Memory Usage (480472K) : Starting LVS MOSFET CONNECTIONS
2026-08-10 18:00:26 +0200: Memory Usage (480472K) : Starting LVS RF-MOSFET CONNECTIONS
2026-08-10 18:00:26 +0200: Memory Usage (480472K) : Starting LVS BJT CONNECTIONS
2026-08-10 18:00:26 +0200: Memory Usage (480472K) : Starting LVS DIODE CONNECTIONS
2026-08-10 18:00:26 +0200: Memory Usage (480472K) : Starting RESISTOR CONNECTIONS
2026-08-10 18:00:26 +0200: Memory Usage (480472K) : Starting LVS CAP CONNECTIONS
2026-08-10 18:00:26 +0200: Memory Usage (480472K) : Starting CAP_CMOM CONNECTIONS
2026-08-10 18:00:26 +0200: Memory Usage (480472K) : Starting ESD CONNECTIONS
2026-08-10 18:00:26 +0200: Memory Usage (480472K) : Starting Inductor CONNECTIONS
2026-08-10 18:00:26 +0200: Memory Usage (480472K) : Starting LVS Taps CONNECTIONS
2026-08-10 18:00:26 +0200: Memory Usage (480472K) : Starting SG13G2 LVS DEVICES EXTRACTION
2026-08-10 18:00:26 +0200: Memory Usage (480472K) : Starting MOSFET EXTRACTION
2026-08-10 18:00:26 +0200: Memory Usage (480472K) : Starting NMOS EXTRACTION
2026-08-10 18:00:26 +0200: Memory Usage (480472K) : Extraction of NMOS-LV transistor
2026-08-10 18:00:26 +0200: Memory Usage (480600K) : Extraction of NMOS-HV transistor
2026-08-10 18:00:26 +0200: Memory Usage (480600K) : Starting PMOS EXTRACTION
2026-08-10 18:00:26 +0200: Memory Usage (480600K) : Extraction of PMOS-LV transistor
2026-08-10 18:00:26 +0200: Memory Usage (480600K) : Extraction of PMOS-HV transistor
2026-08-10 18:00:26 +0200: Memory Usage (480600K) : Starting RF-MOSFET EXTRACTION
2026-08-10 18:00:26 +0200: Memory Usage (480600K) : Extraction of RF-NMOS-LV transistor
2026-08-10 18:00:26 +0200: Memory Usage (480600K) : Extraction of RF-NMOS-HV transistor
2026-08-10 18:00:26 +0200: Memory Usage (480600K) : Extraction of RF-PMOS-LV transistor
2026-08-10 18:00:26 +0200: Memory Usage (480600K) : Extraction of RF-PMOS-HV transistor
2026-08-10 18:00:26 +0200: Memory Usage (480600K) : Starting BJT EXTRACTION
2026-08-10 18:00:26 +0200: Memory Usage (480600K) : Starting NPN-BJT EXTRACTION
2026-08-10 18:00:26 +0200: Memory Usage (480600K) : Extraction of npn13G2 BJT transistor
2026-08-10 18:00:26 +0200: Memory Usage (480600K) : Extraction of npn13G2L BJT transistor
2026-08-10 18:00:26 +0200: Memory Usage (480600K) : Extraction of npn13G2V BJT transistor
2026-08-10 18:00:26 +0200: Memory Usage (480600K) : Starting PNP-BJT EXTRACTION
2026-08-10 18:00:26 +0200: Memory Usage (480600K) : Extracting pnpMPA BJT
2026-08-10 18:00:26 +0200: Memory Usage (480600K) : Starting DIODE EXTRACTION
2026-08-10 18:00:26 +0200: Memory Usage (480600K) : Extracting dantenna diode
2026-08-10 18:00:26 +0200: Memory Usage (480600K) : Extracting dpantenna diode
2026-08-10 18:00:26 +0200: Memory Usage (480600K) : Extracting schottky_nbl1 diode
2026-08-10 18:00:26 +0200: Memory Usage (480600K) : Extracting isolbox diode
2026-08-10 18:00:26 +0200: Memory Usage (480600K) : Starting RESISTOR EXTRACTION
2026-08-10 18:00:26 +0200: Memory Usage (480600K) : Extracting rsil resistor
2026-08-10 18:00:26 +0200: Memory Usage (480600K) : Extracting rppd resistor
2026-08-10 18:00:26 +0200: Memory Usage (480728K) : Extracting rhigh resistor
2026-08-10 18:00:26 +0200: Memory Usage (480728K) : Extracting res_metal1 resistor
2026-08-10 18:00:26 +0200: Memory Usage (480728K) : Extracting res_metal2 resistor
2026-08-10 18:00:26 +0200: Memory Usage (480728K) : Extracting res_metal3 resistor
2026-08-10 18:00:26 +0200: Memory Usage (480728K) : Extracting res_metal4 resistor
2026-08-10 18:00:26 +0200: Memory Usage (480728K) : Extracting res_metal5 resistor
2026-08-10 18:00:26 +0200: Memory Usage (480728K) : Extracting res_topmetal1 resistor
2026-08-10 18:00:26 +0200: Memory Usage (480728K) : Extracting res_topmetal2 resistor
2026-08-10 18:00:26 +0200: Memory Usage (480728K) : Starting CAP EXTRACTION
2026-08-10 18:00:26 +0200: Memory Usage (480728K) : Extracting cap_cmim device
2026-08-10 18:00:26 +0200: Memory Usage (480728K) : Extracting rfcmim device
2026-08-10 18:00:26 +0200: Memory Usage (480728K) : Extracting sg13_hv_svaricap varactor
2026-08-10 18:00:26 +0200: Memory Usage (480728K) : Extracting cap_cmomi device
2026-08-10 18:00:26 +0200: Memory Usage (480728K) : Extracting sg13_moscap_n capacitor
2026-08-10 18:00:26 +0200: Memory Usage (480728K) : Extracting sg13_moscap_p capacitor
2026-08-10 18:00:26 +0200: Memory Usage (480728K) : Starting ESD EXTRACTION
2026-08-10 18:00:26 +0200: Memory Usage (480728K) : Extracting diodevdd_2kv ESD device
2026-08-10 18:00:26 +0200: Memory Usage (480728K) : Extracting diodevdd_4kv ESD device
2026-08-10 18:00:26 +0200: Memory Usage (480728K) : Extracting diodevss_2kv ESD device
2026-08-10 18:00:26 +0200: Memory Usage (480728K) : Extracting diodevss_4kv ESD device
2026-08-10 18:00:26 +0200: Memory Usage (480728K) : Extracting idiodevdd_2kv ESD device
2026-08-10 18:00:26 +0200: Memory Usage (480728K) : Extracting idiodevdd_4kv ESD device
2026-08-10 18:00:26 +0200: Memory Usage (480728K) : Extracting idiodevss_2kv ESD device
2026-08-10 18:00:26 +0200: Memory Usage (480728K) : Extracting idiodevss_4kv ESD device
2026-08-10 18:00:26 +0200: Memory Usage (480728K) : Extracting nmoscl_2 ESD device
2026-08-10 18:00:26 +0200: Memory Usage (480728K) : Extracting nmoscl_4 ESD device
2026-08-10 18:00:26 +0200: Memory Usage (480728K) : Starting Inductor EXTRACTION
2026-08-10 18:00:26 +0200: Memory Usage (480728K) : Extracting Inductor2 device
2026-08-10 18:00:26 +0200: Memory Usage (480728K) : Extracting Inductor3 device
2026-08-10 18:00:26 +0200: Memory Usage (480728K) : Starting Taps EXTRACTION
2026-08-10 18:00:26 +0200: Memory Usage (480728K) : Extracting ntap1 device
2026-08-10 18:00:26 +0200: Memory Usage (480728K) : Extracting ptap1 device
2026-08-10 18:00:26 +0200: Memory Usage (480856K) : Starting SG13G2 LVS RF MOS Model Mapping
2026-08-10 18:00:28 +0200: Memory Usage (496344K) : [layout_netlist] Apply RF MOS model mapping and rfmode parameter.
2026-08-10 18:00:28 +0200: Memory Usage (496344K) : Starting SG13G2 LVS Options Preparations
2026-08-10 18:00:28 +0200: Memory Usage (496344K) : SG13G2 LVS flow: extraction -> alignment -> option preparation -> comparison.
2026-08-10 18:00:28 +0200: Memory Usage (496344K) : Starting SG13G2 LVS Alignment
2026-08-10 18:00:28 +0200: Memory Usage (496472K) : Starting SG13G2 LVS Simplification
2026-08-10 18:00:28 +0200: Memory Usage (496472K) : [layout_netlist] simplify: ENABLED
2026-08-10 18:00:28 +0200: Memory Usage (496472K) : [layout_netlist] make_top_level_pins: SKIPPED
2026-08-10 18:00:28 +0200: Memory Usage (496472K) : [layout_netlist] combine_devices: ENABLED
2026-08-10 18:00:28 +0200: Memory Usage (496472K) : [layout_netlist] purge: SKIPPED
2026-08-10 18:00:28 +0200: Memory Usage (496472K) : [layout_netlist] purge_nets: SKIPPED
2026-08-10 18:00:28 +0200: Memory Usage (496472K) : [schematic_netlist] simplify: ENABLED
2026-08-10 18:00:28 +0200: Memory Usage (496472K) : [schematic_netlist] make_top_level_pins: SKIPPED
2026-08-10 18:00:28 +0200: Memory Usage (496472K) : [schematic_netlist] combine_devices: ENABLED
2026-08-10 18:00:28 +0200: Memory Usage (496472K) : [schematic_netlist] purge: SKIPPED
2026-08-10 18:00:28 +0200: Memory Usage (496472K) : [schematic_netlist] purge_nets: SKIPPED
2026-08-10 18:00:28 +0200: Memory Usage (496472K) : Starting SG13G2 LVS Comparison
2026-08-10 18:00:28 +0200: Memory Usage (496600K) : ==========================================
2026-08-10 18:00:28 +0200: Memory Usage (496600K) : INFO : Congratulations! Netlists match.
2026-08-10 18:00:28 +0200: Memory Usage (496600K) : ==========================================
2026-08-10 18:00:28 +0200: Memory Usage (496600K) : LVS Total Run time 5.490884 seconds
10-Aug-2026 18:00:28 | INFO    | ==============================================================================
10-Aug-2026 18:00:28 | INFO    | Important Summary
10-Aug-2026 18:00:28 | INFO    | +------------------+---------------------------------------------------------------------------------------+
10-Aug-2026 18:00:28 | INFO    | | Status           | PASS                                                                                  |
10-Aug-2026 18:00:28 | INFO    | | Mode             | COMPARE                                                                               |
10-Aug-2026 18:00:28 | INFO    | | Outcome          | Comparison mode: PASS (netlists match).                                               |
10-Aug-2026 18:00:28 | INFO    | | Layout           | sg13g2_IOPadIn.gds                                                                    |
10-Aug-2026 18:00:28 | INFO    | | Top Cell         | sg13g2_IOPadIn                                                                        |
10-Aug-2026 18:00:28 | INFO    | | Results Dir      | /foss/designs/ihp-open-pdk-regression/IOPADS/lvs_sweep/20260810_180010/sg13g2_IOPadIn |
10-Aug-2026 18:00:28 | INFO    | | Warnings         | 0                                                                                     |
10-Aug-2026 18:00:28 | INFO    | | Errors           | 0                                                                                     |
10-Aug-2026 18:00:28 | INFO    | | Run Time (s)     | 9.418                                                                                 |
10-Aug-2026 18:00:28 | INFO    | +------------------+---------------------------------------------------------------------------------------+
10-Aug-2026 18:00:28 | INFO    | ==============================================================================
