# Logfile created on 2026-08-11 13:53:18 +0200 by logger.rb/v1.5.3
2026-08-11 13:53:18 +0200: Memory Usage (455976K) : Starting running SG13G2 Klayout LVS runset on /foss/designs/ihp-open-pdk-regression/IOPADS/layout/sg13g2_IOPadTriOut4mA.gds
2026-08-11 13:53:18 +0200: Memory Usage (455976K) : Ruby Version for klayout: 3.2.3
2026-08-11 13:53:18 +0200: Memory Usage (457512K) : Loading database to memory is complete.
2026-08-11 13:53:18 +0200: Memory Usage (457512K) : SG13G2 Klayout LVS runset output at: /foss/designs/ihp-open-pdk-regression/IOPADS/lvs_sweep/20260811_135105/sg13g2_IOPadTriOut4mA/sg13g2_IOPadTriOut4mA.lvsdb
2026-08-11 13:53:18 +0200: Memory Usage (457512K) : Evaluate switches.
2026-08-11 13:53:18 +0200: Memory Usage (457512K) : Extracted netlist with net names: true
2026-08-11 13:53:18 +0200: Memory Usage (457512K) : Extracted netlist with comments in details: false
2026-08-11 13:53:18 +0200: Memory Usage (457512K) : Selected NET_ONLY option: false
2026-08-11 13:53:18 +0200: Memory Usage (457512K) : Selected LAYOUT_NETLIST option: (none)
2026-08-11 13:53:18 +0200: Memory Usage (457512K) : Selected IGNORE_TOP_PORTS_MISMATCH option: true
2026-08-11 13:53:18 +0200: Memory Usage (457512K) : Selected IMPLICIT_NETS option: iovss,iovdd,vss,vdd,pad,cathode,anode
2026-08-11 13:53:18 +0200: Memory Usage (457512K) : Selected TOP_LVL_PINS option: false
2026-08-11 13:53:18 +0200: Memory Usage (457512K) : Selected COMBINE DEVICES option: true
2026-08-11 13:53:18 +0200: Memory Usage (457512K) : Selected PURGE option: false
2026-08-11 13:53:18 +0200: Memory Usage (457512K) : Selected PURGE_NETS option: false
2026-08-11 13:53:18 +0200: Memory Usage (457512K) : Selected SIMPLIFY option: true
2026-08-11 13:53:18 +0200: Memory Usage (457512K) : Selected SERIES_RES option: true
2026-08-11 13:53:18 +0200: Memory Usage (457512K) : Selected PARALLEL_RES option: true
2026-08-11 13:53:18 +0200: Memory Usage (457512K) : Selected DISABLE_TAP_EXTRACTION option: false
2026-08-11 13:53:18 +0200: Memory Usage (457512K) : deep  mode is enabled.
2026-08-11 13:53:18 +0200: Memory Usage (457512K) : Applying implicit connections (case-sensitive, pattern supported) for nets: iovss, iovdd, vss, vdd, pad, cathode, anode
2026-08-11 13:53:18 +0200: Memory Usage (458792K) : Netlist file: /foss/designs/ihp-open-pdk-regression/IOPADS/netlist/pads_upstream/sg13g2_IOPadTriOut4mA.spi
2026-08-11 13:53:18 +0200: Memory Usage (458792K) : LVS extracted netlist at: /foss/designs/ihp-open-pdk-regression/IOPADS/lvs_sweep/20260811_135105/sg13g2_IOPadTriOut4mA/sg13g2_IOPadTriOut4mA_extracted.cir
2026-08-11 13:53:18 +0200: Memory Usage (458792K) : Applying SRAM integration support.
2026-08-11 13:53:18 +0200: Memory Usage (458792K) : Starting SG13G2 LVS runset
2026-08-11 13:53:18 +0200: Memory Usage (458792K) : Read in polygons from layers.
2026-08-11 13:53:18 +0200: Memory Usage (460456K) : activ_drw has 95 polygons
2026-08-11 13:53:18 +0200: Memory Usage (460456K) : activ_filler has 0 polygons
2026-08-11 13:53:18 +0200: Memory Usage (460584K) : activ has 95 polygons
2026-08-11 13:53:18 +0200: Memory Usage (460584K) : activ_pin has 0 polygons
2026-08-11 13:53:18 +0200: Memory Usage (460584K) : activ_mask has 0 polygons
2026-08-11 13:53:18 +0200: Memory Usage (460584K) : activ_nofill has 0 polygons
2026-08-11 13:53:18 +0200: Memory Usage (460584K) : activ_OPC has 0 polygons
2026-08-11 13:53:18 +0200: Memory Usage (460584K) : activ_iOPC has 0 polygons
2026-08-11 13:53:18 +0200: Memory Usage (460712K) : activ_noqrc has 0 polygons
2026-08-11 13:53:18 +0200: Memory Usage (460840K) : biwind_drw has 0 polygons
2026-08-11 13:53:18 +0200: Memory Usage (460840K) : biwind_OPC has 0 polygons
2026-08-11 13:53:18 +0200: Memory Usage (460968K) : gatpoly_drw has 35 polygons
2026-08-11 13:53:18 +0200: Memory Usage (461096K) : gatpoly_filler has 0 polygons
2026-08-11 13:53:18 +0200: Memory Usage (461096K) : gatpoly has 35 polygons
2026-08-11 13:53:18 +0200: Memory Usage (461224K) : gatpoly_pin has 0 polygons
2026-08-11 13:53:18 +0200: Memory Usage (461224K) : gatpoly_nofill has 0 polygons
2026-08-11 13:53:18 +0200: Memory Usage (461352K) : gatpoly_OPC has 0 polygons
2026-08-11 13:53:18 +0200: Memory Usage (461352K) : gatpoly_iOPC has 0 polygons
2026-08-11 13:53:18 +0200: Memory Usage (461480K) : gatpoly_noqrc has 0 polygons
2026-08-11 13:53:18 +0200: Memory Usage (462888K) : cont_drw has 45760 polygons
2026-08-11 13:53:18 +0200: Memory Usage (462888K) : cont_OPC has 0 polygons
2026-08-11 13:53:18 +0200: Memory Usage (462888K) : nsd_drw has 0 polygons
2026-08-11 13:53:18 +0200: Memory Usage (462888K) : nsd_block has 0 polygons
2026-08-11 13:53:18 +0200: Memory Usage (462888K) : metal1_drw has 189 polygons
2026-08-11 13:53:18 +0200: Memory Usage (462888K) : metal1_filler has 0 polygons
2026-08-11 13:53:18 +0200: Memory Usage (462888K) : metal1_slit has 0 polygons
2026-08-11 13:53:18 +0200: Memory Usage (463272K) : metal1 has 189 polygons
2026-08-11 13:53:18 +0200: Memory Usage (463272K) : metal1_pin has 43 polygons
2026-08-11 13:53:18 +0200: Memory Usage (463272K) : metal1_mask has 0 polygons
2026-08-11 13:53:18 +0200: Memory Usage (463272K) : metal1_nofill has 0 polygons
2026-08-11 13:53:18 +0200: Memory Usage (463528K) : metal1_text has 42 polygons
2026-08-11 13:53:18 +0200: Memory Usage (463656K) : metal1_OPC has 0 polygons
2026-08-11 13:53:18 +0200: Memory Usage (463656K) : metal1_noqrc has 0 polygons
2026-08-11 13:53:18 +0200: Memory Usage (463784K) : metal1_res has 0 polygons
2026-08-11 13:53:18 +0200: Memory Usage (463784K) : metal1_iprobe has 0 polygons
2026-08-11 13:53:18 +0200: Memory Usage (463912K) : metal1_diffprb has 0 polygons
2026-08-11 13:53:18 +0200: Memory Usage (463912K) : passiv_drw has 0 polygons
2026-08-11 13:53:18 +0200: Memory Usage (464040K) : passiv_pin has 0 polygons
2026-08-11 13:53:18 +0200: Memory Usage (464040K) : passiv_sbump has 0 polygons
2026-08-11 13:53:18 +0200: Memory Usage (464168K) : passiv_pillar has 0 polygons
2026-08-11 13:53:18 +0200: Memory Usage (464296K) : passiv_pdl has 0 polygons
2026-08-11 13:53:18 +0200: Memory Usage (464296K) : metal2_drw has 50 polygons
2026-08-11 13:53:18 +0200: Memory Usage (464424K) : metal2_filler has 0 polygons
2026-08-11 13:53:18 +0200: Memory Usage (464424K) : metal2_slit has 0 polygons
2026-08-11 13:53:18 +0200: Memory Usage (464552K) : metal2 has 50 polygons
2026-08-11 13:53:18 +0200: Memory Usage (464680K) : metal2_pin has 15 polygons
2026-08-11 13:53:18 +0200: Memory Usage (464680K) : metal2_mask has 0 polygons
2026-08-11 13:53:19 +0200: Memory Usage (464680K) : metal2_nofill has 0 polygons
2026-08-11 13:53:19 +0200: Memory Usage (464808K) : metal2_text has 15 polygons
2026-08-11 13:53:19 +0200: Memory Usage (464808K) : metal2_OPC has 0 polygons
2026-08-11 13:53:19 +0200: Memory Usage (464936K) : metal2_noqrc has 0 polygons
2026-08-11 13:53:19 +0200: Memory Usage (464936K) : metal2_res has 0 polygons
2026-08-11 13:53:19 +0200: Memory Usage (465064K) : metal2_iprobe has 0 polygons
2026-08-11 13:53:19 +0200: Memory Usage (465064K) : metal2_diffprb has 0 polygons
2026-08-11 13:53:19 +0200: Memory Usage (465192K) : baspoly_drw has 0 polygons
2026-08-11 13:53:19 +0200: Memory Usage (465192K) : baspoly_pin has 0 polygons
2026-08-11 13:53:19 +0200: Memory Usage (465320K) : psd_drw has 38 polygons
2026-08-11 13:53:19 +0200: Memory Usage (465448K) : nldb_drw has 0 polygons
2026-08-11 13:53:19 +0200: Memory Usage (465448K) : digibnd_drw has 0 polygons
2026-08-11 13:53:19 +0200: Memory Usage (465448K) : via1_drw has 1536 polygons
2026-08-11 13:53:19 +0200: Memory Usage (465576K) : backmetal1_drw has 0 polygons
2026-08-11 13:53:19 +0200: Memory Usage (465576K) : backmetal1_pin has 0 polygons
2026-08-11 13:53:19 +0200: Memory Usage (465576K) : backmetal1_mask has 0 polygons
2026-08-11 13:53:19 +0200: Memory Usage (465704K) : backmetal1_filler has 0 polygons
2026-08-11 13:53:19 +0200: Memory Usage (465704K) : backmetal1_nofill has 0 polygons
2026-08-11 13:53:19 +0200: Memory Usage (465704K) : backmetal1_slit has 0 polygons
2026-08-11 13:53:19 +0200: Memory Usage (465832K) : backmetal1_text has 0 polygons
2026-08-11 13:53:19 +0200: Memory Usage (465832K) : backmetal1_OPC has 0 polygons
2026-08-11 13:53:19 +0200: Memory Usage (465832K) : backmetal1_noqrc has 0 polygons
2026-08-11 13:53:19 +0200: Memory Usage (465960K) : backmetal1_res has 0 polygons
2026-08-11 13:53:19 +0200: Memory Usage (465960K) : backmetal1_iprobe has 0 polygons
2026-08-11 13:53:19 +0200: Memory Usage (465960K) : backmetal1_diffprb has 0 polygons
2026-08-11 13:53:19 +0200: Memory Usage (466088K) : backpassiv_drw has 0 polygons
2026-08-11 13:53:19 +0200: Memory Usage (466088K) : res_drw has 0 polygons
2026-08-11 13:53:19 +0200: Memory Usage (466216K) : sram_drw has 0 polygons
2026-08-11 13:53:19 +0200: Memory Usage (466344K) : trans_drw has 0 polygons
2026-08-11 13:53:19 +0200: Memory Usage (466344K) : ind_drw has 0 polygons
2026-08-11 13:53:19 +0200: Memory Usage (466472K) : ind_pin has 0 polygons
2026-08-11 13:53:19 +0200: Memory Usage (466472K) : ind_text has 0 polygons
2026-08-11 13:53:19 +0200: Memory Usage (466600K) : salblock_drw has 0 polygons
2026-08-11 13:53:19 +0200: Memory Usage (466600K) : via2_drw has 1228 polygons
2026-08-11 13:53:19 +0200: Memory Usage (466728K) : metal3_drw has 14 polygons
2026-08-11 13:53:19 +0200: Memory Usage (466728K) : metal3_filler has 0 polygons
2026-08-11 13:53:19 +0200: Memory Usage (466856K) : metal3_slit has 0 polygons
2026-08-11 13:53:19 +0200: Memory Usage (466984K) : metal3 has 14 polygons
2026-08-11 13:53:19 +0200: Memory Usage (466984K) : metal3_pin has 10 polygons
2026-08-11 13:53:19 +0200: Memory Usage (467112K) : metal3_mask has 0 polygons
2026-08-11 13:53:19 +0200: Memory Usage (467240K) : metal3_nofill has 0 polygons
2026-08-11 13:53:19 +0200: Memory Usage (467240K) : metal3_text has 10 polygons
2026-08-11 13:53:19 +0200: Memory Usage (467368K) : metal3_OPC has 0 polygons
2026-08-11 13:53:19 +0200: Memory Usage (467368K) : metal3_noqrc has 0 polygons
2026-08-11 13:53:19 +0200: Memory Usage (467496K) : metal3_res has 0 polygons
2026-08-11 13:53:19 +0200: Memory Usage (467496K) : metal3_iprobe has 0 polygons
2026-08-11 13:53:19 +0200: Memory Usage (467624K) : metal3_diffprb has 0 polygons
2026-08-11 13:53:19 +0200: Memory Usage (467624K) : nwell_drw has 25 polygons
2026-08-11 13:53:19 +0200: Memory Usage (467752K) : nwell_pin has 0 polygons
2026-08-11 13:53:19 +0200: Memory Usage (467752K) : nwell_text has 0 polygons
2026-08-11 13:53:19 +0200: Memory Usage (467880K) : nbulay_drw has 0 polygons
2026-08-11 13:53:19 +0200: Memory Usage (467880K) : nbulay_pin has 0 polygons
2026-08-11 13:53:19 +0200: Memory Usage (467880K) : nbulay_block has 0 polygons
2026-08-11 13:53:19 +0200: Memory Usage (467880K) : emwind_drw has 0 polygons
2026-08-11 13:53:19 +0200: Memory Usage (468008K) : emwind_OPC has 0 polygons
2026-08-11 13:53:19 +0200: Memory Usage (468008K) : deepco_drw has 0 polygons
2026-08-11 13:53:19 +0200: Memory Usage (468136K) : mim_drw has 0 polygons
2026-08-11 13:53:19 +0200: Memory Usage (468136K) : edgeseal_drw has 0 polygons
2026-08-11 13:53:19 +0200: Memory Usage (468264K) : substrate_drw has 23 polygons
2026-08-11 13:53:19 +0200: Memory Usage (468264K) : substrate_text has 0 polygons
2026-08-11 13:53:19 +0200: Memory Usage (468392K) : dfpad_drw has 0 polygons
2026-08-11 13:53:19 +0200: Memory Usage (468392K) : dfpad_pillar has 0 polygons
2026-08-11 13:53:19 +0200: Memory Usage (468520K) : dfpad_sbump has 0 polygons
2026-08-11 13:53:19 +0200: Memory Usage (468520K) : thickgateox_drw has 4 polygons
2026-08-11 13:53:19 +0200: Memory Usage (468648K) : pldb_drw has 0 polygons
2026-08-11 13:53:19 +0200: Memory Usage (468648K) : pwell_drw has 0 polygons
2026-08-11 13:53:19 +0200: Memory Usage (468776K) : pwell_pin has 0 polygons
2026-08-11 13:53:19 +0200: Memory Usage (468776K) : pwell_block has 0 polygons
2026-08-11 13:53:19 +0200: Memory Usage (468904K) : ic_drw has 0 polygons
2026-08-11 13:53:19 +0200: Memory Usage (469032K) : via3_drw has 2087 polygons
2026-08-11 13:53:19 +0200: Memory Usage (469160K) : metal4_drw has 8 polygons
2026-08-11 13:53:19 +0200: Memory Usage (469160K) : metal4_filler has 0 polygons
2026-08-11 13:53:19 +0200: Memory Usage (469288K) : metal4_slit has 0 polygons
2026-08-11 13:53:19 +0200: Memory Usage (469416K) : metal4 has 8 polygons
2026-08-11 13:53:19 +0200: Memory Usage (469416K) : metal4_pin has 8 polygons
2026-08-11 13:53:19 +0200: Memory Usage (469544K) : metal4_mask has 0 polygons
2026-08-11 13:53:19 +0200: Memory Usage (469544K) : metal4_nofill has 0 polygons
2026-08-11 13:53:19 +0200: Memory Usage (469672K) : metal4_text has 8 polygons
2026-08-11 13:53:19 +0200: Memory Usage (469672K) : metal4_OPC has 0 polygons
2026-08-11 13:53:19 +0200: Memory Usage (469800K) : metal4_noqrc has 0 polygons
2026-08-11 13:53:19 +0200: Memory Usage (469800K) : metal4_res has 0 polygons
2026-08-11 13:53:19 +0200: Memory Usage (469928K) : metal4_iprobe has 0 polygons
2026-08-11 13:53:19 +0200: Memory Usage (469928K) : metal4_diffprb has 0 polygons
2026-08-11 13:53:19 +0200: Memory Usage (470056K) : heattrans_drw has 0 polygons
2026-08-11 13:53:19 +0200: Memory Usage (470184K) : heatres_drw has 0 polygons
2026-08-11 13:53:19 +0200: Memory Usage (470184K) : fbe_drw has 0 polygons
2026-08-11 13:53:19 +0200: Memory Usage (470312K) : empoly_drw has 0 polygons
2026-08-11 13:53:19 +0200: Memory Usage (470312K) : digisub_drw has 0 polygons
2026-08-11 13:53:19 +0200: Memory Usage (470312K) : text_drw has 17 polygons
2026-08-11 13:53:19 +0200: Memory Usage (470440K) : via4_drw has 2371 polygons
2026-08-11 13:53:19 +0200: Memory Usage (470568K) : metal5_drw has 8 polygons
2026-08-11 13:53:19 +0200: Memory Usage (470568K) : metal5_filler has 0 polygons
2026-08-11 13:53:19 +0200: Memory Usage (470696K) : metal5_slit has 0 polygons
2026-08-11 13:53:19 +0200: Memory Usage (470824K) : metal5 has 8 polygons
2026-08-11 13:53:19 +0200: Memory Usage (470824K) : metal5_pin has 8 polygons
2026-08-11 13:53:19 +0200: Memory Usage (470952K) : metal5_mask has 0 polygons
2026-08-11 13:53:19 +0200: Memory Usage (470952K) : metal5_nofill has 0 polygons
2026-08-11 13:53:19 +0200: Memory Usage (471080K) : metal5_text has 8 polygons
2026-08-11 13:53:19 +0200: Memory Usage (471080K) : metal5_OPC has 0 polygons
2026-08-11 13:53:19 +0200: Memory Usage (471208K) : metal5_noqrc has 0 polygons
2026-08-11 13:53:19 +0200: Memory Usage (471208K) : metal5_res has 0 polygons
2026-08-11 13:53:19 +0200: Memory Usage (471336K) : metal5_iprobe has 0 polygons
2026-08-11 13:53:19 +0200: Memory Usage (471464K) : metal5_diffprb has 0 polygons
2026-08-11 13:53:19 +0200: Memory Usage (471464K) : radhard_drw has 0 polygons
2026-08-11 13:53:19 +0200: Memory Usage (471592K) : memcap_drw has 0 polygons
2026-08-11 13:53:19 +0200: Memory Usage (471592K) : varicap_drw has 0 polygons
2026-08-11 13:53:19 +0200: Memory Usage (471592K) : intbondvia_drw has 0 polygons
2026-08-11 13:53:19 +0200: Memory Usage (471592K) : intbondmet_drw has 0 polygons
2026-08-11 13:53:19 +0200: Memory Usage (471592K) : devbondvia_drw has 0 polygons
2026-08-11 13:53:19 +0200: Memory Usage (471592K) : devbondmet_drw has 0 polygons
2026-08-11 13:53:19 +0200: Memory Usage (471592K) : devtrench_drw has 0 polygons
2026-08-11 13:53:19 +0200: Memory Usage (471592K) : redist_drw has 0 polygons
2026-08-11 13:53:19 +0200: Memory Usage (471592K) : graphbot_drw has 0 polygons
2026-08-11 13:53:19 +0200: Memory Usage (471592K) : graphtop_drw has 0 polygons
2026-08-11 13:53:19 +0200: Memory Usage (471592K) : antvia1_drw has 0 polygons
2026-08-11 13:53:19 +0200: Memory Usage (471592K) : antmetal2_drw has 0 polygons
2026-08-11 13:53:19 +0200: Memory Usage (471592K) : graphcont_drw has 0 polygons
2026-08-11 13:53:19 +0200: Memory Usage (471592K) : siwg_drw has 0 polygons
2026-08-11 13:53:19 +0200: Memory Usage (471592K) : siwg_filler has 0 polygons
2026-08-11 13:53:19 +0200: Memory Usage (471592K) : siwg_nofill has 0 polygons
2026-08-11 13:53:19 +0200: Memory Usage (471592K) : sigrating_drw has 0 polygons
2026-08-11 13:53:19 +0200: Memory Usage (471592K) : singrating_drw has 0 polygons
2026-08-11 13:53:19 +0200: Memory Usage (471592K) : graphpas_drw has 0 polygons
2026-08-11 13:53:19 +0200: Memory Usage (471592K) : emwind3_drw has 0 polygons
2026-08-11 13:53:19 +0200: Memory Usage (471592K) : emwihv3_drw has 0 polygons
2026-08-11 13:53:19 +0200: Memory Usage (471592K) : redbulay_drw has 0 polygons
2026-08-11 13:53:19 +0200: Memory Usage (471592K) : smos_drw has 0 polygons
2026-08-11 13:53:19 +0200: Memory Usage (471592K) : graphpad_drw has 0 polygons
2026-08-11 13:53:19 +0200: Memory Usage (471592K) : polimide_drw has 0 polygons
2026-08-11 13:53:19 +0200: Memory Usage (471592K) : polimide_pin has 0 polygons
2026-08-11 13:53:19 +0200: Memory Usage (471592K) : recog_drw has 0 polygons
2026-08-11 13:53:19 +0200: Memory Usage (471592K) : recog_pin has 0 polygons
2026-08-11 13:53:19 +0200: Memory Usage (471592K) : recog_esd has 0 polygons
2026-08-11 13:53:19 +0200: Memory Usage (471592K) : recog_diode has 6 polygons
2026-08-11 13:53:19 +0200: Memory Usage (471592K) : recog_tsv has 0 polygons
2026-08-11 13:53:19 +0200: Memory Usage (471592K) : recog_iprobe has 0 polygons
2026-08-11 13:53:19 +0200: Memory Usage (471592K) : recog_diffprb has 0 polygons
2026-08-11 13:53:19 +0200: Memory Usage (471592K) : recog_pillar has 0 polygons
2026-08-11 13:53:19 +0200: Memory Usage (471592K) : recog_sbump has 0 polygons
2026-08-11 13:53:19 +0200: Memory Usage (471592K) : recog_otp has 0 polygons
2026-08-11 13:53:19 +0200: Memory Usage (471592K) : recog_pdiode has 0 polygons
2026-08-11 13:53:19 +0200: Memory Usage (471592K) : recog_mom has 0 polygons
2026-08-11 13:53:19 +0200: Memory Usage (471592K) : recog_pcm has 0 polygons
2026-08-11 13:53:19 +0200: Memory Usage (471592K) : colopen_drw has 0 polygons
2026-08-11 13:53:19 +0200: Memory Usage (471592K) : graphmetal1_drw has 0 polygons
2026-08-11 13:53:19 +0200: Memory Usage (471592K) : graphmetal1_filler has 0 polygons
2026-08-11 13:53:19 +0200: Memory Usage (471592K) : graphmetal1_nofill has 0 polygons
2026-08-11 13:53:19 +0200: Memory Usage (471592K) : graphmetal1_slit has 0 polygons
2026-08-11 13:53:19 +0200: Memory Usage (471592K) : graphmetal1_OPC has 0 polygons
2026-08-11 13:53:19 +0200: Memory Usage (471592K) : graphmet1l_drw has 0 polygons
2026-08-11 13:53:19 +0200: Memory Usage (471592K) : graphmet1l_filler has 0 polygons
2026-08-11 13:53:19 +0200: Memory Usage (471592K) : graphmet1l_nofill has 0 polygons
2026-08-11 13:53:19 +0200: Memory Usage (471592K) : graphmet1l_slit has 0 polygons
2026-08-11 13:53:19 +0200: Memory Usage (471592K) : graphmet1l_OPC has 0 polygons
2026-08-11 13:53:19 +0200: Memory Usage (471592K) : extblock_drw has 0 polygons
2026-08-11 13:53:19 +0200: Memory Usage (471592K) : nldd_drw has 0 polygons
2026-08-11 13:53:19 +0200: Memory Usage (471592K) : pldd_drw has 0 polygons
2026-08-11 13:53:19 +0200: Memory Usage (471592K) : next_drw has 0 polygons
2026-08-11 13:53:19 +0200: Memory Usage (471592K) : pext_drw has 0 polygons
2026-08-11 13:53:19 +0200: Memory Usage (471592K) : nexthv_drw has 0 polygons
2026-08-11 13:53:19 +0200: Memory Usage (471592K) : pexthv_drw has 0 polygons
2026-08-11 13:53:19 +0200: Memory Usage (471592K) : graphgate_drw has 0 polygons
2026-08-11 13:53:19 +0200: Memory Usage (471592K) : sinwg_drw has 0 polygons
2026-08-11 13:53:19 +0200: Memory Usage (471592K) : sinwg_filler has 0 polygons
2026-08-11 13:53:19 +0200: Memory Usage (471592K) : sinwg_nofill has 0 polygons
2026-08-11 13:53:19 +0200: Memory Usage (471592K) : mempad_drw has 0 polygons
2026-08-11 13:53:19 +0200: Memory Usage (471592K) : topvia1_drw has 2315 polygons
2026-08-11 13:53:19 +0200: Memory Usage (471592K) : topmetal1_drw has 8 polygons
2026-08-11 13:53:19 +0200: Memory Usage (471592K) : topmetal1_filler has 0 polygons
2026-08-11 13:53:19 +0200: Memory Usage (471592K) : topmetal1_slit has 0 polygons
2026-08-11 13:53:19 +0200: Memory Usage (471592K) : topmetal1 has 8 polygons
2026-08-11 13:53:19 +0200: Memory Usage (471592K) : topmetal1_pin has 8 polygons
2026-08-11 13:53:19 +0200: Memory Usage (471592K) : topmetal1_mask has 0 polygons
2026-08-11 13:53:19 +0200: Memory Usage (471592K) : topmetal1_nofill has 0 polygons
2026-08-11 13:53:19 +0200: Memory Usage (471592K) : topmetal1_text has 8 polygons
2026-08-11 13:53:19 +0200: Memory Usage (471592K) : topmetal1_noqrc has 0 polygons
2026-08-11 13:53:19 +0200: Memory Usage (471592K) : topmetal1_res has 0 polygons
2026-08-11 13:53:19 +0200: Memory Usage (471592K) : topmetal1_iprobe has 0 polygons
2026-08-11 13:53:19 +0200: Memory Usage (471592K) : topmetal1_diffprb has 0 polygons
2026-08-11 13:53:19 +0200: Memory Usage (471592K) : inldpwl_drw has 0 polygons
2026-08-11 13:53:19 +0200: Memory Usage (471592K) : polyres_drw has 0 polygons
2026-08-11 13:53:19 +0200: Memory Usage (471592K) : polyres_pin has 0 polygons
2026-08-11 13:53:19 +0200: Memory Usage (471592K) : vmim_drw has 0 polygons
2026-08-11 13:53:19 +0200: Memory Usage (471592K) : nbulaycut_drw has 0 polygons
2026-08-11 13:53:19 +0200: Memory Usage (471592K) : antmetal1_drw has 0 polygons
2026-08-11 13:53:19 +0200: Memory Usage (471592K) : topvia2_drw has 1593 polygons
2026-08-11 13:53:19 +0200: Memory Usage (471592K) : topmetal2_drw has 6 polygons
2026-08-11 13:53:19 +0200: Memory Usage (471592K) : topmetal2_filler has 0 polygons
2026-08-11 13:53:19 +0200: Memory Usage (471592K) : topmetal2_slit has 0 polygons
2026-08-11 13:53:19 +0200: Memory Usage (471592K) : topmetal2 has 6 polygons
2026-08-11 13:53:19 +0200: Memory Usage (471592K) : topmetal2_pin has 6 polygons
2026-08-11 13:53:19 +0200: Memory Usage (471592K) : topmetal2_mask has 0 polygons
2026-08-11 13:53:19 +0200: Memory Usage (471592K) : topmetal2_nofill has 0 polygons
2026-08-11 13:53:19 +0200: Memory Usage (471592K) : topmetal2_text has 6 polygons
2026-08-11 13:53:19 +0200: Memory Usage (471592K) : topmetal2_noqrc has 0 polygons
2026-08-11 13:53:19 +0200: Memory Usage (471592K) : topmetal2_res has 0 polygons
2026-08-11 13:53:19 +0200: Memory Usage (471592K) : topmetal2_iprobe has 0 polygons
2026-08-11 13:53:19 +0200: Memory Usage (471592K) : topmetal2_diffprb has 0 polygons
2026-08-11 13:53:19 +0200: Memory Usage (471592K) : snsring_drw has 0 polygons
2026-08-11 13:53:19 +0200: Memory Usage (471592K) : sensor_drw has 0 polygons
2026-08-11 13:53:19 +0200: Memory Usage (471592K) : snsarms_drw has 0 polygons
2026-08-11 13:53:19 +0200: Memory Usage (471592K) : snscmosvia_drw has 0 polygons
2026-08-11 13:53:19 +0200: Memory Usage (471592K) : colwind_drw has 0 polygons
2026-08-11 13:53:19 +0200: Memory Usage (471592K) : flm_drw has 0 polygons
2026-08-11 13:53:19 +0200: Memory Usage (471592K) : hafniumox_drw has 0 polygons
2026-08-11 13:53:19 +0200: Memory Usage (471592K) : memvia_drw has 0 polygons
2026-08-11 13:53:19 +0200: Memory Usage (471592K) : thinfilmres_drw has 0 polygons
2026-08-11 13:53:19 +0200: Memory Usage (471592K) : rfmem_drw has 0 polygons
2026-08-11 13:53:19 +0200: Memory Usage (471592K) : norcx_drw has 0 polygons
2026-08-11 13:53:19 +0200: Memory Usage (471592K) : norcx_m2m3 has 0 polygons
2026-08-11 13:53:19 +0200: Memory Usage (471592K) : norcx_m2m4 has 0 polygons
2026-08-11 13:53:19 +0200: Memory Usage (471592K) : norcx_m2m5 has 0 polygons
2026-08-11 13:53:19 +0200: Memory Usage (471592K) : norcx_m2tm1 has 0 polygons
2026-08-11 13:53:19 +0200: Memory Usage (471592K) : norcx_m2tm2 has 0 polygons
2026-08-11 13:53:19 +0200: Memory Usage (471592K) : norcx_m3m4 has 0 polygons
2026-08-11 13:53:19 +0200: Memory Usage (471592K) : norcx_m3m5 has 0 polygons
2026-08-11 13:53:19 +0200: Memory Usage (471592K) : norcx_m3tm1 has 0 polygons
2026-08-11 13:53:19 +0200: Memory Usage (471592K) : norcx_m3tm2 has 0 polygons
2026-08-11 13:53:19 +0200: Memory Usage (471592K) : norcx_m4m5 has 0 polygons
2026-08-11 13:53:19 +0200: Memory Usage (471592K) : norcx_m4tm1 has 0 polygons
2026-08-11 13:53:19 +0200: Memory Usage (471592K) : norcx_m4tm2 has 0 polygons
2026-08-11 13:53:19 +0200: Memory Usage (471592K) : norcx_m5tm1 has 0 polygons
2026-08-11 13:53:19 +0200: Memory Usage (471592K) : norcx_m5tm2 has 0 polygons
2026-08-11 13:53:19 +0200: Memory Usage (471592K) : norcx_tm1tm2 has 0 polygons
2026-08-11 13:53:19 +0200: Memory Usage (471592K) : norcx_m1sub has 0 polygons
2026-08-11 13:53:19 +0200: Memory Usage (471592K) : norcx_m2sub has 0 polygons
2026-08-11 13:53:19 +0200: Memory Usage (471592K) : norcx_m3sub has 0 polygons
2026-08-11 13:53:19 +0200: Memory Usage (471592K) : norcx_m4sub has 0 polygons
2026-08-11 13:53:19 +0200: Memory Usage (471592K) : norcx_m5sub has 0 polygons
2026-08-11 13:53:19 +0200: Memory Usage (471592K) : norcx_tm1sub has 0 polygons
2026-08-11 13:53:19 +0200: Memory Usage (471592K) : norcx_tm2sub has 0 polygons
2026-08-11 13:53:19 +0200: Memory Usage (471592K) : snsbotvia_drw has 0 polygons
2026-08-11 13:53:19 +0200: Memory Usage (471592K) : snstopvia_drw has 0 polygons
2026-08-11 13:53:19 +0200: Memory Usage (471592K) : deepvia_drw has 0 polygons
2026-08-11 13:53:19 +0200: Memory Usage (471592K) : fgetch_drw has 0 polygons
2026-08-11 13:53:19 +0200: Memory Usage (471592K) : ctrgat_drw has 0 polygons
2026-08-11 13:53:19 +0200: Memory Usage (471592K) : fgimp_drw has 0 polygons
2026-08-11 13:53:19 +0200: Memory Usage (471592K) : emwihv_drw has 0 polygons
2026-08-11 13:53:19 +0200: Memory Usage (471592K) : lbe_drw has 0 polygons
2026-08-11 13:53:19 +0200: Memory Usage (471592K) : alcustop_drw has 0 polygons
2026-08-11 13:53:19 +0200: Memory Usage (471592K) : nometfiller_drw has 0 polygons
2026-08-11 13:53:19 +0200: Memory Usage (471592K) : prboundary_drw has 0 polygons
2026-08-11 13:53:19 +0200: Memory Usage (471592K) : exchange0_drw has 0 polygons
2026-08-11 13:53:19 +0200: Memory Usage (471592K) : exchange0_pin has 0 polygons
2026-08-11 13:53:19 +0200: Memory Usage (471592K) : exchange0_text has 0 polygons
2026-08-11 13:53:19 +0200: Memory Usage (471592K) : exchange1_drw has 0 polygons
2026-08-11 13:53:19 +0200: Memory Usage (471592K) : exchange1_pin has 0 polygons
2026-08-11 13:53:19 +0200: Memory Usage (471592K) : exchange1_text has 0 polygons
2026-08-11 13:53:19 +0200: Memory Usage (471592K) : exchange2_drw has 0 polygons
2026-08-11 13:53:19 +0200: Memory Usage (471592K) : exchange2_pin has 0 polygons
2026-08-11 13:53:19 +0200: Memory Usage (471592K) : exchange2_text has 0 polygons
2026-08-11 13:53:19 +0200: Memory Usage (471592K) : exchange3_drw has 0 polygons
2026-08-11 13:53:19 +0200: Memory Usage (471592K) : exchange3_pin has 0 polygons
2026-08-11 13:53:19 +0200: Memory Usage (471592K) : exchange3_text has 0 polygons
2026-08-11 13:53:19 +0200: Memory Usage (471592K) : exchange4_drw has 0 polygons
2026-08-11 13:53:19 +0200: Memory Usage (471592K) : exchange4_pin has 0 polygons
2026-08-11 13:53:19 +0200: Memory Usage (471592K) : exchange4_text has 0 polygons
2026-08-11 13:53:19 +0200: Memory Usage (471592K) : isonwell_drw has 0 polygons
2026-08-11 13:53:19 +0200: Memory Usage (471592K) : Total no. of polygons in the design is 57611
2026-08-11 13:53:19 +0200: Memory Usage (471592K) : Starting base layers derivations
2026-08-11 13:53:19 +0200: Memory Usage (471592K) : Starting general LVS derivations
2026-08-11 13:53:20 +0200: Memory Usage (475176K) : Starting MOSFET DERIVATIONS
2026-08-11 13:53:20 +0200: Memory Usage (476112K) : Starting NMOS DERIVATIONS
2026-08-11 13:53:20 +0200: Memory Usage (476112K) : Starting PMOS DERIVATIONS
2026-08-11 13:53:20 +0200: Memory Usage (476112K) : Starting RF-MOSFET DERIVATIONS
2026-08-11 13:53:20 +0200: Memory Usage (476112K) : Starting RF-NMOS DERIVATIONS
2026-08-11 13:53:20 +0200: Memory Usage (476112K) : Starting RF-PMOS DERIVATIONS
2026-08-11 13:53:20 +0200: Memory Usage (476112K) : Starting BJT DERIVATIONS
2026-08-11 13:53:20 +0200: Memory Usage (476112K) : Starting NPN-BJT DERIVATIONS
2026-08-11 13:53:20 +0200: Memory Usage (476112K) : Starting PNP-BJT DERIVATIONS
2026-08-11 13:53:20 +0200: Memory Usage (476112K) : Starting DIODE DERIVATIONS
2026-08-11 13:53:21 +0200: Memory Usage (477956K) : Starting RESISTOR DERIVATIONS
2026-08-11 13:53:21 +0200: Memory Usage (477956K) : Starting CAP DERIVATIONS
2026-08-11 13:53:21 +0200: Memory Usage (478596K) : Starting CAP_CMOM DERIVATIONS
2026-08-11 13:53:21 +0200: Memory Usage (478596K) : Starting ESD DERIVATIONS
2026-08-11 13:53:21 +0200: Memory Usage (478596K) : Starting Inductor DERIVATIONS
2026-08-11 13:53:22 +0200: Memory Usage (478596K) : Starting Taps DERIVATIONS
2026-08-11 13:53:22 +0200: Memory Usage (478596K) : Starting SG13G2 LVS connectivity setup
2026-08-11 13:53:22 +0200: Memory Usage (478596K) : Starting SG13G2 LVS connectivity setup (Inter-layer)
2026-08-11 13:53:22 +0200: Memory Usage (478724K) : Starting SG13G2 LVS connectivity setup (Global)
2026-08-11 13:53:22 +0200: Memory Usage (478724K) : Starting LVS MOSFET CONNECTIONS
2026-08-11 13:53:22 +0200: Memory Usage (478724K) : Starting LVS RF-MOSFET CONNECTIONS
2026-08-11 13:53:22 +0200: Memory Usage (478724K) : Starting LVS BJT CONNECTIONS
2026-08-11 13:53:22 +0200: Memory Usage (478724K) : Starting LVS DIODE CONNECTIONS
2026-08-11 13:53:22 +0200: Memory Usage (478724K) : Starting RESISTOR CONNECTIONS
2026-08-11 13:53:22 +0200: Memory Usage (478724K) : Starting LVS CAP CONNECTIONS
2026-08-11 13:53:22 +0200: Memory Usage (478724K) : Starting CAP_CMOM CONNECTIONS
2026-08-11 13:53:22 +0200: Memory Usage (478724K) : Starting ESD CONNECTIONS
2026-08-11 13:53:22 +0200: Memory Usage (478724K) : Starting Inductor CONNECTIONS
2026-08-11 13:53:22 +0200: Memory Usage (478724K) : Starting LVS Taps CONNECTIONS
2026-08-11 13:53:22 +0200: Memory Usage (478724K) : Starting SG13G2 LVS DEVICES EXTRACTION
2026-08-11 13:53:22 +0200: Memory Usage (478724K) : Starting MOSFET EXTRACTION
2026-08-11 13:53:22 +0200: Memory Usage (478724K) : Starting NMOS EXTRACTION
2026-08-11 13:53:22 +0200: Memory Usage (478724K) : Extraction of NMOS-LV transistor
2026-08-11 13:53:22 +0200: Memory Usage (478980K) : Extraction of NMOS-HV transistor
2026-08-11 13:53:22 +0200: Memory Usage (478980K) : Starting PMOS EXTRACTION
2026-08-11 13:53:22 +0200: Memory Usage (478980K) : Extraction of PMOS-LV transistor
2026-08-11 13:53:22 +0200: Memory Usage (478980K) : Extraction of PMOS-HV transistor
2026-08-11 13:53:22 +0200: Memory Usage (478980K) : Starting RF-MOSFET EXTRACTION
2026-08-11 13:53:22 +0200: Memory Usage (478980K) : Extraction of RF-NMOS-LV transistor
2026-08-11 13:53:22 +0200: Memory Usage (478980K) : Extraction of RF-NMOS-HV transistor
2026-08-11 13:53:22 +0200: Memory Usage (478980K) : Extraction of RF-PMOS-LV transistor
2026-08-11 13:53:22 +0200: Memory Usage (478980K) : Extraction of RF-PMOS-HV transistor
2026-08-11 13:53:22 +0200: Memory Usage (478980K) : Starting BJT EXTRACTION
2026-08-11 13:53:22 +0200: Memory Usage (478980K) : Starting NPN-BJT EXTRACTION
2026-08-11 13:53:22 +0200: Memory Usage (478980K) : Extraction of npn13G2 BJT transistor
2026-08-11 13:53:22 +0200: Memory Usage (478980K) : Extraction of npn13G2L BJT transistor
2026-08-11 13:53:22 +0200: Memory Usage (478980K) : Extraction of npn13G2V BJT transistor
2026-08-11 13:53:22 +0200: Memory Usage (478980K) : Starting PNP-BJT EXTRACTION
2026-08-11 13:53:22 +0200: Memory Usage (478980K) : Extracting pnpMPA BJT
2026-08-11 13:53:22 +0200: Memory Usage (478980K) : Starting DIODE EXTRACTION
2026-08-11 13:53:22 +0200: Memory Usage (478980K) : Extracting dantenna diode
2026-08-11 13:53:22 +0200: Memory Usage (478980K) : Extracting dpantenna diode
2026-08-11 13:53:22 +0200: Memory Usage (478980K) : Extracting schottky_nbl1 diode
2026-08-11 13:53:22 +0200: Memory Usage (478980K) : Extracting isolbox diode
2026-08-11 13:53:22 +0200: Memory Usage (478980K) : Starting RESISTOR EXTRACTION
2026-08-11 13:53:22 +0200: Memory Usage (478980K) : Extracting rsil resistor
2026-08-11 13:53:22 +0200: Memory Usage (478980K) : Extracting rppd resistor
2026-08-11 13:53:22 +0200: Memory Usage (478980K) : Extracting rhigh resistor
2026-08-11 13:53:22 +0200: Memory Usage (478980K) : Extracting res_metal1 resistor
2026-08-11 13:53:22 +0200: Memory Usage (478980K) : Extracting res_metal2 resistor
2026-08-11 13:53:22 +0200: Memory Usage (478980K) : Extracting res_metal3 resistor
2026-08-11 13:53:22 +0200: Memory Usage (478980K) : Extracting res_metal4 resistor
2026-08-11 13:53:22 +0200: Memory Usage (478980K) : Extracting res_metal5 resistor
2026-08-11 13:53:22 +0200: Memory Usage (478980K) : Extracting res_topmetal1 resistor
2026-08-11 13:53:22 +0200: Memory Usage (478980K) : Extracting res_topmetal2 resistor
2026-08-11 13:53:22 +0200: Memory Usage (478980K) : Starting CAP EXTRACTION
2026-08-11 13:53:22 +0200: Memory Usage (478980K) : Extracting cap_cmim device
2026-08-11 13:53:22 +0200: Memory Usage (478980K) : Extracting rfcmim device
2026-08-11 13:53:22 +0200: Memory Usage (478980K) : Extracting sg13_hv_svaricap varactor
2026-08-11 13:53:22 +0200: Memory Usage (478980K) : Extracting cap_cmomi device
2026-08-11 13:53:22 +0200: Memory Usage (478980K) : Extracting sg13_moscap_n capacitor
2026-08-11 13:53:22 +0200: Memory Usage (478980K) : Extracting sg13_moscap_p capacitor
2026-08-11 13:53:22 +0200: Memory Usage (478980K) : Starting ESD EXTRACTION
2026-08-11 13:53:22 +0200: Memory Usage (478980K) : Extracting diodevdd_2kv ESD device
2026-08-11 13:53:22 +0200: Memory Usage (478980K) : Extracting diodevdd_4kv ESD device
2026-08-11 13:53:22 +0200: Memory Usage (478980K) : Extracting diodevss_2kv ESD device
2026-08-11 13:53:22 +0200: Memory Usage (478980K) : Extracting diodevss_4kv ESD device
2026-08-11 13:53:22 +0200: Memory Usage (478980K) : Extracting idiodevdd_2kv ESD device
2026-08-11 13:53:22 +0200: Memory Usage (478980K) : Extracting idiodevdd_4kv ESD device
2026-08-11 13:53:22 +0200: Memory Usage (478980K) : Extracting idiodevss_2kv ESD device
2026-08-11 13:53:22 +0200: Memory Usage (478980K) : Extracting idiodevss_4kv ESD device
2026-08-11 13:53:22 +0200: Memory Usage (478980K) : Extracting nmoscl_2 ESD device
2026-08-11 13:53:22 +0200: Memory Usage (478980K) : Extracting nmoscl_4 ESD device
2026-08-11 13:53:22 +0200: Memory Usage (478980K) : Starting Inductor EXTRACTION
2026-08-11 13:53:22 +0200: Memory Usage (478980K) : Extracting Inductor2 device
2026-08-11 13:53:22 +0200: Memory Usage (478980K) : Extracting Inductor3 device
2026-08-11 13:53:22 +0200: Memory Usage (478980K) : Starting Taps EXTRACTION
2026-08-11 13:53:22 +0200: Memory Usage (478980K) : Extracting ntap1 device
2026-08-11 13:53:22 +0200: Memory Usage (478980K) : Extracting ptap1 device
2026-08-11 13:53:22 +0200: Memory Usage (478980K) : Starting SG13G2 LVS RF MOS Model Mapping
2026-08-11 13:53:22 +0200: Memory Usage (489988K) : [layout_netlist] Apply RF MOS model mapping and rfmode parameter.
2026-08-11 13:53:22 +0200: Memory Usage (489988K) : Starting SG13G2 LVS Options Preparations
2026-08-11 13:53:22 +0200: Memory Usage (489988K) : SG13G2 LVS flow: extraction -> alignment -> option preparation -> comparison.
2026-08-11 13:53:22 +0200: Memory Usage (489988K) : Starting SG13G2 LVS Alignment
2026-08-11 13:53:22 +0200: Memory Usage (490116K) : Starting SG13G2 LVS Simplification
2026-08-11 13:53:22 +0200: Memory Usage (490116K) : [layout_netlist] simplify: ENABLED
2026-08-11 13:53:22 +0200: Memory Usage (490116K) : [layout_netlist] make_top_level_pins: SKIPPED
2026-08-11 13:53:22 +0200: Memory Usage (490116K) : [layout_netlist] combine_devices: ENABLED
2026-08-11 13:53:22 +0200: Memory Usage (490116K) : [layout_netlist] purge: SKIPPED
2026-08-11 13:53:22 +0200: Memory Usage (490116K) : [layout_netlist] purge_nets: SKIPPED
2026-08-11 13:53:22 +0200: Memory Usage (490116K) : [schematic_netlist] simplify: ENABLED
2026-08-11 13:53:22 +0200: Memory Usage (490116K) : [schematic_netlist] make_top_level_pins: SKIPPED
2026-08-11 13:53:22 +0200: Memory Usage (490116K) : [schematic_netlist] combine_devices: ENABLED
2026-08-11 13:53:22 +0200: Memory Usage (490116K) : [schematic_netlist] purge: SKIPPED
2026-08-11 13:53:22 +0200: Memory Usage (490116K) : [schematic_netlist] purge_nets: SKIPPED
2026-08-11 13:53:22 +0200: Memory Usage (490116K) : Starting SG13G2 LVS Comparison
2026-08-11 13:53:22 +0200: Memory Usage (490244K) : ==========================================
2026-08-11 13:53:22 +0200: Memory Usage (490244K) : INFO : Congratulations! Netlists match.
2026-08-11 13:53:22 +0200: Memory Usage (490244K) : ==========================================
2026-08-11 13:53:22 +0200: Memory Usage (490244K) : LVS Total Run time 4.170956 seconds
