# Logfile created on 2026-08-11 13:54:30 +0200 by logger.rb/v1.5.3
2026-08-11 13:54:30 +0200: Memory Usage (455092K) : Starting running SG13G2 Klayout LVS runset on /foss/designs/ihp-open-pdk-regression/IOPADS/layout/sg13g2_IOPadInOut16mA.gds
2026-08-11 13:54:30 +0200: Memory Usage (455092K) : Ruby Version for klayout: 3.2.3
2026-08-11 13:54:30 +0200: Memory Usage (457140K) : Loading database to memory is complete.
2026-08-11 13:54:30 +0200: Memory Usage (457140K) : SG13G2 Klayout LVS runset output at: /foss/designs/ihp-open-pdk-regression/IOPADS/lvs_sweep/20260811_135408/sg13g2_IOPadInOut16mA/sg13g2_IOPadInOut16mA.lvsdb
2026-08-11 13:54:30 +0200: Memory Usage (457140K) : Evaluate switches.
2026-08-11 13:54:30 +0200: Memory Usage (457140K) : Extracted netlist with net names: true
2026-08-11 13:54:30 +0200: Memory Usage (457140K) : Extracted netlist with comments in details: false
2026-08-11 13:54:30 +0200: Memory Usage (457140K) : Selected NET_ONLY option: false
2026-08-11 13:54:30 +0200: Memory Usage (457140K) : Selected LAYOUT_NETLIST option: (none)
2026-08-11 13:54:30 +0200: Memory Usage (457140K) : Selected IGNORE_TOP_PORTS_MISMATCH option: true
2026-08-11 13:54:30 +0200: Memory Usage (457140K) : Selected IMPLICIT_NETS option: iovss,iovdd,vss,vdd,pad,cathode,anode
2026-08-11 13:54:30 +0200: Memory Usage (457140K) : Selected TOP_LVL_PINS option: false
2026-08-11 13:54:30 +0200: Memory Usage (457140K) : Selected COMBINE DEVICES option: true
2026-08-11 13:54:30 +0200: Memory Usage (457140K) : Selected PURGE option: false
2026-08-11 13:54:30 +0200: Memory Usage (457140K) : Selected PURGE_NETS option: false
2026-08-11 13:54:30 +0200: Memory Usage (457140K) : Selected SIMPLIFY option: true
2026-08-11 13:54:30 +0200: Memory Usage (457140K) : Selected SERIES_RES option: true
2026-08-11 13:54:30 +0200: Memory Usage (457140K) : Selected PARALLEL_RES option: true
2026-08-11 13:54:30 +0200: Memory Usage (457140K) : Selected DISABLE_TAP_EXTRACTION option: false
2026-08-11 13:54:30 +0200: Memory Usage (457140K) : deep  mode is enabled.
2026-08-11 13:54:30 +0200: Memory Usage (457140K) : Applying implicit connections (case-sensitive, pattern supported) for nets: iovss, iovdd, vss, vdd, pad, cathode, anode
2026-08-11 13:54:30 +0200: Memory Usage (458548K) : Netlist file: /foss/designs/ihp-open-pdk-regression/IOPADS/netlist/pads_sub/sg13g2_IOPadInOut16mA.spi
2026-08-11 13:54:30 +0200: Memory Usage (458548K) : LVS extracted netlist at: /foss/designs/ihp-open-pdk-regression/IOPADS/lvs_sweep/20260811_135408/sg13g2_IOPadInOut16mA/sg13g2_IOPadInOut16mA_extracted.cir
2026-08-11 13:54:30 +0200: Memory Usage (458548K) : Applying SRAM integration support.
2026-08-11 13:54:30 +0200: Memory Usage (458548K) : Starting SG13G2 LVS runset
2026-08-11 13:54:30 +0200: Memory Usage (458548K) : Read in polygons from layers.
2026-08-11 13:54:30 +0200: Memory Usage (459828K) : activ_drw has 110 polygons
2026-08-11 13:54:30 +0200: Memory Usage (459956K) : activ_filler has 0 polygons
2026-08-11 13:54:30 +0200: Memory Usage (460084K) : activ has 110 polygons
2026-08-11 13:54:30 +0200: Memory Usage (460084K) : activ_pin has 0 polygons
2026-08-11 13:54:30 +0200: Memory Usage (460084K) : activ_mask has 0 polygons
2026-08-11 13:54:30 +0200: Memory Usage (460084K) : activ_nofill has 0 polygons
2026-08-11 13:54:30 +0200: Memory Usage (460084K) : activ_OPC has 0 polygons
2026-08-11 13:54:30 +0200: Memory Usage (460084K) : activ_iOPC has 0 polygons
2026-08-11 13:54:30 +0200: Memory Usage (460212K) : activ_noqrc has 0 polygons
2026-08-11 13:54:30 +0200: Memory Usage (460340K) : biwind_drw has 0 polygons
2026-08-11 13:54:30 +0200: Memory Usage (460340K) : biwind_OPC has 0 polygons
2026-08-11 13:54:30 +0200: Memory Usage (460468K) : gatpoly_drw has 55 polygons
2026-08-11 13:54:30 +0200: Memory Usage (460724K) : gatpoly_filler has 0 polygons
2026-08-11 13:54:30 +0200: Memory Usage (460852K) : gatpoly has 55 polygons
2026-08-11 13:54:30 +0200: Memory Usage (460852K) : gatpoly_pin has 6 polygons
2026-08-11 13:54:30 +0200: Memory Usage (460980K) : gatpoly_nofill has 0 polygons
2026-08-11 13:54:30 +0200: Memory Usage (460980K) : gatpoly_OPC has 0 polygons
2026-08-11 13:54:30 +0200: Memory Usage (460980K) : gatpoly_iOPC has 0 polygons
2026-08-11 13:54:30 +0200: Memory Usage (460980K) : gatpoly_noqrc has 0 polygons
2026-08-11 13:54:31 +0200: Memory Usage (462388K) : cont_drw has 46400 polygons
2026-08-11 13:54:31 +0200: Memory Usage (462388K) : cont_OPC has 0 polygons
2026-08-11 13:54:31 +0200: Memory Usage (462388K) : nsd_drw has 0 polygons
2026-08-11 13:54:31 +0200: Memory Usage (462388K) : nsd_block has 0 polygons
2026-08-11 13:54:31 +0200: Memory Usage (462388K) : metal1_drw has 312 polygons
2026-08-11 13:54:31 +0200: Memory Usage (462388K) : metal1_filler has 0 polygons
2026-08-11 13:54:31 +0200: Memory Usage (462388K) : metal1_slit has 0 polygons
2026-08-11 13:54:31 +0200: Memory Usage (462772K) : metal1 has 312 polygons
2026-08-11 13:54:31 +0200: Memory Usage (462772K) : metal1_pin has 57 polygons
2026-08-11 13:54:31 +0200: Memory Usage (462772K) : metal1_mask has 0 polygons
2026-08-11 13:54:31 +0200: Memory Usage (462772K) : metal1_nofill has 0 polygons
2026-08-11 13:54:31 +0200: Memory Usage (462900K) : metal1_text has 47 polygons
2026-08-11 13:54:31 +0200: Memory Usage (463028K) : metal1_OPC has 0 polygons
2026-08-11 13:54:31 +0200: Memory Usage (463028K) : metal1_noqrc has 0 polygons
2026-08-11 13:54:31 +0200: Memory Usage (463028K) : metal1_res has 0 polygons
2026-08-11 13:54:31 +0200: Memory Usage (463156K) : metal1_iprobe has 0 polygons
2026-08-11 13:54:31 +0200: Memory Usage (463284K) : metal1_diffprb has 0 polygons
2026-08-11 13:54:31 +0200: Memory Usage (463284K) : passiv_drw has 0 polygons
2026-08-11 13:54:31 +0200: Memory Usage (463412K) : passiv_pin has 0 polygons
2026-08-11 13:54:31 +0200: Memory Usage (463412K) : passiv_sbump has 0 polygons
2026-08-11 13:54:31 +0200: Memory Usage (463540K) : passiv_pillar has 0 polygons
2026-08-11 13:54:31 +0200: Memory Usage (463540K) : passiv_pdl has 0 polygons
2026-08-11 13:54:31 +0200: Memory Usage (463668K) : metal2_drw has 90 polygons
2026-08-11 13:54:31 +0200: Memory Usage (463796K) : metal2_filler has 0 polygons
2026-08-11 13:54:31 +0200: Memory Usage (463796K) : metal2_slit has 0 polygons
2026-08-11 13:54:31 +0200: Memory Usage (463796K) : metal2 has 90 polygons
2026-08-11 13:54:31 +0200: Memory Usage (463924K) : metal2_pin has 27 polygons
2026-08-11 13:54:31 +0200: Memory Usage (463924K) : metal2_mask has 0 polygons
2026-08-11 13:54:31 +0200: Memory Usage (463924K) : metal2_nofill has 0 polygons
2026-08-11 13:54:31 +0200: Memory Usage (464052K) : metal2_text has 27 polygons
2026-08-11 13:54:31 +0200: Memory Usage (464052K) : metal2_OPC has 0 polygons
2026-08-11 13:54:31 +0200: Memory Usage (464052K) : metal2_noqrc has 0 polygons
2026-08-11 13:54:31 +0200: Memory Usage (464180K) : metal2_res has 0 polygons
2026-08-11 13:54:31 +0200: Memory Usage (464180K) : metal2_iprobe has 0 polygons
2026-08-11 13:54:31 +0200: Memory Usage (464308K) : metal2_diffprb has 0 polygons
2026-08-11 13:54:31 +0200: Memory Usage (464436K) : baspoly_drw has 0 polygons
2026-08-11 13:54:31 +0200: Memory Usage (464436K) : baspoly_pin has 0 polygons
2026-08-11 13:54:31 +0200: Memory Usage (464564K) : psd_drw has 45 polygons
2026-08-11 13:54:31 +0200: Memory Usage (464564K) : nldb_drw has 0 polygons
2026-08-11 13:54:31 +0200: Memory Usage (464692K) : digibnd_drw has 0 polygons
2026-08-11 13:54:31 +0200: Memory Usage (464692K) : via1_drw has 1757 polygons
2026-08-11 13:54:31 +0200: Memory Usage (464820K) : backmetal1_drw has 0 polygons
2026-08-11 13:54:31 +0200: Memory Usage (464820K) : backmetal1_pin has 0 polygons
2026-08-11 13:54:31 +0200: Memory Usage (464948K) : backmetal1_mask has 0 polygons
2026-08-11 13:54:31 +0200: Memory Usage (465076K) : backmetal1_filler has 0 polygons
2026-08-11 13:54:31 +0200: Memory Usage (465076K) : backmetal1_nofill has 0 polygons
2026-08-11 13:54:31 +0200: Memory Usage (465204K) : backmetal1_slit has 0 polygons
2026-08-11 13:54:31 +0200: Memory Usage (465204K) : backmetal1_text has 0 polygons
2026-08-11 13:54:31 +0200: Memory Usage (465332K) : backmetal1_OPC has 0 polygons
2026-08-11 13:54:31 +0200: Memory Usage (465332K) : backmetal1_noqrc has 0 polygons
2026-08-11 13:54:31 +0200: Memory Usage (465460K) : backmetal1_res has 0 polygons
2026-08-11 13:54:31 +0200: Memory Usage (465460K) : backmetal1_iprobe has 0 polygons
2026-08-11 13:54:31 +0200: Memory Usage (465588K) : backmetal1_diffprb has 0 polygons
2026-08-11 13:54:31 +0200: Memory Usage (465588K) : backpassiv_drw has 0 polygons
2026-08-11 13:54:31 +0200: Memory Usage (465716K) : res_drw has 0 polygons
2026-08-11 13:54:31 +0200: Memory Usage (465716K) : sram_drw has 0 polygons
2026-08-11 13:54:31 +0200: Memory Usage (465844K) : trans_drw has 0 polygons
2026-08-11 13:54:31 +0200: Memory Usage (465972K) : ind_drw has 0 polygons
2026-08-11 13:54:31 +0200: Memory Usage (465972K) : ind_pin has 0 polygons
2026-08-11 13:54:31 +0200: Memory Usage (466100K) : ind_text has 0 polygons
2026-08-11 13:54:31 +0200: Memory Usage (466100K) : salblock_drw has 1 polygons
2026-08-11 13:54:31 +0200: Memory Usage (466100K) : via2_drw has 1442 polygons
2026-08-11 13:54:31 +0200: Memory Usage (466228K) : metal3_drw has 21 polygons
2026-08-11 13:54:31 +0200: Memory Usage (466228K) : metal3_filler has 0 polygons
2026-08-11 13:54:31 +0200: Memory Usage (466356K) : metal3_slit has 0 polygons
2026-08-11 13:54:31 +0200: Memory Usage (466484K) : metal3 has 21 polygons
2026-08-11 13:54:31 +0200: Memory Usage (466484K) : metal3_pin has 11 polygons
2026-08-11 13:54:31 +0200: Memory Usage (466612K) : metal3_mask has 0 polygons
2026-08-11 13:54:31 +0200: Memory Usage (466612K) : metal3_nofill has 0 polygons
2026-08-11 13:54:31 +0200: Memory Usage (466740K) : metal3_text has 11 polygons
2026-08-11 13:54:31 +0200: Memory Usage (466740K) : metal3_OPC has 0 polygons
2026-08-11 13:54:31 +0200: Memory Usage (466868K) : metal3_noqrc has 0 polygons
2026-08-11 13:54:31 +0200: Memory Usage (466868K) : metal3_res has 0 polygons
2026-08-11 13:54:31 +0200: Memory Usage (466996K) : metal3_iprobe has 0 polygons
2026-08-11 13:54:31 +0200: Memory Usage (466996K) : metal3_diffprb has 0 polygons
2026-08-11 13:54:31 +0200: Memory Usage (467124K) : nwell_drw has 29 polygons
2026-08-11 13:54:31 +0200: Memory Usage (467124K) : nwell_pin has 0 polygons
2026-08-11 13:54:31 +0200: Memory Usage (467252K) : nwell_text has 0 polygons
2026-08-11 13:54:31 +0200: Memory Usage (467252K) : nbulay_drw has 0 polygons
2026-08-11 13:54:31 +0200: Memory Usage (467380K) : nbulay_pin has 0 polygons
2026-08-11 13:54:31 +0200: Memory Usage (467380K) : nbulay_block has 0 polygons
2026-08-11 13:54:31 +0200: Memory Usage (467508K) : emwind_drw has 0 polygons
2026-08-11 13:54:31 +0200: Memory Usage (467508K) : emwind_OPC has 0 polygons
2026-08-11 13:54:31 +0200: Memory Usage (467636K) : deepco_drw has 0 polygons
2026-08-11 13:54:31 +0200: Memory Usage (467764K) : mim_drw has 0 polygons
2026-08-11 13:54:31 +0200: Memory Usage (467764K) : edgeseal_drw has 0 polygons
2026-08-11 13:54:31 +0200: Memory Usage (467892K) : substrate_drw has 29 polygons
2026-08-11 13:54:31 +0200: Memory Usage (467892K) : substrate_text has 0 polygons
2026-08-11 13:54:31 +0200: Memory Usage (468020K) : dfpad_drw has 0 polygons
2026-08-11 13:54:31 +0200: Memory Usage (468020K) : dfpad_pillar has 0 polygons
2026-08-11 13:54:31 +0200: Memory Usage (468148K) : dfpad_sbump has 0 polygons
2026-08-11 13:54:31 +0200: Memory Usage (468148K) : thickgateox_drw has 8 polygons
2026-08-11 13:54:31 +0200: Memory Usage (468276K) : pldb_drw has 0 polygons
2026-08-11 13:54:31 +0200: Memory Usage (468276K) : pwell_drw has 0 polygons
2026-08-11 13:54:31 +0200: Memory Usage (468404K) : pwell_pin has 0 polygons
2026-08-11 13:54:31 +0200: Memory Usage (468404K) : pwell_block has 0 polygons
2026-08-11 13:54:31 +0200: Memory Usage (468532K) : ic_drw has 0 polygons
2026-08-11 13:54:31 +0200: Memory Usage (468660K) : via3_drw has 2087 polygons
2026-08-11 13:54:31 +0200: Memory Usage (468788K) : metal4_drw has 8 polygons
2026-08-11 13:54:31 +0200: Memory Usage (468788K) : metal4_filler has 0 polygons
2026-08-11 13:54:31 +0200: Memory Usage (468788K) : metal4_slit has 0 polygons
2026-08-11 13:54:31 +0200: Memory Usage (468916K) : metal4 has 8 polygons
2026-08-11 13:54:31 +0200: Memory Usage (469044K) : metal4_pin has 8 polygons
2026-08-11 13:54:31 +0200: Memory Usage (469044K) : metal4_mask has 0 polygons
2026-08-11 13:54:31 +0200: Memory Usage (469172K) : metal4_nofill has 0 polygons
2026-08-11 13:54:31 +0200: Memory Usage (469172K) : metal4_text has 8 polygons
2026-08-11 13:54:31 +0200: Memory Usage (469300K) : metal4_OPC has 0 polygons
2026-08-11 13:54:31 +0200: Memory Usage (469300K) : metal4_noqrc has 0 polygons
2026-08-11 13:54:31 +0200: Memory Usage (469428K) : metal4_res has 0 polygons
2026-08-11 13:54:31 +0200: Memory Usage (469428K) : metal4_iprobe has 0 polygons
2026-08-11 13:54:31 +0200: Memory Usage (469428K) : metal4_diffprb has 0 polygons
2026-08-11 13:54:31 +0200: Memory Usage (469428K) : heattrans_drw has 6 polygons
2026-08-11 13:54:31 +0200: Memory Usage (469428K) : heatres_drw has 0 polygons
2026-08-11 13:54:31 +0200: Memory Usage (469428K) : fbe_drw has 0 polygons
2026-08-11 13:54:31 +0200: Memory Usage (469428K) : empoly_drw has 0 polygons
2026-08-11 13:54:31 +0200: Memory Usage (469428K) : digisub_drw has 0 polygons
2026-08-11 13:54:31 +0200: Memory Usage (469428K) : text_drw has 29 polygons
2026-08-11 13:54:31 +0200: Memory Usage (469428K) : via4_drw has 2371 polygons
2026-08-11 13:54:31 +0200: Memory Usage (469428K) : metal5_drw has 8 polygons
2026-08-11 13:54:31 +0200: Memory Usage (469428K) : metal5_filler has 0 polygons
2026-08-11 13:54:31 +0200: Memory Usage (469428K) : metal5_slit has 0 polygons
2026-08-11 13:54:31 +0200: Memory Usage (469428K) : metal5 has 8 polygons
2026-08-11 13:54:31 +0200: Memory Usage (469428K) : metal5_pin has 8 polygons
2026-08-11 13:54:31 +0200: Memory Usage (469428K) : metal5_mask has 0 polygons
2026-08-11 13:54:31 +0200: Memory Usage (469428K) : metal5_nofill has 0 polygons
2026-08-11 13:54:31 +0200: Memory Usage (469428K) : metal5_text has 8 polygons
2026-08-11 13:54:31 +0200: Memory Usage (469428K) : metal5_OPC has 0 polygons
2026-08-11 13:54:31 +0200: Memory Usage (469428K) : metal5_noqrc has 0 polygons
2026-08-11 13:54:31 +0200: Memory Usage (469428K) : metal5_res has 0 polygons
2026-08-11 13:54:31 +0200: Memory Usage (469428K) : metal5_iprobe has 0 polygons
2026-08-11 13:54:31 +0200: Memory Usage (469428K) : metal5_diffprb has 0 polygons
2026-08-11 13:54:31 +0200: Memory Usage (469428K) : radhard_drw has 0 polygons
2026-08-11 13:54:31 +0200: Memory Usage (469428K) : memcap_drw has 0 polygons
2026-08-11 13:54:31 +0200: Memory Usage (469428K) : varicap_drw has 0 polygons
2026-08-11 13:54:31 +0200: Memory Usage (469428K) : intbondvia_drw has 0 polygons
2026-08-11 13:54:31 +0200: Memory Usage (469428K) : intbondmet_drw has 0 polygons
2026-08-11 13:54:31 +0200: Memory Usage (469428K) : devbondvia_drw has 0 polygons
2026-08-11 13:54:31 +0200: Memory Usage (469428K) : devbondmet_drw has 0 polygons
2026-08-11 13:54:31 +0200: Memory Usage (469428K) : devtrench_drw has 0 polygons
2026-08-11 13:54:31 +0200: Memory Usage (469428K) : redist_drw has 0 polygons
2026-08-11 13:54:31 +0200: Memory Usage (469428K) : graphbot_drw has 0 polygons
2026-08-11 13:54:31 +0200: Memory Usage (469428K) : graphtop_drw has 0 polygons
2026-08-11 13:54:31 +0200: Memory Usage (469428K) : antvia1_drw has 0 polygons
2026-08-11 13:54:31 +0200: Memory Usage (469428K) : antmetal2_drw has 0 polygons
2026-08-11 13:54:31 +0200: Memory Usage (469428K) : graphcont_drw has 0 polygons
2026-08-11 13:54:31 +0200: Memory Usage (469428K) : siwg_drw has 0 polygons
2026-08-11 13:54:31 +0200: Memory Usage (469428K) : siwg_filler has 0 polygons
2026-08-11 13:54:31 +0200: Memory Usage (469428K) : siwg_nofill has 0 polygons
2026-08-11 13:54:31 +0200: Memory Usage (469428K) : sigrating_drw has 0 polygons
2026-08-11 13:54:31 +0200: Memory Usage (469428K) : singrating_drw has 0 polygons
2026-08-11 13:54:31 +0200: Memory Usage (469428K) : graphpas_drw has 0 polygons
2026-08-11 13:54:31 +0200: Memory Usage (469428K) : emwind3_drw has 0 polygons
2026-08-11 13:54:31 +0200: Memory Usage (469428K) : emwihv3_drw has 0 polygons
2026-08-11 13:54:31 +0200: Memory Usage (469428K) : redbulay_drw has 0 polygons
2026-08-11 13:54:31 +0200: Memory Usage (469428K) : smos_drw has 0 polygons
2026-08-11 13:54:31 +0200: Memory Usage (469428K) : graphpad_drw has 0 polygons
2026-08-11 13:54:31 +0200: Memory Usage (469428K) : polimide_drw has 0 polygons
2026-08-11 13:54:31 +0200: Memory Usage (469428K) : polimide_pin has 0 polygons
2026-08-11 13:54:31 +0200: Memory Usage (469428K) : recog_drw has 0 polygons
2026-08-11 13:54:31 +0200: Memory Usage (469428K) : recog_pin has 0 polygons
2026-08-11 13:54:31 +0200: Memory Usage (469428K) : recog_esd has 0 polygons
2026-08-11 13:54:31 +0200: Memory Usage (469428K) : recog_diode has 8 polygons
2026-08-11 13:54:31 +0200: Memory Usage (469428K) : recog_tsv has 0 polygons
2026-08-11 13:54:31 +0200: Memory Usage (469428K) : recog_iprobe has 0 polygons
2026-08-11 13:54:31 +0200: Memory Usage (469428K) : recog_diffprb has 0 polygons
2026-08-11 13:54:31 +0200: Memory Usage (469428K) : recog_pillar has 0 polygons
2026-08-11 13:54:31 +0200: Memory Usage (469428K) : recog_sbump has 0 polygons
2026-08-11 13:54:31 +0200: Memory Usage (469428K) : recog_otp has 0 polygons
2026-08-11 13:54:31 +0200: Memory Usage (469428K) : recog_pdiode has 0 polygons
2026-08-11 13:54:31 +0200: Memory Usage (469428K) : recog_mom has 0 polygons
2026-08-11 13:54:31 +0200: Memory Usage (469428K) : recog_pcm has 0 polygons
2026-08-11 13:54:31 +0200: Memory Usage (469428K) : colopen_drw has 0 polygons
2026-08-11 13:54:31 +0200: Memory Usage (469428K) : graphmetal1_drw has 0 polygons
2026-08-11 13:54:31 +0200: Memory Usage (469428K) : graphmetal1_filler has 0 polygons
2026-08-11 13:54:31 +0200: Memory Usage (469428K) : graphmetal1_nofill has 0 polygons
2026-08-11 13:54:31 +0200: Memory Usage (469428K) : graphmetal1_slit has 0 polygons
2026-08-11 13:54:31 +0200: Memory Usage (469428K) : graphmetal1_OPC has 0 polygons
2026-08-11 13:54:31 +0200: Memory Usage (469428K) : graphmet1l_drw has 0 polygons
2026-08-11 13:54:31 +0200: Memory Usage (469428K) : graphmet1l_filler has 0 polygons
2026-08-11 13:54:31 +0200: Memory Usage (469428K) : graphmet1l_nofill has 0 polygons
2026-08-11 13:54:31 +0200: Memory Usage (469428K) : graphmet1l_slit has 0 polygons
2026-08-11 13:54:31 +0200: Memory Usage (469428K) : graphmet1l_OPC has 0 polygons
2026-08-11 13:54:31 +0200: Memory Usage (469428K) : extblock_drw has 1 polygons
2026-08-11 13:54:31 +0200: Memory Usage (469428K) : nldd_drw has 0 polygons
2026-08-11 13:54:31 +0200: Memory Usage (469428K) : pldd_drw has 0 polygons
2026-08-11 13:54:31 +0200: Memory Usage (469428K) : next_drw has 0 polygons
2026-08-11 13:54:31 +0200: Memory Usage (469428K) : pext_drw has 0 polygons
2026-08-11 13:54:31 +0200: Memory Usage (469428K) : nexthv_drw has 0 polygons
2026-08-11 13:54:31 +0200: Memory Usage (469428K) : pexthv_drw has 0 polygons
2026-08-11 13:54:31 +0200: Memory Usage (469428K) : graphgate_drw has 0 polygons
2026-08-11 13:54:31 +0200: Memory Usage (469428K) : sinwg_drw has 0 polygons
2026-08-11 13:54:31 +0200: Memory Usage (469428K) : sinwg_filler has 0 polygons
2026-08-11 13:54:31 +0200: Memory Usage (469428K) : sinwg_nofill has 0 polygons
2026-08-11 13:54:31 +0200: Memory Usage (469428K) : mempad_drw has 0 polygons
2026-08-11 13:54:31 +0200: Memory Usage (469428K) : topvia1_drw has 2315 polygons
2026-08-11 13:54:31 +0200: Memory Usage (469428K) : topmetal1_drw has 8 polygons
2026-08-11 13:54:31 +0200: Memory Usage (469428K) : topmetal1_filler has 0 polygons
2026-08-11 13:54:31 +0200: Memory Usage (469428K) : topmetal1_slit has 0 polygons
2026-08-11 13:54:31 +0200: Memory Usage (469428K) : topmetal1 has 8 polygons
2026-08-11 13:54:31 +0200: Memory Usage (469428K) : topmetal1_pin has 8 polygons
2026-08-11 13:54:31 +0200: Memory Usage (469428K) : topmetal1_mask has 0 polygons
2026-08-11 13:54:31 +0200: Memory Usage (469428K) : topmetal1_nofill has 0 polygons
2026-08-11 13:54:31 +0200: Memory Usage (469428K) : topmetal1_text has 8 polygons
2026-08-11 13:54:31 +0200: Memory Usage (469428K) : topmetal1_noqrc has 0 polygons
2026-08-11 13:54:31 +0200: Memory Usage (469428K) : topmetal1_res has 0 polygons
2026-08-11 13:54:31 +0200: Memory Usage (469428K) : topmetal1_iprobe has 0 polygons
2026-08-11 13:54:31 +0200: Memory Usage (469428K) : topmetal1_diffprb has 0 polygons
2026-08-11 13:54:31 +0200: Memory Usage (469428K) : inldpwl_drw has 0 polygons
2026-08-11 13:54:31 +0200: Memory Usage (469428K) : polyres_drw has 1 polygons
2026-08-11 13:54:31 +0200: Memory Usage (469428K) : polyres_pin has 0 polygons
2026-08-11 13:54:31 +0200: Memory Usage (469428K) : vmim_drw has 0 polygons
2026-08-11 13:54:31 +0200: Memory Usage (469428K) : nbulaycut_drw has 0 polygons
2026-08-11 13:54:31 +0200: Memory Usage (469428K) : antmetal1_drw has 0 polygons
2026-08-11 13:54:31 +0200: Memory Usage (469428K) : topvia2_drw has 1593 polygons
2026-08-11 13:54:31 +0200: Memory Usage (469428K) : topmetal2_drw has 6 polygons
2026-08-11 13:54:31 +0200: Memory Usage (469428K) : topmetal2_filler has 0 polygons
2026-08-11 13:54:31 +0200: Memory Usage (469428K) : topmetal2_slit has 0 polygons
2026-08-11 13:54:31 +0200: Memory Usage (469428K) : topmetal2 has 6 polygons
2026-08-11 13:54:31 +0200: Memory Usage (469428K) : topmetal2_pin has 6 polygons
2026-08-11 13:54:31 +0200: Memory Usage (469428K) : topmetal2_mask has 0 polygons
2026-08-11 13:54:31 +0200: Memory Usage (469428K) : topmetal2_nofill has 0 polygons
2026-08-11 13:54:31 +0200: Memory Usage (469428K) : topmetal2_text has 6 polygons
2026-08-11 13:54:31 +0200: Memory Usage (469428K) : topmetal2_noqrc has 0 polygons
2026-08-11 13:54:31 +0200: Memory Usage (469428K) : topmetal2_res has 0 polygons
2026-08-11 13:54:31 +0200: Memory Usage (469428K) : topmetal2_iprobe has 0 polygons
2026-08-11 13:54:31 +0200: Memory Usage (469428K) : topmetal2_diffprb has 0 polygons
2026-08-11 13:54:31 +0200: Memory Usage (469428K) : snsring_drw has 0 polygons
2026-08-11 13:54:31 +0200: Memory Usage (469428K) : sensor_drw has 0 polygons
2026-08-11 13:54:31 +0200: Memory Usage (469428K) : snsarms_drw has 0 polygons
2026-08-11 13:54:31 +0200: Memory Usage (469428K) : snscmosvia_drw has 0 polygons
2026-08-11 13:54:31 +0200: Memory Usage (469428K) : colwind_drw has 0 polygons
2026-08-11 13:54:31 +0200: Memory Usage (469428K) : flm_drw has 0 polygons
2026-08-11 13:54:31 +0200: Memory Usage (469428K) : hafniumox_drw has 0 polygons
2026-08-11 13:54:31 +0200: Memory Usage (469428K) : memvia_drw has 0 polygons
2026-08-11 13:54:31 +0200: Memory Usage (469428K) : thinfilmres_drw has 0 polygons
2026-08-11 13:54:31 +0200: Memory Usage (469556K) : rfmem_drw has 0 polygons
2026-08-11 13:54:31 +0200: Memory Usage (469556K) : norcx_drw has 0 polygons
2026-08-11 13:54:31 +0200: Memory Usage (469684K) : norcx_m2m3 has 0 polygons
2026-08-11 13:54:31 +0200: Memory Usage (469812K) : norcx_m2m4 has 0 polygons
2026-08-11 13:54:31 +0200: Memory Usage (469812K) : norcx_m2m5 has 0 polygons
2026-08-11 13:54:31 +0200: Memory Usage (469940K) : norcx_m2tm1 has 0 polygons
2026-08-11 13:54:31 +0200: Memory Usage (469940K) : norcx_m2tm2 has 0 polygons
2026-08-11 13:54:31 +0200: Memory Usage (470068K) : norcx_m3m4 has 0 polygons
2026-08-11 13:54:31 +0200: Memory Usage (470068K) : norcx_m3m5 has 0 polygons
2026-08-11 13:54:31 +0200: Memory Usage (470196K) : norcx_m3tm1 has 0 polygons
2026-08-11 13:54:31 +0200: Memory Usage (470196K) : norcx_m3tm2 has 0 polygons
2026-08-11 13:54:31 +0200: Memory Usage (470324K) : norcx_m4m5 has 0 polygons
2026-08-11 13:54:31 +0200: Memory Usage (470324K) : norcx_m4tm1 has 0 polygons
2026-08-11 13:54:31 +0200: Memory Usage (470452K) : norcx_m4tm2 has 0 polygons
2026-08-11 13:54:31 +0200: Memory Usage (470580K) : norcx_m5tm1 has 0 polygons
2026-08-11 13:54:31 +0200: Memory Usage (470580K) : norcx_m5tm2 has 0 polygons
2026-08-11 13:54:31 +0200: Memory Usage (470708K) : norcx_tm1tm2 has 0 polygons
2026-08-11 13:54:31 +0200: Memory Usage (470708K) : norcx_m1sub has 0 polygons
2026-08-11 13:54:31 +0200: Memory Usage (470836K) : norcx_m2sub has 0 polygons
2026-08-11 13:54:31 +0200: Memory Usage (470836K) : norcx_m3sub has 0 polygons
2026-08-11 13:54:31 +0200: Memory Usage (470964K) : norcx_m4sub has 0 polygons
2026-08-11 13:54:31 +0200: Memory Usage (470964K) : norcx_m5sub has 0 polygons
2026-08-11 13:54:31 +0200: Memory Usage (471092K) : norcx_tm1sub has 0 polygons
2026-08-11 13:54:31 +0200: Memory Usage (471092K) : norcx_tm2sub has 0 polygons
2026-08-11 13:54:31 +0200: Memory Usage (471220K) : snsbotvia_drw has 0 polygons
2026-08-11 13:54:31 +0200: Memory Usage (471220K) : snstopvia_drw has 0 polygons
2026-08-11 13:54:31 +0200: Memory Usage (471348K) : deepvia_drw has 0 polygons
2026-08-11 13:54:31 +0200: Memory Usage (471476K) : fgetch_drw has 0 polygons
2026-08-11 13:54:31 +0200: Memory Usage (471476K) : ctrgat_drw has 0 polygons
2026-08-11 13:54:31 +0200: Memory Usage (471604K) : fgimp_drw has 0 polygons
2026-08-11 13:54:31 +0200: Memory Usage (471604K) : emwihv_drw has 0 polygons
2026-08-11 13:54:31 +0200: Memory Usage (471732K) : lbe_drw has 0 polygons
2026-08-11 13:54:31 +0200: Memory Usage (471732K) : alcustop_drw has 0 polygons
2026-08-11 13:54:31 +0200: Memory Usage (471860K) : nometfiller_drw has 0 polygons
2026-08-11 13:54:31 +0200: Memory Usage (471860K) : prboundary_drw has 0 polygons
2026-08-11 13:54:31 +0200: Memory Usage (471988K) : exchange0_drw has 0 polygons
2026-08-11 13:54:31 +0200: Memory Usage (471988K) : exchange0_pin has 0 polygons
2026-08-11 13:54:31 +0200: Memory Usage (472116K) : exchange0_text has 0 polygons
2026-08-11 13:54:31 +0200: Memory Usage (472244K) : exchange1_drw has 0 polygons
2026-08-11 13:54:31 +0200: Memory Usage (472244K) : exchange1_pin has 0 polygons
2026-08-11 13:54:31 +0200: Memory Usage (472372K) : exchange1_text has 0 polygons
2026-08-11 13:54:31 +0200: Memory Usage (472372K) : exchange2_drw has 0 polygons
2026-08-11 13:54:31 +0200: Memory Usage (472500K) : exchange2_pin has 0 polygons
2026-08-11 13:54:31 +0200: Memory Usage (472500K) : exchange2_text has 0 polygons
2026-08-11 13:54:31 +0200: Memory Usage (472628K) : exchange3_drw has 0 polygons
2026-08-11 13:54:31 +0200: Memory Usage (472628K) : exchange3_pin has 0 polygons
2026-08-11 13:54:31 +0200: Memory Usage (472756K) : exchange3_text has 0 polygons
2026-08-11 13:54:31 +0200: Memory Usage (472756K) : exchange4_drw has 0 polygons
2026-08-11 13:54:31 +0200: Memory Usage (472884K) : exchange4_pin has 0 polygons
2026-08-11 13:54:31 +0200: Memory Usage (472884K) : exchange4_text has 0 polygons
2026-08-11 13:54:31 +0200: Memory Usage (473012K) : isonwell_drw has 0 polygons
2026-08-11 13:54:31 +0200: Memory Usage (473012K) : Total no. of polygons in the design is 58986
2026-08-11 13:54:31 +0200: Memory Usage (473012K) : Starting base layers derivations
2026-08-11 13:54:31 +0200: Memory Usage (473012K) : Starting general LVS derivations
2026-08-11 13:54:32 +0200: Memory Usage (479796K) : Starting MOSFET DERIVATIONS
2026-08-11 13:54:32 +0200: Memory Usage (480656K) : Starting NMOS DERIVATIONS
2026-08-11 13:54:32 +0200: Memory Usage (480656K) : Starting PMOS DERIVATIONS
2026-08-11 13:54:32 +0200: Memory Usage (480656K) : Starting RF-MOSFET DERIVATIONS
2026-08-11 13:54:32 +0200: Memory Usage (480656K) : Starting RF-NMOS DERIVATIONS
2026-08-11 13:54:32 +0200: Memory Usage (480656K) : Starting RF-PMOS DERIVATIONS
2026-08-11 13:54:32 +0200: Memory Usage (480656K) : Starting BJT DERIVATIONS
2026-08-11 13:54:32 +0200: Memory Usage (480656K) : Starting NPN-BJT DERIVATIONS
2026-08-11 13:54:32 +0200: Memory Usage (480656K) : Starting PNP-BJT DERIVATIONS
2026-08-11 13:54:32 +0200: Memory Usage (480656K) : Starting DIODE DERIVATIONS
2026-08-11 13:54:33 +0200: Memory Usage (480172K) : Starting RESISTOR DERIVATIONS
2026-08-11 13:54:33 +0200: Memory Usage (480300K) : Starting CAP DERIVATIONS
2026-08-11 13:54:33 +0200: Memory Usage (480300K) : Starting CAP_CMOM DERIVATIONS
2026-08-11 13:54:33 +0200: Memory Usage (480300K) : Starting ESD DERIVATIONS
2026-08-11 13:54:34 +0200: Memory Usage (480300K) : Starting Inductor DERIVATIONS
2026-08-11 13:54:34 +0200: Memory Usage (480300K) : Starting Taps DERIVATIONS
2026-08-11 13:54:34 +0200: Memory Usage (480300K) : Starting SG13G2 LVS connectivity setup
2026-08-11 13:54:34 +0200: Memory Usage (480300K) : Starting SG13G2 LVS connectivity setup (Inter-layer)
2026-08-11 13:54:34 +0200: Memory Usage (480428K) : Starting SG13G2 LVS connectivity setup (Global)
2026-08-11 13:54:34 +0200: Memory Usage (480428K) : Starting LVS MOSFET CONNECTIONS
2026-08-11 13:54:34 +0200: Memory Usage (480428K) : Starting LVS RF-MOSFET CONNECTIONS
2026-08-11 13:54:34 +0200: Memory Usage (480428K) : Starting LVS BJT CONNECTIONS
2026-08-11 13:54:34 +0200: Memory Usage (480428K) : Starting LVS DIODE CONNECTIONS
2026-08-11 13:54:34 +0200: Memory Usage (480428K) : Starting RESISTOR CONNECTIONS
2026-08-11 13:54:34 +0200: Memory Usage (480428K) : Starting LVS CAP CONNECTIONS
2026-08-11 13:54:34 +0200: Memory Usage (480428K) : Starting CAP_CMOM CONNECTIONS
2026-08-11 13:54:34 +0200: Memory Usage (480428K) : Starting ESD CONNECTIONS
2026-08-11 13:54:34 +0200: Memory Usage (480428K) : Starting Inductor CONNECTIONS
2026-08-11 13:54:34 +0200: Memory Usage (480428K) : Starting LVS Taps CONNECTIONS
2026-08-11 13:54:34 +0200: Memory Usage (480428K) : Starting SG13G2 LVS DEVICES EXTRACTION
2026-08-11 13:54:34 +0200: Memory Usage (480428K) : Starting MOSFET EXTRACTION
2026-08-11 13:54:34 +0200: Memory Usage (480428K) : Starting NMOS EXTRACTION
2026-08-11 13:54:34 +0200: Memory Usage (480428K) : Extraction of NMOS-LV transistor
2026-08-11 13:54:34 +0200: Memory Usage (480428K) : Extraction of NMOS-HV transistor
2026-08-11 13:54:34 +0200: Memory Usage (480428K) : Starting PMOS EXTRACTION
2026-08-11 13:54:34 +0200: Memory Usage (480428K) : Extraction of PMOS-LV transistor
2026-08-11 13:54:34 +0200: Memory Usage (480428K) : Extraction of PMOS-HV transistor
2026-08-11 13:54:34 +0200: Memory Usage (480428K) : Starting RF-MOSFET EXTRACTION
2026-08-11 13:54:34 +0200: Memory Usage (480428K) : Extraction of RF-NMOS-LV transistor
2026-08-11 13:54:34 +0200: Memory Usage (480556K) : Extraction of RF-NMOS-HV transistor
2026-08-11 13:54:34 +0200: Memory Usage (480556K) : Extraction of RF-PMOS-LV transistor
2026-08-11 13:54:34 +0200: Memory Usage (480556K) : Extraction of RF-PMOS-HV transistor
2026-08-11 13:54:34 +0200: Memory Usage (480556K) : Starting BJT EXTRACTION
2026-08-11 13:54:34 +0200: Memory Usage (480556K) : Starting NPN-BJT EXTRACTION
2026-08-11 13:54:34 +0200: Memory Usage (480556K) : Extraction of npn13G2 BJT transistor
2026-08-11 13:54:34 +0200: Memory Usage (480556K) : Extraction of npn13G2L BJT transistor
2026-08-11 13:54:34 +0200: Memory Usage (480556K) : Extraction of npn13G2V BJT transistor
2026-08-11 13:54:34 +0200: Memory Usage (480556K) : Starting PNP-BJT EXTRACTION
2026-08-11 13:54:34 +0200: Memory Usage (480556K) : Extracting pnpMPA BJT
2026-08-11 13:54:34 +0200: Memory Usage (480556K) : Starting DIODE EXTRACTION
2026-08-11 13:54:34 +0200: Memory Usage (480556K) : Extracting dantenna diode
2026-08-11 13:54:34 +0200: Memory Usage (480556K) : Extracting dpantenna diode
2026-08-11 13:54:34 +0200: Memory Usage (480556K) : Extracting schottky_nbl1 diode
2026-08-11 13:54:34 +0200: Memory Usage (480556K) : Extracting isolbox diode
2026-08-11 13:54:34 +0200: Memory Usage (480556K) : Starting RESISTOR EXTRACTION
2026-08-11 13:54:34 +0200: Memory Usage (480556K) : Extracting rsil resistor
2026-08-11 13:54:34 +0200: Memory Usage (480556K) : Extracting rppd resistor
2026-08-11 13:54:34 +0200: Memory Usage (480684K) : Extracting rhigh resistor
2026-08-11 13:54:34 +0200: Memory Usage (480684K) : Extracting res_metal1 resistor
2026-08-11 13:54:34 +0200: Memory Usage (480684K) : Extracting res_metal2 resistor
2026-08-11 13:54:34 +0200: Memory Usage (480684K) : Extracting res_metal3 resistor
2026-08-11 13:54:34 +0200: Memory Usage (480684K) : Extracting res_metal4 resistor
2026-08-11 13:54:34 +0200: Memory Usage (480684K) : Extracting res_metal5 resistor
2026-08-11 13:54:34 +0200: Memory Usage (480684K) : Extracting res_topmetal1 resistor
2026-08-11 13:54:34 +0200: Memory Usage (480684K) : Extracting res_topmetal2 resistor
2026-08-11 13:54:34 +0200: Memory Usage (480684K) : Starting CAP EXTRACTION
2026-08-11 13:54:34 +0200: Memory Usage (480684K) : Extracting cap_cmim device
2026-08-11 13:54:34 +0200: Memory Usage (480684K) : Extracting rfcmim device
2026-08-11 13:54:34 +0200: Memory Usage (480684K) : Extracting sg13_hv_svaricap varactor
2026-08-11 13:54:34 +0200: Memory Usage (480684K) : Extracting cap_cmomi device
2026-08-11 13:54:34 +0200: Memory Usage (480684K) : Extracting sg13_moscap_n capacitor
2026-08-11 13:54:34 +0200: Memory Usage (480684K) : Extracting sg13_moscap_p capacitor
2026-08-11 13:54:34 +0200: Memory Usage (480684K) : Starting ESD EXTRACTION
2026-08-11 13:54:34 +0200: Memory Usage (480684K) : Extracting diodevdd_2kv ESD device
2026-08-11 13:54:34 +0200: Memory Usage (480684K) : Extracting diodevdd_4kv ESD device
2026-08-11 13:54:34 +0200: Memory Usage (480684K) : Extracting diodevss_2kv ESD device
2026-08-11 13:54:34 +0200: Memory Usage (480684K) : Extracting diodevss_4kv ESD device
2026-08-11 13:54:34 +0200: Memory Usage (480684K) : Extracting idiodevdd_2kv ESD device
2026-08-11 13:54:34 +0200: Memory Usage (480684K) : Extracting idiodevdd_4kv ESD device
2026-08-11 13:54:34 +0200: Memory Usage (480684K) : Extracting idiodevss_2kv ESD device
2026-08-11 13:54:34 +0200: Memory Usage (480684K) : Extracting idiodevss_4kv ESD device
2026-08-11 13:54:34 +0200: Memory Usage (480684K) : Extracting nmoscl_2 ESD device
2026-08-11 13:54:34 +0200: Memory Usage (480684K) : Extracting nmoscl_4 ESD device
2026-08-11 13:54:34 +0200: Memory Usage (480684K) : Starting Inductor EXTRACTION
2026-08-11 13:54:34 +0200: Memory Usage (480684K) : Extracting Inductor2 device
2026-08-11 13:54:34 +0200: Memory Usage (480684K) : Extracting Inductor3 device
2026-08-11 13:54:34 +0200: Memory Usage (480684K) : Starting Taps EXTRACTION
2026-08-11 13:54:34 +0200: Memory Usage (480684K) : Extracting ntap1 device
2026-08-11 13:54:34 +0200: Memory Usage (480684K) : Extracting ptap1 device
2026-08-11 13:54:34 +0200: Memory Usage (480684K) : Starting SG13G2 LVS RF MOS Model Mapping
2026-08-11 13:54:35 +0200: Memory Usage (483244K) : [layout_netlist] Apply RF MOS model mapping and rfmode parameter.
2026-08-11 13:54:35 +0200: Memory Usage (483244K) : Starting SG13G2 LVS Options Preparations
2026-08-11 13:54:35 +0200: Memory Usage (483244K) : SG13G2 LVS flow: extraction -> alignment -> option preparation -> comparison.
2026-08-11 13:54:35 +0200: Memory Usage (483244K) : Starting SG13G2 LVS Alignment
2026-08-11 13:54:35 +0200: Memory Usage (483244K) : Starting SG13G2 LVS Simplification
2026-08-11 13:54:35 +0200: Memory Usage (483244K) : [layout_netlist] simplify: ENABLED
2026-08-11 13:54:35 +0200: Memory Usage (483244K) : [layout_netlist] make_top_level_pins: SKIPPED
2026-08-11 13:54:35 +0200: Memory Usage (483244K) : [layout_netlist] combine_devices: ENABLED
2026-08-11 13:54:35 +0200: Memory Usage (483244K) : [layout_netlist] purge: SKIPPED
2026-08-11 13:54:35 +0200: Memory Usage (483244K) : [layout_netlist] purge_nets: SKIPPED
2026-08-11 13:54:35 +0200: Memory Usage (483244K) : [schematic_netlist] simplify: ENABLED
2026-08-11 13:54:35 +0200: Memory Usage (483244K) : [schematic_netlist] make_top_level_pins: SKIPPED
2026-08-11 13:54:35 +0200: Memory Usage (483244K) : [schematic_netlist] combine_devices: ENABLED
2026-08-11 13:54:35 +0200: Memory Usage (483244K) : [schematic_netlist] purge: SKIPPED
2026-08-11 13:54:35 +0200: Memory Usage (483244K) : [schematic_netlist] purge_nets: SKIPPED
2026-08-11 13:54:35 +0200: Memory Usage (483244K) : Starting SG13G2 LVS Comparison
2026-08-11 13:54:35 +0200: Memory Usage (483372K) : ==========================================
2026-08-11 13:54:35 +0200: Memory Usage (483372K) : INFO : Congratulations! Netlists match.
2026-08-11 13:54:35 +0200: Memory Usage (483372K) : ==========================================
2026-08-11 13:54:35 +0200: Memory Usage (483372K) : LVS Total Run time 4.513450 seconds
