03-Aug-2026 18:04:40 | INFO    | Your Klayout version is: KLayout 0.30.9 (required >= 0.30.5)
03-Aug-2026 18:04:40 | INFO    | Running SG13G2 LVS checks on design /foss/designs/ihp-open-pdk-regression/IOPADS/layout/sg13g2_IOPadInOut16mA.gds on cell sg13g2_IOPadInOut16mA
2026-08-03 18:04:43 +0200: Memory Usage (455220K) : Starting running SG13G2 Klayout LVS runset on /foss/designs/ihp-open-pdk-regression/IOPADS/layout/sg13g2_IOPadInOut16mA.gds
2026-08-03 18:04:43 +0200: Memory Usage (455220K) : Ruby Version for klayout: 3.2.3
2026-08-03 18:04:43 +0200: Memory Usage (456884K) : Loading database to memory is complete.
2026-08-03 18:04:43 +0200: Memory Usage (456884K) : SG13G2 Klayout LVS runset output at: /foss/designs/ihp-open-pdk-regression/IOPADS/lvs_sweep/20260803_180423/sg13g2_IOPadInOut16mA/sg13g2_IOPadInOut16mA.lvsdb
2026-08-03 18:04:43 +0200: Memory Usage (456884K) : Evaluate switches.
2026-08-03 18:04:43 +0200: Memory Usage (456884K) : Extracted netlist with net names: true
2026-08-03 18:04:43 +0200: Memory Usage (456884K) : Extracted netlist with comments in details: false
2026-08-03 18:04:43 +0200: Memory Usage (456884K) : Selected NET_ONLY option: false
2026-08-03 18:04:43 +0200: Memory Usage (456884K) : Selected LAYOUT_NETLIST option: (none)
2026-08-03 18:04:43 +0200: Memory Usage (456884K) : Selected IGNORE_TOP_PORTS_MISMATCH option: 
2026-08-03 18:04:43 +0200: Memory Usage (456884K) : Selected IMPLICIT_NETS option: iovss,iovdd,vss,vdd,pad,cathode,anode
2026-08-03 18:04:43 +0200: Memory Usage (456884K) : Selected FLATTEN_CELLS option: sg13g2_GuardRing_*
2026-08-03 18:04:43 +0200: Memory Usage (456884K) : Selected TOP_LVL_PINS option: false
2026-08-03 18:04:43 +0200: Memory Usage (456884K) : Selected COMBINE DEVICES option: true
2026-08-03 18:04:43 +0200: Memory Usage (456884K) : Selected PURGE option: false
2026-08-03 18:04:43 +0200: Memory Usage (456884K) : Selected PURGE_NETS option: false
2026-08-03 18:04:43 +0200: Memory Usage (456884K) : Selected SIMPLIFY option: true
2026-08-03 18:04:43 +0200: Memory Usage (456884K) : Selected SERIES_RES option: true
2026-08-03 18:04:43 +0200: Memory Usage (456884K) : Selected PARALLEL_RES option: true
2026-08-03 18:04:43 +0200: Memory Usage (456884K) : Selected DISABLE_TAP_EXTRACTION option: false
2026-08-03 18:04:43 +0200: Memory Usage (456884K) : deep  mode is enabled.
2026-08-03 18:04:43 +0200: Memory Usage (456884K) : Applying implicit connections (case-sensitive, pattern supported) for nets: iovss, iovdd, vss, vdd, pad, cathode, anode
2026-08-03 18:04:43 +0200: Memory Usage (457396K) : Netlist file: /foss/designs/ihp-open-pdk-regression/IOPADS/netlist/pads_dev/sg13g2_IOPadInOut16mA.spi
2026-08-03 18:04:43 +0200: Memory Usage (457396K) : LVS extracted netlist at: /foss/designs/ihp-open-pdk-regression/IOPADS/lvs_sweep/20260803_180423/sg13g2_IOPadInOut16mA/sg13g2_IOPadInOut16mA_extracted.cir
2026-08-03 18:04:43 +0200: Memory Usage (457396K) : Applying SRAM integration support.
2026-08-03 18:04:43 +0200: Memory Usage (457396K) : Starting SG13G2 LVS runset
2026-08-03 18:04:43 +0200: Memory Usage (457396K) : Read in polygons from layers.
2026-08-03 18:04:43 +0200: Memory Usage (458804K) : activ_drw has 110 polygons
2026-08-03 18:04:43 +0200: Memory Usage (458804K) : activ_filler has 0 polygons
2026-08-03 18:04:43 +0200: Memory Usage (458932K) : activ has 110 polygons
2026-08-03 18:04:43 +0200: Memory Usage (458932K) : activ_pin has 0 polygons
2026-08-03 18:04:43 +0200: Memory Usage (458932K) : activ_mask has 0 polygons
2026-08-03 18:04:43 +0200: Memory Usage (458932K) : activ_nofill has 0 polygons
2026-08-03 18:04:43 +0200: Memory Usage (459060K) : activ_OPC has 0 polygons
2026-08-03 18:04:43 +0200: Memory Usage (459060K) : activ_iOPC has 0 polygons
2026-08-03 18:04:43 +0200: Memory Usage (459188K) : activ_noqrc has 0 polygons
2026-08-03 18:04:43 +0200: Memory Usage (459188K) : biwind_drw has 0 polygons
2026-08-03 18:04:43 +0200: Memory Usage (459316K) : biwind_OPC has 0 polygons
2026-08-03 18:04:43 +0200: Memory Usage (459316K) : gatpoly_drw has 55 polygons
2026-08-03 18:04:43 +0200: Memory Usage (459444K) : gatpoly_filler has 0 polygons
2026-08-03 18:04:43 +0200: Memory Usage (459700K) : gatpoly has 55 polygons
2026-08-03 18:04:43 +0200: Memory Usage (459828K) : gatpoly_pin has 6 polygons
2026-08-03 18:04:43 +0200: Memory Usage (459956K) : gatpoly_nofill has 0 polygons
2026-08-03 18:04:43 +0200: Memory Usage (459956K) : gatpoly_OPC has 0 polygons
2026-08-03 18:04:43 +0200: Memory Usage (459956K) : gatpoly_iOPC has 0 polygons
2026-08-03 18:04:43 +0200: Memory Usage (459956K) : gatpoly_noqrc has 0 polygons
2026-08-03 18:04:43 +0200: Memory Usage (461236K) : cont_drw has 46400 polygons
2026-08-03 18:04:43 +0200: Memory Usage (461236K) : cont_OPC has 0 polygons
2026-08-03 18:04:43 +0200: Memory Usage (461236K) : nsd_drw has 0 polygons
2026-08-03 18:04:43 +0200: Memory Usage (461236K) : nsd_block has 0 polygons
2026-08-03 18:04:43 +0200: Memory Usage (461236K) : metal1_drw has 312 polygons
2026-08-03 18:04:43 +0200: Memory Usage (461236K) : metal1_filler has 0 polygons
2026-08-03 18:04:43 +0200: Memory Usage (461236K) : metal1_slit has 0 polygons
2026-08-03 18:04:43 +0200: Memory Usage (461620K) : metal1 has 312 polygons
2026-08-03 18:04:43 +0200: Memory Usage (461620K) : metal1_pin has 57 polygons
2026-08-03 18:04:43 +0200: Memory Usage (461620K) : metal1_mask has 0 polygons
2026-08-03 18:04:43 +0200: Memory Usage (461620K) : metal1_nofill has 0 polygons
2026-08-03 18:04:43 +0200: Memory Usage (461876K) : metal1_text has 47 polygons
2026-08-03 18:04:43 +0200: Memory Usage (461876K) : metal1_OPC has 0 polygons
2026-08-03 18:04:43 +0200: Memory Usage (461876K) : metal1_noqrc has 0 polygons
2026-08-03 18:04:43 +0200: Memory Usage (462004K) : metal1_res has 0 polygons
2026-08-03 18:04:43 +0200: Memory Usage (462004K) : metal1_iprobe has 0 polygons
2026-08-03 18:04:43 +0200: Memory Usage (462132K) : metal1_diffprb has 0 polygons
2026-08-03 18:04:43 +0200: Memory Usage (462132K) : passiv_drw has 0 polygons
2026-08-03 18:04:43 +0200: Memory Usage (462260K) : passiv_pin has 0 polygons
2026-08-03 18:04:43 +0200: Memory Usage (462260K) : passiv_sbump has 0 polygons
2026-08-03 18:04:43 +0200: Memory Usage (462388K) : passiv_pillar has 0 polygons
2026-08-03 18:04:43 +0200: Memory Usage (462516K) : passiv_pdl has 0 polygons
2026-08-03 18:04:43 +0200: Memory Usage (462644K) : metal2_drw has 90 polygons
2026-08-03 18:04:43 +0200: Memory Usage (462772K) : metal2_filler has 0 polygons
2026-08-03 18:04:43 +0200: Memory Usage (462772K) : metal2_slit has 0 polygons
2026-08-03 18:04:43 +0200: Memory Usage (462900K) : metal2 has 90 polygons
2026-08-03 18:04:43 +0200: Memory Usage (463028K) : metal2_pin has 27 polygons
2026-08-03 18:04:43 +0200: Memory Usage (463028K) : metal2_mask has 0 polygons
2026-08-03 18:04:43 +0200: Memory Usage (463156K) : metal2_nofill has 0 polygons
2026-08-03 18:04:43 +0200: Memory Usage (463156K) : metal2_text has 27 polygons
2026-08-03 18:04:43 +0200: Memory Usage (463284K) : metal2_OPC has 0 polygons
2026-08-03 18:04:43 +0200: Memory Usage (463284K) : metal2_noqrc has 0 polygons
2026-08-03 18:04:43 +0200: Memory Usage (463412K) : metal2_res has 0 polygons
2026-08-03 18:04:43 +0200: Memory Usage (463412K) : metal2_iprobe has 0 polygons
2026-08-03 18:04:43 +0200: Memory Usage (463540K) : metal2_diffprb has 0 polygons
2026-08-03 18:04:43 +0200: Memory Usage (463540K) : baspoly_drw has 0 polygons
2026-08-03 18:04:43 +0200: Memory Usage (463668K) : baspoly_pin has 0 polygons
2026-08-03 18:04:43 +0200: Memory Usage (463668K) : psd_drw has 45 polygons
2026-08-03 18:04:43 +0200: Memory Usage (463796K) : nldb_drw has 0 polygons
2026-08-03 18:04:43 +0200: Memory Usage (463796K) : digibnd_drw has 0 polygons
2026-08-03 18:04:43 +0200: Memory Usage (463924K) : via1_drw has 1757 polygons
2026-08-03 18:04:43 +0200: Memory Usage (463924K) : backmetal1_drw has 0 polygons
2026-08-03 18:04:43 +0200: Memory Usage (464052K) : backmetal1_pin has 0 polygons
2026-08-03 18:04:43 +0200: Memory Usage (464052K) : backmetal1_mask has 0 polygons
2026-08-03 18:04:43 +0200: Memory Usage (464180K) : backmetal1_filler has 0 polygons
2026-08-03 18:04:43 +0200: Memory Usage (464308K) : backmetal1_nofill has 0 polygons
2026-08-03 18:04:43 +0200: Memory Usage (464436K) : backmetal1_slit has 0 polygons
2026-08-03 18:04:43 +0200: Memory Usage (464436K) : backmetal1_text has 0 polygons
2026-08-03 18:04:43 +0200: Memory Usage (464564K) : backmetal1_OPC has 0 polygons
2026-08-03 18:04:43 +0200: Memory Usage (464692K) : backmetal1_noqrc has 0 polygons
2026-08-03 18:04:43 +0200: Memory Usage (464692K) : backmetal1_res has 0 polygons
2026-08-03 18:04:43 +0200: Memory Usage (464692K) : backmetal1_iprobe has 0 polygons
2026-08-03 18:04:43 +0200: Memory Usage (464820K) : backmetal1_diffprb has 0 polygons
2026-08-03 18:04:43 +0200: Memory Usage (464948K) : backpassiv_drw has 0 polygons
2026-08-03 18:04:43 +0200: Memory Usage (464948K) : res_drw has 0 polygons
2026-08-03 18:04:43 +0200: Memory Usage (464948K) : sram_drw has 0 polygons
2026-08-03 18:04:43 +0200: Memory Usage (465076K) : trans_drw has 0 polygons
2026-08-03 18:04:43 +0200: Memory Usage (465076K) : ind_drw has 0 polygons
2026-08-03 18:04:43 +0200: Memory Usage (465204K) : ind_pin has 0 polygons
2026-08-03 18:04:43 +0200: Memory Usage (465204K) : ind_text has 0 polygons
2026-08-03 18:04:43 +0200: Memory Usage (465332K) : salblock_drw has 1 polygons
2026-08-03 18:04:43 +0200: Memory Usage (465332K) : via2_drw has 1442 polygons
2026-08-03 18:04:43 +0200: Memory Usage (465460K) : metal3_drw has 21 polygons
2026-08-03 18:04:43 +0200: Memory Usage (465588K) : metal3_filler has 0 polygons
2026-08-03 18:04:43 +0200: Memory Usage (465588K) : metal3_slit has 0 polygons
2026-08-03 18:04:43 +0200: Memory Usage (465716K) : metal3 has 21 polygons
2026-08-03 18:04:43 +0200: Memory Usage (465716K) : metal3_pin has 11 polygons
2026-08-03 18:04:43 +0200: Memory Usage (465716K) : metal3_mask has 0 polygons
2026-08-03 18:04:43 +0200: Memory Usage (465716K) : metal3_nofill has 0 polygons
2026-08-03 18:04:43 +0200: Memory Usage (465716K) : metal3_text has 11 polygons
2026-08-03 18:04:43 +0200: Memory Usage (465716K) : metal3_OPC has 0 polygons
2026-08-03 18:04:43 +0200: Memory Usage (465716K) : metal3_noqrc has 0 polygons
2026-08-03 18:04:43 +0200: Memory Usage (465716K) : metal3_res has 0 polygons
2026-08-03 18:04:43 +0200: Memory Usage (465716K) : metal3_iprobe has 0 polygons
2026-08-03 18:04:43 +0200: Memory Usage (465716K) : metal3_diffprb has 0 polygons
2026-08-03 18:04:43 +0200: Memory Usage (465716K) : nwell_drw has 29 polygons
2026-08-03 18:04:43 +0200: Memory Usage (465716K) : nwell_pin has 0 polygons
2026-08-03 18:04:43 +0200: Memory Usage (465716K) : nwell_text has 0 polygons
2026-08-03 18:04:43 +0200: Memory Usage (465716K) : nbulay_drw has 0 polygons
2026-08-03 18:04:43 +0200: Memory Usage (465716K) : nbulay_pin has 0 polygons
2026-08-03 18:04:43 +0200: Memory Usage (465716K) : nbulay_block has 0 polygons
2026-08-03 18:04:43 +0200: Memory Usage (465716K) : emwind_drw has 0 polygons
2026-08-03 18:04:43 +0200: Memory Usage (465716K) : emwind_OPC has 0 polygons
2026-08-03 18:04:43 +0200: Memory Usage (465716K) : deepco_drw has 0 polygons
2026-08-03 18:04:43 +0200: Memory Usage (465716K) : mim_drw has 0 polygons
2026-08-03 18:04:43 +0200: Memory Usage (465716K) : edgeseal_drw has 0 polygons
2026-08-03 18:04:43 +0200: Memory Usage (465716K) : substrate_drw has 29 polygons
2026-08-03 18:04:43 +0200: Memory Usage (465716K) : substrate_text has 0 polygons
2026-08-03 18:04:43 +0200: Memory Usage (465716K) : dfpad_drw has 0 polygons
2026-08-03 18:04:43 +0200: Memory Usage (465716K) : dfpad_pillar has 0 polygons
2026-08-03 18:04:44 +0200: Memory Usage (465716K) : dfpad_sbump has 0 polygons
2026-08-03 18:04:44 +0200: Memory Usage (465716K) : thickgateox_drw has 8 polygons
2026-08-03 18:04:44 +0200: Memory Usage (465716K) : pldb_drw has 0 polygons
2026-08-03 18:04:44 +0200: Memory Usage (465716K) : pwell_drw has 0 polygons
2026-08-03 18:04:44 +0200: Memory Usage (465716K) : pwell_pin has 0 polygons
2026-08-03 18:04:44 +0200: Memory Usage (465716K) : pwell_block has 0 polygons
2026-08-03 18:04:44 +0200: Memory Usage (465716K) : ic_drw has 0 polygons
2026-08-03 18:04:44 +0200: Memory Usage (465716K) : via3_drw has 2087 polygons
2026-08-03 18:04:44 +0200: Memory Usage (465716K) : metal4_drw has 8 polygons
2026-08-03 18:04:44 +0200: Memory Usage (465716K) : metal4_filler has 0 polygons
2026-08-03 18:04:44 +0200: Memory Usage (465716K) : metal4_slit has 0 polygons
2026-08-03 18:04:44 +0200: Memory Usage (465716K) : metal4 has 8 polygons
2026-08-03 18:04:44 +0200: Memory Usage (465716K) : metal4_pin has 8 polygons
2026-08-03 18:04:44 +0200: Memory Usage (465716K) : metal4_mask has 0 polygons
2026-08-03 18:04:44 +0200: Memory Usage (465716K) : metal4_nofill has 0 polygons
2026-08-03 18:04:44 +0200: Memory Usage (465716K) : metal4_text has 8 polygons
2026-08-03 18:04:44 +0200: Memory Usage (465716K) : metal4_OPC has 0 polygons
2026-08-03 18:04:44 +0200: Memory Usage (465716K) : metal4_noqrc has 0 polygons
2026-08-03 18:04:44 +0200: Memory Usage (465716K) : metal4_res has 0 polygons
2026-08-03 18:04:44 +0200: Memory Usage (465716K) : metal4_iprobe has 0 polygons
2026-08-03 18:04:44 +0200: Memory Usage (465716K) : metal4_diffprb has 0 polygons
2026-08-03 18:04:44 +0200: Memory Usage (465716K) : heattrans_drw has 6 polygons
2026-08-03 18:04:44 +0200: Memory Usage (465716K) : heatres_drw has 0 polygons
2026-08-03 18:04:44 +0200: Memory Usage (465716K) : fbe_drw has 0 polygons
2026-08-03 18:04:44 +0200: Memory Usage (465716K) : empoly_drw has 0 polygons
2026-08-03 18:04:44 +0200: Memory Usage (465716K) : digisub_drw has 0 polygons
2026-08-03 18:04:44 +0200: Memory Usage (465716K) : text_drw has 29 polygons
2026-08-03 18:04:44 +0200: Memory Usage (465716K) : via4_drw has 2371 polygons
2026-08-03 18:04:44 +0200: Memory Usage (465716K) : metal5_drw has 8 polygons
2026-08-03 18:04:44 +0200: Memory Usage (465716K) : metal5_filler has 0 polygons
2026-08-03 18:04:44 +0200: Memory Usage (465716K) : metal5_slit has 0 polygons
2026-08-03 18:04:44 +0200: Memory Usage (465716K) : metal5 has 8 polygons
2026-08-03 18:04:44 +0200: Memory Usage (465716K) : metal5_pin has 8 polygons
2026-08-03 18:04:44 +0200: Memory Usage (465716K) : metal5_mask has 0 polygons
2026-08-03 18:04:44 +0200: Memory Usage (465716K) : metal5_nofill has 0 polygons
2026-08-03 18:04:44 +0200: Memory Usage (465716K) : metal5_text has 8 polygons
2026-08-03 18:04:44 +0200: Memory Usage (465716K) : metal5_OPC has 0 polygons
2026-08-03 18:04:44 +0200: Memory Usage (465716K) : metal5_noqrc has 0 polygons
2026-08-03 18:04:44 +0200: Memory Usage (465716K) : metal5_res has 0 polygons
2026-08-03 18:04:44 +0200: Memory Usage (465716K) : metal5_iprobe has 0 polygons
2026-08-03 18:04:44 +0200: Memory Usage (465716K) : metal5_diffprb has 0 polygons
2026-08-03 18:04:44 +0200: Memory Usage (465716K) : radhard_drw has 0 polygons
2026-08-03 18:04:44 +0200: Memory Usage (465716K) : memcap_drw has 0 polygons
2026-08-03 18:04:44 +0200: Memory Usage (465716K) : varicap_drw has 0 polygons
2026-08-03 18:04:44 +0200: Memory Usage (465716K) : intbondvia_drw has 0 polygons
2026-08-03 18:04:44 +0200: Memory Usage (465716K) : intbondmet_drw has 0 polygons
2026-08-03 18:04:44 +0200: Memory Usage (465716K) : devbondvia_drw has 0 polygons
2026-08-03 18:04:44 +0200: Memory Usage (465716K) : devbondmet_drw has 0 polygons
2026-08-03 18:04:44 +0200: Memory Usage (465716K) : devtrench_drw has 0 polygons
2026-08-03 18:04:44 +0200: Memory Usage (465716K) : redist_drw has 0 polygons
2026-08-03 18:04:44 +0200: Memory Usage (465716K) : graphbot_drw has 0 polygons
2026-08-03 18:04:44 +0200: Memory Usage (465716K) : graphtop_drw has 0 polygons
2026-08-03 18:04:44 +0200: Memory Usage (465716K) : antvia1_drw has 0 polygons
2026-08-03 18:04:44 +0200: Memory Usage (465716K) : antmetal2_drw has 0 polygons
2026-08-03 18:04:44 +0200: Memory Usage (465716K) : graphcont_drw has 0 polygons
2026-08-03 18:04:44 +0200: Memory Usage (465716K) : siwg_drw has 0 polygons
2026-08-03 18:04:44 +0200: Memory Usage (465716K) : siwg_filler has 0 polygons
2026-08-03 18:04:44 +0200: Memory Usage (465844K) : siwg_nofill has 0 polygons
2026-08-03 18:04:44 +0200: Memory Usage (465844K) : sigrating_drw has 0 polygons
2026-08-03 18:04:44 +0200: Memory Usage (465844K) : singrating_drw has 0 polygons
2026-08-03 18:04:44 +0200: Memory Usage (465972K) : graphpas_drw has 0 polygons
2026-08-03 18:04:44 +0200: Memory Usage (465972K) : emwind3_drw has 0 polygons
2026-08-03 18:04:44 +0200: Memory Usage (466100K) : emwihv3_drw has 0 polygons
2026-08-03 18:04:44 +0200: Memory Usage (466100K) : redbulay_drw has 0 polygons
2026-08-03 18:04:44 +0200: Memory Usage (466228K) : smos_drw has 0 polygons
2026-08-03 18:04:44 +0200: Memory Usage (466228K) : graphpad_drw has 0 polygons
2026-08-03 18:04:44 +0200: Memory Usage (466356K) : polimide_drw has 0 polygons
2026-08-03 18:04:44 +0200: Memory Usage (466356K) : polimide_pin has 0 polygons
2026-08-03 18:04:44 +0200: Memory Usage (466484K) : recog_drw has 0 polygons
2026-08-03 18:04:44 +0200: Memory Usage (466484K) : recog_pin has 0 polygons
2026-08-03 18:04:44 +0200: Memory Usage (466612K) : recog_esd has 0 polygons
2026-08-03 18:04:44 +0200: Memory Usage (466612K) : recog_diode has 8 polygons
2026-08-03 18:04:44 +0200: Memory Usage (466740K) : recog_tsv has 0 polygons
2026-08-03 18:04:44 +0200: Memory Usage (466740K) : recog_iprobe has 0 polygons
2026-08-03 18:04:44 +0200: Memory Usage (466868K) : recog_diffprb has 0 polygons
2026-08-03 18:04:44 +0200: Memory Usage (466868K) : recog_pillar has 0 polygons
2026-08-03 18:04:44 +0200: Memory Usage (466996K) : recog_sbump has 0 polygons
2026-08-03 18:04:44 +0200: Memory Usage (466996K) : recog_otp has 0 polygons
2026-08-03 18:04:44 +0200: Memory Usage (467124K) : recog_pdiode has 0 polygons
2026-08-03 18:04:44 +0200: Memory Usage (467124K) : recog_mom has 0 polygons
2026-08-03 18:04:44 +0200: Memory Usage (467124K) : recog_pcm has 0 polygons
2026-08-03 18:04:44 +0200: Memory Usage (467252K) : colopen_drw has 0 polygons
2026-08-03 18:04:44 +0200: Memory Usage (467252K) : graphmetal1_drw has 0 polygons
2026-08-03 18:04:44 +0200: Memory Usage (467380K) : graphmetal1_filler has 0 polygons
2026-08-03 18:04:44 +0200: Memory Usage (467380K) : graphmetal1_nofill has 0 polygons
2026-08-03 18:04:44 +0200: Memory Usage (467508K) : graphmetal1_slit has 0 polygons
2026-08-03 18:04:44 +0200: Memory Usage (467508K) : graphmetal1_OPC has 0 polygons
2026-08-03 18:04:44 +0200: Memory Usage (467636K) : graphmet1l_drw has 0 polygons
2026-08-03 18:04:44 +0200: Memory Usage (467636K) : graphmet1l_filler has 0 polygons
2026-08-03 18:04:44 +0200: Memory Usage (467764K) : graphmet1l_nofill has 0 polygons
2026-08-03 18:04:44 +0200: Memory Usage (467764K) : graphmet1l_slit has 0 polygons
2026-08-03 18:04:44 +0200: Memory Usage (467892K) : graphmet1l_OPC has 0 polygons
2026-08-03 18:04:44 +0200: Memory Usage (467892K) : extblock_drw has 1 polygons
2026-08-03 18:04:44 +0200: Memory Usage (468020K) : nldd_drw has 0 polygons
2026-08-03 18:04:44 +0200: Memory Usage (468020K) : pldd_drw has 0 polygons
2026-08-03 18:04:44 +0200: Memory Usage (468148K) : next_drw has 0 polygons
2026-08-03 18:04:44 +0200: Memory Usage (468148K) : pext_drw has 0 polygons
2026-08-03 18:04:44 +0200: Memory Usage (468276K) : nexthv_drw has 0 polygons
2026-08-03 18:04:44 +0200: Memory Usage (468276K) : pexthv_drw has 0 polygons
2026-08-03 18:04:44 +0200: Memory Usage (468404K) : graphgate_drw has 0 polygons
2026-08-03 18:04:44 +0200: Memory Usage (468404K) : sinwg_drw has 0 polygons
2026-08-03 18:04:44 +0200: Memory Usage (468532K) : sinwg_filler has 0 polygons
2026-08-03 18:04:44 +0200: Memory Usage (468532K) : sinwg_nofill has 0 polygons
2026-08-03 18:04:44 +0200: Memory Usage (468532K) : mempad_drw has 0 polygons
2026-08-03 18:04:44 +0200: Memory Usage (468660K) : topvia1_drw has 2315 polygons
2026-08-03 18:04:44 +0200: Memory Usage (468788K) : topmetal1_drw has 8 polygons
2026-08-03 18:04:44 +0200: Memory Usage (468788K) : topmetal1_filler has 0 polygons
2026-08-03 18:04:44 +0200: Memory Usage (468916K) : topmetal1_slit has 0 polygons
2026-08-03 18:04:44 +0200: Memory Usage (469044K) : topmetal1 has 8 polygons
2026-08-03 18:04:44 +0200: Memory Usage (469044K) : topmetal1_pin has 8 polygons
2026-08-03 18:04:44 +0200: Memory Usage (469172K) : topmetal1_mask has 0 polygons
2026-08-03 18:04:44 +0200: Memory Usage (469172K) : topmetal1_nofill has 0 polygons
2026-08-03 18:04:44 +0200: Memory Usage (469300K) : topmetal1_text has 8 polygons
2026-08-03 18:04:44 +0200: Memory Usage (469300K) : topmetal1_noqrc has 0 polygons
2026-08-03 18:04:44 +0200: Memory Usage (469428K) : topmetal1_res has 0 polygons
2026-08-03 18:04:44 +0200: Memory Usage (469428K) : topmetal1_iprobe has 0 polygons
2026-08-03 18:04:44 +0200: Memory Usage (469428K) : topmetal1_diffprb has 0 polygons
2026-08-03 18:04:44 +0200: Memory Usage (469556K) : inldpwl_drw has 0 polygons
2026-08-03 18:04:44 +0200: Memory Usage (469556K) : polyres_drw has 0 polygons
2026-08-03 18:04:44 +0200: Memory Usage (469684K) : polyres_pin has 0 polygons
2026-08-03 18:04:44 +0200: Memory Usage (469684K) : vmim_drw has 0 polygons
2026-08-03 18:04:44 +0200: Memory Usage (469812K) : nbulaycut_drw has 0 polygons
2026-08-03 18:04:44 +0200: Memory Usage (469812K) : antmetal1_drw has 0 polygons
2026-08-03 18:04:44 +0200: Memory Usage (469940K) : topvia2_drw has 1593 polygons
2026-08-03 18:04:44 +0200: Memory Usage (470068K) : topmetal2_drw has 6 polygons
2026-08-03 18:04:44 +0200: Memory Usage (470068K) : topmetal2_filler has 0 polygons
2026-08-03 18:04:44 +0200: Memory Usage (470196K) : topmetal2_slit has 0 polygons
2026-08-03 18:04:44 +0200: Memory Usage (470196K) : topmetal2 has 6 polygons
2026-08-03 18:04:44 +0200: Memory Usage (470324K) : topmetal2_pin has 6 polygons
2026-08-03 18:04:44 +0200: Memory Usage (470324K) : topmetal2_mask has 0 polygons
2026-08-03 18:04:44 +0200: Memory Usage (470452K) : topmetal2_nofill has 0 polygons
2026-08-03 18:04:44 +0200: Memory Usage (470452K) : topmetal2_text has 6 polygons
2026-08-03 18:04:44 +0200: Memory Usage (470580K) : topmetal2_noqrc has 0 polygons
2026-08-03 18:04:44 +0200: Memory Usage (470580K) : topmetal2_res has 0 polygons
2026-08-03 18:04:44 +0200: Memory Usage (470708K) : topmetal2_iprobe has 0 polygons
2026-08-03 18:04:44 +0200: Memory Usage (470708K) : topmetal2_diffprb has 0 polygons
2026-08-03 18:04:44 +0200: Memory Usage (470836K) : snsring_drw has 0 polygons
2026-08-03 18:04:44 +0200: Memory Usage (470836K) : sensor_drw has 0 polygons
2026-08-03 18:04:44 +0200: Memory Usage (470964K) : snsarms_drw has 0 polygons
2026-08-03 18:04:44 +0200: Memory Usage (470964K) : snscmosvia_drw has 0 polygons
2026-08-03 18:04:44 +0200: Memory Usage (471092K) : colwind_drw has 0 polygons
2026-08-03 18:04:44 +0200: Memory Usage (471092K) : flm_drw has 0 polygons
2026-08-03 18:04:44 +0200: Memory Usage (471092K) : hafniumox_drw has 0 polygons
2026-08-03 18:04:44 +0200: Memory Usage (471220K) : memvia_drw has 0 polygons
2026-08-03 18:04:44 +0200: Memory Usage (471348K) : thinfilmres_drw has 0 polygons
2026-08-03 18:04:44 +0200: Memory Usage (471348K) : rfmem_drw has 0 polygons
2026-08-03 18:04:44 +0200: Memory Usage (471476K) : norcx_drw has 0 polygons
2026-08-03 18:04:44 +0200: Memory Usage (471476K) : norcx_m2m3 has 0 polygons
2026-08-03 18:04:44 +0200: Memory Usage (471476K) : norcx_m2m4 has 0 polygons
2026-08-03 18:04:44 +0200: Memory Usage (471604K) : norcx_m2m5 has 0 polygons
2026-08-03 18:04:44 +0200: Memory Usage (471604K) : norcx_m2tm1 has 0 polygons
2026-08-03 18:04:44 +0200: Memory Usage (471732K) : norcx_m2tm2 has 0 polygons
2026-08-03 18:04:44 +0200: Memory Usage (471732K) : norcx_m3m4 has 0 polygons
2026-08-03 18:04:44 +0200: Memory Usage (471860K) : norcx_m3m5 has 0 polygons
2026-08-03 18:04:44 +0200: Memory Usage (471860K) : norcx_m3tm1 has 0 polygons
2026-08-03 18:04:44 +0200: Memory Usage (471988K) : norcx_m3tm2 has 0 polygons
2026-08-03 18:04:44 +0200: Memory Usage (471988K) : norcx_m4m5 has 0 polygons
2026-08-03 18:04:44 +0200: Memory Usage (472116K) : norcx_m4tm1 has 0 polygons
2026-08-03 18:04:44 +0200: Memory Usage (472116K) : norcx_m4tm2 has 0 polygons
2026-08-03 18:04:44 +0200: Memory Usage (472244K) : norcx_m5tm1 has 0 polygons
2026-08-03 18:04:44 +0200: Memory Usage (472244K) : norcx_m5tm2 has 0 polygons
2026-08-03 18:04:44 +0200: Memory Usage (472372K) : norcx_tm1tm2 has 0 polygons
2026-08-03 18:04:44 +0200: Memory Usage (472372K) : norcx_m1sub has 0 polygons
2026-08-03 18:04:44 +0200: Memory Usage (472500K) : norcx_m2sub has 0 polygons
2026-08-03 18:04:44 +0200: Memory Usage (472500K) : norcx_m3sub has 0 polygons
2026-08-03 18:04:44 +0200: Memory Usage (472628K) : norcx_m4sub has 0 polygons
2026-08-03 18:04:44 +0200: Memory Usage (472628K) : norcx_m5sub has 0 polygons
2026-08-03 18:04:44 +0200: Memory Usage (472628K) : norcx_tm1sub has 0 polygons
2026-08-03 18:04:44 +0200: Memory Usage (472628K) : norcx_tm2sub has 0 polygons
2026-08-03 18:04:44 +0200: Memory Usage (472628K) : snsbotvia_drw has 0 polygons
2026-08-03 18:04:44 +0200: Memory Usage (472628K) : snstopvia_drw has 0 polygons
2026-08-03 18:04:44 +0200: Memory Usage (472628K) : deepvia_drw has 0 polygons
2026-08-03 18:04:44 +0200: Memory Usage (472628K) : fgetch_drw has 0 polygons
2026-08-03 18:04:44 +0200: Memory Usage (472628K) : ctrgat_drw has 0 polygons
2026-08-03 18:04:44 +0200: Memory Usage (472628K) : fgimp_drw has 0 polygons
2026-08-03 18:04:44 +0200: Memory Usage (472628K) : emwihv_drw has 0 polygons
2026-08-03 18:04:44 +0200: Memory Usage (472628K) : lbe_drw has 0 polygons
2026-08-03 18:04:44 +0200: Memory Usage (472628K) : alcustop_drw has 0 polygons
2026-08-03 18:04:44 +0200: Memory Usage (472628K) : nometfiller_drw has 0 polygons
2026-08-03 18:04:44 +0200: Memory Usage (472628K) : prboundary_drw has 0 polygons
2026-08-03 18:04:44 +0200: Memory Usage (472628K) : exchange0_drw has 0 polygons
2026-08-03 18:04:44 +0200: Memory Usage (472628K) : exchange0_pin has 0 polygons
2026-08-03 18:04:44 +0200: Memory Usage (472628K) : exchange0_text has 0 polygons
2026-08-03 18:04:44 +0200: Memory Usage (472628K) : exchange1_drw has 0 polygons
2026-08-03 18:04:44 +0200: Memory Usage (472628K) : exchange1_pin has 0 polygons
2026-08-03 18:04:44 +0200: Memory Usage (472628K) : exchange1_text has 0 polygons
2026-08-03 18:04:44 +0200: Memory Usage (472628K) : exchange2_drw has 0 polygons
2026-08-03 18:04:44 +0200: Memory Usage (472628K) : exchange2_pin has 0 polygons
2026-08-03 18:04:44 +0200: Memory Usage (472628K) : exchange2_text has 0 polygons
2026-08-03 18:04:44 +0200: Memory Usage (472628K) : exchange3_drw has 0 polygons
2026-08-03 18:04:44 +0200: Memory Usage (472628K) : exchange3_pin has 0 polygons
2026-08-03 18:04:44 +0200: Memory Usage (472628K) : exchange3_text has 0 polygons
2026-08-03 18:04:44 +0200: Memory Usage (472628K) : exchange4_drw has 0 polygons
2026-08-03 18:04:44 +0200: Memory Usage (472628K) : exchange4_pin has 0 polygons
2026-08-03 18:04:44 +0200: Memory Usage (472628K) : exchange4_text has 0 polygons
2026-08-03 18:04:44 +0200: Memory Usage (472628K) : isonwell_drw has 0 polygons
2026-08-03 18:04:44 +0200: Memory Usage (472628K) : Total no. of polygons in the design is 58985
2026-08-03 18:04:44 +0200: Memory Usage (472628K) : Starting base layers derivations
2026-08-03 18:04:44 +0200: Memory Usage (472628K) : Starting general LVS derivations
2026-08-03 18:04:44 +0200: Memory Usage (477108K) : Starting MOSFET DERIVATIONS
2026-08-03 18:04:45 +0200: Memory Usage (477820K) : Starting NMOS DERIVATIONS
2026-08-03 18:04:45 +0200: Memory Usage (477820K) : Starting PMOS DERIVATIONS
2026-08-03 18:04:45 +0200: Memory Usage (477820K) : Starting RF-MOSFET DERIVATIONS
2026-08-03 18:04:45 +0200: Memory Usage (477820K) : Starting RF-NMOS DERIVATIONS
2026-08-03 18:04:45 +0200: Memory Usage (477820K) : Starting RF-PMOS DERIVATIONS
2026-08-03 18:04:45 +0200: Memory Usage (477820K) : Starting BJT DERIVATIONS
2026-08-03 18:04:45 +0200: Memory Usage (477820K) : Starting NPN-BJT DERIVATIONS
2026-08-03 18:04:45 +0200: Memory Usage (477820K) : Starting PNP-BJT DERIVATIONS
2026-08-03 18:04:45 +0200: Memory Usage (477820K) : Starting DIODE DERIVATIONS
2026-08-03 18:04:46 +0200: Memory Usage (477724K) : Starting RESISTOR DERIVATIONS
2026-08-03 18:04:46 +0200: Memory Usage (477724K) : Starting CAP DERIVATIONS
2026-08-03 18:04:46 +0200: Memory Usage (477724K) : Starting ESD DERIVATIONS
2026-08-03 18:04:46 +0200: Memory Usage (477724K) : Starting Inductor DERIVATIONS
2026-08-03 18:04:46 +0200: Memory Usage (479004K) : Starting Taps DERIVATIONS
2026-08-03 18:04:46 +0200: Memory Usage (479004K) : Starting SG13G2 LVS connectivity setup
2026-08-03 18:04:46 +0200: Memory Usage (479004K) : Starting SG13G2 LVS connectivity setup (Inter-layer)
2026-08-03 18:04:46 +0200: Memory Usage (479132K) : Starting SG13G2 LVS connectivity setup (Global)
2026-08-03 18:04:46 +0200: Memory Usage (479132K) : Starting LVS MOSFET CONNECTIONS
2026-08-03 18:04:46 +0200: Memory Usage (479132K) : Starting LVS RF-MOSFET CONNECTIONS
2026-08-03 18:04:46 +0200: Memory Usage (479132K) : Starting LVS BJT CONNECTIONS
2026-08-03 18:04:46 +0200: Memory Usage (479132K) : Starting LVS DIODE CONNECTIONS
2026-08-03 18:04:46 +0200: Memory Usage (479132K) : Starting RESISTOR CONNECTIONS
2026-08-03 18:04:46 +0200: Memory Usage (479132K) : Starting LVS CAP CONNECTIONS
2026-08-03 18:04:46 +0200: Memory Usage (479132K) : Starting ESD CONNECTIONS
2026-08-03 18:04:46 +0200: Memory Usage (479132K) : Starting Inductor CONNECTIONS
2026-08-03 18:04:46 +0200: Memory Usage (479132K) : Starting LVS Taps CONNECTIONS
2026-08-03 18:04:46 +0200: Memory Usage (479132K) : Starting SG13G2 LVS DEVICES EXTRACTION
2026-08-03 18:04:46 +0200: Memory Usage (479132K) : Starting MOSFET EXTRACTION
2026-08-03 18:04:46 +0200: Memory Usage (479132K) : Starting NMOS EXTRACTION
2026-08-03 18:04:46 +0200: Memory Usage (479132K) : Extraction of NMOS-LV transistor
2026-08-03 18:04:46 +0200: Memory Usage (479388K) : Extraction of NMOS-HV transistor
2026-08-03 18:04:46 +0200: Memory Usage (479388K) : Starting PMOS EXTRACTION
2026-08-03 18:04:46 +0200: Memory Usage (479388K) : Extraction of PMOS-LV transistor
2026-08-03 18:04:46 +0200: Memory Usage (479388K) : Extraction of PMOS-HV transistor
2026-08-03 18:04:46 +0200: Memory Usage (479388K) : Starting RF-MOSFET EXTRACTION
2026-08-03 18:04:46 +0200: Memory Usage (479388K) : Extraction of RF-NMOS-LV transistor
2026-08-03 18:04:46 +0200: Memory Usage (479388K) : Extraction of RF-NMOS-HV transistor
2026-08-03 18:04:46 +0200: Memory Usage (479388K) : Extraction of RF-PMOS-LV transistor
2026-08-03 18:04:46 +0200: Memory Usage (479388K) : Extraction of RF-PMOS-HV transistor
2026-08-03 18:04:46 +0200: Memory Usage (479388K) : Starting BJT EXTRACTION
2026-08-03 18:04:46 +0200: Memory Usage (479388K) : Starting NPN-BJT EXTRACTION
2026-08-03 18:04:46 +0200: Memory Usage (479388K) : Extraction of npn13G2 BJT transistor
2026-08-03 18:04:46 +0200: Memory Usage (479388K) : Extraction of npn13G2L BJT transistor
2026-08-03 18:04:46 +0200: Memory Usage (479388K) : Extraction of npn13G2V BJT transistor
2026-08-03 18:04:46 +0200: Memory Usage (479388K) : Starting PNP-BJT EXTRACTION
2026-08-03 18:04:46 +0200: Memory Usage (479388K) : Extracting pnpMPA BJT
2026-08-03 18:04:46 +0200: Memory Usage (479388K) : Starting DIODE EXTRACTION
2026-08-03 18:04:46 +0200: Memory Usage (479388K) : Extracting dantenna diode
2026-08-03 18:04:46 +0200: Memory Usage (479388K) : Extracting dpantenna diode
2026-08-03 18:04:46 +0200: Memory Usage (479388K) : Extracting schottky_nbl1 diode
2026-08-03 18:04:46 +0200: Memory Usage (479388K) : Extracting isolbox diode
2026-08-03 18:04:46 +0200: Memory Usage (479388K) : Starting RESISTOR EXTRACTION
2026-08-03 18:04:46 +0200: Memory Usage (479388K) : Extracting rsil resistor
2026-08-03 18:04:46 +0200: Memory Usage (479388K) : Extracting rppd resistor
2026-08-03 18:04:46 +0200: Memory Usage (479388K) : Extracting rhigh resistor
2026-08-03 18:04:46 +0200: Memory Usage (479388K) : Extracting res_metal1 resistor
2026-08-03 18:04:46 +0200: Memory Usage (479388K) : Extracting res_metal2 resistor
2026-08-03 18:04:46 +0200: Memory Usage (479388K) : Extracting res_metal3 resistor
2026-08-03 18:04:46 +0200: Memory Usage (479388K) : Extracting res_metal4 resistor
2026-08-03 18:04:46 +0200: Memory Usage (479388K) : Extracting res_metal5 resistor
2026-08-03 18:04:46 +0200: Memory Usage (479388K) : Extracting res_topmetal1 resistor
2026-08-03 18:04:46 +0200: Memory Usage (479388K) : Extracting res_topmetal2 resistor
2026-08-03 18:04:47 +0200: Memory Usage (479388K) : Starting CAP EXTRACTION
2026-08-03 18:04:47 +0200: Memory Usage (479388K) : Extracting cap_cmim device
2026-08-03 18:04:47 +0200: Memory Usage (479388K) : Extracting rfcmim device
2026-08-03 18:04:47 +0200: Memory Usage (479388K) : Extracting sg13_hv_svaricap varactor
2026-08-03 18:04:47 +0200: Memory Usage (479388K) : Starting ESD EXTRACTION
2026-08-03 18:04:47 +0200: Memory Usage (479388K) : Extracting diodevdd_2kv ESD device
2026-08-03 18:04:47 +0200: Memory Usage (479388K) : Extracting diodevdd_4kv ESD device
2026-08-03 18:04:47 +0200: Memory Usage (479388K) : Extracting diodevss_2kv ESD device
2026-08-03 18:04:47 +0200: Memory Usage (479388K) : Extracting diodevss_4kv ESD device
2026-08-03 18:04:47 +0200: Memory Usage (479388K) : Extracting idiodevdd_2kv ESD device
2026-08-03 18:04:47 +0200: Memory Usage (479388K) : Extracting idiodevdd_4kv ESD device
2026-08-03 18:04:47 +0200: Memory Usage (479388K) : Extracting idiodevss_2kv ESD device
2026-08-03 18:04:47 +0200: Memory Usage (479388K) : Extracting idiodevss_4kv ESD device
2026-08-03 18:04:47 +0200: Memory Usage (479388K) : Extracting nmoscl_2 ESD device
2026-08-03 18:04:47 +0200: Memory Usage (479388K) : Extracting nmoscl_4 ESD device
2026-08-03 18:04:47 +0200: Memory Usage (479388K) : Starting Inductor EXTRACTION
2026-08-03 18:04:47 +0200: Memory Usage (479388K) : Extracting Inductor2 device
2026-08-03 18:04:47 +0200: Memory Usage (479388K) : Extracting Inductor3 device
2026-08-03 18:04:47 +0200: Memory Usage (479388K) : Starting Taps EXTRACTION
2026-08-03 18:04:47 +0200: Memory Usage (479388K) : Extracting ntap1 device
2026-08-03 18:04:47 +0200: Memory Usage (479388K) : Extracting ptap1 device
2026-08-03 18:04:47 +0200: Memory Usage (479388K) : Starting SG13G2 LVS RF MOS Model Mapping
2026-08-03 18:04:47 +0200: Memory Usage (488732K) : [layout_netlist] Apply RF MOS model mapping and rfmode parameter.
2026-08-03 18:04:47 +0200: Memory Usage (488732K) : Starting SG13G2 LVS Options Preparations
2026-08-03 18:04:47 +0200: Memory Usage (488732K) : SG13G2 LVS flow: extraction -> alignment -> option preparation -> comparison.
2026-08-03 18:04:47 +0200: Memory Usage (488732K) : Starting SG13G2 LVS Alignment
2026-08-03 18:04:47 +0200: Memory Usage (488860K) : Flattening circuits in both netlists: sg13g2_GuardRing_*
2026-08-03 18:04:47 +0200: Memory Usage (488860K) : Starting SG13G2 LVS Simplification
2026-08-03 18:04:47 +0200: Memory Usage (488860K) : [layout_netlist] simplify: ENABLED
2026-08-03 18:04:47 +0200: Memory Usage (488860K) : [layout_netlist] make_top_level_pins: SKIPPED
2026-08-03 18:04:47 +0200: Memory Usage (488860K) : [layout_netlist] combine_devices: ENABLED
2026-08-03 18:04:47 +0200: Memory Usage (488860K) : [layout_netlist] purge: SKIPPED
2026-08-03 18:04:47 +0200: Memory Usage (488860K) : [layout_netlist] purge_nets: SKIPPED
2026-08-03 18:04:47 +0200: Memory Usage (488860K) : [schematic_netlist] simplify: ENABLED
2026-08-03 18:04:47 +0200: Memory Usage (488860K) : [schematic_netlist] make_top_level_pins: SKIPPED
2026-08-03 18:04:47 +0200: Memory Usage (488860K) : [schematic_netlist] combine_devices: ENABLED
2026-08-03 18:04:47 +0200: Memory Usage (488860K) : [schematic_netlist] purge: SKIPPED
2026-08-03 18:04:47 +0200: Memory Usage (488860K) : [schematic_netlist] purge_nets: SKIPPED
2026-08-03 18:04:47 +0200: Memory Usage (488860K) : Starting SG13G2 LVS Comparison in strict port mode.
2026-08-03 18:04:47 +0200: Memory Usage (488860K) : flag_missing_ports enabled: missing/mislabeled top-level ports are treated as errors.
2026-08-03 18:04:47 +0200: Memory Usage (488988K) : xxxxxxxxxxxxxxxxxxxxxxxxxxxxxxxxxxxxxxxxxx
2026-08-03 18:04:47 +0200: Memory Usage (488988K) : ERROR : Netlists don't match
2026-08-03 18:04:47 +0200: Memory Usage (488988K) : xxxxxxxxxxxxxxxxxxxxxxxxxxxxxxxxxxxxxxxxxx
2026-08-03 18:04:47 +0200: Memory Usage (488988K) : LVS Total Run time 4.266161 seconds
03-Aug-2026 18:04:48 | INFO    | ==============================================================================
03-Aug-2026 18:04:48 | INFO    | Important Summary
03-Aug-2026 18:04:48 | INFO    | +------------------+----------------------------------------------------------------------------------------------+
03-Aug-2026 18:04:48 | INFO    | | Status           | FAIL                                                                                         |
03-Aug-2026 18:04:48 | INFO    | | Mode             | COMPARE                                                                                      |
03-Aug-2026 18:04:48 | INFO    | | Outcome          | Comparison mode: FAIL (netlists do not match).                                               |
03-Aug-2026 18:04:48 | INFO    | | Layout           | sg13g2_IOPadInOut16mA.gds                                                                    |
03-Aug-2026 18:04:48 | INFO    | | Top Cell         | sg13g2_IOPadInOut16mA                                                                        |
03-Aug-2026 18:04:48 | INFO    | | Results Dir      | /foss/designs/ihp-open-pdk-regression/IOPADS/lvs_sweep/20260803_180423/sg13g2_IOPadInOut16mA |
03-Aug-2026 18:04:48 | INFO    | | Warnings         | 0                                                                                            |
03-Aug-2026 18:04:48 | INFO    | | Errors           | 1                                                                                            |
03-Aug-2026 18:04:48 | INFO    | | Run Time (s)     | 8.39                                                                                         |
03-Aug-2026 18:04:48 | INFO    | +------------------+----------------------------------------------------------------------------------------------+
03-Aug-2026 18:04:48 | ERROR   | Key errors:
03-Aug-2026 18:04:48 | ERROR   |   - 2026-08-03 18:04:47 +0200: Memory Usage (488988K) : ERROR : Netlists don't match
03-Aug-2026 18:04:48 | INFO    | ==============================================================================
