11-Aug-2026 10:07:51 | INFO    | Your Klayout version is: KLayout 0.30.10 (required >= 0.30.5)
11-Aug-2026 10:07:51 | INFO    | Running SG13G2 LVS checks on design /foss/designs/ihp-open-pdk-regression/IOPADS/layout/sg13g2_IOPadIOVss.gds on cell sg13g2_IOPadIOVss
2026-08-11 10:07:54 +0200: Memory Usage (455800K) : Starting running SG13G2 Klayout LVS runset on /foss/designs/ihp-open-pdk-regression/IOPADS/layout/sg13g2_IOPadIOVss.gds
2026-08-11 10:07:54 +0200: Memory Usage (455800K) : Ruby Version for klayout: 3.2.3
2026-08-11 10:07:54 +0200: Memory Usage (458232K) : Loading database to memory is complete.
2026-08-11 10:07:54 +0200: Memory Usage (458232K) : SG13G2 Klayout LVS runset output at: /foss/designs/ihp-open-pdk-regression/IOPADS/lvs_sweep/20260811_100703/sg13g2_IOPadIOVss/sg13g2_IOPadIOVss.lvsdb
2026-08-11 10:07:54 +0200: Memory Usage (458232K) : Evaluate switches.
2026-08-11 10:07:54 +0200: Memory Usage (458232K) : Extracted netlist with net names: true
2026-08-11 10:07:54 +0200: Memory Usage (458232K) : Extracted netlist with comments in details: false
2026-08-11 10:07:54 +0200: Memory Usage (458232K) : Selected NET_ONLY option: false
2026-08-11 10:07:54 +0200: Memory Usage (458232K) : Selected LAYOUT_NETLIST option: (none)
2026-08-11 10:07:54 +0200: Memory Usage (458232K) : Selected IGNORE_TOP_PORTS_MISMATCH option: true
2026-08-11 10:07:54 +0200: Memory Usage (458232K) : Selected IMPLICIT_NETS option: iovss,iovdd,vss,vdd,pad,cathode,anode
2026-08-11 10:07:54 +0200: Memory Usage (458232K) : Selected TOP_LVL_PINS option: false
2026-08-11 10:07:54 +0200: Memory Usage (458232K) : Selected COMBINE DEVICES option: true
2026-08-11 10:07:54 +0200: Memory Usage (458232K) : Selected PURGE option: false
2026-08-11 10:07:54 +0200: Memory Usage (458232K) : Selected PURGE_NETS option: false
2026-08-11 10:07:54 +0200: Memory Usage (458232K) : Selected SIMPLIFY option: true
2026-08-11 10:07:54 +0200: Memory Usage (458232K) : Selected SERIES_RES option: true
2026-08-11 10:07:54 +0200: Memory Usage (458232K) : Selected PARALLEL_RES option: true
2026-08-11 10:07:54 +0200: Memory Usage (458232K) : Selected DISABLE_TAP_EXTRACTION option: false
2026-08-11 10:07:54 +0200: Memory Usage (458232K) : deep  mode is enabled.
2026-08-11 10:07:54 +0200: Memory Usage (458232K) : Applying implicit connections (case-sensitive, pattern supported) for nets: iovss, iovdd, vss, vdd, pad, cathode, anode
2026-08-11 10:07:54 +0200: Memory Usage (459384K) : Netlist file: /foss/designs/ihp-open-pdk-regression/IOPADS/netlist/pads_sub/sg13g2_IOPadIOVss.spi
2026-08-11 10:07:54 +0200: Memory Usage (459384K) : LVS extracted netlist at: /foss/designs/ihp-open-pdk-regression/IOPADS/lvs_sweep/20260811_100703/sg13g2_IOPadIOVss/sg13g2_IOPadIOVss_extracted.cir
2026-08-11 10:07:54 +0200: Memory Usage (459384K) : Applying SRAM integration support.
2026-08-11 10:07:54 +0200: Memory Usage (459512K) : Starting SG13G2 LVS runset
2026-08-11 10:07:54 +0200: Memory Usage (459512K) : Read in polygons from layers.
2026-08-11 10:07:54 +0200: Memory Usage (460792K) : activ_drw has 21 polygons
2026-08-11 10:07:54 +0200: Memory Usage (460792K) : activ_filler has 0 polygons
2026-08-11 10:07:54 +0200: Memory Usage (460920K) : activ has 21 polygons
2026-08-11 10:07:54 +0200: Memory Usage (460920K) : activ_pin has 0 polygons
2026-08-11 10:07:54 +0200: Memory Usage (460920K) : activ_mask has 0 polygons
2026-08-11 10:07:54 +0200: Memory Usage (461048K) : activ_nofill has 0 polygons
2026-08-11 10:07:54 +0200: Memory Usage (461048K) : activ_OPC has 0 polygons
2026-08-11 10:07:54 +0200: Memory Usage (461176K) : activ_iOPC has 0 polygons
2026-08-11 10:07:54 +0200: Memory Usage (461176K) : activ_noqrc has 0 polygons
2026-08-11 10:07:54 +0200: Memory Usage (461304K) : biwind_drw has 0 polygons
2026-08-11 10:07:54 +0200: Memory Usage (461688K) : biwind_OPC has 0 polygons
2026-08-11 10:07:54 +0200: Memory Usage (461688K) : gatpoly_drw has 0 polygons
2026-08-11 10:07:54 +0200: Memory Usage (461688K) : gatpoly_filler has 0 polygons
2026-08-11 10:07:54 +0200: Memory Usage (461816K) : gatpoly has 0 polygons
2026-08-11 10:07:54 +0200: Memory Usage (461816K) : gatpoly_pin has 0 polygons
2026-08-11 10:07:54 +0200: Memory Usage (461816K) : gatpoly_nofill has 0 polygons
2026-08-11 10:07:54 +0200: Memory Usage (461816K) : gatpoly_OPC has 0 polygons
2026-08-11 10:07:54 +0200: Memory Usage (461816K) : gatpoly_iOPC has 0 polygons
2026-08-11 10:07:54 +0200: Memory Usage (461944K) : gatpoly_noqrc has 0 polygons
2026-08-11 10:07:54 +0200: Memory Usage (464760K) : cont_drw has 73574 polygons
2026-08-11 10:07:54 +0200: Memory Usage (464760K) : cont_OPC has 0 polygons
2026-08-11 10:07:54 +0200: Memory Usage (464760K) : nsd_drw has 0 polygons
2026-08-11 10:07:54 +0200: Memory Usage (464760K) : nsd_block has 0 polygons
2026-08-11 10:07:54 +0200: Memory Usage (464760K) : metal1_drw has 37 polygons
2026-08-11 10:07:54 +0200: Memory Usage (464888K) : metal1_filler has 0 polygons
2026-08-11 10:07:54 +0200: Memory Usage (464888K) : metal1_slit has 0 polygons
2026-08-11 10:07:54 +0200: Memory Usage (465016K) : metal1 has 37 polygons
2026-08-11 10:07:54 +0200: Memory Usage (465016K) : metal1_pin has 14 polygons
2026-08-11 10:07:54 +0200: Memory Usage (465016K) : metal1_mask has 0 polygons
2026-08-11 10:07:54 +0200: Memory Usage (465016K) : metal1_nofill has 0 polygons
2026-08-11 10:07:54 +0200: Memory Usage (465272K) : metal1_text has 14 polygons
2026-08-11 10:07:54 +0200: Memory Usage (465272K) : metal1_OPC has 0 polygons
2026-08-11 10:07:54 +0200: Memory Usage (465272K) : metal1_noqrc has 0 polygons
2026-08-11 10:07:54 +0200: Memory Usage (465272K) : metal1_res has 0 polygons
2026-08-11 10:07:54 +0200: Memory Usage (465272K) : metal1_iprobe has 0 polygons
2026-08-11 10:07:54 +0200: Memory Usage (465272K) : metal1_diffprb has 0 polygons
2026-08-11 10:07:54 +0200: Memory Usage (465272K) : passiv_drw has 0 polygons
2026-08-11 10:07:54 +0200: Memory Usage (465272K) : passiv_pin has 0 polygons
2026-08-11 10:07:54 +0200: Memory Usage (465272K) : passiv_sbump has 0 polygons
2026-08-11 10:07:54 +0200: Memory Usage (465272K) : passiv_pillar has 0 polygons
2026-08-11 10:07:54 +0200: Memory Usage (465272K) : passiv_pdl has 0 polygons
2026-08-11 10:07:54 +0200: Memory Usage (465528K) : metal2_drw has 20 polygons
2026-08-11 10:07:54 +0200: Memory Usage (465528K) : metal2_filler has 0 polygons
2026-08-11 10:07:55 +0200: Memory Usage (465528K) : metal2_slit has 0 polygons
2026-08-11 10:07:55 +0200: Memory Usage (465528K) : metal2 has 20 polygons
2026-08-11 10:07:55 +0200: Memory Usage (465528K) : metal2_pin has 1 polygons
2026-08-11 10:07:55 +0200: Memory Usage (465528K) : metal2_mask has 0 polygons
2026-08-11 10:07:55 +0200: Memory Usage (465656K) : metal2_nofill has 0 polygons
2026-08-11 10:07:55 +0200: Memory Usage (465784K) : metal2_text has 1 polygons
2026-08-11 10:07:55 +0200: Memory Usage (465784K) : metal2_OPC has 0 polygons
2026-08-11 10:07:55 +0200: Memory Usage (465912K) : metal2_noqrc has 0 polygons
2026-08-11 10:07:55 +0200: Memory Usage (465912K) : metal2_res has 0 polygons
2026-08-11 10:07:55 +0200: Memory Usage (466040K) : metal2_iprobe has 0 polygons
2026-08-11 10:07:55 +0200: Memory Usage (466040K) : metal2_diffprb has 0 polygons
2026-08-11 10:07:55 +0200: Memory Usage (466168K) : baspoly_drw has 0 polygons
2026-08-11 10:07:55 +0200: Memory Usage (466168K) : baspoly_pin has 0 polygons
2026-08-11 10:07:55 +0200: Memory Usage (466296K) : psd_drw has 11 polygons
2026-08-11 10:07:55 +0200: Memory Usage (466424K) : nldb_drw has 0 polygons
2026-08-11 10:07:55 +0200: Memory Usage (466424K) : digibnd_drw has 0 polygons
2026-08-11 10:07:55 +0200: Memory Usage (466552K) : via1_drw has 2182 polygons
2026-08-11 10:07:55 +0200: Memory Usage (466680K) : backmetal1_drw has 0 polygons
2026-08-11 10:07:55 +0200: Memory Usage (466808K) : backmetal1_pin has 0 polygons
2026-08-11 10:07:55 +0200: Memory Usage (466808K) : backmetal1_mask has 0 polygons
2026-08-11 10:07:55 +0200: Memory Usage (466936K) : backmetal1_filler has 0 polygons
2026-08-11 10:07:55 +0200: Memory Usage (466936K) : backmetal1_nofill has 0 polygons
2026-08-11 10:07:55 +0200: Memory Usage (467064K) : backmetal1_slit has 0 polygons
2026-08-11 10:07:55 +0200: Memory Usage (467064K) : backmetal1_text has 0 polygons
2026-08-11 10:07:55 +0200: Memory Usage (467192K) : backmetal1_OPC has 0 polygons
2026-08-11 10:07:55 +0200: Memory Usage (467192K) : backmetal1_noqrc has 0 polygons
2026-08-11 10:07:55 +0200: Memory Usage (467320K) : backmetal1_res has 0 polygons
2026-08-11 10:07:55 +0200: Memory Usage (467320K) : backmetal1_iprobe has 0 polygons
2026-08-11 10:07:55 +0200: Memory Usage (467448K) : backmetal1_diffprb has 0 polygons
2026-08-11 10:07:55 +0200: Memory Usage (467448K) : backpassiv_drw has 0 polygons
2026-08-11 10:07:55 +0200: Memory Usage (467576K) : res_drw has 0 polygons
2026-08-11 10:07:55 +0200: Memory Usage (467576K) : sram_drw has 0 polygons
2026-08-11 10:07:55 +0200: Memory Usage (467832K) : trans_drw has 0 polygons
2026-08-11 10:07:55 +0200: Memory Usage (467960K) : ind_drw has 0 polygons
2026-08-11 10:07:55 +0200: Memory Usage (467960K) : ind_pin has 0 polygons
2026-08-11 10:07:55 +0200: Memory Usage (468088K) : ind_text has 0 polygons
2026-08-11 10:07:55 +0200: Memory Usage (468088K) : salblock_drw has 0 polygons
2026-08-11 10:07:55 +0200: Memory Usage (468344K) : via2_drw has 16312 polygons
2026-08-11 10:07:55 +0200: Memory Usage (468600K) : metal3_drw has 14 polygons
2026-08-11 10:07:55 +0200: Memory Usage (468600K) : metal3_filler has 0 polygons
2026-08-11 10:07:55 +0200: Memory Usage (468600K) : metal3_slit has 0 polygons
2026-08-11 10:07:55 +0200: Memory Usage (468728K) : metal3 has 14 polygons
2026-08-11 10:07:55 +0200: Memory Usage (468728K) : metal3_pin has 8 polygons
2026-08-11 10:07:55 +0200: Memory Usage (468728K) : metal3_mask has 0 polygons
2026-08-11 10:07:55 +0200: Memory Usage (468856K) : metal3_nofill has 0 polygons
2026-08-11 10:07:55 +0200: Memory Usage (468856K) : metal3_text has 8 polygons
2026-08-11 10:07:55 +0200: Memory Usage (468856K) : metal3_OPC has 0 polygons
2026-08-11 10:07:55 +0200: Memory Usage (468856K) : metal3_noqrc has 0 polygons
2026-08-11 10:07:55 +0200: Memory Usage (468984K) : metal3_res has 0 polygons
2026-08-11 10:07:55 +0200: Memory Usage (468984K) : metal3_iprobe has 0 polygons
2026-08-11 10:07:55 +0200: Memory Usage (468984K) : metal3_diffprb has 0 polygons
2026-08-11 10:07:55 +0200: Memory Usage (468984K) : nwell_drw has 8 polygons
2026-08-11 10:07:55 +0200: Memory Usage (469112K) : nwell_pin has 0 polygons
2026-08-11 10:07:55 +0200: Memory Usage (469240K) : nwell_text has 0 polygons
2026-08-11 10:07:55 +0200: Memory Usage (469240K) : nbulay_drw has 0 polygons
2026-08-11 10:07:55 +0200: Memory Usage (469368K) : nbulay_pin has 0 polygons
2026-08-11 10:07:55 +0200: Memory Usage (469368K) : nbulay_block has 0 polygons
2026-08-11 10:07:55 +0200: Memory Usage (469496K) : emwind_drw has 0 polygons
2026-08-11 10:07:55 +0200: Memory Usage (469496K) : emwind_OPC has 0 polygons
2026-08-11 10:07:55 +0200: Memory Usage (469624K) : deepco_drw has 0 polygons
2026-08-11 10:07:55 +0200: Memory Usage (469624K) : mim_drw has 0 polygons
2026-08-11 10:07:55 +0200: Memory Usage (469752K) : edgeseal_drw has 0 polygons
2026-08-11 10:07:55 +0200: Memory Usage (469752K) : substrate_drw has 9 polygons
2026-08-11 10:07:55 +0200: Memory Usage (469880K) : substrate_text has 0 polygons
2026-08-11 10:07:55 +0200: Memory Usage (469880K) : dfpad_drw has 0 polygons
2026-08-11 10:07:55 +0200: Memory Usage (470008K) : dfpad_pillar has 0 polygons
2026-08-11 10:07:55 +0200: Memory Usage (470008K) : dfpad_sbump has 0 polygons
2026-08-11 10:07:55 +0200: Memory Usage (470136K) : thickgateox_drw has 0 polygons
2026-08-11 10:07:55 +0200: Memory Usage (470136K) : pldb_drw has 0 polygons
2026-08-11 10:07:55 +0200: Memory Usage (470136K) : pwell_drw has 0 polygons
2026-08-11 10:07:55 +0200: Memory Usage (470136K) : pwell_pin has 0 polygons
2026-08-11 10:07:55 +0200: Memory Usage (470136K) : pwell_block has 0 polygons
2026-08-11 10:07:55 +0200: Memory Usage (470136K) : ic_drw has 0 polygons
2026-08-11 10:07:55 +0200: Memory Usage (470136K) : via3_drw has 2087 polygons
2026-08-11 10:07:55 +0200: Memory Usage (470136K) : metal4_drw has 8 polygons
2026-08-11 10:07:55 +0200: Memory Usage (470136K) : metal4_filler has 0 polygons
2026-08-11 10:07:55 +0200: Memory Usage (470136K) : metal4_slit has 0 polygons
2026-08-11 10:07:55 +0200: Memory Usage (470136K) : metal4 has 8 polygons
2026-08-11 10:07:55 +0200: Memory Usage (470136K) : metal4_pin has 8 polygons
2026-08-11 10:07:55 +0200: Memory Usage (470136K) : metal4_mask has 0 polygons
2026-08-11 10:07:55 +0200: Memory Usage (470136K) : metal4_nofill has 0 polygons
2026-08-11 10:07:55 +0200: Memory Usage (470136K) : metal4_text has 8 polygons
2026-08-11 10:07:55 +0200: Memory Usage (470136K) : metal4_OPC has 0 polygons
2026-08-11 10:07:55 +0200: Memory Usage (470136K) : metal4_noqrc has 0 polygons
2026-08-11 10:07:55 +0200: Memory Usage (470136K) : metal4_res has 0 polygons
2026-08-11 10:07:55 +0200: Memory Usage (470136K) : metal4_iprobe has 0 polygons
2026-08-11 10:07:55 +0200: Memory Usage (470136K) : metal4_diffprb has 0 polygons
2026-08-11 10:07:55 +0200: Memory Usage (470136K) : heattrans_drw has 0 polygons
2026-08-11 10:07:55 +0200: Memory Usage (470136K) : heatres_drw has 0 polygons
2026-08-11 10:07:55 +0200: Memory Usage (470136K) : fbe_drw has 0 polygons
2026-08-11 10:07:55 +0200: Memory Usage (470136K) : empoly_drw has 0 polygons
2026-08-11 10:07:55 +0200: Memory Usage (470136K) : digisub_drw has 0 polygons
2026-08-11 10:07:55 +0200: Memory Usage (470136K) : text_drw has 7 polygons
2026-08-11 10:07:55 +0200: Memory Usage (470136K) : via4_drw has 2371 polygons
2026-08-11 10:07:55 +0200: Memory Usage (470136K) : metal5_drw has 8 polygons
2026-08-11 10:07:55 +0200: Memory Usage (470136K) : metal5_filler has 0 polygons
2026-08-11 10:07:55 +0200: Memory Usage (470136K) : metal5_slit has 0 polygons
2026-08-11 10:07:55 +0200: Memory Usage (470136K) : metal5 has 8 polygons
2026-08-11 10:07:55 +0200: Memory Usage (470136K) : metal5_pin has 8 polygons
2026-08-11 10:07:55 +0200: Memory Usage (470136K) : metal5_mask has 0 polygons
2026-08-11 10:07:55 +0200: Memory Usage (470136K) : metal5_nofill has 0 polygons
2026-08-11 10:07:55 +0200: Memory Usage (470136K) : metal5_text has 8 polygons
2026-08-11 10:07:55 +0200: Memory Usage (470136K) : metal5_OPC has 0 polygons
2026-08-11 10:07:55 +0200: Memory Usage (470136K) : metal5_noqrc has 0 polygons
2026-08-11 10:07:55 +0200: Memory Usage (470136K) : metal5_res has 0 polygons
2026-08-11 10:07:55 +0200: Memory Usage (470136K) : metal5_iprobe has 0 polygons
2026-08-11 10:07:55 +0200: Memory Usage (470136K) : metal5_diffprb has 0 polygons
2026-08-11 10:07:55 +0200: Memory Usage (470136K) : radhard_drw has 0 polygons
2026-08-11 10:07:55 +0200: Memory Usage (470136K) : memcap_drw has 0 polygons
2026-08-11 10:07:55 +0200: Memory Usage (470136K) : varicap_drw has 0 polygons
2026-08-11 10:07:55 +0200: Memory Usage (470136K) : intbondvia_drw has 0 polygons
2026-08-11 10:07:55 +0200: Memory Usage (470136K) : intbondmet_drw has 0 polygons
2026-08-11 10:07:55 +0200: Memory Usage (470136K) : devbondvia_drw has 0 polygons
2026-08-11 10:07:55 +0200: Memory Usage (470136K) : devbondmet_drw has 0 polygons
2026-08-11 10:07:55 +0200: Memory Usage (470136K) : devtrench_drw has 0 polygons
2026-08-11 10:07:55 +0200: Memory Usage (470136K) : redist_drw has 0 polygons
2026-08-11 10:07:55 +0200: Memory Usage (470136K) : graphbot_drw has 0 polygons
2026-08-11 10:07:55 +0200: Memory Usage (470136K) : graphtop_drw has 0 polygons
2026-08-11 10:07:55 +0200: Memory Usage (470136K) : antvia1_drw has 0 polygons
2026-08-11 10:07:55 +0200: Memory Usage (470136K) : antmetal2_drw has 0 polygons
2026-08-11 10:07:55 +0200: Memory Usage (470136K) : graphcont_drw has 0 polygons
2026-08-11 10:07:55 +0200: Memory Usage (470136K) : siwg_drw has 0 polygons
2026-08-11 10:07:55 +0200: Memory Usage (470136K) : siwg_filler has 0 polygons
2026-08-11 10:07:55 +0200: Memory Usage (470136K) : siwg_nofill has 0 polygons
2026-08-11 10:07:55 +0200: Memory Usage (470136K) : sigrating_drw has 0 polygons
2026-08-11 10:07:55 +0200: Memory Usage (470136K) : singrating_drw has 0 polygons
2026-08-11 10:07:55 +0200: Memory Usage (470136K) : graphpas_drw has 0 polygons
2026-08-11 10:07:55 +0200: Memory Usage (470136K) : emwind3_drw has 0 polygons
2026-08-11 10:07:55 +0200: Memory Usage (470136K) : emwihv3_drw has 0 polygons
2026-08-11 10:07:55 +0200: Memory Usage (470136K) : redbulay_drw has 0 polygons
2026-08-11 10:07:55 +0200: Memory Usage (470136K) : smos_drw has 0 polygons
2026-08-11 10:07:55 +0200: Memory Usage (470136K) : graphpad_drw has 0 polygons
2026-08-11 10:07:55 +0200: Memory Usage (470136K) : polimide_drw has 0 polygons
2026-08-11 10:07:55 +0200: Memory Usage (470136K) : polimide_pin has 0 polygons
2026-08-11 10:07:55 +0200: Memory Usage (470136K) : recog_drw has 0 polygons
2026-08-11 10:07:55 +0200: Memory Usage (470136K) : recog_pin has 0 polygons
2026-08-11 10:07:55 +0200: Memory Usage (470136K) : recog_esd has 0 polygons
2026-08-11 10:07:55 +0200: Memory Usage (470136K) : recog_diode has 4 polygons
2026-08-11 10:07:55 +0200: Memory Usage (470136K) : recog_tsv has 0 polygons
2026-08-11 10:07:55 +0200: Memory Usage (470136K) : recog_iprobe has 0 polygons
2026-08-11 10:07:55 +0200: Memory Usage (470136K) : recog_diffprb has 0 polygons
2026-08-11 10:07:55 +0200: Memory Usage (470136K) : recog_pillar has 0 polygons
2026-08-11 10:07:55 +0200: Memory Usage (470136K) : recog_sbump has 0 polygons
2026-08-11 10:07:55 +0200: Memory Usage (470136K) : recog_otp has 0 polygons
2026-08-11 10:07:55 +0200: Memory Usage (470136K) : recog_pdiode has 0 polygons
2026-08-11 10:07:55 +0200: Memory Usage (470136K) : recog_mom has 0 polygons
2026-08-11 10:07:55 +0200: Memory Usage (470136K) : recog_pcm has 0 polygons
2026-08-11 10:07:55 +0200: Memory Usage (470136K) : colopen_drw has 0 polygons
2026-08-11 10:07:55 +0200: Memory Usage (470136K) : graphmetal1_drw has 0 polygons
2026-08-11 10:07:55 +0200: Memory Usage (470136K) : graphmetal1_filler has 0 polygons
2026-08-11 10:07:55 +0200: Memory Usage (470136K) : graphmetal1_nofill has 0 polygons
2026-08-11 10:07:55 +0200: Memory Usage (470136K) : graphmetal1_slit has 0 polygons
2026-08-11 10:07:55 +0200: Memory Usage (470136K) : graphmetal1_OPC has 0 polygons
2026-08-11 10:07:55 +0200: Memory Usage (470136K) : graphmet1l_drw has 0 polygons
2026-08-11 10:07:55 +0200: Memory Usage (470136K) : graphmet1l_filler has 0 polygons
2026-08-11 10:07:55 +0200: Memory Usage (470136K) : graphmet1l_nofill has 0 polygons
2026-08-11 10:07:55 +0200: Memory Usage (470136K) : graphmet1l_slit has 0 polygons
2026-08-11 10:07:55 +0200: Memory Usage (470136K) : graphmet1l_OPC has 0 polygons
2026-08-11 10:07:55 +0200: Memory Usage (470136K) : extblock_drw has 0 polygons
2026-08-11 10:07:55 +0200: Memory Usage (470136K) : nldd_drw has 0 polygons
2026-08-11 10:07:55 +0200: Memory Usage (470136K) : pldd_drw has 0 polygons
2026-08-11 10:07:55 +0200: Memory Usage (470136K) : next_drw has 0 polygons
2026-08-11 10:07:55 +0200: Memory Usage (470136K) : pext_drw has 0 polygons
2026-08-11 10:07:55 +0200: Memory Usage (470136K) : nexthv_drw has 0 polygons
2026-08-11 10:07:55 +0200: Memory Usage (470136K) : pexthv_drw has 0 polygons
2026-08-11 10:07:55 +0200: Memory Usage (470136K) : graphgate_drw has 0 polygons
2026-08-11 10:07:55 +0200: Memory Usage (470136K) : sinwg_drw has 0 polygons
2026-08-11 10:07:55 +0200: Memory Usage (470136K) : sinwg_filler has 0 polygons
2026-08-11 10:07:55 +0200: Memory Usage (470136K) : sinwg_nofill has 0 polygons
2026-08-11 10:07:55 +0200: Memory Usage (470136K) : mempad_drw has 0 polygons
2026-08-11 10:07:55 +0200: Memory Usage (470136K) : topvia1_drw has 2315 polygons
2026-08-11 10:07:55 +0200: Memory Usage (470136K) : topmetal1_drw has 8 polygons
2026-08-11 10:07:55 +0200: Memory Usage (470136K) : topmetal1_filler has 0 polygons
2026-08-11 10:07:55 +0200: Memory Usage (470136K) : topmetal1_slit has 0 polygons
2026-08-11 10:07:55 +0200: Memory Usage (470136K) : topmetal1 has 8 polygons
2026-08-11 10:07:55 +0200: Memory Usage (470136K) : topmetal1_pin has 8 polygons
2026-08-11 10:07:55 +0200: Memory Usage (470136K) : topmetal1_mask has 0 polygons
2026-08-11 10:07:55 +0200: Memory Usage (470136K) : topmetal1_nofill has 0 polygons
2026-08-11 10:07:55 +0200: Memory Usage (470136K) : topmetal1_text has 8 polygons
2026-08-11 10:07:55 +0200: Memory Usage (470136K) : topmetal1_noqrc has 0 polygons
2026-08-11 10:07:55 +0200: Memory Usage (470136K) : topmetal1_res has 0 polygons
2026-08-11 10:07:55 +0200: Memory Usage (470264K) : topmetal1_iprobe has 0 polygons
2026-08-11 10:07:55 +0200: Memory Usage (470264K) : topmetal1_diffprb has 0 polygons
2026-08-11 10:07:55 +0200: Memory Usage (470264K) : inldpwl_drw has 0 polygons
2026-08-11 10:07:55 +0200: Memory Usage (470264K) : polyres_drw has 0 polygons
2026-08-11 10:07:55 +0200: Memory Usage (470264K) : polyres_pin has 0 polygons
2026-08-11 10:07:55 +0200: Memory Usage (470264K) : vmim_drw has 0 polygons
2026-08-11 10:07:55 +0200: Memory Usage (470264K) : nbulaycut_drw has 0 polygons
2026-08-11 10:07:55 +0200: Memory Usage (470264K) : antmetal1_drw has 0 polygons
2026-08-11 10:07:55 +0200: Memory Usage (470264K) : topvia2_drw has 1593 polygons
2026-08-11 10:07:55 +0200: Memory Usage (470264K) : topmetal2_drw has 10 polygons
2026-08-11 10:07:55 +0200: Memory Usage (470264K) : topmetal2_filler has 0 polygons
2026-08-11 10:07:55 +0200: Memory Usage (470264K) : topmetal2_slit has 0 polygons
2026-08-11 10:07:55 +0200: Memory Usage (470264K) : topmetal2 has 10 polygons
2026-08-11 10:07:55 +0200: Memory Usage (470264K) : topmetal2_pin has 6 polygons
2026-08-11 10:07:55 +0200: Memory Usage (470264K) : topmetal2_mask has 0 polygons
2026-08-11 10:07:55 +0200: Memory Usage (470264K) : topmetal2_nofill has 0 polygons
2026-08-11 10:07:55 +0200: Memory Usage (470264K) : topmetal2_text has 6 polygons
2026-08-11 10:07:55 +0200: Memory Usage (470264K) : topmetal2_noqrc has 0 polygons
2026-08-11 10:07:55 +0200: Memory Usage (470264K) : topmetal2_res has 0 polygons
2026-08-11 10:07:55 +0200: Memory Usage (470264K) : topmetal2_iprobe has 0 polygons
2026-08-11 10:07:55 +0200: Memory Usage (470264K) : topmetal2_diffprb has 0 polygons
2026-08-11 10:07:55 +0200: Memory Usage (470264K) : snsring_drw has 0 polygons
2026-08-11 10:07:55 +0200: Memory Usage (470264K) : sensor_drw has 0 polygons
2026-08-11 10:07:55 +0200: Memory Usage (470264K) : snsarms_drw has 0 polygons
2026-08-11 10:07:55 +0200: Memory Usage (470264K) : snscmosvia_drw has 0 polygons
2026-08-11 10:07:55 +0200: Memory Usage (470264K) : colwind_drw has 0 polygons
2026-08-11 10:07:55 +0200: Memory Usage (470264K) : flm_drw has 0 polygons
2026-08-11 10:07:55 +0200: Memory Usage (470264K) : hafniumox_drw has 0 polygons
2026-08-11 10:07:55 +0200: Memory Usage (470264K) : memvia_drw has 0 polygons
2026-08-11 10:07:55 +0200: Memory Usage (470264K) : thinfilmres_drw has 0 polygons
2026-08-11 10:07:56 +0200: Memory Usage (470264K) : rfmem_drw has 0 polygons
2026-08-11 10:07:56 +0200: Memory Usage (470264K) : norcx_drw has 0 polygons
2026-08-11 10:07:56 +0200: Memory Usage (470264K) : norcx_m2m3 has 0 polygons
2026-08-11 10:07:56 +0200: Memory Usage (470264K) : norcx_m2m4 has 0 polygons
2026-08-11 10:07:56 +0200: Memory Usage (470264K) : norcx_m2m5 has 0 polygons
2026-08-11 10:07:56 +0200: Memory Usage (470264K) : norcx_m2tm1 has 0 polygons
2026-08-11 10:07:56 +0200: Memory Usage (470264K) : norcx_m2tm2 has 0 polygons
2026-08-11 10:07:56 +0200: Memory Usage (470264K) : norcx_m3m4 has 0 polygons
2026-08-11 10:07:56 +0200: Memory Usage (470264K) : norcx_m3m5 has 0 polygons
2026-08-11 10:07:56 +0200: Memory Usage (470264K) : norcx_m3tm1 has 0 polygons
2026-08-11 10:07:56 +0200: Memory Usage (470264K) : norcx_m3tm2 has 0 polygons
2026-08-11 10:07:56 +0200: Memory Usage (470264K) : norcx_m4m5 has 0 polygons
2026-08-11 10:07:56 +0200: Memory Usage (470264K) : norcx_m4tm1 has 0 polygons
2026-08-11 10:07:56 +0200: Memory Usage (470264K) : norcx_m4tm2 has 0 polygons
2026-08-11 10:07:56 +0200: Memory Usage (470264K) : norcx_m5tm1 has 0 polygons
2026-08-11 10:07:56 +0200: Memory Usage (470264K) : norcx_m5tm2 has 0 polygons
2026-08-11 10:07:56 +0200: Memory Usage (470264K) : norcx_tm1tm2 has 0 polygons
2026-08-11 10:07:56 +0200: Memory Usage (470264K) : norcx_m1sub has 0 polygons
2026-08-11 10:07:56 +0200: Memory Usage (470264K) : norcx_m2sub has 0 polygons
2026-08-11 10:07:56 +0200: Memory Usage (470264K) : norcx_m3sub has 0 polygons
2026-08-11 10:07:56 +0200: Memory Usage (470264K) : norcx_m4sub has 0 polygons
2026-08-11 10:07:56 +0200: Memory Usage (470264K) : norcx_m5sub has 0 polygons
2026-08-11 10:07:56 +0200: Memory Usage (470264K) : norcx_tm1sub has 0 polygons
2026-08-11 10:07:56 +0200: Memory Usage (470264K) : norcx_tm2sub has 0 polygons
2026-08-11 10:07:56 +0200: Memory Usage (470264K) : snsbotvia_drw has 0 polygons
2026-08-11 10:07:56 +0200: Memory Usage (470264K) : snstopvia_drw has 0 polygons
2026-08-11 10:07:56 +0200: Memory Usage (470264K) : deepvia_drw has 0 polygons
2026-08-11 10:07:56 +0200: Memory Usage (470264K) : fgetch_drw has 0 polygons
2026-08-11 10:07:56 +0200: Memory Usage (470264K) : ctrgat_drw has 0 polygons
2026-08-11 10:07:56 +0200: Memory Usage (470264K) : fgimp_drw has 0 polygons
2026-08-11 10:07:56 +0200: Memory Usage (470264K) : emwihv_drw has 0 polygons
2026-08-11 10:07:56 +0200: Memory Usage (470264K) : lbe_drw has 0 polygons
2026-08-11 10:07:56 +0200: Memory Usage (470264K) : alcustop_drw has 0 polygons
2026-08-11 10:07:56 +0200: Memory Usage (470264K) : nometfiller_drw has 0 polygons
2026-08-11 10:07:56 +0200: Memory Usage (470264K) : prboundary_drw has 0 polygons
2026-08-11 10:07:56 +0200: Memory Usage (470264K) : exchange0_drw has 0 polygons
2026-08-11 10:07:56 +0200: Memory Usage (470264K) : exchange0_pin has 0 polygons
2026-08-11 10:07:56 +0200: Memory Usage (470264K) : exchange0_text has 0 polygons
2026-08-11 10:07:56 +0200: Memory Usage (470264K) : exchange1_drw has 0 polygons
2026-08-11 10:07:56 +0200: Memory Usage (470264K) : exchange1_pin has 0 polygons
2026-08-11 10:07:56 +0200: Memory Usage (470264K) : exchange1_text has 0 polygons
2026-08-11 10:07:56 +0200: Memory Usage (470264K) : exchange2_drw has 0 polygons
2026-08-11 10:07:56 +0200: Memory Usage (470264K) : exchange2_pin has 0 polygons
2026-08-11 10:07:56 +0200: Memory Usage (470264K) : exchange2_text has 0 polygons
2026-08-11 10:07:56 +0200: Memory Usage (470264K) : exchange3_drw has 0 polygons
2026-08-11 10:07:56 +0200: Memory Usage (470264K) : exchange3_pin has 0 polygons
2026-08-11 10:07:56 +0200: Memory Usage (470264K) : exchange3_text has 0 polygons
2026-08-11 10:07:56 +0200: Memory Usage (470264K) : exchange4_drw has 0 polygons
2026-08-11 10:07:56 +0200: Memory Usage (470264K) : exchange4_pin has 0 polygons
2026-08-11 10:07:56 +0200: Memory Usage (470264K) : exchange4_text has 0 polygons
2026-08-11 10:07:56 +0200: Memory Usage (470264K) : isonwell_drw has 0 polygons
2026-08-11 10:07:56 +0200: Memory Usage (470264K) : Total no. of polygons in the design is 100705
2026-08-11 10:07:56 +0200: Memory Usage (470264K) : Starting base layers derivations
2026-08-11 10:07:56 +0200: Memory Usage (470264K) : Starting general LVS derivations
2026-08-11 10:07:56 +0200: Memory Usage (473976K) : Starting MOSFET DERIVATIONS
2026-08-11 10:07:57 +0200: Memory Usage (504084K) : Starting NMOS DERIVATIONS
2026-08-11 10:07:57 +0200: Memory Usage (504084K) : Starting PMOS DERIVATIONS
2026-08-11 10:07:57 +0200: Memory Usage (504084K) : Starting RF-MOSFET DERIVATIONS
2026-08-11 10:07:57 +0200: Memory Usage (504084K) : Starting RF-NMOS DERIVATIONS
2026-08-11 10:07:57 +0200: Memory Usage (504084K) : Starting RF-PMOS DERIVATIONS
2026-08-11 10:07:57 +0200: Memory Usage (504084K) : Starting BJT DERIVATIONS
2026-08-11 10:07:57 +0200: Memory Usage (504084K) : Starting NPN-BJT DERIVATIONS
2026-08-11 10:07:57 +0200: Memory Usage (504084K) : Starting PNP-BJT DERIVATIONS
2026-08-11 10:07:57 +0200: Memory Usage (504980K) : Starting DIODE DERIVATIONS
2026-08-11 10:07:59 +0200: Memory Usage (480244K) : Starting RESISTOR DERIVATIONS
2026-08-11 10:07:59 +0200: Memory Usage (480244K) : Starting CAP DERIVATIONS
2026-08-11 10:07:59 +0200: Memory Usage (480628K) : Starting CAP_CMOM DERIVATIONS
2026-08-11 10:07:59 +0200: Memory Usage (480884K) : Starting ESD DERIVATIONS
2026-08-11 10:08:00 +0200: Memory Usage (482164K) : Starting Inductor DERIVATIONS
2026-08-11 10:08:00 +0200: Memory Usage (482164K) : Starting Taps DERIVATIONS
2026-08-11 10:08:00 +0200: Memory Usage (482164K) : Starting SG13G2 LVS connectivity setup
2026-08-11 10:08:00 +0200: Memory Usage (482164K) : Starting SG13G2 LVS connectivity setup (Inter-layer)
2026-08-11 10:08:00 +0200: Memory Usage (482292K) : Starting SG13G2 LVS connectivity setup (Global)
2026-08-11 10:08:00 +0200: Memory Usage (482292K) : Starting LVS MOSFET CONNECTIONS
2026-08-11 10:08:00 +0200: Memory Usage (482292K) : Starting LVS RF-MOSFET CONNECTIONS
2026-08-11 10:08:00 +0200: Memory Usage (482292K) : Starting LVS BJT CONNECTIONS
2026-08-11 10:08:00 +0200: Memory Usage (482292K) : Starting LVS DIODE CONNECTIONS
2026-08-11 10:08:00 +0200: Memory Usage (482292K) : Starting RESISTOR CONNECTIONS
2026-08-11 10:08:00 +0200: Memory Usage (482292K) : Starting LVS CAP CONNECTIONS
2026-08-11 10:08:00 +0200: Memory Usage (482292K) : Starting CAP_CMOM CONNECTIONS
2026-08-11 10:08:00 +0200: Memory Usage (482292K) : Starting ESD CONNECTIONS
2026-08-11 10:08:00 +0200: Memory Usage (482292K) : Starting Inductor CONNECTIONS
2026-08-11 10:08:00 +0200: Memory Usage (482292K) : Starting LVS Taps CONNECTIONS
2026-08-11 10:08:00 +0200: Memory Usage (482292K) : Starting SG13G2 LVS DEVICES EXTRACTION
2026-08-11 10:08:00 +0200: Memory Usage (482292K) : Starting MOSFET EXTRACTION
2026-08-11 10:08:00 +0200: Memory Usage (482292K) : Starting NMOS EXTRACTION
2026-08-11 10:08:00 +0200: Memory Usage (482292K) : Extraction of NMOS-LV transistor
2026-08-11 10:08:00 +0200: Memory Usage (482292K) : Extraction of NMOS-HV transistor
2026-08-11 10:08:00 +0200: Memory Usage (482292K) : Starting PMOS EXTRACTION
2026-08-11 10:08:00 +0200: Memory Usage (482292K) : Extraction of PMOS-LV transistor
2026-08-11 10:08:00 +0200: Memory Usage (482292K) : Extraction of PMOS-HV transistor
2026-08-11 10:08:00 +0200: Memory Usage (482292K) : Starting RF-MOSFET EXTRACTION
2026-08-11 10:08:00 +0200: Memory Usage (482292K) : Extraction of RF-NMOS-LV transistor
2026-08-11 10:08:00 +0200: Memory Usage (482292K) : Extraction of RF-NMOS-HV transistor
2026-08-11 10:08:00 +0200: Memory Usage (482292K) : Extraction of RF-PMOS-LV transistor
2026-08-11 10:08:00 +0200: Memory Usage (482292K) : Extraction of RF-PMOS-HV transistor
2026-08-11 10:08:00 +0200: Memory Usage (482292K) : Starting BJT EXTRACTION
2026-08-11 10:08:00 +0200: Memory Usage (482292K) : Starting NPN-BJT EXTRACTION
2026-08-11 10:08:00 +0200: Memory Usage (482292K) : Extraction of npn13G2 BJT transistor
2026-08-11 10:08:00 +0200: Memory Usage (482292K) : Extraction of npn13G2L BJT transistor
2026-08-11 10:08:00 +0200: Memory Usage (482292K) : Extraction of npn13G2V BJT transistor
2026-08-11 10:08:00 +0200: Memory Usage (482292K) : Starting PNP-BJT EXTRACTION
2026-08-11 10:08:00 +0200: Memory Usage (482292K) : Extracting pnpMPA BJT
2026-08-11 10:08:00 +0200: Memory Usage (482292K) : Starting DIODE EXTRACTION
2026-08-11 10:08:00 +0200: Memory Usage (482292K) : Extracting dantenna diode
2026-08-11 10:08:00 +0200: Memory Usage (482292K) : Extracting dpantenna diode
2026-08-11 10:08:00 +0200: Memory Usage (482292K) : Extracting schottky_nbl1 diode
2026-08-11 10:08:00 +0200: Memory Usage (482292K) : Extracting isolbox diode
2026-08-11 10:08:00 +0200: Memory Usage (482292K) : Starting RESISTOR EXTRACTION
2026-08-11 10:08:00 +0200: Memory Usage (482292K) : Extracting rsil resistor
2026-08-11 10:08:00 +0200: Memory Usage (482292K) : Extracting rppd resistor
2026-08-11 10:08:00 +0200: Memory Usage (482292K) : Extracting rhigh resistor
2026-08-11 10:08:00 +0200: Memory Usage (482292K) : Extracting res_metal1 resistor
2026-08-11 10:08:00 +0200: Memory Usage (482292K) : Extracting res_metal2 resistor
2026-08-11 10:08:00 +0200: Memory Usage (482292K) : Extracting res_metal3 resistor
2026-08-11 10:08:00 +0200: Memory Usage (482292K) : Extracting res_metal4 resistor
2026-08-11 10:08:00 +0200: Memory Usage (482292K) : Extracting res_metal5 resistor
2026-08-11 10:08:00 +0200: Memory Usage (482292K) : Extracting res_topmetal1 resistor
2026-08-11 10:08:00 +0200: Memory Usage (482292K) : Extracting res_topmetal2 resistor
2026-08-11 10:08:00 +0200: Memory Usage (482292K) : Starting CAP EXTRACTION
2026-08-11 10:08:00 +0200: Memory Usage (482292K) : Extracting cap_cmim device
2026-08-11 10:08:00 +0200: Memory Usage (482292K) : Extracting rfcmim device
2026-08-11 10:08:00 +0200: Memory Usage (482292K) : Extracting sg13_hv_svaricap varactor
2026-08-11 10:08:00 +0200: Memory Usage (482292K) : Extracting cap_cmomi device
2026-08-11 10:08:00 +0200: Memory Usage (482292K) : Extracting sg13_moscap_n capacitor
2026-08-11 10:08:00 +0200: Memory Usage (482292K) : Extracting sg13_moscap_p capacitor
2026-08-11 10:08:00 +0200: Memory Usage (482292K) : Starting ESD EXTRACTION
2026-08-11 10:08:00 +0200: Memory Usage (482292K) : Extracting diodevdd_2kv ESD device
2026-08-11 10:08:00 +0200: Memory Usage (482292K) : Extracting diodevdd_4kv ESD device
2026-08-11 10:08:00 +0200: Memory Usage (482292K) : Extracting diodevss_2kv ESD device
2026-08-11 10:08:01 +0200: Memory Usage (482292K) : Extracting diodevss_4kv ESD device
2026-08-11 10:08:01 +0200: Memory Usage (482292K) : Extracting idiodevdd_2kv ESD device
2026-08-11 10:08:01 +0200: Memory Usage (482292K) : Extracting idiodevdd_4kv ESD device
2026-08-11 10:08:01 +0200: Memory Usage (482292K) : Extracting idiodevss_2kv ESD device
2026-08-11 10:08:01 +0200: Memory Usage (482292K) : Extracting idiodevss_4kv ESD device
2026-08-11 10:08:01 +0200: Memory Usage (482292K) : Extracting nmoscl_2 ESD device
2026-08-11 10:08:01 +0200: Memory Usage (482292K) : Extracting nmoscl_4 ESD device
2026-08-11 10:08:01 +0200: Memory Usage (482292K) : Starting Inductor EXTRACTION
2026-08-11 10:08:01 +0200: Memory Usage (482292K) : Extracting Inductor2 device
2026-08-11 10:08:01 +0200: Memory Usage (482292K) : Extracting Inductor3 device
2026-08-11 10:08:01 +0200: Memory Usage (482292K) : Starting Taps EXTRACTION
2026-08-11 10:08:01 +0200: Memory Usage (482292K) : Extracting ntap1 device
2026-08-11 10:08:01 +0200: Memory Usage (482292K) : Extracting ptap1 device
2026-08-11 10:08:01 +0200: Memory Usage (482292K) : Starting SG13G2 LVS RF MOS Model Mapping
2026-08-11 10:08:03 +0200: Memory Usage (502260K) : [layout_netlist] Apply RF MOS model mapping and rfmode parameter.
2026-08-11 10:08:03 +0200: Memory Usage (502260K) : Starting SG13G2 LVS Options Preparations
2026-08-11 10:08:03 +0200: Memory Usage (502260K) : SG13G2 LVS flow: extraction -> alignment -> option preparation -> comparison.
2026-08-11 10:08:03 +0200: Memory Usage (502260K) : Starting SG13G2 LVS Alignment
2026-08-11 10:08:03 +0200: Memory Usage (502516K) : Starting SG13G2 LVS Simplification
2026-08-11 10:08:03 +0200: Memory Usage (502516K) : [layout_netlist] simplify: ENABLED
2026-08-11 10:08:03 +0200: Memory Usage (502516K) : [layout_netlist] make_top_level_pins: SKIPPED
2026-08-11 10:08:03 +0200: Memory Usage (502516K) : [layout_netlist] combine_devices: ENABLED
2026-08-11 10:08:03 +0200: Memory Usage (502516K) : [layout_netlist] purge: SKIPPED
2026-08-11 10:08:03 +0200: Memory Usage (502516K) : [layout_netlist] purge_nets: SKIPPED
2026-08-11 10:08:03 +0200: Memory Usage (502516K) : [schematic_netlist] simplify: ENABLED
2026-08-11 10:08:03 +0200: Memory Usage (502516K) : [schematic_netlist] make_top_level_pins: SKIPPED
2026-08-11 10:08:03 +0200: Memory Usage (502516K) : [schematic_netlist] combine_devices: ENABLED
2026-08-11 10:08:03 +0200: Memory Usage (502516K) : [schematic_netlist] purge: SKIPPED
2026-08-11 10:08:03 +0200: Memory Usage (502516K) : [schematic_netlist] purge_nets: SKIPPED
2026-08-11 10:08:03 +0200: Memory Usage (502516K) : Starting SG13G2 LVS Comparison
2026-08-11 10:08:03 +0200: Memory Usage (502644K) : ==========================================
2026-08-11 10:08:03 +0200: Memory Usage (502644K) : INFO : Congratulations! Netlists match.
2026-08-11 10:08:03 +0200: Memory Usage (502644K) : ==========================================
2026-08-11 10:08:03 +0200: Memory Usage (502644K) : LVS Total Run time 9.093732 seconds
11-Aug-2026 10:08:04 | INFO    | ==============================================================================
11-Aug-2026 10:08:04 | INFO    | Important Summary
11-Aug-2026 10:08:04 | INFO    | +------------------+------------------------------------------------------------------------------------------+
11-Aug-2026 10:08:04 | INFO    | | Status           | PASS                                                                                     |
11-Aug-2026 10:08:04 | INFO    | | Mode             | COMPARE                                                                                  |
11-Aug-2026 10:08:04 | INFO    | | Outcome          | Comparison mode: PASS (netlists match).                                                  |
11-Aug-2026 10:08:04 | INFO    | | Layout           | sg13g2_IOPadIOVss.gds                                                                    |
11-Aug-2026 10:08:04 | INFO    | | Top Cell         | sg13g2_IOPadIOVss                                                                        |
11-Aug-2026 10:08:04 | INFO    | | Results Dir      | /foss/designs/ihp-open-pdk-regression/IOPADS/lvs_sweep/20260811_100703/sg13g2_IOPadIOVss |
11-Aug-2026 10:08:04 | INFO    | | Warnings         | 0                                                                                        |
11-Aug-2026 10:08:04 | INFO    | | Errors           | 0                                                                                        |
11-Aug-2026 10:08:04 | INFO    | | Run Time (s)     | 12.764                                                                                   |
11-Aug-2026 10:08:04 | INFO    | +------------------+------------------------------------------------------------------------------------------+
11-Aug-2026 10:08:04 | INFO    | ==============================================================================
