# Logfile created on 2026-08-10 16:36:59 +0200 by logger.rb/v1.5.3
2026-08-10 16:36:59 +0200: Memory Usage (455188K) : Starting running SG13G2 Klayout LVS runset on /foss/designs/ihp-open-pdk-regression/IOPADS/layout/sg13g2_IOPadInOut4mA.gds
2026-08-10 16:36:59 +0200: Memory Usage (455188K) : Ruby Version for klayout: 3.2.3
2026-08-10 16:36:59 +0200: Memory Usage (456980K) : Loading database to memory is complete.
2026-08-10 16:36:59 +0200: Memory Usage (456980K) : SG13G2 Klayout LVS runset output at: /foss/designs/ihp-open-pdk-regression/IOPADS/lvs_sweep/20260810_163620/sg13g2_IOPadInOut4mA/sg13g2_IOPadInOut4mA.lvsdb
2026-08-10 16:36:59 +0200: Memory Usage (456980K) : Evaluate switches.
2026-08-10 16:36:59 +0200: Memory Usage (456980K) : Extracted netlist with net names: true
2026-08-10 16:36:59 +0200: Memory Usage (456980K) : Extracted netlist with comments in details: false
2026-08-10 16:36:59 +0200: Memory Usage (456980K) : Selected NET_ONLY option: false
2026-08-10 16:36:59 +0200: Memory Usage (456980K) : Selected LAYOUT_NETLIST option: (none)
2026-08-10 16:36:59 +0200: Memory Usage (456980K) : Selected IGNORE_TOP_PORTS_MISMATCH option: true
2026-08-10 16:36:59 +0200: Memory Usage (456980K) : Selected IMPLICIT_NETS option: iovss,iovdd,vss,vdd,pad,cathode,anode
2026-08-10 16:36:59 +0200: Memory Usage (456980K) : Selected TOP_LVL_PINS option: false
2026-08-10 16:36:59 +0200: Memory Usage (456980K) : Selected COMBINE DEVICES option: true
2026-08-10 16:36:59 +0200: Memory Usage (456980K) : Selected PURGE option: false
2026-08-10 16:36:59 +0200: Memory Usage (456980K) : Selected PURGE_NETS option: false
2026-08-10 16:36:59 +0200: Memory Usage (456980K) : Selected SIMPLIFY option: true
2026-08-10 16:36:59 +0200: Memory Usage (456980K) : Selected SERIES_RES option: true
2026-08-10 16:36:59 +0200: Memory Usage (456980K) : Selected PARALLEL_RES option: true
2026-08-10 16:36:59 +0200: Memory Usage (456980K) : Selected DISABLE_TAP_EXTRACTION option: false
2026-08-10 16:36:59 +0200: Memory Usage (456980K) : deep  mode is enabled.
2026-08-10 16:36:59 +0200: Memory Usage (456980K) : Applying implicit connections (case-sensitive, pattern supported) for nets: iovss, iovdd, vss, vdd, pad, cathode, anode
2026-08-10 16:36:59 +0200: Memory Usage (458388K) : Netlist file: /foss/designs/ihp-open-pdk-regression/IOPADS/netlist/pads_sub/sg13g2_IOPadInOut4mA.spi
2026-08-10 16:36:59 +0200: Memory Usage (458388K) : LVS extracted netlist at: /foss/designs/ihp-open-pdk-regression/IOPADS/lvs_sweep/20260810_163620/sg13g2_IOPadInOut4mA/sg13g2_IOPadInOut4mA_extracted.cir
2026-08-10 16:36:59 +0200: Memory Usage (458388K) : Applying SRAM integration support.
2026-08-10 16:36:59 +0200: Memory Usage (458388K) : Starting SG13G2 LVS runset
2026-08-10 16:36:59 +0200: Memory Usage (458388K) : Read in polygons from layers.
2026-08-10 16:36:59 +0200: Memory Usage (460052K) : activ_drw has 113 polygons
2026-08-10 16:36:59 +0200: Memory Usage (460052K) : activ_filler has 0 polygons
2026-08-10 16:36:59 +0200: Memory Usage (460180K) : activ has 113 polygons
2026-08-10 16:36:59 +0200: Memory Usage (460180K) : activ_pin has 0 polygons
2026-08-10 16:36:59 +0200: Memory Usage (460180K) : activ_mask has 0 polygons
2026-08-10 16:36:59 +0200: Memory Usage (460180K) : activ_nofill has 0 polygons
2026-08-10 16:36:59 +0200: Memory Usage (460180K) : activ_OPC has 0 polygons
2026-08-10 16:36:59 +0200: Memory Usage (460308K) : activ_iOPC has 0 polygons
2026-08-10 16:36:59 +0200: Memory Usage (460308K) : activ_noqrc has 0 polygons
2026-08-10 16:36:59 +0200: Memory Usage (460436K) : biwind_drw has 0 polygons
2026-08-10 16:36:59 +0200: Memory Usage (460436K) : biwind_OPC has 0 polygons
2026-08-10 16:36:59 +0200: Memory Usage (460564K) : gatpoly_drw has 43 polygons
2026-08-10 16:36:59 +0200: Memory Usage (460692K) : gatpoly_filler has 0 polygons
2026-08-10 16:36:59 +0200: Memory Usage (460692K) : gatpoly has 43 polygons
2026-08-10 16:36:59 +0200: Memory Usage (460820K) : gatpoly_pin has 6 polygons
2026-08-10 16:36:59 +0200: Memory Usage (460820K) : gatpoly_nofill has 0 polygons
2026-08-10 16:36:59 +0200: Memory Usage (460948K) : gatpoly_OPC has 0 polygons
2026-08-10 16:36:59 +0200: Memory Usage (460948K) : gatpoly_iOPC has 0 polygons
2026-08-10 16:36:59 +0200: Memory Usage (461076K) : gatpoly_noqrc has 0 polygons
2026-08-10 16:36:59 +0200: Memory Usage (462484K) : cont_drw has 46286 polygons
2026-08-10 16:36:59 +0200: Memory Usage (462484K) : cont_OPC has 0 polygons
2026-08-10 16:36:59 +0200: Memory Usage (462484K) : nsd_drw has 0 polygons
2026-08-10 16:36:59 +0200: Memory Usage (462484K) : nsd_block has 0 polygons
2026-08-10 16:36:59 +0200: Memory Usage (462484K) : metal1_drw has 233 polygons
2026-08-10 16:36:59 +0200: Memory Usage (462484K) : metal1_filler has 0 polygons
2026-08-10 16:36:59 +0200: Memory Usage (462484K) : metal1_slit has 0 polygons
2026-08-10 16:36:59 +0200: Memory Usage (462868K) : metal1 has 233 polygons
2026-08-10 16:36:59 +0200: Memory Usage (462868K) : metal1_pin has 58 polygons
2026-08-10 16:36:59 +0200: Memory Usage (462868K) : metal1_mask has 0 polygons
2026-08-10 16:36:59 +0200: Memory Usage (462868K) : metal1_nofill has 0 polygons
2026-08-10 16:36:59 +0200: Memory Usage (462996K) : metal1_text has 47 polygons
2026-08-10 16:36:59 +0200: Memory Usage (462996K) : metal1_OPC has 0 polygons
2026-08-10 16:36:59 +0200: Memory Usage (462996K) : metal1_noqrc has 0 polygons
2026-08-10 16:36:59 +0200: Memory Usage (463124K) : metal1_res has 0 polygons
2026-08-10 16:36:59 +0200: Memory Usage (463124K) : metal1_iprobe has 0 polygons
2026-08-10 16:36:59 +0200: Memory Usage (463252K) : metal1_diffprb has 0 polygons
2026-08-10 16:36:59 +0200: Memory Usage (463252K) : passiv_drw has 0 polygons
2026-08-10 16:36:59 +0200: Memory Usage (463380K) : passiv_pin has 0 polygons
2026-08-10 16:36:59 +0200: Memory Usage (463508K) : passiv_sbump has 0 polygons
2026-08-10 16:36:59 +0200: Memory Usage (463508K) : passiv_pillar has 0 polygons
2026-08-10 16:36:59 +0200: Memory Usage (463636K) : passiv_pdl has 0 polygons
2026-08-10 16:36:59 +0200: Memory Usage (463764K) : metal2_drw has 66 polygons
2026-08-10 16:36:59 +0200: Memory Usage (463892K) : metal2_filler has 0 polygons
2026-08-10 16:36:59 +0200: Memory Usage (463892K) : metal2_slit has 0 polygons
2026-08-10 16:36:59 +0200: Memory Usage (464148K) : metal2 has 66 polygons
2026-08-10 16:36:59 +0200: Memory Usage (464148K) : metal2_pin has 21 polygons
2026-08-10 16:36:59 +0200: Memory Usage (464276K) : metal2_mask has 0 polygons
2026-08-10 16:36:59 +0200: Memory Usage (464276K) : metal2_nofill has 0 polygons
2026-08-10 16:36:59 +0200: Memory Usage (464404K) : metal2_text has 21 polygons
2026-08-10 16:36:59 +0200: Memory Usage (464404K) : metal2_OPC has 0 polygons
2026-08-10 16:36:59 +0200: Memory Usage (464404K) : metal2_noqrc has 0 polygons
2026-08-10 16:36:59 +0200: Memory Usage (464532K) : metal2_res has 0 polygons
2026-08-10 16:36:59 +0200: Memory Usage (464532K) : metal2_iprobe has 0 polygons
2026-08-10 16:36:59 +0200: Memory Usage (464532K) : metal2_diffprb has 0 polygons
2026-08-10 16:36:59 +0200: Memory Usage (464660K) : baspoly_drw has 0 polygons
2026-08-10 16:36:59 +0200: Memory Usage (464660K) : baspoly_pin has 0 polygons
2026-08-10 16:36:59 +0200: Memory Usage (464660K) : psd_drw has 46 polygons
2026-08-10 16:36:59 +0200: Memory Usage (464788K) : nldb_drw has 0 polygons
2026-08-10 16:36:59 +0200: Memory Usage (464788K) : digibnd_drw has 0 polygons
2026-08-10 16:36:59 +0200: Memory Usage (464788K) : via1_drw has 1613 polygons
2026-08-10 16:36:59 +0200: Memory Usage (464916K) : backmetal1_drw has 0 polygons
2026-08-10 16:36:59 +0200: Memory Usage (464916K) : backmetal1_pin has 0 polygons
2026-08-10 16:36:59 +0200: Memory Usage (465044K) : backmetal1_mask has 0 polygons
2026-08-10 16:36:59 +0200: Memory Usage (465044K) : backmetal1_filler has 0 polygons
2026-08-10 16:36:59 +0200: Memory Usage (465172K) : backmetal1_nofill has 0 polygons
2026-08-10 16:36:59 +0200: Memory Usage (465300K) : backmetal1_slit has 0 polygons
2026-08-10 16:36:59 +0200: Memory Usage (465300K) : backmetal1_text has 0 polygons
2026-08-10 16:36:59 +0200: Memory Usage (465428K) : backmetal1_OPC has 0 polygons
2026-08-10 16:36:59 +0200: Memory Usage (465428K) : backmetal1_noqrc has 0 polygons
2026-08-10 16:36:59 +0200: Memory Usage (465556K) : backmetal1_res has 0 polygons
2026-08-10 16:36:59 +0200: Memory Usage (465556K) : backmetal1_iprobe has 0 polygons
2026-08-10 16:36:59 +0200: Memory Usage (465684K) : backmetal1_diffprb has 0 polygons
2026-08-10 16:36:59 +0200: Memory Usage (465684K) : backpassiv_drw has 0 polygons
2026-08-10 16:36:59 +0200: Memory Usage (465812K) : res_drw has 0 polygons
2026-08-10 16:36:59 +0200: Memory Usage (465812K) : sram_drw has 0 polygons
2026-08-10 16:36:59 +0200: Memory Usage (465940K) : trans_drw has 0 polygons
2026-08-10 16:36:59 +0200: Memory Usage (465940K) : ind_drw has 0 polygons
2026-08-10 16:36:59 +0200: Memory Usage (466068K) : ind_pin has 0 polygons
2026-08-10 16:36:59 +0200: Memory Usage (466196K) : ind_text has 0 polygons
2026-08-10 16:36:59 +0200: Memory Usage (466196K) : salblock_drw has 1 polygons
2026-08-10 16:36:59 +0200: Memory Usage (466196K) : via2_drw has 1229 polygons
2026-08-10 16:36:59 +0200: Memory Usage (466324K) : metal3_drw has 15 polygons
2026-08-10 16:36:59 +0200: Memory Usage (466452K) : metal3_filler has 0 polygons
2026-08-10 16:36:59 +0200: Memory Usage (466452K) : metal3_slit has 0 polygons
2026-08-10 16:36:59 +0200: Memory Usage (466580K) : metal3 has 15 polygons
2026-08-10 16:36:59 +0200: Memory Usage (466708K) : metal3_pin has 11 polygons
2026-08-10 16:36:59 +0200: Memory Usage (466708K) : metal3_mask has 0 polygons
2026-08-10 16:36:59 +0200: Memory Usage (466836K) : metal3_nofill has 0 polygons
2026-08-10 16:36:59 +0200: Memory Usage (466836K) : metal3_text has 11 polygons
2026-08-10 16:36:59 +0200: Memory Usage (466964K) : metal3_OPC has 0 polygons
2026-08-10 16:36:59 +0200: Memory Usage (466964K) : metal3_noqrc has 0 polygons
2026-08-10 16:36:59 +0200: Memory Usage (466964K) : metal3_res has 0 polygons
2026-08-10 16:36:59 +0200: Memory Usage (467092K) : metal3_iprobe has 0 polygons
2026-08-10 16:36:59 +0200: Memory Usage (467092K) : metal3_diffprb has 0 polygons
2026-08-10 16:36:59 +0200: Memory Usage (467092K) : nwell_drw has 29 polygons
2026-08-10 16:36:59 +0200: Memory Usage (467220K) : nwell_pin has 0 polygons
2026-08-10 16:36:59 +0200: Memory Usage (467220K) : nwell_text has 0 polygons
2026-08-10 16:36:59 +0200: Memory Usage (467348K) : nbulay_drw has 0 polygons
2026-08-10 16:37:00 +0200: Memory Usage (467348K) : nbulay_pin has 0 polygons
2026-08-10 16:37:00 +0200: Memory Usage (467476K) : nbulay_block has 0 polygons
2026-08-10 16:37:00 +0200: Memory Usage (467476K) : emwind_drw has 0 polygons
2026-08-10 16:37:00 +0200: Memory Usage (467604K) : emwind_OPC has 0 polygons
2026-08-10 16:37:00 +0200: Memory Usage (467604K) : deepco_drw has 0 polygons
2026-08-10 16:37:00 +0200: Memory Usage (467732K) : mim_drw has 0 polygons
2026-08-10 16:37:00 +0200: Memory Usage (467860K) : edgeseal_drw has 0 polygons
2026-08-10 16:37:00 +0200: Memory Usage (467860K) : substrate_drw has 33 polygons
2026-08-10 16:37:00 +0200: Memory Usage (467988K) : substrate_text has 0 polygons
2026-08-10 16:37:00 +0200: Memory Usage (467988K) : dfpad_drw has 0 polygons
2026-08-10 16:37:00 +0200: Memory Usage (468116K) : dfpad_pillar has 0 polygons
2026-08-10 16:37:00 +0200: Memory Usage (468116K) : dfpad_sbump has 0 polygons
2026-08-10 16:37:00 +0200: Memory Usage (468244K) : thickgateox_drw has 8 polygons
2026-08-10 16:37:00 +0200: Memory Usage (468244K) : pldb_drw has 0 polygons
2026-08-10 16:37:00 +0200: Memory Usage (468372K) : pwell_drw has 0 polygons
2026-08-10 16:37:00 +0200: Memory Usage (468372K) : pwell_pin has 0 polygons
2026-08-10 16:37:00 +0200: Memory Usage (468500K) : pwell_block has 0 polygons
2026-08-10 16:37:00 +0200: Memory Usage (468500K) : ic_drw has 0 polygons
2026-08-10 16:37:00 +0200: Memory Usage (468628K) : via3_drw has 2087 polygons
2026-08-10 16:37:00 +0200: Memory Usage (468756K) : metal4_drw has 8 polygons
2026-08-10 16:37:00 +0200: Memory Usage (468884K) : metal4_filler has 0 polygons
2026-08-10 16:37:00 +0200: Memory Usage (468884K) : metal4_slit has 0 polygons
2026-08-10 16:37:00 +0200: Memory Usage (469012K) : metal4 has 8 polygons
2026-08-10 16:37:00 +0200: Memory Usage (469140K) : metal4_pin has 8 polygons
2026-08-10 16:37:00 +0200: Memory Usage (469140K) : metal4_mask has 0 polygons
2026-08-10 16:37:00 +0200: Memory Usage (469268K) : metal4_nofill has 0 polygons
2026-08-10 16:37:00 +0200: Memory Usage (469268K) : metal4_text has 8 polygons
2026-08-10 16:37:00 +0200: Memory Usage (469396K) : metal4_OPC has 0 polygons
2026-08-10 16:37:00 +0200: Memory Usage (469396K) : metal4_noqrc has 0 polygons
2026-08-10 16:37:00 +0200: Memory Usage (469524K) : metal4_res has 0 polygons
2026-08-10 16:37:00 +0200: Memory Usage (469524K) : metal4_iprobe has 0 polygons
2026-08-10 16:37:00 +0200: Memory Usage (469524K) : metal4_diffprb has 0 polygons
2026-08-10 16:37:00 +0200: Memory Usage (469652K) : heattrans_drw has 6 polygons
2026-08-10 16:37:00 +0200: Memory Usage (469652K) : heatres_drw has 0 polygons
2026-08-10 16:37:00 +0200: Memory Usage (469780K) : fbe_drw has 0 polygons
2026-08-10 16:37:00 +0200: Memory Usage (469780K) : empoly_drw has 0 polygons
2026-08-10 16:37:00 +0200: Memory Usage (469780K) : digisub_drw has 0 polygons
2026-08-10 16:37:00 +0200: Memory Usage (469780K) : text_drw has 30 polygons
2026-08-10 16:37:00 +0200: Memory Usage (469780K) : via4_drw has 2371 polygons
2026-08-10 16:37:00 +0200: Memory Usage (469780K) : metal5_drw has 8 polygons
2026-08-10 16:37:00 +0200: Memory Usage (469780K) : metal5_filler has 0 polygons
2026-08-10 16:37:00 +0200: Memory Usage (469780K) : metal5_slit has 0 polygons
2026-08-10 16:37:00 +0200: Memory Usage (469780K) : metal5 has 8 polygons
2026-08-10 16:37:00 +0200: Memory Usage (469780K) : metal5_pin has 8 polygons
2026-08-10 16:37:00 +0200: Memory Usage (469780K) : metal5_mask has 0 polygons
2026-08-10 16:37:00 +0200: Memory Usage (469780K) : metal5_nofill has 0 polygons
2026-08-10 16:37:00 +0200: Memory Usage (469780K) : metal5_text has 8 polygons
2026-08-10 16:37:00 +0200: Memory Usage (469780K) : metal5_OPC has 0 polygons
2026-08-10 16:37:00 +0200: Memory Usage (469780K) : metal5_noqrc has 0 polygons
2026-08-10 16:37:00 +0200: Memory Usage (469780K) : metal5_res has 0 polygons
2026-08-10 16:37:00 +0200: Memory Usage (469780K) : metal5_iprobe has 0 polygons
2026-08-10 16:37:00 +0200: Memory Usage (469780K) : metal5_diffprb has 0 polygons
2026-08-10 16:37:00 +0200: Memory Usage (469780K) : radhard_drw has 0 polygons
2026-08-10 16:37:00 +0200: Memory Usage (469780K) : memcap_drw has 0 polygons
2026-08-10 16:37:00 +0200: Memory Usage (469780K) : varicap_drw has 0 polygons
2026-08-10 16:37:00 +0200: Memory Usage (469780K) : intbondvia_drw has 0 polygons
2026-08-10 16:37:00 +0200: Memory Usage (469780K) : intbondmet_drw has 0 polygons
2026-08-10 16:37:00 +0200: Memory Usage (469780K) : devbondvia_drw has 0 polygons
2026-08-10 16:37:00 +0200: Memory Usage (469780K) : devbondmet_drw has 0 polygons
2026-08-10 16:37:00 +0200: Memory Usage (469780K) : devtrench_drw has 0 polygons
2026-08-10 16:37:00 +0200: Memory Usage (469780K) : redist_drw has 0 polygons
2026-08-10 16:37:00 +0200: Memory Usage (469780K) : graphbot_drw has 0 polygons
2026-08-10 16:37:00 +0200: Memory Usage (469780K) : graphtop_drw has 0 polygons
2026-08-10 16:37:00 +0200: Memory Usage (469780K) : antvia1_drw has 0 polygons
2026-08-10 16:37:00 +0200: Memory Usage (469780K) : antmetal2_drw has 0 polygons
2026-08-10 16:37:00 +0200: Memory Usage (469780K) : graphcont_drw has 0 polygons
2026-08-10 16:37:00 +0200: Memory Usage (469780K) : siwg_drw has 0 polygons
2026-08-10 16:37:00 +0200: Memory Usage (469780K) : siwg_filler has 0 polygons
2026-08-10 16:37:00 +0200: Memory Usage (469780K) : siwg_nofill has 0 polygons
2026-08-10 16:37:00 +0200: Memory Usage (469780K) : sigrating_drw has 0 polygons
2026-08-10 16:37:00 +0200: Memory Usage (469780K) : singrating_drw has 0 polygons
2026-08-10 16:37:00 +0200: Memory Usage (469780K) : graphpas_drw has 0 polygons
2026-08-10 16:37:00 +0200: Memory Usage (469780K) : emwind3_drw has 0 polygons
2026-08-10 16:37:00 +0200: Memory Usage (469780K) : emwihv3_drw has 0 polygons
2026-08-10 16:37:00 +0200: Memory Usage (469780K) : redbulay_drw has 0 polygons
2026-08-10 16:37:00 +0200: Memory Usage (469780K) : smos_drw has 0 polygons
2026-08-10 16:37:00 +0200: Memory Usage (469780K) : graphpad_drw has 0 polygons
2026-08-10 16:37:00 +0200: Memory Usage (469780K) : polimide_drw has 0 polygons
2026-08-10 16:37:00 +0200: Memory Usage (469780K) : polimide_pin has 0 polygons
2026-08-10 16:37:00 +0200: Memory Usage (469780K) : recog_drw has 0 polygons
2026-08-10 16:37:00 +0200: Memory Usage (469780K) : recog_pin has 0 polygons
2026-08-10 16:37:00 +0200: Memory Usage (469780K) : recog_esd has 0 polygons
2026-08-10 16:37:00 +0200: Memory Usage (469780K) : recog_diode has 8 polygons
2026-08-10 16:37:00 +0200: Memory Usage (469780K) : recog_tsv has 0 polygons
2026-08-10 16:37:00 +0200: Memory Usage (469780K) : recog_iprobe has 0 polygons
2026-08-10 16:37:00 +0200: Memory Usage (469780K) : recog_diffprb has 0 polygons
2026-08-10 16:37:00 +0200: Memory Usage (469780K) : recog_pillar has 0 polygons
2026-08-10 16:37:00 +0200: Memory Usage (469780K) : recog_sbump has 0 polygons
2026-08-10 16:37:00 +0200: Memory Usage (469780K) : recog_otp has 0 polygons
2026-08-10 16:37:00 +0200: Memory Usage (469780K) : recog_pdiode has 0 polygons
2026-08-10 16:37:00 +0200: Memory Usage (469780K) : recog_mom has 0 polygons
2026-08-10 16:37:00 +0200: Memory Usage (469780K) : recog_pcm has 0 polygons
2026-08-10 16:37:00 +0200: Memory Usage (469780K) : colopen_drw has 0 polygons
2026-08-10 16:37:00 +0200: Memory Usage (469780K) : graphmetal1_drw has 0 polygons
2026-08-10 16:37:00 +0200: Memory Usage (469780K) : graphmetal1_filler has 0 polygons
2026-08-10 16:37:00 +0200: Memory Usage (469780K) : graphmetal1_nofill has 0 polygons
2026-08-10 16:37:00 +0200: Memory Usage (469780K) : graphmetal1_slit has 0 polygons
2026-08-10 16:37:00 +0200: Memory Usage (469780K) : graphmetal1_OPC has 0 polygons
2026-08-10 16:37:00 +0200: Memory Usage (469780K) : graphmet1l_drw has 0 polygons
2026-08-10 16:37:00 +0200: Memory Usage (469780K) : graphmet1l_filler has 0 polygons
2026-08-10 16:37:00 +0200: Memory Usage (469780K) : graphmet1l_nofill has 0 polygons
2026-08-10 16:37:00 +0200: Memory Usage (469780K) : graphmet1l_slit has 0 polygons
2026-08-10 16:37:00 +0200: Memory Usage (469780K) : graphmet1l_OPC has 0 polygons
2026-08-10 16:37:00 +0200: Memory Usage (469780K) : extblock_drw has 1 polygons
2026-08-10 16:37:00 +0200: Memory Usage (469780K) : nldd_drw has 0 polygons
2026-08-10 16:37:00 +0200: Memory Usage (469780K) : pldd_drw has 0 polygons
2026-08-10 16:37:00 +0200: Memory Usage (469780K) : next_drw has 0 polygons
2026-08-10 16:37:00 +0200: Memory Usage (469780K) : pext_drw has 0 polygons
2026-08-10 16:37:00 +0200: Memory Usage (469780K) : nexthv_drw has 0 polygons
2026-08-10 16:37:00 +0200: Memory Usage (469780K) : pexthv_drw has 0 polygons
2026-08-10 16:37:00 +0200: Memory Usage (469780K) : graphgate_drw has 0 polygons
2026-08-10 16:37:00 +0200: Memory Usage (469780K) : sinwg_drw has 0 polygons
2026-08-10 16:37:00 +0200: Memory Usage (469780K) : sinwg_filler has 0 polygons
2026-08-10 16:37:00 +0200: Memory Usage (469780K) : sinwg_nofill has 0 polygons
2026-08-10 16:37:00 +0200: Memory Usage (469780K) : mempad_drw has 0 polygons
2026-08-10 16:37:00 +0200: Memory Usage (469780K) : topvia1_drw has 2315 polygons
2026-08-10 16:37:00 +0200: Memory Usage (469780K) : topmetal1_drw has 8 polygons
2026-08-10 16:37:00 +0200: Memory Usage (469780K) : topmetal1_filler has 0 polygons
2026-08-10 16:37:00 +0200: Memory Usage (469780K) : topmetal1_slit has 0 polygons
2026-08-10 16:37:00 +0200: Memory Usage (469780K) : topmetal1 has 8 polygons
2026-08-10 16:37:00 +0200: Memory Usage (469780K) : topmetal1_pin has 8 polygons
2026-08-10 16:37:00 +0200: Memory Usage (469780K) : topmetal1_mask has 0 polygons
2026-08-10 16:37:00 +0200: Memory Usage (469780K) : topmetal1_nofill has 0 polygons
2026-08-10 16:37:00 +0200: Memory Usage (469780K) : topmetal1_text has 8 polygons
2026-08-10 16:37:00 +0200: Memory Usage (469780K) : topmetal1_noqrc has 0 polygons
2026-08-10 16:37:00 +0200: Memory Usage (469780K) : topmetal1_res has 0 polygons
2026-08-10 16:37:00 +0200: Memory Usage (469780K) : topmetal1_iprobe has 0 polygons
2026-08-10 16:37:00 +0200: Memory Usage (469780K) : topmetal1_diffprb has 0 polygons
2026-08-10 16:37:00 +0200: Memory Usage (469780K) : inldpwl_drw has 0 polygons
2026-08-10 16:37:00 +0200: Memory Usage (469780K) : polyres_drw has 1 polygons
2026-08-10 16:37:00 +0200: Memory Usage (469780K) : polyres_pin has 0 polygons
2026-08-10 16:37:00 +0200: Memory Usage (469780K) : vmim_drw has 0 polygons
2026-08-10 16:37:00 +0200: Memory Usage (469780K) : nbulaycut_drw has 0 polygons
2026-08-10 16:37:00 +0200: Memory Usage (469780K) : antmetal1_drw has 0 polygons
2026-08-10 16:37:00 +0200: Memory Usage (469780K) : topvia2_drw has 1593 polygons
2026-08-10 16:37:00 +0200: Memory Usage (469780K) : topmetal2_drw has 6 polygons
2026-08-10 16:37:00 +0200: Memory Usage (469780K) : topmetal2_filler has 0 polygons
2026-08-10 16:37:00 +0200: Memory Usage (469780K) : topmetal2_slit has 0 polygons
2026-08-10 16:37:00 +0200: Memory Usage (469780K) : topmetal2 has 6 polygons
2026-08-10 16:37:00 +0200: Memory Usage (469780K) : topmetal2_pin has 6 polygons
2026-08-10 16:37:00 +0200: Memory Usage (469780K) : topmetal2_mask has 0 polygons
2026-08-10 16:37:00 +0200: Memory Usage (469780K) : topmetal2_nofill has 0 polygons
2026-08-10 16:37:00 +0200: Memory Usage (469780K) : topmetal2_text has 6 polygons
2026-08-10 16:37:00 +0200: Memory Usage (469780K) : topmetal2_noqrc has 0 polygons
2026-08-10 16:37:00 +0200: Memory Usage (469780K) : topmetal2_res has 0 polygons
2026-08-10 16:37:00 +0200: Memory Usage (469780K) : topmetal2_iprobe has 0 polygons
2026-08-10 16:37:00 +0200: Memory Usage (469780K) : topmetal2_diffprb has 0 polygons
2026-08-10 16:37:00 +0200: Memory Usage (469780K) : snsring_drw has 0 polygons
2026-08-10 16:37:00 +0200: Memory Usage (469780K) : sensor_drw has 0 polygons
2026-08-10 16:37:00 +0200: Memory Usage (469780K) : snsarms_drw has 0 polygons
2026-08-10 16:37:00 +0200: Memory Usage (469780K) : snscmosvia_drw has 0 polygons
2026-08-10 16:37:00 +0200: Memory Usage (469780K) : colwind_drw has 0 polygons
2026-08-10 16:37:00 +0200: Memory Usage (469780K) : flm_drw has 0 polygons
2026-08-10 16:37:00 +0200: Memory Usage (469780K) : hafniumox_drw has 0 polygons
2026-08-10 16:37:00 +0200: Memory Usage (469780K) : memvia_drw has 0 polygons
2026-08-10 16:37:00 +0200: Memory Usage (469780K) : thinfilmres_drw has 0 polygons
2026-08-10 16:37:00 +0200: Memory Usage (469780K) : rfmem_drw has 0 polygons
2026-08-10 16:37:00 +0200: Memory Usage (469780K) : norcx_drw has 0 polygons
2026-08-10 16:37:00 +0200: Memory Usage (469780K) : norcx_m2m3 has 0 polygons
2026-08-10 16:37:00 +0200: Memory Usage (469780K) : norcx_m2m4 has 0 polygons
2026-08-10 16:37:00 +0200: Memory Usage (469780K) : norcx_m2m5 has 0 polygons
2026-08-10 16:37:00 +0200: Memory Usage (469780K) : norcx_m2tm1 has 0 polygons
2026-08-10 16:37:00 +0200: Memory Usage (469780K) : norcx_m2tm2 has 0 polygons
2026-08-10 16:37:00 +0200: Memory Usage (469780K) : norcx_m3m4 has 0 polygons
2026-08-10 16:37:00 +0200: Memory Usage (469908K) : norcx_m3m5 has 0 polygons
2026-08-10 16:37:00 +0200: Memory Usage (469908K) : norcx_m3tm1 has 0 polygons
2026-08-10 16:37:00 +0200: Memory Usage (470036K) : norcx_m3tm2 has 0 polygons
2026-08-10 16:37:00 +0200: Memory Usage (470036K) : norcx_m4m5 has 0 polygons
2026-08-10 16:37:00 +0200: Memory Usage (470164K) : norcx_m4tm1 has 0 polygons
2026-08-10 16:37:00 +0200: Memory Usage (470164K) : norcx_m4tm2 has 0 polygons
2026-08-10 16:37:00 +0200: Memory Usage (470292K) : norcx_m5tm1 has 0 polygons
2026-08-10 16:37:00 +0200: Memory Usage (470292K) : norcx_m5tm2 has 0 polygons
2026-08-10 16:37:00 +0200: Memory Usage (470420K) : norcx_tm1tm2 has 0 polygons
2026-08-10 16:37:00 +0200: Memory Usage (470420K) : norcx_m1sub has 0 polygons
2026-08-10 16:37:00 +0200: Memory Usage (470548K) : norcx_m2sub has 0 polygons
2026-08-10 16:37:00 +0200: Memory Usage (470676K) : norcx_m3sub has 0 polygons
2026-08-10 16:37:00 +0200: Memory Usage (470676K) : norcx_m4sub has 0 polygons
2026-08-10 16:37:00 +0200: Memory Usage (470804K) : norcx_m5sub has 0 polygons
2026-08-10 16:37:00 +0200: Memory Usage (470804K) : norcx_tm1sub has 0 polygons
2026-08-10 16:37:00 +0200: Memory Usage (470932K) : norcx_tm2sub has 0 polygons
2026-08-10 16:37:00 +0200: Memory Usage (470932K) : snsbotvia_drw has 0 polygons
2026-08-10 16:37:00 +0200: Memory Usage (471060K) : snstopvia_drw has 0 polygons
2026-08-10 16:37:00 +0200: Memory Usage (471060K) : deepvia_drw has 0 polygons
2026-08-10 16:37:00 +0200: Memory Usage (471188K) : fgetch_drw has 0 polygons
2026-08-10 16:37:00 +0200: Memory Usage (471188K) : ctrgat_drw has 0 polygons
2026-08-10 16:37:00 +0200: Memory Usage (471316K) : fgimp_drw has 0 polygons
2026-08-10 16:37:00 +0200: Memory Usage (471444K) : emwihv_drw has 0 polygons
2026-08-10 16:37:00 +0200: Memory Usage (471444K) : lbe_drw has 0 polygons
2026-08-10 16:37:00 +0200: Memory Usage (471572K) : alcustop_drw has 0 polygons
2026-08-10 16:37:00 +0200: Memory Usage (471572K) : nometfiller_drw has 0 polygons
2026-08-10 16:37:00 +0200: Memory Usage (471700K) : prboundary_drw has 0 polygons
2026-08-10 16:37:00 +0200: Memory Usage (471700K) : exchange0_drw has 0 polygons
2026-08-10 16:37:00 +0200: Memory Usage (471828K) : exchange0_pin has 0 polygons
2026-08-10 16:37:00 +0200: Memory Usage (471828K) : exchange0_text has 0 polygons
2026-08-10 16:37:00 +0200: Memory Usage (471956K) : exchange1_drw has 0 polygons
2026-08-10 16:37:00 +0200: Memory Usage (471956K) : exchange1_pin has 0 polygons
2026-08-10 16:37:00 +0200: Memory Usage (472084K) : exchange1_text has 0 polygons
2026-08-10 16:37:00 +0200: Memory Usage (472084K) : exchange2_drw has 0 polygons
2026-08-10 16:37:00 +0200: Memory Usage (472212K) : exchange2_pin has 0 polygons
2026-08-10 16:37:00 +0200: Memory Usage (472212K) : exchange2_text has 0 polygons
2026-08-10 16:37:00 +0200: Memory Usage (472340K) : exchange3_drw has 0 polygons
2026-08-10 16:37:00 +0200: Memory Usage (472340K) : exchange3_pin has 0 polygons
2026-08-10 16:37:00 +0200: Memory Usage (472468K) : exchange3_text has 0 polygons
2026-08-10 16:37:00 +0200: Memory Usage (472468K) : exchange4_drw has 0 polygons
2026-08-10 16:37:00 +0200: Memory Usage (472596K) : exchange4_pin has 0 polygons
2026-08-10 16:37:00 +0200: Memory Usage (472596K) : exchange4_text has 0 polygons
2026-08-10 16:37:00 +0200: Memory Usage (472724K) : isonwell_drw has 0 polygons
2026-08-10 16:37:00 +0200: Memory Usage (472724K) : Total no. of polygons in the design is 58392
2026-08-10 16:37:00 +0200: Memory Usage (472724K) : Starting base layers derivations
2026-08-10 16:37:00 +0200: Memory Usage (472724K) : Starting general LVS derivations
2026-08-10 16:37:00 +0200: Memory Usage (479124K) : Starting MOSFET DERIVATIONS
2026-08-10 16:37:01 +0200: Memory Usage (479360K) : Starting NMOS DERIVATIONS
2026-08-10 16:37:01 +0200: Memory Usage (479360K) : Starting PMOS DERIVATIONS
2026-08-10 16:37:01 +0200: Memory Usage (479360K) : Starting RF-MOSFET DERIVATIONS
2026-08-10 16:37:01 +0200: Memory Usage (479360K) : Starting RF-NMOS DERIVATIONS
2026-08-10 16:37:01 +0200: Memory Usage (479360K) : Starting RF-PMOS DERIVATIONS
2026-08-10 16:37:01 +0200: Memory Usage (479360K) : Starting BJT DERIVATIONS
2026-08-10 16:37:01 +0200: Memory Usage (479360K) : Starting NPN-BJT DERIVATIONS
2026-08-10 16:37:01 +0200: Memory Usage (479360K) : Starting PNP-BJT DERIVATIONS
2026-08-10 16:37:01 +0200: Memory Usage (479360K) : Starting DIODE DERIVATIONS
2026-08-10 16:37:02 +0200: Memory Usage (479392K) : Starting RESISTOR DERIVATIONS
2026-08-10 16:37:02 +0200: Memory Usage (479520K) : Starting CAP DERIVATIONS
2026-08-10 16:37:02 +0200: Memory Usage (479520K) : Starting CAP_CMOM DERIVATIONS
2026-08-10 16:37:02 +0200: Memory Usage (479520K) : Starting ESD DERIVATIONS
2026-08-10 16:37:03 +0200: Memory Usage (479520K) : Starting Inductor DERIVATIONS
2026-08-10 16:37:03 +0200: Memory Usage (479904K) : Starting Taps DERIVATIONS
2026-08-10 16:37:03 +0200: Memory Usage (479904K) : Starting SG13G2 LVS connectivity setup
2026-08-10 16:37:03 +0200: Memory Usage (479904K) : Starting SG13G2 LVS connectivity setup (Inter-layer)
2026-08-10 16:37:03 +0200: Memory Usage (480032K) : Starting SG13G2 LVS connectivity setup (Global)
2026-08-10 16:37:03 +0200: Memory Usage (480032K) : Starting LVS MOSFET CONNECTIONS
2026-08-10 16:37:03 +0200: Memory Usage (480032K) : Starting LVS RF-MOSFET CONNECTIONS
2026-08-10 16:37:03 +0200: Memory Usage (480032K) : Starting LVS BJT CONNECTIONS
2026-08-10 16:37:03 +0200: Memory Usage (480032K) : Starting LVS DIODE CONNECTIONS
2026-08-10 16:37:03 +0200: Memory Usage (480032K) : Starting RESISTOR CONNECTIONS
2026-08-10 16:37:03 +0200: Memory Usage (480032K) : Starting LVS CAP CONNECTIONS
2026-08-10 16:37:03 +0200: Memory Usage (480032K) : Starting CAP_CMOM CONNECTIONS
2026-08-10 16:37:03 +0200: Memory Usage (480032K) : Starting ESD CONNECTIONS
2026-08-10 16:37:03 +0200: Memory Usage (480032K) : Starting Inductor CONNECTIONS
2026-08-10 16:37:03 +0200: Memory Usage (480032K) : Starting LVS Taps CONNECTIONS
2026-08-10 16:37:03 +0200: Memory Usage (480032K) : Starting SG13G2 LVS DEVICES EXTRACTION
2026-08-10 16:37:03 +0200: Memory Usage (480032K) : Starting MOSFET EXTRACTION
2026-08-10 16:37:03 +0200: Memory Usage (480032K) : Starting NMOS EXTRACTION
2026-08-10 16:37:03 +0200: Memory Usage (480032K) : Extraction of NMOS-LV transistor
2026-08-10 16:37:03 +0200: Memory Usage (480032K) : Extraction of NMOS-HV transistor
2026-08-10 16:37:03 +0200: Memory Usage (480032K) : Starting PMOS EXTRACTION
2026-08-10 16:37:03 +0200: Memory Usage (480032K) : Extraction of PMOS-LV transistor
2026-08-10 16:37:03 +0200: Memory Usage (480032K) : Extraction of PMOS-HV transistor
2026-08-10 16:37:03 +0200: Memory Usage (480032K) : Starting RF-MOSFET EXTRACTION
2026-08-10 16:37:03 +0200: Memory Usage (480032K) : Extraction of RF-NMOS-LV transistor
2026-08-10 16:37:03 +0200: Memory Usage (480032K) : Extraction of RF-NMOS-HV transistor
2026-08-10 16:37:03 +0200: Memory Usage (480032K) : Extraction of RF-PMOS-LV transistor
2026-08-10 16:37:03 +0200: Memory Usage (480032K) : Extraction of RF-PMOS-HV transistor
2026-08-10 16:37:03 +0200: Memory Usage (480032K) : Starting BJT EXTRACTION
2026-08-10 16:37:03 +0200: Memory Usage (480032K) : Starting NPN-BJT EXTRACTION
2026-08-10 16:37:03 +0200: Memory Usage (480032K) : Extraction of npn13G2 BJT transistor
2026-08-10 16:37:03 +0200: Memory Usage (480032K) : Extraction of npn13G2L BJT transistor
2026-08-10 16:37:03 +0200: Memory Usage (480032K) : Extraction of npn13G2V BJT transistor
2026-08-10 16:37:03 +0200: Memory Usage (480032K) : Starting PNP-BJT EXTRACTION
2026-08-10 16:37:03 +0200: Memory Usage (480032K) : Extracting pnpMPA BJT
2026-08-10 16:37:03 +0200: Memory Usage (480032K) : Starting DIODE EXTRACTION
2026-08-10 16:37:03 +0200: Memory Usage (480032K) : Extracting dantenna diode
2026-08-10 16:37:03 +0200: Memory Usage (480032K) : Extracting dpantenna diode
2026-08-10 16:37:03 +0200: Memory Usage (480032K) : Extracting schottky_nbl1 diode
2026-08-10 16:37:03 +0200: Memory Usage (480032K) : Extracting isolbox diode
2026-08-10 16:37:03 +0200: Memory Usage (480032K) : Starting RESISTOR EXTRACTION
2026-08-10 16:37:03 +0200: Memory Usage (480032K) : Extracting rsil resistor
2026-08-10 16:37:03 +0200: Memory Usage (480032K) : Extracting rppd resistor
2026-08-10 16:37:03 +0200: Memory Usage (480032K) : Extracting rhigh resistor
2026-08-10 16:37:03 +0200: Memory Usage (480032K) : Extracting res_metal1 resistor
2026-08-10 16:37:03 +0200: Memory Usage (480160K) : Extracting res_metal2 resistor
2026-08-10 16:37:03 +0200: Memory Usage (480160K) : Extracting res_metal3 resistor
2026-08-10 16:37:03 +0200: Memory Usage (480160K) : Extracting res_metal4 resistor
2026-08-10 16:37:03 +0200: Memory Usage (480160K) : Extracting res_metal5 resistor
2026-08-10 16:37:03 +0200: Memory Usage (480160K) : Extracting res_topmetal1 resistor
2026-08-10 16:37:03 +0200: Memory Usage (480160K) : Extracting res_topmetal2 resistor
2026-08-10 16:37:03 +0200: Memory Usage (480160K) : Starting CAP EXTRACTION
2026-08-10 16:37:03 +0200: Memory Usage (480160K) : Extracting cap_cmim device
2026-08-10 16:37:03 +0200: Memory Usage (480160K) : Extracting rfcmim device
2026-08-10 16:37:03 +0200: Memory Usage (480160K) : Extracting sg13_hv_svaricap varactor
2026-08-10 16:37:03 +0200: Memory Usage (480160K) : Extracting cap_cmomi device
2026-08-10 16:37:03 +0200: Memory Usage (480160K) : Extracting sg13_moscap_n capacitor
2026-08-10 16:37:03 +0200: Memory Usage (480160K) : Extracting sg13_moscap_p capacitor
2026-08-10 16:37:03 +0200: Memory Usage (480160K) : Starting ESD EXTRACTION
2026-08-10 16:37:03 +0200: Memory Usage (480160K) : Extracting diodevdd_2kv ESD device
2026-08-10 16:37:03 +0200: Memory Usage (480160K) : Extracting diodevdd_4kv ESD device
2026-08-10 16:37:03 +0200: Memory Usage (480160K) : Extracting diodevss_2kv ESD device
2026-08-10 16:37:03 +0200: Memory Usage (480160K) : Extracting diodevss_4kv ESD device
2026-08-10 16:37:03 +0200: Memory Usage (480160K) : Extracting idiodevdd_2kv ESD device
2026-08-10 16:37:03 +0200: Memory Usage (480160K) : Extracting idiodevdd_4kv ESD device
2026-08-10 16:37:03 +0200: Memory Usage (480160K) : Extracting idiodevss_2kv ESD device
2026-08-10 16:37:03 +0200: Memory Usage (480160K) : Extracting idiodevss_4kv ESD device
2026-08-10 16:37:03 +0200: Memory Usage (480160K) : Extracting nmoscl_2 ESD device
2026-08-10 16:37:03 +0200: Memory Usage (480160K) : Extracting nmoscl_4 ESD device
2026-08-10 16:37:03 +0200: Memory Usage (480160K) : Starting Inductor EXTRACTION
2026-08-10 16:37:03 +0200: Memory Usage (480160K) : Extracting Inductor2 device
2026-08-10 16:37:03 +0200: Memory Usage (480160K) : Extracting Inductor3 device
2026-08-10 16:37:03 +0200: Memory Usage (480160K) : Starting Taps EXTRACTION
2026-08-10 16:37:03 +0200: Memory Usage (480160K) : Extracting ntap1 device
2026-08-10 16:37:03 +0200: Memory Usage (480160K) : Extracting ptap1 device
2026-08-10 16:37:03 +0200: Memory Usage (480160K) : Starting SG13G2 LVS RF MOS Model Mapping
2026-08-10 16:37:04 +0200: Memory Usage (488096K) : [layout_netlist] Apply RF MOS model mapping and rfmode parameter.
2026-08-10 16:37:04 +0200: Memory Usage (488096K) : Starting SG13G2 LVS Options Preparations
2026-08-10 16:37:04 +0200: Memory Usage (488096K) : SG13G2 LVS flow: extraction -> alignment -> option preparation -> comparison.
2026-08-10 16:37:04 +0200: Memory Usage (488096K) : Starting SG13G2 LVS Alignment
2026-08-10 16:37:04 +0200: Memory Usage (488096K) : Starting SG13G2 LVS Simplification
2026-08-10 16:37:04 +0200: Memory Usage (488096K) : [layout_netlist] simplify: ENABLED
2026-08-10 16:37:04 +0200: Memory Usage (488096K) : [layout_netlist] make_top_level_pins: SKIPPED
2026-08-10 16:37:04 +0200: Memory Usage (488096K) : [layout_netlist] combine_devices: ENABLED
2026-08-10 16:37:04 +0200: Memory Usage (488096K) : [layout_netlist] purge: SKIPPED
2026-08-10 16:37:04 +0200: Memory Usage (488096K) : [layout_netlist] purge_nets: SKIPPED
2026-08-10 16:37:04 +0200: Memory Usage (488096K) : [schematic_netlist] simplify: ENABLED
2026-08-10 16:37:04 +0200: Memory Usage (488096K) : [schematic_netlist] make_top_level_pins: SKIPPED
2026-08-10 16:37:04 +0200: Memory Usage (488096K) : [schematic_netlist] combine_devices: ENABLED
2026-08-10 16:37:04 +0200: Memory Usage (488096K) : [schematic_netlist] purge: SKIPPED
2026-08-10 16:37:04 +0200: Memory Usage (488096K) : [schematic_netlist] purge_nets: SKIPPED
2026-08-10 16:37:04 +0200: Memory Usage (488096K) : Starting SG13G2 LVS Comparison
2026-08-10 16:37:04 +0200: Memory Usage (488224K) : xxxxxxxxxxxxxxxxxxxxxxxxxxxxxxxxxxxxxxxxxx
2026-08-10 16:37:04 +0200: Memory Usage (488224K) : ERROR : Netlists don't match
2026-08-10 16:37:04 +0200: Memory Usage (488224K) : xxxxxxxxxxxxxxxxxxxxxxxxxxxxxxxxxxxxxxxxxx
2026-08-10 16:37:04 +0200: Memory Usage (488224K) : LVS Total Run time 4.648573 seconds
