# Logfile created on 2026-08-10 16:48:01 +0200 by logger.rb/v1.5.3
2026-08-10 16:48:01 +0200: Memory Usage (455472K) : Starting running SG13G2 Klayout LVS runset on /foss/designs/ihp-open-pdk-regression/IOPADS/layout/sg13g2_IOPadIn.gds
2026-08-10 16:48:01 +0200: Memory Usage (455472K) : Ruby Version for klayout: 3.2.3
2026-08-10 16:48:02 +0200: Memory Usage (458032K) : Loading database to memory is complete.
2026-08-10 16:48:02 +0200: Memory Usage (458032K) : SG13G2 Klayout LVS runset output at: /foss/designs/ihp-open-pdk-regression/IOPADS/lvs_sweep/20260810_164751/sg13g2_IOPadIn/sg13g2_IOPadIn.lvsdb
2026-08-10 16:48:02 +0200: Memory Usage (458032K) : Evaluate switches.
2026-08-10 16:48:02 +0200: Memory Usage (458032K) : Extracted netlist with net names: true
2026-08-10 16:48:02 +0200: Memory Usage (458032K) : Extracted netlist with comments in details: false
2026-08-10 16:48:02 +0200: Memory Usage (458032K) : Selected NET_ONLY option: false
2026-08-10 16:48:02 +0200: Memory Usage (458032K) : Selected LAYOUT_NETLIST option: (none)
2026-08-10 16:48:02 +0200: Memory Usage (458032K) : Selected IGNORE_TOP_PORTS_MISMATCH option: true
2026-08-10 16:48:02 +0200: Memory Usage (458032K) : Selected IMPLICIT_NETS option: iovss,iovdd,vss,vdd,pad,cathode,anode
2026-08-10 16:48:02 +0200: Memory Usage (458032K) : Selected TOP_LVL_PINS option: false
2026-08-10 16:48:02 +0200: Memory Usage (458032K) : Selected COMBINE DEVICES option: true
2026-08-10 16:48:02 +0200: Memory Usage (458032K) : Selected PURGE option: false
2026-08-10 16:48:02 +0200: Memory Usage (458032K) : Selected PURGE_NETS option: false
2026-08-10 16:48:02 +0200: Memory Usage (458160K) : Selected SIMPLIFY option: true
2026-08-10 16:48:02 +0200: Memory Usage (458160K) : Selected SERIES_RES option: true
2026-08-10 16:48:02 +0200: Memory Usage (458160K) : Selected PARALLEL_RES option: true
2026-08-10 16:48:02 +0200: Memory Usage (458160K) : Selected DISABLE_TAP_EXTRACTION option: false
2026-08-10 16:48:02 +0200: Memory Usage (458160K) : deep  mode is enabled.
2026-08-10 16:48:02 +0200: Memory Usage (458160K) : Applying implicit connections (case-sensitive, pattern supported) for nets: iovss, iovdd, vss, vdd, pad, cathode, anode
2026-08-10 16:48:02 +0200: Memory Usage (459440K) : Netlist file: /foss/designs/ihp-open-pdk-regression/IOPADS/netlist/pads_sub/sg13g2_IOPadIn.spi
2026-08-10 16:48:02 +0200: Memory Usage (459440K) : LVS extracted netlist at: /foss/designs/ihp-open-pdk-regression/IOPADS/lvs_sweep/20260810_164751/sg13g2_IOPadIn/sg13g2_IOPadIn_extracted.cir
2026-08-10 16:48:02 +0200: Memory Usage (459440K) : Applying SRAM integration support.
2026-08-10 16:48:02 +0200: Memory Usage (459440K) : Starting SG13G2 LVS runset
2026-08-10 16:48:02 +0200: Memory Usage (459440K) : Read in polygons from layers.
2026-08-10 16:48:02 +0200: Memory Usage (460720K) : activ_drw has 36 polygons
2026-08-10 16:48:02 +0200: Memory Usage (460720K) : activ_filler has 0 polygons
2026-08-10 16:48:02 +0200: Memory Usage (460720K) : activ has 36 polygons
2026-08-10 16:48:02 +0200: Memory Usage (460720K) : activ_pin has 0 polygons
2026-08-10 16:48:02 +0200: Memory Usage (460720K) : activ_mask has 0 polygons
2026-08-10 16:48:02 +0200: Memory Usage (460720K) : activ_nofill has 0 polygons
2026-08-10 16:48:02 +0200: Memory Usage (460720K) : activ_OPC has 0 polygons
2026-08-10 16:48:02 +0200: Memory Usage (460720K) : activ_iOPC has 0 polygons
2026-08-10 16:48:02 +0200: Memory Usage (460720K) : activ_noqrc has 0 polygons
2026-08-10 16:48:02 +0200: Memory Usage (460848K) : biwind_drw has 0 polygons
2026-08-10 16:48:02 +0200: Memory Usage (460848K) : biwind_OPC has 0 polygons
2026-08-10 16:48:02 +0200: Memory Usage (460976K) : gatpoly_drw has 8 polygons
2026-08-10 16:48:02 +0200: Memory Usage (460976K) : gatpoly_filler has 0 polygons
2026-08-10 16:48:02 +0200: Memory Usage (461360K) : gatpoly has 8 polygons
2026-08-10 16:48:02 +0200: Memory Usage (461360K) : gatpoly_pin has 6 polygons
2026-08-10 16:48:02 +0200: Memory Usage (461488K) : gatpoly_nofill has 0 polygons
2026-08-10 16:48:02 +0200: Memory Usage (461488K) : gatpoly_OPC has 0 polygons
2026-08-10 16:48:02 +0200: Memory Usage (461488K) : gatpoly_iOPC has 0 polygons
2026-08-10 16:48:02 +0200: Memory Usage (461488K) : gatpoly_noqrc has 0 polygons
2026-08-10 16:48:02 +0200: Memory Usage (464304K) : cont_drw has 73863 polygons
2026-08-10 16:48:02 +0200: Memory Usage (464304K) : cont_OPC has 0 polygons
2026-08-10 16:48:02 +0200: Memory Usage (464304K) : nsd_drw has 0 polygons
2026-08-10 16:48:02 +0200: Memory Usage (464304K) : nsd_block has 0 polygons
2026-08-10 16:48:02 +0200: Memory Usage (464304K) : metal1_drw has 81 polygons
2026-08-10 16:48:02 +0200: Memory Usage (464304K) : metal1_filler has 0 polygons
2026-08-10 16:48:02 +0200: Memory Usage (464304K) : metal1_slit has 0 polygons
2026-08-10 16:48:02 +0200: Memory Usage (464432K) : metal1 has 81 polygons
2026-08-10 16:48:02 +0200: Memory Usage (464432K) : metal1_pin has 29 polygons
2026-08-10 16:48:02 +0200: Memory Usage (464432K) : metal1_mask has 0 polygons
2026-08-10 16:48:02 +0200: Memory Usage (464432K) : metal1_nofill has 0 polygons
2026-08-10 16:48:02 +0200: Memory Usage (464688K) : metal1_text has 19 polygons
2026-08-10 16:48:02 +0200: Memory Usage (464688K) : metal1_OPC has 0 polygons
2026-08-10 16:48:02 +0200: Memory Usage (464816K) : metal1_noqrc has 0 polygons
2026-08-10 16:48:02 +0200: Memory Usage (464816K) : metal1_res has 0 polygons
2026-08-10 16:48:02 +0200: Memory Usage (464816K) : metal1_iprobe has 0 polygons
2026-08-10 16:48:02 +0200: Memory Usage (464816K) : metal1_diffprb has 0 polygons
2026-08-10 16:48:02 +0200: Memory Usage (464816K) : passiv_drw has 0 polygons
2026-08-10 16:48:02 +0200: Memory Usage (464816K) : passiv_pin has 0 polygons
2026-08-10 16:48:02 +0200: Memory Usage (464816K) : passiv_sbump has 0 polygons
2026-08-10 16:48:02 +0200: Memory Usage (464816K) : passiv_pillar has 0 polygons
2026-08-10 16:48:02 +0200: Memory Usage (464816K) : passiv_pdl has 0 polygons
2026-08-10 16:48:02 +0200: Memory Usage (465200K) : metal2_drw has 33 polygons
2026-08-10 16:48:02 +0200: Memory Usage (465200K) : metal2_filler has 0 polygons
2026-08-10 16:48:02 +0200: Memory Usage (465200K) : metal2_slit has 0 polygons
2026-08-10 16:48:02 +0200: Memory Usage (465200K) : metal2 has 33 polygons
2026-08-10 16:48:02 +0200: Memory Usage (465200K) : metal2_pin has 7 polygons
2026-08-10 16:48:02 +0200: Memory Usage (465200K) : metal2_mask has 0 polygons
2026-08-10 16:48:02 +0200: Memory Usage (465328K) : metal2_nofill has 0 polygons
2026-08-10 16:48:02 +0200: Memory Usage (465328K) : metal2_text has 7 polygons
2026-08-10 16:48:02 +0200: Memory Usage (465456K) : metal2_OPC has 0 polygons
2026-08-10 16:48:02 +0200: Memory Usage (465456K) : metal2_noqrc has 0 polygons
2026-08-10 16:48:02 +0200: Memory Usage (465584K) : metal2_res has 0 polygons
2026-08-10 16:48:02 +0200: Memory Usage (465584K) : metal2_iprobe has 0 polygons
2026-08-10 16:48:02 +0200: Memory Usage (465712K) : metal2_diffprb has 0 polygons
2026-08-10 16:48:02 +0200: Memory Usage (465712K) : baspoly_drw has 0 polygons
2026-08-10 16:48:02 +0200: Memory Usage (465840K) : baspoly_pin has 0 polygons
2026-08-10 16:48:02 +0200: Memory Usage (465968K) : psd_drw has 19 polygons
2026-08-10 16:48:02 +0200: Memory Usage (465968K) : nldb_drw has 0 polygons
2026-08-10 16:48:02 +0200: Memory Usage (466096K) : digibnd_drw has 0 polygons
2026-08-10 16:48:02 +0200: Memory Usage (466224K) : via1_drw has 2259 polygons
2026-08-10 16:48:02 +0200: Memory Usage (466352K) : backmetal1_drw has 0 polygons
2026-08-10 16:48:02 +0200: Memory Usage (466480K) : backmetal1_pin has 0 polygons
2026-08-10 16:48:02 +0200: Memory Usage (466480K) : backmetal1_mask has 0 polygons
2026-08-10 16:48:02 +0200: Memory Usage (466608K) : backmetal1_filler has 0 polygons
2026-08-10 16:48:02 +0200: Memory Usage (466608K) : backmetal1_nofill has 0 polygons
2026-08-10 16:48:02 +0200: Memory Usage (466736K) : backmetal1_slit has 0 polygons
2026-08-10 16:48:02 +0200: Memory Usage (466736K) : backmetal1_text has 0 polygons
2026-08-10 16:48:02 +0200: Memory Usage (466864K) : backmetal1_OPC has 0 polygons
2026-08-10 16:48:02 +0200: Memory Usage (466864K) : backmetal1_noqrc has 0 polygons
2026-08-10 16:48:02 +0200: Memory Usage (466992K) : backmetal1_res has 0 polygons
2026-08-10 16:48:02 +0200: Memory Usage (466992K) : backmetal1_iprobe has 0 polygons
2026-08-10 16:48:02 +0200: Memory Usage (467120K) : backmetal1_diffprb has 0 polygons
2026-08-10 16:48:02 +0200: Memory Usage (467120K) : backpassiv_drw has 0 polygons
2026-08-10 16:48:02 +0200: Memory Usage (467120K) : res_drw has 0 polygons
2026-08-10 16:48:02 +0200: Memory Usage (467120K) : sram_drw has 0 polygons
2026-08-10 16:48:02 +0200: Memory Usage (467120K) : trans_drw has 0 polygons
2026-08-10 16:48:02 +0200: Memory Usage (467248K) : ind_drw has 0 polygons
2026-08-10 16:48:02 +0200: Memory Usage (467248K) : ind_pin has 0 polygons
2026-08-10 16:48:02 +0200: Memory Usage (467248K) : ind_text has 0 polygons
2026-08-10 16:48:02 +0200: Memory Usage (467376K) : salblock_drw has 1 polygons
2026-08-10 16:48:02 +0200: Memory Usage (467376K) : via2_drw has 2291 polygons
2026-08-10 16:48:02 +0200: Memory Usage (467504K) : metal3_drw has 13 polygons
2026-08-10 16:48:02 +0200: Memory Usage (467504K) : metal3_filler has 0 polygons
2026-08-10 16:48:02 +0200: Memory Usage (467504K) : metal3_slit has 0 polygons
2026-08-10 16:48:02 +0200: Memory Usage (467632K) : metal3 has 13 polygons
2026-08-10 16:48:02 +0200: Memory Usage (467760K) : metal3_pin has 9 polygons
2026-08-10 16:48:02 +0200: Memory Usage (467760K) : metal3_mask has 0 polygons
2026-08-10 16:48:02 +0200: Memory Usage (467888K) : metal3_nofill has 0 polygons
2026-08-10 16:48:02 +0200: Memory Usage (467888K) : metal3_text has 9 polygons
2026-08-10 16:48:02 +0200: Memory Usage (468016K) : metal3_OPC has 0 polygons
2026-08-10 16:48:02 +0200: Memory Usage (468016K) : metal3_noqrc has 0 polygons
2026-08-10 16:48:02 +0200: Memory Usage (468144K) : metal3_res has 0 polygons
2026-08-10 16:48:02 +0200: Memory Usage (468144K) : metal3_iprobe has 0 polygons
2026-08-10 16:48:02 +0200: Memory Usage (468272K) : metal3_diffprb has 0 polygons
2026-08-10 16:48:02 +0200: Memory Usage (468272K) : nwell_drw has 12 polygons
2026-08-10 16:48:02 +0200: Memory Usage (468400K) : nwell_pin has 0 polygons
2026-08-10 16:48:02 +0200: Memory Usage (468400K) : nwell_text has 0 polygons
2026-08-10 16:48:02 +0200: Memory Usage (468528K) : nbulay_drw has 0 polygons
2026-08-10 16:48:02 +0200: Memory Usage (468528K) : nbulay_pin has 0 polygons
2026-08-10 16:48:02 +0200: Memory Usage (468656K) : nbulay_block has 0 polygons
2026-08-10 16:48:02 +0200: Memory Usage (468656K) : emwind_drw has 0 polygons
2026-08-10 16:48:02 +0200: Memory Usage (468784K) : emwind_OPC has 0 polygons
2026-08-10 16:48:02 +0200: Memory Usage (468912K) : deepco_drw has 0 polygons
2026-08-10 16:48:02 +0200: Memory Usage (468912K) : mim_drw has 0 polygons
2026-08-10 16:48:02 +0200: Memory Usage (469040K) : edgeseal_drw has 0 polygons
2026-08-10 16:48:02 +0200: Memory Usage (469040K) : substrate_drw has 16 polygons
2026-08-10 16:48:02 +0200: Memory Usage (469168K) : substrate_text has 0 polygons
2026-08-10 16:48:02 +0200: Memory Usage (469168K) : dfpad_drw has 0 polygons
2026-08-10 16:48:02 +0200: Memory Usage (469296K) : dfpad_pillar has 0 polygons
2026-08-10 16:48:02 +0200: Memory Usage (469296K) : dfpad_sbump has 0 polygons
2026-08-10 16:48:02 +0200: Memory Usage (469424K) : thickgateox_drw has 4 polygons
2026-08-10 16:48:02 +0200: Memory Usage (469424K) : pldb_drw has 0 polygons
2026-08-10 16:48:02 +0200: Memory Usage (469424K) : pwell_drw has 0 polygons
2026-08-10 16:48:02 +0200: Memory Usage (469552K) : pwell_pin has 0 polygons
2026-08-10 16:48:02 +0200: Memory Usage (469552K) : pwell_block has 0 polygons
2026-08-10 16:48:02 +0200: Memory Usage (469552K) : ic_drw has 0 polygons
2026-08-10 16:48:02 +0200: Memory Usage (469680K) : via3_drw has 2087 polygons
2026-08-10 16:48:02 +0200: Memory Usage (469808K) : metal4_drw has 8 polygons
2026-08-10 16:48:02 +0200: Memory Usage (469808K) : metal4_filler has 0 polygons
2026-08-10 16:48:02 +0200: Memory Usage (469936K) : metal4_slit has 0 polygons
2026-08-10 16:48:02 +0200: Memory Usage (470064K) : metal4 has 8 polygons
2026-08-10 16:48:02 +0200: Memory Usage (470064K) : metal4_pin has 8 polygons
2026-08-10 16:48:02 +0200: Memory Usage (470192K) : metal4_mask has 0 polygons
2026-08-10 16:48:02 +0200: Memory Usage (470192K) : metal4_nofill has 0 polygons
2026-08-10 16:48:02 +0200: Memory Usage (470320K) : metal4_text has 8 polygons
2026-08-10 16:48:02 +0200: Memory Usage (470320K) : metal4_OPC has 0 polygons
2026-08-10 16:48:02 +0200: Memory Usage (470448K) : metal4_noqrc has 0 polygons
2026-08-10 16:48:02 +0200: Memory Usage (470448K) : metal4_res has 0 polygons
2026-08-10 16:48:02 +0200: Memory Usage (470576K) : metal4_iprobe has 0 polygons
2026-08-10 16:48:02 +0200: Memory Usage (470576K) : metal4_diffprb has 0 polygons
2026-08-10 16:48:02 +0200: Memory Usage (470704K) : heattrans_drw has 6 polygons
2026-08-10 16:48:02 +0200: Memory Usage (470704K) : heatres_drw has 0 polygons
2026-08-10 16:48:02 +0200: Memory Usage (470832K) : fbe_drw has 0 polygons
2026-08-10 16:48:02 +0200: Memory Usage (470960K) : empoly_drw has 0 polygons
2026-08-10 16:48:02 +0200: Memory Usage (470960K) : digisub_drw has 0 polygons
2026-08-10 16:48:02 +0200: Memory Usage (471088K) : text_drw has 19 polygons
2026-08-10 16:48:02 +0200: Memory Usage (471088K) : via4_drw has 2371 polygons
2026-08-10 16:48:02 +0200: Memory Usage (471216K) : metal5_drw has 8 polygons
2026-08-10 16:48:02 +0200: Memory Usage (471344K) : metal5_filler has 0 polygons
2026-08-10 16:48:02 +0200: Memory Usage (471344K) : metal5_slit has 0 polygons
2026-08-10 16:48:02 +0200: Memory Usage (471472K) : metal5 has 8 polygons
2026-08-10 16:48:02 +0200: Memory Usage (471600K) : metal5_pin has 8 polygons
2026-08-10 16:48:02 +0200: Memory Usage (471600K) : metal5_mask has 0 polygons
2026-08-10 16:48:02 +0200: Memory Usage (471728K) : metal5_nofill has 0 polygons
2026-08-10 16:48:02 +0200: Memory Usage (471728K) : metal5_text has 8 polygons
2026-08-10 16:48:02 +0200: Memory Usage (471856K) : metal5_OPC has 0 polygons
2026-08-10 16:48:02 +0200: Memory Usage (471856K) : metal5_noqrc has 0 polygons
2026-08-10 16:48:02 +0200: Memory Usage (471984K) : metal5_res has 0 polygons
2026-08-10 16:48:02 +0200: Memory Usage (471984K) : metal5_iprobe has 0 polygons
2026-08-10 16:48:02 +0200: Memory Usage (471984K) : metal5_diffprb has 0 polygons
2026-08-10 16:48:02 +0200: Memory Usage (471984K) : radhard_drw has 0 polygons
2026-08-10 16:48:02 +0200: Memory Usage (472112K) : memcap_drw has 0 polygons
2026-08-10 16:48:02 +0200: Memory Usage (472112K) : varicap_drw has 0 polygons
2026-08-10 16:48:02 +0200: Memory Usage (472112K) : intbondvia_drw has 0 polygons
2026-08-10 16:48:02 +0200: Memory Usage (472240K) : intbondmet_drw has 0 polygons
2026-08-10 16:48:02 +0200: Memory Usage (472368K) : devbondvia_drw has 0 polygons
2026-08-10 16:48:02 +0200: Memory Usage (472368K) : devbondmet_drw has 0 polygons
2026-08-10 16:48:02 +0200: Memory Usage (472496K) : devtrench_drw has 0 polygons
2026-08-10 16:48:02 +0200: Memory Usage (472496K) : redist_drw has 0 polygons
2026-08-10 16:48:02 +0200: Memory Usage (472624K) : graphbot_drw has 0 polygons
2026-08-10 16:48:02 +0200: Memory Usage (472624K) : graphtop_drw has 0 polygons
2026-08-10 16:48:02 +0200: Memory Usage (472752K) : antvia1_drw has 0 polygons
2026-08-10 16:48:02 +0200: Memory Usage (472752K) : antmetal2_drw has 0 polygons
2026-08-10 16:48:02 +0200: Memory Usage (472880K) : graphcont_drw has 0 polygons
2026-08-10 16:48:02 +0200: Memory Usage (472880K) : siwg_drw has 0 polygons
2026-08-10 16:48:02 +0200: Memory Usage (473008K) : siwg_filler has 0 polygons
2026-08-10 16:48:02 +0200: Memory Usage (473136K) : siwg_nofill has 0 polygons
2026-08-10 16:48:02 +0200: Memory Usage (473136K) : sigrating_drw has 0 polygons
2026-08-10 16:48:02 +0200: Memory Usage (473264K) : singrating_drw has 0 polygons
2026-08-10 16:48:02 +0200: Memory Usage (473264K) : graphpas_drw has 0 polygons
2026-08-10 16:48:02 +0200: Memory Usage (473264K) : emwind3_drw has 0 polygons
2026-08-10 16:48:02 +0200: Memory Usage (473264K) : emwihv3_drw has 0 polygons
2026-08-10 16:48:02 +0200: Memory Usage (473264K) : redbulay_drw has 0 polygons
2026-08-10 16:48:02 +0200: Memory Usage (473264K) : smos_drw has 0 polygons
2026-08-10 16:48:02 +0200: Memory Usage (473264K) : graphpad_drw has 0 polygons
2026-08-10 16:48:02 +0200: Memory Usage (473264K) : polimide_drw has 0 polygons
2026-08-10 16:48:02 +0200: Memory Usage (473264K) : polimide_pin has 0 polygons
2026-08-10 16:48:02 +0200: Memory Usage (473264K) : recog_drw has 0 polygons
2026-08-10 16:48:02 +0200: Memory Usage (473264K) : recog_pin has 0 polygons
2026-08-10 16:48:02 +0200: Memory Usage (473264K) : recog_esd has 0 polygons
2026-08-10 16:48:02 +0200: Memory Usage (473264K) : recog_diode has 6 polygons
2026-08-10 16:48:02 +0200: Memory Usage (473264K) : recog_tsv has 0 polygons
2026-08-10 16:48:02 +0200: Memory Usage (473264K) : recog_iprobe has 0 polygons
2026-08-10 16:48:02 +0200: Memory Usage (473264K) : recog_diffprb has 0 polygons
2026-08-10 16:48:02 +0200: Memory Usage (473264K) : recog_pillar has 0 polygons
2026-08-10 16:48:02 +0200: Memory Usage (473264K) : recog_sbump has 0 polygons
2026-08-10 16:48:02 +0200: Memory Usage (473264K) : recog_otp has 0 polygons
2026-08-10 16:48:02 +0200: Memory Usage (473264K) : recog_pdiode has 0 polygons
2026-08-10 16:48:02 +0200: Memory Usage (473264K) : recog_mom has 0 polygons
2026-08-10 16:48:02 +0200: Memory Usage (473264K) : recog_pcm has 0 polygons
2026-08-10 16:48:02 +0200: Memory Usage (473264K) : colopen_drw has 0 polygons
2026-08-10 16:48:02 +0200: Memory Usage (473264K) : graphmetal1_drw has 0 polygons
2026-08-10 16:48:02 +0200: Memory Usage (473264K) : graphmetal1_filler has 0 polygons
2026-08-10 16:48:02 +0200: Memory Usage (473264K) : graphmetal1_nofill has 0 polygons
2026-08-10 16:48:02 +0200: Memory Usage (473264K) : graphmetal1_slit has 0 polygons
2026-08-10 16:48:02 +0200: Memory Usage (473264K) : graphmetal1_OPC has 0 polygons
2026-08-10 16:48:02 +0200: Memory Usage (473264K) : graphmet1l_drw has 0 polygons
2026-08-10 16:48:02 +0200: Memory Usage (473264K) : graphmet1l_filler has 0 polygons
2026-08-10 16:48:02 +0200: Memory Usage (473264K) : graphmet1l_nofill has 0 polygons
2026-08-10 16:48:02 +0200: Memory Usage (473264K) : graphmet1l_slit has 0 polygons
2026-08-10 16:48:02 +0200: Memory Usage (473264K) : graphmet1l_OPC has 0 polygons
2026-08-10 16:48:02 +0200: Memory Usage (473264K) : extblock_drw has 1 polygons
2026-08-10 16:48:02 +0200: Memory Usage (473264K) : nldd_drw has 0 polygons
2026-08-10 16:48:02 +0200: Memory Usage (473264K) : pldd_drw has 0 polygons
2026-08-10 16:48:02 +0200: Memory Usage (473264K) : next_drw has 0 polygons
2026-08-10 16:48:02 +0200: Memory Usage (473264K) : pext_drw has 0 polygons
2026-08-10 16:48:02 +0200: Memory Usage (473264K) : nexthv_drw has 0 polygons
2026-08-10 16:48:02 +0200: Memory Usage (473264K) : pexthv_drw has 0 polygons
2026-08-10 16:48:02 +0200: Memory Usage (473264K) : graphgate_drw has 0 polygons
2026-08-10 16:48:02 +0200: Memory Usage (473264K) : sinwg_drw has 0 polygons
2026-08-10 16:48:02 +0200: Memory Usage (473264K) : sinwg_filler has 0 polygons
2026-08-10 16:48:02 +0200: Memory Usage (473264K) : sinwg_nofill has 0 polygons
2026-08-10 16:48:02 +0200: Memory Usage (473264K) : mempad_drw has 0 polygons
2026-08-10 16:48:02 +0200: Memory Usage (473264K) : topvia1_drw has 2315 polygons
2026-08-10 16:48:02 +0200: Memory Usage (473264K) : topmetal1_drw has 8 polygons
2026-08-10 16:48:02 +0200: Memory Usage (473264K) : topmetal1_filler has 0 polygons
2026-08-10 16:48:02 +0200: Memory Usage (473264K) : topmetal1_slit has 0 polygons
2026-08-10 16:48:02 +0200: Memory Usage (473264K) : topmetal1 has 8 polygons
2026-08-10 16:48:02 +0200: Memory Usage (473264K) : topmetal1_pin has 8 polygons
2026-08-10 16:48:02 +0200: Memory Usage (473264K) : topmetal1_mask has 0 polygons
2026-08-10 16:48:02 +0200: Memory Usage (473264K) : topmetal1_nofill has 0 polygons
2026-08-10 16:48:02 +0200: Memory Usage (473264K) : topmetal1_text has 8 polygons
2026-08-10 16:48:02 +0200: Memory Usage (473264K) : topmetal1_noqrc has 0 polygons
2026-08-10 16:48:02 +0200: Memory Usage (473264K) : topmetal1_res has 0 polygons
2026-08-10 16:48:02 +0200: Memory Usage (473264K) : topmetal1_iprobe has 0 polygons
2026-08-10 16:48:02 +0200: Memory Usage (473264K) : topmetal1_diffprb has 0 polygons
2026-08-10 16:48:02 +0200: Memory Usage (473264K) : inldpwl_drw has 0 polygons
2026-08-10 16:48:02 +0200: Memory Usage (473264K) : polyres_drw has 1 polygons
2026-08-10 16:48:02 +0200: Memory Usage (473264K) : polyres_pin has 0 polygons
2026-08-10 16:48:02 +0200: Memory Usage (473264K) : vmim_drw has 0 polygons
2026-08-10 16:48:02 +0200: Memory Usage (473264K) : nbulaycut_drw has 0 polygons
2026-08-10 16:48:02 +0200: Memory Usage (473264K) : antmetal1_drw has 0 polygons
2026-08-10 16:48:02 +0200: Memory Usage (473264K) : topvia2_drw has 1593 polygons
2026-08-10 16:48:02 +0200: Memory Usage (473264K) : topmetal2_drw has 6 polygons
2026-08-10 16:48:02 +0200: Memory Usage (473264K) : topmetal2_filler has 0 polygons
2026-08-10 16:48:02 +0200: Memory Usage (473264K) : topmetal2_slit has 0 polygons
2026-08-10 16:48:02 +0200: Memory Usage (473264K) : topmetal2 has 6 polygons
2026-08-10 16:48:02 +0200: Memory Usage (473264K) : topmetal2_pin has 6 polygons
2026-08-10 16:48:02 +0200: Memory Usage (473264K) : topmetal2_mask has 0 polygons
2026-08-10 16:48:02 +0200: Memory Usage (473264K) : topmetal2_nofill has 0 polygons
2026-08-10 16:48:02 +0200: Memory Usage (473264K) : topmetal2_text has 6 polygons
2026-08-10 16:48:02 +0200: Memory Usage (473264K) : topmetal2_noqrc has 0 polygons
2026-08-10 16:48:02 +0200: Memory Usage (473264K) : topmetal2_res has 0 polygons
2026-08-10 16:48:02 +0200: Memory Usage (473264K) : topmetal2_iprobe has 0 polygons
2026-08-10 16:48:02 +0200: Memory Usage (473264K) : topmetal2_diffprb has 0 polygons
2026-08-10 16:48:02 +0200: Memory Usage (473264K) : snsring_drw has 0 polygons
2026-08-10 16:48:02 +0200: Memory Usage (473264K) : sensor_drw has 0 polygons
2026-08-10 16:48:02 +0200: Memory Usage (473264K) : snsarms_drw has 0 polygons
2026-08-10 16:48:02 +0200: Memory Usage (473264K) : snscmosvia_drw has 0 polygons
2026-08-10 16:48:02 +0200: Memory Usage (473264K) : colwind_drw has 0 polygons
2026-08-10 16:48:02 +0200: Memory Usage (473264K) : flm_drw has 0 polygons
2026-08-10 16:48:02 +0200: Memory Usage (473264K) : hafniumox_drw has 0 polygons
2026-08-10 16:48:02 +0200: Memory Usage (473264K) : memvia_drw has 0 polygons
2026-08-10 16:48:02 +0200: Memory Usage (473264K) : thinfilmres_drw has 0 polygons
2026-08-10 16:48:02 +0200: Memory Usage (473264K) : rfmem_drw has 0 polygons
2026-08-10 16:48:02 +0200: Memory Usage (473264K) : norcx_drw has 0 polygons
2026-08-10 16:48:02 +0200: Memory Usage (473264K) : norcx_m2m3 has 0 polygons
2026-08-10 16:48:02 +0200: Memory Usage (473264K) : norcx_m2m4 has 0 polygons
2026-08-10 16:48:02 +0200: Memory Usage (473264K) : norcx_m2m5 has 0 polygons
2026-08-10 16:48:02 +0200: Memory Usage (473264K) : norcx_m2tm1 has 0 polygons
2026-08-10 16:48:02 +0200: Memory Usage (473264K) : norcx_m2tm2 has 0 polygons
2026-08-10 16:48:02 +0200: Memory Usage (473264K) : norcx_m3m4 has 0 polygons
2026-08-10 16:48:02 +0200: Memory Usage (473264K) : norcx_m3m5 has 0 polygons
2026-08-10 16:48:02 +0200: Memory Usage (473264K) : norcx_m3tm1 has 0 polygons
2026-08-10 16:48:02 +0200: Memory Usage (473264K) : norcx_m3tm2 has 0 polygons
2026-08-10 16:48:02 +0200: Memory Usage (473264K) : norcx_m4m5 has 0 polygons
2026-08-10 16:48:02 +0200: Memory Usage (473264K) : norcx_m4tm1 has 0 polygons
2026-08-10 16:48:02 +0200: Memory Usage (473264K) : norcx_m4tm2 has 0 polygons
2026-08-10 16:48:02 +0200: Memory Usage (473264K) : norcx_m5tm1 has 0 polygons
2026-08-10 16:48:02 +0200: Memory Usage (473264K) : norcx_m5tm2 has 0 polygons
2026-08-10 16:48:02 +0200: Memory Usage (473264K) : norcx_tm1tm2 has 0 polygons
2026-08-10 16:48:02 +0200: Memory Usage (473264K) : norcx_m1sub has 0 polygons
2026-08-10 16:48:02 +0200: Memory Usage (473264K) : norcx_m2sub has 0 polygons
2026-08-10 16:48:02 +0200: Memory Usage (473264K) : norcx_m3sub has 0 polygons
2026-08-10 16:48:02 +0200: Memory Usage (473264K) : norcx_m4sub has 0 polygons
2026-08-10 16:48:02 +0200: Memory Usage (473264K) : norcx_m5sub has 0 polygons
2026-08-10 16:48:02 +0200: Memory Usage (473264K) : norcx_tm1sub has 0 polygons
2026-08-10 16:48:02 +0200: Memory Usage (473264K) : norcx_tm2sub has 0 polygons
2026-08-10 16:48:02 +0200: Memory Usage (473264K) : snsbotvia_drw has 0 polygons
2026-08-10 16:48:02 +0200: Memory Usage (473264K) : snstopvia_drw has 0 polygons
2026-08-10 16:48:02 +0200: Memory Usage (473264K) : deepvia_drw has 0 polygons
2026-08-10 16:48:02 +0200: Memory Usage (473264K) : fgetch_drw has 0 polygons
2026-08-10 16:48:02 +0200: Memory Usage (473264K) : ctrgat_drw has 0 polygons
2026-08-10 16:48:02 +0200: Memory Usage (473264K) : fgimp_drw has 0 polygons
2026-08-10 16:48:02 +0200: Memory Usage (473264K) : emwihv_drw has 0 polygons
2026-08-10 16:48:02 +0200: Memory Usage (473264K) : lbe_drw has 0 polygons
2026-08-10 16:48:02 +0200: Memory Usage (473264K) : alcustop_drw has 0 polygons
2026-08-10 16:48:02 +0200: Memory Usage (473264K) : nometfiller_drw has 0 polygons
2026-08-10 16:48:02 +0200: Memory Usage (473264K) : prboundary_drw has 0 polygons
2026-08-10 16:48:02 +0200: Memory Usage (473264K) : exchange0_drw has 0 polygons
2026-08-10 16:48:02 +0200: Memory Usage (473264K) : exchange0_pin has 0 polygons
2026-08-10 16:48:02 +0200: Memory Usage (473264K) : exchange0_text has 0 polygons
2026-08-10 16:48:02 +0200: Memory Usage (473264K) : exchange1_drw has 0 polygons
2026-08-10 16:48:02 +0200: Memory Usage (473264K) : exchange1_pin has 0 polygons
2026-08-10 16:48:02 +0200: Memory Usage (473264K) : exchange1_text has 0 polygons
2026-08-10 16:48:02 +0200: Memory Usage (473264K) : exchange2_drw has 0 polygons
2026-08-10 16:48:02 +0200: Memory Usage (473264K) : exchange2_pin has 0 polygons
2026-08-10 16:48:02 +0200: Memory Usage (473264K) : exchange2_text has 0 polygons
2026-08-10 16:48:02 +0200: Memory Usage (473264K) : exchange3_drw has 0 polygons
2026-08-10 16:48:02 +0200: Memory Usage (473264K) : exchange3_pin has 0 polygons
2026-08-10 16:48:02 +0200: Memory Usage (473264K) : exchange3_text has 0 polygons
2026-08-10 16:48:02 +0200: Memory Usage (473264K) : exchange4_drw has 0 polygons
2026-08-10 16:48:02 +0200: Memory Usage (473264K) : exchange4_pin has 0 polygons
2026-08-10 16:48:02 +0200: Memory Usage (473264K) : exchange4_text has 0 polygons
2026-08-10 16:48:02 +0200: Memory Usage (473264K) : isonwell_drw has 0 polygons
2026-08-10 16:48:02 +0200: Memory Usage (473264K) : Total no. of polygons in the design is 87211
2026-08-10 16:48:02 +0200: Memory Usage (473264K) : Starting base layers derivations
2026-08-10 16:48:02 +0200: Memory Usage (473264K) : Starting general LVS derivations
2026-08-10 16:48:02 +0200: Memory Usage (479024K) : Starting MOSFET DERIVATIONS
2026-08-10 16:48:03 +0200: Memory Usage (510692K) : Starting NMOS DERIVATIONS
2026-08-10 16:48:03 +0200: Memory Usage (510692K) : Starting PMOS DERIVATIONS
2026-08-10 16:48:03 +0200: Memory Usage (510692K) : Starting RF-MOSFET DERIVATIONS
2026-08-10 16:48:03 +0200: Memory Usage (510692K) : Starting RF-NMOS DERIVATIONS
2026-08-10 16:48:03 +0200: Memory Usage (510692K) : Starting RF-PMOS DERIVATIONS
2026-08-10 16:48:03 +0200: Memory Usage (510692K) : Starting BJT DERIVATIONS
2026-08-10 16:48:03 +0200: Memory Usage (510692K) : Starting NPN-BJT DERIVATIONS
2026-08-10 16:48:03 +0200: Memory Usage (510692K) : Starting PNP-BJT DERIVATIONS
2026-08-10 16:48:03 +0200: Memory Usage (510692K) : Starting DIODE DERIVATIONS
2026-08-10 16:48:04 +0200: Memory Usage (485424K) : Starting RESISTOR DERIVATIONS
2026-08-10 16:48:04 +0200: Memory Usage (485680K) : Starting CAP DERIVATIONS
2026-08-10 16:48:04 +0200: Memory Usage (485680K) : Starting CAP_CMOM DERIVATIONS
2026-08-10 16:48:04 +0200: Memory Usage (485680K) : Starting ESD DERIVATIONS
2026-08-10 16:48:04 +0200: Memory Usage (486192K) : Starting Inductor DERIVATIONS
2026-08-10 16:48:04 +0200: Memory Usage (486192K) : Starting Taps DERIVATIONS
2026-08-10 16:48:04 +0200: Memory Usage (486192K) : Starting SG13G2 LVS connectivity setup
2026-08-10 16:48:04 +0200: Memory Usage (486192K) : Starting SG13G2 LVS connectivity setup (Inter-layer)
2026-08-10 16:48:04 +0200: Memory Usage (486320K) : Starting SG13G2 LVS connectivity setup (Global)
2026-08-10 16:48:04 +0200: Memory Usage (486320K) : Starting LVS MOSFET CONNECTIONS
2026-08-10 16:48:04 +0200: Memory Usage (486320K) : Starting LVS RF-MOSFET CONNECTIONS
2026-08-10 16:48:04 +0200: Memory Usage (486320K) : Starting LVS BJT CONNECTIONS
2026-08-10 16:48:04 +0200: Memory Usage (486320K) : Starting LVS DIODE CONNECTIONS
2026-08-10 16:48:04 +0200: Memory Usage (486320K) : Starting RESISTOR CONNECTIONS
2026-08-10 16:48:04 +0200: Memory Usage (486320K) : Starting LVS CAP CONNECTIONS
2026-08-10 16:48:04 +0200: Memory Usage (486320K) : Starting CAP_CMOM CONNECTIONS
2026-08-10 16:48:04 +0200: Memory Usage (486320K) : Starting ESD CONNECTIONS
2026-08-10 16:48:04 +0200: Memory Usage (486320K) : Starting Inductor CONNECTIONS
2026-08-10 16:48:04 +0200: Memory Usage (486320K) : Starting LVS Taps CONNECTIONS
2026-08-10 16:48:04 +0200: Memory Usage (486320K) : Starting SG13G2 LVS DEVICES EXTRACTION
2026-08-10 16:48:04 +0200: Memory Usage (486320K) : Starting MOSFET EXTRACTION
2026-08-10 16:48:04 +0200: Memory Usage (486320K) : Starting NMOS EXTRACTION
2026-08-10 16:48:04 +0200: Memory Usage (486320K) : Extraction of NMOS-LV transistor
2026-08-10 16:48:04 +0200: Memory Usage (486448K) : Extraction of NMOS-HV transistor
2026-08-10 16:48:04 +0200: Memory Usage (486448K) : Starting PMOS EXTRACTION
2026-08-10 16:48:04 +0200: Memory Usage (486448K) : Extraction of PMOS-LV transistor
2026-08-10 16:48:04 +0200: Memory Usage (486448K) : Extraction of PMOS-HV transistor
2026-08-10 16:48:04 +0200: Memory Usage (486448K) : Starting RF-MOSFET EXTRACTION
2026-08-10 16:48:04 +0200: Memory Usage (486448K) : Extraction of RF-NMOS-LV transistor
2026-08-10 16:48:04 +0200: Memory Usage (486448K) : Extraction of RF-NMOS-HV transistor
2026-08-10 16:48:04 +0200: Memory Usage (486448K) : Extraction of RF-PMOS-LV transistor
2026-08-10 16:48:04 +0200: Memory Usage (486448K) : Extraction of RF-PMOS-HV transistor
2026-08-10 16:48:04 +0200: Memory Usage (486448K) : Starting BJT EXTRACTION
2026-08-10 16:48:04 +0200: Memory Usage (486448K) : Starting NPN-BJT EXTRACTION
2026-08-10 16:48:04 +0200: Memory Usage (486448K) : Extraction of npn13G2 BJT transistor
2026-08-10 16:48:04 +0200: Memory Usage (486448K) : Extraction of npn13G2L BJT transistor
2026-08-10 16:48:04 +0200: Memory Usage (486448K) : Extraction of npn13G2V BJT transistor
2026-08-10 16:48:04 +0200: Memory Usage (486448K) : Starting PNP-BJT EXTRACTION
2026-08-10 16:48:04 +0200: Memory Usage (486448K) : Extracting pnpMPA BJT
2026-08-10 16:48:04 +0200: Memory Usage (486448K) : Starting DIODE EXTRACTION
2026-08-10 16:48:04 +0200: Memory Usage (486448K) : Extracting dantenna diode
2026-08-10 16:48:04 +0200: Memory Usage (486448K) : Extracting dpantenna diode
2026-08-10 16:48:04 +0200: Memory Usage (486448K) : Extracting schottky_nbl1 diode
2026-08-10 16:48:04 +0200: Memory Usage (486448K) : Extracting isolbox diode
2026-08-10 16:48:04 +0200: Memory Usage (486448K) : Starting RESISTOR EXTRACTION
2026-08-10 16:48:04 +0200: Memory Usage (486448K) : Extracting rsil resistor
2026-08-10 16:48:04 +0200: Memory Usage (486448K) : Extracting rppd resistor
2026-08-10 16:48:04 +0200: Memory Usage (486448K) : Extracting rhigh resistor
2026-08-10 16:48:04 +0200: Memory Usage (486448K) : Extracting res_metal1 resistor
2026-08-10 16:48:04 +0200: Memory Usage (486448K) : Extracting res_metal2 resistor
2026-08-10 16:48:04 +0200: Memory Usage (486448K) : Extracting res_metal3 resistor
2026-08-10 16:48:04 +0200: Memory Usage (486448K) : Extracting res_metal4 resistor
2026-08-10 16:48:04 +0200: Memory Usage (486448K) : Extracting res_metal5 resistor
2026-08-10 16:48:04 +0200: Memory Usage (486448K) : Extracting res_topmetal1 resistor
2026-08-10 16:48:04 +0200: Memory Usage (486448K) : Extracting res_topmetal2 resistor
2026-08-10 16:48:04 +0200: Memory Usage (486448K) : Starting CAP EXTRACTION
2026-08-10 16:48:04 +0200: Memory Usage (486448K) : Extracting cap_cmim device
2026-08-10 16:48:04 +0200: Memory Usage (486448K) : Extracting rfcmim device
2026-08-10 16:48:04 +0200: Memory Usage (486448K) : Extracting sg13_hv_svaricap varactor
2026-08-10 16:48:04 +0200: Memory Usage (486448K) : Extracting cap_cmomi device
2026-08-10 16:48:04 +0200: Memory Usage (486448K) : Extracting sg13_moscap_n capacitor
2026-08-10 16:48:04 +0200: Memory Usage (486448K) : Extracting sg13_moscap_p capacitor
2026-08-10 16:48:04 +0200: Memory Usage (486448K) : Starting ESD EXTRACTION
2026-08-10 16:48:04 +0200: Memory Usage (486448K) : Extracting diodevdd_2kv ESD device
2026-08-10 16:48:04 +0200: Memory Usage (486448K) : Extracting diodevdd_4kv ESD device
2026-08-10 16:48:04 +0200: Memory Usage (486448K) : Extracting diodevss_2kv ESD device
2026-08-10 16:48:04 +0200: Memory Usage (486448K) : Extracting diodevss_4kv ESD device
2026-08-10 16:48:04 +0200: Memory Usage (486448K) : Extracting idiodevdd_2kv ESD device
2026-08-10 16:48:04 +0200: Memory Usage (486448K) : Extracting idiodevdd_4kv ESD device
2026-08-10 16:48:04 +0200: Memory Usage (486448K) : Extracting idiodevss_2kv ESD device
2026-08-10 16:48:04 +0200: Memory Usage (486448K) : Extracting idiodevss_4kv ESD device
2026-08-10 16:48:04 +0200: Memory Usage (486448K) : Extracting nmoscl_2 ESD device
2026-08-10 16:48:05 +0200: Memory Usage (486448K) : Extracting nmoscl_4 ESD device
2026-08-10 16:48:05 +0200: Memory Usage (486448K) : Starting Inductor EXTRACTION
2026-08-10 16:48:05 +0200: Memory Usage (486448K) : Extracting Inductor2 device
2026-08-10 16:48:05 +0200: Memory Usage (486448K) : Extracting Inductor3 device
2026-08-10 16:48:05 +0200: Memory Usage (486448K) : Starting Taps EXTRACTION
2026-08-10 16:48:05 +0200: Memory Usage (486448K) : Extracting ntap1 device
2026-08-10 16:48:05 +0200: Memory Usage (486448K) : Extracting ptap1 device
2026-08-10 16:48:05 +0200: Memory Usage (486448K) : Starting SG13G2 LVS RF MOS Model Mapping
2026-08-10 16:48:06 +0200: Memory Usage (502448K) : [layout_netlist] Apply RF MOS model mapping and rfmode parameter.
2026-08-10 16:48:06 +0200: Memory Usage (502448K) : Starting SG13G2 LVS Options Preparations
2026-08-10 16:48:06 +0200: Memory Usage (502448K) : SG13G2 LVS flow: extraction -> alignment -> option preparation -> comparison.
2026-08-10 16:48:06 +0200: Memory Usage (502448K) : Starting SG13G2 LVS Alignment
2026-08-10 16:48:06 +0200: Memory Usage (502576K) : Starting SG13G2 LVS Simplification
2026-08-10 16:48:06 +0200: Memory Usage (502576K) : [layout_netlist] simplify: ENABLED
2026-08-10 16:48:06 +0200: Memory Usage (502576K) : [layout_netlist] make_top_level_pins: SKIPPED
2026-08-10 16:48:06 +0200: Memory Usage (502576K) : [layout_netlist] combine_devices: ENABLED
2026-08-10 16:48:06 +0200: Memory Usage (502576K) : [layout_netlist] purge: SKIPPED
2026-08-10 16:48:06 +0200: Memory Usage (502576K) : [layout_netlist] purge_nets: SKIPPED
2026-08-10 16:48:06 +0200: Memory Usage (502576K) : [schematic_netlist] simplify: ENABLED
2026-08-10 16:48:06 +0200: Memory Usage (502576K) : [schematic_netlist] make_top_level_pins: SKIPPED
2026-08-10 16:48:06 +0200: Memory Usage (502576K) : [schematic_netlist] combine_devices: ENABLED
2026-08-10 16:48:06 +0200: Memory Usage (502576K) : [schematic_netlist] purge: SKIPPED
2026-08-10 16:48:06 +0200: Memory Usage (502576K) : [schematic_netlist] purge_nets: SKIPPED
2026-08-10 16:48:06 +0200: Memory Usage (502576K) : Starting SG13G2 LVS Comparison
2026-08-10 16:48:06 +0200: Memory Usage (502704K) : xxxxxxxxxxxxxxxxxxxxxxxxxxxxxxxxxxxxxxxxxx
2026-08-10 16:48:06 +0200: Memory Usage (502704K) : ERROR : Netlists don't match
2026-08-10 16:48:06 +0200: Memory Usage (502704K) : xxxxxxxxxxxxxxxxxxxxxxxxxxxxxxxxxxxxxxxxxx
2026-08-10 16:48:06 +0200: Memory Usage (502704K) : LVS Total Run time 4.172012 seconds
