03-Aug-2026 15:28:58 | INFO    | Your Klayout version is: KLayout 0.30.9
03-Aug-2026 15:28:58 | INFO    | Running SG13CMOS5L LVS checks on design /foss/designs/ihp-open-pdk-regression/IOPADS/layout/sg13g2_IOPadVdd.gds on cell sg13g2_IOPadVdd
2026-08-03 15:29:12 +0200: Memory Usage (455760K) : Starting running SG13CMOS5L Klayout LVS runset on /foss/designs/ihp-open-pdk-regression/IOPADS/layout/sg13g2_IOPadVdd.gds
2026-08-03 15:29:12 +0200: Memory Usage (455760K) : Ruby Version for klayout: 3.2.3
2026-08-03 15:29:12 +0200: Memory Usage (456528K) : Loading database to memory is complete.
2026-08-03 15:29:12 +0200: Memory Usage (456528K) : SG13CMOS5L Klayout LVS runset output at: /foss/designs/ihp-open-pdk-regression/IOPADS/lvs_sweep/20260803_152855/sg13g2_IOPadVdd/sg13g2_IOPadVdd.lvsdb
2026-08-03 15:29:12 +0200: Memory Usage (456528K) : Evaluate switches.
2026-08-03 15:29:12 +0200: Memory Usage (456528K) : Extracted netlist with net names: true
2026-08-03 15:29:12 +0200: Memory Usage (456528K) : Extracted netlist with comments in details: false
2026-08-03 15:29:12 +0200: Memory Usage (456528K) : Selected NET_ONLY option: false
2026-08-03 15:29:12 +0200: Memory Usage (456528K) : Selected LAYOUT_NETLIST option: (none)
2026-08-03 15:29:12 +0200: Memory Usage (456528K) : Selected IGNORE_TOP_PORTS_MISMATCH option: 
2026-08-03 15:29:12 +0200: Memory Usage (456528K) : Selected IMPLICIT_NETS option: (none)
2026-08-03 15:29:12 +0200: Memory Usage (456528K) : Selected TOP_LVL_PINS option: false
2026-08-03 15:29:12 +0200: Memory Usage (456528K) : Selected COMBINE DEVICES option: false
2026-08-03 15:29:12 +0200: Memory Usage (456528K) : Selected PURGE option: false
2026-08-03 15:29:12 +0200: Memory Usage (456528K) : Selected PURGE_NETS option: false
2026-08-03 15:29:12 +0200: Memory Usage (456528K) : Selected SIMPLIFY option: true
2026-08-03 15:29:12 +0200: Memory Usage (456528K) : Selected SERIES_RES option: true
2026-08-03 15:29:12 +0200: Memory Usage (456528K) : Selected PARALLEL_RES option: true
2026-08-03 15:29:12 +0200: Memory Usage (456528K) : Selected DISABLE_TAP_EXTRACTION option: true
2026-08-03 15:29:12 +0200: Memory Usage (456528K) : flat  mode is enabled.
2026-08-03 15:29:12 +0200: Memory Usage (457040K) : Netlist file: /foss/designs/ihp-open-pdk-regression/IOPADS/netlist/pads_flat/sg13g2_IOPadVdd.spi
2026-08-03 15:29:12 +0200: Memory Usage (457040K) : LVS extracted netlist at: /foss/designs/ihp-open-pdk-regression/IOPADS/lvs_sweep/20260803_152855/sg13g2_IOPadVdd/sg13g2_IOPadVdd_extracted.cir
2026-08-03 15:29:12 +0200: Memory Usage (457040K) : Applying SRAM integration support.
2026-08-03 15:29:12 +0200: Memory Usage (457040K) : Starting SG13CMOS5L LVS runset
2026-08-03 15:29:12 +0200: Memory Usage (457040K) : Read in polygons from layers.
2026-08-03 15:29:12 +0200: Memory Usage (458192K) : activ_drw has 15 polygons
2026-08-03 15:29:12 +0200: Memory Usage (458192K) : activ_filler has 0 polygons
2026-08-03 15:29:12 +0200: Memory Usage (458192K) : activ has 15 polygons
2026-08-03 15:29:12 +0200: Memory Usage (458192K) : activ_pin has 0 polygons
2026-08-03 15:29:12 +0200: Memory Usage (458192K) : activ_mask has 0 polygons
2026-08-03 15:29:12 +0200: Memory Usage (458192K) : activ_nofill has 0 polygons
2026-08-03 15:29:12 +0200: Memory Usage (458192K) : activ_OPC has 0 polygons
2026-08-03 15:29:12 +0200: Memory Usage (458192K) : activ_iOPC has 0 polygons
2026-08-03 15:29:13 +0200: Memory Usage (458320K) : activ_noqrc has 0 polygons
2026-08-03 15:29:13 +0200: Memory Usage (458448K) : biwind_drw has 0 polygons
2026-08-03 15:29:13 +0200: Memory Usage (458576K) : biwind_OPC has 0 polygons
2026-08-03 15:29:13 +0200: Memory Usage (458960K) : gatpoly_drw has 71 polygons
2026-08-03 15:29:13 +0200: Memory Usage (459088K) : gatpoly_filler has 0 polygons
2026-08-03 15:29:13 +0200: Memory Usage (459088K) : gatpoly has 71 polygons
2026-08-03 15:29:13 +0200: Memory Usage (459088K) : gatpoly_pin has 0 polygons
2026-08-03 15:29:13 +0200: Memory Usage (459088K) : gatpoly_nofill has 0 polygons
2026-08-03 15:29:13 +0200: Memory Usage (459216K) : gatpoly_OPC has 0 polygons
2026-08-03 15:29:13 +0200: Memory Usage (459344K) : gatpoly_iOPC has 0 polygons
2026-08-03 15:29:13 +0200: Memory Usage (459472K) : gatpoly_noqrc has 0 polygons
2026-08-03 15:29:13 +0200: Memory Usage (464720K) : cont_drw has 23192 polygons
2026-08-03 15:29:13 +0200: Memory Usage (464720K) : cont_OPC has 0 polygons
2026-08-03 15:29:13 +0200: Memory Usage (464720K) : nsd_drw has 0 polygons
2026-08-03 15:29:13 +0200: Memory Usage (464720K) : nsd_block has 0 polygons
2026-08-03 15:29:13 +0200: Memory Usage (464720K) : metal1_drw has 244 polygons
2026-08-03 15:29:13 +0200: Memory Usage (464720K) : metal1_filler has 0 polygons
2026-08-03 15:29:13 +0200: Memory Usage (464720K) : metal1_slit has 0 polygons
2026-08-03 15:29:13 +0200: Memory Usage (464720K) : metal1 has 244 polygons
2026-08-03 15:29:13 +0200: Memory Usage (464720K) : metal1_pin has 5 polygons
2026-08-03 15:29:13 +0200: Memory Usage (464720K) : metal1_mask has 0 polygons
2026-08-03 15:29:13 +0200: Memory Usage (464720K) : metal1_nofill has 0 polygons
2026-08-03 15:29:13 +0200: Memory Usage (464848K) : metal1_text has 5 polygons
2026-08-03 15:29:13 +0200: Memory Usage (464848K) : metal1_OPC has 0 polygons
2026-08-03 15:29:13 +0200: Memory Usage (464848K) : metal1_noqrc has 0 polygons
2026-08-03 15:29:13 +0200: Memory Usage (464848K) : metal1_res has 0 polygons
2026-08-03 15:29:13 +0200: Memory Usage (464848K) : metal1_iprobe has 0 polygons
2026-08-03 15:29:13 +0200: Memory Usage (464848K) : metal1_diffprb has 0 polygons
2026-08-03 15:29:13 +0200: Memory Usage (464848K) : passiv_drw has 0 polygons
2026-08-03 15:29:13 +0200: Memory Usage (464848K) : passiv_pin has 0 polygons
2026-08-03 15:29:13 +0200: Memory Usage (464848K) : passiv_sbump has 0 polygons
2026-08-03 15:29:13 +0200: Memory Usage (464848K) : passiv_pillar has 0 polygons
2026-08-03 15:29:13 +0200: Memory Usage (464848K) : passiv_pdl has 0 polygons
2026-08-03 15:29:13 +0200: Memory Usage (464848K) : metal2_drw has 32 polygons
2026-08-03 15:29:14 +0200: Memory Usage (464848K) : metal2_filler has 0 polygons
2026-08-03 15:29:14 +0200: Memory Usage (464848K) : metal2_slit has 0 polygons
2026-08-03 15:29:14 +0200: Memory Usage (464848K) : metal2 has 32 polygons
2026-08-03 15:29:14 +0200: Memory Usage (464848K) : metal2_pin has 26 polygons
2026-08-03 15:29:14 +0200: Memory Usage (464848K) : metal2_mask has 0 polygons
2026-08-03 15:29:14 +0200: Memory Usage (464848K) : metal2_nofill has 0 polygons
2026-08-03 15:29:14 +0200: Memory Usage (464848K) : metal2_text has 26 polygons
2026-08-03 15:29:14 +0200: Memory Usage (464848K) : metal2_OPC has 0 polygons
2026-08-03 15:29:14 +0200: Memory Usage (464848K) : metal2_noqrc has 0 polygons
2026-08-03 15:29:14 +0200: Memory Usage (464848K) : metal2_res has 0 polygons
2026-08-03 15:29:14 +0200: Memory Usage (464848K) : metal2_iprobe has 0 polygons
2026-08-03 15:29:14 +0200: Memory Usage (464848K) : metal2_diffprb has 0 polygons
2026-08-03 15:29:14 +0200: Memory Usage (464848K) : baspoly_drw has 0 polygons
2026-08-03 15:29:14 +0200: Memory Usage (464848K) : baspoly_pin has 0 polygons
2026-08-03 15:29:14 +0200: Memory Usage (464848K) : psd_drw has 5 polygons
2026-08-03 15:29:14 +0200: Memory Usage (464848K) : nldb_drw has 0 polygons
2026-08-03 15:29:14 +0200: Memory Usage (464848K) : digibnd_drw has 0 polygons
2026-08-03 15:29:14 +0200: Memory Usage (464848K) : via1_drw has 4146 polygons
2026-08-03 15:29:14 +0200: Memory Usage (464848K) : backmetal1_drw has 0 polygons
2026-08-03 15:29:14 +0200: Memory Usage (464848K) : backmetal1_pin has 0 polygons
2026-08-03 15:29:14 +0200: Memory Usage (464848K) : backmetal1_mask has 0 polygons
2026-08-03 15:29:14 +0200: Memory Usage (464848K) : backmetal1_filler has 0 polygons
2026-08-03 15:29:14 +0200: Memory Usage (464848K) : backmetal1_nofill has 0 polygons
2026-08-03 15:29:14 +0200: Memory Usage (464848K) : backmetal1_slit has 0 polygons
2026-08-03 15:29:14 +0200: Memory Usage (464848K) : backmetal1_text has 0 polygons
2026-08-03 15:29:14 +0200: Memory Usage (464848K) : backmetal1_OPC has 0 polygons
2026-08-03 15:29:14 +0200: Memory Usage (464848K) : backmetal1_noqrc has 0 polygons
2026-08-03 15:29:14 +0200: Memory Usage (464848K) : backmetal1_res has 0 polygons
2026-08-03 15:29:14 +0200: Memory Usage (464848K) : backmetal1_iprobe has 0 polygons
2026-08-03 15:29:14 +0200: Memory Usage (464848K) : backmetal1_diffprb has 0 polygons
2026-08-03 15:29:14 +0200: Memory Usage (464848K) : backpassiv_drw has 0 polygons
2026-08-03 15:29:14 +0200: Memory Usage (464848K) : res_drw has 0 polygons
2026-08-03 15:29:14 +0200: Memory Usage (464848K) : sram_drw has 0 polygons
2026-08-03 15:29:14 +0200: Memory Usage (464848K) : trans_drw has 0 polygons
2026-08-03 15:29:14 +0200: Memory Usage (464848K) : ind_drw has 0 polygons
2026-08-03 15:29:14 +0200: Memory Usage (464848K) : ind_pin has 0 polygons
2026-08-03 15:29:14 +0200: Memory Usage (464848K) : ind_text has 0 polygons
2026-08-03 15:29:14 +0200: Memory Usage (464848K) : salblock_drw has 1 polygons
2026-08-03 15:29:14 +0200: Memory Usage (464848K) : via2_drw has 2614 polygons
2026-08-03 15:29:14 +0200: Memory Usage (464848K) : metal3_drw has 8 polygons
2026-08-03 15:29:14 +0200: Memory Usage (464848K) : metal3_filler has 0 polygons
2026-08-03 15:29:14 +0200: Memory Usage (464848K) : metal3_slit has 0 polygons
2026-08-03 15:29:14 +0200: Memory Usage (464848K) : metal3 has 8 polygons
2026-08-03 15:29:14 +0200: Memory Usage (464848K) : metal3_pin has 8 polygons
2026-08-03 15:29:14 +0200: Memory Usage (464848K) : metal3_mask has 0 polygons
2026-08-03 15:29:14 +0200: Memory Usage (464848K) : metal3_nofill has 0 polygons
2026-08-03 15:29:14 +0200: Memory Usage (464848K) : metal3_text has 8 polygons
2026-08-03 15:29:14 +0200: Memory Usage (464848K) : metal3_OPC has 0 polygons
2026-08-03 15:29:14 +0200: Memory Usage (464848K) : metal3_noqrc has 0 polygons
2026-08-03 15:29:14 +0200: Memory Usage (464848K) : metal3_res has 0 polygons
2026-08-03 15:29:14 +0200: Memory Usage (464848K) : metal3_iprobe has 0 polygons
2026-08-03 15:29:14 +0200: Memory Usage (464848K) : metal3_diffprb has 0 polygons
2026-08-03 15:29:14 +0200: Memory Usage (464848K) : nwell_drw has 4 polygons
2026-08-03 15:29:14 +0200: Memory Usage (464848K) : nwell_pin has 0 polygons
2026-08-03 15:29:14 +0200: Memory Usage (464848K) : nwell_text has 0 polygons
2026-08-03 15:29:14 +0200: Memory Usage (464848K) : nbulay_drw has 0 polygons
2026-08-03 15:29:14 +0200: Memory Usage (464848K) : nbulay_pin has 0 polygons
2026-08-03 15:29:14 +0200: Memory Usage (464848K) : nbulay_block has 0 polygons
2026-08-03 15:29:14 +0200: Memory Usage (464848K) : emwind_drw has 0 polygons
2026-08-03 15:29:14 +0200: Memory Usage (464848K) : emwind_OPC has 0 polygons
2026-08-03 15:29:14 +0200: Memory Usage (464848K) : deepco_drw has 0 polygons
2026-08-03 15:29:14 +0200: Memory Usage (464848K) : mim_drw has 0 polygons
2026-08-03 15:29:14 +0200: Memory Usage (464848K) : edgeseal_drw has 0 polygons
2026-08-03 15:29:14 +0200: Memory Usage (464848K) : substrate_drw has 3 polygons
2026-08-03 15:29:14 +0200: Memory Usage (464848K) : substrate_text has 0 polygons
2026-08-03 15:29:14 +0200: Memory Usage (464848K) : dfpad_drw has 0 polygons
2026-08-03 15:29:15 +0200: Memory Usage (464848K) : dfpad_pillar has 0 polygons
2026-08-03 15:29:15 +0200: Memory Usage (464848K) : dfpad_sbump has 0 polygons
2026-08-03 15:29:15 +0200: Memory Usage (464848K) : thickgateox_drw has 3 polygons
2026-08-03 15:29:15 +0200: Memory Usage (464848K) : pldb_drw has 0 polygons
2026-08-03 15:29:15 +0200: Memory Usage (464848K) : pwell_drw has 0 polygons
2026-08-03 15:29:15 +0200: Memory Usage (464848K) : pwell_pin has 0 polygons
2026-08-03 15:29:15 +0200: Memory Usage (464848K) : pwell_block has 0 polygons
2026-08-03 15:29:15 +0200: Memory Usage (464848K) : ic_drw has 0 polygons
2026-08-03 15:29:15 +0200: Memory Usage (464848K) : via3_drw has 2087 polygons
2026-08-03 15:29:15 +0200: Memory Usage (464848K) : metal4_drw has 8 polygons
2026-08-03 15:29:15 +0200: Memory Usage (464848K) : metal4_filler has 0 polygons
2026-08-03 15:29:15 +0200: Memory Usage (464848K) : metal4_slit has 0 polygons
2026-08-03 15:29:15 +0200: Memory Usage (464848K) : metal4 has 8 polygons
2026-08-03 15:29:15 +0200: Memory Usage (464848K) : metal4_pin has 8 polygons
2026-08-03 15:29:15 +0200: Memory Usage (464848K) : metal4_mask has 0 polygons
2026-08-03 15:29:15 +0200: Memory Usage (464848K) : metal4_nofill has 0 polygons
2026-08-03 15:29:15 +0200: Memory Usage (464848K) : metal4_text has 8 polygons
2026-08-03 15:29:15 +0200: Memory Usage (464848K) : metal4_OPC has 0 polygons
2026-08-03 15:29:15 +0200: Memory Usage (464848K) : metal4_noqrc has 0 polygons
2026-08-03 15:29:15 +0200: Memory Usage (464848K) : metal4_res has 0 polygons
2026-08-03 15:29:15 +0200: Memory Usage (464848K) : metal4_iprobe has 0 polygons
2026-08-03 15:29:15 +0200: Memory Usage (464848K) : metal4_diffprb has 0 polygons
2026-08-03 15:29:15 +0200: Memory Usage (464848K) : heattrans_drw has 0 polygons
2026-08-03 15:29:15 +0200: Memory Usage (464848K) : heatres_drw has 0 polygons
2026-08-03 15:29:15 +0200: Memory Usage (464848K) : fbe_drw has 0 polygons
2026-08-03 15:29:15 +0200: Memory Usage (464848K) : empoly_drw has 0 polygons
2026-08-03 15:29:15 +0200: Memory Usage (464848K) : digisub_drw has 0 polygons
2026-08-03 15:29:15 +0200: Memory Usage (464848K) : text_drw has 30 polygons
2026-08-03 15:29:15 +0200: Memory Usage (464848K) : via4_drw has 2371 polygons
2026-08-03 15:29:15 +0200: Memory Usage (465232K) : metal5_drw has 8 polygons
2026-08-03 15:29:15 +0200: Memory Usage (465232K) : metal5_filler has 0 polygons
2026-08-03 15:29:15 +0200: Memory Usage (465232K) : metal5_slit has 0 polygons
2026-08-03 15:29:15 +0200: Memory Usage (465232K) : metal5 has 8 polygons
2026-08-03 15:29:15 +0200: Memory Usage (465232K) : metal5_pin has 8 polygons
2026-08-03 15:29:15 +0200: Memory Usage (465232K) : metal5_mask has 0 polygons
2026-08-03 15:29:15 +0200: Memory Usage (465232K) : metal5_nofill has 0 polygons
2026-08-03 15:29:15 +0200: Memory Usage (465232K) : metal5_text has 8 polygons
2026-08-03 15:29:15 +0200: Memory Usage (465232K) : metal5_OPC has 0 polygons
2026-08-03 15:29:15 +0200: Memory Usage (465232K) : metal5_noqrc has 0 polygons
2026-08-03 15:29:15 +0200: Memory Usage (465232K) : metal5_res has 0 polygons
2026-08-03 15:29:15 +0200: Memory Usage (465232K) : metal5_iprobe has 0 polygons
2026-08-03 15:29:15 +0200: Memory Usage (465232K) : metal5_diffprb has 0 polygons
2026-08-03 15:29:15 +0200: Memory Usage (465232K) : radhard_drw has 0 polygons
2026-08-03 15:29:15 +0200: Memory Usage (465232K) : memcap_drw has 0 polygons
2026-08-03 15:29:15 +0200: Memory Usage (465232K) : varicap_drw has 0 polygons
2026-08-03 15:29:15 +0200: Memory Usage (465232K) : intbondvia_drw has 0 polygons
2026-08-03 15:29:15 +0200: Memory Usage (465232K) : intbondmet_drw has 0 polygons
2026-08-03 15:29:15 +0200: Memory Usage (465232K) : devbondvia_drw has 0 polygons
2026-08-03 15:29:15 +0200: Memory Usage (465232K) : devbondmet_drw has 0 polygons
2026-08-03 15:29:15 +0200: Memory Usage (465232K) : devtrench_drw has 0 polygons
2026-08-03 15:29:15 +0200: Memory Usage (465232K) : redist_drw has 0 polygons
2026-08-03 15:29:15 +0200: Memory Usage (465232K) : graphbot_drw has 0 polygons
2026-08-03 15:29:15 +0200: Memory Usage (465232K) : graphtop_drw has 0 polygons
2026-08-03 15:29:16 +0200: Memory Usage (465232K) : antvia1_drw has 0 polygons
2026-08-03 15:29:16 +0200: Memory Usage (465232K) : antmetal2_drw has 0 polygons
2026-08-03 15:29:16 +0200: Memory Usage (465232K) : graphcont_drw has 0 polygons
2026-08-03 15:29:16 +0200: Memory Usage (465232K) : siwg_drw has 0 polygons
2026-08-03 15:29:16 +0200: Memory Usage (465232K) : siwg_filler has 0 polygons
2026-08-03 15:29:16 +0200: Memory Usage (465232K) : siwg_nofill has 0 polygons
2026-08-03 15:29:16 +0200: Memory Usage (465232K) : sigrating_drw has 0 polygons
2026-08-03 15:29:16 +0200: Memory Usage (465232K) : singrating_drw has 0 polygons
2026-08-03 15:29:16 +0200: Memory Usage (465232K) : graphpas_drw has 0 polygons
2026-08-03 15:29:16 +0200: Memory Usage (465232K) : emwind3_drw has 0 polygons
2026-08-03 15:29:16 +0200: Memory Usage (465232K) : emwihv3_drw has 0 polygons
2026-08-03 15:29:16 +0200: Memory Usage (465232K) : redbulay_drw has 0 polygons
2026-08-03 15:29:16 +0200: Memory Usage (465232K) : smos_drw has 0 polygons
2026-08-03 15:29:16 +0200: Memory Usage (465232K) : graphpad_drw has 0 polygons
2026-08-03 15:29:16 +0200: Memory Usage (465232K) : polimide_drw has 0 polygons
2026-08-03 15:29:16 +0200: Memory Usage (465232K) : polimide_pin has 0 polygons
2026-08-03 15:29:16 +0200: Memory Usage (465232K) : recog_drw has 0 polygons
2026-08-03 15:29:16 +0200: Memory Usage (465232K) : recog_pin has 0 polygons
2026-08-03 15:29:16 +0200: Memory Usage (465232K) : recog_esd has 0 polygons
2026-08-03 15:29:16 +0200: Memory Usage (465232K) : recog_diode has 1 polygons
2026-08-03 15:29:16 +0200: Memory Usage (465232K) : recog_tsv has 0 polygons
2026-08-03 15:29:16 +0200: Memory Usage (465232K) : recog_iprobe has 0 polygons
2026-08-03 15:29:16 +0200: Memory Usage (465232K) : recog_diffprb has 0 polygons
2026-08-03 15:29:16 +0200: Memory Usage (465232K) : recog_pillar has 0 polygons
2026-08-03 15:29:16 +0200: Memory Usage (465232K) : recog_sbump has 0 polygons
2026-08-03 15:29:16 +0200: Memory Usage (465232K) : recog_otp has 0 polygons
2026-08-03 15:29:16 +0200: Memory Usage (465232K) : recog_pdiode has 0 polygons
2026-08-03 15:29:16 +0200: Memory Usage (465232K) : recog_mom has 0 polygons
2026-08-03 15:29:16 +0200: Memory Usage (465232K) : recog_pcm has 0 polygons
2026-08-03 15:29:16 +0200: Memory Usage (465232K) : colopen_drw has 0 polygons
2026-08-03 15:29:16 +0200: Memory Usage (465232K) : graphmetal1_drw has 0 polygons
2026-08-03 15:29:16 +0200: Memory Usage (465232K) : graphmetal1_filler has 0 polygons
2026-08-03 15:29:16 +0200: Memory Usage (465232K) : graphmetal1_nofill has 0 polygons
2026-08-03 15:29:16 +0200: Memory Usage (465232K) : graphmetal1_slit has 0 polygons
2026-08-03 15:29:16 +0200: Memory Usage (465232K) : graphmetal1_OPC has 0 polygons
2026-08-03 15:29:16 +0200: Memory Usage (465232K) : graphmet1l_drw has 0 polygons
2026-08-03 15:29:16 +0200: Memory Usage (465232K) : graphmet1l_filler has 0 polygons
2026-08-03 15:29:16 +0200: Memory Usage (465232K) : graphmet1l_nofill has 0 polygons
2026-08-03 15:29:16 +0200: Memory Usage (465232K) : graphmet1l_slit has 0 polygons
2026-08-03 15:29:16 +0200: Memory Usage (465232K) : graphmet1l_OPC has 0 polygons
2026-08-03 15:29:16 +0200: Memory Usage (465232K) : extblock_drw has 1 polygons
2026-08-03 15:29:16 +0200: Memory Usage (465232K) : nldd_drw has 0 polygons
2026-08-03 15:29:16 +0200: Memory Usage (465232K) : pldd_drw has 0 polygons
2026-08-03 15:29:16 +0200: Memory Usage (465232K) : next_drw has 0 polygons
2026-08-03 15:29:16 +0200: Memory Usage (465232K) : pext_drw has 0 polygons
2026-08-03 15:29:16 +0200: Memory Usage (465232K) : nexthv_drw has 0 polygons
2026-08-03 15:29:17 +0200: Memory Usage (465232K) : pexthv_drw has 0 polygons
2026-08-03 15:29:17 +0200: Memory Usage (465232K) : graphgate_drw has 0 polygons
2026-08-03 15:29:17 +0200: Memory Usage (465232K) : sinwg_drw has 0 polygons
2026-08-03 15:29:17 +0200: Memory Usage (465232K) : sinwg_filler has 0 polygons
2026-08-03 15:29:17 +0200: Memory Usage (465232K) : sinwg_nofill has 0 polygons
2026-08-03 15:29:17 +0200: Memory Usage (465232K) : mempad_drw has 0 polygons
2026-08-03 15:29:17 +0200: Memory Usage (465232K) : topvia1_drw has 2315 polygons
2026-08-03 15:29:17 +0200: Memory Usage (465232K) : topmetal1_drw has 8 polygons
2026-08-03 15:29:17 +0200: Memory Usage (465232K) : topmetal1_filler has 0 polygons
2026-08-03 15:29:17 +0200: Memory Usage (465232K) : topmetal1_slit has 0 polygons
2026-08-03 15:29:17 +0200: Memory Usage (465232K) : topmetal1 has 8 polygons
2026-08-03 15:29:17 +0200: Memory Usage (465232K) : topmetal1_pin has 8 polygons
2026-08-03 15:29:17 +0200: Memory Usage (465232K) : topmetal1_mask has 0 polygons
2026-08-03 15:29:17 +0200: Memory Usage (465232K) : topmetal1_nofill has 0 polygons
2026-08-03 15:29:17 +0200: Memory Usage (465232K) : topmetal1_text has 8 polygons
2026-08-03 15:29:17 +0200: Memory Usage (465232K) : topmetal1_noqrc has 0 polygons
2026-08-03 15:29:17 +0200: Memory Usage (465232K) : topmetal1_res has 0 polygons
2026-08-03 15:29:17 +0200: Memory Usage (465232K) : topmetal1_iprobe has 0 polygons
2026-08-03 15:29:17 +0200: Memory Usage (465232K) : topmetal1_diffprb has 0 polygons
2026-08-03 15:29:17 +0200: Memory Usage (465232K) : inldpwl_drw has 0 polygons
2026-08-03 15:29:17 +0200: Memory Usage (465232K) : polyres_drw has 0 polygons
2026-08-03 15:29:17 +0200: Memory Usage (465232K) : polyres_pin has 0 polygons
2026-08-03 15:29:17 +0200: Memory Usage (465232K) : vmim_drw has 0 polygons
2026-08-03 15:29:17 +0200: Memory Usage (465232K) : nbulaycut_drw has 0 polygons
2026-08-03 15:29:17 +0200: Memory Usage (465232K) : antmetal1_drw has 0 polygons
2026-08-03 15:29:17 +0200: Memory Usage (465232K) : topvia2_drw has 443 polygons
2026-08-03 15:29:17 +0200: Memory Usage (465232K) : topmetal2_drw has 11 polygons
2026-08-03 15:29:17 +0200: Memory Usage (465232K) : topmetal2_filler has 0 polygons
2026-08-03 15:29:17 +0200: Memory Usage (465232K) : topmetal2_slit has 0 polygons
2026-08-03 15:29:17 +0200: Memory Usage (465232K) : topmetal2 has 11 polygons
2026-08-03 15:29:17 +0200: Memory Usage (465232K) : topmetal2_pin has 12 polygons
2026-08-03 15:29:17 +0200: Memory Usage (465232K) : topmetal2_mask has 0 polygons
2026-08-03 15:29:17 +0200: Memory Usage (465232K) : topmetal2_nofill has 0 polygons
2026-08-03 15:29:17 +0200: Memory Usage (465232K) : topmetal2_text has 12 polygons
2026-08-03 15:29:17 +0200: Memory Usage (465232K) : topmetal2_noqrc has 0 polygons
2026-08-03 15:29:17 +0200: Memory Usage (465232K) : topmetal2_res has 0 polygons
2026-08-03 15:29:17 +0200: Memory Usage (465232K) : topmetal2_iprobe has 0 polygons
2026-08-03 15:29:17 +0200: Memory Usage (465232K) : topmetal2_diffprb has 0 polygons
2026-08-03 15:29:17 +0200: Memory Usage (465232K) : snsring_drw has 0 polygons
2026-08-03 15:29:17 +0200: Memory Usage (465232K) : sensor_drw has 0 polygons
2026-08-03 15:29:17 +0200: Memory Usage (465232K) : snsarms_drw has 0 polygons
2026-08-03 15:29:17 +0200: Memory Usage (465232K) : snscmosvia_drw has 0 polygons
2026-08-03 15:29:17 +0200: Memory Usage (465232K) : colwind_drw has 0 polygons
2026-08-03 15:29:17 +0200: Memory Usage (465232K) : flm_drw has 0 polygons
2026-08-03 15:29:17 +0200: Memory Usage (465232K) : hafniumox_drw has 0 polygons
2026-08-03 15:29:17 +0200: Memory Usage (465232K) : memvia_drw has 0 polygons
2026-08-03 15:29:18 +0200: Memory Usage (465232K) : thinfilmres_drw has 0 polygons
2026-08-03 15:29:18 +0200: Memory Usage (465232K) : rfmem_drw has 0 polygons
2026-08-03 15:29:18 +0200: Memory Usage (465232K) : norcx_drw has 0 polygons
2026-08-03 15:29:18 +0200: Memory Usage (465232K) : norcx_m2m3 has 0 polygons
2026-08-03 15:29:18 +0200: Memory Usage (465232K) : norcx_m2m4 has 0 polygons
2026-08-03 15:29:18 +0200: Memory Usage (465232K) : norcx_m2m5 has 0 polygons
2026-08-03 15:29:18 +0200: Memory Usage (465232K) : norcx_m2tm1 has 0 polygons
2026-08-03 15:29:18 +0200: Memory Usage (465232K) : norcx_m2tm2 has 0 polygons
2026-08-03 15:29:18 +0200: Memory Usage (465232K) : norcx_m3m4 has 0 polygons
2026-08-03 15:29:18 +0200: Memory Usage (465232K) : norcx_m3m5 has 0 polygons
2026-08-03 15:29:18 +0200: Memory Usage (465232K) : norcx_m3tm1 has 0 polygons
2026-08-03 15:29:18 +0200: Memory Usage (465232K) : norcx_m3tm2 has 0 polygons
2026-08-03 15:29:18 +0200: Memory Usage (465232K) : norcx_m4m5 has 0 polygons
2026-08-03 15:29:18 +0200: Memory Usage (465232K) : norcx_m4tm1 has 0 polygons
2026-08-03 15:29:18 +0200: Memory Usage (465232K) : norcx_m4tm2 has 0 polygons
2026-08-03 15:29:18 +0200: Memory Usage (465232K) : norcx_m5tm1 has 0 polygons
2026-08-03 15:29:18 +0200: Memory Usage (465232K) : norcx_m5tm2 has 0 polygons
2026-08-03 15:29:18 +0200: Memory Usage (465232K) : norcx_tm1tm2 has 0 polygons
2026-08-03 15:29:18 +0200: Memory Usage (465232K) : norcx_m1sub has 0 polygons
2026-08-03 15:29:18 +0200: Memory Usage (465232K) : norcx_m2sub has 0 polygons
2026-08-03 15:29:18 +0200: Memory Usage (465232K) : norcx_m3sub has 0 polygons
2026-08-03 15:29:18 +0200: Memory Usage (465232K) : norcx_m4sub has 0 polygons
2026-08-03 15:29:18 +0200: Memory Usage (465232K) : norcx_m5sub has 0 polygons
2026-08-03 15:29:18 +0200: Memory Usage (465232K) : norcx_tm1sub has 0 polygons
2026-08-03 15:29:18 +0200: Memory Usage (465232K) : norcx_tm2sub has 0 polygons
ERROR: In /foss/pdks/ihp-sg13cmos5l/libs.tech/klayout/tech/lvs/sg13cmos5l.lvs: CMOS5L forbidden layers detected: Via4 (66/0): 2371 polygons; Metal5 (67/0): 8 polygons; TopVia2 (133/0): 443 polygons; TopMetal2 (134/0): 11 polygons
ERROR: RuntimeError: CMOS5L forbidden layers detected: Via4 (66/0): 2371 polygons; Metal5 (67/0): 8 polygons; TopVia2 (133/0): 443 polygons; TopMetal2 (134/0): 11 polygons in Executable::execute
  /foss/pdks/ihp-sg13cmos5l/libs.tech/klayout/tech/lvs/rule_decks/cmos5l_forbidden_check.lvs:92:in `execute'
  :/built-in-macros/lvs_interpreters.lym:31:in `instance_eval'
  :/built-in-macros/lvs_interpreters.lym:31:in `execute'
2026-08-03 15:29:18 +0200: Memory Usage (465232K) : snsbotvia_drw has 0 polygons
2026-08-03 15:29:18 +0200: Memory Usage (465232K) : snstopvia_drw has 0 polygons
2026-08-03 15:29:18 +0200: Memory Usage (465232K) : deepvia_drw has 0 polygons
2026-08-03 15:29:18 +0200: Memory Usage (465232K) : fgetch_drw has 0 polygons
2026-08-03 15:29:18 +0200: Memory Usage (465232K) : ctrgat_drw has 0 polygons
2026-08-03 15:29:18 +0200: Memory Usage (465232K) : fgimp_drw has 0 polygons
2026-08-03 15:29:18 +0200: Memory Usage (465232K) : emwihv_drw has 0 polygons
2026-08-03 15:29:18 +0200: Memory Usage (465232K) : lbe_drw has 0 polygons
2026-08-03 15:29:18 +0200: Memory Usage (465232K) : alcustop_drw has 0 polygons
2026-08-03 15:29:18 +0200: Memory Usage (465232K) : nometfiller_drw has 0 polygons
2026-08-03 15:29:18 +0200: Memory Usage (465232K) : prboundary_drw has 0 polygons
2026-08-03 15:29:18 +0200: Memory Usage (465232K) : exchange0_drw has 0 polygons
2026-08-03 15:29:18 +0200: Memory Usage (465232K) : exchange0_pin has 0 polygons
2026-08-03 15:29:18 +0200: Memory Usage (465232K) : exchange0_text has 0 polygons
2026-08-03 15:29:18 +0200: Memory Usage (465232K) : exchange1_drw has 0 polygons
2026-08-03 15:29:18 +0200: Memory Usage (465232K) : exchange1_pin has 0 polygons
2026-08-03 15:29:18 +0200: Memory Usage (465232K) : exchange1_text has 0 polygons
2026-08-03 15:29:18 +0200: Memory Usage (465232K) : exchange2_drw has 0 polygons
2026-08-03 15:29:18 +0200: Memory Usage (465232K) : exchange2_pin has 0 polygons
2026-08-03 15:29:18 +0200: Memory Usage (465232K) : exchange2_text has 0 polygons
2026-08-03 15:29:18 +0200: Memory Usage (465232K) : exchange3_drw has 0 polygons
2026-08-03 15:29:18 +0200: Memory Usage (465232K) : exchange3_pin has 0 polygons
2026-08-03 15:29:18 +0200: Memory Usage (465232K) : exchange3_text has 0 polygons
2026-08-03 15:29:18 +0200: Memory Usage (465232K) : exchange4_drw has 0 polygons
2026-08-03 15:29:18 +0200: Memory Usage (465232K) : exchange4_pin has 0 polygons
2026-08-03 15:29:18 +0200: Memory Usage (465232K) : exchange4_text has 0 polygons
2026-08-03 15:29:18 +0200: Memory Usage (465232K) : isonwell_drw has 0 polygons
2026-08-03 15:29:18 +0200: Memory Usage (465232K) : Total no. of polygons in the design is 37771
2026-08-03 15:29:18 +0200: Memory Usage (465232K) : Starting CMOS5L Forbidden Layer Check
2026-08-03 15:29:19 +0200: Memory Usage (465232K) : CMOS5L FORBIDDEN: Via4 (66/0) has 2371 polygons - this layer is prohibited!
2026-08-03 15:29:19 +0200: Memory Usage (465232K) : CMOS5L FORBIDDEN: Metal5 (67/0) has 8 polygons - this layer is prohibited!
2026-08-03 15:29:19 +0200: Memory Usage (465232K) : CMOS5L FORBIDDEN: TopVia2 (133/0) has 443 polygons - this layer is prohibited!
2026-08-03 15:29:19 +0200: Memory Usage (465232K) : CMOS5L FORBIDDEN: TopMetal2 (134/0) has 11 polygons - this layer is prohibited!
2026-08-03 15:29:19 +0200: Memory Usage (465232K) : ======================================================================
2026-08-03 15:29:19 +0200: Memory Usage (465232K) : CMOS5L FORBIDDEN LAYER CHECK: FAILED
2026-08-03 15:29:19 +0200: Memory Usage (465232K) : The following forbidden layers were found in the design:
2026-08-03 15:29:19 +0200: Memory Usage (465232K) :   - Via4 (66/0): 2371 polygons
2026-08-03 15:29:19 +0200: Memory Usage (465232K) :   - Metal5 (67/0): 8 polygons
2026-08-03 15:29:19 +0200: Memory Usage (465232K) :   - TopVia2 (133/0): 443 polygons
2026-08-03 15:29:19 +0200: Memory Usage (465232K) :   - TopMetal2 (134/0): 11 polygons
2026-08-03 15:29:19 +0200: Memory Usage (465232K) : 
2026-08-03 15:29:19 +0200: Memory Usage (465232K) : These layers are prohibited in CMOS5L designs per Section 3.2
2026-08-03 15:29:19 +0200: Memory Usage (465232K) : of SG13CMOS5L_os_layout_rules.pdf
2026-08-03 15:29:19 +0200: Memory Usage (465232K) : ======================================================================
03-Aug-2026 15:29:20 | ERROR   | KLayout run failed with exit code 1.
03-Aug-2026 15:29:20 | ERROR   | KLayout stderr: ERROR: In /foss/pdks/ihp-sg13cmos5l/libs.tech/klayout/tech/lvs/sg13cmos5l.lvs: CMOS5L forbidden layers detected: Via4 (66/0): 2371 polygons; Metal5 (67/0): 8 polygons; TopVia2 (133/0): 443 polygons; TopMetal2 (134/0): 11 polygons
03-Aug-2026 15:29:20 | ERROR   | KLayout stderr: ERROR: RuntimeError: CMOS5L forbidden layers detected: Via4 (66/0): 2371 polygons; Metal5 (67/0): 8 polygons; TopVia2 (133/0): 443 polygons; TopMetal2 (134/0): 11 polygons in Executable::execute
03-Aug-2026 15:29:20 | INFO    | ==============================================================================
03-Aug-2026 15:29:20 | INFO    | Important Summary
03-Aug-2026 15:29:20 | INFO    | +------------------+----------------------------------------------------------------------------------------+
03-Aug-2026 15:29:20 | INFO    | | Status           | FAIL                                                                                   |
03-Aug-2026 15:29:20 | INFO    | | Mode             | COMPARE                                                                                |
03-Aug-2026 15:29:20 | INFO    | | Outcome          | Comparison mode: completed (no match/mismatch verdict found).                          |
03-Aug-2026 15:29:20 | INFO    | | Layout           | sg13g2_IOPadVdd.gds                                                                    |
03-Aug-2026 15:29:20 | INFO    | | Top Cell         | sg13g2_IOPadVdd                                                                        |
03-Aug-2026 15:29:20 | INFO    | | Results Dir      | /foss/designs/ihp-open-pdk-regression/IOPADS/lvs_sweep/20260803_152855/sg13g2_IOPadVdd |
03-Aug-2026 15:29:20 | INFO    | | Warnings         | 0                                                                                      |
03-Aug-2026 15:29:20 | INFO    | | Errors           | 3                                                                                      |
03-Aug-2026 15:29:20 | INFO    | | Run Time (s)     | 23.763                                                                                 |
03-Aug-2026 15:29:20 | INFO    | +------------------+----------------------------------------------------------------------------------------+
03-Aug-2026 15:29:20 | ERROR   | Key errors:
03-Aug-2026 15:29:20 | ERROR   |   - KLayout run failed with exit code 1.
03-Aug-2026 15:29:20 | ERROR   |   - KLayout stderr: ERROR: In /foss/pdks/ihp-sg13cmos5l/libs.tech/klayout/tech/lvs/sg13cmos5l.lvs: CMOS5L forbidden layers detected: Via4 (66/0): 2371 polygons; Metal5 (67/0): 8 polygons; TopVia2 (133/0): 443 polygons; TopMetal2 (134/0): 11 polygons
03-Aug-2026 15:29:20 | ERROR   |   - KLayout stderr: ERROR: RuntimeError: CMOS5L forbidden layers detected: Via4 (66/0): 2371 polygons; Metal5 (67/0): 8 polygons; TopVia2 (133/0): 443 polygons; TopMetal2 (134/0): 11 polygons in Executable::execute
03-Aug-2026 15:29:20 | INFO    | ==============================================================================
