# Logfile created on 2026-08-03 14:20:54 +0200 by logger.rb/v1.5.3
2026-08-03 14:20:54 +0200: Memory Usage (455868K) : Starting running SG13G2 Klayout LVS runset on /foss/designs/ihp-open-pdk-regression/IOPADS/layout/sg13g2_IOPadOut30mA.gds
2026-08-03 14:20:54 +0200: Memory Usage (455868K) : Ruby Version for klayout: 3.2.3
2026-08-03 14:20:54 +0200: Memory Usage (457404K) : Loading database to memory is complete.
2026-08-03 14:20:54 +0200: Memory Usage (457404K) : SG13G2 Klayout LVS runset output at: /foss/designs/ihp-open-pdk-regression/IOPADS/lvs_sweep/20260803_141940/sg13g2_IOPadOut30mA/sg13g2_IOPadOut30mA.lvsdb
2026-08-03 14:20:54 +0200: Memory Usage (457404K) : Evaluate switches.
2026-08-03 14:20:54 +0200: Memory Usage (457404K) : Extracted netlist with net names: true
2026-08-03 14:20:54 +0200: Memory Usage (457404K) : Extracted netlist with comments in details: false
2026-08-03 14:20:54 +0200: Memory Usage (457404K) : Selected NET_ONLY option: false
2026-08-03 14:20:54 +0200: Memory Usage (457404K) : Selected LAYOUT_NETLIST option: (none)
2026-08-03 14:20:54 +0200: Memory Usage (457404K) : Selected IGNORE_TOP_PORTS_MISMATCH option: 
2026-08-03 14:20:54 +0200: Memory Usage (457404K) : Selected IMPLICIT_NETS option: (none)
2026-08-03 14:20:54 +0200: Memory Usage (457404K) : Selected TOP_LVL_PINS option: false
2026-08-03 14:20:54 +0200: Memory Usage (457404K) : Selected COMBINE DEVICES option: false
2026-08-03 14:20:54 +0200: Memory Usage (457404K) : Selected PURGE option: false
2026-08-03 14:20:54 +0200: Memory Usage (457404K) : Selected PURGE_NETS option: false
2026-08-03 14:20:54 +0200: Memory Usage (457404K) : Selected SIMPLIFY option: true
2026-08-03 14:20:54 +0200: Memory Usage (457404K) : Selected SERIES_RES option: true
2026-08-03 14:20:54 +0200: Memory Usage (457404K) : Selected PARALLEL_RES option: true
2026-08-03 14:20:54 +0200: Memory Usage (457404K) : Selected DISABLE_TAP_EXTRACTION option: false
2026-08-03 14:20:54 +0200: Memory Usage (457404K) : deep  mode is enabled.
2026-08-03 14:20:54 +0200: Memory Usage (457660K) : Netlist file: /foss/designs/ihp-open-pdk-regression/IOPADS/netlist/pads/sg13g2_IOPadOut30mA.spi
2026-08-03 14:20:54 +0200: Memory Usage (457660K) : LVS extracted netlist at: /foss/designs/ihp-open-pdk-regression/IOPADS/lvs_sweep/20260803_141940/sg13g2_IOPadOut30mA/sg13g2_IOPadOut30mA_extracted.cir
2026-08-03 14:20:54 +0200: Memory Usage (457660K) : Applying SRAM integration support.
2026-08-03 14:20:54 +0200: Memory Usage (457660K) : Starting SG13G2 LVS runset
2026-08-03 14:20:54 +0200: Memory Usage (457660K) : Read in polygons from layers.
2026-08-03 14:20:54 +0200: Memory Usage (458940K) : activ_drw has 77 polygons
2026-08-03 14:20:54 +0200: Memory Usage (458940K) : activ_filler has 0 polygons
2026-08-03 14:20:54 +0200: Memory Usage (459196K) : activ has 77 polygons
2026-08-03 14:20:54 +0200: Memory Usage (459196K) : activ_pin has 0 polygons
2026-08-03 14:20:54 +0200: Memory Usage (459196K) : activ_mask has 0 polygons
2026-08-03 14:20:54 +0200: Memory Usage (459196K) : activ_nofill has 0 polygons
2026-08-03 14:20:54 +0200: Memory Usage (459196K) : activ_OPC has 0 polygons
2026-08-03 14:20:54 +0200: Memory Usage (459196K) : activ_iOPC has 0 polygons
2026-08-03 14:20:54 +0200: Memory Usage (459196K) : activ_noqrc has 0 polygons
2026-08-03 14:20:54 +0200: Memory Usage (459196K) : biwind_drw has 0 polygons
2026-08-03 14:20:54 +0200: Memory Usage (459324K) : biwind_OPC has 0 polygons
2026-08-03 14:20:54 +0200: Memory Usage (459324K) : gatpoly_drw has 54 polygons
2026-08-03 14:20:54 +0200: Memory Usage (459452K) : gatpoly_filler has 0 polygons
2026-08-03 14:20:54 +0200: Memory Usage (459452K) : gatpoly has 54 polygons
2026-08-03 14:20:54 +0200: Memory Usage (459580K) : gatpoly_pin has 0 polygons
2026-08-03 14:20:54 +0200: Memory Usage (459580K) : gatpoly_nofill has 0 polygons
2026-08-03 14:20:54 +0200: Memory Usage (459964K) : gatpoly_OPC has 0 polygons
2026-08-03 14:20:54 +0200: Memory Usage (459964K) : gatpoly_iOPC has 0 polygons
2026-08-03 14:20:54 +0200: Memory Usage (459964K) : gatpoly_noqrc has 0 polygons
2026-08-03 14:20:54 +0200: Memory Usage (461372K) : cont_drw has 46536 polygons
2026-08-03 14:20:54 +0200: Memory Usage (461372K) : cont_OPC has 0 polygons
2026-08-03 14:20:54 +0200: Memory Usage (461372K) : nsd_drw has 0 polygons
2026-08-03 14:20:54 +0200: Memory Usage (461500K) : nsd_block has 0 polygons
2026-08-03 14:20:54 +0200: Memory Usage (461500K) : metal1_drw has 322 polygons
2026-08-03 14:20:54 +0200: Memory Usage (461500K) : metal1_filler has 0 polygons
2026-08-03 14:20:54 +0200: Memory Usage (461500K) : metal1_slit has 0 polygons
2026-08-03 14:20:54 +0200: Memory Usage (461756K) : metal1 has 322 polygons
2026-08-03 14:20:54 +0200: Memory Usage (461884K) : metal1_pin has 26 polygons
2026-08-03 14:20:54 +0200: Memory Usage (461884K) : metal1_mask has 0 polygons
2026-08-03 14:20:54 +0200: Memory Usage (461884K) : metal1_nofill has 0 polygons
2026-08-03 14:20:54 +0200: Memory Usage (462140K) : metal1_text has 26 polygons
2026-08-03 14:20:54 +0200: Memory Usage (462140K) : metal1_OPC has 0 polygons
2026-08-03 14:20:54 +0200: Memory Usage (462140K) : metal1_noqrc has 0 polygons
2026-08-03 14:20:54 +0200: Memory Usage (462140K) : metal1_res has 0 polygons
2026-08-03 14:20:54 +0200: Memory Usage (462140K) : metal1_iprobe has 0 polygons
2026-08-03 14:20:54 +0200: Memory Usage (462268K) : metal1_diffprb has 0 polygons
2026-08-03 14:20:54 +0200: Memory Usage (462268K) : passiv_drw has 0 polygons
2026-08-03 14:20:54 +0200: Memory Usage (462396K) : passiv_pin has 0 polygons
2026-08-03 14:20:54 +0200: Memory Usage (462396K) : passiv_sbump has 0 polygons
2026-08-03 14:20:54 +0200: Memory Usage (462524K) : passiv_pillar has 0 polygons
2026-08-03 14:20:54 +0200: Memory Usage (462524K) : passiv_pdl has 0 polygons
2026-08-03 14:20:54 +0200: Memory Usage (462652K) : metal2_drw has 95 polygons
2026-08-03 14:20:54 +0200: Memory Usage (462652K) : metal2_filler has 0 polygons
2026-08-03 14:20:54 +0200: Memory Usage (462780K) : metal2_slit has 0 polygons
2026-08-03 14:20:54 +0200: Memory Usage (462908K) : metal2 has 95 polygons
2026-08-03 14:20:54 +0200: Memory Usage (462908K) : metal2_pin has 28 polygons
2026-08-03 14:20:54 +0200: Memory Usage (463036K) : metal2_mask has 0 polygons
2026-08-03 14:20:54 +0200: Memory Usage (463036K) : metal2_nofill has 0 polygons
2026-08-03 14:20:54 +0200: Memory Usage (463164K) : metal2_text has 27 polygons
2026-08-03 14:20:54 +0200: Memory Usage (463164K) : metal2_OPC has 0 polygons
2026-08-03 14:20:54 +0200: Memory Usage (463292K) : metal2_noqrc has 0 polygons
2026-08-03 14:20:54 +0200: Memory Usage (463292K) : metal2_res has 0 polygons
2026-08-03 14:20:54 +0200: Memory Usage (463420K) : metal2_iprobe has 0 polygons
2026-08-03 14:20:54 +0200: Memory Usage (463548K) : metal2_diffprb has 0 polygons
2026-08-03 14:20:54 +0200: Memory Usage (463548K) : baspoly_drw has 0 polygons
2026-08-03 14:20:54 +0200: Memory Usage (463676K) : baspoly_pin has 0 polygons
2026-08-03 14:20:54 +0200: Memory Usage (463676K) : psd_drw has 30 polygons
2026-08-03 14:20:54 +0200: Memory Usage (463804K) : nldb_drw has 0 polygons
2026-08-03 14:20:54 +0200: Memory Usage (463804K) : digibnd_drw has 0 polygons
2026-08-03 14:20:54 +0200: Memory Usage (463932K) : via1_drw has 1834 polygons
2026-08-03 14:20:54 +0200: Memory Usage (464060K) : backmetal1_drw has 0 polygons
2026-08-03 14:20:54 +0200: Memory Usage (464060K) : backmetal1_pin has 0 polygons
2026-08-03 14:20:54 +0200: Memory Usage (464188K) : backmetal1_mask has 0 polygons
2026-08-03 14:20:54 +0200: Memory Usage (464188K) : backmetal1_filler has 0 polygons
2026-08-03 14:20:54 +0200: Memory Usage (464316K) : backmetal1_nofill has 0 polygons
2026-08-03 14:20:54 +0200: Memory Usage (464316K) : backmetal1_slit has 0 polygons
2026-08-03 14:20:54 +0200: Memory Usage (464444K) : backmetal1_text has 0 polygons
2026-08-03 14:20:54 +0200: Memory Usage (464444K) : backmetal1_OPC has 0 polygons
2026-08-03 14:20:54 +0200: Memory Usage (464572K) : backmetal1_noqrc has 0 polygons
2026-08-03 14:20:54 +0200: Memory Usage (464700K) : backmetal1_res has 0 polygons
2026-08-03 14:20:54 +0200: Memory Usage (464700K) : backmetal1_iprobe has 0 polygons
2026-08-03 14:20:54 +0200: Memory Usage (464828K) : backmetal1_diffprb has 0 polygons
2026-08-03 14:20:54 +0200: Memory Usage (464828K) : backpassiv_drw has 0 polygons
2026-08-03 14:20:54 +0200: Memory Usage (464956K) : res_drw has 0 polygons
2026-08-03 14:20:54 +0200: Memory Usage (464956K) : sram_drw has 0 polygons
2026-08-03 14:20:54 +0200: Memory Usage (465084K) : trans_drw has 0 polygons
2026-08-03 14:20:54 +0200: Memory Usage (465084K) : ind_drw has 0 polygons
2026-08-03 14:20:54 +0200: Memory Usage (465212K) : ind_pin has 0 polygons
2026-08-03 14:20:54 +0200: Memory Usage (465212K) : ind_text has 0 polygons
2026-08-03 14:20:54 +0200: Memory Usage (465340K) : salblock_drw has 0 polygons
2026-08-03 14:20:54 +0200: Memory Usage (465340K) : via2_drw has 1661 polygons
2026-08-03 14:20:54 +0200: Memory Usage (465468K) : metal3_drw has 25 polygons
2026-08-03 14:20:54 +0200: Memory Usage (465596K) : metal3_filler has 0 polygons
2026-08-03 14:20:54 +0200: Memory Usage (465596K) : metal3_slit has 0 polygons
2026-08-03 14:20:54 +0200: Memory Usage (465724K) : metal3 has 25 polygons
2026-08-03 14:20:54 +0200: Memory Usage (465852K) : metal3_pin has 9 polygons
2026-08-03 14:20:54 +0200: Memory Usage (465852K) : metal3_mask has 0 polygons
2026-08-03 14:20:54 +0200: Memory Usage (465852K) : metal3_nofill has 0 polygons
2026-08-03 14:20:54 +0200: Memory Usage (465852K) : metal3_text has 9 polygons
2026-08-03 14:20:54 +0200: Memory Usage (465852K) : metal3_OPC has 0 polygons
2026-08-03 14:20:54 +0200: Memory Usage (465852K) : metal3_noqrc has 0 polygons
2026-08-03 14:20:54 +0200: Memory Usage (465852K) : metal3_res has 0 polygons
2026-08-03 14:20:54 +0200: Memory Usage (465852K) : metal3_iprobe has 0 polygons
2026-08-03 14:20:54 +0200: Memory Usage (465852K) : metal3_diffprb has 0 polygons
2026-08-03 14:20:54 +0200: Memory Usage (465852K) : nwell_drw has 21 polygons
2026-08-03 14:20:54 +0200: Memory Usage (465852K) : nwell_pin has 0 polygons
2026-08-03 14:20:54 +0200: Memory Usage (465852K) : nwell_text has 0 polygons
2026-08-03 14:20:54 +0200: Memory Usage (465852K) : nbulay_drw has 0 polygons
2026-08-03 14:20:54 +0200: Memory Usage (465852K) : nbulay_pin has 0 polygons
2026-08-03 14:20:54 +0200: Memory Usage (465852K) : nbulay_block has 0 polygons
2026-08-03 14:20:54 +0200: Memory Usage (465852K) : emwind_drw has 0 polygons
2026-08-03 14:20:54 +0200: Memory Usage (465852K) : emwind_OPC has 0 polygons
2026-08-03 14:20:54 +0200: Memory Usage (465852K) : deepco_drw has 0 polygons
2026-08-03 14:20:54 +0200: Memory Usage (465852K) : mim_drw has 0 polygons
2026-08-03 14:20:54 +0200: Memory Usage (465852K) : edgeseal_drw has 0 polygons
2026-08-03 14:20:54 +0200: Memory Usage (465852K) : substrate_drw has 22 polygons
2026-08-03 14:20:54 +0200: Memory Usage (465852K) : substrate_text has 0 polygons
2026-08-03 14:20:54 +0200: Memory Usage (465852K) : dfpad_drw has 0 polygons
2026-08-03 14:20:54 +0200: Memory Usage (465852K) : dfpad_pillar has 0 polygons
2026-08-03 14:20:54 +0200: Memory Usage (465852K) : dfpad_sbump has 0 polygons
2026-08-03 14:20:54 +0200: Memory Usage (465852K) : thickgateox_drw has 4 polygons
2026-08-03 14:20:54 +0200: Memory Usage (465852K) : pldb_drw has 0 polygons
2026-08-03 14:20:54 +0200: Memory Usage (465852K) : pwell_drw has 0 polygons
2026-08-03 14:20:54 +0200: Memory Usage (465852K) : pwell_pin has 0 polygons
2026-08-03 14:20:54 +0200: Memory Usage (465852K) : pwell_block has 0 polygons
2026-08-03 14:20:54 +0200: Memory Usage (465852K) : ic_drw has 0 polygons
2026-08-03 14:20:54 +0200: Memory Usage (465852K) : via3_drw has 2087 polygons
2026-08-03 14:20:54 +0200: Memory Usage (465852K) : metal4_drw has 8 polygons
2026-08-03 14:20:54 +0200: Memory Usage (465852K) : metal4_filler has 0 polygons
2026-08-03 14:20:54 +0200: Memory Usage (465852K) : metal4_slit has 0 polygons
2026-08-03 14:20:54 +0200: Memory Usage (465852K) : metal4 has 8 polygons
2026-08-03 14:20:54 +0200: Memory Usage (465852K) : metal4_pin has 8 polygons
2026-08-03 14:20:54 +0200: Memory Usage (465852K) : metal4_mask has 0 polygons
2026-08-03 14:20:54 +0200: Memory Usage (465852K) : metal4_nofill has 0 polygons
2026-08-03 14:20:54 +0200: Memory Usage (465852K) : metal4_text has 8 polygons
2026-08-03 14:20:54 +0200: Memory Usage (465852K) : metal4_OPC has 0 polygons
2026-08-03 14:20:54 +0200: Memory Usage (465852K) : metal4_noqrc has 0 polygons
2026-08-03 14:20:54 +0200: Memory Usage (465852K) : metal4_res has 0 polygons
2026-08-03 14:20:54 +0200: Memory Usage (465852K) : metal4_iprobe has 0 polygons
2026-08-03 14:20:54 +0200: Memory Usage (465852K) : metal4_diffprb has 0 polygons
2026-08-03 14:20:54 +0200: Memory Usage (465852K) : heattrans_drw has 0 polygons
2026-08-03 14:20:54 +0200: Memory Usage (465852K) : heatres_drw has 0 polygons
2026-08-03 14:20:54 +0200: Memory Usage (465852K) : fbe_drw has 0 polygons
2026-08-03 14:20:54 +0200: Memory Usage (465852K) : empoly_drw has 0 polygons
2026-08-03 14:20:54 +0200: Memory Usage (465852K) : digisub_drw has 0 polygons
2026-08-03 14:20:54 +0200: Memory Usage (465852K) : text_drw has 14 polygons
2026-08-03 14:20:54 +0200: Memory Usage (465852K) : via4_drw has 2371 polygons
2026-08-03 14:20:54 +0200: Memory Usage (465852K) : metal5_drw has 8 polygons
2026-08-03 14:20:55 +0200: Memory Usage (465852K) : metal5_filler has 0 polygons
2026-08-03 14:20:55 +0200: Memory Usage (465852K) : metal5_slit has 0 polygons
2026-08-03 14:20:55 +0200: Memory Usage (465852K) : metal5 has 8 polygons
2026-08-03 14:20:55 +0200: Memory Usage (465852K) : metal5_pin has 8 polygons
2026-08-03 14:20:55 +0200: Memory Usage (465852K) : metal5_mask has 0 polygons
2026-08-03 14:20:55 +0200: Memory Usage (465852K) : metal5_nofill has 0 polygons
2026-08-03 14:20:55 +0200: Memory Usage (465852K) : metal5_text has 8 polygons
2026-08-03 14:20:55 +0200: Memory Usage (465852K) : metal5_OPC has 0 polygons
2026-08-03 14:20:55 +0200: Memory Usage (465852K) : metal5_noqrc has 0 polygons
2026-08-03 14:20:55 +0200: Memory Usage (465852K) : metal5_res has 0 polygons
2026-08-03 14:20:55 +0200: Memory Usage (465852K) : metal5_iprobe has 0 polygons
2026-08-03 14:20:55 +0200: Memory Usage (465852K) : metal5_diffprb has 0 polygons
2026-08-03 14:20:55 +0200: Memory Usage (465852K) : radhard_drw has 0 polygons
2026-08-03 14:20:55 +0200: Memory Usage (465852K) : memcap_drw has 0 polygons
2026-08-03 14:20:55 +0200: Memory Usage (465852K) : varicap_drw has 0 polygons
2026-08-03 14:20:55 +0200: Memory Usage (465852K) : intbondvia_drw has 0 polygons
2026-08-03 14:20:55 +0200: Memory Usage (465852K) : intbondmet_drw has 0 polygons
2026-08-03 14:20:55 +0200: Memory Usage (465852K) : devbondvia_drw has 0 polygons
2026-08-03 14:20:55 +0200: Memory Usage (465852K) : devbondmet_drw has 0 polygons
2026-08-03 14:20:55 +0200: Memory Usage (465852K) : devtrench_drw has 0 polygons
2026-08-03 14:20:55 +0200: Memory Usage (465852K) : redist_drw has 0 polygons
2026-08-03 14:20:55 +0200: Memory Usage (465852K) : graphbot_drw has 0 polygons
2026-08-03 14:20:55 +0200: Memory Usage (465852K) : graphtop_drw has 0 polygons
2026-08-03 14:20:55 +0200: Memory Usage (465852K) : antvia1_drw has 0 polygons
2026-08-03 14:20:55 +0200: Memory Usage (465852K) : antmetal2_drw has 0 polygons
2026-08-03 14:20:55 +0200: Memory Usage (465852K) : graphcont_drw has 0 polygons
2026-08-03 14:20:55 +0200: Memory Usage (465852K) : siwg_drw has 0 polygons
2026-08-03 14:20:55 +0200: Memory Usage (465852K) : siwg_filler has 0 polygons
2026-08-03 14:20:55 +0200: Memory Usage (465852K) : siwg_nofill has 0 polygons
2026-08-03 14:20:55 +0200: Memory Usage (465852K) : sigrating_drw has 0 polygons
2026-08-03 14:20:55 +0200: Memory Usage (465852K) : singrating_drw has 0 polygons
2026-08-03 14:20:55 +0200: Memory Usage (465852K) : graphpas_drw has 0 polygons
2026-08-03 14:20:55 +0200: Memory Usage (465852K) : emwind3_drw has 0 polygons
2026-08-03 14:20:55 +0200: Memory Usage (465852K) : emwihv3_drw has 0 polygons
2026-08-03 14:20:55 +0200: Memory Usage (465852K) : redbulay_drw has 0 polygons
2026-08-03 14:20:55 +0200: Memory Usage (465852K) : smos_drw has 0 polygons
2026-08-03 14:20:55 +0200: Memory Usage (465852K) : graphpad_drw has 0 polygons
2026-08-03 14:20:55 +0200: Memory Usage (465852K) : polimide_drw has 0 polygons
2026-08-03 14:20:55 +0200: Memory Usage (465852K) : polimide_pin has 0 polygons
2026-08-03 14:20:55 +0200: Memory Usage (465852K) : recog_drw has 0 polygons
2026-08-03 14:20:55 +0200: Memory Usage (465852K) : recog_pin has 0 polygons
2026-08-03 14:20:55 +0200: Memory Usage (465852K) : recog_esd has 0 polygons
2026-08-03 14:20:55 +0200: Memory Usage (465852K) : recog_diode has 7 polygons
2026-08-03 14:20:55 +0200: Memory Usage (465852K) : recog_tsv has 0 polygons
2026-08-03 14:20:55 +0200: Memory Usage (465852K) : recog_iprobe has 0 polygons
2026-08-03 14:20:55 +0200: Memory Usage (465852K) : recog_diffprb has 0 polygons
2026-08-03 14:20:55 +0200: Memory Usage (465852K) : recog_pillar has 0 polygons
2026-08-03 14:20:55 +0200: Memory Usage (465852K) : recog_sbump has 0 polygons
2026-08-03 14:20:55 +0200: Memory Usage (465852K) : recog_otp has 0 polygons
2026-08-03 14:20:55 +0200: Memory Usage (465852K) : recog_pdiode has 0 polygons
2026-08-03 14:20:55 +0200: Memory Usage (465852K) : recog_mom has 0 polygons
2026-08-03 14:20:55 +0200: Memory Usage (465852K) : recog_pcm has 0 polygons
2026-08-03 14:20:55 +0200: Memory Usage (465852K) : colopen_drw has 0 polygons
2026-08-03 14:20:55 +0200: Memory Usage (465852K) : graphmetal1_drw has 0 polygons
2026-08-03 14:20:55 +0200: Memory Usage (465852K) : graphmetal1_filler has 0 polygons
2026-08-03 14:20:55 +0200: Memory Usage (465852K) : graphmetal1_nofill has 0 polygons
2026-08-03 14:20:55 +0200: Memory Usage (465852K) : graphmetal1_slit has 0 polygons
2026-08-03 14:20:55 +0200: Memory Usage (465852K) : graphmetal1_OPC has 0 polygons
2026-08-03 14:20:55 +0200: Memory Usage (465852K) : graphmet1l_drw has 0 polygons
2026-08-03 14:20:55 +0200: Memory Usage (465852K) : graphmet1l_filler has 0 polygons
2026-08-03 14:20:55 +0200: Memory Usage (465852K) : graphmet1l_nofill has 0 polygons
2026-08-03 14:20:55 +0200: Memory Usage (465852K) : graphmet1l_slit has 0 polygons
2026-08-03 14:20:55 +0200: Memory Usage (465852K) : graphmet1l_OPC has 0 polygons
2026-08-03 14:20:55 +0200: Memory Usage (465852K) : extblock_drw has 0 polygons
2026-08-03 14:20:55 +0200: Memory Usage (465852K) : nldd_drw has 0 polygons
2026-08-03 14:20:55 +0200: Memory Usage (465852K) : pldd_drw has 0 polygons
2026-08-03 14:20:55 +0200: Memory Usage (465852K) : next_drw has 0 polygons
2026-08-03 14:20:55 +0200: Memory Usage (465852K) : pext_drw has 0 polygons
2026-08-03 14:20:55 +0200: Memory Usage (465852K) : nexthv_drw has 0 polygons
2026-08-03 14:20:55 +0200: Memory Usage (465852K) : pexthv_drw has 0 polygons
2026-08-03 14:20:55 +0200: Memory Usage (465852K) : graphgate_drw has 0 polygons
2026-08-03 14:20:55 +0200: Memory Usage (465852K) : sinwg_drw has 0 polygons
2026-08-03 14:20:55 +0200: Memory Usage (465852K) : sinwg_filler has 0 polygons
2026-08-03 14:20:55 +0200: Memory Usage (465852K) : sinwg_nofill has 0 polygons
2026-08-03 14:20:55 +0200: Memory Usage (465852K) : mempad_drw has 0 polygons
2026-08-03 14:20:55 +0200: Memory Usage (465852K) : topvia1_drw has 2315 polygons
2026-08-03 14:20:55 +0200: Memory Usage (465852K) : topmetal1_drw has 8 polygons
2026-08-03 14:20:55 +0200: Memory Usage (465852K) : topmetal1_filler has 0 polygons
2026-08-03 14:20:55 +0200: Memory Usage (465852K) : topmetal1_slit has 0 polygons
2026-08-03 14:20:55 +0200: Memory Usage (465852K) : topmetal1 has 8 polygons
2026-08-03 14:20:55 +0200: Memory Usage (465852K) : topmetal1_pin has 8 polygons
2026-08-03 14:20:55 +0200: Memory Usage (465852K) : topmetal1_mask has 0 polygons
2026-08-03 14:20:55 +0200: Memory Usage (465852K) : topmetal1_nofill has 0 polygons
2026-08-03 14:20:55 +0200: Memory Usage (465852K) : topmetal1_text has 8 polygons
2026-08-03 14:20:55 +0200: Memory Usage (465852K) : topmetal1_noqrc has 0 polygons
2026-08-03 14:20:55 +0200: Memory Usage (465852K) : topmetal1_res has 0 polygons
2026-08-03 14:20:55 +0200: Memory Usage (465852K) : topmetal1_iprobe has 0 polygons
2026-08-03 14:20:55 +0200: Memory Usage (465852K) : topmetal1_diffprb has 0 polygons
2026-08-03 14:20:55 +0200: Memory Usage (465852K) : inldpwl_drw has 0 polygons
2026-08-03 14:20:55 +0200: Memory Usage (465852K) : polyres_drw has 0 polygons
2026-08-03 14:20:55 +0200: Memory Usage (465852K) : polyres_pin has 0 polygons
2026-08-03 14:20:55 +0200: Memory Usage (465852K) : vmim_drw has 0 polygons
2026-08-03 14:20:55 +0200: Memory Usage (465852K) : nbulaycut_drw has 0 polygons
2026-08-03 14:20:55 +0200: Memory Usage (465852K) : antmetal1_drw has 0 polygons
2026-08-03 14:20:55 +0200: Memory Usage (465852K) : topvia2_drw has 1593 polygons
2026-08-03 14:20:55 +0200: Memory Usage (465852K) : topmetal2_drw has 6 polygons
2026-08-03 14:20:55 +0200: Memory Usage (465852K) : topmetal2_filler has 0 polygons
2026-08-03 14:20:55 +0200: Memory Usage (465852K) : topmetal2_slit has 0 polygons
2026-08-03 14:20:55 +0200: Memory Usage (465852K) : topmetal2 has 6 polygons
2026-08-03 14:20:55 +0200: Memory Usage (465852K) : topmetal2_pin has 6 polygons
2026-08-03 14:20:55 +0200: Memory Usage (465852K) : topmetal2_mask has 0 polygons
2026-08-03 14:20:55 +0200: Memory Usage (465852K) : topmetal2_nofill has 0 polygons
2026-08-03 14:20:55 +0200: Memory Usage (465852K) : topmetal2_text has 6 polygons
2026-08-03 14:20:55 +0200: Memory Usage (465852K) : topmetal2_noqrc has 0 polygons
2026-08-03 14:20:55 +0200: Memory Usage (465852K) : topmetal2_res has 0 polygons
2026-08-03 14:20:55 +0200: Memory Usage (465852K) : topmetal2_iprobe has 0 polygons
2026-08-03 14:20:55 +0200: Memory Usage (465852K) : topmetal2_diffprb has 0 polygons
2026-08-03 14:20:55 +0200: Memory Usage (465852K) : snsring_drw has 0 polygons
2026-08-03 14:20:55 +0200: Memory Usage (465852K) : sensor_drw has 0 polygons
2026-08-03 14:20:55 +0200: Memory Usage (465852K) : snsarms_drw has 0 polygons
2026-08-03 14:20:55 +0200: Memory Usage (465852K) : snscmosvia_drw has 0 polygons
2026-08-03 14:20:55 +0200: Memory Usage (465852K) : colwind_drw has 0 polygons
2026-08-03 14:20:55 +0200: Memory Usage (465852K) : flm_drw has 0 polygons
2026-08-03 14:20:55 +0200: Memory Usage (465852K) : hafniumox_drw has 0 polygons
2026-08-03 14:20:55 +0200: Memory Usage (465852K) : memvia_drw has 0 polygons
2026-08-03 14:20:55 +0200: Memory Usage (465852K) : thinfilmres_drw has 0 polygons
2026-08-03 14:20:55 +0200: Memory Usage (465852K) : rfmem_drw has 0 polygons
2026-08-03 14:20:55 +0200: Memory Usage (465852K) : norcx_drw has 0 polygons
2026-08-03 14:20:55 +0200: Memory Usage (465852K) : norcx_m2m3 has 0 polygons
2026-08-03 14:20:55 +0200: Memory Usage (465852K) : norcx_m2m4 has 0 polygons
2026-08-03 14:20:55 +0200: Memory Usage (465852K) : norcx_m2m5 has 0 polygons
2026-08-03 14:20:55 +0200: Memory Usage (465852K) : norcx_m2tm1 has 0 polygons
2026-08-03 14:20:55 +0200: Memory Usage (465852K) : norcx_m2tm2 has 0 polygons
2026-08-03 14:20:55 +0200: Memory Usage (465852K) : norcx_m3m4 has 0 polygons
2026-08-03 14:20:55 +0200: Memory Usage (465852K) : norcx_m3m5 has 0 polygons
2026-08-03 14:20:55 +0200: Memory Usage (465852K) : norcx_m3tm1 has 0 polygons
2026-08-03 14:20:55 +0200: Memory Usage (465852K) : norcx_m3tm2 has 0 polygons
2026-08-03 14:20:55 +0200: Memory Usage (465852K) : norcx_m4m5 has 0 polygons
2026-08-03 14:20:55 +0200: Memory Usage (465852K) : norcx_m4tm1 has 0 polygons
2026-08-03 14:20:55 +0200: Memory Usage (465852K) : norcx_m4tm2 has 0 polygons
2026-08-03 14:20:55 +0200: Memory Usage (465852K) : norcx_m5tm1 has 0 polygons
2026-08-03 14:20:55 +0200: Memory Usage (465852K) : norcx_m5tm2 has 0 polygons
2026-08-03 14:20:55 +0200: Memory Usage (465852K) : norcx_tm1tm2 has 0 polygons
2026-08-03 14:20:55 +0200: Memory Usage (465852K) : norcx_m1sub has 0 polygons
2026-08-03 14:20:55 +0200: Memory Usage (465852K) : norcx_m2sub has 0 polygons
2026-08-03 14:20:55 +0200: Memory Usage (465852K) : norcx_m3sub has 0 polygons
2026-08-03 14:20:55 +0200: Memory Usage (465852K) : norcx_m4sub has 0 polygons
2026-08-03 14:20:55 +0200: Memory Usage (465852K) : norcx_m5sub has 0 polygons
2026-08-03 14:20:55 +0200: Memory Usage (465852K) : norcx_tm1sub has 0 polygons
2026-08-03 14:20:55 +0200: Memory Usage (465852K) : norcx_tm2sub has 0 polygons
2026-08-03 14:20:55 +0200: Memory Usage (465852K) : snsbotvia_drw has 0 polygons
2026-08-03 14:20:55 +0200: Memory Usage (465852K) : snstopvia_drw has 0 polygons
2026-08-03 14:20:55 +0200: Memory Usage (465852K) : deepvia_drw has 0 polygons
2026-08-03 14:20:55 +0200: Memory Usage (465852K) : fgetch_drw has 0 polygons
2026-08-03 14:20:55 +0200: Memory Usage (465980K) : ctrgat_drw has 0 polygons
2026-08-03 14:20:55 +0200: Memory Usage (465980K) : fgimp_drw has 0 polygons
2026-08-03 14:20:55 +0200: Memory Usage (466108K) : emwihv_drw has 0 polygons
2026-08-03 14:20:55 +0200: Memory Usage (466108K) : lbe_drw has 0 polygons
2026-08-03 14:20:55 +0200: Memory Usage (466236K) : alcustop_drw has 0 polygons
2026-08-03 14:20:55 +0200: Memory Usage (466236K) : nometfiller_drw has 0 polygons
2026-08-03 14:20:55 +0200: Memory Usage (466364K) : prboundary_drw has 0 polygons
2026-08-03 14:20:55 +0200: Memory Usage (466364K) : exchange0_drw has 0 polygons
2026-08-03 14:20:55 +0200: Memory Usage (466492K) : exchange0_pin has 0 polygons
2026-08-03 14:20:55 +0200: Memory Usage (466492K) : exchange0_text has 0 polygons
2026-08-03 14:20:55 +0200: Memory Usage (466492K) : exchange1_drw has 0 polygons
2026-08-03 14:20:55 +0200: Memory Usage (466620K) : exchange1_pin has 0 polygons
2026-08-03 14:20:56 +0200: Memory Usage (466620K) : exchange1_text has 0 polygons
2026-08-03 14:20:56 +0200: Memory Usage (466748K) : exchange2_drw has 0 polygons
2026-08-03 14:20:56 +0200: Memory Usage (466748K) : exchange2_pin has 0 polygons
2026-08-03 14:20:56 +0200: Memory Usage (466876K) : exchange2_text has 0 polygons
2026-08-03 14:20:56 +0200: Memory Usage (466876K) : exchange3_drw has 0 polygons
2026-08-03 14:20:56 +0200: Memory Usage (467004K) : exchange3_pin has 0 polygons
2026-08-03 14:20:56 +0200: Memory Usage (467004K) : exchange3_text has 0 polygons
2026-08-03 14:20:56 +0200: Memory Usage (467132K) : exchange4_drw has 0 polygons
2026-08-03 14:20:56 +0200: Memory Usage (467132K) : exchange4_pin has 0 polygons
2026-08-03 14:20:56 +0200: Memory Usage (467260K) : exchange4_text has 0 polygons
2026-08-03 14:20:56 +0200: Memory Usage (467260K) : isonwell_drw has 0 polygons
2026-08-03 14:20:56 +0200: Memory Usage (467260K) : Total no. of polygons in the design is 59283
2026-08-03 14:20:56 +0200: Memory Usage (467260K) : Starting base layers derivations
2026-08-03 14:20:56 +0200: Memory Usage (467260K) : Starting general LVS derivations
2026-08-03 14:20:56 +0200: Memory Usage (471996K) : Starting MOSFET DERIVATIONS
2026-08-03 14:20:57 +0200: Memory Usage (472976K) : Starting NMOS DERIVATIONS
2026-08-03 14:20:57 +0200: Memory Usage (472976K) : Starting PMOS DERIVATIONS
2026-08-03 14:20:57 +0200: Memory Usage (472976K) : Starting RF-MOSFET DERIVATIONS
2026-08-03 14:20:57 +0200: Memory Usage (472976K) : Starting RF-NMOS DERIVATIONS
2026-08-03 14:20:57 +0200: Memory Usage (472976K) : Starting RF-PMOS DERIVATIONS
2026-08-03 14:20:57 +0200: Memory Usage (472976K) : Starting BJT DERIVATIONS
2026-08-03 14:20:57 +0200: Memory Usage (472976K) : Starting NPN-BJT DERIVATIONS
2026-08-03 14:20:57 +0200: Memory Usage (472976K) : Starting PNP-BJT DERIVATIONS
2026-08-03 14:20:57 +0200: Memory Usage (472976K) : Starting DIODE DERIVATIONS
2026-08-03 14:20:59 +0200: Memory Usage (472956K) : Starting RESISTOR DERIVATIONS
2026-08-03 14:20:59 +0200: Memory Usage (472956K) : Starting CAP DERIVATIONS
2026-08-03 14:20:59 +0200: Memory Usage (473340K) : Starting ESD DERIVATIONS
2026-08-03 14:21:00 +0200: Memory Usage (473340K) : Starting Inductor DERIVATIONS
2026-08-03 14:21:00 +0200: Memory Usage (473340K) : Starting Taps DERIVATIONS
2026-08-03 14:21:00 +0200: Memory Usage (473340K) : Starting SG13G2 LVS connectivity setup
2026-08-03 14:21:00 +0200: Memory Usage (473340K) : Starting SG13G2 LVS connectivity setup (Inter-layer)
2026-08-03 14:21:00 +0200: Memory Usage (473468K) : Starting SG13G2 LVS connectivity setup (Global)
2026-08-03 14:21:00 +0200: Memory Usage (473468K) : Starting LVS MOSFET CONNECTIONS
2026-08-03 14:21:00 +0200: Memory Usage (473468K) : Starting LVS RF-MOSFET CONNECTIONS
2026-08-03 14:21:00 +0200: Memory Usage (473468K) : Starting LVS BJT CONNECTIONS
2026-08-03 14:21:00 +0200: Memory Usage (473468K) : Starting LVS DIODE CONNECTIONS
2026-08-03 14:21:00 +0200: Memory Usage (473468K) : Starting RESISTOR CONNECTIONS
2026-08-03 14:21:00 +0200: Memory Usage (473468K) : Starting LVS CAP CONNECTIONS
2026-08-03 14:21:00 +0200: Memory Usage (473468K) : Starting ESD CONNECTIONS
2026-08-03 14:21:00 +0200: Memory Usage (473468K) : Starting Inductor CONNECTIONS
2026-08-03 14:21:00 +0200: Memory Usage (473468K) : Starting LVS Taps CONNECTIONS
2026-08-03 14:21:00 +0200: Memory Usage (473468K) : Starting SG13G2 LVS DEVICES EXTRACTION
2026-08-03 14:21:00 +0200: Memory Usage (473468K) : Starting MOSFET EXTRACTION
2026-08-03 14:21:00 +0200: Memory Usage (473468K) : Starting NMOS EXTRACTION
2026-08-03 14:21:00 +0200: Memory Usage (473468K) : Extraction of NMOS-LV transistor
2026-08-03 14:21:00 +0200: Memory Usage (473724K) : Extraction of NMOS-HV transistor
2026-08-03 14:21:00 +0200: Memory Usage (473724K) : Starting PMOS EXTRACTION
2026-08-03 14:21:00 +0200: Memory Usage (473724K) : Extraction of PMOS-LV transistor
2026-08-03 14:21:00 +0200: Memory Usage (473724K) : Extraction of PMOS-HV transistor
2026-08-03 14:21:00 +0200: Memory Usage (473724K) : Starting RF-MOSFET EXTRACTION
2026-08-03 14:21:00 +0200: Memory Usage (473724K) : Extraction of RF-NMOS-LV transistor
2026-08-03 14:21:00 +0200: Memory Usage (473724K) : Extraction of RF-NMOS-HV transistor
2026-08-03 14:21:00 +0200: Memory Usage (473724K) : Extraction of RF-PMOS-LV transistor
2026-08-03 14:21:00 +0200: Memory Usage (473724K) : Extraction of RF-PMOS-HV transistor
2026-08-03 14:21:00 +0200: Memory Usage (473724K) : Starting BJT EXTRACTION
2026-08-03 14:21:00 +0200: Memory Usage (473724K) : Starting NPN-BJT EXTRACTION
2026-08-03 14:21:00 +0200: Memory Usage (473724K) : Extraction of npn13G2 BJT transistor
2026-08-03 14:21:00 +0200: Memory Usage (473724K) : Extraction of npn13G2L BJT transistor
2026-08-03 14:21:00 +0200: Memory Usage (473724K) : Extraction of npn13G2V BJT transistor
2026-08-03 14:21:00 +0200: Memory Usage (473724K) : Starting PNP-BJT EXTRACTION
2026-08-03 14:21:00 +0200: Memory Usage (473724K) : Extracting pnpMPA BJT
2026-08-03 14:21:01 +0200: Memory Usage (473724K) : Starting DIODE EXTRACTION
2026-08-03 14:21:01 +0200: Memory Usage (473724K) : Extracting dantenna diode
2026-08-03 14:21:01 +0200: Memory Usage (473724K) : Extracting dpantenna diode
2026-08-03 14:21:01 +0200: Memory Usage (473724K) : Extracting schottky_nbl1 diode
2026-08-03 14:21:01 +0200: Memory Usage (473724K) : Extracting isolbox diode
2026-08-03 14:21:01 +0200: Memory Usage (473724K) : Starting RESISTOR EXTRACTION
2026-08-03 14:21:01 +0200: Memory Usage (473724K) : Extracting rsil resistor
2026-08-03 14:21:01 +0200: Memory Usage (473724K) : Extracting rppd resistor
2026-08-03 14:21:01 +0200: Memory Usage (473724K) : Extracting rhigh resistor
2026-08-03 14:21:01 +0200: Memory Usage (473724K) : Extracting res_metal1 resistor
2026-08-03 14:21:01 +0200: Memory Usage (473724K) : Extracting res_metal2 resistor
2026-08-03 14:21:01 +0200: Memory Usage (473724K) : Extracting res_metal3 resistor
2026-08-03 14:21:01 +0200: Memory Usage (473724K) : Extracting res_metal4 resistor
2026-08-03 14:21:01 +0200: Memory Usage (473724K) : Extracting res_metal5 resistor
2026-08-03 14:21:01 +0200: Memory Usage (473724K) : Extracting res_topmetal1 resistor
2026-08-03 14:21:01 +0200: Memory Usage (473724K) : Extracting res_topmetal2 resistor
2026-08-03 14:21:01 +0200: Memory Usage (473724K) : Starting CAP EXTRACTION
2026-08-03 14:21:01 +0200: Memory Usage (473724K) : Extracting cap_cmim device
2026-08-03 14:21:01 +0200: Memory Usage (473724K) : Extracting rfcmim device
2026-08-03 14:21:01 +0200: Memory Usage (473724K) : Extracting sg13_hv_svaricap varactor
2026-08-03 14:21:01 +0200: Memory Usage (473724K) : Starting ESD EXTRACTION
2026-08-03 14:21:01 +0200: Memory Usage (473724K) : Extracting diodevdd_2kv ESD device
2026-08-03 14:21:01 +0200: Memory Usage (473724K) : Extracting diodevdd_4kv ESD device
2026-08-03 14:21:01 +0200: Memory Usage (473852K) : Extracting diodevss_2kv ESD device
2026-08-03 14:21:01 +0200: Memory Usage (473980K) : Extracting diodevss_4kv ESD device
2026-08-03 14:21:01 +0200: Memory Usage (474236K) : Extracting idiodevdd_2kv ESD device
2026-08-03 14:21:01 +0200: Memory Usage (474364K) : Extracting idiodevdd_4kv ESD device
2026-08-03 14:21:01 +0200: Memory Usage (474492K) : Extracting idiodevss_2kv ESD device
2026-08-03 14:21:01 +0200: Memory Usage (474620K) : Extracting idiodevss_4kv ESD device
2026-08-03 14:21:01 +0200: Memory Usage (474748K) : Extracting nmoscl_2 ESD device
2026-08-03 14:21:01 +0200: Memory Usage (474748K) : Extracting nmoscl_4 ESD device
2026-08-03 14:21:01 +0200: Memory Usage (474748K) : Starting Inductor EXTRACTION
2026-08-03 14:21:01 +0200: Memory Usage (474748K) : Extracting Inductor2 device
2026-08-03 14:21:01 +0200: Memory Usage (474748K) : Extracting Inductor3 device
2026-08-03 14:21:01 +0200: Memory Usage (474748K) : Starting Taps EXTRACTION
2026-08-03 14:21:01 +0200: Memory Usage (474748K) : Extracting ntap1 device
2026-08-03 14:21:01 +0200: Memory Usage (474748K) : Extracting ptap1 device
2026-08-03 14:21:01 +0200: Memory Usage (474748K) : Starting SG13G2 LVS RF MOS Model Mapping
2026-08-03 14:21:01 +0200: Memory Usage (478076K) : [layout_netlist] Apply RF MOS model mapping and rfmode parameter.
2026-08-03 14:21:01 +0200: Memory Usage (478076K) : Starting SG13G2 LVS Options Preparations
2026-08-03 14:21:01 +0200: Memory Usage (478076K) : SG13G2 LVS flow: extraction -> alignment -> option preparation -> comparison.
2026-08-03 14:21:01 +0200: Memory Usage (478076K) : Starting SG13G2 LVS Alignment
2026-08-03 14:21:01 +0200: Memory Usage (478204K) : Starting SG13G2 LVS Simplification
2026-08-03 14:21:01 +0200: Memory Usage (478204K) : [layout_netlist] simplify: ENABLED
2026-08-03 14:21:01 +0200: Memory Usage (478204K) : [layout_netlist] make_top_level_pins: SKIPPED
2026-08-03 14:21:01 +0200: Memory Usage (478204K) : [layout_netlist] combine_devices: SKIPPED
2026-08-03 14:21:01 +0200: Memory Usage (478204K) : [layout_netlist] purge: SKIPPED
2026-08-03 14:21:01 +0200: Memory Usage (478204K) : [layout_netlist] purge_nets: SKIPPED
2026-08-03 14:21:01 +0200: Memory Usage (478204K) : [schematic_netlist] simplify: ENABLED
2026-08-03 14:21:01 +0200: Memory Usage (478204K) : [schematic_netlist] make_top_level_pins: SKIPPED
2026-08-03 14:21:01 +0200: Memory Usage (478204K) : [schematic_netlist] combine_devices: SKIPPED
2026-08-03 14:21:01 +0200: Memory Usage (478204K) : [schematic_netlist] purge: SKIPPED
2026-08-03 14:21:01 +0200: Memory Usage (478204K) : [schematic_netlist] purge_nets: SKIPPED
2026-08-03 14:21:01 +0200: Memory Usage (478204K) : Starting SG13G2 LVS Comparison in strict port mode.
2026-08-03 14:21:01 +0200: Memory Usage (478204K) : flag_missing_ports enabled: missing/mislabeled top-level ports are treated as errors.
2026-08-03 14:21:01 +0200: Memory Usage (478332K) : xxxxxxxxxxxxxxxxxxxxxxxxxxxxxxxxxxxxxxxxxx
2026-08-03 14:21:01 +0200: Memory Usage (478332K) : ERROR : Netlists don't match
2026-08-03 14:21:01 +0200: Memory Usage (478332K) : xxxxxxxxxxxxxxxxxxxxxxxxxxxxxxxxxxxxxxxxxx
2026-08-03 14:21:01 +0200: Memory Usage (478332K) : LVS Total Run time 7.770146 seconds
