11-Aug-2026 10:07:04 | INFO    | Your Klayout version is: KLayout 0.30.10 (required >= 0.30.5)
11-Aug-2026 10:07:04 | INFO    | Running SG13G2 LVS checks on design /foss/designs/ihp-open-pdk-regression/IOPADS/layout/sg13g2_IOPadAnalog.gds on cell sg13g2_IOPadAnalog
2026-08-11 10:07:07 +0200: Memory Usage (456052K) : Starting running SG13G2 Klayout LVS runset on /foss/designs/ihp-open-pdk-regression/IOPADS/layout/sg13g2_IOPadAnalog.gds
2026-08-11 10:07:07 +0200: Memory Usage (456052K) : Ruby Version for klayout: 3.2.3
2026-08-11 10:07:07 +0200: Memory Usage (457460K) : Loading database to memory is complete.
2026-08-11 10:07:07 +0200: Memory Usage (457460K) : SG13G2 Klayout LVS runset output at: /foss/designs/ihp-open-pdk-regression/IOPADS/lvs_sweep/20260811_100703/sg13g2_IOPadAnalog/sg13g2_IOPadAnalog.lvsdb
2026-08-11 10:07:07 +0200: Memory Usage (457460K) : Evaluate switches.
2026-08-11 10:07:07 +0200: Memory Usage (457460K) : Extracted netlist with net names: true
2026-08-11 10:07:07 +0200: Memory Usage (457460K) : Extracted netlist with comments in details: false
2026-08-11 10:07:07 +0200: Memory Usage (457460K) : Selected NET_ONLY option: false
2026-08-11 10:07:07 +0200: Memory Usage (457460K) : Selected LAYOUT_NETLIST option: (none)
2026-08-11 10:07:07 +0200: Memory Usage (457460K) : Selected IGNORE_TOP_PORTS_MISMATCH option: true
2026-08-11 10:07:07 +0200: Memory Usage (457460K) : Selected IMPLICIT_NETS option: iovss,iovdd,vss,vdd,pad,cathode,anode
2026-08-11 10:07:07 +0200: Memory Usage (457460K) : Selected TOP_LVL_PINS option: false
2026-08-11 10:07:07 +0200: Memory Usage (457460K) : Selected COMBINE DEVICES option: true
2026-08-11 10:07:07 +0200: Memory Usage (457460K) : Selected PURGE option: false
2026-08-11 10:07:07 +0200: Memory Usage (457460K) : Selected PURGE_NETS option: false
2026-08-11 10:07:07 +0200: Memory Usage (457460K) : Selected SIMPLIFY option: true
2026-08-11 10:07:07 +0200: Memory Usage (457460K) : Selected SERIES_RES option: true
2026-08-11 10:07:07 +0200: Memory Usage (457460K) : Selected PARALLEL_RES option: true
2026-08-11 10:07:07 +0200: Memory Usage (457460K) : Selected DISABLE_TAP_EXTRACTION option: false
2026-08-11 10:07:07 +0200: Memory Usage (457460K) : deep  mode is enabled.
2026-08-11 10:07:07 +0200: Memory Usage (457460K) : Applying implicit connections (case-sensitive, pattern supported) for nets: iovss, iovdd, vss, vdd, pad, cathode, anode
2026-08-11 10:07:07 +0200: Memory Usage (458868K) : Netlist file: /foss/designs/ihp-open-pdk-regression/IOPADS/netlist/pads_sub/sg13g2_IOPadAnalog.spi
2026-08-11 10:07:07 +0200: Memory Usage (458868K) : LVS extracted netlist at: /foss/designs/ihp-open-pdk-regression/IOPADS/lvs_sweep/20260811_100703/sg13g2_IOPadAnalog/sg13g2_IOPadAnalog_extracted.cir
2026-08-11 10:07:07 +0200: Memory Usage (458868K) : Applying SRAM integration support.
2026-08-11 10:07:07 +0200: Memory Usage (458868K) : Starting SG13G2 LVS runset
2026-08-11 10:07:07 +0200: Memory Usage (458868K) : Read in polygons from layers.
2026-08-11 10:07:07 +0200: Memory Usage (460660K) : activ_drw has 51 polygons
2026-08-11 10:07:07 +0200: Memory Usage (460660K) : activ_filler has 0 polygons
2026-08-11 10:07:07 +0200: Memory Usage (460788K) : activ has 51 polygons
2026-08-11 10:07:07 +0200: Memory Usage (460788K) : activ_pin has 0 polygons
2026-08-11 10:07:07 +0200: Memory Usage (460788K) : activ_mask has 0 polygons
2026-08-11 10:07:07 +0200: Memory Usage (460788K) : activ_nofill has 0 polygons
2026-08-11 10:07:07 +0200: Memory Usage (460916K) : activ_OPC has 0 polygons
2026-08-11 10:07:07 +0200: Memory Usage (460916K) : activ_iOPC has 0 polygons
2026-08-11 10:07:07 +0200: Memory Usage (461044K) : activ_noqrc has 0 polygons
2026-08-11 10:07:07 +0200: Memory Usage (461044K) : biwind_drw has 0 polygons
2026-08-11 10:07:07 +0200: Memory Usage (461172K) : biwind_OPC has 0 polygons
2026-08-11 10:07:07 +0200: Memory Usage (461172K) : gatpoly_drw has 49 polygons
2026-08-11 10:07:07 +0200: Memory Usage (461300K) : gatpoly_filler has 0 polygons
2026-08-11 10:07:07 +0200: Memory Usage (461300K) : gatpoly has 49 polygons
2026-08-11 10:07:07 +0200: Memory Usage (461428K) : gatpoly_pin has 0 polygons
2026-08-11 10:07:07 +0200: Memory Usage (461428K) : gatpoly_nofill has 0 polygons
2026-08-11 10:07:07 +0200: Memory Usage (461556K) : gatpoly_OPC has 0 polygons
2026-08-11 10:07:07 +0200: Memory Usage (461556K) : gatpoly_iOPC has 0 polygons
2026-08-11 10:07:07 +0200: Memory Usage (461684K) : gatpoly_noqrc has 0 polygons
2026-08-11 10:07:07 +0200: Memory Usage (463092K) : cont_drw has 46288 polygons
2026-08-11 10:07:07 +0200: Memory Usage (463092K) : cont_OPC has 0 polygons
2026-08-11 10:07:07 +0200: Memory Usage (463092K) : nsd_drw has 0 polygons
2026-08-11 10:07:07 +0200: Memory Usage (463092K) : nsd_block has 0 polygons
2026-08-11 10:07:07 +0200: Memory Usage (463092K) : metal1_drw has 344 polygons
2026-08-11 10:07:07 +0200: Memory Usage (463092K) : metal1_filler has 0 polygons
2026-08-11 10:07:07 +0200: Memory Usage (463092K) : metal1_slit has 0 polygons
2026-08-11 10:07:07 +0200: Memory Usage (463476K) : metal1 has 344 polygons
2026-08-11 10:07:07 +0200: Memory Usage (463476K) : metal1_pin has 22 polygons
2026-08-11 10:07:07 +0200: Memory Usage (463476K) : metal1_mask has 0 polygons
2026-08-11 10:07:07 +0200: Memory Usage (463476K) : metal1_nofill has 0 polygons
2026-08-11 10:07:07 +0200: Memory Usage (463604K) : metal1_text has 18 polygons
2026-08-11 10:07:07 +0200: Memory Usage (463604K) : metal1_OPC has 0 polygons
2026-08-11 10:07:07 +0200: Memory Usage (463732K) : metal1_noqrc has 0 polygons
2026-08-11 10:07:07 +0200: Memory Usage (463860K) : metal1_res has 0 polygons
2026-08-11 10:07:07 +0200: Memory Usage (463860K) : metal1_iprobe has 0 polygons
2026-08-11 10:07:07 +0200: Memory Usage (463988K) : metal1_diffprb has 0 polygons
2026-08-11 10:07:07 +0200: Memory Usage (463988K) : passiv_drw has 0 polygons
2026-08-11 10:07:07 +0200: Memory Usage (464116K) : passiv_pin has 0 polygons
2026-08-11 10:07:07 +0200: Memory Usage (464116K) : passiv_sbump has 0 polygons
2026-08-11 10:07:07 +0200: Memory Usage (464244K) : passiv_pillar has 0 polygons
2026-08-11 10:07:07 +0200: Memory Usage (464372K) : passiv_pdl has 0 polygons
2026-08-11 10:07:07 +0200: Memory Usage (464372K) : metal2_drw has 96 polygons
2026-08-11 10:07:07 +0200: Memory Usage (464500K) : metal2_filler has 0 polygons
2026-08-11 10:07:07 +0200: Memory Usage (464500K) : metal2_slit has 0 polygons
2026-08-11 10:07:07 +0200: Memory Usage (464500K) : metal2 has 96 polygons
2026-08-11 10:07:07 +0200: Memory Usage (464628K) : metal2_pin has 26 polygons
2026-08-11 10:07:07 +0200: Memory Usage (464628K) : metal2_mask has 0 polygons
2026-08-11 10:07:07 +0200: Memory Usage (464628K) : metal2_nofill has 0 polygons
2026-08-11 10:07:07 +0200: Memory Usage (464756K) : metal2_text has 26 polygons
2026-08-11 10:07:07 +0200: Memory Usage (464756K) : metal2_OPC has 0 polygons
2026-08-11 10:07:07 +0200: Memory Usage (464756K) : metal2_noqrc has 0 polygons
2026-08-11 10:07:07 +0200: Memory Usage (464756K) : metal2_res has 0 polygons
2026-08-11 10:07:07 +0200: Memory Usage (464884K) : metal2_iprobe has 0 polygons
2026-08-11 10:07:07 +0200: Memory Usage (464884K) : metal2_diffprb has 0 polygons
2026-08-11 10:07:07 +0200: Memory Usage (465012K) : baspoly_drw has 0 polygons
2026-08-11 10:07:07 +0200: Memory Usage (465012K) : baspoly_pin has 0 polygons
2026-08-11 10:07:07 +0200: Memory Usage (465140K) : psd_drw has 35 polygons
2026-08-11 10:07:07 +0200: Memory Usage (465140K) : nldb_drw has 0 polygons
2026-08-11 10:07:07 +0200: Memory Usage (465268K) : digibnd_drw has 0 polygons
2026-08-11 10:07:07 +0200: Memory Usage (465396K) : via1_drw has 1936 polygons
2026-08-11 10:07:07 +0200: Memory Usage (465396K) : backmetal1_drw has 0 polygons
2026-08-11 10:07:07 +0200: Memory Usage (465524K) : backmetal1_pin has 0 polygons
2026-08-11 10:07:07 +0200: Memory Usage (465524K) : backmetal1_mask has 0 polygons
2026-08-11 10:07:07 +0200: Memory Usage (465652K) : backmetal1_filler has 0 polygons
2026-08-11 10:07:07 +0200: Memory Usage (465652K) : backmetal1_nofill has 0 polygons
2026-08-11 10:07:07 +0200: Memory Usage (465780K) : backmetal1_slit has 0 polygons
2026-08-11 10:07:07 +0200: Memory Usage (465908K) : backmetal1_text has 0 polygons
2026-08-11 10:07:07 +0200: Memory Usage (465908K) : backmetal1_OPC has 0 polygons
2026-08-11 10:07:07 +0200: Memory Usage (466036K) : backmetal1_noqrc has 0 polygons
2026-08-11 10:07:07 +0200: Memory Usage (466036K) : backmetal1_res has 0 polygons
2026-08-11 10:07:07 +0200: Memory Usage (466164K) : backmetal1_iprobe has 0 polygons
2026-08-11 10:07:07 +0200: Memory Usage (466164K) : backmetal1_diffprb has 0 polygons
2026-08-11 10:07:07 +0200: Memory Usage (466292K) : backpassiv_drw has 0 polygons
2026-08-11 10:07:07 +0200: Memory Usage (466292K) : res_drw has 0 polygons
2026-08-11 10:07:07 +0200: Memory Usage (466420K) : sram_drw has 0 polygons
2026-08-11 10:07:07 +0200: Memory Usage (466420K) : trans_drw has 0 polygons
2026-08-11 10:07:07 +0200: Memory Usage (466548K) : ind_drw has 0 polygons
2026-08-11 10:07:07 +0200: Memory Usage (466548K) : ind_pin has 0 polygons
2026-08-11 10:07:07 +0200: Memory Usage (466676K) : ind_text has 0 polygons
2026-08-11 10:07:07 +0200: Memory Usage (466676K) : salblock_drw has 3 polygons
2026-08-11 10:07:07 +0200: Memory Usage (466804K) : via2_drw has 1926 polygons
2026-08-11 10:07:07 +0200: Memory Usage (466932K) : metal3_drw has 32 polygons
2026-08-11 10:07:07 +0200: Memory Usage (466932K) : metal3_filler has 0 polygons
2026-08-11 10:07:07 +0200: Memory Usage (467060K) : metal3_slit has 0 polygons
2026-08-11 10:07:07 +0200: Memory Usage (467060K) : metal3 has 32 polygons
2026-08-11 10:07:07 +0200: Memory Usage (467188K) : metal3_pin has 10 polygons
2026-08-11 10:07:07 +0200: Memory Usage (467188K) : metal3_mask has 0 polygons
2026-08-11 10:07:07 +0200: Memory Usage (467316K) : metal3_nofill has 0 polygons
2026-08-11 10:07:07 +0200: Memory Usage (467316K) : metal3_text has 10 polygons
2026-08-11 10:07:07 +0200: Memory Usage (467444K) : metal3_OPC has 0 polygons
2026-08-11 10:07:07 +0200: Memory Usage (467444K) : metal3_noqrc has 0 polygons
2026-08-11 10:07:07 +0200: Memory Usage (467572K) : metal3_res has 0 polygons
2026-08-11 10:07:07 +0200: Memory Usage (467572K) : metal3_iprobe has 0 polygons
2026-08-11 10:07:07 +0200: Memory Usage (467572K) : metal3_diffprb has 0 polygons
2026-08-11 10:07:07 +0200: Memory Usage (467700K) : nwell_drw has 19 polygons
2026-08-11 10:07:07 +0200: Memory Usage (467700K) : nwell_pin has 0 polygons
2026-08-11 10:07:07 +0200: Memory Usage (467828K) : nwell_text has 0 polygons
2026-08-11 10:07:07 +0200: Memory Usage (467828K) : nbulay_drw has 0 polygons
2026-08-11 10:07:07 +0200: Memory Usage (467956K) : nbulay_pin has 0 polygons
2026-08-11 10:07:07 +0200: Memory Usage (467956K) : nbulay_block has 0 polygons
2026-08-11 10:07:07 +0200: Memory Usage (468084K) : emwind_drw has 0 polygons
2026-08-11 10:07:07 +0200: Memory Usage (468084K) : emwind_OPC has 0 polygons
2026-08-11 10:07:07 +0200: Memory Usage (468212K) : deepco_drw has 0 polygons
2026-08-11 10:07:07 +0200: Memory Usage (468212K) : mim_drw has 0 polygons
2026-08-11 10:07:07 +0200: Memory Usage (468340K) : edgeseal_drw has 0 polygons
2026-08-11 10:07:07 +0200: Memory Usage (468340K) : substrate_drw has 19 polygons
2026-08-11 10:07:07 +0200: Memory Usage (468468K) : substrate_text has 0 polygons
2026-08-11 10:07:07 +0200: Memory Usage (468468K) : dfpad_drw has 0 polygons
2026-08-11 10:07:07 +0200: Memory Usage (468596K) : dfpad_pillar has 0 polygons
2026-08-11 10:07:07 +0200: Memory Usage (468724K) : dfpad_sbump has 0 polygons
2026-08-11 10:07:07 +0200: Memory Usage (468724K) : thickgateox_drw has 2 polygons
2026-08-11 10:07:07 +0200: Memory Usage (468852K) : pldb_drw has 0 polygons
2026-08-11 10:07:07 +0200: Memory Usage (468852K) : pwell_drw has 0 polygons
2026-08-11 10:07:07 +0200: Memory Usage (468980K) : pwell_pin has 0 polygons
2026-08-11 10:07:07 +0200: Memory Usage (468980K) : pwell_block has 0 polygons
2026-08-11 10:07:07 +0200: Memory Usage (469108K) : ic_drw has 0 polygons
2026-08-11 10:07:07 +0200: Memory Usage (469108K) : via3_drw has 2087 polygons
2026-08-11 10:07:07 +0200: Memory Usage (469364K) : metal4_drw has 8 polygons
2026-08-11 10:07:07 +0200: Memory Usage (469364K) : metal4_filler has 0 polygons
2026-08-11 10:07:07 +0200: Memory Usage (469364K) : metal4_slit has 0 polygons
2026-08-11 10:07:07 +0200: Memory Usage (469492K) : metal4 has 8 polygons
2026-08-11 10:07:07 +0200: Memory Usage (469620K) : metal4_pin has 8 polygons
2026-08-11 10:07:07 +0200: Memory Usage (469620K) : metal4_mask has 0 polygons
2026-08-11 10:07:07 +0200: Memory Usage (469748K) : metal4_nofill has 0 polygons
2026-08-11 10:07:07 +0200: Memory Usage (469748K) : metal4_text has 8 polygons
2026-08-11 10:07:07 +0200: Memory Usage (469876K) : metal4_OPC has 0 polygons
2026-08-11 10:07:07 +0200: Memory Usage (469876K) : metal4_noqrc has 0 polygons
2026-08-11 10:07:07 +0200: Memory Usage (470004K) : metal4_res has 0 polygons
2026-08-11 10:07:07 +0200: Memory Usage (470004K) : metal4_iprobe has 0 polygons
2026-08-11 10:07:07 +0200: Memory Usage (470132K) : metal4_diffprb has 0 polygons
2026-08-11 10:07:07 +0200: Memory Usage (470132K) : heattrans_drw has 0 polygons
2026-08-11 10:07:07 +0200: Memory Usage (470260K) : heatres_drw has 2 polygons
2026-08-11 10:07:07 +0200: Memory Usage (470260K) : fbe_drw has 0 polygons
2026-08-11 10:07:07 +0200: Memory Usage (470388K) : empoly_drw has 0 polygons
2026-08-11 10:07:07 +0200: Memory Usage (470516K) : digisub_drw has 0 polygons
2026-08-11 10:07:07 +0200: Memory Usage (470516K) : text_drw has 17 polygons
2026-08-11 10:07:07 +0200: Memory Usage (470644K) : via4_drw has 2371 polygons
2026-08-11 10:07:07 +0200: Memory Usage (470644K) : metal5_drw has 8 polygons
2026-08-11 10:07:07 +0200: Memory Usage (470644K) : metal5_filler has 0 polygons
2026-08-11 10:07:07 +0200: Memory Usage (470644K) : metal5_slit has 0 polygons
2026-08-11 10:07:07 +0200: Memory Usage (470644K) : metal5 has 8 polygons
2026-08-11 10:07:07 +0200: Memory Usage (470644K) : metal5_pin has 8 polygons
2026-08-11 10:07:07 +0200: Memory Usage (470644K) : metal5_mask has 0 polygons
2026-08-11 10:07:07 +0200: Memory Usage (470644K) : metal5_nofill has 0 polygons
2026-08-11 10:07:07 +0200: Memory Usage (470644K) : metal5_text has 8 polygons
2026-08-11 10:07:07 +0200: Memory Usage (470644K) : metal5_OPC has 0 polygons
2026-08-11 10:07:07 +0200: Memory Usage (470644K) : metal5_noqrc has 0 polygons
2026-08-11 10:07:07 +0200: Memory Usage (470644K) : metal5_res has 0 polygons
2026-08-11 10:07:07 +0200: Memory Usage (470644K) : metal5_iprobe has 0 polygons
2026-08-11 10:07:07 +0200: Memory Usage (470644K) : metal5_diffprb has 0 polygons
2026-08-11 10:07:07 +0200: Memory Usage (470644K) : radhard_drw has 0 polygons
2026-08-11 10:07:07 +0200: Memory Usage (470644K) : memcap_drw has 0 polygons
2026-08-11 10:07:07 +0200: Memory Usage (470644K) : varicap_drw has 0 polygons
2026-08-11 10:07:07 +0200: Memory Usage (470644K) : intbondvia_drw has 0 polygons
2026-08-11 10:07:07 +0200: Memory Usage (470644K) : intbondmet_drw has 0 polygons
2026-08-11 10:07:07 +0200: Memory Usage (470644K) : devbondvia_drw has 0 polygons
2026-08-11 10:07:07 +0200: Memory Usage (470644K) : devbondmet_drw has 0 polygons
2026-08-11 10:07:07 +0200: Memory Usage (470644K) : devtrench_drw has 0 polygons
2026-08-11 10:07:07 +0200: Memory Usage (470644K) : redist_drw has 0 polygons
2026-08-11 10:07:07 +0200: Memory Usage (470644K) : graphbot_drw has 0 polygons
2026-08-11 10:07:07 +0200: Memory Usage (470644K) : graphtop_drw has 0 polygons
2026-08-11 10:07:07 +0200: Memory Usage (470644K) : antvia1_drw has 0 polygons
2026-08-11 10:07:07 +0200: Memory Usage (470644K) : antmetal2_drw has 0 polygons
2026-08-11 10:07:07 +0200: Memory Usage (470644K) : graphcont_drw has 0 polygons
2026-08-11 10:07:07 +0200: Memory Usage (470644K) : siwg_drw has 0 polygons
2026-08-11 10:07:07 +0200: Memory Usage (470644K) : siwg_filler has 0 polygons
2026-08-11 10:07:07 +0200: Memory Usage (470644K) : siwg_nofill has 0 polygons
2026-08-11 10:07:07 +0200: Memory Usage (470644K) : sigrating_drw has 0 polygons
2026-08-11 10:07:07 +0200: Memory Usage (470644K) : singrating_drw has 0 polygons
2026-08-11 10:07:07 +0200: Memory Usage (470644K) : graphpas_drw has 0 polygons
2026-08-11 10:07:07 +0200: Memory Usage (470644K) : emwind3_drw has 0 polygons
2026-08-11 10:07:07 +0200: Memory Usage (470644K) : emwihv3_drw has 0 polygons
2026-08-11 10:07:07 +0200: Memory Usage (470644K) : redbulay_drw has 0 polygons
2026-08-11 10:07:07 +0200: Memory Usage (470644K) : smos_drw has 0 polygons
2026-08-11 10:07:07 +0200: Memory Usage (470644K) : graphpad_drw has 0 polygons
2026-08-11 10:07:07 +0200: Memory Usage (470644K) : polimide_drw has 0 polygons
2026-08-11 10:07:07 +0200: Memory Usage (470644K) : polimide_pin has 0 polygons
2026-08-11 10:07:07 +0200: Memory Usage (470644K) : recog_drw has 0 polygons
2026-08-11 10:07:07 +0200: Memory Usage (470644K) : recog_pin has 0 polygons
2026-08-11 10:07:07 +0200: Memory Usage (470644K) : recog_esd has 0 polygons
2026-08-11 10:07:07 +0200: Memory Usage (470644K) : recog_diode has 6 polygons
2026-08-11 10:07:07 +0200: Memory Usage (470644K) : recog_tsv has 0 polygons
2026-08-11 10:07:07 +0200: Memory Usage (470644K) : recog_iprobe has 0 polygons
2026-08-11 10:07:07 +0200: Memory Usage (470644K) : recog_diffprb has 0 polygons
2026-08-11 10:07:07 +0200: Memory Usage (470644K) : recog_pillar has 0 polygons
2026-08-11 10:07:07 +0200: Memory Usage (470644K) : recog_sbump has 0 polygons
2026-08-11 10:07:07 +0200: Memory Usage (470644K) : recog_otp has 0 polygons
2026-08-11 10:07:07 +0200: Memory Usage (470644K) : recog_pdiode has 0 polygons
2026-08-11 10:07:07 +0200: Memory Usage (470644K) : recog_mom has 0 polygons
2026-08-11 10:07:07 +0200: Memory Usage (470644K) : recog_pcm has 0 polygons
2026-08-11 10:07:07 +0200: Memory Usage (470644K) : colopen_drw has 0 polygons
2026-08-11 10:07:07 +0200: Memory Usage (470644K) : graphmetal1_drw has 0 polygons
2026-08-11 10:07:07 +0200: Memory Usage (470644K) : graphmetal1_filler has 0 polygons
2026-08-11 10:07:07 +0200: Memory Usage (470644K) : graphmetal1_nofill has 0 polygons
2026-08-11 10:07:07 +0200: Memory Usage (470644K) : graphmetal1_slit has 0 polygons
2026-08-11 10:07:07 +0200: Memory Usage (470644K) : graphmetal1_OPC has 0 polygons
2026-08-11 10:07:07 +0200: Memory Usage (470644K) : graphmet1l_drw has 0 polygons
2026-08-11 10:07:07 +0200: Memory Usage (470644K) : graphmet1l_filler has 0 polygons
2026-08-11 10:07:07 +0200: Memory Usage (470644K) : graphmet1l_nofill has 0 polygons
2026-08-11 10:07:07 +0200: Memory Usage (470644K) : graphmet1l_slit has 0 polygons
2026-08-11 10:07:07 +0200: Memory Usage (470644K) : graphmet1l_OPC has 0 polygons
2026-08-11 10:07:07 +0200: Memory Usage (470644K) : extblock_drw has 8 polygons
2026-08-11 10:07:07 +0200: Memory Usage (470644K) : nldd_drw has 0 polygons
2026-08-11 10:07:07 +0200: Memory Usage (470644K) : pldd_drw has 0 polygons
2026-08-11 10:07:07 +0200: Memory Usage (470644K) : next_drw has 0 polygons
2026-08-11 10:07:07 +0200: Memory Usage (470644K) : pext_drw has 0 polygons
2026-08-11 10:07:07 +0200: Memory Usage (470644K) : nexthv_drw has 0 polygons
2026-08-11 10:07:07 +0200: Memory Usage (470644K) : pexthv_drw has 0 polygons
2026-08-11 10:07:07 +0200: Memory Usage (470644K) : graphgate_drw has 0 polygons
2026-08-11 10:07:07 +0200: Memory Usage (470644K) : sinwg_drw has 0 polygons
2026-08-11 10:07:07 +0200: Memory Usage (470644K) : sinwg_filler has 0 polygons
2026-08-11 10:07:07 +0200: Memory Usage (470644K) : sinwg_nofill has 0 polygons
2026-08-11 10:07:07 +0200: Memory Usage (470644K) : mempad_drw has 0 polygons
2026-08-11 10:07:07 +0200: Memory Usage (470644K) : topvia1_drw has 2315 polygons
2026-08-11 10:07:07 +0200: Memory Usage (470644K) : topmetal1_drw has 8 polygons
2026-08-11 10:07:07 +0200: Memory Usage (470644K) : topmetal1_filler has 0 polygons
2026-08-11 10:07:07 +0200: Memory Usage (470644K) : topmetal1_slit has 0 polygons
2026-08-11 10:07:07 +0200: Memory Usage (470644K) : topmetal1 has 8 polygons
2026-08-11 10:07:07 +0200: Memory Usage (470644K) : topmetal1_pin has 10 polygons
2026-08-11 10:07:07 +0200: Memory Usage (470644K) : topmetal1_mask has 0 polygons
2026-08-11 10:07:07 +0200: Memory Usage (470644K) : topmetal1_nofill has 0 polygons
2026-08-11 10:07:07 +0200: Memory Usage (470644K) : topmetal1_text has 8 polygons
2026-08-11 10:07:07 +0200: Memory Usage (470644K) : topmetal1_noqrc has 0 polygons
2026-08-11 10:07:07 +0200: Memory Usage (470644K) : topmetal1_res has 0 polygons
2026-08-11 10:07:07 +0200: Memory Usage (470644K) : topmetal1_iprobe has 0 polygons
2026-08-11 10:07:07 +0200: Memory Usage (470644K) : topmetal1_diffprb has 0 polygons
2026-08-11 10:07:07 +0200: Memory Usage (470644K) : inldpwl_drw has 0 polygons
2026-08-11 10:07:07 +0200: Memory Usage (470644K) : polyres_drw has 3 polygons
2026-08-11 10:07:07 +0200: Memory Usage (470644K) : polyres_pin has 0 polygons
2026-08-11 10:07:07 +0200: Memory Usage (470644K) : vmim_drw has 0 polygons
2026-08-11 10:07:07 +0200: Memory Usage (470644K) : nbulaycut_drw has 0 polygons
2026-08-11 10:07:07 +0200: Memory Usage (470644K) : antmetal1_drw has 0 polygons
2026-08-11 10:07:07 +0200: Memory Usage (470644K) : topvia2_drw has 1593 polygons
2026-08-11 10:07:07 +0200: Memory Usage (470644K) : topmetal2_drw has 6 polygons
2026-08-11 10:07:07 +0200: Memory Usage (470644K) : topmetal2_filler has 0 polygons
2026-08-11 10:07:07 +0200: Memory Usage (470644K) : topmetal2_slit has 0 polygons
2026-08-11 10:07:07 +0200: Memory Usage (470644K) : topmetal2 has 6 polygons
2026-08-11 10:07:07 +0200: Memory Usage (470644K) : topmetal2_pin has 6 polygons
2026-08-11 10:07:07 +0200: Memory Usage (470644K) : topmetal2_mask has 0 polygons
2026-08-11 10:07:07 +0200: Memory Usage (470644K) : topmetal2_nofill has 0 polygons
2026-08-11 10:07:07 +0200: Memory Usage (470644K) : topmetal2_text has 6 polygons
2026-08-11 10:07:07 +0200: Memory Usage (470644K) : topmetal2_noqrc has 0 polygons
2026-08-11 10:07:07 +0200: Memory Usage (470644K) : topmetal2_res has 0 polygons
2026-08-11 10:07:07 +0200: Memory Usage (470644K) : topmetal2_iprobe has 0 polygons
2026-08-11 10:07:07 +0200: Memory Usage (470644K) : topmetal2_diffprb has 0 polygons
2026-08-11 10:07:07 +0200: Memory Usage (470644K) : snsring_drw has 0 polygons
2026-08-11 10:07:07 +0200: Memory Usage (470644K) : sensor_drw has 0 polygons
2026-08-11 10:07:07 +0200: Memory Usage (470644K) : snsarms_drw has 0 polygons
2026-08-11 10:07:07 +0200: Memory Usage (470644K) : snscmosvia_drw has 0 polygons
2026-08-11 10:07:07 +0200: Memory Usage (470644K) : colwind_drw has 0 polygons
2026-08-11 10:07:07 +0200: Memory Usage (470644K) : flm_drw has 0 polygons
2026-08-11 10:07:07 +0200: Memory Usage (470644K) : hafniumox_drw has 0 polygons
2026-08-11 10:07:07 +0200: Memory Usage (470644K) : memvia_drw has 0 polygons
2026-08-11 10:07:07 +0200: Memory Usage (470644K) : thinfilmres_drw has 0 polygons
2026-08-11 10:07:07 +0200: Memory Usage (470644K) : rfmem_drw has 0 polygons
2026-08-11 10:07:07 +0200: Memory Usage (470644K) : norcx_drw has 0 polygons
2026-08-11 10:07:07 +0200: Memory Usage (470644K) : norcx_m2m3 has 0 polygons
2026-08-11 10:07:07 +0200: Memory Usage (470644K) : norcx_m2m4 has 0 polygons
2026-08-11 10:07:07 +0200: Memory Usage (470644K) : norcx_m2m5 has 0 polygons
2026-08-11 10:07:07 +0200: Memory Usage (470644K) : norcx_m2tm1 has 0 polygons
2026-08-11 10:07:07 +0200: Memory Usage (470644K) : norcx_m2tm2 has 0 polygons
2026-08-11 10:07:07 +0200: Memory Usage (470644K) : norcx_m3m4 has 0 polygons
2026-08-11 10:07:07 +0200: Memory Usage (470644K) : norcx_m3m5 has 0 polygons
2026-08-11 10:07:07 +0200: Memory Usage (470644K) : norcx_m3tm1 has 0 polygons
2026-08-11 10:07:07 +0200: Memory Usage (470644K) : norcx_m3tm2 has 0 polygons
2026-08-11 10:07:07 +0200: Memory Usage (470644K) : norcx_m4m5 has 0 polygons
2026-08-11 10:07:07 +0200: Memory Usage (470644K) : norcx_m4tm1 has 0 polygons
2026-08-11 10:07:07 +0200: Memory Usage (470644K) : norcx_m4tm2 has 0 polygons
2026-08-11 10:07:07 +0200: Memory Usage (470644K) : norcx_m5tm1 has 0 polygons
2026-08-11 10:07:07 +0200: Memory Usage (470644K) : norcx_m5tm2 has 0 polygons
2026-08-11 10:07:07 +0200: Memory Usage (470644K) : norcx_tm1tm2 has 0 polygons
2026-08-11 10:07:07 +0200: Memory Usage (470644K) : norcx_m1sub has 0 polygons
2026-08-11 10:07:07 +0200: Memory Usage (470772K) : norcx_m2sub has 0 polygons
2026-08-11 10:07:07 +0200: Memory Usage (470772K) : norcx_m3sub has 0 polygons
2026-08-11 10:07:07 +0200: Memory Usage (470900K) : norcx_m4sub has 0 polygons
2026-08-11 10:07:07 +0200: Memory Usage (470900K) : norcx_m5sub has 0 polygons
2026-08-11 10:07:07 +0200: Memory Usage (471028K) : norcx_tm1sub has 0 polygons
2026-08-11 10:07:07 +0200: Memory Usage (471028K) : norcx_tm2sub has 0 polygons
2026-08-11 10:07:07 +0200: Memory Usage (471156K) : snsbotvia_drw has 0 polygons
2026-08-11 10:07:07 +0200: Memory Usage (471156K) : snstopvia_drw has 0 polygons
2026-08-11 10:07:07 +0200: Memory Usage (471284K) : deepvia_drw has 0 polygons
2026-08-11 10:07:07 +0200: Memory Usage (471284K) : fgetch_drw has 0 polygons
2026-08-11 10:07:07 +0200: Memory Usage (471412K) : ctrgat_drw has 0 polygons
2026-08-11 10:07:07 +0200: Memory Usage (471540K) : fgimp_drw has 0 polygons
2026-08-11 10:07:07 +0200: Memory Usage (471540K) : emwihv_drw has 0 polygons
2026-08-11 10:07:07 +0200: Memory Usage (471668K) : lbe_drw has 0 polygons
2026-08-11 10:07:07 +0200: Memory Usage (471668K) : alcustop_drw has 0 polygons
2026-08-11 10:07:07 +0200: Memory Usage (471796K) : nometfiller_drw has 0 polygons
2026-08-11 10:07:07 +0200: Memory Usage (471796K) : prboundary_drw has 0 polygons
2026-08-11 10:07:07 +0200: Memory Usage (471924K) : exchange0_drw has 0 polygons
2026-08-11 10:07:07 +0200: Memory Usage (471924K) : exchange0_pin has 0 polygons
2026-08-11 10:07:07 +0200: Memory Usage (472052K) : exchange0_text has 0 polygons
2026-08-11 10:07:07 +0200: Memory Usage (472052K) : exchange1_drw has 0 polygons
2026-08-11 10:07:07 +0200: Memory Usage (472180K) : exchange1_pin has 0 polygons
2026-08-11 10:07:07 +0200: Memory Usage (472180K) : exchange1_text has 0 polygons
2026-08-11 10:07:07 +0200: Memory Usage (472308K) : exchange2_drw has 0 polygons
2026-08-11 10:07:07 +0200: Memory Usage (472308K) : exchange2_pin has 0 polygons
2026-08-11 10:07:07 +0200: Memory Usage (472436K) : exchange2_text has 0 polygons
2026-08-11 10:07:07 +0200: Memory Usage (472436K) : exchange3_drw has 0 polygons
2026-08-11 10:07:07 +0200: Memory Usage (472564K) : exchange3_pin has 0 polygons
2026-08-11 10:07:07 +0200: Memory Usage (472564K) : exchange3_text has 0 polygons
2026-08-11 10:07:07 +0200: Memory Usage (472692K) : exchange4_drw has 0 polygons
2026-08-11 10:07:07 +0200: Memory Usage (472692K) : exchange4_pin has 0 polygons
2026-08-11 10:07:07 +0200: Memory Usage (472820K) : exchange4_text has 0 polygons
2026-08-11 10:07:07 +0200: Memory Usage (472820K) : isonwell_drw has 0 polygons
2026-08-11 10:07:07 +0200: Memory Usage (472820K) : Total no. of polygons in the design is 59406
2026-08-11 10:07:07 +0200: Memory Usage (472820K) : Starting base layers derivations
2026-08-11 10:07:07 +0200: Memory Usage (472820K) : Starting general LVS derivations
2026-08-11 10:07:07 +0200: Memory Usage (481012K) : Starting MOSFET DERIVATIONS
2026-08-11 10:07:08 +0200: Memory Usage (483696K) : Starting NMOS DERIVATIONS
2026-08-11 10:07:08 +0200: Memory Usage (483696K) : Starting PMOS DERIVATIONS
2026-08-11 10:07:08 +0200: Memory Usage (483696K) : Starting RF-MOSFET DERIVATIONS
2026-08-11 10:07:08 +0200: Memory Usage (483696K) : Starting RF-NMOS DERIVATIONS
2026-08-11 10:07:08 +0200: Memory Usage (483696K) : Starting RF-PMOS DERIVATIONS
2026-08-11 10:07:08 +0200: Memory Usage (483696K) : Starting BJT DERIVATIONS
2026-08-11 10:07:08 +0200: Memory Usage (483696K) : Starting NPN-BJT DERIVATIONS
2026-08-11 10:07:08 +0200: Memory Usage (483696K) : Starting PNP-BJT DERIVATIONS
2026-08-11 10:07:08 +0200: Memory Usage (483696K) : Starting DIODE DERIVATIONS
2026-08-11 10:07:08 +0200: Memory Usage (483680K) : Starting RESISTOR DERIVATIONS
2026-08-11 10:07:09 +0200: Memory Usage (483936K) : Starting CAP DERIVATIONS
2026-08-11 10:07:09 +0200: Memory Usage (483936K) : Starting CAP_CMOM DERIVATIONS
2026-08-11 10:07:09 +0200: Memory Usage (483936K) : Starting ESD DERIVATIONS
2026-08-11 10:07:09 +0200: Memory Usage (484320K) : Starting Inductor DERIVATIONS
2026-08-11 10:07:09 +0200: Memory Usage (484320K) : Starting Taps DERIVATIONS
2026-08-11 10:07:09 +0200: Memory Usage (484320K) : Starting SG13G2 LVS connectivity setup
2026-08-11 10:07:09 +0200: Memory Usage (484320K) : Starting SG13G2 LVS connectivity setup (Inter-layer)
2026-08-11 10:07:09 +0200: Memory Usage (484448K) : Starting SG13G2 LVS connectivity setup (Global)
2026-08-11 10:07:09 +0200: Memory Usage (484448K) : Starting LVS MOSFET CONNECTIONS
2026-08-11 10:07:09 +0200: Memory Usage (484448K) : Starting LVS RF-MOSFET CONNECTIONS
2026-08-11 10:07:09 +0200: Memory Usage (484448K) : Starting LVS BJT CONNECTIONS
2026-08-11 10:07:09 +0200: Memory Usage (484448K) : Starting LVS DIODE CONNECTIONS
2026-08-11 10:07:09 +0200: Memory Usage (484448K) : Starting RESISTOR CONNECTIONS
2026-08-11 10:07:09 +0200: Memory Usage (484448K) : Starting LVS CAP CONNECTIONS
2026-08-11 10:07:09 +0200: Memory Usage (484448K) : Starting CAP_CMOM CONNECTIONS
2026-08-11 10:07:09 +0200: Memory Usage (484448K) : Starting ESD CONNECTIONS
2026-08-11 10:07:09 +0200: Memory Usage (484448K) : Starting Inductor CONNECTIONS
2026-08-11 10:07:09 +0200: Memory Usage (484448K) : Starting LVS Taps CONNECTIONS
2026-08-11 10:07:09 +0200: Memory Usage (484448K) : Starting SG13G2 LVS DEVICES EXTRACTION
2026-08-11 10:07:09 +0200: Memory Usage (484448K) : Starting MOSFET EXTRACTION
2026-08-11 10:07:09 +0200: Memory Usage (484448K) : Starting NMOS EXTRACTION
2026-08-11 10:07:09 +0200: Memory Usage (484448K) : Extraction of NMOS-LV transistor
2026-08-11 10:07:09 +0200: Memory Usage (484576K) : Extraction of NMOS-HV transistor
2026-08-11 10:07:09 +0200: Memory Usage (484704K) : Starting PMOS EXTRACTION
2026-08-11 10:07:09 +0200: Memory Usage (484704K) : Extraction of PMOS-LV transistor
2026-08-11 10:07:09 +0200: Memory Usage (484704K) : Extraction of PMOS-HV transistor
2026-08-11 10:07:09 +0200: Memory Usage (484704K) : Starting RF-MOSFET EXTRACTION
2026-08-11 10:07:09 +0200: Memory Usage (484704K) : Extraction of RF-NMOS-LV transistor
2026-08-11 10:07:09 +0200: Memory Usage (484704K) : Extraction of RF-NMOS-HV transistor
2026-08-11 10:07:09 +0200: Memory Usage (484704K) : Extraction of RF-PMOS-LV transistor
2026-08-11 10:07:09 +0200: Memory Usage (484704K) : Extraction of RF-PMOS-HV transistor
2026-08-11 10:07:09 +0200: Memory Usage (484704K) : Starting BJT EXTRACTION
2026-08-11 10:07:09 +0200: Memory Usage (484704K) : Starting NPN-BJT EXTRACTION
2026-08-11 10:07:09 +0200: Memory Usage (484704K) : Extraction of npn13G2 BJT transistor
2026-08-11 10:07:09 +0200: Memory Usage (484704K) : Extraction of npn13G2L BJT transistor
2026-08-11 10:07:09 +0200: Memory Usage (484704K) : Extraction of npn13G2V BJT transistor
2026-08-11 10:07:09 +0200: Memory Usage (484704K) : Starting PNP-BJT EXTRACTION
2026-08-11 10:07:09 +0200: Memory Usage (484704K) : Extracting pnpMPA BJT
2026-08-11 10:07:09 +0200: Memory Usage (484704K) : Starting DIODE EXTRACTION
2026-08-11 10:07:09 +0200: Memory Usage (484704K) : Extracting dantenna diode
2026-08-11 10:07:09 +0200: Memory Usage (484704K) : Extracting dpantenna diode
2026-08-11 10:07:09 +0200: Memory Usage (484704K) : Extracting schottky_nbl1 diode
2026-08-11 10:07:09 +0200: Memory Usage (484704K) : Extracting isolbox diode
2026-08-11 10:07:09 +0200: Memory Usage (484704K) : Starting RESISTOR EXTRACTION
2026-08-11 10:07:09 +0200: Memory Usage (484704K) : Extracting rsil resistor
2026-08-11 10:07:09 +0200: Memory Usage (484704K) : Extracting rppd resistor
2026-08-11 10:07:09 +0200: Memory Usage (484704K) : Extracting rhigh resistor
2026-08-11 10:07:09 +0200: Memory Usage (484704K) : Extracting res_metal1 resistor
2026-08-11 10:07:09 +0200: Memory Usage (484704K) : Extracting res_metal2 resistor
2026-08-11 10:07:09 +0200: Memory Usage (484704K) : Extracting res_metal3 resistor
2026-08-11 10:07:09 +0200: Memory Usage (484704K) : Extracting res_metal4 resistor
2026-08-11 10:07:09 +0200: Memory Usage (484704K) : Extracting res_metal5 resistor
2026-08-11 10:07:09 +0200: Memory Usage (484704K) : Extracting res_topmetal1 resistor
2026-08-11 10:07:09 +0200: Memory Usage (484704K) : Extracting res_topmetal2 resistor
2026-08-11 10:07:09 +0200: Memory Usage (484704K) : Starting CAP EXTRACTION
2026-08-11 10:07:09 +0200: Memory Usage (484704K) : Extracting cap_cmim device
2026-08-11 10:07:09 +0200: Memory Usage (484704K) : Extracting rfcmim device
2026-08-11 10:07:09 +0200: Memory Usage (484704K) : Extracting sg13_hv_svaricap varactor
2026-08-11 10:07:09 +0200: Memory Usage (484704K) : Extracting cap_cmomi device
2026-08-11 10:07:09 +0200: Memory Usage (484704K) : Extracting sg13_moscap_n capacitor
2026-08-11 10:07:09 +0200: Memory Usage (484704K) : Extracting sg13_moscap_p capacitor
2026-08-11 10:07:09 +0200: Memory Usage (484704K) : Starting ESD EXTRACTION
2026-08-11 10:07:09 +0200: Memory Usage (484704K) : Extracting diodevdd_2kv ESD device
2026-08-11 10:07:09 +0200: Memory Usage (484704K) : Extracting diodevdd_4kv ESD device
2026-08-11 10:07:09 +0200: Memory Usage (484704K) : Extracting diodevss_2kv ESD device
2026-08-11 10:07:09 +0200: Memory Usage (484704K) : Extracting diodevss_4kv ESD device
2026-08-11 10:07:09 +0200: Memory Usage (484704K) : Extracting idiodevdd_2kv ESD device
2026-08-11 10:07:09 +0200: Memory Usage (484704K) : Extracting idiodevdd_4kv ESD device
2026-08-11 10:07:09 +0200: Memory Usage (484704K) : Extracting idiodevss_2kv ESD device
2026-08-11 10:07:09 +0200: Memory Usage (484704K) : Extracting idiodevss_4kv ESD device
2026-08-11 10:07:09 +0200: Memory Usage (484704K) : Extracting nmoscl_2 ESD device
2026-08-11 10:07:09 +0200: Memory Usage (484704K) : Extracting nmoscl_4 ESD device
2026-08-11 10:07:09 +0200: Memory Usage (484704K) : Starting Inductor EXTRACTION
2026-08-11 10:07:09 +0200: Memory Usage (484704K) : Extracting Inductor2 device
2026-08-11 10:07:09 +0200: Memory Usage (484704K) : Extracting Inductor3 device
2026-08-11 10:07:09 +0200: Memory Usage (484704K) : Starting Taps EXTRACTION
2026-08-11 10:07:09 +0200: Memory Usage (484704K) : Extracting ntap1 device
2026-08-11 10:07:09 +0200: Memory Usage (484704K) : Extracting ptap1 device
2026-08-11 10:07:09 +0200: Memory Usage (484704K) : Starting SG13G2 LVS RF MOS Model Mapping
2026-08-11 10:07:10 +0200: Memory Usage (501088K) : [layout_netlist] Apply RF MOS model mapping and rfmode parameter.
2026-08-11 10:07:10 +0200: Memory Usage (501088K) : Starting SG13G2 LVS Options Preparations
2026-08-11 10:07:10 +0200: Memory Usage (501088K) : SG13G2 LVS flow: extraction -> alignment -> option preparation -> comparison.
2026-08-11 10:07:10 +0200: Memory Usage (501088K) : Starting SG13G2 LVS Alignment
2026-08-11 10:07:10 +0200: Memory Usage (501216K) : Starting SG13G2 LVS Simplification
2026-08-11 10:07:10 +0200: Memory Usage (501216K) : [layout_netlist] simplify: ENABLED
2026-08-11 10:07:10 +0200: Memory Usage (501216K) : [layout_netlist] make_top_level_pins: SKIPPED
2026-08-11 10:07:10 +0200: Memory Usage (501216K) : [layout_netlist] combine_devices: ENABLED
2026-08-11 10:07:10 +0200: Memory Usage (501216K) : [layout_netlist] purge: SKIPPED
2026-08-11 10:07:10 +0200: Memory Usage (501216K) : [layout_netlist] purge_nets: SKIPPED
2026-08-11 10:07:10 +0200: Memory Usage (501216K) : [schematic_netlist] simplify: ENABLED
2026-08-11 10:07:10 +0200: Memory Usage (501216K) : [schematic_netlist] make_top_level_pins: SKIPPED
2026-08-11 10:07:10 +0200: Memory Usage (501216K) : [schematic_netlist] combine_devices: ENABLED
2026-08-11 10:07:10 +0200: Memory Usage (501216K) : [schematic_netlist] purge: SKIPPED
2026-08-11 10:07:10 +0200: Memory Usage (501216K) : [schematic_netlist] purge_nets: SKIPPED
2026-08-11 10:07:10 +0200: Memory Usage (501216K) : Starting SG13G2 LVS Comparison
2026-08-11 10:07:10 +0200: Memory Usage (501344K) : ==========================================
2026-08-11 10:07:10 +0200: Memory Usage (501344K) : INFO : Congratulations! Netlists match.
2026-08-11 10:07:10 +0200: Memory Usage (501344K) : ==========================================
2026-08-11 10:07:10 +0200: Memory Usage (501344K) : LVS Total Run time 3.732688 seconds
11-Aug-2026 10:07:11 | INFO    | ==============================================================================
11-Aug-2026 10:07:11 | INFO    | Important Summary
11-Aug-2026 10:07:11 | INFO    | +------------------+-------------------------------------------------------------------------------------------+
11-Aug-2026 10:07:11 | INFO    | | Status           | PASS                                                                                      |
11-Aug-2026 10:07:11 | INFO    | | Mode             | COMPARE                                                                                   |
11-Aug-2026 10:07:11 | INFO    | | Outcome          | Comparison mode: PASS (netlists match).                                                   |
11-Aug-2026 10:07:11 | INFO    | | Layout           | sg13g2_IOPadAnalog.gds                                                                    |
11-Aug-2026 10:07:11 | INFO    | | Top Cell         | sg13g2_IOPadAnalog                                                                        |
11-Aug-2026 10:07:11 | INFO    | | Results Dir      | /foss/designs/ihp-open-pdk-regression/IOPADS/lvs_sweep/20260811_100703/sg13g2_IOPadAnalog |
11-Aug-2026 10:07:11 | INFO    | | Warnings         | 0                                                                                         |
11-Aug-2026 10:07:11 | INFO    | | Errors           | 0                                                                                         |
11-Aug-2026 10:07:11 | INFO    | | Run Time (s)     | 7.048                                                                                     |
11-Aug-2026 10:07:11 | INFO    | +------------------+-------------------------------------------------------------------------------------------+
11-Aug-2026 10:07:11 | INFO    | ==============================================================================
