# Logfile created on 2026-08-03 14:20:34 +0200 by logger.rb/v1.5.3
2026-08-03 14:20:34 +0200: Memory Usage (455272K) : Starting running SG13G2 Klayout LVS runset on /foss/designs/ihp-open-pdk-regression/IOPADS/layout/sg13g2_IOPadIOVss.gds
2026-08-03 14:20:34 +0200: Memory Usage (455272K) : Ruby Version for klayout: 3.2.3
2026-08-03 14:20:34 +0200: Memory Usage (457704K) : Loading database to memory is complete.
2026-08-03 14:20:34 +0200: Memory Usage (457704K) : SG13G2 Klayout LVS runset output at: /foss/designs/ihp-open-pdk-regression/IOPADS/lvs_sweep/20260803_141940/sg13g2_IOPadIOVss/sg13g2_IOPadIOVss.lvsdb
2026-08-03 14:20:34 +0200: Memory Usage (457704K) : Evaluate switches.
2026-08-03 14:20:34 +0200: Memory Usage (457704K) : Extracted netlist with net names: true
2026-08-03 14:20:34 +0200: Memory Usage (457704K) : Extracted netlist with comments in details: false
2026-08-03 14:20:34 +0200: Memory Usage (457704K) : Selected NET_ONLY option: false
2026-08-03 14:20:34 +0200: Memory Usage (457704K) : Selected LAYOUT_NETLIST option: (none)
2026-08-03 14:20:34 +0200: Memory Usage (457704K) : Selected IGNORE_TOP_PORTS_MISMATCH option: 
2026-08-03 14:20:34 +0200: Memory Usage (457704K) : Selected IMPLICIT_NETS option: (none)
2026-08-03 14:20:34 +0200: Memory Usage (457704K) : Selected TOP_LVL_PINS option: false
2026-08-03 14:20:34 +0200: Memory Usage (457704K) : Selected COMBINE DEVICES option: false
2026-08-03 14:20:34 +0200: Memory Usage (457704K) : Selected PURGE option: false
2026-08-03 14:20:34 +0200: Memory Usage (457704K) : Selected PURGE_NETS option: false
2026-08-03 14:20:34 +0200: Memory Usage (457704K) : Selected SIMPLIFY option: true
2026-08-03 14:20:34 +0200: Memory Usage (457704K) : Selected SERIES_RES option: true
2026-08-03 14:20:34 +0200: Memory Usage (457704K) : Selected PARALLEL_RES option: true
2026-08-03 14:20:34 +0200: Memory Usage (457704K) : Selected DISABLE_TAP_EXTRACTION option: false
2026-08-03 14:20:34 +0200: Memory Usage (457704K) : deep  mode is enabled.
2026-08-03 14:20:34 +0200: Memory Usage (457832K) : Netlist file: /foss/designs/ihp-open-pdk-regression/IOPADS/netlist/pads/sg13g2_IOPadIOVss.spi
2026-08-03 14:20:34 +0200: Memory Usage (457832K) : LVS extracted netlist at: /foss/designs/ihp-open-pdk-regression/IOPADS/lvs_sweep/20260803_141940/sg13g2_IOPadIOVss/sg13g2_IOPadIOVss_extracted.cir
2026-08-03 14:20:34 +0200: Memory Usage (457832K) : Applying SRAM integration support.
2026-08-03 14:20:34 +0200: Memory Usage (457832K) : Starting SG13G2 LVS runset
2026-08-03 14:20:34 +0200: Memory Usage (457832K) : Read in polygons from layers.
2026-08-03 14:20:34 +0200: Memory Usage (459368K) : activ_drw has 21 polygons
2026-08-03 14:20:34 +0200: Memory Usage (459368K) : activ_filler has 0 polygons
2026-08-03 14:20:34 +0200: Memory Usage (459496K) : activ has 21 polygons
2026-08-03 14:20:34 +0200: Memory Usage (459496K) : activ_pin has 0 polygons
2026-08-03 14:20:34 +0200: Memory Usage (459496K) : activ_mask has 0 polygons
2026-08-03 14:20:34 +0200: Memory Usage (459496K) : activ_nofill has 0 polygons
2026-08-03 14:20:34 +0200: Memory Usage (459496K) : activ_OPC has 0 polygons
2026-08-03 14:20:34 +0200: Memory Usage (459496K) : activ_iOPC has 0 polygons
2026-08-03 14:20:34 +0200: Memory Usage (459496K) : activ_noqrc has 0 polygons
2026-08-03 14:20:34 +0200: Memory Usage (459624K) : biwind_drw has 0 polygons
2026-08-03 14:20:34 +0200: Memory Usage (459880K) : biwind_OPC has 0 polygons
2026-08-03 14:20:34 +0200: Memory Usage (460008K) : gatpoly_drw has 0 polygons
2026-08-03 14:20:34 +0200: Memory Usage (460008K) : gatpoly_filler has 0 polygons
2026-08-03 14:20:34 +0200: Memory Usage (460136K) : gatpoly has 0 polygons
2026-08-03 14:20:34 +0200: Memory Usage (460136K) : gatpoly_pin has 0 polygons
2026-08-03 14:20:34 +0200: Memory Usage (460136K) : gatpoly_nofill has 0 polygons
2026-08-03 14:20:34 +0200: Memory Usage (460136K) : gatpoly_OPC has 0 polygons
2026-08-03 14:20:34 +0200: Memory Usage (460136K) : gatpoly_iOPC has 0 polygons
2026-08-03 14:20:34 +0200: Memory Usage (460136K) : gatpoly_noqrc has 0 polygons
2026-08-03 14:20:34 +0200: Memory Usage (463208K) : cont_drw has 73574 polygons
2026-08-03 14:20:34 +0200: Memory Usage (463208K) : cont_OPC has 0 polygons
2026-08-03 14:20:34 +0200: Memory Usage (463208K) : nsd_drw has 0 polygons
2026-08-03 14:20:34 +0200: Memory Usage (463208K) : nsd_block has 0 polygons
2026-08-03 14:20:34 +0200: Memory Usage (463208K) : metal1_drw has 37 polygons
2026-08-03 14:20:34 +0200: Memory Usage (463208K) : metal1_filler has 0 polygons
2026-08-03 14:20:34 +0200: Memory Usage (463208K) : metal1_slit has 0 polygons
2026-08-03 14:20:34 +0200: Memory Usage (463208K) : metal1 has 37 polygons
2026-08-03 14:20:34 +0200: Memory Usage (463208K) : metal1_pin has 14 polygons
2026-08-03 14:20:34 +0200: Memory Usage (463208K) : metal1_mask has 0 polygons
2026-08-03 14:20:34 +0200: Memory Usage (463208K) : metal1_nofill has 0 polygons
2026-08-03 14:20:34 +0200: Memory Usage (463464K) : metal1_text has 14 polygons
2026-08-03 14:20:34 +0200: Memory Usage (463464K) : metal1_OPC has 0 polygons
2026-08-03 14:20:34 +0200: Memory Usage (463464K) : metal1_noqrc has 0 polygons
2026-08-03 14:20:34 +0200: Memory Usage (463464K) : metal1_res has 0 polygons
2026-08-03 14:20:34 +0200: Memory Usage (463464K) : metal1_iprobe has 0 polygons
2026-08-03 14:20:34 +0200: Memory Usage (463464K) : metal1_diffprb has 0 polygons
2026-08-03 14:20:34 +0200: Memory Usage (463464K) : passiv_drw has 0 polygons
2026-08-03 14:20:34 +0200: Memory Usage (463464K) : passiv_pin has 0 polygons
2026-08-03 14:20:34 +0200: Memory Usage (463464K) : passiv_sbump has 0 polygons
2026-08-03 14:20:34 +0200: Memory Usage (463464K) : passiv_pillar has 0 polygons
2026-08-03 14:20:34 +0200: Memory Usage (463592K) : passiv_pdl has 0 polygons
2026-08-03 14:20:34 +0200: Memory Usage (463592K) : metal2_drw has 20 polygons
2026-08-03 14:20:34 +0200: Memory Usage (463848K) : metal2_filler has 0 polygons
2026-08-03 14:20:34 +0200: Memory Usage (463848K) : metal2_slit has 0 polygons
2026-08-03 14:20:34 +0200: Memory Usage (463848K) : metal2 has 20 polygons
2026-08-03 14:20:34 +0200: Memory Usage (463848K) : metal2_pin has 1 polygons
2026-08-03 14:20:34 +0200: Memory Usage (463848K) : metal2_mask has 0 polygons
2026-08-03 14:20:34 +0200: Memory Usage (463848K) : metal2_nofill has 0 polygons
2026-08-03 14:20:34 +0200: Memory Usage (463976K) : metal2_text has 1 polygons
2026-08-03 14:20:34 +0200: Memory Usage (463976K) : metal2_OPC has 0 polygons
2026-08-03 14:20:34 +0200: Memory Usage (464104K) : metal2_noqrc has 0 polygons
2026-08-03 14:20:34 +0200: Memory Usage (464104K) : metal2_res has 0 polygons
2026-08-03 14:20:34 +0200: Memory Usage (464232K) : metal2_iprobe has 0 polygons
2026-08-03 14:20:34 +0200: Memory Usage (464232K) : metal2_diffprb has 0 polygons
2026-08-03 14:20:34 +0200: Memory Usage (464360K) : baspoly_drw has 0 polygons
2026-08-03 14:20:34 +0200: Memory Usage (464360K) : baspoly_pin has 0 polygons
2026-08-03 14:20:34 +0200: Memory Usage (464488K) : psd_drw has 11 polygons
2026-08-03 14:20:34 +0200: Memory Usage (464488K) : nldb_drw has 0 polygons
2026-08-03 14:20:34 +0200: Memory Usage (464616K) : digibnd_drw has 0 polygons
2026-08-03 14:20:34 +0200: Memory Usage (464616K) : via1_drw has 2182 polygons
2026-08-03 14:20:34 +0200: Memory Usage (464744K) : backmetal1_drw has 0 polygons
2026-08-03 14:20:34 +0200: Memory Usage (464872K) : backmetal1_pin has 0 polygons
2026-08-03 14:20:34 +0200: Memory Usage (464872K) : backmetal1_mask has 0 polygons
2026-08-03 14:20:34 +0200: Memory Usage (465000K) : backmetal1_filler has 0 polygons
2026-08-03 14:20:34 +0200: Memory Usage (465000K) : backmetal1_nofill has 0 polygons
2026-08-03 14:20:34 +0200: Memory Usage (465128K) : backmetal1_slit has 0 polygons
2026-08-03 14:20:34 +0200: Memory Usage (465128K) : backmetal1_text has 0 polygons
2026-08-03 14:20:34 +0200: Memory Usage (465256K) : backmetal1_OPC has 0 polygons
2026-08-03 14:20:34 +0200: Memory Usage (465384K) : backmetal1_noqrc has 0 polygons
2026-08-03 14:20:34 +0200: Memory Usage (465384K) : backmetal1_res has 0 polygons
2026-08-03 14:20:34 +0200: Memory Usage (465512K) : backmetal1_iprobe has 0 polygons
2026-08-03 14:20:34 +0200: Memory Usage (465512K) : backmetal1_diffprb has 0 polygons
2026-08-03 14:20:34 +0200: Memory Usage (465640K) : backpassiv_drw has 0 polygons
2026-08-03 14:20:34 +0200: Memory Usage (465640K) : res_drw has 0 polygons
2026-08-03 14:20:34 +0200: Memory Usage (465768K) : sram_drw has 0 polygons
2026-08-03 14:20:34 +0200: Memory Usage (465896K) : trans_drw has 0 polygons
2026-08-03 14:20:34 +0200: Memory Usage (465896K) : ind_drw has 0 polygons
2026-08-03 14:20:34 +0200: Memory Usage (466024K) : ind_pin has 0 polygons
2026-08-03 14:20:34 +0200: Memory Usage (466024K) : ind_text has 0 polygons
2026-08-03 14:20:34 +0200: Memory Usage (466152K) : salblock_drw has 0 polygons
2026-08-03 14:20:34 +0200: Memory Usage (466408K) : via2_drw has 16312 polygons
2026-08-03 14:20:34 +0200: Memory Usage (466664K) : metal3_drw has 14 polygons
2026-08-03 14:20:34 +0200: Memory Usage (466664K) : metal3_filler has 0 polygons
2026-08-03 14:20:34 +0200: Memory Usage (466664K) : metal3_slit has 0 polygons
2026-08-03 14:20:34 +0200: Memory Usage (466792K) : metal3 has 14 polygons
2026-08-03 14:20:34 +0200: Memory Usage (466920K) : metal3_pin has 8 polygons
2026-08-03 14:20:34 +0200: Memory Usage (466920K) : metal3_mask has 0 polygons
2026-08-03 14:20:34 +0200: Memory Usage (467048K) : metal3_nofill has 0 polygons
2026-08-03 14:20:34 +0200: Memory Usage (467048K) : metal3_text has 8 polygons
2026-08-03 14:20:34 +0200: Memory Usage (467048K) : metal3_OPC has 0 polygons
2026-08-03 14:20:34 +0200: Memory Usage (467176K) : metal3_noqrc has 0 polygons
2026-08-03 14:20:34 +0200: Memory Usage (467176K) : metal3_res has 0 polygons
2026-08-03 14:20:34 +0200: Memory Usage (467304K) : metal3_iprobe has 0 polygons
2026-08-03 14:20:34 +0200: Memory Usage (467304K) : metal3_diffprb has 0 polygons
2026-08-03 14:20:34 +0200: Memory Usage (467432K) : nwell_drw has 8 polygons
2026-08-03 14:20:34 +0200: Memory Usage (467432K) : nwell_pin has 0 polygons
2026-08-03 14:20:34 +0200: Memory Usage (467560K) : nwell_text has 0 polygons
2026-08-03 14:20:34 +0200: Memory Usage (467560K) : nbulay_drw has 0 polygons
2026-08-03 14:20:34 +0200: Memory Usage (467688K) : nbulay_pin has 0 polygons
2026-08-03 14:20:34 +0200: Memory Usage (467688K) : nbulay_block has 0 polygons
2026-08-03 14:20:34 +0200: Memory Usage (467816K) : emwind_drw has 0 polygons
2026-08-03 14:20:34 +0200: Memory Usage (467944K) : emwind_OPC has 0 polygons
2026-08-03 14:20:34 +0200: Memory Usage (467944K) : deepco_drw has 0 polygons
2026-08-03 14:20:34 +0200: Memory Usage (468072K) : mim_drw has 0 polygons
2026-08-03 14:20:34 +0200: Memory Usage (468200K) : edgeseal_drw has 0 polygons
2026-08-03 14:20:34 +0200: Memory Usage (468200K) : substrate_drw has 9 polygons
2026-08-03 14:20:34 +0200: Memory Usage (468328K) : substrate_text has 0 polygons
2026-08-03 14:20:34 +0200: Memory Usage (468328K) : dfpad_drw has 0 polygons
2026-08-03 14:20:34 +0200: Memory Usage (468456K) : dfpad_pillar has 0 polygons
2026-08-03 14:20:34 +0200: Memory Usage (468456K) : dfpad_sbump has 0 polygons
2026-08-03 14:20:35 +0200: Memory Usage (468584K) : thickgateox_drw has 0 polygons
2026-08-03 14:20:35 +0200: Memory Usage (468584K) : pldb_drw has 0 polygons
2026-08-03 14:20:35 +0200: Memory Usage (468584K) : pwell_drw has 0 polygons
2026-08-03 14:20:35 +0200: Memory Usage (468584K) : pwell_pin has 0 polygons
2026-08-03 14:20:35 +0200: Memory Usage (468584K) : pwell_block has 0 polygons
2026-08-03 14:20:35 +0200: Memory Usage (468584K) : ic_drw has 0 polygons
2026-08-03 14:20:35 +0200: Memory Usage (468584K) : via3_drw has 2087 polygons
2026-08-03 14:20:35 +0200: Memory Usage (468584K) : metal4_drw has 8 polygons
2026-08-03 14:20:35 +0200: Memory Usage (468584K) : metal4_filler has 0 polygons
2026-08-03 14:20:35 +0200: Memory Usage (468584K) : metal4_slit has 0 polygons
2026-08-03 14:20:35 +0200: Memory Usage (468584K) : metal4 has 8 polygons
2026-08-03 14:20:35 +0200: Memory Usage (468584K) : metal4_pin has 8 polygons
2026-08-03 14:20:35 +0200: Memory Usage (468584K) : metal4_mask has 0 polygons
2026-08-03 14:20:35 +0200: Memory Usage (468584K) : metal4_nofill has 0 polygons
2026-08-03 14:20:35 +0200: Memory Usage (468584K) : metal4_text has 8 polygons
2026-08-03 14:20:35 +0200: Memory Usage (468584K) : metal4_OPC has 0 polygons
2026-08-03 14:20:35 +0200: Memory Usage (468584K) : metal4_noqrc has 0 polygons
2026-08-03 14:20:35 +0200: Memory Usage (468584K) : metal4_res has 0 polygons
2026-08-03 14:20:35 +0200: Memory Usage (468584K) : metal4_iprobe has 0 polygons
2026-08-03 14:20:35 +0200: Memory Usage (468584K) : metal4_diffprb has 0 polygons
2026-08-03 14:20:35 +0200: Memory Usage (468584K) : heattrans_drw has 0 polygons
2026-08-03 14:20:35 +0200: Memory Usage (468584K) : heatres_drw has 0 polygons
2026-08-03 14:20:35 +0200: Memory Usage (468584K) : fbe_drw has 0 polygons
2026-08-03 14:20:35 +0200: Memory Usage (468584K) : empoly_drw has 0 polygons
2026-08-03 14:20:35 +0200: Memory Usage (468584K) : digisub_drw has 0 polygons
2026-08-03 14:20:35 +0200: Memory Usage (468584K) : text_drw has 7 polygons
2026-08-03 14:20:35 +0200: Memory Usage (468584K) : via4_drw has 2371 polygons
2026-08-03 14:20:35 +0200: Memory Usage (468584K) : metal5_drw has 8 polygons
2026-08-03 14:20:35 +0200: Memory Usage (468584K) : metal5_filler has 0 polygons
2026-08-03 14:20:35 +0200: Memory Usage (468584K) : metal5_slit has 0 polygons
2026-08-03 14:20:35 +0200: Memory Usage (468584K) : metal5 has 8 polygons
2026-08-03 14:20:35 +0200: Memory Usage (468584K) : metal5_pin has 8 polygons
2026-08-03 14:20:35 +0200: Memory Usage (468584K) : metal5_mask has 0 polygons
2026-08-03 14:20:35 +0200: Memory Usage (468584K) : metal5_nofill has 0 polygons
2026-08-03 14:20:35 +0200: Memory Usage (468584K) : metal5_text has 8 polygons
2026-08-03 14:20:35 +0200: Memory Usage (468584K) : metal5_OPC has 0 polygons
2026-08-03 14:20:35 +0200: Memory Usage (468584K) : metal5_noqrc has 0 polygons
2026-08-03 14:20:35 +0200: Memory Usage (468584K) : metal5_res has 0 polygons
2026-08-03 14:20:35 +0200: Memory Usage (468584K) : metal5_iprobe has 0 polygons
2026-08-03 14:20:35 +0200: Memory Usage (468584K) : metal5_diffprb has 0 polygons
2026-08-03 14:20:35 +0200: Memory Usage (468584K) : radhard_drw has 0 polygons
2026-08-03 14:20:35 +0200: Memory Usage (468584K) : memcap_drw has 0 polygons
2026-08-03 14:20:35 +0200: Memory Usage (468584K) : varicap_drw has 0 polygons
2026-08-03 14:20:35 +0200: Memory Usage (468584K) : intbondvia_drw has 0 polygons
2026-08-03 14:20:35 +0200: Memory Usage (468584K) : intbondmet_drw has 0 polygons
2026-08-03 14:20:35 +0200: Memory Usage (468584K) : devbondvia_drw has 0 polygons
2026-08-03 14:20:35 +0200: Memory Usage (468584K) : devbondmet_drw has 0 polygons
2026-08-03 14:20:35 +0200: Memory Usage (468584K) : devtrench_drw has 0 polygons
2026-08-03 14:20:35 +0200: Memory Usage (468584K) : redist_drw has 0 polygons
2026-08-03 14:20:35 +0200: Memory Usage (468584K) : graphbot_drw has 0 polygons
2026-08-03 14:20:35 +0200: Memory Usage (468584K) : graphtop_drw has 0 polygons
2026-08-03 14:20:35 +0200: Memory Usage (468584K) : antvia1_drw has 0 polygons
2026-08-03 14:20:35 +0200: Memory Usage (468584K) : antmetal2_drw has 0 polygons
2026-08-03 14:20:35 +0200: Memory Usage (468584K) : graphcont_drw has 0 polygons
2026-08-03 14:20:35 +0200: Memory Usage (468584K) : siwg_drw has 0 polygons
2026-08-03 14:20:35 +0200: Memory Usage (468584K) : siwg_filler has 0 polygons
2026-08-03 14:20:35 +0200: Memory Usage (468584K) : siwg_nofill has 0 polygons
2026-08-03 14:20:35 +0200: Memory Usage (468584K) : sigrating_drw has 0 polygons
2026-08-03 14:20:35 +0200: Memory Usage (468584K) : singrating_drw has 0 polygons
2026-08-03 14:20:35 +0200: Memory Usage (468584K) : graphpas_drw has 0 polygons
2026-08-03 14:20:35 +0200: Memory Usage (468584K) : emwind3_drw has 0 polygons
2026-08-03 14:20:35 +0200: Memory Usage (468584K) : emwihv3_drw has 0 polygons
2026-08-03 14:20:35 +0200: Memory Usage (468584K) : redbulay_drw has 0 polygons
2026-08-03 14:20:35 +0200: Memory Usage (468584K) : smos_drw has 0 polygons
2026-08-03 14:20:35 +0200: Memory Usage (468584K) : graphpad_drw has 0 polygons
2026-08-03 14:20:35 +0200: Memory Usage (468584K) : polimide_drw has 0 polygons
2026-08-03 14:20:35 +0200: Memory Usage (468584K) : polimide_pin has 0 polygons
2026-08-03 14:20:35 +0200: Memory Usage (468584K) : recog_drw has 0 polygons
2026-08-03 14:20:35 +0200: Memory Usage (468584K) : recog_pin has 0 polygons
2026-08-03 14:20:35 +0200: Memory Usage (468584K) : recog_esd has 0 polygons
2026-08-03 14:20:35 +0200: Memory Usage (468584K) : recog_diode has 4 polygons
2026-08-03 14:20:35 +0200: Memory Usage (468584K) : recog_tsv has 0 polygons
2026-08-03 14:20:35 +0200: Memory Usage (468584K) : recog_iprobe has 0 polygons
2026-08-03 14:20:35 +0200: Memory Usage (468584K) : recog_diffprb has 0 polygons
2026-08-03 14:20:35 +0200: Memory Usage (468584K) : recog_pillar has 0 polygons
2026-08-03 14:20:35 +0200: Memory Usage (468584K) : recog_sbump has 0 polygons
2026-08-03 14:20:35 +0200: Memory Usage (468584K) : recog_otp has 0 polygons
2026-08-03 14:20:35 +0200: Memory Usage (468584K) : recog_pdiode has 0 polygons
2026-08-03 14:20:35 +0200: Memory Usage (468584K) : recog_mom has 0 polygons
2026-08-03 14:20:35 +0200: Memory Usage (468584K) : recog_pcm has 0 polygons
2026-08-03 14:20:35 +0200: Memory Usage (468584K) : colopen_drw has 0 polygons
2026-08-03 14:20:35 +0200: Memory Usage (468584K) : graphmetal1_drw has 0 polygons
2026-08-03 14:20:35 +0200: Memory Usage (468584K) : graphmetal1_filler has 0 polygons
2026-08-03 14:20:35 +0200: Memory Usage (468584K) : graphmetal1_nofill has 0 polygons
2026-08-03 14:20:35 +0200: Memory Usage (468584K) : graphmetal1_slit has 0 polygons
2026-08-03 14:20:35 +0200: Memory Usage (468584K) : graphmetal1_OPC has 0 polygons
2026-08-03 14:20:35 +0200: Memory Usage (468584K) : graphmet1l_drw has 0 polygons
2026-08-03 14:20:35 +0200: Memory Usage (468584K) : graphmet1l_filler has 0 polygons
2026-08-03 14:20:35 +0200: Memory Usage (468584K) : graphmet1l_nofill has 0 polygons
2026-08-03 14:20:35 +0200: Memory Usage (468584K) : graphmet1l_slit has 0 polygons
2026-08-03 14:20:35 +0200: Memory Usage (468584K) : graphmet1l_OPC has 0 polygons
2026-08-03 14:20:35 +0200: Memory Usage (468584K) : extblock_drw has 0 polygons
2026-08-03 14:20:35 +0200: Memory Usage (468584K) : nldd_drw has 0 polygons
2026-08-03 14:20:35 +0200: Memory Usage (468584K) : pldd_drw has 0 polygons
2026-08-03 14:20:35 +0200: Memory Usage (468584K) : next_drw has 0 polygons
2026-08-03 14:20:35 +0200: Memory Usage (468584K) : pext_drw has 0 polygons
2026-08-03 14:20:35 +0200: Memory Usage (468584K) : nexthv_drw has 0 polygons
2026-08-03 14:20:35 +0200: Memory Usage (468584K) : pexthv_drw has 0 polygons
2026-08-03 14:20:35 +0200: Memory Usage (468584K) : graphgate_drw has 0 polygons
2026-08-03 14:20:35 +0200: Memory Usage (468584K) : sinwg_drw has 0 polygons
2026-08-03 14:20:35 +0200: Memory Usage (468584K) : sinwg_filler has 0 polygons
2026-08-03 14:20:35 +0200: Memory Usage (468584K) : sinwg_nofill has 0 polygons
2026-08-03 14:20:35 +0200: Memory Usage (468584K) : mempad_drw has 0 polygons
2026-08-03 14:20:35 +0200: Memory Usage (468584K) : topvia1_drw has 2315 polygons
2026-08-03 14:20:35 +0200: Memory Usage (468584K) : topmetal1_drw has 8 polygons
2026-08-03 14:20:35 +0200: Memory Usage (468584K) : topmetal1_filler has 0 polygons
2026-08-03 14:20:35 +0200: Memory Usage (468584K) : topmetal1_slit has 0 polygons
2026-08-03 14:20:35 +0200: Memory Usage (468712K) : topmetal1 has 8 polygons
2026-08-03 14:20:35 +0200: Memory Usage (468712K) : topmetal1_pin has 8 polygons
2026-08-03 14:20:35 +0200: Memory Usage (468840K) : topmetal1_mask has 0 polygons
2026-08-03 14:20:35 +0200: Memory Usage (468840K) : topmetal1_nofill has 0 polygons
2026-08-03 14:20:35 +0200: Memory Usage (468840K) : topmetal1_text has 8 polygons
2026-08-03 14:20:35 +0200: Memory Usage (468968K) : topmetal1_noqrc has 0 polygons
2026-08-03 14:20:35 +0200: Memory Usage (468968K) : topmetal1_res has 0 polygons
2026-08-03 14:20:35 +0200: Memory Usage (469096K) : topmetal1_iprobe has 0 polygons
2026-08-03 14:20:35 +0200: Memory Usage (469096K) : topmetal1_diffprb has 0 polygons
2026-08-03 14:20:35 +0200: Memory Usage (469224K) : inldpwl_drw has 0 polygons
2026-08-03 14:20:35 +0200: Memory Usage (469224K) : polyres_drw has 0 polygons
2026-08-03 14:20:35 +0200: Memory Usage (469352K) : polyres_pin has 0 polygons
2026-08-03 14:20:35 +0200: Memory Usage (469352K) : vmim_drw has 0 polygons
2026-08-03 14:20:35 +0200: Memory Usage (469480K) : nbulaycut_drw has 0 polygons
2026-08-03 14:20:35 +0200: Memory Usage (469480K) : antmetal1_drw has 0 polygons
2026-08-03 14:20:35 +0200: Memory Usage (469608K) : topvia2_drw has 1593 polygons
2026-08-03 14:20:35 +0200: Memory Usage (469608K) : topmetal2_drw has 10 polygons
2026-08-03 14:20:35 +0200: Memory Usage (469736K) : topmetal2_filler has 0 polygons
2026-08-03 14:20:35 +0200: Memory Usage (469736K) : topmetal2_slit has 0 polygons
2026-08-03 14:20:35 +0200: Memory Usage (469864K) : topmetal2 has 10 polygons
2026-08-03 14:20:35 +0200: Memory Usage (469992K) : topmetal2_pin has 6 polygons
2026-08-03 14:20:35 +0200: Memory Usage (469992K) : topmetal2_mask has 0 polygons
2026-08-03 14:20:35 +0200: Memory Usage (470120K) : topmetal2_nofill has 0 polygons
2026-08-03 14:20:35 +0200: Memory Usage (470120K) : topmetal2_text has 6 polygons
2026-08-03 14:20:35 +0200: Memory Usage (470248K) : topmetal2_noqrc has 0 polygons
2026-08-03 14:20:35 +0200: Memory Usage (470248K) : topmetal2_res has 0 polygons
2026-08-03 14:20:35 +0200: Memory Usage (470376K) : topmetal2_iprobe has 0 polygons
2026-08-03 14:20:35 +0200: Memory Usage (470376K) : topmetal2_diffprb has 0 polygons
2026-08-03 14:20:35 +0200: Memory Usage (470376K) : snsring_drw has 0 polygons
2026-08-03 14:20:35 +0200: Memory Usage (470504K) : sensor_drw has 0 polygons
2026-08-03 14:20:35 +0200: Memory Usage (470504K) : snsarms_drw has 0 polygons
2026-08-03 14:20:35 +0200: Memory Usage (470632K) : snscmosvia_drw has 0 polygons
2026-08-03 14:20:35 +0200: Memory Usage (470632K) : colwind_drw has 0 polygons
2026-08-03 14:20:35 +0200: Memory Usage (470760K) : flm_drw has 0 polygons
2026-08-03 14:20:35 +0200: Memory Usage (470760K) : hafniumox_drw has 0 polygons
2026-08-03 14:20:35 +0200: Memory Usage (470888K) : memvia_drw has 0 polygons
2026-08-03 14:20:35 +0200: Memory Usage (470888K) : thinfilmres_drw has 0 polygons
2026-08-03 14:20:35 +0200: Memory Usage (471016K) : rfmem_drw has 0 polygons
2026-08-03 14:20:35 +0200: Memory Usage (471016K) : norcx_drw has 0 polygons
2026-08-03 14:20:35 +0200: Memory Usage (471144K) : norcx_m2m3 has 0 polygons
2026-08-03 14:20:35 +0200: Memory Usage (471144K) : norcx_m2m4 has 0 polygons
2026-08-03 14:20:35 +0200: Memory Usage (471272K) : norcx_m2m5 has 0 polygons
2026-08-03 14:20:35 +0200: Memory Usage (471272K) : norcx_m2tm1 has 0 polygons
2026-08-03 14:20:35 +0200: Memory Usage (471400K) : norcx_m2tm2 has 0 polygons
2026-08-03 14:20:35 +0200: Memory Usage (471400K) : norcx_m3m4 has 0 polygons
2026-08-03 14:20:35 +0200: Memory Usage (471528K) : norcx_m3m5 has 0 polygons
2026-08-03 14:20:35 +0200: Memory Usage (471528K) : norcx_m3tm1 has 0 polygons
2026-08-03 14:20:35 +0200: Memory Usage (471656K) : norcx_m3tm2 has 0 polygons
2026-08-03 14:20:35 +0200: Memory Usage (471656K) : norcx_m4m5 has 0 polygons
2026-08-03 14:20:35 +0200: Memory Usage (471784K) : norcx_m4tm1 has 0 polygons
2026-08-03 14:20:35 +0200: Memory Usage (471784K) : norcx_m4tm2 has 0 polygons
2026-08-03 14:20:35 +0200: Memory Usage (471912K) : norcx_m5tm1 has 0 polygons
2026-08-03 14:20:35 +0200: Memory Usage (471912K) : norcx_m5tm2 has 0 polygons
2026-08-03 14:20:35 +0200: Memory Usage (472040K) : norcx_tm1tm2 has 0 polygons
2026-08-03 14:20:35 +0200: Memory Usage (472040K) : norcx_m1sub has 0 polygons
2026-08-03 14:20:35 +0200: Memory Usage (472040K) : norcx_m2sub has 0 polygons
2026-08-03 14:20:35 +0200: Memory Usage (472168K) : norcx_m3sub has 0 polygons
2026-08-03 14:20:35 +0200: Memory Usage (472168K) : norcx_m4sub has 0 polygons
2026-08-03 14:20:35 +0200: Memory Usage (472296K) : norcx_m5sub has 0 polygons
2026-08-03 14:20:35 +0200: Memory Usage (472296K) : norcx_tm1sub has 0 polygons
2026-08-03 14:20:35 +0200: Memory Usage (472424K) : norcx_tm2sub has 0 polygons
2026-08-03 14:20:35 +0200: Memory Usage (472424K) : snsbotvia_drw has 0 polygons
2026-08-03 14:20:35 +0200: Memory Usage (472552K) : snstopvia_drw has 0 polygons
2026-08-03 14:20:35 +0200: Memory Usage (472552K) : deepvia_drw has 0 polygons
2026-08-03 14:20:35 +0200: Memory Usage (472680K) : fgetch_drw has 0 polygons
2026-08-03 14:20:35 +0200: Memory Usage (472680K) : ctrgat_drw has 0 polygons
2026-08-03 14:20:35 +0200: Memory Usage (472808K) : fgimp_drw has 0 polygons
2026-08-03 14:20:35 +0200: Memory Usage (472808K) : emwihv_drw has 0 polygons
2026-08-03 14:20:35 +0200: Memory Usage (472936K) : lbe_drw has 0 polygons
2026-08-03 14:20:35 +0200: Memory Usage (472936K) : alcustop_drw has 0 polygons
2026-08-03 14:20:35 +0200: Memory Usage (473064K) : nometfiller_drw has 0 polygons
2026-08-03 14:20:35 +0200: Memory Usage (473064K) : prboundary_drw has 0 polygons
2026-08-03 14:20:35 +0200: Memory Usage (473192K) : exchange0_drw has 0 polygons
2026-08-03 14:20:35 +0200: Memory Usage (473192K) : exchange0_pin has 0 polygons
2026-08-03 14:20:35 +0200: Memory Usage (473320K) : exchange0_text has 0 polygons
2026-08-03 14:20:35 +0200: Memory Usage (473320K) : exchange1_drw has 0 polygons
2026-08-03 14:20:35 +0200: Memory Usage (473320K) : exchange1_pin has 0 polygons
2026-08-03 14:20:35 +0200: Memory Usage (473448K) : exchange1_text has 0 polygons
2026-08-03 14:20:35 +0200: Memory Usage (473448K) : exchange2_drw has 0 polygons
2026-08-03 14:20:35 +0200: Memory Usage (473576K) : exchange2_pin has 0 polygons
2026-08-03 14:20:35 +0200: Memory Usage (473576K) : exchange2_text has 0 polygons
2026-08-03 14:20:35 +0200: Memory Usage (473704K) : exchange3_drw has 0 polygons
2026-08-03 14:20:35 +0200: Memory Usage (473704K) : exchange3_pin has 0 polygons
2026-08-03 14:20:35 +0200: Memory Usage (473832K) : exchange3_text has 0 polygons
2026-08-03 14:20:35 +0200: Memory Usage (473832K) : exchange4_drw has 0 polygons
2026-08-03 14:20:35 +0200: Memory Usage (473960K) : exchange4_pin has 0 polygons
2026-08-03 14:20:35 +0200: Memory Usage (473960K) : exchange4_text has 0 polygons
2026-08-03 14:20:35 +0200: Memory Usage (473960K) : isonwell_drw has 0 polygons
2026-08-03 14:20:35 +0200: Memory Usage (473960K) : Total no. of polygons in the design is 100705
2026-08-03 14:20:35 +0200: Memory Usage (473960K) : Starting base layers derivations
2026-08-03 14:20:35 +0200: Memory Usage (473960K) : Starting general LVS derivations
2026-08-03 14:20:35 +0200: Memory Usage (480360K) : Starting MOSFET DERIVATIONS
2026-08-03 14:20:36 +0200: Memory Usage (508956K) : Starting NMOS DERIVATIONS
2026-08-03 14:20:36 +0200: Memory Usage (508956K) : Starting PMOS DERIVATIONS
2026-08-03 14:20:36 +0200: Memory Usage (508956K) : Starting RF-MOSFET DERIVATIONS
2026-08-03 14:20:36 +0200: Memory Usage (508956K) : Starting RF-NMOS DERIVATIONS
2026-08-03 14:20:36 +0200: Memory Usage (508956K) : Starting RF-PMOS DERIVATIONS
2026-08-03 14:20:36 +0200: Memory Usage (508956K) : Starting BJT DERIVATIONS
2026-08-03 14:20:36 +0200: Memory Usage (508956K) : Starting NPN-BJT DERIVATIONS
2026-08-03 14:20:36 +0200: Memory Usage (508956K) : Starting PNP-BJT DERIVATIONS
2026-08-03 14:20:36 +0200: Memory Usage (508956K) : Starting DIODE DERIVATIONS
2026-08-03 14:20:37 +0200: Memory Usage (480848K) : Starting RESISTOR DERIVATIONS
2026-08-03 14:20:37 +0200: Memory Usage (480848K) : Starting CAP DERIVATIONS
2026-08-03 14:20:37 +0200: Memory Usage (480848K) : Starting ESD DERIVATIONS
2026-08-03 14:20:37 +0200: Memory Usage (484944K) : Starting Inductor DERIVATIONS
2026-08-03 14:20:37 +0200: Memory Usage (488528K) : Starting Taps DERIVATIONS
2026-08-03 14:20:37 +0200: Memory Usage (489040K) : Starting SG13G2 LVS connectivity setup
2026-08-03 14:20:37 +0200: Memory Usage (489040K) : Starting SG13G2 LVS connectivity setup (Inter-layer)
2026-08-03 14:20:37 +0200: Memory Usage (489168K) : Starting SG13G2 LVS connectivity setup (Global)
2026-08-03 14:20:37 +0200: Memory Usage (489168K) : Starting LVS MOSFET CONNECTIONS
2026-08-03 14:20:37 +0200: Memory Usage (489168K) : Starting LVS RF-MOSFET CONNECTIONS
2026-08-03 14:20:37 +0200: Memory Usage (489168K) : Starting LVS BJT CONNECTIONS
2026-08-03 14:20:37 +0200: Memory Usage (489168K) : Starting LVS DIODE CONNECTIONS
2026-08-03 14:20:37 +0200: Memory Usage (489168K) : Starting RESISTOR CONNECTIONS
2026-08-03 14:20:37 +0200: Memory Usage (489168K) : Starting LVS CAP CONNECTIONS
2026-08-03 14:20:37 +0200: Memory Usage (489168K) : Starting ESD CONNECTIONS
2026-08-03 14:20:37 +0200: Memory Usage (489168K) : Starting Inductor CONNECTIONS
2026-08-03 14:20:37 +0200: Memory Usage (489168K) : Starting LVS Taps CONNECTIONS
2026-08-03 14:20:37 +0200: Memory Usage (489168K) : Starting SG13G2 LVS DEVICES EXTRACTION
2026-08-03 14:20:37 +0200: Memory Usage (489168K) : Starting MOSFET EXTRACTION
2026-08-03 14:20:37 +0200: Memory Usage (489168K) : Starting NMOS EXTRACTION
2026-08-03 14:20:37 +0200: Memory Usage (489168K) : Extraction of NMOS-LV transistor
2026-08-03 14:20:37 +0200: Memory Usage (489168K) : Extraction of NMOS-HV transistor
2026-08-03 14:20:37 +0200: Memory Usage (489168K) : Starting PMOS EXTRACTION
2026-08-03 14:20:37 +0200: Memory Usage (489168K) : Extraction of PMOS-LV transistor
2026-08-03 14:20:37 +0200: Memory Usage (489168K) : Extraction of PMOS-HV transistor
2026-08-03 14:20:37 +0200: Memory Usage (489168K) : Starting RF-MOSFET EXTRACTION
2026-08-03 14:20:37 +0200: Memory Usage (489168K) : Extraction of RF-NMOS-LV transistor
2026-08-03 14:20:37 +0200: Memory Usage (489168K) : Extraction of RF-NMOS-HV transistor
2026-08-03 14:20:37 +0200: Memory Usage (489168K) : Extraction of RF-PMOS-LV transistor
2026-08-03 14:20:37 +0200: Memory Usage (489168K) : Extraction of RF-PMOS-HV transistor
2026-08-03 14:20:37 +0200: Memory Usage (489168K) : Starting BJT EXTRACTION
2026-08-03 14:20:37 +0200: Memory Usage (489168K) : Starting NPN-BJT EXTRACTION
2026-08-03 14:20:37 +0200: Memory Usage (489168K) : Extraction of npn13G2 BJT transistor
2026-08-03 14:20:37 +0200: Memory Usage (489168K) : Extraction of npn13G2L BJT transistor
2026-08-03 14:20:37 +0200: Memory Usage (489168K) : Extraction of npn13G2V BJT transistor
2026-08-03 14:20:37 +0200: Memory Usage (489168K) : Starting PNP-BJT EXTRACTION
2026-08-03 14:20:37 +0200: Memory Usage (489168K) : Extracting pnpMPA BJT
2026-08-03 14:20:37 +0200: Memory Usage (489296K) : Starting DIODE EXTRACTION
2026-08-03 14:20:37 +0200: Memory Usage (489296K) : Extracting dantenna diode
2026-08-03 14:20:37 +0200: Memory Usage (489296K) : Extracting dpantenna diode
2026-08-03 14:20:37 +0200: Memory Usage (489296K) : Extracting schottky_nbl1 diode
2026-08-03 14:20:37 +0200: Memory Usage (489296K) : Extracting isolbox diode
2026-08-03 14:20:37 +0200: Memory Usage (489296K) : Starting RESISTOR EXTRACTION
2026-08-03 14:20:37 +0200: Memory Usage (489296K) : Extracting rsil resistor
2026-08-03 14:20:37 +0200: Memory Usage (489296K) : Extracting rppd resistor
2026-08-03 14:20:37 +0200: Memory Usage (489296K) : Extracting rhigh resistor
2026-08-03 14:20:37 +0200: Memory Usage (489296K) : Extracting res_metal1 resistor
2026-08-03 14:20:37 +0200: Memory Usage (489424K) : Extracting res_metal2 resistor
2026-08-03 14:20:37 +0200: Memory Usage (489424K) : Extracting res_metal3 resistor
2026-08-03 14:20:37 +0200: Memory Usage (489424K) : Extracting res_metal4 resistor
2026-08-03 14:20:37 +0200: Memory Usage (489424K) : Extracting res_metal5 resistor
2026-08-03 14:20:37 +0200: Memory Usage (489424K) : Extracting res_topmetal1 resistor
2026-08-03 14:20:37 +0200: Memory Usage (489424K) : Extracting res_topmetal2 resistor
2026-08-03 14:20:37 +0200: Memory Usage (489424K) : Starting CAP EXTRACTION
2026-08-03 14:20:37 +0200: Memory Usage (489424K) : Extracting cap_cmim device
2026-08-03 14:20:37 +0200: Memory Usage (489424K) : Extracting rfcmim device
2026-08-03 14:20:37 +0200: Memory Usage (489424K) : Extracting sg13_hv_svaricap varactor
2026-08-03 14:20:37 +0200: Memory Usage (489424K) : Starting ESD EXTRACTION
2026-08-03 14:20:37 +0200: Memory Usage (489424K) : Extracting diodevdd_2kv ESD device
2026-08-03 14:20:37 +0200: Memory Usage (489424K) : Extracting diodevdd_4kv ESD device
2026-08-03 14:20:37 +0200: Memory Usage (489424K) : Extracting diodevss_2kv ESD device
2026-08-03 14:20:37 +0200: Memory Usage (489424K) : Extracting diodevss_4kv ESD device
2026-08-03 14:20:37 +0200: Memory Usage (489424K) : Extracting idiodevdd_2kv ESD device
2026-08-03 14:20:37 +0200: Memory Usage (489424K) : Extracting idiodevdd_4kv ESD device
2026-08-03 14:20:37 +0200: Memory Usage (489424K) : Extracting idiodevss_2kv ESD device
2026-08-03 14:20:37 +0200: Memory Usage (489424K) : Extracting idiodevss_4kv ESD device
2026-08-03 14:20:37 +0200: Memory Usage (489424K) : Extracting nmoscl_2 ESD device
2026-08-03 14:20:37 +0200: Memory Usage (489424K) : Extracting nmoscl_4 ESD device
2026-08-03 14:20:37 +0200: Memory Usage (489424K) : Starting Inductor EXTRACTION
2026-08-03 14:20:37 +0200: Memory Usage (489424K) : Extracting Inductor2 device
2026-08-03 14:20:37 +0200: Memory Usage (489424K) : Extracting Inductor3 device
2026-08-03 14:20:37 +0200: Memory Usage (489424K) : Starting Taps EXTRACTION
2026-08-03 14:20:37 +0200: Memory Usage (489424K) : Extracting ntap1 device
2026-08-03 14:20:37 +0200: Memory Usage (489424K) : Extracting ptap1 device
2026-08-03 14:20:37 +0200: Memory Usage (489424K) : Starting SG13G2 LVS RF MOS Model Mapping
2026-08-03 14:20:39 +0200: Memory Usage (499920K) : [layout_netlist] Apply RF MOS model mapping and rfmode parameter.
2026-08-03 14:20:39 +0200: Memory Usage (499920K) : Starting SG13G2 LVS Options Preparations
2026-08-03 14:20:39 +0200: Memory Usage (499920K) : SG13G2 LVS flow: extraction -> alignment -> option preparation -> comparison.
2026-08-03 14:20:39 +0200: Memory Usage (499920K) : Starting SG13G2 LVS Alignment
2026-08-03 14:20:39 +0200: Memory Usage (500048K) : Starting SG13G2 LVS Simplification
2026-08-03 14:20:39 +0200: Memory Usage (500048K) : [layout_netlist] simplify: ENABLED
2026-08-03 14:20:39 +0200: Memory Usage (500048K) : [layout_netlist] make_top_level_pins: SKIPPED
2026-08-03 14:20:39 +0200: Memory Usage (500048K) : [layout_netlist] combine_devices: SKIPPED
2026-08-03 14:20:39 +0200: Memory Usage (500048K) : [layout_netlist] purge: SKIPPED
2026-08-03 14:20:39 +0200: Memory Usage (500048K) : [layout_netlist] purge_nets: SKIPPED
2026-08-03 14:20:39 +0200: Memory Usage (500048K) : [schematic_netlist] simplify: ENABLED
2026-08-03 14:20:39 +0200: Memory Usage (500048K) : [schematic_netlist] make_top_level_pins: SKIPPED
2026-08-03 14:20:39 +0200: Memory Usage (500048K) : [schematic_netlist] combine_devices: SKIPPED
2026-08-03 14:20:39 +0200: Memory Usage (500048K) : [schematic_netlist] purge: SKIPPED
2026-08-03 14:20:39 +0200: Memory Usage (500048K) : [schematic_netlist] purge_nets: SKIPPED
2026-08-03 14:20:39 +0200: Memory Usage (500048K) : Starting SG13G2 LVS Comparison in strict port mode.
2026-08-03 14:20:39 +0200: Memory Usage (500048K) : flag_missing_ports enabled: missing/mislabeled top-level ports are treated as errors.
2026-08-03 14:20:39 +0200: Memory Usage (500048K) : xxxxxxxxxxxxxxxxxxxxxxxxxxxxxxxxxxxxxxxxxx
2026-08-03 14:20:39 +0200: Memory Usage (500048K) : ERROR : Netlists don't match
2026-08-03 14:20:39 +0200: Memory Usage (500048K) : xxxxxxxxxxxxxxxxxxxxxxxxxxxxxxxxxxxxxxxxxx
2026-08-03 14:20:39 +0200: Memory Usage (500048K) : LVS Total Run time 4.737611 seconds
