03-Aug-2026 14:09:29 | INFO    | Your Klayout version is: KLayout 0.30.9 (required >= 0.30.5)
03-Aug-2026 14:09:29 | INFO    | Running SG13G2 LVS checks on design /foss/designs/ihp-open-pdk-regression/IOPADS/layout/sg13g2_IOPadAnalog.gds on cell sg13g2_IOPadAnalog
2026-08-03 14:09:32 +0200: Memory Usage (455448K) : Starting running SG13G2 Klayout LVS runset on /foss/designs/ihp-open-pdk-regression/IOPADS/layout/sg13g2_IOPadAnalog.gds
2026-08-03 14:09:32 +0200: Memory Usage (455448K) : Ruby Version for klayout: 3.2.3
2026-08-03 14:09:32 +0200: Memory Usage (457112K) : Loading database to memory is complete.
2026-08-03 14:09:32 +0200: Memory Usage (457112K) : SG13G2 Klayout LVS runset output at: /foss/designs/ihp-open-pdk-regression/IOPADS/lvs_sweep/20260803_140929/sg13g2_IOPadAnalog/sg13g2_IOPadAnalog.lvsdb
2026-08-03 14:09:32 +0200: Memory Usage (457112K) : Evaluate switches.
2026-08-03 14:09:32 +0200: Memory Usage (457112K) : Extracted netlist with net names: true
2026-08-03 14:09:32 +0200: Memory Usage (457112K) : Extracted netlist with comments in details: false
2026-08-03 14:09:32 +0200: Memory Usage (457112K) : Selected NET_ONLY option: false
2026-08-03 14:09:32 +0200: Memory Usage (457112K) : Selected LAYOUT_NETLIST option: (none)
2026-08-03 14:09:32 +0200: Memory Usage (457112K) : Selected IGNORE_TOP_PORTS_MISMATCH option: 
2026-08-03 14:09:32 +0200: Memory Usage (457112K) : Selected IMPLICIT_NETS option: (none)
2026-08-03 14:09:32 +0200: Memory Usage (457112K) : Selected TOP_LVL_PINS option: false
2026-08-03 14:09:32 +0200: Memory Usage (457112K) : Selected COMBINE DEVICES option: false
2026-08-03 14:09:32 +0200: Memory Usage (457112K) : Selected PURGE option: false
2026-08-03 14:09:32 +0200: Memory Usage (457112K) : Selected PURGE_NETS option: false
2026-08-03 14:09:32 +0200: Memory Usage (457112K) : Selected SIMPLIFY option: true
2026-08-03 14:09:32 +0200: Memory Usage (457112K) : Selected SERIES_RES option: true
2026-08-03 14:09:32 +0200: Memory Usage (457112K) : Selected PARALLEL_RES option: true
2026-08-03 14:09:32 +0200: Memory Usage (457112K) : Selected DISABLE_TAP_EXTRACTION option: false
2026-08-03 14:09:32 +0200: Memory Usage (457112K) : deep  mode is enabled.
2026-08-03 14:09:32 +0200: Memory Usage (457496K) : Netlist file: /foss/designs/ihp-open-pdk-regression/IOPADS/netlist/pads/sg13g2_IOPadAnalog.spi
2026-08-03 14:09:32 +0200: Memory Usage (457496K) : LVS extracted netlist at: /foss/designs/ihp-open-pdk-regression/IOPADS/lvs_sweep/20260803_140929/sg13g2_IOPadAnalog/sg13g2_IOPadAnalog_extracted.cir
2026-08-03 14:09:32 +0200: Memory Usage (457496K) : Applying SRAM integration support.
2026-08-03 14:09:32 +0200: Memory Usage (457496K) : Starting SG13G2 LVS runset
2026-08-03 14:09:32 +0200: Memory Usage (457496K) : Read in polygons from layers.
2026-08-03 14:09:32 +0200: Memory Usage (458904K) : activ_drw has 51 polygons
2026-08-03 14:09:32 +0200: Memory Usage (458904K) : activ_filler has 0 polygons
2026-08-03 14:09:32 +0200: Memory Usage (459032K) : activ has 51 polygons
2026-08-03 14:09:32 +0200: Memory Usage (459160K) : activ_pin has 0 polygons
2026-08-03 14:09:32 +0200: Memory Usage (459160K) : activ_mask has 0 polygons
2026-08-03 14:09:32 +0200: Memory Usage (459160K) : activ_nofill has 0 polygons
2026-08-03 14:09:32 +0200: Memory Usage (459160K) : activ_OPC has 0 polygons
2026-08-03 14:09:32 +0200: Memory Usage (459160K) : activ_iOPC has 0 polygons
2026-08-03 14:09:32 +0200: Memory Usage (459160K) : activ_noqrc has 0 polygons
2026-08-03 14:09:32 +0200: Memory Usage (459160K) : biwind_drw has 0 polygons
2026-08-03 14:09:32 +0200: Memory Usage (459160K) : biwind_OPC has 0 polygons
2026-08-03 14:09:32 +0200: Memory Usage (459160K) : gatpoly_drw has 49 polygons
2026-08-03 14:09:32 +0200: Memory Usage (459160K) : gatpoly_filler has 0 polygons
2026-08-03 14:09:32 +0200: Memory Usage (459288K) : gatpoly has 49 polygons
2026-08-03 14:09:32 +0200: Memory Usage (459288K) : gatpoly_pin has 0 polygons
2026-08-03 14:09:32 +0200: Memory Usage (459416K) : gatpoly_nofill has 0 polygons
2026-08-03 14:09:32 +0200: Memory Usage (459416K) : gatpoly_OPC has 0 polygons
2026-08-03 14:09:32 +0200: Memory Usage (459544K) : gatpoly_iOPC has 0 polygons
2026-08-03 14:09:32 +0200: Memory Usage (459544K) : gatpoly_noqrc has 0 polygons
2026-08-03 14:09:32 +0200: Memory Usage (461080K) : cont_drw has 46288 polygons
2026-08-03 14:09:32 +0200: Memory Usage (461208K) : cont_OPC has 0 polygons
2026-08-03 14:09:32 +0200: Memory Usage (461208K) : nsd_drw has 0 polygons
2026-08-03 14:09:32 +0200: Memory Usage (461208K) : nsd_block has 0 polygons
2026-08-03 14:09:32 +0200: Memory Usage (461208K) : metal1_drw has 344 polygons
2026-08-03 14:09:32 +0200: Memory Usage (461208K) : metal1_filler has 0 polygons
2026-08-03 14:09:32 +0200: Memory Usage (461208K) : metal1_slit has 0 polygons
2026-08-03 14:09:32 +0200: Memory Usage (461336K) : metal1 has 344 polygons
2026-08-03 14:09:32 +0200: Memory Usage (461336K) : metal1_pin has 22 polygons
2026-08-03 14:09:32 +0200: Memory Usage (461336K) : metal1_mask has 0 polygons
2026-08-03 14:09:32 +0200: Memory Usage (461720K) : metal1_nofill has 0 polygons
2026-08-03 14:09:32 +0200: Memory Usage (461976K) : metal1_text has 18 polygons
2026-08-03 14:09:32 +0200: Memory Usage (461976K) : metal1_OPC has 0 polygons
2026-08-03 14:09:32 +0200: Memory Usage (461976K) : metal1_noqrc has 0 polygons
2026-08-03 14:09:32 +0200: Memory Usage (461976K) : metal1_res has 0 polygons
2026-08-03 14:09:32 +0200: Memory Usage (461976K) : metal1_iprobe has 0 polygons
2026-08-03 14:09:32 +0200: Memory Usage (461976K) : metal1_diffprb has 0 polygons
2026-08-03 14:09:32 +0200: Memory Usage (461976K) : passiv_drw has 0 polygons
2026-08-03 14:09:32 +0200: Memory Usage (461976K) : passiv_pin has 0 polygons
2026-08-03 14:09:32 +0200: Memory Usage (462104K) : passiv_sbump has 0 polygons
2026-08-03 14:09:32 +0200: Memory Usage (462104K) : passiv_pillar has 0 polygons
2026-08-03 14:09:32 +0200: Memory Usage (462232K) : passiv_pdl has 0 polygons
2026-08-03 14:09:32 +0200: Memory Usage (462232K) : metal2_drw has 96 polygons
2026-08-03 14:09:32 +0200: Memory Usage (462360K) : metal2_filler has 0 polygons
2026-08-03 14:09:32 +0200: Memory Usage (462360K) : metal2_slit has 0 polygons
2026-08-03 14:09:32 +0200: Memory Usage (462488K) : metal2 has 96 polygons
2026-08-03 14:09:32 +0200: Memory Usage (462488K) : metal2_pin has 26 polygons
2026-08-03 14:09:32 +0200: Memory Usage (462616K) : metal2_mask has 0 polygons
2026-08-03 14:09:32 +0200: Memory Usage (462616K) : metal2_nofill has 0 polygons
2026-08-03 14:09:32 +0200: Memory Usage (462744K) : metal2_text has 26 polygons
2026-08-03 14:09:32 +0200: Memory Usage (462744K) : metal2_OPC has 0 polygons
2026-08-03 14:09:32 +0200: Memory Usage (462872K) : metal2_noqrc has 0 polygons
2026-08-03 14:09:32 +0200: Memory Usage (463000K) : metal2_res has 0 polygons
2026-08-03 14:09:32 +0200: Memory Usage (463000K) : metal2_iprobe has 0 polygons
2026-08-03 14:09:32 +0200: Memory Usage (463128K) : metal2_diffprb has 0 polygons
2026-08-03 14:09:32 +0200: Memory Usage (463128K) : baspoly_drw has 0 polygons
2026-08-03 14:09:32 +0200: Memory Usage (463256K) : baspoly_pin has 0 polygons
2026-08-03 14:09:32 +0200: Memory Usage (463256K) : psd_drw has 35 polygons
2026-08-03 14:09:32 +0200: Memory Usage (463384K) : nldb_drw has 0 polygons
2026-08-03 14:09:32 +0200: Memory Usage (463384K) : digibnd_drw has 0 polygons
2026-08-03 14:09:32 +0200: Memory Usage (463512K) : via1_drw has 1936 polygons
2026-08-03 14:09:32 +0200: Memory Usage (463640K) : backmetal1_drw has 0 polygons
2026-08-03 14:09:32 +0200: Memory Usage (463640K) : backmetal1_pin has 0 polygons
2026-08-03 14:09:32 +0200: Memory Usage (463768K) : backmetal1_mask has 0 polygons
2026-08-03 14:09:32 +0200: Memory Usage (463768K) : backmetal1_filler has 0 polygons
2026-08-03 14:09:32 +0200: Memory Usage (463896K) : backmetal1_nofill has 0 polygons
2026-08-03 14:09:32 +0200: Memory Usage (463896K) : backmetal1_slit has 0 polygons
2026-08-03 14:09:32 +0200: Memory Usage (464024K) : backmetal1_text has 0 polygons
2026-08-03 14:09:32 +0200: Memory Usage (464024K) : backmetal1_OPC has 0 polygons
2026-08-03 14:09:32 +0200: Memory Usage (464152K) : backmetal1_noqrc has 0 polygons
2026-08-03 14:09:32 +0200: Memory Usage (464280K) : backmetal1_res has 0 polygons
2026-08-03 14:09:32 +0200: Memory Usage (464280K) : backmetal1_iprobe has 0 polygons
2026-08-03 14:09:32 +0200: Memory Usage (464408K) : backmetal1_diffprb has 0 polygons
2026-08-03 14:09:32 +0200: Memory Usage (464408K) : backpassiv_drw has 0 polygons
2026-08-03 14:09:32 +0200: Memory Usage (464536K) : res_drw has 0 polygons
2026-08-03 14:09:32 +0200: Memory Usage (464536K) : sram_drw has 0 polygons
2026-08-03 14:09:32 +0200: Memory Usage (464664K) : trans_drw has 0 polygons
2026-08-03 14:09:32 +0200: Memory Usage (464664K) : ind_drw has 0 polygons
2026-08-03 14:09:32 +0200: Memory Usage (464792K) : ind_pin has 0 polygons
2026-08-03 14:09:32 +0200: Memory Usage (464920K) : ind_text has 0 polygons
2026-08-03 14:09:32 +0200: Memory Usage (464920K) : salblock_drw has 3 polygons
2026-08-03 14:09:32 +0200: Memory Usage (465048K) : via2_drw has 1926 polygons
2026-08-03 14:09:32 +0200: Memory Usage (465048K) : metal3_drw has 32 polygons
2026-08-03 14:09:32 +0200: Memory Usage (465176K) : metal3_filler has 0 polygons
2026-08-03 14:09:32 +0200: Memory Usage (465176K) : metal3_slit has 0 polygons
2026-08-03 14:09:32 +0200: Memory Usage (465304K) : metal3 has 32 polygons
2026-08-03 14:09:32 +0200: Memory Usage (465432K) : metal3_pin has 10 polygons
2026-08-03 14:09:32 +0200: Memory Usage (465560K) : metal3_mask has 0 polygons
2026-08-03 14:09:32 +0200: Memory Usage (465560K) : metal3_nofill has 0 polygons
2026-08-03 14:09:32 +0200: Memory Usage (465688K) : metal3_text has 10 polygons
2026-08-03 14:09:32 +0200: Memory Usage (465688K) : metal3_OPC has 0 polygons
2026-08-03 14:09:32 +0200: Memory Usage (465816K) : metal3_noqrc has 0 polygons
2026-08-03 14:09:32 +0200: Memory Usage (465816K) : metal3_res has 0 polygons
2026-08-03 14:09:32 +0200: Memory Usage (465944K) : metal3_iprobe has 0 polygons
2026-08-03 14:09:32 +0200: Memory Usage (465944K) : metal3_diffprb has 0 polygons
2026-08-03 14:09:32 +0200: Memory Usage (466072K) : nwell_drw has 19 polygons
2026-08-03 14:09:32 +0200: Memory Usage (466072K) : nwell_pin has 0 polygons
2026-08-03 14:09:32 +0200: Memory Usage (466072K) : nwell_text has 0 polygons
2026-08-03 14:09:32 +0200: Memory Usage (466200K) : nbulay_drw has 0 polygons
2026-08-03 14:09:32 +0200: Memory Usage (466200K) : nbulay_pin has 0 polygons
2026-08-03 14:09:32 +0200: Memory Usage (466328K) : nbulay_block has 0 polygons
2026-08-03 14:09:32 +0200: Memory Usage (466328K) : emwind_drw has 0 polygons
2026-08-03 14:09:32 +0200: Memory Usage (466456K) : emwind_OPC has 0 polygons
2026-08-03 14:09:32 +0200: Memory Usage (466456K) : deepco_drw has 0 polygons
2026-08-03 14:09:32 +0200: Memory Usage (466584K) : mim_drw has 0 polygons
2026-08-03 14:09:32 +0200: Memory Usage (466584K) : edgeseal_drw has 0 polygons
2026-08-03 14:09:32 +0200: Memory Usage (466712K) : substrate_drw has 19 polygons
2026-08-03 14:09:32 +0200: Memory Usage (466712K) : substrate_text has 0 polygons
2026-08-03 14:09:32 +0200: Memory Usage (466840K) : dfpad_drw has 0 polygons
2026-08-03 14:09:32 +0200: Memory Usage (466840K) : dfpad_pillar has 0 polygons
2026-08-03 14:09:32 +0200: Memory Usage (466840K) : dfpad_sbump has 0 polygons
2026-08-03 14:09:32 +0200: Memory Usage (466968K) : thickgateox_drw has 2 polygons
2026-08-03 14:09:32 +0200: Memory Usage (466968K) : pldb_drw has 0 polygons
2026-08-03 14:09:32 +0200: Memory Usage (467096K) : pwell_drw has 0 polygons
2026-08-03 14:09:32 +0200: Memory Usage (467096K) : pwell_pin has 0 polygons
2026-08-03 14:09:32 +0200: Memory Usage (467224K) : pwell_block has 0 polygons
2026-08-03 14:09:32 +0200: Memory Usage (467224K) : ic_drw has 0 polygons
2026-08-03 14:09:32 +0200: Memory Usage (467352K) : via3_drw has 2087 polygons
2026-08-03 14:09:32 +0200: Memory Usage (467480K) : metal4_drw has 8 polygons
2026-08-03 14:09:32 +0200: Memory Usage (467480K) : metal4_filler has 0 polygons
2026-08-03 14:09:32 +0200: Memory Usage (467608K) : metal4_slit has 0 polygons
2026-08-03 14:09:32 +0200: Memory Usage (467736K) : metal4 has 8 polygons
2026-08-03 14:09:32 +0200: Memory Usage (467736K) : metal4_pin has 8 polygons
2026-08-03 14:09:32 +0200: Memory Usage (467864K) : metal4_mask has 0 polygons
2026-08-03 14:09:32 +0200: Memory Usage (467864K) : metal4_nofill has 0 polygons
2026-08-03 14:09:32 +0200: Memory Usage (467864K) : metal4_text has 8 polygons
2026-08-03 14:09:32 +0200: Memory Usage (467992K) : metal4_OPC has 0 polygons
2026-08-03 14:09:32 +0200: Memory Usage (467992K) : metal4_noqrc has 0 polygons
2026-08-03 14:09:32 +0200: Memory Usage (468120K) : metal4_res has 0 polygons
2026-08-03 14:09:32 +0200: Memory Usage (468120K) : metal4_iprobe has 0 polygons
2026-08-03 14:09:32 +0200: Memory Usage (468248K) : metal4_diffprb has 0 polygons
2026-08-03 14:09:32 +0200: Memory Usage (468248K) : heattrans_drw has 0 polygons
2026-08-03 14:09:32 +0200: Memory Usage (468376K) : heatres_drw has 2 polygons
2026-08-03 14:09:33 +0200: Memory Usage (468376K) : fbe_drw has 0 polygons
2026-08-03 14:09:33 +0200: Memory Usage (468504K) : empoly_drw has 0 polygons
2026-08-03 14:09:33 +0200: Memory Usage (468504K) : digisub_drw has 0 polygons
2026-08-03 14:09:33 +0200: Memory Usage (468632K) : text_drw has 17 polygons
2026-08-03 14:09:33 +0200: Memory Usage (468632K) : via4_drw has 2371 polygons
2026-08-03 14:09:33 +0200: Memory Usage (468760K) : metal5_drw has 8 polygons
2026-08-03 14:09:33 +0200: Memory Usage (468760K) : metal5_filler has 0 polygons
2026-08-03 14:09:33 +0200: Memory Usage (468888K) : metal5_slit has 0 polygons
2026-08-03 14:09:33 +0200: Memory Usage (469016K) : metal5 has 8 polygons
2026-08-03 14:09:33 +0200: Memory Usage (469016K) : metal5_pin has 8 polygons
2026-08-03 14:09:33 +0200: Memory Usage (469144K) : metal5_mask has 0 polygons
2026-08-03 14:09:33 +0200: Memory Usage (469144K) : metal5_nofill has 0 polygons
2026-08-03 14:09:33 +0200: Memory Usage (469272K) : metal5_text has 8 polygons
2026-08-03 14:09:33 +0200: Memory Usage (469272K) : metal5_OPC has 0 polygons
2026-08-03 14:09:33 +0200: Memory Usage (469400K) : metal5_noqrc has 0 polygons
2026-08-03 14:09:33 +0200: Memory Usage (469400K) : metal5_res has 0 polygons
2026-08-03 14:09:33 +0200: Memory Usage (469400K) : metal5_iprobe has 0 polygons
2026-08-03 14:09:33 +0200: Memory Usage (469528K) : metal5_diffprb has 0 polygons
2026-08-03 14:09:33 +0200: Memory Usage (469528K) : radhard_drw has 0 polygons
2026-08-03 14:09:33 +0200: Memory Usage (469656K) : memcap_drw has 0 polygons
2026-08-03 14:09:33 +0200: Memory Usage (469656K) : varicap_drw has 0 polygons
2026-08-03 14:09:33 +0200: Memory Usage (469784K) : intbondvia_drw has 0 polygons
2026-08-03 14:09:33 +0200: Memory Usage (469784K) : intbondmet_drw has 0 polygons
2026-08-03 14:09:33 +0200: Memory Usage (469912K) : devbondvia_drw has 0 polygons
2026-08-03 14:09:33 +0200: Memory Usage (469912K) : devbondmet_drw has 0 polygons
2026-08-03 14:09:33 +0200: Memory Usage (470040K) : devtrench_drw has 0 polygons
2026-08-03 14:09:33 +0200: Memory Usage (470040K) : redist_drw has 0 polygons
2026-08-03 14:09:33 +0200: Memory Usage (470168K) : graphbot_drw has 0 polygons
2026-08-03 14:09:33 +0200: Memory Usage (470168K) : graphtop_drw has 0 polygons
2026-08-03 14:09:33 +0200: Memory Usage (470296K) : antvia1_drw has 0 polygons
2026-08-03 14:09:33 +0200: Memory Usage (470296K) : antmetal2_drw has 0 polygons
2026-08-03 14:09:33 +0200: Memory Usage (470424K) : graphcont_drw has 0 polygons
2026-08-03 14:09:33 +0200: Memory Usage (470424K) : siwg_drw has 0 polygons
2026-08-03 14:09:33 +0200: Memory Usage (470552K) : siwg_filler has 0 polygons
2026-08-03 14:09:33 +0200: Memory Usage (470552K) : siwg_nofill has 0 polygons
2026-08-03 14:09:33 +0200: Memory Usage (470680K) : sigrating_drw has 0 polygons
2026-08-03 14:09:33 +0200: Memory Usage (470680K) : singrating_drw has 0 polygons
2026-08-03 14:09:33 +0200: Memory Usage (470808K) : graphpas_drw has 0 polygons
2026-08-03 14:09:33 +0200: Memory Usage (470808K) : emwind3_drw has 0 polygons
2026-08-03 14:09:33 +0200: Memory Usage (470808K) : emwihv3_drw has 0 polygons
2026-08-03 14:09:33 +0200: Memory Usage (470936K) : redbulay_drw has 0 polygons
2026-08-03 14:09:33 +0200: Memory Usage (470936K) : smos_drw has 0 polygons
2026-08-03 14:09:33 +0200: Memory Usage (471064K) : graphpad_drw has 0 polygons
2026-08-03 14:09:33 +0200: Memory Usage (471064K) : polimide_drw has 0 polygons
2026-08-03 14:09:33 +0200: Memory Usage (471192K) : polimide_pin has 0 polygons
2026-08-03 14:09:33 +0200: Memory Usage (471192K) : recog_drw has 0 polygons
2026-08-03 14:09:33 +0200: Memory Usage (471192K) : recog_pin has 0 polygons
2026-08-03 14:09:33 +0200: Memory Usage (471320K) : recog_esd has 0 polygons
2026-08-03 14:09:33 +0200: Memory Usage (471320K) : recog_diode has 6 polygons
2026-08-03 14:09:33 +0200: Memory Usage (471448K) : recog_tsv has 0 polygons
2026-08-03 14:09:33 +0200: Memory Usage (471448K) : recog_iprobe has 0 polygons
2026-08-03 14:09:33 +0200: Memory Usage (471448K) : recog_diffprb has 0 polygons
2026-08-03 14:09:33 +0200: Memory Usage (471448K) : recog_pillar has 0 polygons
2026-08-03 14:09:33 +0200: Memory Usage (471448K) : recog_sbump has 0 polygons
2026-08-03 14:09:33 +0200: Memory Usage (471448K) : recog_otp has 0 polygons
2026-08-03 14:09:33 +0200: Memory Usage (471448K) : recog_pdiode has 0 polygons
2026-08-03 14:09:33 +0200: Memory Usage (471448K) : recog_mom has 0 polygons
2026-08-03 14:09:33 +0200: Memory Usage (471448K) : recog_pcm has 0 polygons
2026-08-03 14:09:33 +0200: Memory Usage (471448K) : colopen_drw has 0 polygons
2026-08-03 14:09:33 +0200: Memory Usage (471448K) : graphmetal1_drw has 0 polygons
2026-08-03 14:09:33 +0200: Memory Usage (471448K) : graphmetal1_filler has 0 polygons
2026-08-03 14:09:33 +0200: Memory Usage (471448K) : graphmetal1_nofill has 0 polygons
2026-08-03 14:09:33 +0200: Memory Usage (471448K) : graphmetal1_slit has 0 polygons
2026-08-03 14:09:33 +0200: Memory Usage (471448K) : graphmetal1_OPC has 0 polygons
2026-08-03 14:09:33 +0200: Memory Usage (471448K) : graphmet1l_drw has 0 polygons
2026-08-03 14:09:33 +0200: Memory Usage (471448K) : graphmet1l_filler has 0 polygons
2026-08-03 14:09:33 +0200: Memory Usage (471448K) : graphmet1l_nofill has 0 polygons
2026-08-03 14:09:33 +0200: Memory Usage (471448K) : graphmet1l_slit has 0 polygons
2026-08-03 14:09:33 +0200: Memory Usage (471448K) : graphmet1l_OPC has 0 polygons
2026-08-03 14:09:33 +0200: Memory Usage (471448K) : extblock_drw has 8 polygons
2026-08-03 14:09:33 +0200: Memory Usage (471448K) : nldd_drw has 0 polygons
2026-08-03 14:09:33 +0200: Memory Usage (471448K) : pldd_drw has 0 polygons
2026-08-03 14:09:33 +0200: Memory Usage (471448K) : next_drw has 0 polygons
2026-08-03 14:09:33 +0200: Memory Usage (471448K) : pext_drw has 0 polygons
2026-08-03 14:09:33 +0200: Memory Usage (471448K) : nexthv_drw has 0 polygons
2026-08-03 14:09:33 +0200: Memory Usage (471448K) : pexthv_drw has 0 polygons
2026-08-03 14:09:33 +0200: Memory Usage (471448K) : graphgate_drw has 0 polygons
2026-08-03 14:09:33 +0200: Memory Usage (471448K) : sinwg_drw has 0 polygons
2026-08-03 14:09:33 +0200: Memory Usage (471448K) : sinwg_filler has 0 polygons
2026-08-03 14:09:33 +0200: Memory Usage (471448K) : sinwg_nofill has 0 polygons
2026-08-03 14:09:33 +0200: Memory Usage (471448K) : mempad_drw has 0 polygons
2026-08-03 14:09:33 +0200: Memory Usage (471448K) : topvia1_drw has 2315 polygons
2026-08-03 14:09:33 +0200: Memory Usage (471448K) : topmetal1_drw has 8 polygons
2026-08-03 14:09:33 +0200: Memory Usage (471448K) : topmetal1_filler has 0 polygons
2026-08-03 14:09:33 +0200: Memory Usage (471448K) : topmetal1_slit has 0 polygons
2026-08-03 14:09:33 +0200: Memory Usage (471448K) : topmetal1 has 8 polygons
2026-08-03 14:09:33 +0200: Memory Usage (471448K) : topmetal1_pin has 10 polygons
2026-08-03 14:09:33 +0200: Memory Usage (471448K) : topmetal1_mask has 0 polygons
2026-08-03 14:09:33 +0200: Memory Usage (471448K) : topmetal1_nofill has 0 polygons
2026-08-03 14:09:33 +0200: Memory Usage (471448K) : topmetal1_text has 8 polygons
2026-08-03 14:09:33 +0200: Memory Usage (471448K) : topmetal1_noqrc has 0 polygons
2026-08-03 14:09:33 +0200: Memory Usage (471448K) : topmetal1_res has 0 polygons
2026-08-03 14:09:33 +0200: Memory Usage (471448K) : topmetal1_iprobe has 0 polygons
2026-08-03 14:09:33 +0200: Memory Usage (471448K) : topmetal1_diffprb has 0 polygons
2026-08-03 14:09:33 +0200: Memory Usage (471448K) : inldpwl_drw has 0 polygons
2026-08-03 14:09:33 +0200: Memory Usage (471448K) : polyres_drw has 2 polygons
2026-08-03 14:09:33 +0200: Memory Usage (471448K) : polyres_pin has 0 polygons
2026-08-03 14:09:33 +0200: Memory Usage (471448K) : vmim_drw has 0 polygons
2026-08-03 14:09:33 +0200: Memory Usage (471448K) : nbulaycut_drw has 0 polygons
2026-08-03 14:09:33 +0200: Memory Usage (471448K) : antmetal1_drw has 0 polygons
2026-08-03 14:09:33 +0200: Memory Usage (471448K) : topvia2_drw has 1593 polygons
2026-08-03 14:09:33 +0200: Memory Usage (471448K) : topmetal2_drw has 6 polygons
2026-08-03 14:09:33 +0200: Memory Usage (471448K) : topmetal2_filler has 0 polygons
2026-08-03 14:09:33 +0200: Memory Usage (471448K) : topmetal2_slit has 0 polygons
2026-08-03 14:09:33 +0200: Memory Usage (471448K) : topmetal2 has 6 polygons
2026-08-03 14:09:33 +0200: Memory Usage (471448K) : topmetal2_pin has 6 polygons
2026-08-03 14:09:33 +0200: Memory Usage (471448K) : topmetal2_mask has 0 polygons
2026-08-03 14:09:33 +0200: Memory Usage (471448K) : topmetal2_nofill has 0 polygons
2026-08-03 14:09:33 +0200: Memory Usage (471448K) : topmetal2_text has 6 polygons
2026-08-03 14:09:33 +0200: Memory Usage (471448K) : topmetal2_noqrc has 0 polygons
2026-08-03 14:09:33 +0200: Memory Usage (471448K) : topmetal2_res has 0 polygons
2026-08-03 14:09:33 +0200: Memory Usage (471448K) : topmetal2_iprobe has 0 polygons
2026-08-03 14:09:33 +0200: Memory Usage (471448K) : topmetal2_diffprb has 0 polygons
2026-08-03 14:09:33 +0200: Memory Usage (471448K) : snsring_drw has 0 polygons
2026-08-03 14:09:33 +0200: Memory Usage (471448K) : sensor_drw has 0 polygons
2026-08-03 14:09:33 +0200: Memory Usage (471448K) : snsarms_drw has 0 polygons
2026-08-03 14:09:33 +0200: Memory Usage (471448K) : snscmosvia_drw has 0 polygons
2026-08-03 14:09:33 +0200: Memory Usage (471448K) : colwind_drw has 0 polygons
2026-08-03 14:09:33 +0200: Memory Usage (471448K) : flm_drw has 0 polygons
2026-08-03 14:09:33 +0200: Memory Usage (471448K) : hafniumox_drw has 0 polygons
2026-08-03 14:09:33 +0200: Memory Usage (471448K) : memvia_drw has 0 polygons
2026-08-03 14:09:33 +0200: Memory Usage (471448K) : thinfilmres_drw has 0 polygons
2026-08-03 14:09:33 +0200: Memory Usage (471448K) : rfmem_drw has 0 polygons
2026-08-03 14:09:33 +0200: Memory Usage (471448K) : norcx_drw has 0 polygons
2026-08-03 14:09:33 +0200: Memory Usage (471448K) : norcx_m2m3 has 0 polygons
2026-08-03 14:09:33 +0200: Memory Usage (471448K) : norcx_m2m4 has 0 polygons
2026-08-03 14:09:33 +0200: Memory Usage (471448K) : norcx_m2m5 has 0 polygons
2026-08-03 14:09:33 +0200: Memory Usage (471448K) : norcx_m2tm1 has 0 polygons
2026-08-03 14:09:33 +0200: Memory Usage (471448K) : norcx_m2tm2 has 0 polygons
2026-08-03 14:09:33 +0200: Memory Usage (471448K) : norcx_m3m4 has 0 polygons
2026-08-03 14:09:33 +0200: Memory Usage (471448K) : norcx_m3m5 has 0 polygons
2026-08-03 14:09:33 +0200: Memory Usage (471448K) : norcx_m3tm1 has 0 polygons
2026-08-03 14:09:33 +0200: Memory Usage (471448K) : norcx_m3tm2 has 0 polygons
2026-08-03 14:09:33 +0200: Memory Usage (471448K) : norcx_m4m5 has 0 polygons
2026-08-03 14:09:33 +0200: Memory Usage (471448K) : norcx_m4tm1 has 0 polygons
2026-08-03 14:09:33 +0200: Memory Usage (471448K) : norcx_m4tm2 has 0 polygons
2026-08-03 14:09:33 +0200: Memory Usage (471448K) : norcx_m5tm1 has 0 polygons
2026-08-03 14:09:33 +0200: Memory Usage (471448K) : norcx_m5tm2 has 0 polygons
2026-08-03 14:09:33 +0200: Memory Usage (471448K) : norcx_tm1tm2 has 0 polygons
2026-08-03 14:09:33 +0200: Memory Usage (471448K) : norcx_m1sub has 0 polygons
2026-08-03 14:09:33 +0200: Memory Usage (471448K) : norcx_m2sub has 0 polygons
2026-08-03 14:09:33 +0200: Memory Usage (471448K) : norcx_m3sub has 0 polygons
2026-08-03 14:09:33 +0200: Memory Usage (471448K) : norcx_m4sub has 0 polygons
2026-08-03 14:09:33 +0200: Memory Usage (471448K) : norcx_m5sub has 0 polygons
2026-08-03 14:09:33 +0200: Memory Usage (471448K) : norcx_tm1sub has 0 polygons
2026-08-03 14:09:33 +0200: Memory Usage (471448K) : norcx_tm2sub has 0 polygons
2026-08-03 14:09:33 +0200: Memory Usage (471448K) : snsbotvia_drw has 0 polygons
2026-08-03 14:09:33 +0200: Memory Usage (471448K) : snstopvia_drw has 0 polygons
2026-08-03 14:09:33 +0200: Memory Usage (471448K) : deepvia_drw has 0 polygons
2026-08-03 14:09:33 +0200: Memory Usage (471448K) : fgetch_drw has 0 polygons
2026-08-03 14:09:33 +0200: Memory Usage (471448K) : ctrgat_drw has 0 polygons
2026-08-03 14:09:33 +0200: Memory Usage (471448K) : fgimp_drw has 0 polygons
2026-08-03 14:09:33 +0200: Memory Usage (471448K) : emwihv_drw has 0 polygons
2026-08-03 14:09:33 +0200: Memory Usage (471448K) : lbe_drw has 0 polygons
2026-08-03 14:09:33 +0200: Memory Usage (471448K) : alcustop_drw has 0 polygons
2026-08-03 14:09:33 +0200: Memory Usage (471448K) : nometfiller_drw has 0 polygons
2026-08-03 14:09:33 +0200: Memory Usage (471448K) : prboundary_drw has 0 polygons
2026-08-03 14:09:33 +0200: Memory Usage (471448K) : exchange0_drw has 0 polygons
2026-08-03 14:09:33 +0200: Memory Usage (471448K) : exchange0_pin has 0 polygons
2026-08-03 14:09:33 +0200: Memory Usage (471448K) : exchange0_text has 0 polygons
2026-08-03 14:09:33 +0200: Memory Usage (471448K) : exchange1_drw has 0 polygons
2026-08-03 14:09:33 +0200: Memory Usage (471448K) : exchange1_pin has 0 polygons
2026-08-03 14:09:33 +0200: Memory Usage (471448K) : exchange1_text has 0 polygons
2026-08-03 14:09:33 +0200: Memory Usage (471448K) : exchange2_drw has 0 polygons
2026-08-03 14:09:33 +0200: Memory Usage (471448K) : exchange2_pin has 0 polygons
2026-08-03 14:09:33 +0200: Memory Usage (471448K) : exchange2_text has 0 polygons
2026-08-03 14:09:33 +0200: Memory Usage (471448K) : exchange3_drw has 0 polygons
2026-08-03 14:09:33 +0200: Memory Usage (471448K) : exchange3_pin has 0 polygons
2026-08-03 14:09:33 +0200: Memory Usage (471448K) : exchange3_text has 0 polygons
2026-08-03 14:09:33 +0200: Memory Usage (471448K) : exchange4_drw has 0 polygons
2026-08-03 14:09:33 +0200: Memory Usage (471448K) : exchange4_pin has 0 polygons
2026-08-03 14:09:33 +0200: Memory Usage (471448K) : exchange4_text has 0 polygons
2026-08-03 14:09:33 +0200: Memory Usage (471448K) : isonwell_drw has 0 polygons
2026-08-03 14:09:33 +0200: Memory Usage (471448K) : Total no. of polygons in the design is 59405
2026-08-03 14:09:33 +0200: Memory Usage (471448K) : Starting base layers derivations
2026-08-03 14:09:33 +0200: Memory Usage (471448K) : Starting general LVS derivations
2026-08-03 14:09:33 +0200: Memory Usage (476056K) : Starting MOSFET DERIVATIONS
2026-08-03 14:09:33 +0200: Memory Usage (478376K) : Starting NMOS DERIVATIONS
2026-08-03 14:09:33 +0200: Memory Usage (478376K) : Starting PMOS DERIVATIONS
2026-08-03 14:09:33 +0200: Memory Usage (478376K) : Starting RF-MOSFET DERIVATIONS
2026-08-03 14:09:33 +0200: Memory Usage (478376K) : Starting RF-NMOS DERIVATIONS
2026-08-03 14:09:33 +0200: Memory Usage (478376K) : Starting RF-PMOS DERIVATIONS
2026-08-03 14:09:33 +0200: Memory Usage (478376K) : Starting BJT DERIVATIONS
2026-08-03 14:09:33 +0200: Memory Usage (478376K) : Starting NPN-BJT DERIVATIONS
2026-08-03 14:09:34 +0200: Memory Usage (478376K) : Starting PNP-BJT DERIVATIONS
2026-08-03 14:09:34 +0200: Memory Usage (478376K) : Starting DIODE DERIVATIONS
2026-08-03 14:09:34 +0200: Memory Usage (478504K) : Starting RESISTOR DERIVATIONS
2026-08-03 14:09:34 +0200: Memory Usage (478760K) : Starting CAP DERIVATIONS
2026-08-03 14:09:34 +0200: Memory Usage (478760K) : Starting ESD DERIVATIONS
2026-08-03 14:09:35 +0200: Memory Usage (483496K) : Starting Inductor DERIVATIONS
2026-08-03 14:09:35 +0200: Memory Usage (483624K) : Starting Taps DERIVATIONS
2026-08-03 14:09:35 +0200: Memory Usage (483624K) : Starting SG13G2 LVS connectivity setup
2026-08-03 14:09:35 +0200: Memory Usage (483624K) : Starting SG13G2 LVS connectivity setup (Inter-layer)
2026-08-03 14:09:35 +0200: Memory Usage (483752K) : Starting SG13G2 LVS connectivity setup (Global)
2026-08-03 14:09:35 +0200: Memory Usage (483752K) : Starting LVS MOSFET CONNECTIONS
2026-08-03 14:09:35 +0200: Memory Usage (483752K) : Starting LVS RF-MOSFET CONNECTIONS
2026-08-03 14:09:35 +0200: Memory Usage (483752K) : Starting LVS BJT CONNECTIONS
2026-08-03 14:09:35 +0200: Memory Usage (483752K) : Starting LVS DIODE CONNECTIONS
2026-08-03 14:09:35 +0200: Memory Usage (483752K) : Starting RESISTOR CONNECTIONS
2026-08-03 14:09:35 +0200: Memory Usage (483752K) : Starting LVS CAP CONNECTIONS
2026-08-03 14:09:35 +0200: Memory Usage (483752K) : Starting ESD CONNECTIONS
2026-08-03 14:09:35 +0200: Memory Usage (483752K) : Starting Inductor CONNECTIONS
2026-08-03 14:09:35 +0200: Memory Usage (483752K) : Starting LVS Taps CONNECTIONS
2026-08-03 14:09:35 +0200: Memory Usage (483752K) : Starting SG13G2 LVS DEVICES EXTRACTION
2026-08-03 14:09:35 +0200: Memory Usage (483752K) : Starting MOSFET EXTRACTION
2026-08-03 14:09:35 +0200: Memory Usage (483752K) : Starting NMOS EXTRACTION
2026-08-03 14:09:35 +0200: Memory Usage (483752K) : Extraction of NMOS-LV transistor
2026-08-03 14:09:35 +0200: Memory Usage (483880K) : Extraction of NMOS-HV transistor
2026-08-03 14:09:35 +0200: Memory Usage (484008K) : Starting PMOS EXTRACTION
2026-08-03 14:09:35 +0200: Memory Usage (484008K) : Extraction of PMOS-LV transistor
2026-08-03 14:09:35 +0200: Memory Usage (484008K) : Extraction of PMOS-HV transistor
2026-08-03 14:09:35 +0200: Memory Usage (484008K) : Starting RF-MOSFET EXTRACTION
2026-08-03 14:09:35 +0200: Memory Usage (484008K) : Extraction of RF-NMOS-LV transistor
2026-08-03 14:09:35 +0200: Memory Usage (484008K) : Extraction of RF-NMOS-HV transistor
2026-08-03 14:09:35 +0200: Memory Usage (484008K) : Extraction of RF-PMOS-LV transistor
2026-08-03 14:09:35 +0200: Memory Usage (484008K) : Extraction of RF-PMOS-HV transistor
2026-08-03 14:09:35 +0200: Memory Usage (484008K) : Starting BJT EXTRACTION
2026-08-03 14:09:35 +0200: Memory Usage (484008K) : Starting NPN-BJT EXTRACTION
2026-08-03 14:09:35 +0200: Memory Usage (484008K) : Extraction of npn13G2 BJT transistor
2026-08-03 14:09:35 +0200: Memory Usage (484008K) : Extraction of npn13G2L BJT transistor
2026-08-03 14:09:35 +0200: Memory Usage (484008K) : Extraction of npn13G2V BJT transistor
2026-08-03 14:09:35 +0200: Memory Usage (484008K) : Starting PNP-BJT EXTRACTION
2026-08-03 14:09:35 +0200: Memory Usage (484008K) : Extracting pnpMPA BJT
2026-08-03 14:09:35 +0200: Memory Usage (484008K) : Starting DIODE EXTRACTION
2026-08-03 14:09:35 +0200: Memory Usage (484008K) : Extracting dantenna diode
2026-08-03 14:09:35 +0200: Memory Usage (484008K) : Extracting dpantenna diode
2026-08-03 14:09:35 +0200: Memory Usage (484008K) : Extracting schottky_nbl1 diode
2026-08-03 14:09:35 +0200: Memory Usage (484008K) : Extracting isolbox diode
2026-08-03 14:09:35 +0200: Memory Usage (484008K) : Starting RESISTOR EXTRACTION
2026-08-03 14:09:35 +0200: Memory Usage (484008K) : Extracting rsil resistor
2026-08-03 14:09:35 +0200: Memory Usage (484008K) : Extracting rppd resistor
2026-08-03 14:09:35 +0200: Memory Usage (484008K) : Extracting rhigh resistor
2026-08-03 14:09:35 +0200: Memory Usage (484008K) : Extracting res_metal1 resistor
2026-08-03 14:09:35 +0200: Memory Usage (484136K) : Extracting res_metal2 resistor
2026-08-03 14:09:35 +0200: Memory Usage (484136K) : Extracting res_metal3 resistor
2026-08-03 14:09:35 +0200: Memory Usage (484136K) : Extracting res_metal4 resistor
2026-08-03 14:09:35 +0200: Memory Usage (484136K) : Extracting res_metal5 resistor
2026-08-03 14:09:35 +0200: Memory Usage (484136K) : Extracting res_topmetal1 resistor
2026-08-03 14:09:35 +0200: Memory Usage (484136K) : Extracting res_topmetal2 resistor
2026-08-03 14:09:35 +0200: Memory Usage (484136K) : Starting CAP EXTRACTION
2026-08-03 14:09:35 +0200: Memory Usage (484136K) : Extracting cap_cmim device
2026-08-03 14:09:35 +0200: Memory Usage (484136K) : Extracting rfcmim device
2026-08-03 14:09:35 +0200: Memory Usage (484136K) : Extracting sg13_hv_svaricap varactor
2026-08-03 14:09:35 +0200: Memory Usage (484136K) : Starting ESD EXTRACTION
2026-08-03 14:09:35 +0200: Memory Usage (484136K) : Extracting diodevdd_2kv ESD device
2026-08-03 14:09:35 +0200: Memory Usage (484136K) : Extracting diodevdd_4kv ESD device
2026-08-03 14:09:35 +0200: Memory Usage (484136K) : Extracting diodevss_2kv ESD device
2026-08-03 14:09:35 +0200: Memory Usage (484136K) : Extracting diodevss_4kv ESD device
2026-08-03 14:09:35 +0200: Memory Usage (484136K) : Extracting idiodevdd_2kv ESD device
2026-08-03 14:09:35 +0200: Memory Usage (484136K) : Extracting idiodevdd_4kv ESD device
2026-08-03 14:09:35 +0200: Memory Usage (484136K) : Extracting idiodevss_2kv ESD device
2026-08-03 14:09:35 +0200: Memory Usage (484136K) : Extracting idiodevss_4kv ESD device
2026-08-03 14:09:35 +0200: Memory Usage (484136K) : Extracting nmoscl_2 ESD device
2026-08-03 14:09:35 +0200: Memory Usage (484136K) : Extracting nmoscl_4 ESD device
2026-08-03 14:09:35 +0200: Memory Usage (484136K) : Starting Inductor EXTRACTION
2026-08-03 14:09:35 +0200: Memory Usage (484136K) : Extracting Inductor2 device
2026-08-03 14:09:35 +0200: Memory Usage (484136K) : Extracting Inductor3 device
2026-08-03 14:09:35 +0200: Memory Usage (484136K) : Starting Taps EXTRACTION
2026-08-03 14:09:35 +0200: Memory Usage (484136K) : Extracting ntap1 device
2026-08-03 14:09:35 +0200: Memory Usage (484136K) : Extracting ptap1 device
2026-08-03 14:09:35 +0200: Memory Usage (484136K) : Starting SG13G2 LVS RF MOS Model Mapping
2026-08-03 14:09:36 +0200: Memory Usage (494376K) : [layout_netlist] Apply RF MOS model mapping and rfmode parameter.
2026-08-03 14:09:36 +0200: Memory Usage (494376K) : Starting SG13G2 LVS Options Preparations
2026-08-03 14:09:36 +0200: Memory Usage (494376K) : SG13G2 LVS flow: extraction -> alignment -> option preparation -> comparison.
2026-08-03 14:09:36 +0200: Memory Usage (494376K) : Starting SG13G2 LVS Alignment
2026-08-03 14:09:36 +0200: Memory Usage (494504K) : Starting SG13G2 LVS Simplification
2026-08-03 14:09:36 +0200: Memory Usage (494504K) : [layout_netlist] simplify: ENABLED
2026-08-03 14:09:36 +0200: Memory Usage (494504K) : [layout_netlist] make_top_level_pins: SKIPPED
2026-08-03 14:09:36 +0200: Memory Usage (494504K) : [layout_netlist] combine_devices: SKIPPED
2026-08-03 14:09:36 +0200: Memory Usage (494504K) : [layout_netlist] purge: SKIPPED
2026-08-03 14:09:36 +0200: Memory Usage (494504K) : [layout_netlist] purge_nets: SKIPPED
2026-08-03 14:09:36 +0200: Memory Usage (494504K) : [schematic_netlist] simplify: ENABLED
2026-08-03 14:09:36 +0200: Memory Usage (494504K) : [schematic_netlist] make_top_level_pins: SKIPPED
2026-08-03 14:09:36 +0200: Memory Usage (494504K) : [schematic_netlist] combine_devices: SKIPPED
2026-08-03 14:09:36 +0200: Memory Usage (494504K) : [schematic_netlist] purge: SKIPPED
2026-08-03 14:09:36 +0200: Memory Usage (494504K) : [schematic_netlist] purge_nets: SKIPPED
2026-08-03 14:09:36 +0200: Memory Usage (494504K) : Starting SG13G2 LVS Comparison in strict port mode.
2026-08-03 14:09:36 +0200: Memory Usage (494504K) : flag_missing_ports enabled: missing/mislabeled top-level ports are treated as errors.
2026-08-03 14:09:36 +0200: Memory Usage (494504K) : xxxxxxxxxxxxxxxxxxxxxxxxxxxxxxxxxxxxxxxxxx
2026-08-03 14:09:36 +0200: Memory Usage (494504K) : ERROR : Netlists don't match
2026-08-03 14:09:36 +0200: Memory Usage (494504K) : xxxxxxxxxxxxxxxxxxxxxxxxxxxxxxxxxxxxxxxxxx
2026-08-03 14:09:36 +0200: Memory Usage (494504K) : LVS Total Run time 3.686889 seconds
03-Aug-2026 14:09:36 | INFO    | ==============================================================================
03-Aug-2026 14:09:36 | INFO    | Important Summary
03-Aug-2026 14:09:36 | INFO    | +------------------+-------------------------------------------------------------------------------------------+
03-Aug-2026 14:09:36 | INFO    | | Status           | FAIL                                                                                      |
03-Aug-2026 14:09:36 | INFO    | | Mode             | COMPARE                                                                                   |
03-Aug-2026 14:09:36 | INFO    | | Outcome          | Comparison mode: FAIL (netlists do not match).                                            |
03-Aug-2026 14:09:36 | INFO    | | Layout           | sg13g2_IOPadAnalog.gds                                                                    |
03-Aug-2026 14:09:36 | INFO    | | Top Cell         | sg13g2_IOPadAnalog                                                                        |
03-Aug-2026 14:09:36 | INFO    | | Results Dir      | /foss/designs/ihp-open-pdk-regression/IOPADS/lvs_sweep/20260803_140929/sg13g2_IOPadAnalog |
03-Aug-2026 14:09:36 | INFO    | | Warnings         | 0                                                                                         |
03-Aug-2026 14:09:36 | INFO    | | Errors           | 1                                                                                         |
03-Aug-2026 14:09:36 | INFO    | | Run Time (s)     | 7.161                                                                                     |
03-Aug-2026 14:09:36 | INFO    | +------------------+-------------------------------------------------------------------------------------------+
03-Aug-2026 14:09:36 | ERROR   | Key errors:
03-Aug-2026 14:09:36 | ERROR   |   - 2026-08-03 14:09:36 +0200: Memory Usage (494504K) : ERROR : Netlists don't match
03-Aug-2026 14:09:36 | INFO    | ==============================================================================
