10-Aug-2026 18:05:59 | INFO    | Your Klayout version is: KLayout 0.30.10 (required >= 0.30.5)
10-Aug-2026 18:05:59 | INFO    | Running SG13G2 LVS checks on design /foss/designs/ihp-open-pdk-regression/IOPADS/layout/sg13g2_IOPadIOVss.gds on cell sg13g2_IOPadIOVss
2026-08-10 18:06:02 +0200: Memory Usage (455936K) : Starting running SG13G2 Klayout LVS runset on /foss/designs/ihp-open-pdk-regression/IOPADS/layout/sg13g2_IOPadIOVss.gds
2026-08-10 18:06:02 +0200: Memory Usage (455936K) : Ruby Version for klayout: 3.2.3
2026-08-10 18:06:02 +0200: Memory Usage (458112K) : Loading database to memory is complete.
2026-08-10 18:06:02 +0200: Memory Usage (458112K) : SG13G2 Klayout LVS runset output at: /foss/designs/ihp-open-pdk-regression/IOPADS/lvs_sweep/20260810_180504/sg13g2_IOPadIOVss/sg13g2_IOPadIOVss.lvsdb
2026-08-10 18:06:02 +0200: Memory Usage (458112K) : Evaluate switches.
2026-08-10 18:06:02 +0200: Memory Usage (458112K) : Extracted netlist with net names: true
2026-08-10 18:06:02 +0200: Memory Usage (458112K) : Extracted netlist with comments in details: false
2026-08-10 18:06:02 +0200: Memory Usage (458112K) : Selected NET_ONLY option: false
2026-08-10 18:06:02 +0200: Memory Usage (458112K) : Selected LAYOUT_NETLIST option: (none)
2026-08-10 18:06:02 +0200: Memory Usage (458112K) : Selected IGNORE_TOP_PORTS_MISMATCH option: true
2026-08-10 18:06:02 +0200: Memory Usage (458112K) : Selected IMPLICIT_NETS option: iovss,iovdd,vss,vdd,pad,cathode,anode
2026-08-10 18:06:02 +0200: Memory Usage (458112K) : Selected TOP_LVL_PINS option: false
2026-08-10 18:06:02 +0200: Memory Usage (458112K) : Selected COMBINE DEVICES option: true
2026-08-10 18:06:02 +0200: Memory Usage (458112K) : Selected PURGE option: false
2026-08-10 18:06:02 +0200: Memory Usage (458112K) : Selected PURGE_NETS option: false
2026-08-10 18:06:02 +0200: Memory Usage (458112K) : Selected SIMPLIFY option: true
2026-08-10 18:06:02 +0200: Memory Usage (458112K) : Selected SERIES_RES option: true
2026-08-10 18:06:02 +0200: Memory Usage (458112K) : Selected PARALLEL_RES option: true
2026-08-10 18:06:02 +0200: Memory Usage (458112K) : Selected DISABLE_TAP_EXTRACTION option: false
2026-08-10 18:06:02 +0200: Memory Usage (458112K) : deep  mode is enabled.
2026-08-10 18:06:02 +0200: Memory Usage (458112K) : Applying implicit connections (case-sensitive, pattern supported) for nets: iovss, iovdd, vss, vdd, pad, cathode, anode
2026-08-10 18:06:02 +0200: Memory Usage (459264K) : Netlist file: /foss/designs/ihp-open-pdk-regression/IOPADS/netlist/pads_sub/sg13g2_IOPadIOVss.spi
2026-08-10 18:06:02 +0200: Memory Usage (459264K) : LVS extracted netlist at: /foss/designs/ihp-open-pdk-regression/IOPADS/lvs_sweep/20260810_180504/sg13g2_IOPadIOVss/sg13g2_IOPadIOVss_extracted.cir
2026-08-10 18:06:02 +0200: Memory Usage (459264K) : Applying SRAM integration support.
2026-08-10 18:06:02 +0200: Memory Usage (459392K) : Starting SG13G2 LVS runset
2026-08-10 18:06:02 +0200: Memory Usage (459392K) : Read in polygons from layers.
2026-08-10 18:06:02 +0200: Memory Usage (460928K) : activ_drw has 21 polygons
2026-08-10 18:06:02 +0200: Memory Usage (460928K) : activ_filler has 0 polygons
2026-08-10 18:06:02 +0200: Memory Usage (461056K) : activ has 21 polygons
2026-08-10 18:06:02 +0200: Memory Usage (461056K) : activ_pin has 0 polygons
2026-08-10 18:06:02 +0200: Memory Usage (461056K) : activ_mask has 0 polygons
2026-08-10 18:06:02 +0200: Memory Usage (461056K) : activ_nofill has 0 polygons
2026-08-10 18:06:02 +0200: Memory Usage (461056K) : activ_OPC has 0 polygons
2026-08-10 18:06:03 +0200: Memory Usage (461184K) : activ_iOPC has 0 polygons
2026-08-10 18:06:03 +0200: Memory Usage (461184K) : activ_noqrc has 0 polygons
2026-08-10 18:06:03 +0200: Memory Usage (461312K) : biwind_drw has 0 polygons
2026-08-10 18:06:03 +0200: Memory Usage (461696K) : biwind_OPC has 0 polygons
2026-08-10 18:06:03 +0200: Memory Usage (461696K) : gatpoly_drw has 0 polygons
2026-08-10 18:06:03 +0200: Memory Usage (461824K) : gatpoly_filler has 0 polygons
2026-08-10 18:06:03 +0200: Memory Usage (461824K) : gatpoly has 0 polygons
2026-08-10 18:06:03 +0200: Memory Usage (461824K) : gatpoly_pin has 0 polygons
2026-08-10 18:06:03 +0200: Memory Usage (461824K) : gatpoly_nofill has 0 polygons
2026-08-10 18:06:03 +0200: Memory Usage (461824K) : gatpoly_OPC has 0 polygons
2026-08-10 18:06:03 +0200: Memory Usage (461824K) : gatpoly_iOPC has 0 polygons
2026-08-10 18:06:03 +0200: Memory Usage (461952K) : gatpoly_noqrc has 0 polygons
2026-08-10 18:06:03 +0200: Memory Usage (464896K) : cont_drw has 73574 polygons
2026-08-10 18:06:03 +0200: Memory Usage (464896K) : cont_OPC has 0 polygons
2026-08-10 18:06:03 +0200: Memory Usage (464896K) : nsd_drw has 0 polygons
2026-08-10 18:06:03 +0200: Memory Usage (464896K) : nsd_block has 0 polygons
2026-08-10 18:06:03 +0200: Memory Usage (464896K) : metal1_drw has 37 polygons
2026-08-10 18:06:03 +0200: Memory Usage (465024K) : metal1_filler has 0 polygons
2026-08-10 18:06:03 +0200: Memory Usage (465024K) : metal1_slit has 0 polygons
2026-08-10 18:06:03 +0200: Memory Usage (465024K) : metal1 has 37 polygons
2026-08-10 18:06:03 +0200: Memory Usage (465024K) : metal1_pin has 14 polygons
2026-08-10 18:06:03 +0200: Memory Usage (465024K) : metal1_mask has 0 polygons
2026-08-10 18:06:03 +0200: Memory Usage (465024K) : metal1_nofill has 0 polygons
2026-08-10 18:06:03 +0200: Memory Usage (465152K) : metal1_text has 14 polygons
2026-08-10 18:06:03 +0200: Memory Usage (465152K) : metal1_OPC has 0 polygons
2026-08-10 18:06:03 +0200: Memory Usage (465152K) : metal1_noqrc has 0 polygons
2026-08-10 18:06:03 +0200: Memory Usage (465152K) : metal1_res has 0 polygons
2026-08-10 18:06:03 +0200: Memory Usage (465152K) : metal1_iprobe has 0 polygons
2026-08-10 18:06:03 +0200: Memory Usage (465152K) : metal1_diffprb has 0 polygons
2026-08-10 18:06:03 +0200: Memory Usage (465152K) : passiv_drw has 0 polygons
2026-08-10 18:06:03 +0200: Memory Usage (465152K) : passiv_pin has 0 polygons
2026-08-10 18:06:03 +0200: Memory Usage (465152K) : passiv_sbump has 0 polygons
2026-08-10 18:06:03 +0200: Memory Usage (465152K) : passiv_pillar has 0 polygons
2026-08-10 18:06:03 +0200: Memory Usage (465152K) : passiv_pdl has 0 polygons
2026-08-10 18:06:03 +0200: Memory Usage (465536K) : metal2_drw has 20 polygons
2026-08-10 18:06:03 +0200: Memory Usage (465536K) : metal2_filler has 0 polygons
2026-08-10 18:06:03 +0200: Memory Usage (465536K) : metal2_slit has 0 polygons
2026-08-10 18:06:03 +0200: Memory Usage (465536K) : metal2 has 20 polygons
2026-08-10 18:06:03 +0200: Memory Usage (465536K) : metal2_pin has 1 polygons
2026-08-10 18:06:03 +0200: Memory Usage (465536K) : metal2_mask has 0 polygons
2026-08-10 18:06:03 +0200: Memory Usage (465536K) : metal2_nofill has 0 polygons
2026-08-10 18:06:03 +0200: Memory Usage (465664K) : metal2_text has 1 polygons
2026-08-10 18:06:03 +0200: Memory Usage (465664K) : metal2_OPC has 0 polygons
2026-08-10 18:06:03 +0200: Memory Usage (465792K) : metal2_noqrc has 0 polygons
2026-08-10 18:06:03 +0200: Memory Usage (465792K) : metal2_res has 0 polygons
2026-08-10 18:06:03 +0200: Memory Usage (465920K) : metal2_iprobe has 0 polygons
2026-08-10 18:06:03 +0200: Memory Usage (465920K) : metal2_diffprb has 0 polygons
2026-08-10 18:06:03 +0200: Memory Usage (466048K) : baspoly_drw has 0 polygons
2026-08-10 18:06:03 +0200: Memory Usage (466048K) : baspoly_pin has 0 polygons
2026-08-10 18:06:03 +0200: Memory Usage (466176K) : psd_drw has 11 polygons
2026-08-10 18:06:03 +0200: Memory Usage (466304K) : nldb_drw has 0 polygons
2026-08-10 18:06:03 +0200: Memory Usage (466304K) : digibnd_drw has 0 polygons
2026-08-10 18:06:03 +0200: Memory Usage (466432K) : via1_drw has 2182 polygons
2026-08-10 18:06:03 +0200: Memory Usage (466560K) : backmetal1_drw has 0 polygons
2026-08-10 18:06:03 +0200: Memory Usage (466688K) : backmetal1_pin has 0 polygons
2026-08-10 18:06:03 +0200: Memory Usage (466688K) : backmetal1_mask has 0 polygons
2026-08-10 18:06:03 +0200: Memory Usage (466816K) : backmetal1_filler has 0 polygons
2026-08-10 18:06:03 +0200: Memory Usage (466816K) : backmetal1_nofill has 0 polygons
2026-08-10 18:06:03 +0200: Memory Usage (466944K) : backmetal1_slit has 0 polygons
2026-08-10 18:06:03 +0200: Memory Usage (466944K) : backmetal1_text has 0 polygons
2026-08-10 18:06:03 +0200: Memory Usage (467072K) : backmetal1_OPC has 0 polygons
2026-08-10 18:06:03 +0200: Memory Usage (467072K) : backmetal1_noqrc has 0 polygons
2026-08-10 18:06:03 +0200: Memory Usage (467200K) : backmetal1_res has 0 polygons
2026-08-10 18:06:03 +0200: Memory Usage (467200K) : backmetal1_iprobe has 0 polygons
2026-08-10 18:06:03 +0200: Memory Usage (467328K) : backmetal1_diffprb has 0 polygons
2026-08-10 18:06:03 +0200: Memory Usage (467328K) : backpassiv_drw has 0 polygons
2026-08-10 18:06:03 +0200: Memory Usage (467456K) : res_drw has 0 polygons
2026-08-10 18:06:03 +0200: Memory Usage (467584K) : sram_drw has 0 polygons
2026-08-10 18:06:03 +0200: Memory Usage (467712K) : trans_drw has 0 polygons
2026-08-10 18:06:03 +0200: Memory Usage (467840K) : ind_drw has 0 polygons
2026-08-10 18:06:03 +0200: Memory Usage (467840K) : ind_pin has 0 polygons
2026-08-10 18:06:03 +0200: Memory Usage (467968K) : ind_text has 0 polygons
2026-08-10 18:06:03 +0200: Memory Usage (467968K) : salblock_drw has 0 polygons
2026-08-10 18:06:03 +0200: Memory Usage (468224K) : via2_drw has 16312 polygons
2026-08-10 18:06:03 +0200: Memory Usage (468608K) : metal3_drw has 14 polygons
2026-08-10 18:06:03 +0200: Memory Usage (468608K) : metal3_filler has 0 polygons
2026-08-10 18:06:03 +0200: Memory Usage (468608K) : metal3_slit has 0 polygons
2026-08-10 18:06:03 +0200: Memory Usage (468608K) : metal3 has 14 polygons
2026-08-10 18:06:03 +0200: Memory Usage (468608K) : metal3_pin has 8 polygons
2026-08-10 18:06:03 +0200: Memory Usage (468608K) : metal3_mask has 0 polygons
2026-08-10 18:06:03 +0200: Memory Usage (468736K) : metal3_nofill has 0 polygons
2026-08-10 18:06:03 +0200: Memory Usage (468736K) : metal3_text has 8 polygons
2026-08-10 18:06:03 +0200: Memory Usage (468736K) : metal3_OPC has 0 polygons
2026-08-10 18:06:03 +0200: Memory Usage (468864K) : metal3_noqrc has 0 polygons
2026-08-10 18:06:03 +0200: Memory Usage (468864K) : metal3_res has 0 polygons
2026-08-10 18:06:03 +0200: Memory Usage (468864K) : metal3_iprobe has 0 polygons
2026-08-10 18:06:03 +0200: Memory Usage (468992K) : metal3_diffprb has 0 polygons
2026-08-10 18:06:03 +0200: Memory Usage (468992K) : nwell_drw has 8 polygons
2026-08-10 18:06:03 +0200: Memory Usage (468992K) : nwell_pin has 0 polygons
2026-08-10 18:06:03 +0200: Memory Usage (469120K) : nwell_text has 0 polygons
2026-08-10 18:06:03 +0200: Memory Usage (469120K) : nbulay_drw has 0 polygons
2026-08-10 18:06:03 +0200: Memory Usage (469120K) : nbulay_pin has 0 polygons
2026-08-10 18:06:03 +0200: Memory Usage (469248K) : nbulay_block has 0 polygons
2026-08-10 18:06:03 +0200: Memory Usage (469376K) : emwind_drw has 0 polygons
2026-08-10 18:06:03 +0200: Memory Usage (469376K) : emwind_OPC has 0 polygons
2026-08-10 18:06:03 +0200: Memory Usage (469504K) : deepco_drw has 0 polygons
2026-08-10 18:06:03 +0200: Memory Usage (469504K) : mim_drw has 0 polygons
2026-08-10 18:06:03 +0200: Memory Usage (469632K) : edgeseal_drw has 0 polygons
2026-08-10 18:06:03 +0200: Memory Usage (469632K) : substrate_drw has 9 polygons
2026-08-10 18:06:03 +0200: Memory Usage (469760K) : substrate_text has 0 polygons
2026-08-10 18:06:03 +0200: Memory Usage (469760K) : dfpad_drw has 0 polygons
2026-08-10 18:06:03 +0200: Memory Usage (469888K) : dfpad_pillar has 0 polygons
2026-08-10 18:06:03 +0200: Memory Usage (469888K) : dfpad_sbump has 0 polygons
2026-08-10 18:06:03 +0200: Memory Usage (470016K) : thickgateox_drw has 0 polygons
2026-08-10 18:06:03 +0200: Memory Usage (470016K) : pldb_drw has 0 polygons
2026-08-10 18:06:03 +0200: Memory Usage (470144K) : pwell_drw has 0 polygons
2026-08-10 18:06:03 +0200: Memory Usage (470272K) : pwell_pin has 0 polygons
2026-08-10 18:06:03 +0200: Memory Usage (470272K) : pwell_block has 0 polygons
2026-08-10 18:06:03 +0200: Memory Usage (470272K) : ic_drw has 0 polygons
2026-08-10 18:06:03 +0200: Memory Usage (470272K) : via3_drw has 2087 polygons
2026-08-10 18:06:03 +0200: Memory Usage (470272K) : metal4_drw has 8 polygons
2026-08-10 18:06:03 +0200: Memory Usage (470272K) : metal4_filler has 0 polygons
2026-08-10 18:06:03 +0200: Memory Usage (470272K) : metal4_slit has 0 polygons
2026-08-10 18:06:03 +0200: Memory Usage (470272K) : metal4 has 8 polygons
2026-08-10 18:06:03 +0200: Memory Usage (470272K) : metal4_pin has 8 polygons
2026-08-10 18:06:03 +0200: Memory Usage (470272K) : metal4_mask has 0 polygons
2026-08-10 18:06:03 +0200: Memory Usage (470272K) : metal4_nofill has 0 polygons
2026-08-10 18:06:03 +0200: Memory Usage (470272K) : metal4_text has 8 polygons
2026-08-10 18:06:03 +0200: Memory Usage (470272K) : metal4_OPC has 0 polygons
2026-08-10 18:06:03 +0200: Memory Usage (470272K) : metal4_noqrc has 0 polygons
2026-08-10 18:06:03 +0200: Memory Usage (470272K) : metal4_res has 0 polygons
2026-08-10 18:06:03 +0200: Memory Usage (470272K) : metal4_iprobe has 0 polygons
2026-08-10 18:06:03 +0200: Memory Usage (470272K) : metal4_diffprb has 0 polygons
2026-08-10 18:06:03 +0200: Memory Usage (470272K) : heattrans_drw has 0 polygons
2026-08-10 18:06:03 +0200: Memory Usage (470272K) : heatres_drw has 0 polygons
2026-08-10 18:06:03 +0200: Memory Usage (470272K) : fbe_drw has 0 polygons
2026-08-10 18:06:03 +0200: Memory Usage (470272K) : empoly_drw has 0 polygons
2026-08-10 18:06:03 +0200: Memory Usage (470272K) : digisub_drw has 0 polygons
2026-08-10 18:06:03 +0200: Memory Usage (470272K) : text_drw has 7 polygons
2026-08-10 18:06:03 +0200: Memory Usage (470272K) : via4_drw has 2371 polygons
2026-08-10 18:06:03 +0200: Memory Usage (470272K) : metal5_drw has 8 polygons
2026-08-10 18:06:03 +0200: Memory Usage (470272K) : metal5_filler has 0 polygons
2026-08-10 18:06:03 +0200: Memory Usage (470272K) : metal5_slit has 0 polygons
2026-08-10 18:06:03 +0200: Memory Usage (470272K) : metal5 has 8 polygons
2026-08-10 18:06:03 +0200: Memory Usage (470272K) : metal5_pin has 8 polygons
2026-08-10 18:06:03 +0200: Memory Usage (470272K) : metal5_mask has 0 polygons
2026-08-10 18:06:03 +0200: Memory Usage (470272K) : metal5_nofill has 0 polygons
2026-08-10 18:06:03 +0200: Memory Usage (470272K) : metal5_text has 8 polygons
2026-08-10 18:06:03 +0200: Memory Usage (470272K) : metal5_OPC has 0 polygons
2026-08-10 18:06:03 +0200: Memory Usage (470272K) : metal5_noqrc has 0 polygons
2026-08-10 18:06:03 +0200: Memory Usage (470272K) : metal5_res has 0 polygons
2026-08-10 18:06:03 +0200: Memory Usage (470272K) : metal5_iprobe has 0 polygons
2026-08-10 18:06:03 +0200: Memory Usage (470272K) : metal5_diffprb has 0 polygons
2026-08-10 18:06:03 +0200: Memory Usage (470272K) : radhard_drw has 0 polygons
2026-08-10 18:06:03 +0200: Memory Usage (470272K) : memcap_drw has 0 polygons
2026-08-10 18:06:03 +0200: Memory Usage (470272K) : varicap_drw has 0 polygons
2026-08-10 18:06:03 +0200: Memory Usage (470272K) : intbondvia_drw has 0 polygons
2026-08-10 18:06:03 +0200: Memory Usage (470272K) : intbondmet_drw has 0 polygons
2026-08-10 18:06:03 +0200: Memory Usage (470272K) : devbondvia_drw has 0 polygons
2026-08-10 18:06:03 +0200: Memory Usage (470272K) : devbondmet_drw has 0 polygons
2026-08-10 18:06:03 +0200: Memory Usage (470272K) : devtrench_drw has 0 polygons
2026-08-10 18:06:03 +0200: Memory Usage (470272K) : redist_drw has 0 polygons
2026-08-10 18:06:03 +0200: Memory Usage (470272K) : graphbot_drw has 0 polygons
2026-08-10 18:06:03 +0200: Memory Usage (470272K) : graphtop_drw has 0 polygons
2026-08-10 18:06:03 +0200: Memory Usage (470272K) : antvia1_drw has 0 polygons
2026-08-10 18:06:03 +0200: Memory Usage (470272K) : antmetal2_drw has 0 polygons
2026-08-10 18:06:03 +0200: Memory Usage (470272K) : graphcont_drw has 0 polygons
2026-08-10 18:06:03 +0200: Memory Usage (470272K) : siwg_drw has 0 polygons
2026-08-10 18:06:03 +0200: Memory Usage (470272K) : siwg_filler has 0 polygons
2026-08-10 18:06:03 +0200: Memory Usage (470272K) : siwg_nofill has 0 polygons
2026-08-10 18:06:03 +0200: Memory Usage (470272K) : sigrating_drw has 0 polygons
2026-08-10 18:06:03 +0200: Memory Usage (470272K) : singrating_drw has 0 polygons
2026-08-10 18:06:03 +0200: Memory Usage (470272K) : graphpas_drw has 0 polygons
2026-08-10 18:06:03 +0200: Memory Usage (470272K) : emwind3_drw has 0 polygons
2026-08-10 18:06:03 +0200: Memory Usage (470272K) : emwihv3_drw has 0 polygons
2026-08-10 18:06:03 +0200: Memory Usage (470272K) : redbulay_drw has 0 polygons
2026-08-10 18:06:03 +0200: Memory Usage (470272K) : smos_drw has 0 polygons
2026-08-10 18:06:03 +0200: Memory Usage (470272K) : graphpad_drw has 0 polygons
2026-08-10 18:06:03 +0200: Memory Usage (470272K) : polimide_drw has 0 polygons
2026-08-10 18:06:03 +0200: Memory Usage (470272K) : polimide_pin has 0 polygons
2026-08-10 18:06:03 +0200: Memory Usage (470272K) : recog_drw has 0 polygons
2026-08-10 18:06:03 +0200: Memory Usage (470272K) : recog_pin has 0 polygons
2026-08-10 18:06:03 +0200: Memory Usage (470272K) : recog_esd has 0 polygons
2026-08-10 18:06:03 +0200: Memory Usage (470272K) : recog_diode has 4 polygons
2026-08-10 18:06:03 +0200: Memory Usage (470272K) : recog_tsv has 0 polygons
2026-08-10 18:06:03 +0200: Memory Usage (470272K) : recog_iprobe has 0 polygons
2026-08-10 18:06:03 +0200: Memory Usage (470272K) : recog_diffprb has 0 polygons
2026-08-10 18:06:03 +0200: Memory Usage (470272K) : recog_pillar has 0 polygons
2026-08-10 18:06:03 +0200: Memory Usage (470272K) : recog_sbump has 0 polygons
2026-08-10 18:06:03 +0200: Memory Usage (470272K) : recog_otp has 0 polygons
2026-08-10 18:06:03 +0200: Memory Usage (470272K) : recog_pdiode has 0 polygons
2026-08-10 18:06:03 +0200: Memory Usage (470272K) : recog_mom has 0 polygons
2026-08-10 18:06:03 +0200: Memory Usage (470272K) : recog_pcm has 0 polygons
2026-08-10 18:06:03 +0200: Memory Usage (470272K) : colopen_drw has 0 polygons
2026-08-10 18:06:03 +0200: Memory Usage (470272K) : graphmetal1_drw has 0 polygons
2026-08-10 18:06:03 +0200: Memory Usage (470272K) : graphmetal1_filler has 0 polygons
2026-08-10 18:06:03 +0200: Memory Usage (470272K) : graphmetal1_nofill has 0 polygons
2026-08-10 18:06:03 +0200: Memory Usage (470272K) : graphmetal1_slit has 0 polygons
2026-08-10 18:06:03 +0200: Memory Usage (470272K) : graphmetal1_OPC has 0 polygons
2026-08-10 18:06:03 +0200: Memory Usage (470272K) : graphmet1l_drw has 0 polygons
2026-08-10 18:06:03 +0200: Memory Usage (470272K) : graphmet1l_filler has 0 polygons
2026-08-10 18:06:03 +0200: Memory Usage (470272K) : graphmet1l_nofill has 0 polygons
2026-08-10 18:06:03 +0200: Memory Usage (470272K) : graphmet1l_slit has 0 polygons
2026-08-10 18:06:03 +0200: Memory Usage (470272K) : graphmet1l_OPC has 0 polygons
2026-08-10 18:06:03 +0200: Memory Usage (470272K) : extblock_drw has 0 polygons
2026-08-10 18:06:03 +0200: Memory Usage (470272K) : nldd_drw has 0 polygons
2026-08-10 18:06:03 +0200: Memory Usage (470272K) : pldd_drw has 0 polygons
2026-08-10 18:06:03 +0200: Memory Usage (470272K) : next_drw has 0 polygons
2026-08-10 18:06:03 +0200: Memory Usage (470272K) : pext_drw has 0 polygons
2026-08-10 18:06:03 +0200: Memory Usage (470272K) : nexthv_drw has 0 polygons
2026-08-10 18:06:03 +0200: Memory Usage (470272K) : pexthv_drw has 0 polygons
2026-08-10 18:06:03 +0200: Memory Usage (470272K) : graphgate_drw has 0 polygons
2026-08-10 18:06:03 +0200: Memory Usage (470272K) : sinwg_drw has 0 polygons
2026-08-10 18:06:03 +0200: Memory Usage (470272K) : sinwg_filler has 0 polygons
2026-08-10 18:06:03 +0200: Memory Usage (470272K) : sinwg_nofill has 0 polygons
2026-08-10 18:06:03 +0200: Memory Usage (470272K) : mempad_drw has 0 polygons
2026-08-10 18:06:03 +0200: Memory Usage (470272K) : topvia1_drw has 2315 polygons
2026-08-10 18:06:03 +0200: Memory Usage (470272K) : topmetal1_drw has 8 polygons
2026-08-10 18:06:03 +0200: Memory Usage (470272K) : topmetal1_filler has 0 polygons
2026-08-10 18:06:03 +0200: Memory Usage (470272K) : topmetal1_slit has 0 polygons
2026-08-10 18:06:03 +0200: Memory Usage (470272K) : topmetal1 has 8 polygons
2026-08-10 18:06:03 +0200: Memory Usage (470272K) : topmetal1_pin has 8 polygons
2026-08-10 18:06:03 +0200: Memory Usage (470272K) : topmetal1_mask has 0 polygons
2026-08-10 18:06:03 +0200: Memory Usage (470272K) : topmetal1_nofill has 0 polygons
2026-08-10 18:06:03 +0200: Memory Usage (470272K) : topmetal1_text has 8 polygons
2026-08-10 18:06:03 +0200: Memory Usage (470272K) : topmetal1_noqrc has 0 polygons
2026-08-10 18:06:03 +0200: Memory Usage (470272K) : topmetal1_res has 0 polygons
2026-08-10 18:06:03 +0200: Memory Usage (470272K) : topmetal1_iprobe has 0 polygons
2026-08-10 18:06:03 +0200: Memory Usage (470272K) : topmetal1_diffprb has 0 polygons
2026-08-10 18:06:03 +0200: Memory Usage (470272K) : inldpwl_drw has 0 polygons
2026-08-10 18:06:03 +0200: Memory Usage (470272K) : polyres_drw has 0 polygons
2026-08-10 18:06:03 +0200: Memory Usage (470272K) : polyres_pin has 0 polygons
2026-08-10 18:06:03 +0200: Memory Usage (470400K) : vmim_drw has 0 polygons
2026-08-10 18:06:03 +0200: Memory Usage (470400K) : nbulaycut_drw has 0 polygons
2026-08-10 18:06:03 +0200: Memory Usage (470528K) : antmetal1_drw has 0 polygons
2026-08-10 18:06:03 +0200: Memory Usage (470528K) : topvia2_drw has 1593 polygons
2026-08-10 18:06:03 +0200: Memory Usage (470656K) : topmetal2_drw has 10 polygons
2026-08-10 18:06:03 +0200: Memory Usage (470784K) : topmetal2_filler has 0 polygons
2026-08-10 18:06:03 +0200: Memory Usage (470784K) : topmetal2_slit has 0 polygons
2026-08-10 18:06:03 +0200: Memory Usage (470912K) : topmetal2 has 10 polygons
2026-08-10 18:06:03 +0200: Memory Usage (471040K) : topmetal2_pin has 6 polygons
2026-08-10 18:06:03 +0200: Memory Usage (471040K) : topmetal2_mask has 0 polygons
2026-08-10 18:06:03 +0200: Memory Usage (471168K) : topmetal2_nofill has 0 polygons
2026-08-10 18:06:03 +0200: Memory Usage (471168K) : topmetal2_text has 6 polygons
2026-08-10 18:06:03 +0200: Memory Usage (471296K) : topmetal2_noqrc has 0 polygons
2026-08-10 18:06:03 +0200: Memory Usage (471296K) : topmetal2_res has 0 polygons
2026-08-10 18:06:03 +0200: Memory Usage (471424K) : topmetal2_iprobe has 0 polygons
2026-08-10 18:06:03 +0200: Memory Usage (471424K) : topmetal2_diffprb has 0 polygons
2026-08-10 18:06:03 +0200: Memory Usage (471552K) : snsring_drw has 0 polygons
2026-08-10 18:06:03 +0200: Memory Usage (471680K) : sensor_drw has 0 polygons
2026-08-10 18:06:03 +0200: Memory Usage (471680K) : snsarms_drw has 0 polygons
2026-08-10 18:06:03 +0200: Memory Usage (471808K) : snscmosvia_drw has 0 polygons
2026-08-10 18:06:03 +0200: Memory Usage (471808K) : colwind_drw has 0 polygons
2026-08-10 18:06:03 +0200: Memory Usage (471936K) : flm_drw has 0 polygons
2026-08-10 18:06:03 +0200: Memory Usage (471936K) : hafniumox_drw has 0 polygons
2026-08-10 18:06:03 +0200: Memory Usage (472064K) : memvia_drw has 0 polygons
2026-08-10 18:06:03 +0200: Memory Usage (472064K) : thinfilmres_drw has 0 polygons
2026-08-10 18:06:03 +0200: Memory Usage (472192K) : rfmem_drw has 0 polygons
2026-08-10 18:06:03 +0200: Memory Usage (472192K) : norcx_drw has 0 polygons
2026-08-10 18:06:03 +0200: Memory Usage (472320K) : norcx_m2m3 has 0 polygons
2026-08-10 18:06:03 +0200: Memory Usage (472448K) : norcx_m2m4 has 0 polygons
2026-08-10 18:06:03 +0200: Memory Usage (472448K) : norcx_m2m5 has 0 polygons
2026-08-10 18:06:03 +0200: Memory Usage (472576K) : norcx_m2tm1 has 0 polygons
2026-08-10 18:06:03 +0200: Memory Usage (472576K) : norcx_m2tm2 has 0 polygons
2026-08-10 18:06:03 +0200: Memory Usage (472704K) : norcx_m3m4 has 0 polygons
2026-08-10 18:06:03 +0200: Memory Usage (472704K) : norcx_m3m5 has 0 polygons
2026-08-10 18:06:03 +0200: Memory Usage (472832K) : norcx_m3tm1 has 0 polygons
2026-08-10 18:06:03 +0200: Memory Usage (472832K) : norcx_m3tm2 has 0 polygons
2026-08-10 18:06:03 +0200: Memory Usage (472960K) : norcx_m4m5 has 0 polygons
2026-08-10 18:06:03 +0200: Memory Usage (472960K) : norcx_m4tm1 has 0 polygons
2026-08-10 18:06:03 +0200: Memory Usage (473088K) : norcx_m4tm2 has 0 polygons
2026-08-10 18:06:03 +0200: Memory Usage (473216K) : norcx_m5tm1 has 0 polygons
2026-08-10 18:06:03 +0200: Memory Usage (473216K) : norcx_m5tm2 has 0 polygons
2026-08-10 18:06:03 +0200: Memory Usage (473344K) : norcx_tm1tm2 has 0 polygons
2026-08-10 18:06:03 +0200: Memory Usage (473344K) : norcx_m1sub has 0 polygons
2026-08-10 18:06:03 +0200: Memory Usage (473472K) : norcx_m2sub has 0 polygons
2026-08-10 18:06:03 +0200: Memory Usage (473472K) : norcx_m3sub has 0 polygons
2026-08-10 18:06:03 +0200: Memory Usage (473600K) : norcx_m4sub has 0 polygons
2026-08-10 18:06:03 +0200: Memory Usage (473600K) : norcx_m5sub has 0 polygons
2026-08-10 18:06:03 +0200: Memory Usage (473728K) : norcx_tm1sub has 0 polygons
2026-08-10 18:06:03 +0200: Memory Usage (473728K) : norcx_tm2sub has 0 polygons
2026-08-10 18:06:03 +0200: Memory Usage (473856K) : snsbotvia_drw has 0 polygons
2026-08-10 18:06:03 +0200: Memory Usage (473984K) : snstopvia_drw has 0 polygons
2026-08-10 18:06:03 +0200: Memory Usage (473984K) : deepvia_drw has 0 polygons
2026-08-10 18:06:03 +0200: Memory Usage (474112K) : fgetch_drw has 0 polygons
2026-08-10 18:06:03 +0200: Memory Usage (474112K) : ctrgat_drw has 0 polygons
2026-08-10 18:06:03 +0200: Memory Usage (474240K) : fgimp_drw has 0 polygons
2026-08-10 18:06:03 +0200: Memory Usage (474240K) : emwihv_drw has 0 polygons
2026-08-10 18:06:03 +0200: Memory Usage (474368K) : lbe_drw has 0 polygons
2026-08-10 18:06:03 +0200: Memory Usage (474368K) : alcustop_drw has 0 polygons
2026-08-10 18:06:03 +0200: Memory Usage (474496K) : nometfiller_drw has 0 polygons
2026-08-10 18:06:03 +0200: Memory Usage (474496K) : prboundary_drw has 0 polygons
2026-08-10 18:06:03 +0200: Memory Usage (474496K) : exchange0_drw has 0 polygons
2026-08-10 18:06:03 +0200: Memory Usage (474496K) : exchange0_pin has 0 polygons
2026-08-10 18:06:03 +0200: Memory Usage (474496K) : exchange0_text has 0 polygons
2026-08-10 18:06:03 +0200: Memory Usage (474496K) : exchange1_drw has 0 polygons
2026-08-10 18:06:03 +0200: Memory Usage (474496K) : exchange1_pin has 0 polygons
2026-08-10 18:06:03 +0200: Memory Usage (474496K) : exchange1_text has 0 polygons
2026-08-10 18:06:03 +0200: Memory Usage (474496K) : exchange2_drw has 0 polygons
2026-08-10 18:06:03 +0200: Memory Usage (474496K) : exchange2_pin has 0 polygons
2026-08-10 18:06:03 +0200: Memory Usage (474496K) : exchange2_text has 0 polygons
2026-08-10 18:06:03 +0200: Memory Usage (474496K) : exchange3_drw has 0 polygons
2026-08-10 18:06:03 +0200: Memory Usage (474496K) : exchange3_pin has 0 polygons
2026-08-10 18:06:03 +0200: Memory Usage (474496K) : exchange3_text has 0 polygons
2026-08-10 18:06:03 +0200: Memory Usage (474496K) : exchange4_drw has 0 polygons
2026-08-10 18:06:03 +0200: Memory Usage (474496K) : exchange4_pin has 0 polygons
2026-08-10 18:06:03 +0200: Memory Usage (474496K) : exchange4_text has 0 polygons
2026-08-10 18:06:03 +0200: Memory Usage (474496K) : isonwell_drw has 0 polygons
2026-08-10 18:06:03 +0200: Memory Usage (474496K) : Total no. of polygons in the design is 100705
2026-08-10 18:06:03 +0200: Memory Usage (474496K) : Starting base layers derivations
2026-08-10 18:06:03 +0200: Memory Usage (474496K) : Starting general LVS derivations
2026-08-10 18:06:04 +0200: Memory Usage (478336K) : Starting MOSFET DERIVATIONS
2026-08-10 18:06:04 +0200: Memory Usage (506968K) : Starting NMOS DERIVATIONS
2026-08-10 18:06:04 +0200: Memory Usage (506968K) : Starting PMOS DERIVATIONS
2026-08-10 18:06:04 +0200: Memory Usage (506968K) : Starting RF-MOSFET DERIVATIONS
2026-08-10 18:06:04 +0200: Memory Usage (506968K) : Starting RF-NMOS DERIVATIONS
2026-08-10 18:06:04 +0200: Memory Usage (506968K) : Starting RF-PMOS DERIVATIONS
2026-08-10 18:06:04 +0200: Memory Usage (506968K) : Starting BJT DERIVATIONS
2026-08-10 18:06:04 +0200: Memory Usage (506968K) : Starting NPN-BJT DERIVATIONS
2026-08-10 18:06:04 +0200: Memory Usage (506968K) : Starting PNP-BJT DERIVATIONS
2026-08-10 18:06:04 +0200: Memory Usage (506968K) : Starting DIODE DERIVATIONS
2026-08-10 18:06:05 +0200: Memory Usage (480820K) : Starting RESISTOR DERIVATIONS
2026-08-10 18:06:05 +0200: Memory Usage (480820K) : Starting CAP DERIVATIONS
2026-08-10 18:06:06 +0200: Memory Usage (480820K) : Starting CAP_CMOM DERIVATIONS
2026-08-10 18:06:06 +0200: Memory Usage (480820K) : Starting ESD DERIVATIONS
2026-08-10 18:06:06 +0200: Memory Usage (487860K) : Starting Inductor DERIVATIONS
2026-08-10 18:06:06 +0200: Memory Usage (489012K) : Starting Taps DERIVATIONS
2026-08-10 18:06:06 +0200: Memory Usage (489012K) : Starting SG13G2 LVS connectivity setup
2026-08-10 18:06:06 +0200: Memory Usage (489012K) : Starting SG13G2 LVS connectivity setup (Inter-layer)
2026-08-10 18:06:06 +0200: Memory Usage (489140K) : Starting SG13G2 LVS connectivity setup (Global)
2026-08-10 18:06:06 +0200: Memory Usage (489140K) : Starting LVS MOSFET CONNECTIONS
2026-08-10 18:06:06 +0200: Memory Usage (489140K) : Starting LVS RF-MOSFET CONNECTIONS
2026-08-10 18:06:06 +0200: Memory Usage (489140K) : Starting LVS BJT CONNECTIONS
2026-08-10 18:06:06 +0200: Memory Usage (489140K) : Starting LVS DIODE CONNECTIONS
2026-08-10 18:06:06 +0200: Memory Usage (489140K) : Starting RESISTOR CONNECTIONS
2026-08-10 18:06:06 +0200: Memory Usage (489140K) : Starting LVS CAP CONNECTIONS
2026-08-10 18:06:06 +0200: Memory Usage (489140K) : Starting CAP_CMOM CONNECTIONS
2026-08-10 18:06:06 +0200: Memory Usage (489140K) : Starting ESD CONNECTIONS
2026-08-10 18:06:06 +0200: Memory Usage (489140K) : Starting Inductor CONNECTIONS
2026-08-10 18:06:06 +0200: Memory Usage (489140K) : Starting LVS Taps CONNECTIONS
2026-08-10 18:06:06 +0200: Memory Usage (489140K) : Starting SG13G2 LVS DEVICES EXTRACTION
2026-08-10 18:06:06 +0200: Memory Usage (489140K) : Starting MOSFET EXTRACTION
2026-08-10 18:06:06 +0200: Memory Usage (489140K) : Starting NMOS EXTRACTION
2026-08-10 18:06:06 +0200: Memory Usage (489140K) : Extraction of NMOS-LV transistor
2026-08-10 18:06:06 +0200: Memory Usage (489140K) : Extraction of NMOS-HV transistor
2026-08-10 18:06:06 +0200: Memory Usage (489140K) : Starting PMOS EXTRACTION
2026-08-10 18:06:06 +0200: Memory Usage (489140K) : Extraction of PMOS-LV transistor
2026-08-10 18:06:06 +0200: Memory Usage (489140K) : Extraction of PMOS-HV transistor
2026-08-10 18:06:06 +0200: Memory Usage (489140K) : Starting RF-MOSFET EXTRACTION
2026-08-10 18:06:06 +0200: Memory Usage (489140K) : Extraction of RF-NMOS-LV transistor
2026-08-10 18:06:06 +0200: Memory Usage (489140K) : Extraction of RF-NMOS-HV transistor
2026-08-10 18:06:06 +0200: Memory Usage (489140K) : Extraction of RF-PMOS-LV transistor
2026-08-10 18:06:06 +0200: Memory Usage (489140K) : Extraction of RF-PMOS-HV transistor
2026-08-10 18:06:06 +0200: Memory Usage (489140K) : Starting BJT EXTRACTION
2026-08-10 18:06:06 +0200: Memory Usage (489140K) : Starting NPN-BJT EXTRACTION
2026-08-10 18:06:06 +0200: Memory Usage (489140K) : Extraction of npn13G2 BJT transistor
2026-08-10 18:06:06 +0200: Memory Usage (489140K) : Extraction of npn13G2L BJT transistor
2026-08-10 18:06:06 +0200: Memory Usage (489140K) : Extraction of npn13G2V BJT transistor
2026-08-10 18:06:06 +0200: Memory Usage (489140K) : Starting PNP-BJT EXTRACTION
2026-08-10 18:06:06 +0200: Memory Usage (489140K) : Extracting pnpMPA BJT
2026-08-10 18:06:06 +0200: Memory Usage (489268K) : Starting DIODE EXTRACTION
2026-08-10 18:06:06 +0200: Memory Usage (489268K) : Extracting dantenna diode
2026-08-10 18:06:06 +0200: Memory Usage (489268K) : Extracting dpantenna diode
2026-08-10 18:06:06 +0200: Memory Usage (489268K) : Extracting schottky_nbl1 diode
2026-08-10 18:06:06 +0200: Memory Usage (489268K) : Extracting isolbox diode
2026-08-10 18:06:06 +0200: Memory Usage (489268K) : Starting RESISTOR EXTRACTION
2026-08-10 18:06:06 +0200: Memory Usage (489268K) : Extracting rsil resistor
2026-08-10 18:06:06 +0200: Memory Usage (489268K) : Extracting rppd resistor
2026-08-10 18:06:06 +0200: Memory Usage (489268K) : Extracting rhigh resistor
2026-08-10 18:06:06 +0200: Memory Usage (489268K) : Extracting res_metal1 resistor
2026-08-10 18:06:06 +0200: Memory Usage (489268K) : Extracting res_metal2 resistor
2026-08-10 18:06:06 +0200: Memory Usage (489268K) : Extracting res_metal3 resistor
2026-08-10 18:06:06 +0200: Memory Usage (489268K) : Extracting res_metal4 resistor
2026-08-10 18:06:06 +0200: Memory Usage (489268K) : Extracting res_metal5 resistor
2026-08-10 18:06:06 +0200: Memory Usage (489268K) : Extracting res_topmetal1 resistor
2026-08-10 18:06:06 +0200: Memory Usage (489268K) : Extracting res_topmetal2 resistor
2026-08-10 18:06:06 +0200: Memory Usage (489268K) : Starting CAP EXTRACTION
2026-08-10 18:06:06 +0200: Memory Usage (489268K) : Extracting cap_cmim device
2026-08-10 18:06:06 +0200: Memory Usage (489268K) : Extracting rfcmim device
2026-08-10 18:06:06 +0200: Memory Usage (489268K) : Extracting sg13_hv_svaricap varactor
2026-08-10 18:06:06 +0200: Memory Usage (489268K) : Extracting cap_cmomi device
2026-08-10 18:06:06 +0200: Memory Usage (489268K) : Extracting sg13_moscap_n capacitor
2026-08-10 18:06:06 +0200: Memory Usage (489268K) : Extracting sg13_moscap_p capacitor
2026-08-10 18:06:06 +0200: Memory Usage (489268K) : Starting ESD EXTRACTION
2026-08-10 18:06:06 +0200: Memory Usage (489268K) : Extracting diodevdd_2kv ESD device
2026-08-10 18:06:06 +0200: Memory Usage (489268K) : Extracting diodevdd_4kv ESD device
2026-08-10 18:06:06 +0200: Memory Usage (489268K) : Extracting diodevss_2kv ESD device
2026-08-10 18:06:06 +0200: Memory Usage (489268K) : Extracting diodevss_4kv ESD device
2026-08-10 18:06:06 +0200: Memory Usage (489268K) : Extracting idiodevdd_2kv ESD device
2026-08-10 18:06:06 +0200: Memory Usage (489268K) : Extracting idiodevdd_4kv ESD device
2026-08-10 18:06:06 +0200: Memory Usage (489268K) : Extracting idiodevss_2kv ESD device
2026-08-10 18:06:06 +0200: Memory Usage (489268K) : Extracting idiodevss_4kv ESD device
2026-08-10 18:06:06 +0200: Memory Usage (489268K) : Extracting nmoscl_2 ESD device
2026-08-10 18:06:06 +0200: Memory Usage (489268K) : Extracting nmoscl_4 ESD device
2026-08-10 18:06:06 +0200: Memory Usage (489268K) : Starting Inductor EXTRACTION
2026-08-10 18:06:06 +0200: Memory Usage (489268K) : Extracting Inductor2 device
2026-08-10 18:06:06 +0200: Memory Usage (489268K) : Extracting Inductor3 device
2026-08-10 18:06:06 +0200: Memory Usage (489268K) : Starting Taps EXTRACTION
2026-08-10 18:06:06 +0200: Memory Usage (489268K) : Extracting ntap1 device
2026-08-10 18:06:06 +0200: Memory Usage (489268K) : Extracting ptap1 device
2026-08-10 18:06:06 +0200: Memory Usage (489268K) : Starting SG13G2 LVS RF MOS Model Mapping
2026-08-10 18:06:08 +0200: Memory Usage (503476K) : [layout_netlist] Apply RF MOS model mapping and rfmode parameter.
2026-08-10 18:06:08 +0200: Memory Usage (503476K) : Starting SG13G2 LVS Options Preparations
2026-08-10 18:06:08 +0200: Memory Usage (503476K) : SG13G2 LVS flow: extraction -> alignment -> option preparation -> comparison.
2026-08-10 18:06:08 +0200: Memory Usage (503476K) : Starting SG13G2 LVS Alignment
2026-08-10 18:06:08 +0200: Memory Usage (503476K) : Starting SG13G2 LVS Simplification
2026-08-10 18:06:08 +0200: Memory Usage (503476K) : [layout_netlist] simplify: ENABLED
2026-08-10 18:06:08 +0200: Memory Usage (503476K) : [layout_netlist] make_top_level_pins: SKIPPED
2026-08-10 18:06:08 +0200: Memory Usage (503476K) : [layout_netlist] combine_devices: ENABLED
2026-08-10 18:06:08 +0200: Memory Usage (503476K) : [layout_netlist] purge: SKIPPED
2026-08-10 18:06:08 +0200: Memory Usage (503476K) : [layout_netlist] purge_nets: SKIPPED
2026-08-10 18:06:08 +0200: Memory Usage (503476K) : [schematic_netlist] simplify: ENABLED
2026-08-10 18:06:08 +0200: Memory Usage (503476K) : [schematic_netlist] make_top_level_pins: SKIPPED
2026-08-10 18:06:08 +0200: Memory Usage (503476K) : [schematic_netlist] combine_devices: ENABLED
2026-08-10 18:06:08 +0200: Memory Usage (503476K) : [schematic_netlist] purge: SKIPPED
2026-08-10 18:06:08 +0200: Memory Usage (503476K) : [schematic_netlist] purge_nets: SKIPPED
2026-08-10 18:06:08 +0200: Memory Usage (503476K) : Starting SG13G2 LVS Comparison
2026-08-10 18:06:08 +0200: Memory Usage (503604K) : ==========================================
2026-08-10 18:06:08 +0200: Memory Usage (503604K) : INFO : Congratulations! Netlists match.
2026-08-10 18:06:08 +0200: Memory Usage (503604K) : ==========================================
2026-08-10 18:06:08 +0200: Memory Usage (503604K) : LVS Total Run time 5.220310 seconds
10-Aug-2026 18:06:08 | INFO    | ==============================================================================
10-Aug-2026 18:06:08 | INFO    | Important Summary
10-Aug-2026 18:06:08 | INFO    | +------------------+------------------------------------------------------------------------------------------+
10-Aug-2026 18:06:08 | INFO    | | Status           | PASS                                                                                     |
10-Aug-2026 18:06:08 | INFO    | | Mode             | COMPARE                                                                                  |
10-Aug-2026 18:06:08 | INFO    | | Outcome          | Comparison mode: PASS (netlists match).                                                  |
10-Aug-2026 18:06:08 | INFO    | | Layout           | sg13g2_IOPadIOVss.gds                                                                    |
10-Aug-2026 18:06:08 | INFO    | | Top Cell         | sg13g2_IOPadIOVss                                                                        |
10-Aug-2026 18:06:08 | INFO    | | Results Dir      | /foss/designs/ihp-open-pdk-regression/IOPADS/lvs_sweep/20260810_180504/sg13g2_IOPadIOVss |
10-Aug-2026 18:06:08 | INFO    | | Warnings         | 0                                                                                        |
10-Aug-2026 18:06:08 | INFO    | | Errors           | 0                                                                                        |
10-Aug-2026 18:06:08 | INFO    | | Run Time (s)     | 9.423                                                                                    |
10-Aug-2026 18:06:08 | INFO    | +------------------+------------------------------------------------------------------------------------------+
10-Aug-2026 18:06:08 | INFO    | ==============================================================================
