11-Aug-2026 10:09:02 | INFO    | Your Klayout version is: KLayout 0.30.10 (required >= 0.30.5)
11-Aug-2026 10:09:02 | INFO    | Running SG13G2 LVS checks on design /foss/designs/ihp-open-pdk-regression/IOPADS/layout/sg13g2_IOPadTriOut30mA.gds on cell sg13g2_IOPadTriOut30mA
2026-08-11 10:09:05 +0200: Memory Usage (455688K) : Starting running SG13G2 Klayout LVS runset on /foss/designs/ihp-open-pdk-regression/IOPADS/layout/sg13g2_IOPadTriOut30mA.gds
2026-08-11 10:09:05 +0200: Memory Usage (455688K) : Ruby Version for klayout: 3.2.3
2026-08-11 10:09:05 +0200: Memory Usage (457096K) : Loading database to memory is complete.
2026-08-11 10:09:05 +0200: Memory Usage (457096K) : SG13G2 Klayout LVS runset output at: /foss/designs/ihp-open-pdk-regression/IOPADS/lvs_sweep/20260811_100703/sg13g2_IOPadTriOut30mA/sg13g2_IOPadTriOut30mA.lvsdb
2026-08-11 10:09:05 +0200: Memory Usage (457096K) : Evaluate switches.
2026-08-11 10:09:05 +0200: Memory Usage (457096K) : Extracted netlist with net names: true
2026-08-11 10:09:05 +0200: Memory Usage (457096K) : Extracted netlist with comments in details: false
2026-08-11 10:09:05 +0200: Memory Usage (457096K) : Selected NET_ONLY option: false
2026-08-11 10:09:05 +0200: Memory Usage (457096K) : Selected LAYOUT_NETLIST option: (none)
2026-08-11 10:09:05 +0200: Memory Usage (457096K) : Selected IGNORE_TOP_PORTS_MISMATCH option: true
2026-08-11 10:09:05 +0200: Memory Usage (457096K) : Selected IMPLICIT_NETS option: iovss,iovdd,vss,vdd,pad,cathode,anode
2026-08-11 10:09:05 +0200: Memory Usage (457096K) : Selected TOP_LVL_PINS option: false
2026-08-11 10:09:05 +0200: Memory Usage (457096K) : Selected COMBINE DEVICES option: true
2026-08-11 10:09:05 +0200: Memory Usage (457096K) : Selected PURGE option: false
2026-08-11 10:09:05 +0200: Memory Usage (457096K) : Selected PURGE_NETS option: false
2026-08-11 10:09:05 +0200: Memory Usage (457096K) : Selected SIMPLIFY option: true
2026-08-11 10:09:05 +0200: Memory Usage (457096K) : Selected SERIES_RES option: true
2026-08-11 10:09:05 +0200: Memory Usage (457096K) : Selected PARALLEL_RES option: true
2026-08-11 10:09:05 +0200: Memory Usage (457096K) : Selected DISABLE_TAP_EXTRACTION option: false
2026-08-11 10:09:05 +0200: Memory Usage (457096K) : deep  mode is enabled.
2026-08-11 10:09:05 +0200: Memory Usage (457096K) : Applying implicit connections (case-sensitive, pattern supported) for nets: iovss, iovdd, vss, vdd, pad, cathode, anode
2026-08-11 10:09:05 +0200: Memory Usage (458504K) : Netlist file: /foss/designs/ihp-open-pdk-regression/IOPADS/netlist/pads_sub/sg13g2_IOPadTriOut30mA.spi
2026-08-11 10:09:05 +0200: Memory Usage (458504K) : LVS extracted netlist at: /foss/designs/ihp-open-pdk-regression/IOPADS/lvs_sweep/20260811_100703/sg13g2_IOPadTriOut30mA/sg13g2_IOPadTriOut30mA_extracted.cir
2026-08-11 10:09:05 +0200: Memory Usage (458504K) : Applying SRAM integration support.
2026-08-11 10:09:05 +0200: Memory Usage (458504K) : Starting SG13G2 LVS runset
2026-08-11 10:09:05 +0200: Memory Usage (458504K) : Read in polygons from layers.
2026-08-11 10:09:05 +0200: Memory Usage (460168K) : activ_drw has 95 polygons
2026-08-11 10:09:05 +0200: Memory Usage (460168K) : activ_filler has 0 polygons
2026-08-11 10:09:05 +0200: Memory Usage (460424K) : activ has 95 polygons
2026-08-11 10:09:05 +0200: Memory Usage (460424K) : activ_pin has 0 polygons
2026-08-11 10:09:05 +0200: Memory Usage (460424K) : activ_mask has 0 polygons
2026-08-11 10:09:05 +0200: Memory Usage (460424K) : activ_nofill has 0 polygons
2026-08-11 10:09:05 +0200: Memory Usage (460552K) : activ_OPC has 0 polygons
2026-08-11 10:09:05 +0200: Memory Usage (460552K) : activ_iOPC has 0 polygons
2026-08-11 10:09:05 +0200: Memory Usage (460680K) : activ_noqrc has 0 polygons
2026-08-11 10:09:05 +0200: Memory Usage (460680K) : biwind_drw has 0 polygons
2026-08-11 10:09:05 +0200: Memory Usage (460808K) : biwind_OPC has 0 polygons
2026-08-11 10:09:05 +0200: Memory Usage (460808K) : gatpoly_drw has 61 polygons
2026-08-11 10:09:05 +0200: Memory Usage (460936K) : gatpoly_filler has 0 polygons
2026-08-11 10:09:05 +0200: Memory Usage (460936K) : gatpoly has 61 polygons
2026-08-11 10:09:05 +0200: Memory Usage (461064K) : gatpoly_pin has 0 polygons
2026-08-11 10:09:05 +0200: Memory Usage (461064K) : gatpoly_nofill has 0 polygons
2026-08-11 10:09:05 +0200: Memory Usage (461192K) : gatpoly_OPC has 0 polygons
2026-08-11 10:09:05 +0200: Memory Usage (461320K) : gatpoly_iOPC has 0 polygons
2026-08-11 10:09:05 +0200: Memory Usage (461320K) : gatpoly_noqrc has 0 polygons
2026-08-11 10:09:05 +0200: Memory Usage (462728K) : cont_drw has 46492 polygons
2026-08-11 10:09:05 +0200: Memory Usage (462728K) : cont_OPC has 0 polygons
2026-08-11 10:09:05 +0200: Memory Usage (462728K) : nsd_drw has 0 polygons
2026-08-11 10:09:05 +0200: Memory Usage (462728K) : nsd_block has 0 polygons
2026-08-11 10:09:05 +0200: Memory Usage (462728K) : metal1_drw has 349 polygons
2026-08-11 10:09:05 +0200: Memory Usage (462728K) : metal1_filler has 0 polygons
2026-08-11 10:09:05 +0200: Memory Usage (462728K) : metal1_slit has 0 polygons
2026-08-11 10:09:05 +0200: Memory Usage (463240K) : metal1 has 349 polygons
2026-08-11 10:09:05 +0200: Memory Usage (463240K) : metal1_pin has 42 polygons
2026-08-11 10:09:05 +0200: Memory Usage (463240K) : metal1_mask has 0 polygons
2026-08-11 10:09:05 +0200: Memory Usage (463240K) : metal1_nofill has 0 polygons
2026-08-11 10:09:05 +0200: Memory Usage (463496K) : metal1_text has 42 polygons
2026-08-11 10:09:05 +0200: Memory Usage (463624K) : metal1_OPC has 0 polygons
2026-08-11 10:09:05 +0200: Memory Usage (463624K) : metal1_noqrc has 0 polygons
2026-08-11 10:09:05 +0200: Memory Usage (463624K) : metal1_res has 0 polygons
2026-08-11 10:09:05 +0200: Memory Usage (463752K) : metal1_iprobe has 0 polygons
2026-08-11 10:09:05 +0200: Memory Usage (463752K) : metal1_diffprb has 0 polygons
2026-08-11 10:09:05 +0200: Memory Usage (463880K) : passiv_drw has 0 polygons
2026-08-11 10:09:05 +0200: Memory Usage (463880K) : passiv_pin has 0 polygons
2026-08-11 10:09:05 +0200: Memory Usage (464008K) : passiv_sbump has 0 polygons
2026-08-11 10:09:05 +0200: Memory Usage (464008K) : passiv_pillar has 0 polygons
2026-08-11 10:09:05 +0200: Memory Usage (464136K) : passiv_pdl has 0 polygons
2026-08-11 10:09:05 +0200: Memory Usage (464136K) : metal2_drw has 95 polygons
2026-08-11 10:09:05 +0200: Memory Usage (464136K) : metal2_filler has 0 polygons
2026-08-11 10:09:05 +0200: Memory Usage (464264K) : metal2_slit has 0 polygons
2026-08-11 10:09:05 +0200: Memory Usage (464264K) : metal2 has 95 polygons
2026-08-11 10:09:05 +0200: Memory Usage (464392K) : metal2_pin has 30 polygons
2026-08-11 10:09:05 +0200: Memory Usage (464392K) : metal2_mask has 0 polygons
2026-08-11 10:09:05 +0200: Memory Usage (464392K) : metal2_nofill has 0 polygons
2026-08-11 10:09:05 +0200: Memory Usage (464392K) : metal2_text has 29 polygons
2026-08-11 10:09:05 +0200: Memory Usage (464520K) : metal2_OPC has 0 polygons
2026-08-11 10:09:05 +0200: Memory Usage (464520K) : metal2_noqrc has 0 polygons
2026-08-11 10:09:05 +0200: Memory Usage (464648K) : metal2_res has 0 polygons
2026-08-11 10:09:05 +0200: Memory Usage (464648K) : metal2_iprobe has 0 polygons
2026-08-11 10:09:05 +0200: Memory Usage (464776K) : metal2_diffprb has 0 polygons
2026-08-11 10:09:05 +0200: Memory Usage (464776K) : baspoly_drw has 0 polygons
2026-08-11 10:09:05 +0200: Memory Usage (464904K) : baspoly_pin has 0 polygons
2026-08-11 10:09:05 +0200: Memory Usage (464904K) : psd_drw has 38 polygons
2026-08-11 10:09:05 +0200: Memory Usage (465032K) : nldb_drw has 0 polygons
2026-08-11 10:09:05 +0200: Memory Usage (465032K) : digibnd_drw has 0 polygons
2026-08-11 10:09:05 +0200: Memory Usage (465160K) : via1_drw has 1846 polygons
2026-08-11 10:09:05 +0200: Memory Usage (465288K) : backmetal1_drw has 0 polygons
2026-08-11 10:09:05 +0200: Memory Usage (465288K) : backmetal1_pin has 0 polygons
2026-08-11 10:09:05 +0200: Memory Usage (465416K) : backmetal1_mask has 0 polygons
2026-08-11 10:09:05 +0200: Memory Usage (465416K) : backmetal1_filler has 0 polygons
2026-08-11 10:09:05 +0200: Memory Usage (465544K) : backmetal1_nofill has 0 polygons
2026-08-11 10:09:05 +0200: Memory Usage (465544K) : backmetal1_slit has 0 polygons
2026-08-11 10:09:05 +0200: Memory Usage (465672K) : backmetal1_text has 0 polygons
2026-08-11 10:09:05 +0200: Memory Usage (465672K) : backmetal1_OPC has 0 polygons
2026-08-11 10:09:05 +0200: Memory Usage (465800K) : backmetal1_noqrc has 0 polygons
2026-08-11 10:09:05 +0200: Memory Usage (465800K) : backmetal1_res has 0 polygons
2026-08-11 10:09:05 +0200: Memory Usage (465928K) : backmetal1_iprobe has 0 polygons
2026-08-11 10:09:05 +0200: Memory Usage (465928K) : backmetal1_diffprb has 0 polygons
2026-08-11 10:09:05 +0200: Memory Usage (466056K) : backpassiv_drw has 0 polygons
2026-08-11 10:09:05 +0200: Memory Usage (466184K) : res_drw has 0 polygons
2026-08-11 10:09:05 +0200: Memory Usage (466184K) : sram_drw has 0 polygons
2026-08-11 10:09:05 +0200: Memory Usage (466312K) : trans_drw has 0 polygons
2026-08-11 10:09:05 +0200: Memory Usage (466312K) : ind_drw has 0 polygons
2026-08-11 10:09:05 +0200: Memory Usage (466440K) : ind_pin has 0 polygons
2026-08-11 10:09:05 +0200: Memory Usage (466440K) : ind_text has 0 polygons
2026-08-11 10:09:05 +0200: Memory Usage (466568K) : salblock_drw has 0 polygons
2026-08-11 10:09:05 +0200: Memory Usage (466568K) : via2_drw has 1654 polygons
2026-08-11 10:09:05 +0200: Memory Usage (466696K) : metal3_drw has 26 polygons
2026-08-11 10:09:05 +0200: Memory Usage (466696K) : metal3_filler has 0 polygons
2026-08-11 10:09:05 +0200: Memory Usage (466696K) : metal3_slit has 0 polygons
2026-08-11 10:09:05 +0200: Memory Usage (466824K) : metal3 has 26 polygons
2026-08-11 10:09:05 +0200: Memory Usage (466952K) : metal3_pin has 10 polygons
2026-08-11 10:09:05 +0200: Memory Usage (466952K) : metal3_mask has 0 polygons
2026-08-11 10:09:05 +0200: Memory Usage (467080K) : metal3_nofill has 0 polygons
2026-08-11 10:09:05 +0200: Memory Usage (467080K) : metal3_text has 10 polygons
2026-08-11 10:09:05 +0200: Memory Usage (467208K) : metal3_OPC has 0 polygons
2026-08-11 10:09:05 +0200: Memory Usage (467208K) : metal3_noqrc has 0 polygons
2026-08-11 10:09:05 +0200: Memory Usage (467336K) : metal3_res has 0 polygons
2026-08-11 10:09:05 +0200: Memory Usage (467464K) : metal3_iprobe has 0 polygons
2026-08-11 10:09:05 +0200: Memory Usage (467464K) : metal3_diffprb has 0 polygons
2026-08-11 10:09:05 +0200: Memory Usage (467592K) : nwell_drw has 25 polygons
2026-08-11 10:09:05 +0200: Memory Usage (467592K) : nwell_pin has 0 polygons
2026-08-11 10:09:05 +0200: Memory Usage (467720K) : nwell_text has 0 polygons
2026-08-11 10:09:05 +0200: Memory Usage (467720K) : nbulay_drw has 0 polygons
2026-08-11 10:09:05 +0200: Memory Usage (467848K) : nbulay_pin has 0 polygons
2026-08-11 10:09:05 +0200: Memory Usage (467848K) : nbulay_block has 0 polygons
2026-08-11 10:09:05 +0200: Memory Usage (467976K) : emwind_drw has 0 polygons
2026-08-11 10:09:05 +0200: Memory Usage (467976K) : emwind_OPC has 0 polygons
2026-08-11 10:09:05 +0200: Memory Usage (468104K) : deepco_drw has 0 polygons
2026-08-11 10:09:05 +0200: Memory Usage (468104K) : mim_drw has 0 polygons
2026-08-11 10:09:05 +0200: Memory Usage (468232K) : edgeseal_drw has 0 polygons
2026-08-11 10:09:05 +0200: Memory Usage (468232K) : substrate_drw has 23 polygons
2026-08-11 10:09:05 +0200: Memory Usage (468360K) : substrate_text has 0 polygons
2026-08-11 10:09:05 +0200: Memory Usage (468360K) : dfpad_drw has 0 polygons
2026-08-11 10:09:05 +0200: Memory Usage (468488K) : dfpad_pillar has 0 polygons
2026-08-11 10:09:05 +0200: Memory Usage (468616K) : dfpad_sbump has 0 polygons
2026-08-11 10:09:05 +0200: Memory Usage (468616K) : thickgateox_drw has 4 polygons
2026-08-11 10:09:05 +0200: Memory Usage (468744K) : pldb_drw has 0 polygons
2026-08-11 10:09:05 +0200: Memory Usage (468744K) : pwell_drw has 0 polygons
2026-08-11 10:09:05 +0200: Memory Usage (468872K) : pwell_pin has 0 polygons
2026-08-11 10:09:05 +0200: Memory Usage (468872K) : pwell_block has 0 polygons
2026-08-11 10:09:05 +0200: Memory Usage (469000K) : ic_drw has 0 polygons
2026-08-11 10:09:05 +0200: Memory Usage (469000K) : via3_drw has 2087 polygons
2026-08-11 10:09:05 +0200: Memory Usage (469128K) : metal4_drw has 8 polygons
2026-08-11 10:09:05 +0200: Memory Usage (469256K) : metal4_filler has 0 polygons
2026-08-11 10:09:05 +0200: Memory Usage (469256K) : metal4_slit has 0 polygons
2026-08-11 10:09:05 +0200: Memory Usage (469384K) : metal4 has 8 polygons
2026-08-11 10:09:05 +0200: Memory Usage (469512K) : metal4_pin has 8 polygons
2026-08-11 10:09:05 +0200: Memory Usage (469512K) : metal4_mask has 0 polygons
2026-08-11 10:09:05 +0200: Memory Usage (469640K) : metal4_nofill has 0 polygons
2026-08-11 10:09:05 +0200: Memory Usage (469640K) : metal4_text has 8 polygons
2026-08-11 10:09:05 +0200: Memory Usage (469768K) : metal4_OPC has 0 polygons
2026-08-11 10:09:05 +0200: Memory Usage (469768K) : metal4_noqrc has 0 polygons
2026-08-11 10:09:05 +0200: Memory Usage (469896K) : metal4_res has 0 polygons
2026-08-11 10:09:05 +0200: Memory Usage (469896K) : metal4_iprobe has 0 polygons
2026-08-11 10:09:05 +0200: Memory Usage (470024K) : metal4_diffprb has 0 polygons
2026-08-11 10:09:05 +0200: Memory Usage (470024K) : heattrans_drw has 0 polygons
2026-08-11 10:09:05 +0200: Memory Usage (470152K) : heatres_drw has 0 polygons
2026-08-11 10:09:05 +0200: Memory Usage (470280K) : fbe_drw has 0 polygons
2026-08-11 10:09:05 +0200: Memory Usage (470280K) : empoly_drw has 0 polygons
2026-08-11 10:09:05 +0200: Memory Usage (470408K) : digisub_drw has 0 polygons
2026-08-11 10:09:05 +0200: Memory Usage (470408K) : text_drw has 17 polygons
2026-08-11 10:09:05 +0200: Memory Usage (470536K) : via4_drw has 2371 polygons
2026-08-11 10:09:05 +0200: Memory Usage (470664K) : metal5_drw has 8 polygons
2026-08-11 10:09:05 +0200: Memory Usage (470664K) : metal5_filler has 0 polygons
2026-08-11 10:09:05 +0200: Memory Usage (470792K) : metal5_slit has 0 polygons
2026-08-11 10:09:05 +0200: Memory Usage (470920K) : metal5 has 8 polygons
2026-08-11 10:09:05 +0200: Memory Usage (470920K) : metal5_pin has 8 polygons
2026-08-11 10:09:05 +0200: Memory Usage (471048K) : metal5_mask has 0 polygons
2026-08-11 10:09:05 +0200: Memory Usage (471048K) : metal5_nofill has 0 polygons
2026-08-11 10:09:05 +0200: Memory Usage (471048K) : metal5_text has 8 polygons
2026-08-11 10:09:05 +0200: Memory Usage (471048K) : metal5_OPC has 0 polygons
2026-08-11 10:09:05 +0200: Memory Usage (471048K) : metal5_noqrc has 0 polygons
2026-08-11 10:09:05 +0200: Memory Usage (471048K) : metal5_res has 0 polygons
2026-08-11 10:09:05 +0200: Memory Usage (471048K) : metal5_iprobe has 0 polygons
2026-08-11 10:09:05 +0200: Memory Usage (471048K) : metal5_diffprb has 0 polygons
2026-08-11 10:09:05 +0200: Memory Usage (471048K) : radhard_drw has 0 polygons
2026-08-11 10:09:05 +0200: Memory Usage (471048K) : memcap_drw has 0 polygons
2026-08-11 10:09:05 +0200: Memory Usage (471048K) : varicap_drw has 0 polygons
2026-08-11 10:09:05 +0200: Memory Usage (471048K) : intbondvia_drw has 0 polygons
2026-08-11 10:09:05 +0200: Memory Usage (471048K) : intbondmet_drw has 0 polygons
2026-08-11 10:09:05 +0200: Memory Usage (471048K) : devbondvia_drw has 0 polygons
2026-08-11 10:09:05 +0200: Memory Usage (471048K) : devbondmet_drw has 0 polygons
2026-08-11 10:09:05 +0200: Memory Usage (471048K) : devtrench_drw has 0 polygons
2026-08-11 10:09:05 +0200: Memory Usage (471048K) : redist_drw has 0 polygons
2026-08-11 10:09:05 +0200: Memory Usage (471048K) : graphbot_drw has 0 polygons
2026-08-11 10:09:05 +0200: Memory Usage (471048K) : graphtop_drw has 0 polygons
2026-08-11 10:09:05 +0200: Memory Usage (471048K) : antvia1_drw has 0 polygons
2026-08-11 10:09:05 +0200: Memory Usage (471048K) : antmetal2_drw has 0 polygons
2026-08-11 10:09:05 +0200: Memory Usage (471048K) : graphcont_drw has 0 polygons
2026-08-11 10:09:05 +0200: Memory Usage (471048K) : siwg_drw has 0 polygons
2026-08-11 10:09:05 +0200: Memory Usage (471048K) : siwg_filler has 0 polygons
2026-08-11 10:09:05 +0200: Memory Usage (471048K) : siwg_nofill has 0 polygons
2026-08-11 10:09:05 +0200: Memory Usage (471048K) : sigrating_drw has 0 polygons
2026-08-11 10:09:05 +0200: Memory Usage (471048K) : singrating_drw has 0 polygons
2026-08-11 10:09:05 +0200: Memory Usage (471048K) : graphpas_drw has 0 polygons
2026-08-11 10:09:05 +0200: Memory Usage (471048K) : emwind3_drw has 0 polygons
2026-08-11 10:09:05 +0200: Memory Usage (471048K) : emwihv3_drw has 0 polygons
2026-08-11 10:09:05 +0200: Memory Usage (471048K) : redbulay_drw has 0 polygons
2026-08-11 10:09:05 +0200: Memory Usage (471048K) : smos_drw has 0 polygons
2026-08-11 10:09:05 +0200: Memory Usage (471048K) : graphpad_drw has 0 polygons
2026-08-11 10:09:05 +0200: Memory Usage (471048K) : polimide_drw has 0 polygons
2026-08-11 10:09:05 +0200: Memory Usage (471048K) : polimide_pin has 0 polygons
2026-08-11 10:09:05 +0200: Memory Usage (471048K) : recog_drw has 0 polygons
2026-08-11 10:09:05 +0200: Memory Usage (471048K) : recog_pin has 0 polygons
2026-08-11 10:09:05 +0200: Memory Usage (471048K) : recog_esd has 0 polygons
2026-08-11 10:09:05 +0200: Memory Usage (471048K) : recog_diode has 7 polygons
2026-08-11 10:09:05 +0200: Memory Usage (471048K) : recog_tsv has 0 polygons
2026-08-11 10:09:05 +0200: Memory Usage (471048K) : recog_iprobe has 0 polygons
2026-08-11 10:09:05 +0200: Memory Usage (471048K) : recog_diffprb has 0 polygons
2026-08-11 10:09:05 +0200: Memory Usage (471048K) : recog_pillar has 0 polygons
2026-08-11 10:09:05 +0200: Memory Usage (471048K) : recog_sbump has 0 polygons
2026-08-11 10:09:05 +0200: Memory Usage (471048K) : recog_otp has 0 polygons
2026-08-11 10:09:05 +0200: Memory Usage (471048K) : recog_pdiode has 0 polygons
2026-08-11 10:09:05 +0200: Memory Usage (471048K) : recog_mom has 0 polygons
2026-08-11 10:09:05 +0200: Memory Usage (471048K) : recog_pcm has 0 polygons
2026-08-11 10:09:05 +0200: Memory Usage (471048K) : colopen_drw has 0 polygons
2026-08-11 10:09:05 +0200: Memory Usage (471048K) : graphmetal1_drw has 0 polygons
2026-08-11 10:09:05 +0200: Memory Usage (471048K) : graphmetal1_filler has 0 polygons
2026-08-11 10:09:05 +0200: Memory Usage (471048K) : graphmetal1_nofill has 0 polygons
2026-08-11 10:09:05 +0200: Memory Usage (471048K) : graphmetal1_slit has 0 polygons
2026-08-11 10:09:05 +0200: Memory Usage (471048K) : graphmetal1_OPC has 0 polygons
2026-08-11 10:09:05 +0200: Memory Usage (471048K) : graphmet1l_drw has 0 polygons
2026-08-11 10:09:05 +0200: Memory Usage (471048K) : graphmet1l_filler has 0 polygons
2026-08-11 10:09:05 +0200: Memory Usage (471048K) : graphmet1l_nofill has 0 polygons
2026-08-11 10:09:05 +0200: Memory Usage (471048K) : graphmet1l_slit has 0 polygons
2026-08-11 10:09:05 +0200: Memory Usage (471048K) : graphmet1l_OPC has 0 polygons
2026-08-11 10:09:05 +0200: Memory Usage (471048K) : extblock_drw has 0 polygons
2026-08-11 10:09:05 +0200: Memory Usage (471048K) : nldd_drw has 0 polygons
2026-08-11 10:09:05 +0200: Memory Usage (471048K) : pldd_drw has 0 polygons
2026-08-11 10:09:05 +0200: Memory Usage (471048K) : next_drw has 0 polygons
2026-08-11 10:09:05 +0200: Memory Usage (471048K) : pext_drw has 0 polygons
2026-08-11 10:09:05 +0200: Memory Usage (471048K) : nexthv_drw has 0 polygons
2026-08-11 10:09:05 +0200: Memory Usage (471048K) : pexthv_drw has 0 polygons
2026-08-11 10:09:05 +0200: Memory Usage (471048K) : graphgate_drw has 0 polygons
2026-08-11 10:09:05 +0200: Memory Usage (471048K) : sinwg_drw has 0 polygons
2026-08-11 10:09:05 +0200: Memory Usage (471048K) : sinwg_filler has 0 polygons
2026-08-11 10:09:05 +0200: Memory Usage (471048K) : sinwg_nofill has 0 polygons
2026-08-11 10:09:05 +0200: Memory Usage (471048K) : mempad_drw has 0 polygons
2026-08-11 10:09:05 +0200: Memory Usage (471048K) : topvia1_drw has 2315 polygons
2026-08-11 10:09:05 +0200: Memory Usage (471048K) : topmetal1_drw has 8 polygons
2026-08-11 10:09:05 +0200: Memory Usage (471048K) : topmetal1_filler has 0 polygons
2026-08-11 10:09:05 +0200: Memory Usage (471048K) : topmetal1_slit has 0 polygons
2026-08-11 10:09:05 +0200: Memory Usage (471048K) : topmetal1 has 8 polygons
2026-08-11 10:09:05 +0200: Memory Usage (471048K) : topmetal1_pin has 8 polygons
2026-08-11 10:09:05 +0200: Memory Usage (471048K) : topmetal1_mask has 0 polygons
2026-08-11 10:09:05 +0200: Memory Usage (471048K) : topmetal1_nofill has 0 polygons
2026-08-11 10:09:05 +0200: Memory Usage (471048K) : topmetal1_text has 8 polygons
2026-08-11 10:09:05 +0200: Memory Usage (471048K) : topmetal1_noqrc has 0 polygons
2026-08-11 10:09:05 +0200: Memory Usage (471048K) : topmetal1_res has 0 polygons
2026-08-11 10:09:05 +0200: Memory Usage (471048K) : topmetal1_iprobe has 0 polygons
2026-08-11 10:09:05 +0200: Memory Usage (471048K) : topmetal1_diffprb has 0 polygons
2026-08-11 10:09:05 +0200: Memory Usage (471048K) : inldpwl_drw has 0 polygons
2026-08-11 10:09:05 +0200: Memory Usage (471048K) : polyres_drw has 0 polygons
2026-08-11 10:09:05 +0200: Memory Usage (471048K) : polyres_pin has 0 polygons
2026-08-11 10:09:05 +0200: Memory Usage (471048K) : vmim_drw has 0 polygons
2026-08-11 10:09:05 +0200: Memory Usage (471048K) : nbulaycut_drw has 0 polygons
2026-08-11 10:09:05 +0200: Memory Usage (471048K) : antmetal1_drw has 0 polygons
2026-08-11 10:09:05 +0200: Memory Usage (471048K) : topvia2_drw has 1593 polygons
2026-08-11 10:09:05 +0200: Memory Usage (471048K) : topmetal2_drw has 6 polygons
2026-08-11 10:09:05 +0200: Memory Usage (471048K) : topmetal2_filler has 0 polygons
2026-08-11 10:09:05 +0200: Memory Usage (471048K) : topmetal2_slit has 0 polygons
2026-08-11 10:09:05 +0200: Memory Usage (471048K) : topmetal2 has 6 polygons
2026-08-11 10:09:05 +0200: Memory Usage (471048K) : topmetal2_pin has 6 polygons
2026-08-11 10:09:05 +0200: Memory Usage (471048K) : topmetal2_mask has 0 polygons
2026-08-11 10:09:05 +0200: Memory Usage (471048K) : topmetal2_nofill has 0 polygons
2026-08-11 10:09:05 +0200: Memory Usage (471048K) : topmetal2_text has 6 polygons
2026-08-11 10:09:05 +0200: Memory Usage (471048K) : topmetal2_noqrc has 0 polygons
2026-08-11 10:09:05 +0200: Memory Usage (471048K) : topmetal2_res has 0 polygons
2026-08-11 10:09:05 +0200: Memory Usage (471048K) : topmetal2_iprobe has 0 polygons
2026-08-11 10:09:05 +0200: Memory Usage (471048K) : topmetal2_diffprb has 0 polygons
2026-08-11 10:09:05 +0200: Memory Usage (471048K) : snsring_drw has 0 polygons
2026-08-11 10:09:05 +0200: Memory Usage (471048K) : sensor_drw has 0 polygons
2026-08-11 10:09:05 +0200: Memory Usage (471048K) : snsarms_drw has 0 polygons
2026-08-11 10:09:05 +0200: Memory Usage (471048K) : snscmosvia_drw has 0 polygons
2026-08-11 10:09:05 +0200: Memory Usage (471048K) : colwind_drw has 0 polygons
2026-08-11 10:09:05 +0200: Memory Usage (471048K) : flm_drw has 0 polygons
2026-08-11 10:09:05 +0200: Memory Usage (471048K) : hafniumox_drw has 0 polygons
2026-08-11 10:09:05 +0200: Memory Usage (471048K) : memvia_drw has 0 polygons
2026-08-11 10:09:05 +0200: Memory Usage (471048K) : thinfilmres_drw has 0 polygons
2026-08-11 10:09:05 +0200: Memory Usage (471048K) : rfmem_drw has 0 polygons
2026-08-11 10:09:05 +0200: Memory Usage (471048K) : norcx_drw has 0 polygons
2026-08-11 10:09:05 +0200: Memory Usage (471048K) : norcx_m2m3 has 0 polygons
2026-08-11 10:09:05 +0200: Memory Usage (471048K) : norcx_m2m4 has 0 polygons
2026-08-11 10:09:05 +0200: Memory Usage (471048K) : norcx_m2m5 has 0 polygons
2026-08-11 10:09:05 +0200: Memory Usage (471048K) : norcx_m2tm1 has 0 polygons
2026-08-11 10:09:05 +0200: Memory Usage (471048K) : norcx_m2tm2 has 0 polygons
2026-08-11 10:09:05 +0200: Memory Usage (471048K) : norcx_m3m4 has 0 polygons
2026-08-11 10:09:05 +0200: Memory Usage (471048K) : norcx_m3m5 has 0 polygons
2026-08-11 10:09:05 +0200: Memory Usage (471048K) : norcx_m3tm1 has 0 polygons
2026-08-11 10:09:05 +0200: Memory Usage (471048K) : norcx_m3tm2 has 0 polygons
2026-08-11 10:09:05 +0200: Memory Usage (471048K) : norcx_m4m5 has 0 polygons
2026-08-11 10:09:05 +0200: Memory Usage (471048K) : norcx_m4tm1 has 0 polygons
2026-08-11 10:09:05 +0200: Memory Usage (471048K) : norcx_m4tm2 has 0 polygons
2026-08-11 10:09:05 +0200: Memory Usage (471048K) : norcx_m5tm1 has 0 polygons
2026-08-11 10:09:05 +0200: Memory Usage (471048K) : norcx_m5tm2 has 0 polygons
2026-08-11 10:09:05 +0200: Memory Usage (471048K) : norcx_tm1tm2 has 0 polygons
2026-08-11 10:09:05 +0200: Memory Usage (471048K) : norcx_m1sub has 0 polygons
2026-08-11 10:09:06 +0200: Memory Usage (471048K) : norcx_m2sub has 0 polygons
2026-08-11 10:09:06 +0200: Memory Usage (471048K) : norcx_m3sub has 0 polygons
2026-08-11 10:09:06 +0200: Memory Usage (471048K) : norcx_m4sub has 0 polygons
2026-08-11 10:09:06 +0200: Memory Usage (471048K) : norcx_m5sub has 0 polygons
2026-08-11 10:09:06 +0200: Memory Usage (471048K) : norcx_tm1sub has 0 polygons
2026-08-11 10:09:06 +0200: Memory Usage (471048K) : norcx_tm2sub has 0 polygons
2026-08-11 10:09:06 +0200: Memory Usage (471048K) : snsbotvia_drw has 0 polygons
2026-08-11 10:09:06 +0200: Memory Usage (471048K) : snstopvia_drw has 0 polygons
2026-08-11 10:09:06 +0200: Memory Usage (471048K) : deepvia_drw has 0 polygons
2026-08-11 10:09:06 +0200: Memory Usage (471048K) : fgetch_drw has 0 polygons
2026-08-11 10:09:06 +0200: Memory Usage (471048K) : ctrgat_drw has 0 polygons
2026-08-11 10:09:06 +0200: Memory Usage (471048K) : fgimp_drw has 0 polygons
2026-08-11 10:09:06 +0200: Memory Usage (471048K) : emwihv_drw has 0 polygons
2026-08-11 10:09:06 +0200: Memory Usage (471176K) : lbe_drw has 0 polygons
2026-08-11 10:09:06 +0200: Memory Usage (471176K) : alcustop_drw has 0 polygons
2026-08-11 10:09:06 +0200: Memory Usage (471304K) : nometfiller_drw has 0 polygons
2026-08-11 10:09:06 +0200: Memory Usage (471304K) : prboundary_drw has 0 polygons
2026-08-11 10:09:06 +0200: Memory Usage (471432K) : exchange0_drw has 0 polygons
2026-08-11 10:09:06 +0200: Memory Usage (471432K) : exchange0_pin has 0 polygons
2026-08-11 10:09:06 +0200: Memory Usage (471560K) : exchange0_text has 0 polygons
2026-08-11 10:09:06 +0200: Memory Usage (471560K) : exchange1_drw has 0 polygons
2026-08-11 10:09:06 +0200: Memory Usage (471688K) : exchange1_pin has 0 polygons
2026-08-11 10:09:06 +0200: Memory Usage (471688K) : exchange1_text has 0 polygons
2026-08-11 10:09:06 +0200: Memory Usage (471816K) : exchange2_drw has 0 polygons
2026-08-11 10:09:06 +0200: Memory Usage (471816K) : exchange2_pin has 0 polygons
2026-08-11 10:09:06 +0200: Memory Usage (471944K) : exchange2_text has 0 polygons
2026-08-11 10:09:06 +0200: Memory Usage (471944K) : exchange3_drw has 0 polygons
2026-08-11 10:09:06 +0200: Memory Usage (472072K) : exchange3_pin has 0 polygons
2026-08-11 10:09:06 +0200: Memory Usage (472072K) : exchange3_text has 0 polygons
2026-08-11 10:09:06 +0200: Memory Usage (472200K) : exchange4_drw has 0 polygons
2026-08-11 10:09:06 +0200: Memory Usage (472200K) : exchange4_pin has 0 polygons
2026-08-11 10:09:06 +0200: Memory Usage (472328K) : exchange4_text has 0 polygons
2026-08-11 10:09:06 +0200: Memory Usage (472328K) : isonwell_drw has 0 polygons
2026-08-11 10:09:06 +0200: Memory Usage (472328K) : Total no. of polygons in the design is 59351
2026-08-11 10:09:06 +0200: Memory Usage (472328K) : Starting base layers derivations
2026-08-11 10:09:06 +0200: Memory Usage (472328K) : Starting general LVS derivations
2026-08-11 10:09:06 +0200: Memory Usage (480648K) : Starting MOSFET DERIVATIONS
2026-08-11 10:09:06 +0200: Memory Usage (481240K) : Starting NMOS DERIVATIONS
2026-08-11 10:09:06 +0200: Memory Usage (481240K) : Starting PMOS DERIVATIONS
2026-08-11 10:09:06 +0200: Memory Usage (481240K) : Starting RF-MOSFET DERIVATIONS
2026-08-11 10:09:06 +0200: Memory Usage (481240K) : Starting RF-NMOS DERIVATIONS
2026-08-11 10:09:06 +0200: Memory Usage (481240K) : Starting RF-PMOS DERIVATIONS
2026-08-11 10:09:06 +0200: Memory Usage (481240K) : Starting BJT DERIVATIONS
2026-08-11 10:09:06 +0200: Memory Usage (481240K) : Starting NPN-BJT DERIVATIONS
2026-08-11 10:09:06 +0200: Memory Usage (481240K) : Starting PNP-BJT DERIVATIONS
2026-08-11 10:09:06 +0200: Memory Usage (481240K) : Starting DIODE DERIVATIONS
2026-08-11 10:09:07 +0200: Memory Usage (480988K) : Starting RESISTOR DERIVATIONS
2026-08-11 10:09:07 +0200: Memory Usage (480988K) : Starting CAP DERIVATIONS
2026-08-11 10:09:07 +0200: Memory Usage (480988K) : Starting CAP_CMOM DERIVATIONS
2026-08-11 10:09:07 +0200: Memory Usage (480988K) : Starting ESD DERIVATIONS
2026-08-11 10:09:07 +0200: Memory Usage (483036K) : Starting Inductor DERIVATIONS
2026-08-11 10:09:08 +0200: Memory Usage (483036K) : Starting Taps DERIVATIONS
2026-08-11 10:09:08 +0200: Memory Usage (483036K) : Starting SG13G2 LVS connectivity setup
2026-08-11 10:09:08 +0200: Memory Usage (483036K) : Starting SG13G2 LVS connectivity setup (Inter-layer)
2026-08-11 10:09:08 +0200: Memory Usage (483164K) : Starting SG13G2 LVS connectivity setup (Global)
2026-08-11 10:09:08 +0200: Memory Usage (483164K) : Starting LVS MOSFET CONNECTIONS
2026-08-11 10:09:08 +0200: Memory Usage (483164K) : Starting LVS RF-MOSFET CONNECTIONS
2026-08-11 10:09:08 +0200: Memory Usage (483164K) : Starting LVS BJT CONNECTIONS
2026-08-11 10:09:08 +0200: Memory Usage (483164K) : Starting LVS DIODE CONNECTIONS
2026-08-11 10:09:08 +0200: Memory Usage (483164K) : Starting RESISTOR CONNECTIONS
2026-08-11 10:09:08 +0200: Memory Usage (483164K) : Starting LVS CAP CONNECTIONS
2026-08-11 10:09:08 +0200: Memory Usage (483164K) : Starting CAP_CMOM CONNECTIONS
2026-08-11 10:09:08 +0200: Memory Usage (483164K) : Starting ESD CONNECTIONS
2026-08-11 10:09:08 +0200: Memory Usage (483164K) : Starting Inductor CONNECTIONS
2026-08-11 10:09:08 +0200: Memory Usage (483164K) : Starting LVS Taps CONNECTIONS
2026-08-11 10:09:08 +0200: Memory Usage (483164K) : Starting SG13G2 LVS DEVICES EXTRACTION
2026-08-11 10:09:08 +0200: Memory Usage (483164K) : Starting MOSFET EXTRACTION
2026-08-11 10:09:08 +0200: Memory Usage (483164K) : Starting NMOS EXTRACTION
2026-08-11 10:09:08 +0200: Memory Usage (483164K) : Extraction of NMOS-LV transistor
2026-08-11 10:09:08 +0200: Memory Usage (483420K) : Extraction of NMOS-HV transistor
2026-08-11 10:09:08 +0200: Memory Usage (483420K) : Starting PMOS EXTRACTION
2026-08-11 10:09:08 +0200: Memory Usage (483420K) : Extraction of PMOS-LV transistor
2026-08-11 10:09:08 +0200: Memory Usage (483420K) : Extraction of PMOS-HV transistor
2026-08-11 10:09:08 +0200: Memory Usage (483420K) : Starting RF-MOSFET EXTRACTION
2026-08-11 10:09:08 +0200: Memory Usage (483420K) : Extraction of RF-NMOS-LV transistor
2026-08-11 10:09:08 +0200: Memory Usage (483420K) : Extraction of RF-NMOS-HV transistor
2026-08-11 10:09:08 +0200: Memory Usage (483420K) : Extraction of RF-PMOS-LV transistor
2026-08-11 10:09:08 +0200: Memory Usage (483420K) : Extraction of RF-PMOS-HV transistor
2026-08-11 10:09:08 +0200: Memory Usage (483420K) : Starting BJT EXTRACTION
2026-08-11 10:09:08 +0200: Memory Usage (483420K) : Starting NPN-BJT EXTRACTION
2026-08-11 10:09:08 +0200: Memory Usage (483420K) : Extraction of npn13G2 BJT transistor
2026-08-11 10:09:08 +0200: Memory Usage (483420K) : Extraction of npn13G2L BJT transistor
2026-08-11 10:09:08 +0200: Memory Usage (483420K) : Extraction of npn13G2V BJT transistor
2026-08-11 10:09:08 +0200: Memory Usage (483420K) : Starting PNP-BJT EXTRACTION
2026-08-11 10:09:08 +0200: Memory Usage (483420K) : Extracting pnpMPA BJT
2026-08-11 10:09:08 +0200: Memory Usage (483420K) : Starting DIODE EXTRACTION
2026-08-11 10:09:08 +0200: Memory Usage (483420K) : Extracting dantenna diode
2026-08-11 10:09:08 +0200: Memory Usage (483420K) : Extracting dpantenna diode
2026-08-11 10:09:08 +0200: Memory Usage (483420K) : Extracting schottky_nbl1 diode
2026-08-11 10:09:08 +0200: Memory Usage (483420K) : Extracting isolbox diode
2026-08-11 10:09:08 +0200: Memory Usage (483420K) : Starting RESISTOR EXTRACTION
2026-08-11 10:09:08 +0200: Memory Usage (483420K) : Extracting rsil resistor
2026-08-11 10:09:08 +0200: Memory Usage (483420K) : Extracting rppd resistor
2026-08-11 10:09:08 +0200: Memory Usage (483420K) : Extracting rhigh resistor
2026-08-11 10:09:08 +0200: Memory Usage (483420K) : Extracting res_metal1 resistor
2026-08-11 10:09:08 +0200: Memory Usage (483548K) : Extracting res_metal2 resistor
2026-08-11 10:09:08 +0200: Memory Usage (483548K) : Extracting res_metal3 resistor
2026-08-11 10:09:08 +0200: Memory Usage (483548K) : Extracting res_metal4 resistor
2026-08-11 10:09:08 +0200: Memory Usage (483548K) : Extracting res_metal5 resistor
2026-08-11 10:09:08 +0200: Memory Usage (483548K) : Extracting res_topmetal1 resistor
2026-08-11 10:09:08 +0200: Memory Usage (483548K) : Extracting res_topmetal2 resistor
2026-08-11 10:09:08 +0200: Memory Usage (483548K) : Starting CAP EXTRACTION
2026-08-11 10:09:08 +0200: Memory Usage (483548K) : Extracting cap_cmim device
2026-08-11 10:09:08 +0200: Memory Usage (483548K) : Extracting rfcmim device
2026-08-11 10:09:08 +0200: Memory Usage (483548K) : Extracting sg13_hv_svaricap varactor
2026-08-11 10:09:08 +0200: Memory Usage (483548K) : Extracting cap_cmomi device
2026-08-11 10:09:08 +0200: Memory Usage (483548K) : Extracting sg13_moscap_n capacitor
2026-08-11 10:09:08 +0200: Memory Usage (483548K) : Extracting sg13_moscap_p capacitor
2026-08-11 10:09:08 +0200: Memory Usage (483548K) : Starting ESD EXTRACTION
2026-08-11 10:09:08 +0200: Memory Usage (483548K) : Extracting diodevdd_2kv ESD device
2026-08-11 10:09:08 +0200: Memory Usage (483548K) : Extracting diodevdd_4kv ESD device
2026-08-11 10:09:08 +0200: Memory Usage (483548K) : Extracting diodevss_2kv ESD device
2026-08-11 10:09:08 +0200: Memory Usage (483548K) : Extracting diodevss_4kv ESD device
2026-08-11 10:09:08 +0200: Memory Usage (483548K) : Extracting idiodevdd_2kv ESD device
2026-08-11 10:09:08 +0200: Memory Usage (483548K) : Extracting idiodevdd_4kv ESD device
2026-08-11 10:09:08 +0200: Memory Usage (483548K) : Extracting idiodevss_2kv ESD device
2026-08-11 10:09:08 +0200: Memory Usage (483548K) : Extracting idiodevss_4kv ESD device
2026-08-11 10:09:08 +0200: Memory Usage (483548K) : Extracting nmoscl_2 ESD device
2026-08-11 10:09:08 +0200: Memory Usage (483548K) : Extracting nmoscl_4 ESD device
2026-08-11 10:09:08 +0200: Memory Usage (483548K) : Starting Inductor EXTRACTION
2026-08-11 10:09:08 +0200: Memory Usage (483548K) : Extracting Inductor2 device
2026-08-11 10:09:08 +0200: Memory Usage (483548K) : Extracting Inductor3 device
2026-08-11 10:09:08 +0200: Memory Usage (483548K) : Starting Taps EXTRACTION
2026-08-11 10:09:08 +0200: Memory Usage (483548K) : Extracting ntap1 device
2026-08-11 10:09:08 +0200: Memory Usage (483548K) : Extracting ptap1 device
2026-08-11 10:09:08 +0200: Memory Usage (483548K) : Starting SG13G2 LVS RF MOS Model Mapping
2026-08-11 10:09:08 +0200: Memory Usage (498396K) : [layout_netlist] Apply RF MOS model mapping and rfmode parameter.
2026-08-11 10:09:08 +0200: Memory Usage (498396K) : Starting SG13G2 LVS Options Preparations
2026-08-11 10:09:08 +0200: Memory Usage (498396K) : SG13G2 LVS flow: extraction -> alignment -> option preparation -> comparison.
2026-08-11 10:09:08 +0200: Memory Usage (498396K) : Starting SG13G2 LVS Alignment
2026-08-11 10:09:08 +0200: Memory Usage (498652K) : Starting SG13G2 LVS Simplification
2026-08-11 10:09:08 +0200: Memory Usage (498652K) : [layout_netlist] simplify: ENABLED
2026-08-11 10:09:08 +0200: Memory Usage (498652K) : [layout_netlist] make_top_level_pins: SKIPPED
2026-08-11 10:09:08 +0200: Memory Usage (498652K) : [layout_netlist] combine_devices: ENABLED
2026-08-11 10:09:08 +0200: Memory Usage (498652K) : [layout_netlist] purge: SKIPPED
2026-08-11 10:09:08 +0200: Memory Usage (498652K) : [layout_netlist] purge_nets: SKIPPED
2026-08-11 10:09:08 +0200: Memory Usage (498652K) : [schematic_netlist] simplify: ENABLED
2026-08-11 10:09:08 +0200: Memory Usage (498652K) : [schematic_netlist] make_top_level_pins: SKIPPED
2026-08-11 10:09:08 +0200: Memory Usage (498652K) : [schematic_netlist] combine_devices: ENABLED
2026-08-11 10:09:08 +0200: Memory Usage (498652K) : [schematic_netlist] purge: SKIPPED
2026-08-11 10:09:08 +0200: Memory Usage (498652K) : [schematic_netlist] purge_nets: SKIPPED
2026-08-11 10:09:08 +0200: Memory Usage (498652K) : Starting SG13G2 LVS Comparison
2026-08-11 10:09:08 +0200: Memory Usage (498652K) : ==========================================
2026-08-11 10:09:08 +0200: Memory Usage (498652K) : INFO : Congratulations! Netlists match.
2026-08-11 10:09:08 +0200: Memory Usage (498652K) : ==========================================
2026-08-11 10:09:08 +0200: Memory Usage (498652K) : LVS Total Run time 3.632301 seconds
11-Aug-2026 10:09:09 | INFO    | ==============================================================================
11-Aug-2026 10:09:09 | INFO    | Important Summary
11-Aug-2026 10:09:09 | INFO    | +------------------+-----------------------------------------------------------------------------------------------+
11-Aug-2026 10:09:09 | INFO    | | Status           | PASS                                                                                          |
11-Aug-2026 10:09:09 | INFO    | | Mode             | COMPARE                                                                                       |
11-Aug-2026 10:09:09 | INFO    | | Outcome          | Comparison mode: PASS (netlists match).                                                       |
11-Aug-2026 10:09:09 | INFO    | | Layout           | sg13g2_IOPadTriOut30mA.gds                                                                    |
11-Aug-2026 10:09:09 | INFO    | | Top Cell         | sg13g2_IOPadTriOut30mA                                                                        |
11-Aug-2026 10:09:09 | INFO    | | Results Dir      | /foss/designs/ihp-open-pdk-regression/IOPADS/lvs_sweep/20260811_100703/sg13g2_IOPadTriOut30mA |
11-Aug-2026 10:09:09 | INFO    | | Warnings         | 0                                                                                             |
11-Aug-2026 10:09:09 | INFO    | | Errors           | 0                                                                                             |
11-Aug-2026 10:09:09 | INFO    | | Run Time (s)     | 7.193                                                                                         |
11-Aug-2026 10:09:09 | INFO    | +------------------+-----------------------------------------------------------------------------------------------+
11-Aug-2026 10:09:09 | INFO    | ==============================================================================
