11-Aug-2026 13:55:45 | INFO    | Your Klayout version is: KLayout 0.30.10 (required >= 0.30.5)
11-Aug-2026 13:55:45 | INFO    | Running SG13G2 LVS checks on design /foss/designs/ihp-open-pdk-regression/IOPADS/layout/sg13g2_IOPadTriOut4mA.gds on cell sg13g2_IOPadTriOut4mA
2026-08-11 13:55:47 +0200: Memory Usage (455584K) : Starting running SG13G2 Klayout LVS runset on /foss/designs/ihp-open-pdk-regression/IOPADS/layout/sg13g2_IOPadTriOut4mA.gds
2026-08-11 13:55:47 +0200: Memory Usage (455584K) : Ruby Version for klayout: 3.2.3
2026-08-11 13:55:47 +0200: Memory Usage (456992K) : Loading database to memory is complete.
2026-08-11 13:55:47 +0200: Memory Usage (456992K) : SG13G2 Klayout LVS runset output at: /foss/designs/ihp-open-pdk-regression/IOPADS/lvs_sweep/20260811_135408/sg13g2_IOPadTriOut4mA/sg13g2_IOPadTriOut4mA.lvsdb
2026-08-11 13:55:47 +0200: Memory Usage (456992K) : Evaluate switches.
2026-08-11 13:55:47 +0200: Memory Usage (456992K) : Extracted netlist with net names: true
2026-08-11 13:55:47 +0200: Memory Usage (456992K) : Extracted netlist with comments in details: false
2026-08-11 13:55:47 +0200: Memory Usage (456992K) : Selected NET_ONLY option: false
2026-08-11 13:55:47 +0200: Memory Usage (456992K) : Selected LAYOUT_NETLIST option: (none)
2026-08-11 13:55:47 +0200: Memory Usage (456992K) : Selected IGNORE_TOP_PORTS_MISMATCH option: true
2026-08-11 13:55:47 +0200: Memory Usage (456992K) : Selected IMPLICIT_NETS option: iovss,iovdd,vss,vdd,pad,cathode,anode
2026-08-11 13:55:47 +0200: Memory Usage (456992K) : Selected TOP_LVL_PINS option: false
2026-08-11 13:55:47 +0200: Memory Usage (456992K) : Selected COMBINE DEVICES option: true
2026-08-11 13:55:47 +0200: Memory Usage (456992K) : Selected PURGE option: false
2026-08-11 13:55:47 +0200: Memory Usage (456992K) : Selected PURGE_NETS option: false
2026-08-11 13:55:47 +0200: Memory Usage (456992K) : Selected SIMPLIFY option: true
2026-08-11 13:55:47 +0200: Memory Usage (457120K) : Selected SERIES_RES option: true
2026-08-11 13:55:47 +0200: Memory Usage (457120K) : Selected PARALLEL_RES option: true
2026-08-11 13:55:47 +0200: Memory Usage (457120K) : Selected DISABLE_TAP_EXTRACTION option: false
2026-08-11 13:55:47 +0200: Memory Usage (457120K) : deep  mode is enabled.
2026-08-11 13:55:47 +0200: Memory Usage (457120K) : Applying implicit connections (case-sensitive, pattern supported) for nets: iovss, iovdd, vss, vdd, pad, cathode, anode
2026-08-11 13:55:47 +0200: Memory Usage (458528K) : Netlist file: /foss/designs/ihp-open-pdk-regression/IOPADS/netlist/pads_sub/sg13g2_IOPadTriOut4mA.spi
2026-08-11 13:55:47 +0200: Memory Usage (458528K) : LVS extracted netlist at: /foss/designs/ihp-open-pdk-regression/IOPADS/lvs_sweep/20260811_135408/sg13g2_IOPadTriOut4mA/sg13g2_IOPadTriOut4mA_extracted.cir
2026-08-11 13:55:47 +0200: Memory Usage (458528K) : Applying SRAM integration support.
2026-08-11 13:55:47 +0200: Memory Usage (458528K) : Starting SG13G2 LVS runset
2026-08-11 13:55:47 +0200: Memory Usage (458528K) : Read in polygons from layers.
2026-08-11 13:55:47 +0200: Memory Usage (460320K) : activ_drw has 95 polygons
2026-08-11 13:55:47 +0200: Memory Usage (460320K) : activ_filler has 0 polygons
2026-08-11 13:55:47 +0200: Memory Usage (460448K) : activ has 95 polygons
2026-08-11 13:55:47 +0200: Memory Usage (460448K) : activ_pin has 0 polygons
2026-08-11 13:55:47 +0200: Memory Usage (460448K) : activ_mask has 0 polygons
2026-08-11 13:55:47 +0200: Memory Usage (460448K) : activ_nofill has 0 polygons
2026-08-11 13:55:47 +0200: Memory Usage (460448K) : activ_OPC has 0 polygons
2026-08-11 13:55:47 +0200: Memory Usage (460448K) : activ_iOPC has 0 polygons
2026-08-11 13:55:47 +0200: Memory Usage (460576K) : activ_noqrc has 0 polygons
2026-08-11 13:55:47 +0200: Memory Usage (460704K) : biwind_drw has 0 polygons
2026-08-11 13:55:47 +0200: Memory Usage (460832K) : biwind_OPC has 0 polygons
2026-08-11 13:55:47 +0200: Memory Usage (460832K) : gatpoly_drw has 35 polygons
2026-08-11 13:55:47 +0200: Memory Usage (460960K) : gatpoly_filler has 0 polygons
2026-08-11 13:55:47 +0200: Memory Usage (460960K) : gatpoly has 35 polygons
2026-08-11 13:55:47 +0200: Memory Usage (461088K) : gatpoly_pin has 0 polygons
2026-08-11 13:55:47 +0200: Memory Usage (461088K) : gatpoly_nofill has 0 polygons
2026-08-11 13:55:47 +0200: Memory Usage (461216K) : gatpoly_OPC has 0 polygons
2026-08-11 13:55:47 +0200: Memory Usage (461216K) : gatpoly_iOPC has 0 polygons
2026-08-11 13:55:47 +0200: Memory Usage (461344K) : gatpoly_noqrc has 0 polygons
2026-08-11 13:55:47 +0200: Memory Usage (462752K) : cont_drw has 45760 polygons
2026-08-11 13:55:47 +0200: Memory Usage (462752K) : cont_OPC has 0 polygons
2026-08-11 13:55:47 +0200: Memory Usage (462752K) : nsd_drw has 0 polygons
2026-08-11 13:55:47 +0200: Memory Usage (462752K) : nsd_block has 0 polygons
2026-08-11 13:55:47 +0200: Memory Usage (462752K) : metal1_drw has 189 polygons
2026-08-11 13:55:47 +0200: Memory Usage (462752K) : metal1_filler has 0 polygons
2026-08-11 13:55:47 +0200: Memory Usage (462752K) : metal1_slit has 0 polygons
2026-08-11 13:55:47 +0200: Memory Usage (463008K) : metal1 has 189 polygons
2026-08-11 13:55:47 +0200: Memory Usage (463008K) : metal1_pin has 43 polygons
2026-08-11 13:55:47 +0200: Memory Usage (463008K) : metal1_mask has 0 polygons
2026-08-11 13:55:47 +0200: Memory Usage (463008K) : metal1_nofill has 0 polygons
2026-08-11 13:55:47 +0200: Memory Usage (463264K) : metal1_text has 42 polygons
2026-08-11 13:55:47 +0200: Memory Usage (463392K) : metal1_OPC has 0 polygons
2026-08-11 13:55:47 +0200: Memory Usage (463392K) : metal1_noqrc has 0 polygons
2026-08-11 13:55:47 +0200: Memory Usage (463392K) : metal1_res has 0 polygons
2026-08-11 13:55:47 +0200: Memory Usage (463520K) : metal1_iprobe has 0 polygons
2026-08-11 13:55:47 +0200: Memory Usage (463648K) : metal1_diffprb has 0 polygons
2026-08-11 13:55:48 +0200: Memory Usage (463648K) : passiv_drw has 0 polygons
2026-08-11 13:55:48 +0200: Memory Usage (463776K) : passiv_pin has 0 polygons
2026-08-11 13:55:48 +0200: Memory Usage (463776K) : passiv_sbump has 0 polygons
2026-08-11 13:55:48 +0200: Memory Usage (463904K) : passiv_pillar has 0 polygons
2026-08-11 13:55:48 +0200: Memory Usage (464032K) : passiv_pdl has 0 polygons
2026-08-11 13:55:48 +0200: Memory Usage (464032K) : metal2_drw has 50 polygons
2026-08-11 13:55:48 +0200: Memory Usage (464160K) : metal2_filler has 0 polygons
2026-08-11 13:55:48 +0200: Memory Usage (464160K) : metal2_slit has 0 polygons
2026-08-11 13:55:48 +0200: Memory Usage (464288K) : metal2 has 50 polygons
2026-08-11 13:55:48 +0200: Memory Usage (464416K) : metal2_pin has 15 polygons
2026-08-11 13:55:48 +0200: Memory Usage (464416K) : metal2_mask has 0 polygons
2026-08-11 13:55:48 +0200: Memory Usage (464544K) : metal2_nofill has 0 polygons
2026-08-11 13:55:48 +0200: Memory Usage (464544K) : metal2_text has 15 polygons
2026-08-11 13:55:48 +0200: Memory Usage (464672K) : metal2_OPC has 0 polygons
2026-08-11 13:55:48 +0200: Memory Usage (464672K) : metal2_noqrc has 0 polygons
2026-08-11 13:55:48 +0200: Memory Usage (464800K) : metal2_res has 0 polygons
2026-08-11 13:55:48 +0200: Memory Usage (464800K) : metal2_iprobe has 0 polygons
2026-08-11 13:55:48 +0200: Memory Usage (464928K) : metal2_diffprb has 0 polygons
2026-08-11 13:55:48 +0200: Memory Usage (464928K) : baspoly_drw has 0 polygons
2026-08-11 13:55:48 +0200: Memory Usage (465056K) : baspoly_pin has 0 polygons
2026-08-11 13:55:48 +0200: Memory Usage (465184K) : psd_drw has 38 polygons
2026-08-11 13:55:48 +0200: Memory Usage (465312K) : nldb_drw has 0 polygons
2026-08-11 13:55:48 +0200: Memory Usage (465312K) : digibnd_drw has 0 polygons
2026-08-11 13:55:48 +0200: Memory Usage (465312K) : via1_drw has 1536 polygons
2026-08-11 13:55:48 +0200: Memory Usage (465440K) : backmetal1_drw has 0 polygons
2026-08-11 13:55:48 +0200: Memory Usage (465440K) : backmetal1_pin has 0 polygons
2026-08-11 13:55:48 +0200: Memory Usage (465440K) : backmetal1_mask has 0 polygons
2026-08-11 13:55:48 +0200: Memory Usage (465568K) : backmetal1_filler has 0 polygons
2026-08-11 13:55:48 +0200: Memory Usage (465568K) : backmetal1_nofill has 0 polygons
2026-08-11 13:55:48 +0200: Memory Usage (465568K) : backmetal1_slit has 0 polygons
2026-08-11 13:55:48 +0200: Memory Usage (465568K) : backmetal1_text has 0 polygons
2026-08-11 13:55:48 +0200: Memory Usage (465696K) : backmetal1_OPC has 0 polygons
2026-08-11 13:55:48 +0200: Memory Usage (465696K) : backmetal1_noqrc has 0 polygons
2026-08-11 13:55:48 +0200: Memory Usage (465696K) : backmetal1_res has 0 polygons
2026-08-11 13:55:48 +0200: Memory Usage (465824K) : backmetal1_iprobe has 0 polygons
2026-08-11 13:55:48 +0200: Memory Usage (465824K) : backmetal1_diffprb has 0 polygons
2026-08-11 13:55:48 +0200: Memory Usage (465952K) : backpassiv_drw has 0 polygons
2026-08-11 13:55:48 +0200: Memory Usage (465952K) : res_drw has 0 polygons
2026-08-11 13:55:48 +0200: Memory Usage (466080K) : sram_drw has 0 polygons
2026-08-11 13:55:48 +0200: Memory Usage (466080K) : trans_drw has 0 polygons
2026-08-11 13:55:48 +0200: Memory Usage (466208K) : ind_drw has 0 polygons
2026-08-11 13:55:48 +0200: Memory Usage (466208K) : ind_pin has 0 polygons
2026-08-11 13:55:48 +0200: Memory Usage (466336K) : ind_text has 0 polygons
2026-08-11 13:55:48 +0200: Memory Usage (466336K) : salblock_drw has 0 polygons
2026-08-11 13:55:48 +0200: Memory Usage (466464K) : via2_drw has 1228 polygons
2026-08-11 13:55:48 +0200: Memory Usage (466592K) : metal3_drw has 14 polygons
2026-08-11 13:55:48 +0200: Memory Usage (466592K) : metal3_filler has 0 polygons
2026-08-11 13:55:48 +0200: Memory Usage (466720K) : metal3_slit has 0 polygons
2026-08-11 13:55:48 +0200: Memory Usage (466848K) : metal3 has 14 polygons
2026-08-11 13:55:48 +0200: Memory Usage (466848K) : metal3_pin has 10 polygons
2026-08-11 13:55:48 +0200: Memory Usage (466976K) : metal3_mask has 0 polygons
2026-08-11 13:55:48 +0200: Memory Usage (466976K) : metal3_nofill has 0 polygons
2026-08-11 13:55:48 +0200: Memory Usage (467104K) : metal3_text has 10 polygons
2026-08-11 13:55:48 +0200: Memory Usage (467104K) : metal3_OPC has 0 polygons
2026-08-11 13:55:48 +0200: Memory Usage (467232K) : metal3_noqrc has 0 polygons
2026-08-11 13:55:48 +0200: Memory Usage (467232K) : metal3_res has 0 polygons
2026-08-11 13:55:48 +0200: Memory Usage (467360K) : metal3_iprobe has 0 polygons
2026-08-11 13:55:48 +0200: Memory Usage (467360K) : metal3_diffprb has 0 polygons
2026-08-11 13:55:48 +0200: Memory Usage (467488K) : nwell_drw has 25 polygons
2026-08-11 13:55:48 +0200: Memory Usage (467488K) : nwell_pin has 0 polygons
2026-08-11 13:55:48 +0200: Memory Usage (467616K) : nwell_text has 0 polygons
2026-08-11 13:55:48 +0200: Memory Usage (467616K) : nbulay_drw has 0 polygons
2026-08-11 13:55:48 +0200: Memory Usage (467616K) : nbulay_pin has 0 polygons
2026-08-11 13:55:48 +0200: Memory Usage (467744K) : nbulay_block has 0 polygons
2026-08-11 13:55:48 +0200: Memory Usage (467744K) : emwind_drw has 0 polygons
2026-08-11 13:55:48 +0200: Memory Usage (467744K) : emwind_OPC has 0 polygons
2026-08-11 13:55:48 +0200: Memory Usage (467872K) : deepco_drw has 0 polygons
2026-08-11 13:55:48 +0200: Memory Usage (467872K) : mim_drw has 0 polygons
2026-08-11 13:55:48 +0200: Memory Usage (468000K) : edgeseal_drw has 0 polygons
2026-08-11 13:55:48 +0200: Memory Usage (468000K) : substrate_drw has 23 polygons
2026-08-11 13:55:48 +0200: Memory Usage (468128K) : substrate_text has 0 polygons
2026-08-11 13:55:48 +0200: Memory Usage (468128K) : dfpad_drw has 0 polygons
2026-08-11 13:55:48 +0200: Memory Usage (468256K) : dfpad_pillar has 0 polygons
2026-08-11 13:55:48 +0200: Memory Usage (468256K) : dfpad_sbump has 0 polygons
2026-08-11 13:55:48 +0200: Memory Usage (468384K) : thickgateox_drw has 4 polygons
2026-08-11 13:55:48 +0200: Memory Usage (468384K) : pldb_drw has 0 polygons
2026-08-11 13:55:48 +0200: Memory Usage (468512K) : pwell_drw has 0 polygons
2026-08-11 13:55:48 +0200: Memory Usage (468640K) : pwell_pin has 0 polygons
2026-08-11 13:55:48 +0200: Memory Usage (468640K) : pwell_block has 0 polygons
2026-08-11 13:55:48 +0200: Memory Usage (468768K) : ic_drw has 0 polygons
2026-08-11 13:55:48 +0200: Memory Usage (468768K) : via3_drw has 2087 polygons
2026-08-11 13:55:48 +0200: Memory Usage (468896K) : metal4_drw has 8 polygons
2026-08-11 13:55:48 +0200: Memory Usage (469024K) : metal4_filler has 0 polygons
2026-08-11 13:55:48 +0200: Memory Usage (469024K) : metal4_slit has 0 polygons
2026-08-11 13:55:48 +0200: Memory Usage (469152K) : metal4 has 8 polygons
2026-08-11 13:55:48 +0200: Memory Usage (469280K) : metal4_pin has 8 polygons
2026-08-11 13:55:48 +0200: Memory Usage (469280K) : metal4_mask has 0 polygons
2026-08-11 13:55:48 +0200: Memory Usage (469408K) : metal4_nofill has 0 polygons
2026-08-11 13:55:48 +0200: Memory Usage (469408K) : metal4_text has 8 polygons
2026-08-11 13:55:48 +0200: Memory Usage (469536K) : metal4_OPC has 0 polygons
2026-08-11 13:55:48 +0200: Memory Usage (469536K) : metal4_noqrc has 0 polygons
2026-08-11 13:55:48 +0200: Memory Usage (469664K) : metal4_res has 0 polygons
2026-08-11 13:55:48 +0200: Memory Usage (469792K) : metal4_iprobe has 0 polygons
2026-08-11 13:55:48 +0200: Memory Usage (469792K) : metal4_diffprb has 0 polygons
2026-08-11 13:55:48 +0200: Memory Usage (469920K) : heattrans_drw has 0 polygons
2026-08-11 13:55:48 +0200: Memory Usage (469920K) : heatres_drw has 0 polygons
2026-08-11 13:55:48 +0200: Memory Usage (470048K) : fbe_drw has 0 polygons
2026-08-11 13:55:48 +0200: Memory Usage (470048K) : empoly_drw has 0 polygons
2026-08-11 13:55:48 +0200: Memory Usage (470176K) : digisub_drw has 0 polygons
2026-08-11 13:55:48 +0200: Memory Usage (470176K) : text_drw has 17 polygons
2026-08-11 13:55:48 +0200: Memory Usage (470176K) : via4_drw has 2371 polygons
2026-08-11 13:55:48 +0200: Memory Usage (470432K) : metal5_drw has 8 polygons
2026-08-11 13:55:48 +0200: Memory Usage (470432K) : metal5_filler has 0 polygons
2026-08-11 13:55:48 +0200: Memory Usage (470560K) : metal5_slit has 0 polygons
2026-08-11 13:55:48 +0200: Memory Usage (470688K) : metal5 has 8 polygons
2026-08-11 13:55:48 +0200: Memory Usage (470688K) : metal5_pin has 8 polygons
2026-08-11 13:55:48 +0200: Memory Usage (470688K) : metal5_mask has 0 polygons
2026-08-11 13:55:48 +0200: Memory Usage (470816K) : metal5_nofill has 0 polygons
2026-08-11 13:55:48 +0200: Memory Usage (470944K) : metal5_text has 8 polygons
2026-08-11 13:55:48 +0200: Memory Usage (470944K) : metal5_OPC has 0 polygons
2026-08-11 13:55:48 +0200: Memory Usage (471072K) : metal5_noqrc has 0 polygons
2026-08-11 13:55:48 +0200: Memory Usage (471072K) : metal5_res has 0 polygons
2026-08-11 13:55:48 +0200: Memory Usage (471072K) : metal5_iprobe has 0 polygons
2026-08-11 13:55:48 +0200: Memory Usage (471072K) : metal5_diffprb has 0 polygons
2026-08-11 13:55:48 +0200: Memory Usage (471072K) : radhard_drw has 0 polygons
2026-08-11 13:55:48 +0200: Memory Usage (471072K) : memcap_drw has 0 polygons
2026-08-11 13:55:48 +0200: Memory Usage (471072K) : varicap_drw has 0 polygons
2026-08-11 13:55:48 +0200: Memory Usage (471072K) : intbondvia_drw has 0 polygons
2026-08-11 13:55:48 +0200: Memory Usage (471072K) : intbondmet_drw has 0 polygons
2026-08-11 13:55:48 +0200: Memory Usage (471072K) : devbondvia_drw has 0 polygons
2026-08-11 13:55:48 +0200: Memory Usage (471072K) : devbondmet_drw has 0 polygons
2026-08-11 13:55:48 +0200: Memory Usage (471072K) : devtrench_drw has 0 polygons
2026-08-11 13:55:48 +0200: Memory Usage (471072K) : redist_drw has 0 polygons
2026-08-11 13:55:48 +0200: Memory Usage (471072K) : graphbot_drw has 0 polygons
2026-08-11 13:55:48 +0200: Memory Usage (471072K) : graphtop_drw has 0 polygons
2026-08-11 13:55:48 +0200: Memory Usage (471072K) : antvia1_drw has 0 polygons
2026-08-11 13:55:48 +0200: Memory Usage (471072K) : antmetal2_drw has 0 polygons
2026-08-11 13:55:48 +0200: Memory Usage (471072K) : graphcont_drw has 0 polygons
2026-08-11 13:55:48 +0200: Memory Usage (471072K) : siwg_drw has 0 polygons
2026-08-11 13:55:48 +0200: Memory Usage (471072K) : siwg_filler has 0 polygons
2026-08-11 13:55:48 +0200: Memory Usage (471072K) : siwg_nofill has 0 polygons
2026-08-11 13:55:48 +0200: Memory Usage (471072K) : sigrating_drw has 0 polygons
2026-08-11 13:55:48 +0200: Memory Usage (471072K) : singrating_drw has 0 polygons
2026-08-11 13:55:48 +0200: Memory Usage (471072K) : graphpas_drw has 0 polygons
2026-08-11 13:55:48 +0200: Memory Usage (471072K) : emwind3_drw has 0 polygons
2026-08-11 13:55:48 +0200: Memory Usage (471072K) : emwihv3_drw has 0 polygons
2026-08-11 13:55:48 +0200: Memory Usage (471072K) : redbulay_drw has 0 polygons
2026-08-11 13:55:48 +0200: Memory Usage (471072K) : smos_drw has 0 polygons
2026-08-11 13:55:48 +0200: Memory Usage (471072K) : graphpad_drw has 0 polygons
2026-08-11 13:55:48 +0200: Memory Usage (471072K) : polimide_drw has 0 polygons
2026-08-11 13:55:48 +0200: Memory Usage (471072K) : polimide_pin has 0 polygons
2026-08-11 13:55:48 +0200: Memory Usage (471072K) : recog_drw has 0 polygons
2026-08-11 13:55:48 +0200: Memory Usage (471072K) : recog_pin has 0 polygons
2026-08-11 13:55:48 +0200: Memory Usage (471072K) : recog_esd has 0 polygons
2026-08-11 13:55:48 +0200: Memory Usage (471072K) : recog_diode has 6 polygons
2026-08-11 13:55:48 +0200: Memory Usage (471072K) : recog_tsv has 0 polygons
2026-08-11 13:55:48 +0200: Memory Usage (471072K) : recog_iprobe has 0 polygons
2026-08-11 13:55:48 +0200: Memory Usage (471072K) : recog_diffprb has 0 polygons
2026-08-11 13:55:48 +0200: Memory Usage (471072K) : recog_pillar has 0 polygons
2026-08-11 13:55:48 +0200: Memory Usage (471072K) : recog_sbump has 0 polygons
2026-08-11 13:55:48 +0200: Memory Usage (471072K) : recog_otp has 0 polygons
2026-08-11 13:55:48 +0200: Memory Usage (471072K) : recog_pdiode has 0 polygons
2026-08-11 13:55:48 +0200: Memory Usage (471072K) : recog_mom has 0 polygons
2026-08-11 13:55:48 +0200: Memory Usage (471072K) : recog_pcm has 0 polygons
2026-08-11 13:55:48 +0200: Memory Usage (471072K) : colopen_drw has 0 polygons
2026-08-11 13:55:48 +0200: Memory Usage (471072K) : graphmetal1_drw has 0 polygons
2026-08-11 13:55:48 +0200: Memory Usage (471072K) : graphmetal1_filler has 0 polygons
2026-08-11 13:55:48 +0200: Memory Usage (471072K) : graphmetal1_nofill has 0 polygons
2026-08-11 13:55:48 +0200: Memory Usage (471072K) : graphmetal1_slit has 0 polygons
2026-08-11 13:55:48 +0200: Memory Usage (471072K) : graphmetal1_OPC has 0 polygons
2026-08-11 13:55:48 +0200: Memory Usage (471072K) : graphmet1l_drw has 0 polygons
2026-08-11 13:55:48 +0200: Memory Usage (471072K) : graphmet1l_filler has 0 polygons
2026-08-11 13:55:48 +0200: Memory Usage (471072K) : graphmet1l_nofill has 0 polygons
2026-08-11 13:55:48 +0200: Memory Usage (471072K) : graphmet1l_slit has 0 polygons
2026-08-11 13:55:48 +0200: Memory Usage (471072K) : graphmet1l_OPC has 0 polygons
2026-08-11 13:55:48 +0200: Memory Usage (471072K) : extblock_drw has 0 polygons
2026-08-11 13:55:48 +0200: Memory Usage (471072K) : nldd_drw has 0 polygons
2026-08-11 13:55:48 +0200: Memory Usage (471072K) : pldd_drw has 0 polygons
2026-08-11 13:55:48 +0200: Memory Usage (471072K) : next_drw has 0 polygons
2026-08-11 13:55:48 +0200: Memory Usage (471072K) : pext_drw has 0 polygons
2026-08-11 13:55:48 +0200: Memory Usage (471072K) : nexthv_drw has 0 polygons
2026-08-11 13:55:48 +0200: Memory Usage (471072K) : pexthv_drw has 0 polygons
2026-08-11 13:55:48 +0200: Memory Usage (471072K) : graphgate_drw has 0 polygons
2026-08-11 13:55:48 +0200: Memory Usage (471072K) : sinwg_drw has 0 polygons
2026-08-11 13:55:48 +0200: Memory Usage (471072K) : sinwg_filler has 0 polygons
2026-08-11 13:55:48 +0200: Memory Usage (471072K) : sinwg_nofill has 0 polygons
2026-08-11 13:55:48 +0200: Memory Usage (471072K) : mempad_drw has 0 polygons
2026-08-11 13:55:48 +0200: Memory Usage (471072K) : topvia1_drw has 2315 polygons
2026-08-11 13:55:48 +0200: Memory Usage (471072K) : topmetal1_drw has 8 polygons
2026-08-11 13:55:48 +0200: Memory Usage (471072K) : topmetal1_filler has 0 polygons
2026-08-11 13:55:48 +0200: Memory Usage (471072K) : topmetal1_slit has 0 polygons
2026-08-11 13:55:48 +0200: Memory Usage (471072K) : topmetal1 has 8 polygons
2026-08-11 13:55:48 +0200: Memory Usage (471072K) : topmetal1_pin has 8 polygons
2026-08-11 13:55:48 +0200: Memory Usage (471072K) : topmetal1_mask has 0 polygons
2026-08-11 13:55:48 +0200: Memory Usage (471072K) : topmetal1_nofill has 0 polygons
2026-08-11 13:55:48 +0200: Memory Usage (471072K) : topmetal1_text has 8 polygons
2026-08-11 13:55:48 +0200: Memory Usage (471072K) : topmetal1_noqrc has 0 polygons
2026-08-11 13:55:48 +0200: Memory Usage (471072K) : topmetal1_res has 0 polygons
2026-08-11 13:55:48 +0200: Memory Usage (471072K) : topmetal1_iprobe has 0 polygons
2026-08-11 13:55:48 +0200: Memory Usage (471072K) : topmetal1_diffprb has 0 polygons
2026-08-11 13:55:48 +0200: Memory Usage (471072K) : inldpwl_drw has 0 polygons
2026-08-11 13:55:48 +0200: Memory Usage (471072K) : polyres_drw has 0 polygons
2026-08-11 13:55:48 +0200: Memory Usage (471072K) : polyres_pin has 0 polygons
2026-08-11 13:55:48 +0200: Memory Usage (471072K) : vmim_drw has 0 polygons
2026-08-11 13:55:48 +0200: Memory Usage (471072K) : nbulaycut_drw has 0 polygons
2026-08-11 13:55:48 +0200: Memory Usage (471072K) : antmetal1_drw has 0 polygons
2026-08-11 13:55:48 +0200: Memory Usage (471072K) : topvia2_drw has 1593 polygons
2026-08-11 13:55:48 +0200: Memory Usage (471072K) : topmetal2_drw has 6 polygons
2026-08-11 13:55:48 +0200: Memory Usage (471072K) : topmetal2_filler has 0 polygons
2026-08-11 13:55:48 +0200: Memory Usage (471072K) : topmetal2_slit has 0 polygons
2026-08-11 13:55:48 +0200: Memory Usage (471072K) : topmetal2 has 6 polygons
2026-08-11 13:55:48 +0200: Memory Usage (471072K) : topmetal2_pin has 6 polygons
2026-08-11 13:55:48 +0200: Memory Usage (471072K) : topmetal2_mask has 0 polygons
2026-08-11 13:55:48 +0200: Memory Usage (471072K) : topmetal2_nofill has 0 polygons
2026-08-11 13:55:48 +0200: Memory Usage (471072K) : topmetal2_text has 6 polygons
2026-08-11 13:55:48 +0200: Memory Usage (471072K) : topmetal2_noqrc has 0 polygons
2026-08-11 13:55:48 +0200: Memory Usage (471072K) : topmetal2_res has 0 polygons
2026-08-11 13:55:48 +0200: Memory Usage (471072K) : topmetal2_iprobe has 0 polygons
2026-08-11 13:55:48 +0200: Memory Usage (471072K) : topmetal2_diffprb has 0 polygons
2026-08-11 13:55:48 +0200: Memory Usage (471072K) : snsring_drw has 0 polygons
2026-08-11 13:55:48 +0200: Memory Usage (471072K) : sensor_drw has 0 polygons
2026-08-11 13:55:48 +0200: Memory Usage (471072K) : snsarms_drw has 0 polygons
2026-08-11 13:55:48 +0200: Memory Usage (471072K) : snscmosvia_drw has 0 polygons
2026-08-11 13:55:48 +0200: Memory Usage (471072K) : colwind_drw has 0 polygons
2026-08-11 13:55:48 +0200: Memory Usage (471072K) : flm_drw has 0 polygons
2026-08-11 13:55:48 +0200: Memory Usage (471072K) : hafniumox_drw has 0 polygons
2026-08-11 13:55:48 +0200: Memory Usage (471072K) : memvia_drw has 0 polygons
2026-08-11 13:55:48 +0200: Memory Usage (471072K) : thinfilmres_drw has 0 polygons
2026-08-11 13:55:48 +0200: Memory Usage (471072K) : rfmem_drw has 0 polygons
2026-08-11 13:55:48 +0200: Memory Usage (471072K) : norcx_drw has 0 polygons
2026-08-11 13:55:48 +0200: Memory Usage (471072K) : norcx_m2m3 has 0 polygons
2026-08-11 13:55:48 +0200: Memory Usage (471072K) : norcx_m2m4 has 0 polygons
2026-08-11 13:55:48 +0200: Memory Usage (471072K) : norcx_m2m5 has 0 polygons
2026-08-11 13:55:48 +0200: Memory Usage (471072K) : norcx_m2tm1 has 0 polygons
2026-08-11 13:55:48 +0200: Memory Usage (471072K) : norcx_m2tm2 has 0 polygons
2026-08-11 13:55:48 +0200: Memory Usage (471072K) : norcx_m3m4 has 0 polygons
2026-08-11 13:55:48 +0200: Memory Usage (471072K) : norcx_m3m5 has 0 polygons
2026-08-11 13:55:48 +0200: Memory Usage (471072K) : norcx_m3tm1 has 0 polygons
2026-08-11 13:55:48 +0200: Memory Usage (471072K) : norcx_m3tm2 has 0 polygons
2026-08-11 13:55:48 +0200: Memory Usage (471072K) : norcx_m4m5 has 0 polygons
2026-08-11 13:55:48 +0200: Memory Usage (471072K) : norcx_m4tm1 has 0 polygons
2026-08-11 13:55:48 +0200: Memory Usage (471072K) : norcx_m4tm2 has 0 polygons
2026-08-11 13:55:48 +0200: Memory Usage (471072K) : norcx_m5tm1 has 0 polygons
2026-08-11 13:55:48 +0200: Memory Usage (471072K) : norcx_m5tm2 has 0 polygons
2026-08-11 13:55:48 +0200: Memory Usage (471072K) : norcx_tm1tm2 has 0 polygons
2026-08-11 13:55:48 +0200: Memory Usage (471072K) : norcx_m1sub has 0 polygons
2026-08-11 13:55:48 +0200: Memory Usage (471072K) : norcx_m2sub has 0 polygons
2026-08-11 13:55:48 +0200: Memory Usage (471072K) : norcx_m3sub has 0 polygons
2026-08-11 13:55:48 +0200: Memory Usage (471072K) : norcx_m4sub has 0 polygons
2026-08-11 13:55:48 +0200: Memory Usage (471072K) : norcx_m5sub has 0 polygons
2026-08-11 13:55:48 +0200: Memory Usage (471072K) : norcx_tm1sub has 0 polygons
2026-08-11 13:55:48 +0200: Memory Usage (471072K) : norcx_tm2sub has 0 polygons
2026-08-11 13:55:48 +0200: Memory Usage (471072K) : snsbotvia_drw has 0 polygons
2026-08-11 13:55:48 +0200: Memory Usage (471072K) : snstopvia_drw has 0 polygons
2026-08-11 13:55:48 +0200: Memory Usage (471072K) : deepvia_drw has 0 polygons
2026-08-11 13:55:48 +0200: Memory Usage (471072K) : fgetch_drw has 0 polygons
2026-08-11 13:55:48 +0200: Memory Usage (471072K) : ctrgat_drw has 0 polygons
2026-08-11 13:55:48 +0200: Memory Usage (471072K) : fgimp_drw has 0 polygons
2026-08-11 13:55:48 +0200: Memory Usage (471072K) : emwihv_drw has 0 polygons
2026-08-11 13:55:48 +0200: Memory Usage (471072K) : lbe_drw has 0 polygons
2026-08-11 13:55:48 +0200: Memory Usage (471072K) : alcustop_drw has 0 polygons
2026-08-11 13:55:48 +0200: Memory Usage (471072K) : nometfiller_drw has 0 polygons
2026-08-11 13:55:48 +0200: Memory Usage (471072K) : prboundary_drw has 0 polygons
2026-08-11 13:55:48 +0200: Memory Usage (471072K) : exchange0_drw has 0 polygons
2026-08-11 13:55:48 +0200: Memory Usage (471072K) : exchange0_pin has 0 polygons
2026-08-11 13:55:48 +0200: Memory Usage (471200K) : exchange0_text has 0 polygons
2026-08-11 13:55:48 +0200: Memory Usage (471200K) : exchange1_drw has 0 polygons
2026-08-11 13:55:48 +0200: Memory Usage (471328K) : exchange1_pin has 0 polygons
2026-08-11 13:55:48 +0200: Memory Usage (471328K) : exchange1_text has 0 polygons
2026-08-11 13:55:48 +0200: Memory Usage (471456K) : exchange2_drw has 0 polygons
2026-08-11 13:55:48 +0200: Memory Usage (471456K) : exchange2_pin has 0 polygons
2026-08-11 13:55:48 +0200: Memory Usage (471584K) : exchange2_text has 0 polygons
2026-08-11 13:55:48 +0200: Memory Usage (471584K) : exchange3_drw has 0 polygons
2026-08-11 13:55:48 +0200: Memory Usage (471712K) : exchange3_pin has 0 polygons
2026-08-11 13:55:48 +0200: Memory Usage (471712K) : exchange3_text has 0 polygons
2026-08-11 13:55:48 +0200: Memory Usage (471840K) : exchange4_drw has 0 polygons
2026-08-11 13:55:48 +0200: Memory Usage (471840K) : exchange4_pin has 0 polygons
2026-08-11 13:55:48 +0200: Memory Usage (471968K) : exchange4_text has 0 polygons
2026-08-11 13:55:48 +0200: Memory Usage (471968K) : isonwell_drw has 0 polygons
2026-08-11 13:55:48 +0200: Memory Usage (471968K) : Total no. of polygons in the design is 57611
2026-08-11 13:55:48 +0200: Memory Usage (471968K) : Starting base layers derivations
2026-08-11 13:55:48 +0200: Memory Usage (471968K) : Starting general LVS derivations
2026-08-11 13:55:48 +0200: Memory Usage (480544K) : Starting MOSFET DERIVATIONS
2026-08-11 13:55:49 +0200: Memory Usage (483452K) : Starting NMOS DERIVATIONS
2026-08-11 13:55:49 +0200: Memory Usage (483452K) : Starting PMOS DERIVATIONS
2026-08-11 13:55:49 +0200: Memory Usage (483452K) : Starting RF-MOSFET DERIVATIONS
2026-08-11 13:55:49 +0200: Memory Usage (483452K) : Starting RF-NMOS DERIVATIONS
2026-08-11 13:55:49 +0200: Memory Usage (483452K) : Starting RF-PMOS DERIVATIONS
2026-08-11 13:55:49 +0200: Memory Usage (483452K) : Starting BJT DERIVATIONS
2026-08-11 13:55:49 +0200: Memory Usage (483452K) : Starting NPN-BJT DERIVATIONS
2026-08-11 13:55:49 +0200: Memory Usage (483452K) : Starting PNP-BJT DERIVATIONS
2026-08-11 13:55:49 +0200: Memory Usage (483452K) : Starting DIODE DERIVATIONS
2026-08-11 13:55:50 +0200: Memory Usage (484012K) : Starting RESISTOR DERIVATIONS
2026-08-11 13:55:50 +0200: Memory Usage (484012K) : Starting CAP DERIVATIONS
2026-08-11 13:55:50 +0200: Memory Usage (484012K) : Starting CAP_CMOM DERIVATIONS
2026-08-11 13:55:50 +0200: Memory Usage (484012K) : Starting ESD DERIVATIONS
2026-08-11 13:55:50 +0200: Memory Usage (484012K) : Starting Inductor DERIVATIONS
2026-08-11 13:55:50 +0200: Memory Usage (484012K) : Starting Taps DERIVATIONS
2026-08-11 13:55:51 +0200: Memory Usage (484012K) : Starting SG13G2 LVS connectivity setup
2026-08-11 13:55:51 +0200: Memory Usage (484012K) : Starting SG13G2 LVS connectivity setup (Inter-layer)
2026-08-11 13:55:51 +0200: Memory Usage (484140K) : Starting SG13G2 LVS connectivity setup (Global)
2026-08-11 13:55:51 +0200: Memory Usage (484140K) : Starting LVS MOSFET CONNECTIONS
2026-08-11 13:55:51 +0200: Memory Usage (484140K) : Starting LVS RF-MOSFET CONNECTIONS
2026-08-11 13:55:51 +0200: Memory Usage (484140K) : Starting LVS BJT CONNECTIONS
2026-08-11 13:55:51 +0200: Memory Usage (484140K) : Starting LVS DIODE CONNECTIONS
2026-08-11 13:55:51 +0200: Memory Usage (484140K) : Starting RESISTOR CONNECTIONS
2026-08-11 13:55:51 +0200: Memory Usage (484140K) : Starting LVS CAP CONNECTIONS
2026-08-11 13:55:51 +0200: Memory Usage (484140K) : Starting CAP_CMOM CONNECTIONS
2026-08-11 13:55:51 +0200: Memory Usage (484140K) : Starting ESD CONNECTIONS
2026-08-11 13:55:51 +0200: Memory Usage (484140K) : Starting Inductor CONNECTIONS
2026-08-11 13:55:51 +0200: Memory Usage (484140K) : Starting LVS Taps CONNECTIONS
2026-08-11 13:55:51 +0200: Memory Usage (484140K) : Starting SG13G2 LVS DEVICES EXTRACTION
2026-08-11 13:55:51 +0200: Memory Usage (484140K) : Starting MOSFET EXTRACTION
2026-08-11 13:55:51 +0200: Memory Usage (484140K) : Starting NMOS EXTRACTION
2026-08-11 13:55:51 +0200: Memory Usage (484140K) : Extraction of NMOS-LV transistor
2026-08-11 13:55:51 +0200: Memory Usage (484268K) : Extraction of NMOS-HV transistor
2026-08-11 13:55:51 +0200: Memory Usage (484268K) : Starting PMOS EXTRACTION
2026-08-11 13:55:51 +0200: Memory Usage (484268K) : Extraction of PMOS-LV transistor
2026-08-11 13:55:51 +0200: Memory Usage (484268K) : Extraction of PMOS-HV transistor
2026-08-11 13:55:51 +0200: Memory Usage (484268K) : Starting RF-MOSFET EXTRACTION
2026-08-11 13:55:51 +0200: Memory Usage (484268K) : Extraction of RF-NMOS-LV transistor
2026-08-11 13:55:51 +0200: Memory Usage (484268K) : Extraction of RF-NMOS-HV transistor
2026-08-11 13:55:51 +0200: Memory Usage (484268K) : Extraction of RF-PMOS-LV transistor
2026-08-11 13:55:51 +0200: Memory Usage (484268K) : Extraction of RF-PMOS-HV transistor
2026-08-11 13:55:51 +0200: Memory Usage (484268K) : Starting BJT EXTRACTION
2026-08-11 13:55:51 +0200: Memory Usage (484268K) : Starting NPN-BJT EXTRACTION
2026-08-11 13:55:51 +0200: Memory Usage (484268K) : Extraction of npn13G2 BJT transistor
2026-08-11 13:55:51 +0200: Memory Usage (484268K) : Extraction of npn13G2L BJT transistor
2026-08-11 13:55:51 +0200: Memory Usage (484268K) : Extraction of npn13G2V BJT transistor
2026-08-11 13:55:51 +0200: Memory Usage (484268K) : Starting PNP-BJT EXTRACTION
2026-08-11 13:55:51 +0200: Memory Usage (484268K) : Extracting pnpMPA BJT
2026-08-11 13:55:51 +0200: Memory Usage (484268K) : Starting DIODE EXTRACTION
2026-08-11 13:55:51 +0200: Memory Usage (484268K) : Extracting dantenna diode
2026-08-11 13:55:51 +0200: Memory Usage (484268K) : Extracting dpantenna diode
2026-08-11 13:55:51 +0200: Memory Usage (484268K) : Extracting schottky_nbl1 diode
2026-08-11 13:55:51 +0200: Memory Usage (484268K) : Extracting isolbox diode
2026-08-11 13:55:51 +0200: Memory Usage (484268K) : Starting RESISTOR EXTRACTION
2026-08-11 13:55:51 +0200: Memory Usage (484268K) : Extracting rsil resistor
2026-08-11 13:55:51 +0200: Memory Usage (484268K) : Extracting rppd resistor
2026-08-11 13:55:51 +0200: Memory Usage (484268K) : Extracting rhigh resistor
2026-08-11 13:55:51 +0200: Memory Usage (484268K) : Extracting res_metal1 resistor
2026-08-11 13:55:51 +0200: Memory Usage (484396K) : Extracting res_metal2 resistor
2026-08-11 13:55:51 +0200: Memory Usage (484396K) : Extracting res_metal3 resistor
2026-08-11 13:55:51 +0200: Memory Usage (484396K) : Extracting res_metal4 resistor
2026-08-11 13:55:51 +0200: Memory Usage (484396K) : Extracting res_metal5 resistor
2026-08-11 13:55:51 +0200: Memory Usage (484396K) : Extracting res_topmetal1 resistor
2026-08-11 13:55:51 +0200: Memory Usage (484396K) : Extracting res_topmetal2 resistor
2026-08-11 13:55:51 +0200: Memory Usage (484396K) : Starting CAP EXTRACTION
2026-08-11 13:55:51 +0200: Memory Usage (484396K) : Extracting cap_cmim device
2026-08-11 13:55:51 +0200: Memory Usage (484396K) : Extracting rfcmim device
2026-08-11 13:55:51 +0200: Memory Usage (484396K) : Extracting sg13_hv_svaricap varactor
2026-08-11 13:55:51 +0200: Memory Usage (484396K) : Extracting cap_cmomi device
2026-08-11 13:55:51 +0200: Memory Usage (484396K) : Extracting sg13_moscap_n capacitor
2026-08-11 13:55:51 +0200: Memory Usage (484396K) : Extracting sg13_moscap_p capacitor
2026-08-11 13:55:51 +0200: Memory Usage (484396K) : Starting ESD EXTRACTION
2026-08-11 13:55:51 +0200: Memory Usage (484396K) : Extracting diodevdd_2kv ESD device
2026-08-11 13:55:51 +0200: Memory Usage (484396K) : Extracting diodevdd_4kv ESD device
2026-08-11 13:55:51 +0200: Memory Usage (484396K) : Extracting diodevss_2kv ESD device
2026-08-11 13:55:51 +0200: Memory Usage (484396K) : Extracting diodevss_4kv ESD device
2026-08-11 13:55:51 +0200: Memory Usage (484396K) : Extracting idiodevdd_2kv ESD device
2026-08-11 13:55:51 +0200: Memory Usage (484396K) : Extracting idiodevdd_4kv ESD device
2026-08-11 13:55:51 +0200: Memory Usage (484396K) : Extracting idiodevss_2kv ESD device
2026-08-11 13:55:51 +0200: Memory Usage (484396K) : Extracting idiodevss_4kv ESD device
2026-08-11 13:55:51 +0200: Memory Usage (484396K) : Extracting nmoscl_2 ESD device
2026-08-11 13:55:51 +0200: Memory Usage (484396K) : Extracting nmoscl_4 ESD device
2026-08-11 13:55:51 +0200: Memory Usage (484396K) : Starting Inductor EXTRACTION
2026-08-11 13:55:51 +0200: Memory Usage (484396K) : Extracting Inductor2 device
2026-08-11 13:55:51 +0200: Memory Usage (484396K) : Extracting Inductor3 device
2026-08-11 13:55:51 +0200: Memory Usage (484396K) : Starting Taps EXTRACTION
2026-08-11 13:55:51 +0200: Memory Usage (484396K) : Extracting ntap1 device
2026-08-11 13:55:51 +0200: Memory Usage (484396K) : Extracting ptap1 device
2026-08-11 13:55:51 +0200: Memory Usage (484396K) : Starting SG13G2 LVS RF MOS Model Mapping
2026-08-11 13:55:51 +0200: Memory Usage (485932K) : [layout_netlist] Apply RF MOS model mapping and rfmode parameter.
2026-08-11 13:55:51 +0200: Memory Usage (485932K) : Starting SG13G2 LVS Options Preparations
2026-08-11 13:55:51 +0200: Memory Usage (485932K) : SG13G2 LVS flow: extraction -> alignment -> option preparation -> comparison.
2026-08-11 13:55:51 +0200: Memory Usage (485932K) : Starting SG13G2 LVS Alignment
2026-08-11 13:55:51 +0200: Memory Usage (486060K) : Starting SG13G2 LVS Simplification
2026-08-11 13:55:51 +0200: Memory Usage (486060K) : [layout_netlist] simplify: ENABLED
2026-08-11 13:55:51 +0200: Memory Usage (486060K) : [layout_netlist] make_top_level_pins: SKIPPED
2026-08-11 13:55:51 +0200: Memory Usage (486060K) : [layout_netlist] combine_devices: ENABLED
2026-08-11 13:55:51 +0200: Memory Usage (486060K) : [layout_netlist] purge: SKIPPED
2026-08-11 13:55:51 +0200: Memory Usage (486060K) : [layout_netlist] purge_nets: SKIPPED
2026-08-11 13:55:51 +0200: Memory Usage (486060K) : [schematic_netlist] simplify: ENABLED
2026-08-11 13:55:51 +0200: Memory Usage (486060K) : [schematic_netlist] make_top_level_pins: SKIPPED
2026-08-11 13:55:51 +0200: Memory Usage (486060K) : [schematic_netlist] combine_devices: ENABLED
2026-08-11 13:55:51 +0200: Memory Usage (486060K) : [schematic_netlist] purge: SKIPPED
2026-08-11 13:55:51 +0200: Memory Usage (486060K) : [schematic_netlist] purge_nets: SKIPPED
2026-08-11 13:55:51 +0200: Memory Usage (486060K) : Starting SG13G2 LVS Comparison
2026-08-11 13:55:51 +0200: Memory Usage (486060K) : ==========================================
2026-08-11 13:55:51 +0200: Memory Usage (486060K) : INFO : Congratulations! Netlists match.
2026-08-11 13:55:51 +0200: Memory Usage (486060K) : ==========================================
2026-08-11 13:55:51 +0200: Memory Usage (486060K) : LVS Total Run time 4.106535 seconds
11-Aug-2026 13:55:52 | INFO    | ==============================================================================
11-Aug-2026 13:55:52 | INFO    | Important Summary
11-Aug-2026 13:55:52 | INFO    | +------------------+----------------------------------------------------------------------------------------------+
11-Aug-2026 13:55:52 | INFO    | | Status           | PASS                                                                                         |
11-Aug-2026 13:55:52 | INFO    | | Mode             | COMPARE                                                                                      |
11-Aug-2026 13:55:52 | INFO    | | Outcome          | Comparison mode: PASS (netlists match).                                                      |
11-Aug-2026 13:55:52 | INFO    | | Layout           | sg13g2_IOPadTriOut4mA.gds                                                                    |
11-Aug-2026 13:55:52 | INFO    | | Top Cell         | sg13g2_IOPadTriOut4mA                                                                        |
11-Aug-2026 13:55:52 | INFO    | | Results Dir      | /foss/designs/ihp-open-pdk-regression/IOPADS/lvs_sweep/20260811_135408/sg13g2_IOPadTriOut4mA |
11-Aug-2026 13:55:52 | INFO    | | Warnings         | 0                                                                                            |
11-Aug-2026 13:55:52 | INFO    | | Errors           | 0                                                                                            |
11-Aug-2026 13:55:52 | INFO    | | Run Time (s)     | 7.324                                                                                        |
11-Aug-2026 13:55:52 | INFO    | +------------------+----------------------------------------------------------------------------------------------+
11-Aug-2026 13:55:52 | INFO    | ==============================================================================
