11-Aug-2026 10:24:53 | INFO    | Your Klayout version is: KLayout 0.30.10 (required >= 0.30.5)
11-Aug-2026 10:24:53 | INFO    | Running SG13G2 LVS checks on design /foss/designs/ihp-open-pdk-regression/IOPADS/layout/sg13g2_IOPadTriOut16mA.gds on cell sg13g2_IOPadTriOut16mA
2026-08-11 10:24:55 +0200: Memory Usage (455296K) : Starting running SG13G2 Klayout LVS runset on /foss/designs/ihp-open-pdk-regression/IOPADS/layout/sg13g2_IOPadTriOut16mA.gds
2026-08-11 10:24:55 +0200: Memory Usage (455296K) : Ruby Version for klayout: 3.2.3
2026-08-11 10:24:55 +0200: Memory Usage (456704K) : Loading database to memory is complete.
2026-08-11 10:24:55 +0200: Memory Usage (456704K) : SG13G2 Klayout LVS runset output at: /foss/designs/ihp-open-pdk-regression/IOPADS/lvs_sweep/20260811_102346/sg13g2_IOPadTriOut16mA/sg13g2_IOPadTriOut16mA.lvsdb
2026-08-11 10:24:55 +0200: Memory Usage (456704K) : Evaluate switches.
2026-08-11 10:24:55 +0200: Memory Usage (456704K) : Extracted netlist with net names: true
2026-08-11 10:24:55 +0200: Memory Usage (456704K) : Extracted netlist with comments in details: false
2026-08-11 10:24:55 +0200: Memory Usage (456704K) : Selected NET_ONLY option: false
2026-08-11 10:24:55 +0200: Memory Usage (456704K) : Selected LAYOUT_NETLIST option: (none)
2026-08-11 10:24:55 +0200: Memory Usage (456704K) : Selected IGNORE_TOP_PORTS_MISMATCH option: true
2026-08-11 10:24:55 +0200: Memory Usage (456704K) : Selected IMPLICIT_NETS option: iovss,iovdd,vss,vdd,pad,cathode,anode
2026-08-11 10:24:55 +0200: Memory Usage (456704K) : Selected TOP_LVL_PINS option: false
2026-08-11 10:24:55 +0200: Memory Usage (456704K) : Selected COMBINE DEVICES option: true
2026-08-11 10:24:55 +0200: Memory Usage (456704K) : Selected PURGE option: false
2026-08-11 10:24:55 +0200: Memory Usage (456704K) : Selected PURGE_NETS option: false
2026-08-11 10:24:55 +0200: Memory Usage (456704K) : Selected SIMPLIFY option: true
2026-08-11 10:24:55 +0200: Memory Usage (456704K) : Selected SERIES_RES option: true
2026-08-11 10:24:55 +0200: Memory Usage (456704K) : Selected PARALLEL_RES option: true
2026-08-11 10:24:55 +0200: Memory Usage (456704K) : Selected DISABLE_TAP_EXTRACTION option: false
2026-08-11 10:24:55 +0200: Memory Usage (456704K) : deep  mode is enabled.
2026-08-11 10:24:55 +0200: Memory Usage (456704K) : Applying implicit connections (case-sensitive, pattern supported) for nets: iovss, iovdd, vss, vdd, pad, cathode, anode
2026-08-11 10:24:55 +0200: Memory Usage (458112K) : Netlist file: /foss/designs/ihp-open-pdk-regression/IOPADS/netlist/pads_sub/sg13g2_IOPadTriOut16mA.spi
2026-08-11 10:24:55 +0200: Memory Usage (458112K) : LVS extracted netlist at: /foss/designs/ihp-open-pdk-regression/IOPADS/lvs_sweep/20260811_102346/sg13g2_IOPadTriOut16mA/sg13g2_IOPadTriOut16mA_extracted.cir
2026-08-11 10:24:55 +0200: Memory Usage (458112K) : Applying SRAM integration support.
2026-08-11 10:24:55 +0200: Memory Usage (458112K) : Starting SG13G2 LVS runset
2026-08-11 10:24:55 +0200: Memory Usage (458112K) : Read in polygons from layers.
2026-08-11 10:24:55 +0200: Memory Usage (459904K) : activ_drw has 96 polygons
2026-08-11 10:24:55 +0200: Memory Usage (459904K) : activ_filler has 0 polygons
2026-08-11 10:24:55 +0200: Memory Usage (460032K) : activ has 96 polygons
2026-08-11 10:24:55 +0200: Memory Usage (460032K) : activ_pin has 0 polygons
2026-08-11 10:24:55 +0200: Memory Usage (460032K) : activ_mask has 0 polygons
2026-08-11 10:24:55 +0200: Memory Usage (460032K) : activ_nofill has 0 polygons
2026-08-11 10:24:55 +0200: Memory Usage (460160K) : activ_OPC has 0 polygons
2026-08-11 10:24:55 +0200: Memory Usage (460160K) : activ_iOPC has 0 polygons
2026-08-11 10:24:55 +0200: Memory Usage (460288K) : activ_noqrc has 0 polygons
2026-08-11 10:24:55 +0200: Memory Usage (460288K) : biwind_drw has 0 polygons
2026-08-11 10:24:55 +0200: Memory Usage (460416K) : biwind_OPC has 0 polygons
2026-08-11 10:24:55 +0200: Memory Usage (460416K) : gatpoly_drw has 47 polygons
2026-08-11 10:24:55 +0200: Memory Usage (460544K) : gatpoly_filler has 0 polygons
2026-08-11 10:24:55 +0200: Memory Usage (460544K) : gatpoly has 47 polygons
2026-08-11 10:24:55 +0200: Memory Usage (460672K) : gatpoly_pin has 0 polygons
2026-08-11 10:24:55 +0200: Memory Usage (460672K) : gatpoly_nofill has 0 polygons
2026-08-11 10:24:55 +0200: Memory Usage (460800K) : gatpoly_OPC has 0 polygons
2026-08-11 10:24:55 +0200: Memory Usage (460800K) : gatpoly_iOPC has 0 polygons
2026-08-11 10:24:55 +0200: Memory Usage (460928K) : gatpoly_noqrc has 0 polygons
2026-08-11 10:24:55 +0200: Memory Usage (462336K) : cont_drw has 46097 polygons
2026-08-11 10:24:55 +0200: Memory Usage (462336K) : cont_OPC has 0 polygons
2026-08-11 10:24:55 +0200: Memory Usage (462336K) : nsd_drw has 0 polygons
2026-08-11 10:24:55 +0200: Memory Usage (462336K) : nsd_block has 0 polygons
2026-08-11 10:24:55 +0200: Memory Usage (462336K) : metal1_drw has 268 polygons
2026-08-11 10:24:55 +0200: Memory Usage (462336K) : metal1_filler has 0 polygons
2026-08-11 10:24:55 +0200: Memory Usage (462336K) : metal1_slit has 0 polygons
2026-08-11 10:24:55 +0200: Memory Usage (462720K) : metal1 has 268 polygons
2026-08-11 10:24:55 +0200: Memory Usage (462720K) : metal1_pin has 42 polygons
2026-08-11 10:24:55 +0200: Memory Usage (462720K) : metal1_mask has 0 polygons
2026-08-11 10:24:55 +0200: Memory Usage (462720K) : metal1_nofill has 0 polygons
2026-08-11 10:24:55 +0200: Memory Usage (462976K) : metal1_text has 42 polygons
2026-08-11 10:24:55 +0200: Memory Usage (462976K) : metal1_OPC has 0 polygons
2026-08-11 10:24:55 +0200: Memory Usage (462976K) : metal1_noqrc has 0 polygons
2026-08-11 10:24:55 +0200: Memory Usage (463104K) : metal1_res has 0 polygons
2026-08-11 10:24:55 +0200: Memory Usage (463104K) : metal1_iprobe has 0 polygons
2026-08-11 10:24:55 +0200: Memory Usage (463232K) : metal1_diffprb has 0 polygons
2026-08-11 10:24:55 +0200: Memory Usage (463360K) : passiv_drw has 0 polygons
2026-08-11 10:24:55 +0200: Memory Usage (463360K) : passiv_pin has 0 polygons
2026-08-11 10:24:55 +0200: Memory Usage (463488K) : passiv_sbump has 0 polygons
2026-08-11 10:24:55 +0200: Memory Usage (463488K) : passiv_pillar has 0 polygons
2026-08-11 10:24:55 +0200: Memory Usage (463616K) : passiv_pdl has 0 polygons
2026-08-11 10:24:55 +0200: Memory Usage (463616K) : metal2_drw has 70 polygons
2026-08-11 10:24:55 +0200: Memory Usage (463744K) : metal2_filler has 0 polygons
2026-08-11 10:24:55 +0200: Memory Usage (463744K) : metal2_slit has 0 polygons
2026-08-11 10:24:55 +0200: Memory Usage (464000K) : metal2 has 70 polygons
2026-08-11 10:24:55 +0200: Memory Usage (464000K) : metal2_pin has 21 polygons
2026-08-11 10:24:55 +0200: Memory Usage (464128K) : metal2_mask has 0 polygons
2026-08-11 10:24:55 +0200: Memory Usage (464128K) : metal2_nofill has 0 polygons
2026-08-11 10:24:55 +0200: Memory Usage (464256K) : metal2_text has 21 polygons
2026-08-11 10:24:55 +0200: Memory Usage (464256K) : metal2_OPC has 0 polygons
2026-08-11 10:24:55 +0200: Memory Usage (464256K) : metal2_noqrc has 0 polygons
2026-08-11 10:24:55 +0200: Memory Usage (464384K) : metal2_res has 0 polygons
2026-08-11 10:24:55 +0200: Memory Usage (464384K) : metal2_iprobe has 0 polygons
2026-08-11 10:24:55 +0200: Memory Usage (464384K) : metal2_diffprb has 0 polygons
2026-08-11 10:24:55 +0200: Memory Usage (464512K) : baspoly_drw has 0 polygons
2026-08-11 10:24:55 +0200: Memory Usage (464512K) : baspoly_pin has 0 polygons
2026-08-11 10:24:55 +0200: Memory Usage (464512K) : psd_drw has 38 polygons
2026-08-11 10:24:55 +0200: Memory Usage (464640K) : nldb_drw has 0 polygons
2026-08-11 10:24:55 +0200: Memory Usage (464640K) : digibnd_drw has 0 polygons
2026-08-11 10:24:55 +0200: Memory Usage (464640K) : via1_drw has 1680 polygons
2026-08-11 10:24:55 +0200: Memory Usage (464768K) : backmetal1_drw has 0 polygons
2026-08-11 10:24:55 +0200: Memory Usage (464768K) : backmetal1_pin has 0 polygons
2026-08-11 10:24:55 +0200: Memory Usage (464896K) : backmetal1_mask has 0 polygons
2026-08-11 10:24:55 +0200: Memory Usage (464896K) : backmetal1_filler has 0 polygons
2026-08-11 10:24:55 +0200: Memory Usage (465024K) : backmetal1_nofill has 0 polygons
2026-08-11 10:24:55 +0200: Memory Usage (465024K) : backmetal1_slit has 0 polygons
2026-08-11 10:24:55 +0200: Memory Usage (465152K) : backmetal1_text has 0 polygons
2026-08-11 10:24:55 +0200: Memory Usage (465152K) : backmetal1_OPC has 0 polygons
2026-08-11 10:24:55 +0200: Memory Usage (465280K) : backmetal1_noqrc has 0 polygons
2026-08-11 10:24:55 +0200: Memory Usage (465280K) : backmetal1_res has 0 polygons
2026-08-11 10:24:55 +0200: Memory Usage (465408K) : backmetal1_iprobe has 0 polygons
2026-08-11 10:24:55 +0200: Memory Usage (465536K) : backmetal1_diffprb has 0 polygons
2026-08-11 10:24:55 +0200: Memory Usage (465536K) : backpassiv_drw has 0 polygons
2026-08-11 10:24:55 +0200: Memory Usage (465664K) : res_drw has 0 polygons
2026-08-11 10:24:55 +0200: Memory Usage (465664K) : sram_drw has 0 polygons
2026-08-11 10:24:55 +0200: Memory Usage (465792K) : trans_drw has 0 polygons
2026-08-11 10:24:55 +0200: Memory Usage (465792K) : ind_drw has 0 polygons
2026-08-11 10:24:55 +0200: Memory Usage (465920K) : ind_pin has 0 polygons
2026-08-11 10:24:55 +0200: Memory Usage (465920K) : ind_text has 0 polygons
2026-08-11 10:24:55 +0200: Memory Usage (466048K) : salblock_drw has 0 polygons
2026-08-11 10:24:55 +0200: Memory Usage (466048K) : via2_drw has 1441 polygons
2026-08-11 10:24:55 +0200: Memory Usage (466176K) : metal3_drw has 20 polygons
2026-08-11 10:24:55 +0200: Memory Usage (466304K) : metal3_filler has 0 polygons
2026-08-11 10:24:55 +0200: Memory Usage (466304K) : metal3_slit has 0 polygons
2026-08-11 10:24:55 +0200: Memory Usage (466432K) : metal3 has 20 polygons
2026-08-11 10:24:55 +0200: Memory Usage (466560K) : metal3_pin has 10 polygons
2026-08-11 10:24:55 +0200: Memory Usage (466560K) : metal3_mask has 0 polygons
2026-08-11 10:24:55 +0200: Memory Usage (466688K) : metal3_nofill has 0 polygons
2026-08-11 10:24:55 +0200: Memory Usage (466688K) : metal3_text has 10 polygons
2026-08-11 10:24:55 +0200: Memory Usage (466816K) : metal3_OPC has 0 polygons
2026-08-11 10:24:55 +0200: Memory Usage (466816K) : metal3_noqrc has 0 polygons
2026-08-11 10:24:55 +0200: Memory Usage (466816K) : metal3_res has 0 polygons
2026-08-11 10:24:55 +0200: Memory Usage (466944K) : metal3_iprobe has 0 polygons
2026-08-11 10:24:55 +0200: Memory Usage (466944K) : metal3_diffprb has 0 polygons
2026-08-11 10:24:55 +0200: Memory Usage (466944K) : nwell_drw has 25 polygons
2026-08-11 10:24:55 +0200: Memory Usage (467072K) : nwell_pin has 0 polygons
2026-08-11 10:24:55 +0200: Memory Usage (467072K) : nwell_text has 0 polygons
2026-08-11 10:24:55 +0200: Memory Usage (467200K) : nbulay_drw has 0 polygons
2026-08-11 10:24:55 +0200: Memory Usage (467200K) : nbulay_pin has 0 polygons
2026-08-11 10:24:55 +0200: Memory Usage (467328K) : nbulay_block has 0 polygons
2026-08-11 10:24:55 +0200: Memory Usage (467328K) : emwind_drw has 0 polygons
2026-08-11 10:24:55 +0200: Memory Usage (467456K) : emwind_OPC has 0 polygons
2026-08-11 10:24:55 +0200: Memory Usage (467456K) : deepco_drw has 0 polygons
2026-08-11 10:24:55 +0200: Memory Usage (467584K) : mim_drw has 0 polygons
2026-08-11 10:24:55 +0200: Memory Usage (467584K) : edgeseal_drw has 0 polygons
2026-08-11 10:24:55 +0200: Memory Usage (467712K) : substrate_drw has 23 polygons
2026-08-11 10:24:55 +0200: Memory Usage (467712K) : substrate_text has 0 polygons
2026-08-11 10:24:55 +0200: Memory Usage (467840K) : dfpad_drw has 0 polygons
2026-08-11 10:24:55 +0200: Memory Usage (467840K) : dfpad_pillar has 0 polygons
2026-08-11 10:24:55 +0200: Memory Usage (467968K) : dfpad_sbump has 0 polygons
2026-08-11 10:24:55 +0200: Memory Usage (468096K) : thickgateox_drw has 4 polygons
2026-08-11 10:24:55 +0200: Memory Usage (468096K) : pldb_drw has 0 polygons
2026-08-11 10:24:55 +0200: Memory Usage (468224K) : pwell_drw has 0 polygons
2026-08-11 10:24:55 +0200: Memory Usage (468224K) : pwell_pin has 0 polygons
2026-08-11 10:24:55 +0200: Memory Usage (468352K) : pwell_block has 0 polygons
2026-08-11 10:24:55 +0200: Memory Usage (468352K) : ic_drw has 0 polygons
2026-08-11 10:24:55 +0200: Memory Usage (468480K) : via3_drw has 2087 polygons
2026-08-11 10:24:55 +0200: Memory Usage (468608K) : metal4_drw has 8 polygons
2026-08-11 10:24:55 +0200: Memory Usage (468608K) : metal4_filler has 0 polygons
2026-08-11 10:24:55 +0200: Memory Usage (468736K) : metal4_slit has 0 polygons
2026-08-11 10:24:55 +0200: Memory Usage (468864K) : metal4 has 8 polygons
2026-08-11 10:24:55 +0200: Memory Usage (468864K) : metal4_pin has 8 polygons
2026-08-11 10:24:55 +0200: Memory Usage (468992K) : metal4_mask has 0 polygons
2026-08-11 10:24:55 +0200: Memory Usage (468992K) : metal4_nofill has 0 polygons
2026-08-11 10:24:55 +0200: Memory Usage (469120K) : metal4_text has 8 polygons
2026-08-11 10:24:55 +0200: Memory Usage (469248K) : metal4_OPC has 0 polygons
2026-08-11 10:24:55 +0200: Memory Usage (469248K) : metal4_noqrc has 0 polygons
2026-08-11 10:24:55 +0200: Memory Usage (469248K) : metal4_res has 0 polygons
2026-08-11 10:24:55 +0200: Memory Usage (469376K) : metal4_iprobe has 0 polygons
2026-08-11 10:24:55 +0200: Memory Usage (469376K) : metal4_diffprb has 0 polygons
2026-08-11 10:24:55 +0200: Memory Usage (469504K) : heattrans_drw has 0 polygons
2026-08-11 10:24:55 +0200: Memory Usage (469504K) : heatres_drw has 0 polygons
2026-08-11 10:24:55 +0200: Memory Usage (469632K) : fbe_drw has 0 polygons
2026-08-11 10:24:55 +0200: Memory Usage (469632K) : empoly_drw has 0 polygons
2026-08-11 10:24:55 +0200: Memory Usage (469760K) : digisub_drw has 0 polygons
2026-08-11 10:24:55 +0200: Memory Usage (469888K) : text_drw has 17 polygons
2026-08-11 10:24:55 +0200: Memory Usage (469888K) : via4_drw has 2371 polygons
2026-08-11 10:24:55 +0200: Memory Usage (470016K) : metal5_drw has 8 polygons
2026-08-11 10:24:55 +0200: Memory Usage (470144K) : metal5_filler has 0 polygons
2026-08-11 10:24:55 +0200: Memory Usage (470144K) : metal5_slit has 0 polygons
2026-08-11 10:24:55 +0200: Memory Usage (470272K) : metal5 has 8 polygons
2026-08-11 10:24:55 +0200: Memory Usage (470400K) : metal5_pin has 8 polygons
2026-08-11 10:24:55 +0200: Memory Usage (470400K) : metal5_mask has 0 polygons
2026-08-11 10:24:55 +0200: Memory Usage (470528K) : metal5_nofill has 0 polygons
2026-08-11 10:24:55 +0200: Memory Usage (470528K) : metal5_text has 8 polygons
2026-08-11 10:24:55 +0200: Memory Usage (470656K) : metal5_OPC has 0 polygons
2026-08-11 10:24:55 +0200: Memory Usage (470656K) : metal5_noqrc has 0 polygons
2026-08-11 10:24:55 +0200: Memory Usage (470784K) : metal5_res has 0 polygons
2026-08-11 10:24:55 +0200: Memory Usage (470784K) : metal5_iprobe has 0 polygons
2026-08-11 10:24:55 +0200: Memory Usage (470912K) : metal5_diffprb has 0 polygons
2026-08-11 10:24:55 +0200: Memory Usage (470912K) : radhard_drw has 0 polygons
2026-08-11 10:24:55 +0200: Memory Usage (471040K) : memcap_drw has 0 polygons
2026-08-11 10:24:55 +0200: Memory Usage (471040K) : varicap_drw has 0 polygons
2026-08-11 10:24:56 +0200: Memory Usage (471168K) : intbondvia_drw has 0 polygons
2026-08-11 10:24:56 +0200: Memory Usage (471296K) : intbondmet_drw has 0 polygons
2026-08-11 10:24:56 +0200: Memory Usage (471296K) : devbondvia_drw has 0 polygons
2026-08-11 10:24:56 +0200: Memory Usage (471424K) : devbondmet_drw has 0 polygons
2026-08-11 10:24:56 +0200: Memory Usage (471424K) : devtrench_drw has 0 polygons
2026-08-11 10:24:56 +0200: Memory Usage (471552K) : redist_drw has 0 polygons
2026-08-11 10:24:56 +0200: Memory Usage (471552K) : graphbot_drw has 0 polygons
2026-08-11 10:24:56 +0200: Memory Usage (471680K) : graphtop_drw has 0 polygons
2026-08-11 10:24:56 +0200: Memory Usage (471680K) : antvia1_drw has 0 polygons
2026-08-11 10:24:56 +0200: Memory Usage (471808K) : antmetal2_drw has 0 polygons
2026-08-11 10:24:56 +0200: Memory Usage (471808K) : graphcont_drw has 0 polygons
2026-08-11 10:24:56 +0200: Memory Usage (471808K) : siwg_drw has 0 polygons
2026-08-11 10:24:56 +0200: Memory Usage (471808K) : siwg_filler has 0 polygons
2026-08-11 10:24:56 +0200: Memory Usage (471808K) : siwg_nofill has 0 polygons
2026-08-11 10:24:56 +0200: Memory Usage (471808K) : sigrating_drw has 0 polygons
2026-08-11 10:24:56 +0200: Memory Usage (471808K) : singrating_drw has 0 polygons
2026-08-11 10:24:56 +0200: Memory Usage (471936K) : graphpas_drw has 0 polygons
2026-08-11 10:24:56 +0200: Memory Usage (471936K) : emwind3_drw has 0 polygons
2026-08-11 10:24:56 +0200: Memory Usage (472064K) : emwihv3_drw has 0 polygons
2026-08-11 10:24:56 +0200: Memory Usage (472192K) : redbulay_drw has 0 polygons
2026-08-11 10:24:56 +0200: Memory Usage (472192K) : smos_drw has 0 polygons
2026-08-11 10:24:56 +0200: Memory Usage (472320K) : graphpad_drw has 0 polygons
2026-08-11 10:24:56 +0200: Memory Usage (472320K) : polimide_drw has 0 polygons
2026-08-11 10:24:56 +0200: Memory Usage (472448K) : polimide_pin has 0 polygons
2026-08-11 10:24:56 +0200: Memory Usage (472448K) : recog_drw has 0 polygons
2026-08-11 10:24:56 +0200: Memory Usage (472448K) : recog_pin has 0 polygons
2026-08-11 10:24:56 +0200: Memory Usage (472448K) : recog_esd has 0 polygons
2026-08-11 10:24:56 +0200: Memory Usage (472448K) : recog_diode has 6 polygons
2026-08-11 10:24:56 +0200: Memory Usage (472448K) : recog_tsv has 0 polygons
2026-08-11 10:24:56 +0200: Memory Usage (472448K) : recog_iprobe has 0 polygons
2026-08-11 10:24:56 +0200: Memory Usage (472448K) : recog_diffprb has 0 polygons
2026-08-11 10:24:56 +0200: Memory Usage (472448K) : recog_pillar has 0 polygons
2026-08-11 10:24:56 +0200: Memory Usage (472448K) : recog_sbump has 0 polygons
2026-08-11 10:24:56 +0200: Memory Usage (472448K) : recog_otp has 0 polygons
2026-08-11 10:24:56 +0200: Memory Usage (472448K) : recog_pdiode has 0 polygons
2026-08-11 10:24:56 +0200: Memory Usage (472448K) : recog_mom has 0 polygons
2026-08-11 10:24:56 +0200: Memory Usage (472448K) : recog_pcm has 0 polygons
2026-08-11 10:24:56 +0200: Memory Usage (472448K) : colopen_drw has 0 polygons
2026-08-11 10:24:56 +0200: Memory Usage (472448K) : graphmetal1_drw has 0 polygons
2026-08-11 10:24:56 +0200: Memory Usage (472448K) : graphmetal1_filler has 0 polygons
2026-08-11 10:24:56 +0200: Memory Usage (472448K) : graphmetal1_nofill has 0 polygons
2026-08-11 10:24:56 +0200: Memory Usage (472448K) : graphmetal1_slit has 0 polygons
2026-08-11 10:24:56 +0200: Memory Usage (472448K) : graphmetal1_OPC has 0 polygons
2026-08-11 10:24:56 +0200: Memory Usage (472448K) : graphmet1l_drw has 0 polygons
2026-08-11 10:24:56 +0200: Memory Usage (472448K) : graphmet1l_filler has 0 polygons
2026-08-11 10:24:56 +0200: Memory Usage (472448K) : graphmet1l_nofill has 0 polygons
2026-08-11 10:24:56 +0200: Memory Usage (472448K) : graphmet1l_slit has 0 polygons
2026-08-11 10:24:56 +0200: Memory Usage (472448K) : graphmet1l_OPC has 0 polygons
2026-08-11 10:24:56 +0200: Memory Usage (472448K) : extblock_drw has 0 polygons
2026-08-11 10:24:56 +0200: Memory Usage (472448K) : nldd_drw has 0 polygons
2026-08-11 10:24:56 +0200: Memory Usage (472448K) : pldd_drw has 0 polygons
2026-08-11 10:24:56 +0200: Memory Usage (472448K) : next_drw has 0 polygons
2026-08-11 10:24:56 +0200: Memory Usage (472448K) : pext_drw has 0 polygons
2026-08-11 10:24:56 +0200: Memory Usage (472448K) : nexthv_drw has 0 polygons
2026-08-11 10:24:56 +0200: Memory Usage (472448K) : pexthv_drw has 0 polygons
2026-08-11 10:24:56 +0200: Memory Usage (472448K) : graphgate_drw has 0 polygons
2026-08-11 10:24:56 +0200: Memory Usage (472448K) : sinwg_drw has 0 polygons
2026-08-11 10:24:56 +0200: Memory Usage (472448K) : sinwg_filler has 0 polygons
2026-08-11 10:24:56 +0200: Memory Usage (472448K) : sinwg_nofill has 0 polygons
2026-08-11 10:24:56 +0200: Memory Usage (472448K) : mempad_drw has 0 polygons
2026-08-11 10:24:56 +0200: Memory Usage (472448K) : topvia1_drw has 2315 polygons
2026-08-11 10:24:56 +0200: Memory Usage (472448K) : topmetal1_drw has 8 polygons
2026-08-11 10:24:56 +0200: Memory Usage (472448K) : topmetal1_filler has 0 polygons
2026-08-11 10:24:56 +0200: Memory Usage (472448K) : topmetal1_slit has 0 polygons
2026-08-11 10:24:56 +0200: Memory Usage (472448K) : topmetal1 has 8 polygons
2026-08-11 10:24:56 +0200: Memory Usage (472448K) : topmetal1_pin has 8 polygons
2026-08-11 10:24:56 +0200: Memory Usage (472448K) : topmetal1_mask has 0 polygons
2026-08-11 10:24:56 +0200: Memory Usage (472448K) : topmetal1_nofill has 0 polygons
2026-08-11 10:24:56 +0200: Memory Usage (472448K) : topmetal1_text has 8 polygons
2026-08-11 10:24:56 +0200: Memory Usage (472448K) : topmetal1_noqrc has 0 polygons
2026-08-11 10:24:56 +0200: Memory Usage (472448K) : topmetal1_res has 0 polygons
2026-08-11 10:24:56 +0200: Memory Usage (472448K) : topmetal1_iprobe has 0 polygons
2026-08-11 10:24:56 +0200: Memory Usage (472448K) : topmetal1_diffprb has 0 polygons
2026-08-11 10:24:56 +0200: Memory Usage (472448K) : inldpwl_drw has 0 polygons
2026-08-11 10:24:56 +0200: Memory Usage (472448K) : polyres_drw has 0 polygons
2026-08-11 10:24:56 +0200: Memory Usage (472448K) : polyres_pin has 0 polygons
2026-08-11 10:24:56 +0200: Memory Usage (472448K) : vmim_drw has 0 polygons
2026-08-11 10:24:56 +0200: Memory Usage (472448K) : nbulaycut_drw has 0 polygons
2026-08-11 10:24:56 +0200: Memory Usage (472448K) : antmetal1_drw has 0 polygons
2026-08-11 10:24:56 +0200: Memory Usage (472448K) : topvia2_drw has 1593 polygons
2026-08-11 10:24:56 +0200: Memory Usage (472448K) : topmetal2_drw has 6 polygons
2026-08-11 10:24:56 +0200: Memory Usage (472448K) : topmetal2_filler has 0 polygons
2026-08-11 10:24:56 +0200: Memory Usage (472448K) : topmetal2_slit has 0 polygons
2026-08-11 10:24:56 +0200: Memory Usage (472448K) : topmetal2 has 6 polygons
2026-08-11 10:24:56 +0200: Memory Usage (472448K) : topmetal2_pin has 6 polygons
2026-08-11 10:24:56 +0200: Memory Usage (472448K) : topmetal2_mask has 0 polygons
2026-08-11 10:24:56 +0200: Memory Usage (472448K) : topmetal2_nofill has 0 polygons
2026-08-11 10:24:56 +0200: Memory Usage (472448K) : topmetal2_text has 6 polygons
2026-08-11 10:24:56 +0200: Memory Usage (472448K) : topmetal2_noqrc has 0 polygons
2026-08-11 10:24:56 +0200: Memory Usage (472448K) : topmetal2_res has 0 polygons
2026-08-11 10:24:56 +0200: Memory Usage (472448K) : topmetal2_iprobe has 0 polygons
2026-08-11 10:24:56 +0200: Memory Usage (472448K) : topmetal2_diffprb has 0 polygons
2026-08-11 10:24:56 +0200: Memory Usage (472448K) : snsring_drw has 0 polygons
2026-08-11 10:24:56 +0200: Memory Usage (472448K) : sensor_drw has 0 polygons
2026-08-11 10:24:56 +0200: Memory Usage (472448K) : snsarms_drw has 0 polygons
2026-08-11 10:24:56 +0200: Memory Usage (472448K) : snscmosvia_drw has 0 polygons
2026-08-11 10:24:56 +0200: Memory Usage (472448K) : colwind_drw has 0 polygons
2026-08-11 10:24:56 +0200: Memory Usage (472448K) : flm_drw has 0 polygons
2026-08-11 10:24:56 +0200: Memory Usage (472448K) : hafniumox_drw has 0 polygons
2026-08-11 10:24:56 +0200: Memory Usage (472448K) : memvia_drw has 0 polygons
2026-08-11 10:24:56 +0200: Memory Usage (472448K) : thinfilmres_drw has 0 polygons
2026-08-11 10:24:56 +0200: Memory Usage (472448K) : rfmem_drw has 0 polygons
2026-08-11 10:24:56 +0200: Memory Usage (472448K) : norcx_drw has 0 polygons
2026-08-11 10:24:56 +0200: Memory Usage (472448K) : norcx_m2m3 has 0 polygons
2026-08-11 10:24:56 +0200: Memory Usage (472448K) : norcx_m2m4 has 0 polygons
2026-08-11 10:24:56 +0200: Memory Usage (472448K) : norcx_m2m5 has 0 polygons
2026-08-11 10:24:56 +0200: Memory Usage (472448K) : norcx_m2tm1 has 0 polygons
2026-08-11 10:24:56 +0200: Memory Usage (472448K) : norcx_m2tm2 has 0 polygons
2026-08-11 10:24:56 +0200: Memory Usage (472448K) : norcx_m3m4 has 0 polygons
2026-08-11 10:24:56 +0200: Memory Usage (472448K) : norcx_m3m5 has 0 polygons
2026-08-11 10:24:56 +0200: Memory Usage (472448K) : norcx_m3tm1 has 0 polygons
2026-08-11 10:24:56 +0200: Memory Usage (472448K) : norcx_m3tm2 has 0 polygons
2026-08-11 10:24:56 +0200: Memory Usage (472448K) : norcx_m4m5 has 0 polygons
2026-08-11 10:24:56 +0200: Memory Usage (472448K) : norcx_m4tm1 has 0 polygons
2026-08-11 10:24:56 +0200: Memory Usage (472448K) : norcx_m4tm2 has 0 polygons
2026-08-11 10:24:56 +0200: Memory Usage (472448K) : norcx_m5tm1 has 0 polygons
2026-08-11 10:24:56 +0200: Memory Usage (472448K) : norcx_m5tm2 has 0 polygons
2026-08-11 10:24:56 +0200: Memory Usage (472448K) : norcx_tm1tm2 has 0 polygons
2026-08-11 10:24:56 +0200: Memory Usage (472448K) : norcx_m1sub has 0 polygons
2026-08-11 10:24:56 +0200: Memory Usage (472448K) : norcx_m2sub has 0 polygons
2026-08-11 10:24:56 +0200: Memory Usage (472448K) : norcx_m3sub has 0 polygons
2026-08-11 10:24:56 +0200: Memory Usage (472448K) : norcx_m4sub has 0 polygons
2026-08-11 10:24:56 +0200: Memory Usage (472448K) : norcx_m5sub has 0 polygons
2026-08-11 10:24:56 +0200: Memory Usage (472448K) : norcx_tm1sub has 0 polygons
2026-08-11 10:24:56 +0200: Memory Usage (472448K) : norcx_tm2sub has 0 polygons
2026-08-11 10:24:56 +0200: Memory Usage (472448K) : snsbotvia_drw has 0 polygons
2026-08-11 10:24:56 +0200: Memory Usage (472448K) : snstopvia_drw has 0 polygons
2026-08-11 10:24:56 +0200: Memory Usage (472448K) : deepvia_drw has 0 polygons
2026-08-11 10:24:56 +0200: Memory Usage (472448K) : fgetch_drw has 0 polygons
2026-08-11 10:24:56 +0200: Memory Usage (472448K) : ctrgat_drw has 0 polygons
2026-08-11 10:24:56 +0200: Memory Usage (472448K) : fgimp_drw has 0 polygons
2026-08-11 10:24:56 +0200: Memory Usage (472448K) : emwihv_drw has 0 polygons
2026-08-11 10:24:56 +0200: Memory Usage (472448K) : lbe_drw has 0 polygons
2026-08-11 10:24:56 +0200: Memory Usage (472448K) : alcustop_drw has 0 polygons
2026-08-11 10:24:56 +0200: Memory Usage (472448K) : nometfiller_drw has 0 polygons
2026-08-11 10:24:56 +0200: Memory Usage (472448K) : prboundary_drw has 0 polygons
2026-08-11 10:24:56 +0200: Memory Usage (472448K) : exchange0_drw has 0 polygons
2026-08-11 10:24:56 +0200: Memory Usage (472448K) : exchange0_pin has 0 polygons
2026-08-11 10:24:56 +0200: Memory Usage (472448K) : exchange0_text has 0 polygons
2026-08-11 10:24:56 +0200: Memory Usage (472448K) : exchange1_drw has 0 polygons
2026-08-11 10:24:56 +0200: Memory Usage (472448K) : exchange1_pin has 0 polygons
2026-08-11 10:24:56 +0200: Memory Usage (472448K) : exchange1_text has 0 polygons
2026-08-11 10:24:56 +0200: Memory Usage (472448K) : exchange2_drw has 0 polygons
2026-08-11 10:24:56 +0200: Memory Usage (472448K) : exchange2_pin has 0 polygons
2026-08-11 10:24:56 +0200: Memory Usage (472448K) : exchange2_text has 0 polygons
2026-08-11 10:24:56 +0200: Memory Usage (472448K) : exchange3_drw has 0 polygons
2026-08-11 10:24:56 +0200: Memory Usage (472448K) : exchange3_pin has 0 polygons
2026-08-11 10:24:56 +0200: Memory Usage (472448K) : exchange3_text has 0 polygons
2026-08-11 10:24:56 +0200: Memory Usage (472448K) : exchange4_drw has 0 polygons
2026-08-11 10:24:56 +0200: Memory Usage (472448K) : exchange4_pin has 0 polygons
2026-08-11 10:24:56 +0200: Memory Usage (472448K) : exchange4_text has 0 polygons
2026-08-11 10:24:56 +0200: Memory Usage (472448K) : isonwell_drw has 0 polygons
2026-08-11 10:24:56 +0200: Memory Usage (472448K) : Total no. of polygons in the design is 58434
2026-08-11 10:24:56 +0200: Memory Usage (472448K) : Starting base layers derivations
2026-08-11 10:24:56 +0200: Memory Usage (472448K) : Starting general LVS derivations
2026-08-11 10:24:56 +0200: Memory Usage (477952K) : Starting MOSFET DERIVATIONS
2026-08-11 10:24:56 +0200: Memory Usage (480204K) : Starting NMOS DERIVATIONS
2026-08-11 10:24:56 +0200: Memory Usage (480204K) : Starting PMOS DERIVATIONS
2026-08-11 10:24:56 +0200: Memory Usage (480204K) : Starting RF-MOSFET DERIVATIONS
2026-08-11 10:24:56 +0200: Memory Usage (480204K) : Starting RF-NMOS DERIVATIONS
2026-08-11 10:24:56 +0200: Memory Usage (480204K) : Starting RF-PMOS DERIVATIONS
2026-08-11 10:24:56 +0200: Memory Usage (480204K) : Starting BJT DERIVATIONS
2026-08-11 10:24:56 +0200: Memory Usage (480204K) : Starting NPN-BJT DERIVATIONS
2026-08-11 10:24:56 +0200: Memory Usage (480204K) : Starting PNP-BJT DERIVATIONS
2026-08-11 10:24:56 +0200: Memory Usage (480204K) : Starting DIODE DERIVATIONS
2026-08-11 10:24:57 +0200: Memory Usage (480448K) : Starting RESISTOR DERIVATIONS
2026-08-11 10:24:57 +0200: Memory Usage (480448K) : Starting CAP DERIVATIONS
2026-08-11 10:24:57 +0200: Memory Usage (480448K) : Starting CAP_CMOM DERIVATIONS
2026-08-11 10:24:57 +0200: Memory Usage (480448K) : Starting ESD DERIVATIONS
2026-08-11 10:24:57 +0200: Memory Usage (488256K) : Starting Inductor DERIVATIONS
2026-08-11 10:24:57 +0200: Memory Usage (488256K) : Starting Taps DERIVATIONS
2026-08-11 10:24:58 +0200: Memory Usage (488256K) : Starting SG13G2 LVS connectivity setup
2026-08-11 10:24:58 +0200: Memory Usage (488256K) : Starting SG13G2 LVS connectivity setup (Inter-layer)
2026-08-11 10:24:58 +0200: Memory Usage (488384K) : Starting SG13G2 LVS connectivity setup (Global)
2026-08-11 10:24:58 +0200: Memory Usage (488384K) : Starting LVS MOSFET CONNECTIONS
2026-08-11 10:24:58 +0200: Memory Usage (488384K) : Starting LVS RF-MOSFET CONNECTIONS
2026-08-11 10:24:58 +0200: Memory Usage (488384K) : Starting LVS BJT CONNECTIONS
2026-08-11 10:24:58 +0200: Memory Usage (488384K) : Starting LVS DIODE CONNECTIONS
2026-08-11 10:24:58 +0200: Memory Usage (488384K) : Starting RESISTOR CONNECTIONS
2026-08-11 10:24:58 +0200: Memory Usage (488384K) : Starting LVS CAP CONNECTIONS
2026-08-11 10:24:58 +0200: Memory Usage (488384K) : Starting CAP_CMOM CONNECTIONS
2026-08-11 10:24:58 +0200: Memory Usage (488384K) : Starting ESD CONNECTIONS
2026-08-11 10:24:58 +0200: Memory Usage (488384K) : Starting Inductor CONNECTIONS
2026-08-11 10:24:58 +0200: Memory Usage (488384K) : Starting LVS Taps CONNECTIONS
2026-08-11 10:24:58 +0200: Memory Usage (488384K) : Starting SG13G2 LVS DEVICES EXTRACTION
2026-08-11 10:24:58 +0200: Memory Usage (488384K) : Starting MOSFET EXTRACTION
2026-08-11 10:24:58 +0200: Memory Usage (488384K) : Starting NMOS EXTRACTION
2026-08-11 10:24:58 +0200: Memory Usage (488384K) : Extraction of NMOS-LV transistor
2026-08-11 10:24:58 +0200: Memory Usage (488512K) : Extraction of NMOS-HV transistor
2026-08-11 10:24:58 +0200: Memory Usage (488512K) : Starting PMOS EXTRACTION
2026-08-11 10:24:58 +0200: Memory Usage (488512K) : Extraction of PMOS-LV transistor
2026-08-11 10:24:58 +0200: Memory Usage (488512K) : Extraction of PMOS-HV transistor
2026-08-11 10:24:58 +0200: Memory Usage (488512K) : Starting RF-MOSFET EXTRACTION
2026-08-11 10:24:58 +0200: Memory Usage (488512K) : Extraction of RF-NMOS-LV transistor
2026-08-11 10:24:58 +0200: Memory Usage (488512K) : Extraction of RF-NMOS-HV transistor
2026-08-11 10:24:58 +0200: Memory Usage (488512K) : Extraction of RF-PMOS-LV transistor
2026-08-11 10:24:58 +0200: Memory Usage (488512K) : Extraction of RF-PMOS-HV transistor
2026-08-11 10:24:58 +0200: Memory Usage (488512K) : Starting BJT EXTRACTION
2026-08-11 10:24:58 +0200: Memory Usage (488512K) : Starting NPN-BJT EXTRACTION
2026-08-11 10:24:58 +0200: Memory Usage (488512K) : Extraction of npn13G2 BJT transistor
2026-08-11 10:24:58 +0200: Memory Usage (488512K) : Extraction of npn13G2L BJT transistor
2026-08-11 10:24:58 +0200: Memory Usage (488512K) : Extraction of npn13G2V BJT transistor
2026-08-11 10:24:58 +0200: Memory Usage (488512K) : Starting PNP-BJT EXTRACTION
2026-08-11 10:24:58 +0200: Memory Usage (488512K) : Extracting pnpMPA BJT
2026-08-11 10:24:58 +0200: Memory Usage (488512K) : Starting DIODE EXTRACTION
2026-08-11 10:24:58 +0200: Memory Usage (488512K) : Extracting dantenna diode
2026-08-11 10:24:58 +0200: Memory Usage (488512K) : Extracting dpantenna diode
2026-08-11 10:24:58 +0200: Memory Usage (488512K) : Extracting schottky_nbl1 diode
2026-08-11 10:24:58 +0200: Memory Usage (488512K) : Extracting isolbox diode
2026-08-11 10:24:58 +0200: Memory Usage (488512K) : Starting RESISTOR EXTRACTION
2026-08-11 10:24:58 +0200: Memory Usage (488512K) : Extracting rsil resistor
2026-08-11 10:24:58 +0200: Memory Usage (488512K) : Extracting rppd resistor
2026-08-11 10:24:58 +0200: Memory Usage (488512K) : Extracting rhigh resistor
2026-08-11 10:24:58 +0200: Memory Usage (488512K) : Extracting res_metal1 resistor
2026-08-11 10:24:58 +0200: Memory Usage (488640K) : Extracting res_metal2 resistor
2026-08-11 10:24:58 +0200: Memory Usage (488640K) : Extracting res_metal3 resistor
2026-08-11 10:24:58 +0200: Memory Usage (488640K) : Extracting res_metal4 resistor
2026-08-11 10:24:58 +0200: Memory Usage (488640K) : Extracting res_metal5 resistor
2026-08-11 10:24:58 +0200: Memory Usage (488640K) : Extracting res_topmetal1 resistor
2026-08-11 10:24:58 +0200: Memory Usage (488640K) : Extracting res_topmetal2 resistor
2026-08-11 10:24:58 +0200: Memory Usage (488640K) : Starting CAP EXTRACTION
2026-08-11 10:24:58 +0200: Memory Usage (488640K) : Extracting cap_cmim device
2026-08-11 10:24:58 +0200: Memory Usage (488640K) : Extracting rfcmim device
2026-08-11 10:24:58 +0200: Memory Usage (488640K) : Extracting sg13_hv_svaricap varactor
2026-08-11 10:24:58 +0200: Memory Usage (488640K) : Extracting cap_cmomi device
2026-08-11 10:24:58 +0200: Memory Usage (488640K) : Extracting sg13_moscap_n capacitor
2026-08-11 10:24:58 +0200: Memory Usage (488640K) : Extracting sg13_moscap_p capacitor
2026-08-11 10:24:58 +0200: Memory Usage (488640K) : Starting ESD EXTRACTION
2026-08-11 10:24:58 +0200: Memory Usage (488640K) : Extracting diodevdd_2kv ESD device
2026-08-11 10:24:58 +0200: Memory Usage (488640K) : Extracting diodevdd_4kv ESD device
2026-08-11 10:24:58 +0200: Memory Usage (488640K) : Extracting diodevss_2kv ESD device
2026-08-11 10:24:58 +0200: Memory Usage (488640K) : Extracting diodevss_4kv ESD device
2026-08-11 10:24:58 +0200: Memory Usage (488640K) : Extracting idiodevdd_2kv ESD device
2026-08-11 10:24:58 +0200: Memory Usage (488640K) : Extracting idiodevdd_4kv ESD device
2026-08-11 10:24:58 +0200: Memory Usage (488640K) : Extracting idiodevss_2kv ESD device
2026-08-11 10:24:58 +0200: Memory Usage (488640K) : Extracting idiodevss_4kv ESD device
2026-08-11 10:24:58 +0200: Memory Usage (488640K) : Extracting nmoscl_2 ESD device
2026-08-11 10:24:58 +0200: Memory Usage (488640K) : Extracting nmoscl_4 ESD device
2026-08-11 10:24:58 +0200: Memory Usage (488640K) : Starting Inductor EXTRACTION
2026-08-11 10:24:58 +0200: Memory Usage (488640K) : Extracting Inductor2 device
2026-08-11 10:24:58 +0200: Memory Usage (488640K) : Extracting Inductor3 device
2026-08-11 10:24:58 +0200: Memory Usage (488640K) : Starting Taps EXTRACTION
2026-08-11 10:24:58 +0200: Memory Usage (488640K) : Extracting ntap1 device
2026-08-11 10:24:58 +0200: Memory Usage (488640K) : Extracting ptap1 device
2026-08-11 10:24:58 +0200: Memory Usage (488640K) : Starting SG13G2 LVS RF MOS Model Mapping
2026-08-11 10:24:58 +0200: Memory Usage (493504K) : [layout_netlist] Apply RF MOS model mapping and rfmode parameter.
2026-08-11 10:24:58 +0200: Memory Usage (493504K) : Starting SG13G2 LVS Options Preparations
2026-08-11 10:24:58 +0200: Memory Usage (493504K) : SG13G2 LVS flow: extraction -> alignment -> option preparation -> comparison.
2026-08-11 10:24:58 +0200: Memory Usage (493504K) : Starting SG13G2 LVS Alignment
2026-08-11 10:24:58 +0200: Memory Usage (493632K) : Starting SG13G2 LVS Simplification
2026-08-11 10:24:58 +0200: Memory Usage (493632K) : [layout_netlist] simplify: ENABLED
2026-08-11 10:24:58 +0200: Memory Usage (493632K) : [layout_netlist] make_top_level_pins: SKIPPED
2026-08-11 10:24:58 +0200: Memory Usage (493632K) : [layout_netlist] combine_devices: ENABLED
2026-08-11 10:24:58 +0200: Memory Usage (493632K) : [layout_netlist] purge: SKIPPED
2026-08-11 10:24:58 +0200: Memory Usage (493632K) : [layout_netlist] purge_nets: SKIPPED
2026-08-11 10:24:58 +0200: Memory Usage (493632K) : [schematic_netlist] simplify: ENABLED
2026-08-11 10:24:58 +0200: Memory Usage (493632K) : [schematic_netlist] make_top_level_pins: SKIPPED
2026-08-11 10:24:58 +0200: Memory Usage (493632K) : [schematic_netlist] combine_devices: ENABLED
2026-08-11 10:24:58 +0200: Memory Usage (493632K) : [schematic_netlist] purge: SKIPPED
2026-08-11 10:24:58 +0200: Memory Usage (493632K) : [schematic_netlist] purge_nets: SKIPPED
2026-08-11 10:24:58 +0200: Memory Usage (493632K) : Starting SG13G2 LVS Comparison
2026-08-11 10:24:58 +0200: Memory Usage (493760K) : ==========================================
2026-08-11 10:24:58 +0200: Memory Usage (493760K) : INFO : Congratulations! Netlists match.
2026-08-11 10:24:58 +0200: Memory Usage (493760K) : ==========================================
2026-08-11 10:24:58 +0200: Memory Usage (493760K) : LVS Total Run time 3.170464 seconds
11-Aug-2026 10:24:59 | INFO    | ==============================================================================
11-Aug-2026 10:24:59 | INFO    | Important Summary
11-Aug-2026 10:24:59 | INFO    | +------------------+-----------------------------------------------------------------------------------------------+
11-Aug-2026 10:24:59 | INFO    | | Status           | PASS                                                                                          |
11-Aug-2026 10:24:59 | INFO    | | Mode             | COMPARE                                                                                       |
11-Aug-2026 10:24:59 | INFO    | | Outcome          | Comparison mode: PASS (netlists match).                                                       |
11-Aug-2026 10:24:59 | INFO    | | Layout           | sg13g2_IOPadTriOut16mA.gds                                                                    |
11-Aug-2026 10:24:59 | INFO    | | Top Cell         | sg13g2_IOPadTriOut16mA                                                                        |
11-Aug-2026 10:24:59 | INFO    | | Results Dir      | /foss/designs/ihp-open-pdk-regression/IOPADS/lvs_sweep/20260811_102346/sg13g2_IOPadTriOut16mA |
11-Aug-2026 10:24:59 | INFO    | | Warnings         | 0                                                                                             |
11-Aug-2026 10:24:59 | INFO    | | Errors           | 0                                                                                             |
11-Aug-2026 10:24:59 | INFO    | | Run Time (s)     | 6.117                                                                                         |
11-Aug-2026 10:24:59 | INFO    | +------------------+-----------------------------------------------------------------------------------------------+
11-Aug-2026 10:24:59 | INFO    | ==============================================================================
