# Logfile created on 2026-08-10 16:37:14 +0200 by logger.rb/v1.5.3
2026-08-10 16:37:14 +0200: Memory Usage (455796K) : Starting running SG13G2 Klayout LVS runset on /foss/designs/ihp-open-pdk-regression/IOPADS/layout/sg13g2_IOPadIOVss.gds
2026-08-10 16:37:14 +0200: Memory Usage (455796K) : Ruby Version for klayout: 3.2.3
2026-08-10 16:37:14 +0200: Memory Usage (458228K) : Loading database to memory is complete.
2026-08-10 16:37:14 +0200: Memory Usage (458228K) : SG13G2 Klayout LVS runset output at: /foss/designs/ihp-open-pdk-regression/IOPADS/lvs_sweep/20260810_163620/sg13g2_IOPadIOVss/sg13g2_IOPadIOVss.lvsdb
2026-08-10 16:37:14 +0200: Memory Usage (458228K) : Evaluate switches.
2026-08-10 16:37:14 +0200: Memory Usage (458228K) : Extracted netlist with net names: true
2026-08-10 16:37:14 +0200: Memory Usage (458228K) : Extracted netlist with comments in details: false
2026-08-10 16:37:14 +0200: Memory Usage (458228K) : Selected NET_ONLY option: false
2026-08-10 16:37:14 +0200: Memory Usage (458228K) : Selected LAYOUT_NETLIST option: (none)
2026-08-10 16:37:14 +0200: Memory Usage (458228K) : Selected IGNORE_TOP_PORTS_MISMATCH option: true
2026-08-10 16:37:14 +0200: Memory Usage (458228K) : Selected IMPLICIT_NETS option: iovss,iovdd,vss,vdd,pad,cathode,anode
2026-08-10 16:37:14 +0200: Memory Usage (458228K) : Selected TOP_LVL_PINS option: false
2026-08-10 16:37:14 +0200: Memory Usage (458228K) : Selected COMBINE DEVICES option: true
2026-08-10 16:37:14 +0200: Memory Usage (458228K) : Selected PURGE option: false
2026-08-10 16:37:14 +0200: Memory Usage (458228K) : Selected PURGE_NETS option: false
2026-08-10 16:37:14 +0200: Memory Usage (458228K) : Selected SIMPLIFY option: true
2026-08-10 16:37:14 +0200: Memory Usage (458228K) : Selected SERIES_RES option: true
2026-08-10 16:37:14 +0200: Memory Usage (458228K) : Selected PARALLEL_RES option: true
2026-08-10 16:37:14 +0200: Memory Usage (458228K) : Selected DISABLE_TAP_EXTRACTION option: false
2026-08-10 16:37:14 +0200: Memory Usage (458228K) : deep  mode is enabled.
2026-08-10 16:37:14 +0200: Memory Usage (458228K) : Applying implicit connections (case-sensitive, pattern supported) for nets: iovss, iovdd, vss, vdd, pad, cathode, anode
2026-08-10 16:37:14 +0200: Memory Usage (459252K) : Netlist file: /foss/designs/ihp-open-pdk-regression/IOPADS/netlist/pads_sub/sg13g2_IOPadIOVss.spi
2026-08-10 16:37:14 +0200: Memory Usage (459252K) : LVS extracted netlist at: /foss/designs/ihp-open-pdk-regression/IOPADS/lvs_sweep/20260810_163620/sg13g2_IOPadIOVss/sg13g2_IOPadIOVss_extracted.cir
2026-08-10 16:37:14 +0200: Memory Usage (459252K) : Applying SRAM integration support.
2026-08-10 16:37:14 +0200: Memory Usage (459380K) : Starting SG13G2 LVS runset
2026-08-10 16:37:14 +0200: Memory Usage (459380K) : Read in polygons from layers.
2026-08-10 16:37:14 +0200: Memory Usage (460660K) : activ_drw has 21 polygons
2026-08-10 16:37:14 +0200: Memory Usage (460660K) : activ_filler has 0 polygons
2026-08-10 16:37:14 +0200: Memory Usage (460788K) : activ has 21 polygons
2026-08-10 16:37:14 +0200: Memory Usage (460788K) : activ_pin has 0 polygons
2026-08-10 16:37:14 +0200: Memory Usage (460788K) : activ_mask has 0 polygons
2026-08-10 16:37:14 +0200: Memory Usage (460788K) : activ_nofill has 0 polygons
2026-08-10 16:37:14 +0200: Memory Usage (460916K) : activ_OPC has 0 polygons
2026-08-10 16:37:14 +0200: Memory Usage (460916K) : activ_iOPC has 0 polygons
2026-08-10 16:37:14 +0200: Memory Usage (461044K) : activ_noqrc has 0 polygons
2026-08-10 16:37:14 +0200: Memory Usage (461044K) : biwind_drw has 0 polygons
2026-08-10 16:37:14 +0200: Memory Usage (461428K) : biwind_OPC has 0 polygons
2026-08-10 16:37:14 +0200: Memory Usage (461428K) : gatpoly_drw has 0 polygons
2026-08-10 16:37:14 +0200: Memory Usage (461556K) : gatpoly_filler has 0 polygons
2026-08-10 16:37:14 +0200: Memory Usage (461556K) : gatpoly has 0 polygons
2026-08-10 16:37:14 +0200: Memory Usage (461556K) : gatpoly_pin has 0 polygons
2026-08-10 16:37:14 +0200: Memory Usage (461556K) : gatpoly_nofill has 0 polygons
2026-08-10 16:37:14 +0200: Memory Usage (461556K) : gatpoly_OPC has 0 polygons
2026-08-10 16:37:14 +0200: Memory Usage (461684K) : gatpoly_iOPC has 0 polygons
2026-08-10 16:37:14 +0200: Memory Usage (461684K) : gatpoly_noqrc has 0 polygons
2026-08-10 16:37:15 +0200: Memory Usage (464756K) : cont_drw has 73574 polygons
2026-08-10 16:37:15 +0200: Memory Usage (464756K) : cont_OPC has 0 polygons
2026-08-10 16:37:15 +0200: Memory Usage (464756K) : nsd_drw has 0 polygons
2026-08-10 16:37:15 +0200: Memory Usage (464756K) : nsd_block has 0 polygons
2026-08-10 16:37:15 +0200: Memory Usage (464756K) : metal1_drw has 37 polygons
2026-08-10 16:37:15 +0200: Memory Usage (464756K) : metal1_filler has 0 polygons
2026-08-10 16:37:15 +0200: Memory Usage (464756K) : metal1_slit has 0 polygons
2026-08-10 16:37:15 +0200: Memory Usage (464756K) : metal1 has 37 polygons
2026-08-10 16:37:15 +0200: Memory Usage (464756K) : metal1_pin has 14 polygons
2026-08-10 16:37:15 +0200: Memory Usage (464756K) : metal1_mask has 0 polygons
2026-08-10 16:37:15 +0200: Memory Usage (464756K) : metal1_nofill has 0 polygons
2026-08-10 16:37:15 +0200: Memory Usage (465012K) : metal1_text has 14 polygons
2026-08-10 16:37:15 +0200: Memory Usage (465012K) : metal1_OPC has 0 polygons
2026-08-10 16:37:15 +0200: Memory Usage (465012K) : metal1_noqrc has 0 polygons
2026-08-10 16:37:15 +0200: Memory Usage (465012K) : metal1_res has 0 polygons
2026-08-10 16:37:15 +0200: Memory Usage (465012K) : metal1_iprobe has 0 polygons
2026-08-10 16:37:15 +0200: Memory Usage (465012K) : metal1_diffprb has 0 polygons
2026-08-10 16:37:15 +0200: Memory Usage (465012K) : passiv_drw has 0 polygons
2026-08-10 16:37:15 +0200: Memory Usage (465012K) : passiv_pin has 0 polygons
2026-08-10 16:37:15 +0200: Memory Usage (465012K) : passiv_sbump has 0 polygons
2026-08-10 16:37:15 +0200: Memory Usage (465012K) : passiv_pillar has 0 polygons
2026-08-10 16:37:15 +0200: Memory Usage (465012K) : passiv_pdl has 0 polygons
2026-08-10 16:37:15 +0200: Memory Usage (465396K) : metal2_drw has 20 polygons
2026-08-10 16:37:15 +0200: Memory Usage (465396K) : metal2_filler has 0 polygons
2026-08-10 16:37:15 +0200: Memory Usage (465396K) : metal2_slit has 0 polygons
2026-08-10 16:37:15 +0200: Memory Usage (465396K) : metal2 has 20 polygons
2026-08-10 16:37:15 +0200: Memory Usage (465396K) : metal2_pin has 1 polygons
2026-08-10 16:37:15 +0200: Memory Usage (465396K) : metal2_mask has 0 polygons
2026-08-10 16:37:15 +0200: Memory Usage (465396K) : metal2_nofill has 0 polygons
2026-08-10 16:37:15 +0200: Memory Usage (465524K) : metal2_text has 1 polygons
2026-08-10 16:37:15 +0200: Memory Usage (465652K) : metal2_OPC has 0 polygons
2026-08-10 16:37:15 +0200: Memory Usage (465652K) : metal2_noqrc has 0 polygons
2026-08-10 16:37:15 +0200: Memory Usage (465780K) : metal2_res has 0 polygons
2026-08-10 16:37:15 +0200: Memory Usage (465780K) : metal2_iprobe has 0 polygons
2026-08-10 16:37:15 +0200: Memory Usage (465908K) : metal2_diffprb has 0 polygons
2026-08-10 16:37:15 +0200: Memory Usage (465908K) : baspoly_drw has 0 polygons
2026-08-10 16:37:15 +0200: Memory Usage (466036K) : baspoly_pin has 0 polygons
2026-08-10 16:37:15 +0200: Memory Usage (466036K) : psd_drw has 11 polygons
2026-08-10 16:37:15 +0200: Memory Usage (466164K) : nldb_drw has 0 polygons
2026-08-10 16:37:15 +0200: Memory Usage (466292K) : digibnd_drw has 0 polygons
2026-08-10 16:37:15 +0200: Memory Usage (466420K) : via1_drw has 2182 polygons
2026-08-10 16:37:15 +0200: Memory Usage (466548K) : backmetal1_drw has 0 polygons
2026-08-10 16:37:15 +0200: Memory Usage (466548K) : backmetal1_pin has 0 polygons
2026-08-10 16:37:15 +0200: Memory Usage (466676K) : backmetal1_mask has 0 polygons
2026-08-10 16:37:15 +0200: Memory Usage (466676K) : backmetal1_filler has 0 polygons
2026-08-10 16:37:15 +0200: Memory Usage (466804K) : backmetal1_nofill has 0 polygons
2026-08-10 16:37:15 +0200: Memory Usage (466804K) : backmetal1_slit has 0 polygons
2026-08-10 16:37:15 +0200: Memory Usage (466932K) : backmetal1_text has 0 polygons
2026-08-10 16:37:15 +0200: Memory Usage (466932K) : backmetal1_OPC has 0 polygons
2026-08-10 16:37:15 +0200: Memory Usage (467060K) : backmetal1_noqrc has 0 polygons
2026-08-10 16:37:15 +0200: Memory Usage (467060K) : backmetal1_res has 0 polygons
2026-08-10 16:37:15 +0200: Memory Usage (467188K) : backmetal1_iprobe has 0 polygons
2026-08-10 16:37:15 +0200: Memory Usage (467188K) : backmetal1_diffprb has 0 polygons
2026-08-10 16:37:15 +0200: Memory Usage (467316K) : backpassiv_drw has 0 polygons
2026-08-10 16:37:15 +0200: Memory Usage (467444K) : res_drw has 0 polygons
2026-08-10 16:37:15 +0200: Memory Usage (467572K) : sram_drw has 0 polygons
2026-08-10 16:37:15 +0200: Memory Usage (467700K) : trans_drw has 0 polygons
2026-08-10 16:37:15 +0200: Memory Usage (467700K) : ind_drw has 0 polygons
2026-08-10 16:37:15 +0200: Memory Usage (467828K) : ind_pin has 0 polygons
2026-08-10 16:37:15 +0200: Memory Usage (467828K) : ind_text has 0 polygons
2026-08-10 16:37:15 +0200: Memory Usage (467956K) : salblock_drw has 0 polygons
2026-08-10 16:37:15 +0200: Memory Usage (468084K) : via2_drw has 16312 polygons
2026-08-10 16:37:15 +0200: Memory Usage (468468K) : metal3_drw has 14 polygons
2026-08-10 16:37:15 +0200: Memory Usage (468468K) : metal3_filler has 0 polygons
2026-08-10 16:37:15 +0200: Memory Usage (468468K) : metal3_slit has 0 polygons
2026-08-10 16:37:15 +0200: Memory Usage (468468K) : metal3 has 14 polygons
2026-08-10 16:37:15 +0200: Memory Usage (468468K) : metal3_pin has 8 polygons
2026-08-10 16:37:15 +0200: Memory Usage (468596K) : metal3_mask has 0 polygons
2026-08-10 16:37:15 +0200: Memory Usage (468596K) : metal3_nofill has 0 polygons
2026-08-10 16:37:15 +0200: Memory Usage (468596K) : metal3_text has 8 polygons
2026-08-10 16:37:15 +0200: Memory Usage (468724K) : metal3_OPC has 0 polygons
2026-08-10 16:37:15 +0200: Memory Usage (468724K) : metal3_noqrc has 0 polygons
2026-08-10 16:37:15 +0200: Memory Usage (468724K) : metal3_res has 0 polygons
2026-08-10 16:37:15 +0200: Memory Usage (468852K) : metal3_iprobe has 0 polygons
2026-08-10 16:37:15 +0200: Memory Usage (468852K) : metal3_diffprb has 0 polygons
2026-08-10 16:37:15 +0200: Memory Usage (468852K) : nwell_drw has 8 polygons
2026-08-10 16:37:15 +0200: Memory Usage (468980K) : nwell_pin has 0 polygons
2026-08-10 16:37:15 +0200: Memory Usage (468980K) : nwell_text has 0 polygons
2026-08-10 16:37:15 +0200: Memory Usage (469108K) : nbulay_drw has 0 polygons
2026-08-10 16:37:15 +0200: Memory Usage (469108K) : nbulay_pin has 0 polygons
2026-08-10 16:37:15 +0200: Memory Usage (469236K) : nbulay_block has 0 polygons
2026-08-10 16:37:15 +0200: Memory Usage (469236K) : emwind_drw has 0 polygons
2026-08-10 16:37:15 +0200: Memory Usage (469364K) : emwind_OPC has 0 polygons
2026-08-10 16:37:15 +0200: Memory Usage (469364K) : deepco_drw has 0 polygons
2026-08-10 16:37:15 +0200: Memory Usage (469492K) : mim_drw has 0 polygons
2026-08-10 16:37:15 +0200: Memory Usage (469492K) : edgeseal_drw has 0 polygons
2026-08-10 16:37:15 +0200: Memory Usage (469620K) : substrate_drw has 9 polygons
2026-08-10 16:37:15 +0200: Memory Usage (469620K) : substrate_text has 0 polygons
2026-08-10 16:37:15 +0200: Memory Usage (469748K) : dfpad_drw has 0 polygons
2026-08-10 16:37:15 +0200: Memory Usage (469748K) : dfpad_pillar has 0 polygons
2026-08-10 16:37:15 +0200: Memory Usage (469876K) : dfpad_sbump has 0 polygons
2026-08-10 16:37:15 +0200: Memory Usage (469876K) : thickgateox_drw has 0 polygons
2026-08-10 16:37:15 +0200: Memory Usage (470004K) : pldb_drw has 0 polygons
2026-08-10 16:37:15 +0200: Memory Usage (470132K) : pwell_drw has 0 polygons
2026-08-10 16:37:15 +0200: Memory Usage (470132K) : pwell_pin has 0 polygons
2026-08-10 16:37:15 +0200: Memory Usage (470260K) : pwell_block has 0 polygons
2026-08-10 16:37:15 +0200: Memory Usage (470260K) : ic_drw has 0 polygons
2026-08-10 16:37:15 +0200: Memory Usage (470388K) : via3_drw has 2087 polygons
2026-08-10 16:37:15 +0200: Memory Usage (470516K) : metal4_drw has 8 polygons
2026-08-10 16:37:15 +0200: Memory Usage (470516K) : metal4_filler has 0 polygons
2026-08-10 16:37:15 +0200: Memory Usage (470644K) : metal4_slit has 0 polygons
2026-08-10 16:37:15 +0200: Memory Usage (470644K) : metal4 has 8 polygons
2026-08-10 16:37:15 +0200: Memory Usage (470772K) : metal4_pin has 8 polygons
2026-08-10 16:37:15 +0200: Memory Usage (470772K) : metal4_mask has 0 polygons
2026-08-10 16:37:15 +0200: Memory Usage (470772K) : metal4_nofill has 0 polygons
2026-08-10 16:37:15 +0200: Memory Usage (470900K) : metal4_text has 8 polygons
2026-08-10 16:37:15 +0200: Memory Usage (470900K) : metal4_OPC has 0 polygons
2026-08-10 16:37:15 +0200: Memory Usage (470900K) : metal4_noqrc has 0 polygons
2026-08-10 16:37:15 +0200: Memory Usage (470900K) : metal4_res has 0 polygons
2026-08-10 16:37:15 +0200: Memory Usage (470900K) : metal4_iprobe has 0 polygons
2026-08-10 16:37:15 +0200: Memory Usage (470900K) : metal4_diffprb has 0 polygons
2026-08-10 16:37:15 +0200: Memory Usage (470900K) : heattrans_drw has 0 polygons
2026-08-10 16:37:15 +0200: Memory Usage (470900K) : heatres_drw has 0 polygons
2026-08-10 16:37:15 +0200: Memory Usage (470900K) : fbe_drw has 0 polygons
2026-08-10 16:37:15 +0200: Memory Usage (470900K) : empoly_drw has 0 polygons
2026-08-10 16:37:15 +0200: Memory Usage (470900K) : digisub_drw has 0 polygons
2026-08-10 16:37:15 +0200: Memory Usage (470900K) : text_drw has 7 polygons
2026-08-10 16:37:15 +0200: Memory Usage (470900K) : via4_drw has 2371 polygons
2026-08-10 16:37:15 +0200: Memory Usage (470900K) : metal5_drw has 8 polygons
2026-08-10 16:37:15 +0200: Memory Usage (470900K) : metal5_filler has 0 polygons
2026-08-10 16:37:15 +0200: Memory Usage (470900K) : metal5_slit has 0 polygons
2026-08-10 16:37:15 +0200: Memory Usage (470900K) : metal5 has 8 polygons
2026-08-10 16:37:15 +0200: Memory Usage (470900K) : metal5_pin has 8 polygons
2026-08-10 16:37:15 +0200: Memory Usage (470900K) : metal5_mask has 0 polygons
2026-08-10 16:37:15 +0200: Memory Usage (470900K) : metal5_nofill has 0 polygons
2026-08-10 16:37:15 +0200: Memory Usage (470900K) : metal5_text has 8 polygons
2026-08-10 16:37:15 +0200: Memory Usage (470900K) : metal5_OPC has 0 polygons
2026-08-10 16:37:15 +0200: Memory Usage (470900K) : metal5_noqrc has 0 polygons
2026-08-10 16:37:15 +0200: Memory Usage (470900K) : metal5_res has 0 polygons
2026-08-10 16:37:15 +0200: Memory Usage (470900K) : metal5_iprobe has 0 polygons
2026-08-10 16:37:15 +0200: Memory Usage (470900K) : metal5_diffprb has 0 polygons
2026-08-10 16:37:15 +0200: Memory Usage (470900K) : radhard_drw has 0 polygons
2026-08-10 16:37:15 +0200: Memory Usage (470900K) : memcap_drw has 0 polygons
2026-08-10 16:37:15 +0200: Memory Usage (470900K) : varicap_drw has 0 polygons
2026-08-10 16:37:15 +0200: Memory Usage (470900K) : intbondvia_drw has 0 polygons
2026-08-10 16:37:15 +0200: Memory Usage (470900K) : intbondmet_drw has 0 polygons
2026-08-10 16:37:15 +0200: Memory Usage (470900K) : devbondvia_drw has 0 polygons
2026-08-10 16:37:15 +0200: Memory Usage (470900K) : devbondmet_drw has 0 polygons
2026-08-10 16:37:15 +0200: Memory Usage (470900K) : devtrench_drw has 0 polygons
2026-08-10 16:37:15 +0200: Memory Usage (470900K) : redist_drw has 0 polygons
2026-08-10 16:37:15 +0200: Memory Usage (470900K) : graphbot_drw has 0 polygons
2026-08-10 16:37:15 +0200: Memory Usage (470900K) : graphtop_drw has 0 polygons
2026-08-10 16:37:15 +0200: Memory Usage (470900K) : antvia1_drw has 0 polygons
2026-08-10 16:37:15 +0200: Memory Usage (470900K) : antmetal2_drw has 0 polygons
2026-08-10 16:37:15 +0200: Memory Usage (470900K) : graphcont_drw has 0 polygons
2026-08-10 16:37:15 +0200: Memory Usage (470900K) : siwg_drw has 0 polygons
2026-08-10 16:37:15 +0200: Memory Usage (470900K) : siwg_filler has 0 polygons
2026-08-10 16:37:15 +0200: Memory Usage (470900K) : siwg_nofill has 0 polygons
2026-08-10 16:37:15 +0200: Memory Usage (470900K) : sigrating_drw has 0 polygons
2026-08-10 16:37:15 +0200: Memory Usage (470900K) : singrating_drw has 0 polygons
2026-08-10 16:37:15 +0200: Memory Usage (470900K) : graphpas_drw has 0 polygons
2026-08-10 16:37:15 +0200: Memory Usage (470900K) : emwind3_drw has 0 polygons
2026-08-10 16:37:15 +0200: Memory Usage (470900K) : emwihv3_drw has 0 polygons
2026-08-10 16:37:15 +0200: Memory Usage (470900K) : redbulay_drw has 0 polygons
2026-08-10 16:37:15 +0200: Memory Usage (470900K) : smos_drw has 0 polygons
2026-08-10 16:37:15 +0200: Memory Usage (470900K) : graphpad_drw has 0 polygons
2026-08-10 16:37:15 +0200: Memory Usage (470900K) : polimide_drw has 0 polygons
2026-08-10 16:37:15 +0200: Memory Usage (470900K) : polimide_pin has 0 polygons
2026-08-10 16:37:15 +0200: Memory Usage (470900K) : recog_drw has 0 polygons
2026-08-10 16:37:15 +0200: Memory Usage (470900K) : recog_pin has 0 polygons
2026-08-10 16:37:15 +0200: Memory Usage (470900K) : recog_esd has 0 polygons
2026-08-10 16:37:15 +0200: Memory Usage (470900K) : recog_diode has 4 polygons
2026-08-10 16:37:15 +0200: Memory Usage (470900K) : recog_tsv has 0 polygons
2026-08-10 16:37:15 +0200: Memory Usage (470900K) : recog_iprobe has 0 polygons
2026-08-10 16:37:15 +0200: Memory Usage (470900K) : recog_diffprb has 0 polygons
2026-08-10 16:37:15 +0200: Memory Usage (470900K) : recog_pillar has 0 polygons
2026-08-10 16:37:15 +0200: Memory Usage (470900K) : recog_sbump has 0 polygons
2026-08-10 16:37:15 +0200: Memory Usage (470900K) : recog_otp has 0 polygons
2026-08-10 16:37:15 +0200: Memory Usage (470900K) : recog_pdiode has 0 polygons
2026-08-10 16:37:15 +0200: Memory Usage (470900K) : recog_mom has 0 polygons
2026-08-10 16:37:15 +0200: Memory Usage (470900K) : recog_pcm has 0 polygons
2026-08-10 16:37:15 +0200: Memory Usage (470900K) : colopen_drw has 0 polygons
2026-08-10 16:37:15 +0200: Memory Usage (470900K) : graphmetal1_drw has 0 polygons
2026-08-10 16:37:15 +0200: Memory Usage (470900K) : graphmetal1_filler has 0 polygons
2026-08-10 16:37:15 +0200: Memory Usage (470900K) : graphmetal1_nofill has 0 polygons
2026-08-10 16:37:15 +0200: Memory Usage (470900K) : graphmetal1_slit has 0 polygons
2026-08-10 16:37:15 +0200: Memory Usage (470900K) : graphmetal1_OPC has 0 polygons
2026-08-10 16:37:15 +0200: Memory Usage (470900K) : graphmet1l_drw has 0 polygons
2026-08-10 16:37:15 +0200: Memory Usage (470900K) : graphmet1l_filler has 0 polygons
2026-08-10 16:37:15 +0200: Memory Usage (470900K) : graphmet1l_nofill has 0 polygons
2026-08-10 16:37:15 +0200: Memory Usage (470900K) : graphmet1l_slit has 0 polygons
2026-08-10 16:37:15 +0200: Memory Usage (470900K) : graphmet1l_OPC has 0 polygons
2026-08-10 16:37:15 +0200: Memory Usage (470900K) : extblock_drw has 0 polygons
2026-08-10 16:37:15 +0200: Memory Usage (470900K) : nldd_drw has 0 polygons
2026-08-10 16:37:15 +0200: Memory Usage (470900K) : pldd_drw has 0 polygons
2026-08-10 16:37:15 +0200: Memory Usage (470900K) : next_drw has 0 polygons
2026-08-10 16:37:15 +0200: Memory Usage (470900K) : pext_drw has 0 polygons
2026-08-10 16:37:15 +0200: Memory Usage (470900K) : nexthv_drw has 0 polygons
2026-08-10 16:37:15 +0200: Memory Usage (470900K) : pexthv_drw has 0 polygons
2026-08-10 16:37:15 +0200: Memory Usage (470900K) : graphgate_drw has 0 polygons
2026-08-10 16:37:15 +0200: Memory Usage (470900K) : sinwg_drw has 0 polygons
2026-08-10 16:37:15 +0200: Memory Usage (470900K) : sinwg_filler has 0 polygons
2026-08-10 16:37:15 +0200: Memory Usage (470900K) : sinwg_nofill has 0 polygons
2026-08-10 16:37:15 +0200: Memory Usage (470900K) : mempad_drw has 0 polygons
2026-08-10 16:37:15 +0200: Memory Usage (470900K) : topvia1_drw has 2315 polygons
2026-08-10 16:37:15 +0200: Memory Usage (470900K) : topmetal1_drw has 8 polygons
2026-08-10 16:37:15 +0200: Memory Usage (470900K) : topmetal1_filler has 0 polygons
2026-08-10 16:37:15 +0200: Memory Usage (470900K) : topmetal1_slit has 0 polygons
2026-08-10 16:37:15 +0200: Memory Usage (470900K) : topmetal1 has 8 polygons
2026-08-10 16:37:15 +0200: Memory Usage (470900K) : topmetal1_pin has 8 polygons
2026-08-10 16:37:15 +0200: Memory Usage (470900K) : topmetal1_mask has 0 polygons
2026-08-10 16:37:15 +0200: Memory Usage (470900K) : topmetal1_nofill has 0 polygons
2026-08-10 16:37:15 +0200: Memory Usage (470900K) : topmetal1_text has 8 polygons
2026-08-10 16:37:15 +0200: Memory Usage (470900K) : topmetal1_noqrc has 0 polygons
2026-08-10 16:37:15 +0200: Memory Usage (470900K) : topmetal1_res has 0 polygons
2026-08-10 16:37:15 +0200: Memory Usage (470900K) : topmetal1_iprobe has 0 polygons
2026-08-10 16:37:15 +0200: Memory Usage (470900K) : topmetal1_diffprb has 0 polygons
2026-08-10 16:37:15 +0200: Memory Usage (470900K) : inldpwl_drw has 0 polygons
2026-08-10 16:37:15 +0200: Memory Usage (470900K) : polyres_drw has 0 polygons
2026-08-10 16:37:15 +0200: Memory Usage (470900K) : polyres_pin has 0 polygons
2026-08-10 16:37:15 +0200: Memory Usage (470900K) : vmim_drw has 0 polygons
2026-08-10 16:37:15 +0200: Memory Usage (470900K) : nbulaycut_drw has 0 polygons
2026-08-10 16:37:15 +0200: Memory Usage (470900K) : antmetal1_drw has 0 polygons
2026-08-10 16:37:15 +0200: Memory Usage (470900K) : topvia2_drw has 1593 polygons
2026-08-10 16:37:15 +0200: Memory Usage (470900K) : topmetal2_drw has 10 polygons
2026-08-10 16:37:15 +0200: Memory Usage (470900K) : topmetal2_filler has 0 polygons
2026-08-10 16:37:15 +0200: Memory Usage (470900K) : topmetal2_slit has 0 polygons
2026-08-10 16:37:15 +0200: Memory Usage (470900K) : topmetal2 has 10 polygons
2026-08-10 16:37:15 +0200: Memory Usage (470900K) : topmetal2_pin has 6 polygons
2026-08-10 16:37:15 +0200: Memory Usage (470900K) : topmetal2_mask has 0 polygons
2026-08-10 16:37:15 +0200: Memory Usage (470900K) : topmetal2_nofill has 0 polygons
2026-08-10 16:37:15 +0200: Memory Usage (470900K) : topmetal2_text has 6 polygons
2026-08-10 16:37:15 +0200: Memory Usage (470900K) : topmetal2_noqrc has 0 polygons
2026-08-10 16:37:15 +0200: Memory Usage (470900K) : topmetal2_res has 0 polygons
2026-08-10 16:37:15 +0200: Memory Usage (470900K) : topmetal2_iprobe has 0 polygons
2026-08-10 16:37:15 +0200: Memory Usage (470900K) : topmetal2_diffprb has 0 polygons
2026-08-10 16:37:15 +0200: Memory Usage (470900K) : snsring_drw has 0 polygons
2026-08-10 16:37:15 +0200: Memory Usage (470900K) : sensor_drw has 0 polygons
2026-08-10 16:37:15 +0200: Memory Usage (471028K) : snsarms_drw has 0 polygons
2026-08-10 16:37:15 +0200: Memory Usage (471028K) : snscmosvia_drw has 0 polygons
2026-08-10 16:37:15 +0200: Memory Usage (471156K) : colwind_drw has 0 polygons
2026-08-10 16:37:15 +0200: Memory Usage (471156K) : flm_drw has 0 polygons
2026-08-10 16:37:15 +0200: Memory Usage (471284K) : hafniumox_drw has 0 polygons
2026-08-10 16:37:15 +0200: Memory Usage (471412K) : memvia_drw has 0 polygons
2026-08-10 16:37:15 +0200: Memory Usage (471412K) : thinfilmres_drw has 0 polygons
2026-08-10 16:37:15 +0200: Memory Usage (471540K) : rfmem_drw has 0 polygons
2026-08-10 16:37:15 +0200: Memory Usage (471540K) : norcx_drw has 0 polygons
2026-08-10 16:37:15 +0200: Memory Usage (471668K) : norcx_m2m3 has 0 polygons
2026-08-10 16:37:15 +0200: Memory Usage (471668K) : norcx_m2m4 has 0 polygons
2026-08-10 16:37:15 +0200: Memory Usage (471796K) : norcx_m2m5 has 0 polygons
2026-08-10 16:37:15 +0200: Memory Usage (471796K) : norcx_m2tm1 has 0 polygons
2026-08-10 16:37:15 +0200: Memory Usage (471924K) : norcx_m2tm2 has 0 polygons
2026-08-10 16:37:15 +0200: Memory Usage (472052K) : norcx_m3m4 has 0 polygons
2026-08-10 16:37:15 +0200: Memory Usage (472052K) : norcx_m3m5 has 0 polygons
2026-08-10 16:37:15 +0200: Memory Usage (472180K) : norcx_m3tm1 has 0 polygons
2026-08-10 16:37:15 +0200: Memory Usage (472180K) : norcx_m3tm2 has 0 polygons
2026-08-10 16:37:15 +0200: Memory Usage (472308K) : norcx_m4m5 has 0 polygons
2026-08-10 16:37:15 +0200: Memory Usage (472308K) : norcx_m4tm1 has 0 polygons
2026-08-10 16:37:15 +0200: Memory Usage (472436K) : norcx_m4tm2 has 0 polygons
2026-08-10 16:37:15 +0200: Memory Usage (472436K) : norcx_m5tm1 has 0 polygons
2026-08-10 16:37:15 +0200: Memory Usage (472564K) : norcx_m5tm2 has 0 polygons
2026-08-10 16:37:15 +0200: Memory Usage (472564K) : norcx_tm1tm2 has 0 polygons
2026-08-10 16:37:15 +0200: Memory Usage (472692K) : norcx_m1sub has 0 polygons
2026-08-10 16:37:15 +0200: Memory Usage (472820K) : norcx_m2sub has 0 polygons
2026-08-10 16:37:15 +0200: Memory Usage (472820K) : norcx_m3sub has 0 polygons
2026-08-10 16:37:15 +0200: Memory Usage (472948K) : norcx_m4sub has 0 polygons
2026-08-10 16:37:15 +0200: Memory Usage (472948K) : norcx_m5sub has 0 polygons
2026-08-10 16:37:15 +0200: Memory Usage (473076K) : norcx_tm1sub has 0 polygons
2026-08-10 16:37:15 +0200: Memory Usage (473076K) : norcx_tm2sub has 0 polygons
2026-08-10 16:37:15 +0200: Memory Usage (473204K) : snsbotvia_drw has 0 polygons
2026-08-10 16:37:15 +0200: Memory Usage (473204K) : snstopvia_drw has 0 polygons
2026-08-10 16:37:15 +0200: Memory Usage (473332K) : deepvia_drw has 0 polygons
2026-08-10 16:37:15 +0200: Memory Usage (473332K) : fgetch_drw has 0 polygons
2026-08-10 16:37:15 +0200: Memory Usage (473460K) : ctrgat_drw has 0 polygons
2026-08-10 16:37:15 +0200: Memory Usage (473588K) : fgimp_drw has 0 polygons
2026-08-10 16:37:15 +0200: Memory Usage (473588K) : emwihv_drw has 0 polygons
2026-08-10 16:37:15 +0200: Memory Usage (473716K) : lbe_drw has 0 polygons
2026-08-10 16:37:15 +0200: Memory Usage (473716K) : alcustop_drw has 0 polygons
2026-08-10 16:37:15 +0200: Memory Usage (473844K) : nometfiller_drw has 0 polygons
2026-08-10 16:37:15 +0200: Memory Usage (473844K) : prboundary_drw has 0 polygons
2026-08-10 16:37:15 +0200: Memory Usage (473972K) : exchange0_drw has 0 polygons
2026-08-10 16:37:15 +0200: Memory Usage (473972K) : exchange0_pin has 0 polygons
2026-08-10 16:37:15 +0200: Memory Usage (474100K) : exchange0_text has 0 polygons
2026-08-10 16:37:15 +0200: Memory Usage (474100K) : exchange1_drw has 0 polygons
2026-08-10 16:37:15 +0200: Memory Usage (474228K) : exchange1_pin has 0 polygons
2026-08-10 16:37:15 +0200: Memory Usage (474228K) : exchange1_text has 0 polygons
2026-08-10 16:37:15 +0200: Memory Usage (474356K) : exchange2_drw has 0 polygons
2026-08-10 16:37:15 +0200: Memory Usage (474356K) : exchange2_pin has 0 polygons
2026-08-10 16:37:15 +0200: Memory Usage (474484K) : exchange2_text has 0 polygons
2026-08-10 16:37:15 +0200: Memory Usage (474484K) : exchange3_drw has 0 polygons
2026-08-10 16:37:15 +0200: Memory Usage (474612K) : exchange3_pin has 0 polygons
2026-08-10 16:37:15 +0200: Memory Usage (474612K) : exchange3_text has 0 polygons
2026-08-10 16:37:15 +0200: Memory Usage (474740K) : exchange4_drw has 0 polygons
2026-08-10 16:37:15 +0200: Memory Usage (474740K) : exchange4_pin has 0 polygons
2026-08-10 16:37:15 +0200: Memory Usage (474868K) : exchange4_text has 0 polygons
2026-08-10 16:37:15 +0200: Memory Usage (474868K) : isonwell_drw has 0 polygons
2026-08-10 16:37:15 +0200: Memory Usage (474868K) : Total no. of polygons in the design is 100705
2026-08-10 16:37:15 +0200: Memory Usage (474868K) : Starting base layers derivations
2026-08-10 16:37:15 +0200: Memory Usage (474868K) : Starting general LVS derivations
2026-08-10 16:37:15 +0200: Memory Usage (482676K) : Starting MOSFET DERIVATIONS
2026-08-10 16:37:16 +0200: Memory Usage (511540K) : Starting NMOS DERIVATIONS
2026-08-10 16:37:16 +0200: Memory Usage (511540K) : Starting PMOS DERIVATIONS
2026-08-10 16:37:16 +0200: Memory Usage (511540K) : Starting RF-MOSFET DERIVATIONS
2026-08-10 16:37:16 +0200: Memory Usage (511540K) : Starting RF-NMOS DERIVATIONS
2026-08-10 16:37:16 +0200: Memory Usage (511540K) : Starting RF-PMOS DERIVATIONS
2026-08-10 16:37:16 +0200: Memory Usage (511540K) : Starting BJT DERIVATIONS
2026-08-10 16:37:16 +0200: Memory Usage (511540K) : Starting NPN-BJT DERIVATIONS
2026-08-10 16:37:16 +0200: Memory Usage (511540K) : Starting PNP-BJT DERIVATIONS
2026-08-10 16:37:16 +0200: Memory Usage (511540K) : Starting DIODE DERIVATIONS
2026-08-10 16:37:17 +0200: Memory Usage (483268K) : Starting RESISTOR DERIVATIONS
2026-08-10 16:37:17 +0200: Memory Usage (483268K) : Starting CAP DERIVATIONS
2026-08-10 16:37:17 +0200: Memory Usage (483268K) : Starting CAP_CMOM DERIVATIONS
2026-08-10 16:37:17 +0200: Memory Usage (483268K) : Starting ESD DERIVATIONS
2026-08-10 16:37:17 +0200: Memory Usage (488644K) : Starting Inductor DERIVATIONS
2026-08-10 16:37:17 +0200: Memory Usage (488644K) : Starting Taps DERIVATIONS
2026-08-10 16:37:17 +0200: Memory Usage (488644K) : Starting SG13G2 LVS connectivity setup
2026-08-10 16:37:17 +0200: Memory Usage (488644K) : Starting SG13G2 LVS connectivity setup (Inter-layer)
2026-08-10 16:37:17 +0200: Memory Usage (488644K) : Starting SG13G2 LVS connectivity setup (Global)
2026-08-10 16:37:17 +0200: Memory Usage (488644K) : Starting LVS MOSFET CONNECTIONS
2026-08-10 16:37:17 +0200: Memory Usage (488644K) : Starting LVS RF-MOSFET CONNECTIONS
2026-08-10 16:37:17 +0200: Memory Usage (488644K) : Starting LVS BJT CONNECTIONS
2026-08-10 16:37:17 +0200: Memory Usage (488644K) : Starting LVS DIODE CONNECTIONS
2026-08-10 16:37:17 +0200: Memory Usage (488644K) : Starting RESISTOR CONNECTIONS
2026-08-10 16:37:17 +0200: Memory Usage (488644K) : Starting LVS CAP CONNECTIONS
2026-08-10 16:37:17 +0200: Memory Usage (488644K) : Starting CAP_CMOM CONNECTIONS
2026-08-10 16:37:17 +0200: Memory Usage (488644K) : Starting ESD CONNECTIONS
2026-08-10 16:37:17 +0200: Memory Usage (488644K) : Starting Inductor CONNECTIONS
2026-08-10 16:37:17 +0200: Memory Usage (488644K) : Starting LVS Taps CONNECTIONS
2026-08-10 16:37:17 +0200: Memory Usage (488644K) : Starting SG13G2 LVS DEVICES EXTRACTION
2026-08-10 16:37:17 +0200: Memory Usage (488644K) : Starting MOSFET EXTRACTION
2026-08-10 16:37:17 +0200: Memory Usage (488644K) : Starting NMOS EXTRACTION
2026-08-10 16:37:17 +0200: Memory Usage (488644K) : Extraction of NMOS-LV transistor
2026-08-10 16:37:17 +0200: Memory Usage (488644K) : Extraction of NMOS-HV transistor
2026-08-10 16:37:17 +0200: Memory Usage (488644K) : Starting PMOS EXTRACTION
2026-08-10 16:37:17 +0200: Memory Usage (488644K) : Extraction of PMOS-LV transistor
2026-08-10 16:37:17 +0200: Memory Usage (488644K) : Extraction of PMOS-HV transistor
2026-08-10 16:37:17 +0200: Memory Usage (488644K) : Starting RF-MOSFET EXTRACTION
2026-08-10 16:37:17 +0200: Memory Usage (488644K) : Extraction of RF-NMOS-LV transistor
2026-08-10 16:37:17 +0200: Memory Usage (488644K) : Extraction of RF-NMOS-HV transistor
2026-08-10 16:37:17 +0200: Memory Usage (488644K) : Extraction of RF-PMOS-LV transistor
2026-08-10 16:37:17 +0200: Memory Usage (488644K) : Extraction of RF-PMOS-HV transistor
2026-08-10 16:37:17 +0200: Memory Usage (488644K) : Starting BJT EXTRACTION
2026-08-10 16:37:17 +0200: Memory Usage (488644K) : Starting NPN-BJT EXTRACTION
2026-08-10 16:37:17 +0200: Memory Usage (488644K) : Extraction of npn13G2 BJT transistor
2026-08-10 16:37:18 +0200: Memory Usage (488644K) : Extraction of npn13G2L BJT transistor
2026-08-10 16:37:18 +0200: Memory Usage (488644K) : Extraction of npn13G2V BJT transistor
2026-08-10 16:37:18 +0200: Memory Usage (488644K) : Starting PNP-BJT EXTRACTION
2026-08-10 16:37:18 +0200: Memory Usage (488644K) : Extracting pnpMPA BJT
2026-08-10 16:37:18 +0200: Memory Usage (488644K) : Starting DIODE EXTRACTION
2026-08-10 16:37:18 +0200: Memory Usage (488644K) : Extracting dantenna diode
2026-08-10 16:37:18 +0200: Memory Usage (488644K) : Extracting dpantenna diode
2026-08-10 16:37:18 +0200: Memory Usage (488644K) : Extracting schottky_nbl1 diode
2026-08-10 16:37:18 +0200: Memory Usage (488644K) : Extracting isolbox diode
2026-08-10 16:37:18 +0200: Memory Usage (488644K) : Starting RESISTOR EXTRACTION
2026-08-10 16:37:18 +0200: Memory Usage (488644K) : Extracting rsil resistor
2026-08-10 16:37:18 +0200: Memory Usage (488644K) : Extracting rppd resistor
2026-08-10 16:37:18 +0200: Memory Usage (488644K) : Extracting rhigh resistor
2026-08-10 16:37:18 +0200: Memory Usage (488644K) : Extracting res_metal1 resistor
2026-08-10 16:37:18 +0200: Memory Usage (488644K) : Extracting res_metal2 resistor
2026-08-10 16:37:18 +0200: Memory Usage (488644K) : Extracting res_metal3 resistor
2026-08-10 16:37:18 +0200: Memory Usage (488644K) : Extracting res_metal4 resistor
2026-08-10 16:37:18 +0200: Memory Usage (488644K) : Extracting res_metal5 resistor
2026-08-10 16:37:18 +0200: Memory Usage (488644K) : Extracting res_topmetal1 resistor
2026-08-10 16:37:18 +0200: Memory Usage (488644K) : Extracting res_topmetal2 resistor
2026-08-10 16:37:18 +0200: Memory Usage (488644K) : Starting CAP EXTRACTION
2026-08-10 16:37:18 +0200: Memory Usage (488644K) : Extracting cap_cmim device
2026-08-10 16:37:18 +0200: Memory Usage (488644K) : Extracting rfcmim device
2026-08-10 16:37:18 +0200: Memory Usage (488644K) : Extracting sg13_hv_svaricap varactor
2026-08-10 16:37:18 +0200: Memory Usage (488644K) : Extracting cap_cmomi device
2026-08-10 16:37:18 +0200: Memory Usage (488644K) : Extracting sg13_moscap_n capacitor
2026-08-10 16:37:18 +0200: Memory Usage (488644K) : Extracting sg13_moscap_p capacitor
2026-08-10 16:37:18 +0200: Memory Usage (488644K) : Starting ESD EXTRACTION
2026-08-10 16:37:18 +0200: Memory Usage (488644K) : Extracting diodevdd_2kv ESD device
2026-08-10 16:37:18 +0200: Memory Usage (488644K) : Extracting diodevdd_4kv ESD device
2026-08-10 16:37:18 +0200: Memory Usage (488644K) : Extracting diodevss_2kv ESD device
2026-08-10 16:37:18 +0200: Memory Usage (488644K) : Extracting diodevss_4kv ESD device
2026-08-10 16:37:18 +0200: Memory Usage (488644K) : Extracting idiodevdd_2kv ESD device
2026-08-10 16:37:18 +0200: Memory Usage (488644K) : Extracting idiodevdd_4kv ESD device
2026-08-10 16:37:18 +0200: Memory Usage (488644K) : Extracting idiodevss_2kv ESD device
2026-08-10 16:37:18 +0200: Memory Usage (488644K) : Extracting idiodevss_4kv ESD device
2026-08-10 16:37:18 +0200: Memory Usage (488644K) : Extracting nmoscl_2 ESD device
2026-08-10 16:37:18 +0200: Memory Usage (488644K) : Extracting nmoscl_4 ESD device
2026-08-10 16:37:18 +0200: Memory Usage (488644K) : Starting Inductor EXTRACTION
2026-08-10 16:37:18 +0200: Memory Usage (488644K) : Extracting Inductor2 device
2026-08-10 16:37:18 +0200: Memory Usage (488644K) : Extracting Inductor3 device
2026-08-10 16:37:18 +0200: Memory Usage (488644K) : Starting Taps EXTRACTION
2026-08-10 16:37:18 +0200: Memory Usage (488644K) : Extracting ntap1 device
2026-08-10 16:37:18 +0200: Memory Usage (488644K) : Extracting ptap1 device
2026-08-10 16:37:18 +0200: Memory Usage (488644K) : Starting SG13G2 LVS RF MOS Model Mapping
2026-08-10 16:37:19 +0200: Memory Usage (495940K) : [layout_netlist] Apply RF MOS model mapping and rfmode parameter.
2026-08-10 16:37:19 +0200: Memory Usage (495940K) : Starting SG13G2 LVS Options Preparations
2026-08-10 16:37:19 +0200: Memory Usage (495940K) : SG13G2 LVS flow: extraction -> alignment -> option preparation -> comparison.
2026-08-10 16:37:19 +0200: Memory Usage (495940K) : Starting SG13G2 LVS Alignment
2026-08-10 16:37:19 +0200: Memory Usage (495940K) : Starting SG13G2 LVS Simplification
2026-08-10 16:37:19 +0200: Memory Usage (495940K) : [layout_netlist] simplify: ENABLED
2026-08-10 16:37:19 +0200: Memory Usage (495940K) : [layout_netlist] make_top_level_pins: SKIPPED
2026-08-10 16:37:19 +0200: Memory Usage (495940K) : [layout_netlist] combine_devices: ENABLED
2026-08-10 16:37:19 +0200: Memory Usage (495940K) : [layout_netlist] purge: SKIPPED
2026-08-10 16:37:19 +0200: Memory Usage (495940K) : [layout_netlist] purge_nets: SKIPPED
2026-08-10 16:37:19 +0200: Memory Usage (495940K) : [schematic_netlist] simplify: ENABLED
2026-08-10 16:37:19 +0200: Memory Usage (495940K) : [schematic_netlist] make_top_level_pins: SKIPPED
2026-08-10 16:37:19 +0200: Memory Usage (495940K) : [schematic_netlist] combine_devices: ENABLED
2026-08-10 16:37:19 +0200: Memory Usage (495940K) : [schematic_netlist] purge: SKIPPED
2026-08-10 16:37:19 +0200: Memory Usage (495940K) : [schematic_netlist] purge_nets: SKIPPED
2026-08-10 16:37:19 +0200: Memory Usage (495940K) : Starting SG13G2 LVS Comparison
2026-08-10 16:37:20 +0200: Memory Usage (496196K) : xxxxxxxxxxxxxxxxxxxxxxxxxxxxxxxxxxxxxxxxxx
2026-08-10 16:37:20 +0200: Memory Usage (496196K) : ERROR : Netlists don't match
2026-08-10 16:37:20 +0200: Memory Usage (496196K) : xxxxxxxxxxxxxxxxxxxxxxxxxxxxxxxxxxxxxxxxxx
2026-08-10 16:37:20 +0200: Memory Usage (496196K) : LVS Total Run time 5.201888 seconds
