11-Aug-2026 13:53:31 | INFO    | Your Klayout version is: KLayout 0.30.10 (required >= 0.30.5)
11-Aug-2026 13:53:31 | INFO    | Running SG13G2 LVS checks on design /foss/designs/ihp-open-pdk-regression/IOPADS/layout/sg13g2_IOPadVss.gds on cell sg13g2_IOPadVss
2026-08-11 13:53:35 +0200: Memory Usage (455844K) : Starting running SG13G2 Klayout LVS runset on /foss/designs/ihp-open-pdk-regression/IOPADS/layout/sg13g2_IOPadVss.gds
2026-08-11 13:53:35 +0200: Memory Usage (455844K) : Ruby Version for klayout: 3.2.3
2026-08-11 13:53:35 +0200: Memory Usage (458404K) : Loading database to memory is complete.
2026-08-11 13:53:35 +0200: Memory Usage (458404K) : SG13G2 Klayout LVS runset output at: /foss/designs/ihp-open-pdk-regression/IOPADS/lvs_sweep/20260811_135105/sg13g2_IOPadVss/sg13g2_IOPadVss.lvsdb
2026-08-11 13:53:35 +0200: Memory Usage (458404K) : Evaluate switches.
2026-08-11 13:53:35 +0200: Memory Usage (458404K) : Extracted netlist with net names: true
2026-08-11 13:53:35 +0200: Memory Usage (458404K) : Extracted netlist with comments in details: false
2026-08-11 13:53:35 +0200: Memory Usage (458404K) : Selected NET_ONLY option: false
2026-08-11 13:53:35 +0200: Memory Usage (458404K) : Selected LAYOUT_NETLIST option: (none)
2026-08-11 13:53:35 +0200: Memory Usage (458404K) : Selected IGNORE_TOP_PORTS_MISMATCH option: true
2026-08-11 13:53:35 +0200: Memory Usage (458404K) : Selected IMPLICIT_NETS option: iovss,iovdd,vss,vdd,pad,cathode,anode
2026-08-11 13:53:35 +0200: Memory Usage (458404K) : Selected TOP_LVL_PINS option: false
2026-08-11 13:53:35 +0200: Memory Usage (458404K) : Selected COMBINE DEVICES option: true
2026-08-11 13:53:35 +0200: Memory Usage (458404K) : Selected PURGE option: false
2026-08-11 13:53:35 +0200: Memory Usage (458404K) : Selected PURGE_NETS option: false
2026-08-11 13:53:35 +0200: Memory Usage (458404K) : Selected SIMPLIFY option: true
2026-08-11 13:53:35 +0200: Memory Usage (458404K) : Selected SERIES_RES option: true
2026-08-11 13:53:35 +0200: Memory Usage (458532K) : Selected PARALLEL_RES option: true
2026-08-11 13:53:35 +0200: Memory Usage (458532K) : Selected DISABLE_TAP_EXTRACTION option: false
2026-08-11 13:53:35 +0200: Memory Usage (458532K) : deep  mode is enabled.
2026-08-11 13:53:35 +0200: Memory Usage (458532K) : Applying implicit connections (case-sensitive, pattern supported) for nets: iovss, iovdd, vss, vdd, pad, cathode, anode
2026-08-11 13:53:35 +0200: Memory Usage (459556K) : Netlist file: /foss/designs/ihp-open-pdk-regression/IOPADS/netlist/pads_upstream/sg13g2_IOPadVss.spi
2026-08-11 13:53:35 +0200: Memory Usage (459556K) : LVS extracted netlist at: /foss/designs/ihp-open-pdk-regression/IOPADS/lvs_sweep/20260811_135105/sg13g2_IOPadVss/sg13g2_IOPadVss_extracted.cir
2026-08-11 13:53:35 +0200: Memory Usage (459556K) : Applying SRAM integration support.
2026-08-11 13:53:35 +0200: Memory Usage (459556K) : Starting SG13G2 LVS runset
2026-08-11 13:53:35 +0200: Memory Usage (459556K) : Read in polygons from layers.
2026-08-11 13:53:35 +0200: Memory Usage (460964K) : activ_drw has 21 polygons
2026-08-11 13:53:35 +0200: Memory Usage (460964K) : activ_filler has 0 polygons
2026-08-11 13:53:35 +0200: Memory Usage (461092K) : activ has 21 polygons
2026-08-11 13:53:35 +0200: Memory Usage (461092K) : activ_pin has 0 polygons
2026-08-11 13:53:35 +0200: Memory Usage (461092K) : activ_mask has 0 polygons
2026-08-11 13:53:35 +0200: Memory Usage (461220K) : activ_nofill has 0 polygons
2026-08-11 13:53:35 +0200: Memory Usage (461220K) : activ_OPC has 0 polygons
2026-08-11 13:53:35 +0200: Memory Usage (461220K) : activ_iOPC has 0 polygons
2026-08-11 13:53:35 +0200: Memory Usage (461220K) : activ_noqrc has 0 polygons
2026-08-11 13:53:35 +0200: Memory Usage (461220K) : biwind_drw has 0 polygons
2026-08-11 13:53:35 +0200: Memory Usage (461220K) : biwind_OPC has 0 polygons
2026-08-11 13:53:35 +0200: Memory Usage (461348K) : gatpoly_drw has 0 polygons
2026-08-11 13:53:35 +0200: Memory Usage (461476K) : gatpoly_filler has 0 polygons
2026-08-11 13:53:35 +0200: Memory Usage (461732K) : gatpoly has 0 polygons
2026-08-11 13:53:35 +0200: Memory Usage (461860K) : gatpoly_pin has 0 polygons
2026-08-11 13:53:35 +0200: Memory Usage (461860K) : gatpoly_nofill has 0 polygons
2026-08-11 13:53:35 +0200: Memory Usage (461860K) : gatpoly_OPC has 0 polygons
2026-08-11 13:53:35 +0200: Memory Usage (461988K) : gatpoly_iOPC has 0 polygons
2026-08-11 13:53:35 +0200: Memory Usage (461988K) : gatpoly_noqrc has 0 polygons
2026-08-11 13:53:35 +0200: Memory Usage (464804K) : cont_drw has 73574 polygons
2026-08-11 13:53:35 +0200: Memory Usage (464804K) : cont_OPC has 0 polygons
2026-08-11 13:53:35 +0200: Memory Usage (464804K) : nsd_drw has 0 polygons
2026-08-11 13:53:35 +0200: Memory Usage (464804K) : nsd_block has 0 polygons
2026-08-11 13:53:35 +0200: Memory Usage (464804K) : metal1_drw has 37 polygons
2026-08-11 13:53:35 +0200: Memory Usage (464932K) : metal1_filler has 0 polygons
2026-08-11 13:53:35 +0200: Memory Usage (464932K) : metal1_slit has 0 polygons
2026-08-11 13:53:35 +0200: Memory Usage (464932K) : metal1 has 37 polygons
2026-08-11 13:53:35 +0200: Memory Usage (464932K) : metal1_pin has 14 polygons
2026-08-11 13:53:35 +0200: Memory Usage (464932K) : metal1_mask has 0 polygons
2026-08-11 13:53:35 +0200: Memory Usage (464932K) : metal1_nofill has 0 polygons
2026-08-11 13:53:35 +0200: Memory Usage (465060K) : metal1_text has 14 polygons
2026-08-11 13:53:35 +0200: Memory Usage (465060K) : metal1_OPC has 0 polygons
2026-08-11 13:53:35 +0200: Memory Usage (465060K) : metal1_noqrc has 0 polygons
2026-08-11 13:53:35 +0200: Memory Usage (465060K) : metal1_res has 0 polygons
2026-08-11 13:53:35 +0200: Memory Usage (465060K) : metal1_iprobe has 0 polygons
2026-08-11 13:53:35 +0200: Memory Usage (465060K) : metal1_diffprb has 0 polygons
2026-08-11 13:53:35 +0200: Memory Usage (465060K) : passiv_drw has 0 polygons
2026-08-11 13:53:35 +0200: Memory Usage (465060K) : passiv_pin has 0 polygons
2026-08-11 13:53:35 +0200: Memory Usage (465060K) : passiv_sbump has 0 polygons
2026-08-11 13:53:35 +0200: Memory Usage (465060K) : passiv_pillar has 0 polygons
2026-08-11 13:53:35 +0200: Memory Usage (465060K) : passiv_pdl has 0 polygons
2026-08-11 13:53:35 +0200: Memory Usage (465444K) : metal2_drw has 20 polygons
2026-08-11 13:53:35 +0200: Memory Usage (465444K) : metal2_filler has 0 polygons
2026-08-11 13:53:35 +0200: Memory Usage (465444K) : metal2_slit has 0 polygons
2026-08-11 13:53:35 +0200: Memory Usage (465444K) : metal2 has 20 polygons
2026-08-11 13:53:35 +0200: Memory Usage (465444K) : metal2_pin has 1 polygons
2026-08-11 13:53:35 +0200: Memory Usage (465444K) : metal2_mask has 0 polygons
2026-08-11 13:53:35 +0200: Memory Usage (465444K) : metal2_nofill has 0 polygons
2026-08-11 13:53:35 +0200: Memory Usage (465444K) : metal2_text has 1 polygons
2026-08-11 13:53:35 +0200: Memory Usage (465572K) : metal2_OPC has 0 polygons
2026-08-11 13:53:35 +0200: Memory Usage (465700K) : metal2_noqrc has 0 polygons
2026-08-11 13:53:35 +0200: Memory Usage (465700K) : metal2_res has 0 polygons
2026-08-11 13:53:35 +0200: Memory Usage (465828K) : metal2_iprobe has 0 polygons
2026-08-11 13:53:35 +0200: Memory Usage (465828K) : metal2_diffprb has 0 polygons
2026-08-11 13:53:35 +0200: Memory Usage (465956K) : baspoly_drw has 0 polygons
2026-08-11 13:53:35 +0200: Memory Usage (465956K) : baspoly_pin has 0 polygons
2026-08-11 13:53:35 +0200: Memory Usage (466084K) : psd_drw has 11 polygons
2026-08-11 13:53:35 +0200: Memory Usage (466212K) : nldb_drw has 0 polygons
2026-08-11 13:53:35 +0200: Memory Usage (466340K) : digibnd_drw has 0 polygons
2026-08-11 13:53:35 +0200: Memory Usage (466340K) : via1_drw has 2182 polygons
2026-08-11 13:53:35 +0200: Memory Usage (466468K) : backmetal1_drw has 0 polygons
2026-08-11 13:53:35 +0200: Memory Usage (466596K) : backmetal1_pin has 0 polygons
2026-08-11 13:53:35 +0200: Memory Usage (466596K) : backmetal1_mask has 0 polygons
2026-08-11 13:53:35 +0200: Memory Usage (466724K) : backmetal1_filler has 0 polygons
2026-08-11 13:53:35 +0200: Memory Usage (466724K) : backmetal1_nofill has 0 polygons
2026-08-11 13:53:35 +0200: Memory Usage (466852K) : backmetal1_slit has 0 polygons
2026-08-11 13:53:35 +0200: Memory Usage (466852K) : backmetal1_text has 0 polygons
2026-08-11 13:53:35 +0200: Memory Usage (466980K) : backmetal1_OPC has 0 polygons
2026-08-11 13:53:35 +0200: Memory Usage (466980K) : backmetal1_noqrc has 0 polygons
2026-08-11 13:53:35 +0200: Memory Usage (467108K) : backmetal1_res has 0 polygons
2026-08-11 13:53:35 +0200: Memory Usage (467108K) : backmetal1_iprobe has 0 polygons
2026-08-11 13:53:35 +0200: Memory Usage (467236K) : backmetal1_diffprb has 0 polygons
2026-08-11 13:53:35 +0200: Memory Usage (467364K) : backpassiv_drw has 0 polygons
2026-08-11 13:53:35 +0200: Memory Usage (467364K) : res_drw has 0 polygons
2026-08-11 13:53:35 +0200: Memory Usage (467492K) : sram_drw has 0 polygons
2026-08-11 13:53:35 +0200: Memory Usage (467620K) : trans_drw has 0 polygons
2026-08-11 13:53:35 +0200: Memory Usage (467748K) : ind_drw has 0 polygons
2026-08-11 13:53:35 +0200: Memory Usage (467748K) : ind_pin has 0 polygons
2026-08-11 13:53:35 +0200: Memory Usage (467876K) : ind_text has 0 polygons
2026-08-11 13:53:35 +0200: Memory Usage (467876K) : salblock_drw has 0 polygons
2026-08-11 13:53:35 +0200: Memory Usage (468004K) : via2_drw has 6508 polygons
2026-08-11 13:53:35 +0200: Memory Usage (468260K) : metal3_drw has 12 polygons
2026-08-11 13:53:35 +0200: Memory Usage (468260K) : metal3_filler has 0 polygons
2026-08-11 13:53:35 +0200: Memory Usage (468260K) : metal3_slit has 0 polygons
2026-08-11 13:53:35 +0200: Memory Usage (468388K) : metal3 has 12 polygons
2026-08-11 13:53:35 +0200: Memory Usage (468388K) : metal3_pin has 8 polygons
2026-08-11 13:53:35 +0200: Memory Usage (468388K) : metal3_mask has 0 polygons
2026-08-11 13:53:35 +0200: Memory Usage (468516K) : metal3_nofill has 0 polygons
2026-08-11 13:53:35 +0200: Memory Usage (468516K) : metal3_text has 8 polygons
2026-08-11 13:53:35 +0200: Memory Usage (468516K) : metal3_OPC has 0 polygons
2026-08-11 13:53:35 +0200: Memory Usage (468516K) : metal3_noqrc has 0 polygons
2026-08-11 13:53:35 +0200: Memory Usage (468644K) : metal3_res has 0 polygons
2026-08-11 13:53:35 +0200: Memory Usage (468644K) : metal3_iprobe has 0 polygons
2026-08-11 13:53:35 +0200: Memory Usage (468644K) : metal3_diffprb has 0 polygons
2026-08-11 13:53:35 +0200: Memory Usage (468772K) : nwell_drw has 8 polygons
2026-08-11 13:53:35 +0200: Memory Usage (468772K) : nwell_pin has 0 polygons
2026-08-11 13:53:35 +0200: Memory Usage (468900K) : nwell_text has 0 polygons
2026-08-11 13:53:35 +0200: Memory Usage (468900K) : nbulay_drw has 0 polygons
2026-08-11 13:53:35 +0200: Memory Usage (469028K) : nbulay_pin has 0 polygons
2026-08-11 13:53:35 +0200: Memory Usage (469028K) : nbulay_block has 0 polygons
2026-08-11 13:53:35 +0200: Memory Usage (469156K) : emwind_drw has 0 polygons
2026-08-11 13:53:35 +0200: Memory Usage (469156K) : emwind_OPC has 0 polygons
2026-08-11 13:53:35 +0200: Memory Usage (469284K) : deepco_drw has 0 polygons
2026-08-11 13:53:35 +0200: Memory Usage (469284K) : mim_drw has 0 polygons
2026-08-11 13:53:35 +0200: Memory Usage (469412K) : edgeseal_drw has 0 polygons
2026-08-11 13:53:35 +0200: Memory Usage (469412K) : substrate_drw has 9 polygons
2026-08-11 13:53:35 +0200: Memory Usage (469540K) : substrate_text has 0 polygons
2026-08-11 13:53:35 +0200: Memory Usage (469540K) : dfpad_drw has 0 polygons
2026-08-11 13:53:35 +0200: Memory Usage (469668K) : dfpad_pillar has 0 polygons
2026-08-11 13:53:35 +0200: Memory Usage (469668K) : dfpad_sbump has 0 polygons
2026-08-11 13:53:35 +0200: Memory Usage (469796K) : thickgateox_drw has 0 polygons
2026-08-11 13:53:35 +0200: Memory Usage (469796K) : pldb_drw has 0 polygons
2026-08-11 13:53:35 +0200: Memory Usage (469924K) : pwell_drw has 0 polygons
2026-08-11 13:53:35 +0200: Memory Usage (470052K) : pwell_pin has 0 polygons
2026-08-11 13:53:35 +0200: Memory Usage (470052K) : pwell_block has 0 polygons
2026-08-11 13:53:35 +0200: Memory Usage (470180K) : ic_drw has 0 polygons
2026-08-11 13:53:35 +0200: Memory Usage (470180K) : via3_drw has 2087 polygons
2026-08-11 13:53:35 +0200: Memory Usage (470308K) : metal4_drw has 8 polygons
2026-08-11 13:53:35 +0200: Memory Usage (470308K) : metal4_filler has 0 polygons
2026-08-11 13:53:35 +0200: Memory Usage (470308K) : metal4_slit has 0 polygons
2026-08-11 13:53:35 +0200: Memory Usage (470308K) : metal4 has 8 polygons
2026-08-11 13:53:35 +0200: Memory Usage (470308K) : metal4_pin has 8 polygons
2026-08-11 13:53:35 +0200: Memory Usage (470308K) : metal4_mask has 0 polygons
2026-08-11 13:53:35 +0200: Memory Usage (470308K) : metal4_nofill has 0 polygons
2026-08-11 13:53:35 +0200: Memory Usage (470308K) : metal4_text has 8 polygons
2026-08-11 13:53:35 +0200: Memory Usage (470308K) : metal4_OPC has 0 polygons
2026-08-11 13:53:35 +0200: Memory Usage (470308K) : metal4_noqrc has 0 polygons
2026-08-11 13:53:35 +0200: Memory Usage (470308K) : metal4_res has 0 polygons
2026-08-11 13:53:35 +0200: Memory Usage (470308K) : metal4_iprobe has 0 polygons
2026-08-11 13:53:35 +0200: Memory Usage (470308K) : metal4_diffprb has 0 polygons
2026-08-11 13:53:36 +0200: Memory Usage (470308K) : heattrans_drw has 0 polygons
2026-08-11 13:53:36 +0200: Memory Usage (470308K) : heatres_drw has 0 polygons
2026-08-11 13:53:36 +0200: Memory Usage (470308K) : fbe_drw has 0 polygons
2026-08-11 13:53:36 +0200: Memory Usage (470308K) : empoly_drw has 0 polygons
2026-08-11 13:53:36 +0200: Memory Usage (470308K) : digisub_drw has 0 polygons
2026-08-11 13:53:36 +0200: Memory Usage (470308K) : text_drw has 7 polygons
2026-08-11 13:53:36 +0200: Memory Usage (470308K) : via4_drw has 2371 polygons
2026-08-11 13:53:36 +0200: Memory Usage (470308K) : metal5_drw has 8 polygons
2026-08-11 13:53:36 +0200: Memory Usage (470308K) : metal5_filler has 0 polygons
2026-08-11 13:53:36 +0200: Memory Usage (470308K) : metal5_slit has 0 polygons
2026-08-11 13:53:36 +0200: Memory Usage (470308K) : metal5 has 8 polygons
2026-08-11 13:53:36 +0200: Memory Usage (470308K) : metal5_pin has 8 polygons
2026-08-11 13:53:36 +0200: Memory Usage (470308K) : metal5_mask has 0 polygons
2026-08-11 13:53:36 +0200: Memory Usage (470308K) : metal5_nofill has 0 polygons
2026-08-11 13:53:36 +0200: Memory Usage (470308K) : metal5_text has 8 polygons
2026-08-11 13:53:36 +0200: Memory Usage (470308K) : metal5_OPC has 0 polygons
2026-08-11 13:53:36 +0200: Memory Usage (470308K) : metal5_noqrc has 0 polygons
2026-08-11 13:53:36 +0200: Memory Usage (470308K) : metal5_res has 0 polygons
2026-08-11 13:53:36 +0200: Memory Usage (470308K) : metal5_iprobe has 0 polygons
2026-08-11 13:53:36 +0200: Memory Usage (470308K) : metal5_diffprb has 0 polygons
2026-08-11 13:53:36 +0200: Memory Usage (470308K) : radhard_drw has 0 polygons
2026-08-11 13:53:36 +0200: Memory Usage (470308K) : memcap_drw has 0 polygons
2026-08-11 13:53:36 +0200: Memory Usage (470308K) : varicap_drw has 0 polygons
2026-08-11 13:53:36 +0200: Memory Usage (470308K) : intbondvia_drw has 0 polygons
2026-08-11 13:53:36 +0200: Memory Usage (470308K) : intbondmet_drw has 0 polygons
2026-08-11 13:53:36 +0200: Memory Usage (470308K) : devbondvia_drw has 0 polygons
2026-08-11 13:53:36 +0200: Memory Usage (470308K) : devbondmet_drw has 0 polygons
2026-08-11 13:53:36 +0200: Memory Usage (470308K) : devtrench_drw has 0 polygons
2026-08-11 13:53:36 +0200: Memory Usage (470308K) : redist_drw has 0 polygons
2026-08-11 13:53:36 +0200: Memory Usage (470308K) : graphbot_drw has 0 polygons
2026-08-11 13:53:36 +0200: Memory Usage (470308K) : graphtop_drw has 0 polygons
2026-08-11 13:53:36 +0200: Memory Usage (470308K) : antvia1_drw has 0 polygons
2026-08-11 13:53:36 +0200: Memory Usage (470308K) : antmetal2_drw has 0 polygons
2026-08-11 13:53:36 +0200: Memory Usage (470308K) : graphcont_drw has 0 polygons
2026-08-11 13:53:36 +0200: Memory Usage (470308K) : siwg_drw has 0 polygons
2026-08-11 13:53:36 +0200: Memory Usage (470308K) : siwg_filler has 0 polygons
2026-08-11 13:53:36 +0200: Memory Usage (470308K) : siwg_nofill has 0 polygons
2026-08-11 13:53:36 +0200: Memory Usage (470308K) : sigrating_drw has 0 polygons
2026-08-11 13:53:36 +0200: Memory Usage (470308K) : singrating_drw has 0 polygons
2026-08-11 13:53:36 +0200: Memory Usage (470308K) : graphpas_drw has 0 polygons
2026-08-11 13:53:36 +0200: Memory Usage (470308K) : emwind3_drw has 0 polygons
2026-08-11 13:53:36 +0200: Memory Usage (470308K) : emwihv3_drw has 0 polygons
2026-08-11 13:53:36 +0200: Memory Usage (470308K) : redbulay_drw has 0 polygons
2026-08-11 13:53:36 +0200: Memory Usage (470308K) : smos_drw has 0 polygons
2026-08-11 13:53:36 +0200: Memory Usage (470308K) : graphpad_drw has 0 polygons
2026-08-11 13:53:36 +0200: Memory Usage (470308K) : polimide_drw has 0 polygons
2026-08-11 13:53:36 +0200: Memory Usage (470308K) : polimide_pin has 0 polygons
2026-08-11 13:53:36 +0200: Memory Usage (470308K) : recog_drw has 0 polygons
2026-08-11 13:53:36 +0200: Memory Usage (470308K) : recog_pin has 0 polygons
2026-08-11 13:53:36 +0200: Memory Usage (470308K) : recog_esd has 0 polygons
2026-08-11 13:53:36 +0200: Memory Usage (470308K) : recog_diode has 4 polygons
2026-08-11 13:53:36 +0200: Memory Usage (470308K) : recog_tsv has 0 polygons
2026-08-11 13:53:36 +0200: Memory Usage (470308K) : recog_iprobe has 0 polygons
2026-08-11 13:53:36 +0200: Memory Usage (470308K) : recog_diffprb has 0 polygons
2026-08-11 13:53:36 +0200: Memory Usage (470308K) : recog_pillar has 0 polygons
2026-08-11 13:53:36 +0200: Memory Usage (470308K) : recog_sbump has 0 polygons
2026-08-11 13:53:36 +0200: Memory Usage (470308K) : recog_otp has 0 polygons
2026-08-11 13:53:36 +0200: Memory Usage (470308K) : recog_pdiode has 0 polygons
2026-08-11 13:53:36 +0200: Memory Usage (470308K) : recog_mom has 0 polygons
2026-08-11 13:53:36 +0200: Memory Usage (470308K) : recog_pcm has 0 polygons
2026-08-11 13:53:36 +0200: Memory Usage (470308K) : colopen_drw has 0 polygons
2026-08-11 13:53:36 +0200: Memory Usage (470308K) : graphmetal1_drw has 0 polygons
2026-08-11 13:53:36 +0200: Memory Usage (470308K) : graphmetal1_filler has 0 polygons
2026-08-11 13:53:36 +0200: Memory Usage (470308K) : graphmetal1_nofill has 0 polygons
2026-08-11 13:53:36 +0200: Memory Usage (470308K) : graphmetal1_slit has 0 polygons
2026-08-11 13:53:36 +0200: Memory Usage (470308K) : graphmetal1_OPC has 0 polygons
2026-08-11 13:53:36 +0200: Memory Usage (470308K) : graphmet1l_drw has 0 polygons
2026-08-11 13:53:36 +0200: Memory Usage (470308K) : graphmet1l_filler has 0 polygons
2026-08-11 13:53:36 +0200: Memory Usage (470308K) : graphmet1l_nofill has 0 polygons
2026-08-11 13:53:36 +0200: Memory Usage (470308K) : graphmet1l_slit has 0 polygons
2026-08-11 13:53:36 +0200: Memory Usage (470308K) : graphmet1l_OPC has 0 polygons
2026-08-11 13:53:36 +0200: Memory Usage (470308K) : extblock_drw has 0 polygons
2026-08-11 13:53:36 +0200: Memory Usage (470308K) : nldd_drw has 0 polygons
2026-08-11 13:53:36 +0200: Memory Usage (470308K) : pldd_drw has 0 polygons
2026-08-11 13:53:36 +0200: Memory Usage (470308K) : next_drw has 0 polygons
2026-08-11 13:53:36 +0200: Memory Usage (470308K) : pext_drw has 0 polygons
2026-08-11 13:53:36 +0200: Memory Usage (470308K) : nexthv_drw has 0 polygons
2026-08-11 13:53:36 +0200: Memory Usage (470308K) : pexthv_drw has 0 polygons
2026-08-11 13:53:36 +0200: Memory Usage (470308K) : graphgate_drw has 0 polygons
2026-08-11 13:53:36 +0200: Memory Usage (470308K) : sinwg_drw has 0 polygons
2026-08-11 13:53:36 +0200: Memory Usage (470308K) : sinwg_filler has 0 polygons
2026-08-11 13:53:36 +0200: Memory Usage (470308K) : sinwg_nofill has 0 polygons
2026-08-11 13:53:36 +0200: Memory Usage (470308K) : mempad_drw has 0 polygons
2026-08-11 13:53:36 +0200: Memory Usage (470308K) : topvia1_drw has 2315 polygons
2026-08-11 13:53:36 +0200: Memory Usage (470308K) : topmetal1_drw has 8 polygons
2026-08-11 13:53:36 +0200: Memory Usage (470308K) : topmetal1_filler has 0 polygons
2026-08-11 13:53:36 +0200: Memory Usage (470308K) : topmetal1_slit has 0 polygons
2026-08-11 13:53:36 +0200: Memory Usage (470308K) : topmetal1 has 8 polygons
2026-08-11 13:53:36 +0200: Memory Usage (470308K) : topmetal1_pin has 8 polygons
2026-08-11 13:53:36 +0200: Memory Usage (470308K) : topmetal1_mask has 0 polygons
2026-08-11 13:53:36 +0200: Memory Usage (470308K) : topmetal1_nofill has 0 polygons
2026-08-11 13:53:36 +0200: Memory Usage (470308K) : topmetal1_text has 8 polygons
2026-08-11 13:53:36 +0200: Memory Usage (470308K) : topmetal1_noqrc has 0 polygons
2026-08-11 13:53:36 +0200: Memory Usage (470308K) : topmetal1_res has 0 polygons
2026-08-11 13:53:36 +0200: Memory Usage (470308K) : topmetal1_iprobe has 0 polygons
2026-08-11 13:53:36 +0200: Memory Usage (470308K) : topmetal1_diffprb has 0 polygons
2026-08-11 13:53:36 +0200: Memory Usage (470308K) : inldpwl_drw has 0 polygons
2026-08-11 13:53:36 +0200: Memory Usage (470308K) : polyres_drw has 0 polygons
2026-08-11 13:53:36 +0200: Memory Usage (470308K) : polyres_pin has 0 polygons
2026-08-11 13:53:36 +0200: Memory Usage (470308K) : vmim_drw has 0 polygons
2026-08-11 13:53:36 +0200: Memory Usage (470308K) : nbulaycut_drw has 0 polygons
2026-08-11 13:53:36 +0200: Memory Usage (470308K) : antmetal1_drw has 0 polygons
2026-08-11 13:53:36 +0200: Memory Usage (470308K) : topvia2_drw has 1593 polygons
2026-08-11 13:53:36 +0200: Memory Usage (470308K) : topmetal2_drw has 6 polygons
2026-08-11 13:53:36 +0200: Memory Usage (470308K) : topmetal2_filler has 0 polygons
2026-08-11 13:53:36 +0200: Memory Usage (470436K) : topmetal2_slit has 0 polygons
2026-08-11 13:53:36 +0200: Memory Usage (470564K) : topmetal2 has 6 polygons
2026-08-11 13:53:36 +0200: Memory Usage (470564K) : topmetal2_pin has 6 polygons
2026-08-11 13:53:36 +0200: Memory Usage (470692K) : topmetal2_mask has 0 polygons
2026-08-11 13:53:36 +0200: Memory Usage (470692K) : topmetal2_nofill has 0 polygons
2026-08-11 13:53:36 +0200: Memory Usage (470820K) : topmetal2_text has 6 polygons
2026-08-11 13:53:36 +0200: Memory Usage (470820K) : topmetal2_noqrc has 0 polygons
2026-08-11 13:53:36 +0200: Memory Usage (470948K) : topmetal2_res has 0 polygons
2026-08-11 13:53:36 +0200: Memory Usage (470948K) : topmetal2_iprobe has 0 polygons
2026-08-11 13:53:36 +0200: Memory Usage (471076K) : topmetal2_diffprb has 0 polygons
2026-08-11 13:53:36 +0200: Memory Usage (471076K) : snsring_drw has 0 polygons
2026-08-11 13:53:36 +0200: Memory Usage (471204K) : sensor_drw has 0 polygons
2026-08-11 13:53:36 +0200: Memory Usage (471204K) : snsarms_drw has 0 polygons
2026-08-11 13:53:36 +0200: Memory Usage (471332K) : snscmosvia_drw has 0 polygons
2026-08-11 13:53:36 +0200: Memory Usage (471460K) : colwind_drw has 0 polygons
2026-08-11 13:53:36 +0200: Memory Usage (471460K) : flm_drw has 0 polygons
2026-08-11 13:53:36 +0200: Memory Usage (471588K) : hafniumox_drw has 0 polygons
2026-08-11 13:53:36 +0200: Memory Usage (471588K) : memvia_drw has 0 polygons
2026-08-11 13:53:36 +0200: Memory Usage (471716K) : thinfilmres_drw has 0 polygons
2026-08-11 13:53:36 +0200: Memory Usage (471716K) : rfmem_drw has 0 polygons
2026-08-11 13:53:36 +0200: Memory Usage (471844K) : norcx_drw has 0 polygons
2026-08-11 13:53:36 +0200: Memory Usage (471844K) : norcx_m2m3 has 0 polygons
2026-08-11 13:53:36 +0200: Memory Usage (471972K) : norcx_m2m4 has 0 polygons
2026-08-11 13:53:36 +0200: Memory Usage (471972K) : norcx_m2m5 has 0 polygons
2026-08-11 13:53:36 +0200: Memory Usage (472100K) : norcx_m2tm1 has 0 polygons
2026-08-11 13:53:36 +0200: Memory Usage (472228K) : norcx_m2tm2 has 0 polygons
2026-08-11 13:53:36 +0200: Memory Usage (472228K) : norcx_m3m4 has 0 polygons
2026-08-11 13:53:36 +0200: Memory Usage (472356K) : norcx_m3m5 has 0 polygons
2026-08-11 13:53:36 +0200: Memory Usage (472356K) : norcx_m3tm1 has 0 polygons
2026-08-11 13:53:36 +0200: Memory Usage (472484K) : norcx_m3tm2 has 0 polygons
2026-08-11 13:53:36 +0200: Memory Usage (472484K) : norcx_m4m5 has 0 polygons
2026-08-11 13:53:36 +0200: Memory Usage (472612K) : norcx_m4tm1 has 0 polygons
2026-08-11 13:53:36 +0200: Memory Usage (472612K) : norcx_m4tm2 has 0 polygons
2026-08-11 13:53:36 +0200: Memory Usage (472740K) : norcx_m5tm1 has 0 polygons
2026-08-11 13:53:36 +0200: Memory Usage (472740K) : norcx_m5tm2 has 0 polygons
2026-08-11 13:53:36 +0200: Memory Usage (472868K) : norcx_tm1tm2 has 0 polygons
2026-08-11 13:53:36 +0200: Memory Usage (472996K) : norcx_m1sub has 0 polygons
2026-08-11 13:53:36 +0200: Memory Usage (472996K) : norcx_m2sub has 0 polygons
2026-08-11 13:53:36 +0200: Memory Usage (473124K) : norcx_m3sub has 0 polygons
2026-08-11 13:53:36 +0200: Memory Usage (473124K) : norcx_m4sub has 0 polygons
2026-08-11 13:53:36 +0200: Memory Usage (473252K) : norcx_m5sub has 0 polygons
2026-08-11 13:53:36 +0200: Memory Usage (473252K) : norcx_tm1sub has 0 polygons
2026-08-11 13:53:36 +0200: Memory Usage (473380K) : norcx_tm2sub has 0 polygons
2026-08-11 13:53:36 +0200: Memory Usage (473380K) : snsbotvia_drw has 0 polygons
2026-08-11 13:53:36 +0200: Memory Usage (473508K) : snstopvia_drw has 0 polygons
2026-08-11 13:53:36 +0200: Memory Usage (473508K) : deepvia_drw has 0 polygons
2026-08-11 13:53:36 +0200: Memory Usage (473636K) : fgetch_drw has 0 polygons
2026-08-11 13:53:36 +0200: Memory Usage (473764K) : ctrgat_drw has 0 polygons
2026-08-11 13:53:36 +0200: Memory Usage (473764K) : fgimp_drw has 0 polygons
2026-08-11 13:53:36 +0200: Memory Usage (473892K) : emwihv_drw has 0 polygons
2026-08-11 13:53:36 +0200: Memory Usage (473892K) : lbe_drw has 0 polygons
2026-08-11 13:53:36 +0200: Memory Usage (474020K) : alcustop_drw has 0 polygons
2026-08-11 13:53:36 +0200: Memory Usage (474020K) : nometfiller_drw has 0 polygons
2026-08-11 13:53:36 +0200: Memory Usage (474148K) : prboundary_drw has 0 polygons
2026-08-11 13:53:36 +0200: Memory Usage (474148K) : exchange0_drw has 0 polygons
2026-08-11 13:53:36 +0200: Memory Usage (474276K) : exchange0_pin has 0 polygons
2026-08-11 13:53:36 +0200: Memory Usage (474276K) : exchange0_text has 0 polygons
2026-08-11 13:53:36 +0200: Memory Usage (474404K) : exchange1_drw has 0 polygons
2026-08-11 13:53:36 +0200: Memory Usage (474404K) : exchange1_pin has 0 polygons
2026-08-11 13:53:36 +0200: Memory Usage (474532K) : exchange1_text has 0 polygons
2026-08-11 13:53:36 +0200: Memory Usage (474532K) : exchange2_drw has 0 polygons
2026-08-11 13:53:36 +0200: Memory Usage (474660K) : exchange2_pin has 0 polygons
2026-08-11 13:53:36 +0200: Memory Usage (474660K) : exchange2_text has 0 polygons
2026-08-11 13:53:36 +0200: Memory Usage (474788K) : exchange3_drw has 0 polygons
2026-08-11 13:53:36 +0200: Memory Usage (474788K) : exchange3_pin has 0 polygons
2026-08-11 13:53:36 +0200: Memory Usage (474916K) : exchange3_text has 0 polygons
2026-08-11 13:53:36 +0200: Memory Usage (474916K) : exchange4_drw has 0 polygons
2026-08-11 13:53:36 +0200: Memory Usage (475044K) : exchange4_pin has 0 polygons
2026-08-11 13:53:36 +0200: Memory Usage (475044K) : exchange4_text has 0 polygons
2026-08-11 13:53:36 +0200: Memory Usage (475172K) : isonwell_drw has 0 polygons
2026-08-11 13:53:36 +0200: Memory Usage (475172K) : Total no. of polygons in the design is 90895
2026-08-11 13:53:36 +0200: Memory Usage (475172K) : Starting base layers derivations
2026-08-11 13:53:36 +0200: Memory Usage (475172K) : Starting general LVS derivations
2026-08-11 13:53:36 +0200: Memory Usage (480932K) : Starting MOSFET DERIVATIONS
2026-08-11 13:53:37 +0200: Memory Usage (509544K) : Starting NMOS DERIVATIONS
2026-08-11 13:53:37 +0200: Memory Usage (509544K) : Starting PMOS DERIVATIONS
2026-08-11 13:53:37 +0200: Memory Usage (509544K) : Starting RF-MOSFET DERIVATIONS
2026-08-11 13:53:37 +0200: Memory Usage (509544K) : Starting RF-NMOS DERIVATIONS
2026-08-11 13:53:37 +0200: Memory Usage (509544K) : Starting RF-PMOS DERIVATIONS
2026-08-11 13:53:37 +0200: Memory Usage (509544K) : Starting BJT DERIVATIONS
2026-08-11 13:53:37 +0200: Memory Usage (509544K) : Starting NPN-BJT DERIVATIONS
2026-08-11 13:53:38 +0200: Memory Usage (509544K) : Starting PNP-BJT DERIVATIONS
2026-08-11 13:53:38 +0200: Memory Usage (509544K) : Starting DIODE DERIVATIONS
2026-08-11 13:53:40 +0200: Memory Usage (481760K) : Starting RESISTOR DERIVATIONS
2026-08-11 13:53:41 +0200: Memory Usage (481760K) : Starting CAP DERIVATIONS
2026-08-11 13:53:41 +0200: Memory Usage (481760K) : Starting CAP_CMOM DERIVATIONS
2026-08-11 13:53:41 +0200: Memory Usage (481760K) : Starting ESD DERIVATIONS
2026-08-11 13:53:41 +0200: Memory Usage (481760K) : Starting Inductor DERIVATIONS
2026-08-11 13:53:41 +0200: Memory Usage (481760K) : Starting Taps DERIVATIONS
2026-08-11 13:53:41 +0200: Memory Usage (481760K) : Starting SG13G2 LVS connectivity setup
2026-08-11 13:53:41 +0200: Memory Usage (481760K) : Starting SG13G2 LVS connectivity setup (Inter-layer)
2026-08-11 13:53:41 +0200: Memory Usage (481888K) : Starting SG13G2 LVS connectivity setup (Global)
2026-08-11 13:53:41 +0200: Memory Usage (481888K) : Starting LVS MOSFET CONNECTIONS
2026-08-11 13:53:41 +0200: Memory Usage (481888K) : Starting LVS RF-MOSFET CONNECTIONS
2026-08-11 13:53:41 +0200: Memory Usage (481888K) : Starting LVS BJT CONNECTIONS
2026-08-11 13:53:41 +0200: Memory Usage (481888K) : Starting LVS DIODE CONNECTIONS
2026-08-11 13:53:41 +0200: Memory Usage (481888K) : Starting RESISTOR CONNECTIONS
2026-08-11 13:53:41 +0200: Memory Usage (481888K) : Starting LVS CAP CONNECTIONS
2026-08-11 13:53:41 +0200: Memory Usage (481888K) : Starting CAP_CMOM CONNECTIONS
2026-08-11 13:53:41 +0200: Memory Usage (481888K) : Starting ESD CONNECTIONS
2026-08-11 13:53:41 +0200: Memory Usage (481888K) : Starting Inductor CONNECTIONS
2026-08-11 13:53:41 +0200: Memory Usage (481888K) : Starting LVS Taps CONNECTIONS
2026-08-11 13:53:41 +0200: Memory Usage (481888K) : Starting SG13G2 LVS DEVICES EXTRACTION
2026-08-11 13:53:41 +0200: Memory Usage (481888K) : Starting MOSFET EXTRACTION
2026-08-11 13:53:41 +0200: Memory Usage (481888K) : Starting NMOS EXTRACTION
2026-08-11 13:53:41 +0200: Memory Usage (481888K) : Extraction of NMOS-LV transistor
2026-08-11 13:53:41 +0200: Memory Usage (481888K) : Extraction of NMOS-HV transistor
2026-08-11 13:53:41 +0200: Memory Usage (481888K) : Starting PMOS EXTRACTION
2026-08-11 13:53:41 +0200: Memory Usage (481888K) : Extraction of PMOS-LV transistor
2026-08-11 13:53:41 +0200: Memory Usage (481888K) : Extraction of PMOS-HV transistor
2026-08-11 13:53:41 +0200: Memory Usage (481888K) : Starting RF-MOSFET EXTRACTION
2026-08-11 13:53:41 +0200: Memory Usage (481888K) : Extraction of RF-NMOS-LV transistor
2026-08-11 13:53:41 +0200: Memory Usage (481888K) : Extraction of RF-NMOS-HV transistor
2026-08-11 13:53:41 +0200: Memory Usage (481888K) : Extraction of RF-PMOS-LV transistor
2026-08-11 13:53:41 +0200: Memory Usage (481888K) : Extraction of RF-PMOS-HV transistor
2026-08-11 13:53:41 +0200: Memory Usage (481888K) : Starting BJT EXTRACTION
2026-08-11 13:53:41 +0200: Memory Usage (481888K) : Starting NPN-BJT EXTRACTION
2026-08-11 13:53:41 +0200: Memory Usage (481888K) : Extraction of npn13G2 BJT transistor
2026-08-11 13:53:41 +0200: Memory Usage (481888K) : Extraction of npn13G2L BJT transistor
2026-08-11 13:53:41 +0200: Memory Usage (481888K) : Extraction of npn13G2V BJT transistor
2026-08-11 13:53:41 +0200: Memory Usage (481888K) : Starting PNP-BJT EXTRACTION
2026-08-11 13:53:41 +0200: Memory Usage (481888K) : Extracting pnpMPA BJT
2026-08-11 13:53:41 +0200: Memory Usage (481888K) : Starting DIODE EXTRACTION
2026-08-11 13:53:41 +0200: Memory Usage (481888K) : Extracting dantenna diode
2026-08-11 13:53:41 +0200: Memory Usage (481888K) : Extracting dpantenna diode
2026-08-11 13:53:41 +0200: Memory Usage (481888K) : Extracting schottky_nbl1 diode
2026-08-11 13:53:41 +0200: Memory Usage (481888K) : Extracting isolbox diode
2026-08-11 13:53:41 +0200: Memory Usage (481888K) : Starting RESISTOR EXTRACTION
2026-08-11 13:53:41 +0200: Memory Usage (481888K) : Extracting rsil resistor
2026-08-11 13:53:41 +0200: Memory Usage (481888K) : Extracting rppd resistor
2026-08-11 13:53:41 +0200: Memory Usage (481888K) : Extracting rhigh resistor
2026-08-11 13:53:41 +0200: Memory Usage (481888K) : Extracting res_metal1 resistor
2026-08-11 13:53:41 +0200: Memory Usage (482016K) : Extracting res_metal2 resistor
2026-08-11 13:53:41 +0200: Memory Usage (482016K) : Extracting res_metal3 resistor
2026-08-11 13:53:41 +0200: Memory Usage (482016K) : Extracting res_metal4 resistor
2026-08-11 13:53:41 +0200: Memory Usage (482016K) : Extracting res_metal5 resistor
2026-08-11 13:53:41 +0200: Memory Usage (482016K) : Extracting res_topmetal1 resistor
2026-08-11 13:53:41 +0200: Memory Usage (482016K) : Extracting res_topmetal2 resistor
2026-08-11 13:53:41 +0200: Memory Usage (482016K) : Starting CAP EXTRACTION
2026-08-11 13:53:41 +0200: Memory Usage (482016K) : Extracting cap_cmim device
2026-08-11 13:53:41 +0200: Memory Usage (482016K) : Extracting rfcmim device
2026-08-11 13:53:41 +0200: Memory Usage (482016K) : Extracting sg13_hv_svaricap varactor
2026-08-11 13:53:41 +0200: Memory Usage (482016K) : Extracting cap_cmomi device
2026-08-11 13:53:41 +0200: Memory Usage (482016K) : Extracting sg13_moscap_n capacitor
2026-08-11 13:53:41 +0200: Memory Usage (482016K) : Extracting sg13_moscap_p capacitor
2026-08-11 13:53:41 +0200: Memory Usage (482016K) : Starting ESD EXTRACTION
2026-08-11 13:53:41 +0200: Memory Usage (482016K) : Extracting diodevdd_2kv ESD device
2026-08-11 13:53:41 +0200: Memory Usage (482016K) : Extracting diodevdd_4kv ESD device
2026-08-11 13:53:41 +0200: Memory Usage (482016K) : Extracting diodevss_2kv ESD device
2026-08-11 13:53:42 +0200: Memory Usage (482016K) : Extracting diodevss_4kv ESD device
2026-08-11 13:53:42 +0200: Memory Usage (482016K) : Extracting idiodevdd_2kv ESD device
2026-08-11 13:53:42 +0200: Memory Usage (482016K) : Extracting idiodevdd_4kv ESD device
2026-08-11 13:53:42 +0200: Memory Usage (482016K) : Extracting idiodevss_2kv ESD device
2026-08-11 13:53:42 +0200: Memory Usage (482016K) : Extracting idiodevss_4kv ESD device
2026-08-11 13:53:42 +0200: Memory Usage (482016K) : Extracting nmoscl_2 ESD device
2026-08-11 13:53:42 +0200: Memory Usage (482016K) : Extracting nmoscl_4 ESD device
2026-08-11 13:53:42 +0200: Memory Usage (482016K) : Starting Inductor EXTRACTION
2026-08-11 13:53:42 +0200: Memory Usage (482016K) : Extracting Inductor2 device
2026-08-11 13:53:42 +0200: Memory Usage (482016K) : Extracting Inductor3 device
2026-08-11 13:53:42 +0200: Memory Usage (482016K) : Starting Taps EXTRACTION
2026-08-11 13:53:42 +0200: Memory Usage (482016K) : Extracting ntap1 device
2026-08-11 13:53:42 +0200: Memory Usage (482016K) : Extracting ptap1 device
2026-08-11 13:53:42 +0200: Memory Usage (482016K) : Starting SG13G2 LVS RF MOS Model Mapping
2026-08-11 13:53:43 +0200: Memory Usage (509280K) : [layout_netlist] Apply RF MOS model mapping and rfmode parameter.
2026-08-11 13:53:43 +0200: Memory Usage (509280K) : Starting SG13G2 LVS Options Preparations
2026-08-11 13:53:43 +0200: Memory Usage (509280K) : SG13G2 LVS flow: extraction -> alignment -> option preparation -> comparison.
2026-08-11 13:53:43 +0200: Memory Usage (509280K) : Starting SG13G2 LVS Alignment
2026-08-11 13:53:43 +0200: Memory Usage (509408K) : Starting SG13G2 LVS Simplification
2026-08-11 13:53:43 +0200: Memory Usage (509408K) : [layout_netlist] simplify: ENABLED
2026-08-11 13:53:43 +0200: Memory Usage (509408K) : [layout_netlist] make_top_level_pins: SKIPPED
2026-08-11 13:53:43 +0200: Memory Usage (509408K) : [layout_netlist] combine_devices: ENABLED
2026-08-11 13:53:43 +0200: Memory Usage (509408K) : [layout_netlist] purge: SKIPPED
2026-08-11 13:53:43 +0200: Memory Usage (509408K) : [layout_netlist] purge_nets: SKIPPED
2026-08-11 13:53:43 +0200: Memory Usage (509408K) : [schematic_netlist] simplify: ENABLED
2026-08-11 13:53:43 +0200: Memory Usage (509408K) : [schematic_netlist] make_top_level_pins: SKIPPED
2026-08-11 13:53:43 +0200: Memory Usage (509408K) : [schematic_netlist] combine_devices: ENABLED
2026-08-11 13:53:43 +0200: Memory Usage (509408K) : [schematic_netlist] purge: SKIPPED
2026-08-11 13:53:43 +0200: Memory Usage (509408K) : [schematic_netlist] purge_nets: SKIPPED
2026-08-11 13:53:43 +0200: Memory Usage (509408K) : Starting SG13G2 LVS Comparison
2026-08-11 13:53:43 +0200: Memory Usage (509664K) : ==========================================
2026-08-11 13:53:43 +0200: Memory Usage (509664K) : INFO : Congratulations! Netlists match.
2026-08-11 13:53:43 +0200: Memory Usage (509664K) : ==========================================
2026-08-11 13:53:43 +0200: Memory Usage (509664K) : LVS Total Run time 8.030806 seconds
11-Aug-2026 13:53:43 | INFO    | ==============================================================================
11-Aug-2026 13:53:43 | INFO    | Important Summary
11-Aug-2026 13:53:43 | INFO    | +------------------+----------------------------------------------------------------------------------------+
11-Aug-2026 13:53:43 | INFO    | | Status           | PASS                                                                                   |
11-Aug-2026 13:53:43 | INFO    | | Mode             | COMPARE                                                                                |
11-Aug-2026 13:53:43 | INFO    | | Outcome          | Comparison mode: PASS (netlists match).                                                |
11-Aug-2026 13:53:43 | INFO    | | Layout           | sg13g2_IOPadVss.gds                                                                    |
11-Aug-2026 13:53:43 | INFO    | | Top Cell         | sg13g2_IOPadVss                                                                        |
11-Aug-2026 13:53:43 | INFO    | | Results Dir      | /foss/designs/ihp-open-pdk-regression/IOPADS/lvs_sweep/20260811_135105/sg13g2_IOPadVss |
11-Aug-2026 13:53:43 | INFO    | | Warnings         | 0                                                                                      |
11-Aug-2026 13:53:43 | INFO    | | Errors           | 0                                                                                      |
11-Aug-2026 13:53:43 | INFO    | | Run Time (s)     | 12.872                                                                                 |
11-Aug-2026 13:53:43 | INFO    | +------------------+----------------------------------------------------------------------------------------+
11-Aug-2026 13:53:43 | INFO    | ==============================================================================
