# Logfile created on 2026-08-10 18:05:08 +0200 by logger.rb/v1.5.3
2026-08-10 18:05:08 +0200: Memory Usage (455276K) : Starting running SG13G2 Klayout LVS runset on /foss/designs/ihp-open-pdk-regression/IOPADS/layout/sg13g2_IOPadAnalog.gds
2026-08-10 18:05:08 +0200: Memory Usage (455276K) : Ruby Version for klayout: 3.2.3
2026-08-10 18:05:08 +0200: Memory Usage (456684K) : Loading database to memory is complete.
2026-08-10 18:05:08 +0200: Memory Usage (456684K) : SG13G2 Klayout LVS runset output at: /foss/designs/ihp-open-pdk-regression/IOPADS/lvs_sweep/20260810_180504/sg13g2_IOPadAnalog/sg13g2_IOPadAnalog.lvsdb
2026-08-10 18:05:08 +0200: Memory Usage (456684K) : Evaluate switches.
2026-08-10 18:05:08 +0200: Memory Usage (456684K) : Extracted netlist with net names: true
2026-08-10 18:05:08 +0200: Memory Usage (456684K) : Extracted netlist with comments in details: false
2026-08-10 18:05:08 +0200: Memory Usage (456684K) : Selected NET_ONLY option: false
2026-08-10 18:05:08 +0200: Memory Usage (456684K) : Selected LAYOUT_NETLIST option: (none)
2026-08-10 18:05:08 +0200: Memory Usage (456684K) : Selected IGNORE_TOP_PORTS_MISMATCH option: true
2026-08-10 18:05:08 +0200: Memory Usage (456684K) : Selected IMPLICIT_NETS option: iovss,iovdd,vss,vdd,pad,cathode,anode
2026-08-10 18:05:08 +0200: Memory Usage (456684K) : Selected TOP_LVL_PINS option: false
2026-08-10 18:05:08 +0200: Memory Usage (456684K) : Selected COMBINE DEVICES option: true
2026-08-10 18:05:08 +0200: Memory Usage (456684K) : Selected PURGE option: false
2026-08-10 18:05:08 +0200: Memory Usage (456684K) : Selected PURGE_NETS option: false
2026-08-10 18:05:08 +0200: Memory Usage (456684K) : Selected SIMPLIFY option: true
2026-08-10 18:05:08 +0200: Memory Usage (456684K) : Selected SERIES_RES option: true
2026-08-10 18:05:08 +0200: Memory Usage (456684K) : Selected PARALLEL_RES option: true
2026-08-10 18:05:08 +0200: Memory Usage (456684K) : Selected DISABLE_TAP_EXTRACTION option: false
2026-08-10 18:05:08 +0200: Memory Usage (456684K) : deep  mode is enabled.
2026-08-10 18:05:08 +0200: Memory Usage (456684K) : Applying implicit connections (case-sensitive, pattern supported) for nets: iovss, iovdd, vss, vdd, pad, cathode, anode
2026-08-10 18:05:08 +0200: Memory Usage (458092K) : Netlist file: /foss/designs/ihp-open-pdk-regression/IOPADS/netlist/pads_sub/sg13g2_IOPadAnalog.spi
2026-08-10 18:05:08 +0200: Memory Usage (458092K) : LVS extracted netlist at: /foss/designs/ihp-open-pdk-regression/IOPADS/lvs_sweep/20260810_180504/sg13g2_IOPadAnalog/sg13g2_IOPadAnalog_extracted.cir
2026-08-10 18:05:08 +0200: Memory Usage (458092K) : Applying SRAM integration support.
2026-08-10 18:05:08 +0200: Memory Usage (458092K) : Starting SG13G2 LVS runset
2026-08-10 18:05:08 +0200: Memory Usage (458092K) : Read in polygons from layers.
2026-08-10 18:05:08 +0200: Memory Usage (459884K) : activ_drw has 51 polygons
2026-08-10 18:05:08 +0200: Memory Usage (459884K) : activ_filler has 0 polygons
2026-08-10 18:05:08 +0200: Memory Usage (460012K) : activ has 51 polygons
2026-08-10 18:05:08 +0200: Memory Usage (460012K) : activ_pin has 0 polygons
2026-08-10 18:05:08 +0200: Memory Usage (460012K) : activ_mask has 0 polygons
2026-08-10 18:05:08 +0200: Memory Usage (460012K) : activ_nofill has 0 polygons
2026-08-10 18:05:08 +0200: Memory Usage (460140K) : activ_OPC has 0 polygons
2026-08-10 18:05:08 +0200: Memory Usage (460268K) : activ_iOPC has 0 polygons
2026-08-10 18:05:08 +0200: Memory Usage (460268K) : activ_noqrc has 0 polygons
2026-08-10 18:05:08 +0200: Memory Usage (460396K) : biwind_drw has 0 polygons
2026-08-10 18:05:08 +0200: Memory Usage (460396K) : biwind_OPC has 0 polygons
2026-08-10 18:05:08 +0200: Memory Usage (460524K) : gatpoly_drw has 49 polygons
2026-08-10 18:05:08 +0200: Memory Usage (460524K) : gatpoly_filler has 0 polygons
2026-08-10 18:05:08 +0200: Memory Usage (460652K) : gatpoly has 49 polygons
2026-08-10 18:05:08 +0200: Memory Usage (460652K) : gatpoly_pin has 0 polygons
2026-08-10 18:05:08 +0200: Memory Usage (460780K) : gatpoly_nofill has 0 polygons
2026-08-10 18:05:08 +0200: Memory Usage (460908K) : gatpoly_OPC has 0 polygons
2026-08-10 18:05:08 +0200: Memory Usage (460908K) : gatpoly_iOPC has 0 polygons
2026-08-10 18:05:08 +0200: Memory Usage (461036K) : gatpoly_noqrc has 0 polygons
2026-08-10 18:05:08 +0200: Memory Usage (462316K) : cont_drw has 46288 polygons
2026-08-10 18:05:08 +0200: Memory Usage (462316K) : cont_OPC has 0 polygons
2026-08-10 18:05:08 +0200: Memory Usage (462316K) : nsd_drw has 0 polygons
2026-08-10 18:05:08 +0200: Memory Usage (462316K) : nsd_block has 0 polygons
2026-08-10 18:05:08 +0200: Memory Usage (462316K) : metal1_drw has 344 polygons
2026-08-10 18:05:08 +0200: Memory Usage (462316K) : metal1_filler has 0 polygons
2026-08-10 18:05:08 +0200: Memory Usage (462316K) : metal1_slit has 0 polygons
2026-08-10 18:05:08 +0200: Memory Usage (462700K) : metal1 has 344 polygons
2026-08-10 18:05:08 +0200: Memory Usage (462700K) : metal1_pin has 22 polygons
2026-08-10 18:05:08 +0200: Memory Usage (462700K) : metal1_mask has 0 polygons
2026-08-10 18:05:08 +0200: Memory Usage (462700K) : metal1_nofill has 0 polygons
2026-08-10 18:05:08 +0200: Memory Usage (462828K) : metal1_text has 18 polygons
2026-08-10 18:05:08 +0200: Memory Usage (462828K) : metal1_OPC has 0 polygons
2026-08-10 18:05:08 +0200: Memory Usage (462956K) : metal1_noqrc has 0 polygons
2026-08-10 18:05:08 +0200: Memory Usage (462956K) : metal1_res has 0 polygons
2026-08-10 18:05:08 +0200: Memory Usage (463084K) : metal1_iprobe has 0 polygons
2026-08-10 18:05:08 +0200: Memory Usage (463212K) : metal1_diffprb has 0 polygons
2026-08-10 18:05:08 +0200: Memory Usage (463212K) : passiv_drw has 0 polygons
2026-08-10 18:05:08 +0200: Memory Usage (463340K) : passiv_pin has 0 polygons
2026-08-10 18:05:08 +0200: Memory Usage (463340K) : passiv_sbump has 0 polygons
2026-08-10 18:05:08 +0200: Memory Usage (463468K) : passiv_pillar has 0 polygons
2026-08-10 18:05:08 +0200: Memory Usage (463468K) : passiv_pdl has 0 polygons
2026-08-10 18:05:08 +0200: Memory Usage (463596K) : metal2_drw has 96 polygons
2026-08-10 18:05:08 +0200: Memory Usage (463596K) : metal2_filler has 0 polygons
2026-08-10 18:05:08 +0200: Memory Usage (463724K) : metal2_slit has 0 polygons
2026-08-10 18:05:08 +0200: Memory Usage (463724K) : metal2 has 96 polygons
2026-08-10 18:05:08 +0200: Memory Usage (463724K) : metal2_pin has 26 polygons
2026-08-10 18:05:08 +0200: Memory Usage (463852K) : metal2_mask has 0 polygons
2026-08-10 18:05:08 +0200: Memory Usage (463852K) : metal2_nofill has 0 polygons
2026-08-10 18:05:08 +0200: Memory Usage (463852K) : metal2_text has 26 polygons
2026-08-10 18:05:08 +0200: Memory Usage (463980K) : metal2_OPC has 0 polygons
2026-08-10 18:05:08 +0200: Memory Usage (463980K) : metal2_noqrc has 0 polygons
2026-08-10 18:05:08 +0200: Memory Usage (463980K) : metal2_res has 0 polygons
2026-08-10 18:05:08 +0200: Memory Usage (464108K) : metal2_iprobe has 0 polygons
2026-08-10 18:05:08 +0200: Memory Usage (464108K) : metal2_diffprb has 0 polygons
2026-08-10 18:05:08 +0200: Memory Usage (464236K) : baspoly_drw has 0 polygons
2026-08-10 18:05:08 +0200: Memory Usage (464236K) : baspoly_pin has 0 polygons
2026-08-10 18:05:08 +0200: Memory Usage (464364K) : psd_drw has 35 polygons
2026-08-10 18:05:08 +0200: Memory Usage (464364K) : nldb_drw has 0 polygons
2026-08-10 18:05:08 +0200: Memory Usage (464492K) : digibnd_drw has 0 polygons
2026-08-10 18:05:08 +0200: Memory Usage (464492K) : via1_drw has 1936 polygons
2026-08-10 18:05:08 +0200: Memory Usage (464620K) : backmetal1_drw has 0 polygons
2026-08-10 18:05:08 +0200: Memory Usage (464748K) : backmetal1_pin has 0 polygons
2026-08-10 18:05:08 +0200: Memory Usage (464748K) : backmetal1_mask has 0 polygons
2026-08-10 18:05:08 +0200: Memory Usage (464876K) : backmetal1_filler has 0 polygons
2026-08-10 18:05:08 +0200: Memory Usage (464876K) : backmetal1_nofill has 0 polygons
2026-08-10 18:05:08 +0200: Memory Usage (465004K) : backmetal1_slit has 0 polygons
2026-08-10 18:05:08 +0200: Memory Usage (465004K) : backmetal1_text has 0 polygons
2026-08-10 18:05:08 +0200: Memory Usage (465132K) : backmetal1_OPC has 0 polygons
2026-08-10 18:05:08 +0200: Memory Usage (465132K) : backmetal1_noqrc has 0 polygons
2026-08-10 18:05:08 +0200: Memory Usage (465260K) : backmetal1_res has 0 polygons
2026-08-10 18:05:08 +0200: Memory Usage (465260K) : backmetal1_iprobe has 0 polygons
2026-08-10 18:05:08 +0200: Memory Usage (465388K) : backmetal1_diffprb has 0 polygons
2026-08-10 18:05:08 +0200: Memory Usage (465516K) : backpassiv_drw has 0 polygons
2026-08-10 18:05:08 +0200: Memory Usage (465516K) : res_drw has 0 polygons
2026-08-10 18:05:08 +0200: Memory Usage (465644K) : sram_drw has 0 polygons
2026-08-10 18:05:08 +0200: Memory Usage (465644K) : trans_drw has 0 polygons
2026-08-10 18:05:08 +0200: Memory Usage (465772K) : ind_drw has 0 polygons
2026-08-10 18:05:08 +0200: Memory Usage (465772K) : ind_pin has 0 polygons
2026-08-10 18:05:08 +0200: Memory Usage (465900K) : ind_text has 0 polygons
2026-08-10 18:05:08 +0200: Memory Usage (465900K) : salblock_drw has 3 polygons
2026-08-10 18:05:08 +0200: Memory Usage (466028K) : via2_drw has 1926 polygons
2026-08-10 18:05:08 +0200: Memory Usage (466156K) : metal3_drw has 32 polygons
2026-08-10 18:05:08 +0200: Memory Usage (466156K) : metal3_filler has 0 polygons
2026-08-10 18:05:08 +0200: Memory Usage (466156K) : metal3_slit has 0 polygons
2026-08-10 18:05:08 +0200: Memory Usage (466284K) : metal3 has 32 polygons
2026-08-10 18:05:08 +0200: Memory Usage (466284K) : metal3_pin has 10 polygons
2026-08-10 18:05:08 +0200: Memory Usage (466412K) : metal3_mask has 0 polygons
2026-08-10 18:05:08 +0200: Memory Usage (466412K) : metal3_nofill has 0 polygons
2026-08-10 18:05:08 +0200: Memory Usage (466540K) : metal3_text has 10 polygons
2026-08-10 18:05:08 +0200: Memory Usage (466540K) : metal3_OPC has 0 polygons
2026-08-10 18:05:08 +0200: Memory Usage (466668K) : metal3_noqrc has 0 polygons
2026-08-10 18:05:08 +0200: Memory Usage (466668K) : metal3_res has 0 polygons
2026-08-10 18:05:08 +0200: Memory Usage (466796K) : metal3_iprobe has 0 polygons
2026-08-10 18:05:08 +0200: Memory Usage (466924K) : metal3_diffprb has 0 polygons
2026-08-10 18:05:08 +0200: Memory Usage (466924K) : nwell_drw has 19 polygons
2026-08-10 18:05:08 +0200: Memory Usage (467052K) : nwell_pin has 0 polygons
2026-08-10 18:05:08 +0200: Memory Usage (467052K) : nwell_text has 0 polygons
2026-08-10 18:05:08 +0200: Memory Usage (467180K) : nbulay_drw has 0 polygons
2026-08-10 18:05:08 +0200: Memory Usage (467180K) : nbulay_pin has 0 polygons
2026-08-10 18:05:08 +0200: Memory Usage (467308K) : nbulay_block has 0 polygons
2026-08-10 18:05:08 +0200: Memory Usage (467308K) : emwind_drw has 0 polygons
2026-08-10 18:05:08 +0200: Memory Usage (467436K) : emwind_OPC has 0 polygons
2026-08-10 18:05:08 +0200: Memory Usage (467436K) : deepco_drw has 0 polygons
2026-08-10 18:05:08 +0200: Memory Usage (467564K) : mim_drw has 0 polygons
2026-08-10 18:05:08 +0200: Memory Usage (467564K) : edgeseal_drw has 0 polygons
2026-08-10 18:05:08 +0200: Memory Usage (467692K) : substrate_drw has 19 polygons
2026-08-10 18:05:08 +0200: Memory Usage (467692K) : substrate_text has 0 polygons
2026-08-10 18:05:08 +0200: Memory Usage (467820K) : dfpad_drw has 0 polygons
2026-08-10 18:05:08 +0200: Memory Usage (467820K) : dfpad_pillar has 0 polygons
2026-08-10 18:05:08 +0200: Memory Usage (467948K) : dfpad_sbump has 0 polygons
2026-08-10 18:05:08 +0200: Memory Usage (468076K) : thickgateox_drw has 2 polygons
2026-08-10 18:05:08 +0200: Memory Usage (468076K) : pldb_drw has 0 polygons
2026-08-10 18:05:08 +0200: Memory Usage (468204K) : pwell_drw has 0 polygons
2026-08-10 18:05:08 +0200: Memory Usage (468204K) : pwell_pin has 0 polygons
2026-08-10 18:05:08 +0200: Memory Usage (468332K) : pwell_block has 0 polygons
2026-08-10 18:05:08 +0200: Memory Usage (468332K) : ic_drw has 0 polygons
2026-08-10 18:05:08 +0200: Memory Usage (468460K) : via3_drw has 2087 polygons
2026-08-10 18:05:08 +0200: Memory Usage (468588K) : metal4_drw has 8 polygons
2026-08-10 18:05:08 +0200: Memory Usage (468588K) : metal4_filler has 0 polygons
2026-08-10 18:05:08 +0200: Memory Usage (468716K) : metal4_slit has 0 polygons
2026-08-10 18:05:08 +0200: Memory Usage (468844K) : metal4 has 8 polygons
2026-08-10 18:05:08 +0200: Memory Usage (468844K) : metal4_pin has 8 polygons
2026-08-10 18:05:08 +0200: Memory Usage (468972K) : metal4_mask has 0 polygons
2026-08-10 18:05:08 +0200: Memory Usage (468972K) : metal4_nofill has 0 polygons
2026-08-10 18:05:08 +0200: Memory Usage (469100K) : metal4_text has 8 polygons
2026-08-10 18:05:08 +0200: Memory Usage (469100K) : metal4_OPC has 0 polygons
2026-08-10 18:05:08 +0200: Memory Usage (469228K) : metal4_noqrc has 0 polygons
2026-08-10 18:05:08 +0200: Memory Usage (469228K) : metal4_res has 0 polygons
2026-08-10 18:05:08 +0200: Memory Usage (469356K) : metal4_iprobe has 0 polygons
2026-08-10 18:05:08 +0200: Memory Usage (469356K) : metal4_diffprb has 0 polygons
2026-08-10 18:05:08 +0200: Memory Usage (469484K) : heattrans_drw has 0 polygons
2026-08-10 18:05:08 +0200: Memory Usage (469484K) : heatres_drw has 2 polygons
2026-08-10 18:05:08 +0200: Memory Usage (469612K) : fbe_drw has 0 polygons
2026-08-10 18:05:08 +0200: Memory Usage (469612K) : empoly_drw has 0 polygons
2026-08-10 18:05:08 +0200: Memory Usage (469740K) : digisub_drw has 0 polygons
2026-08-10 18:05:08 +0200: Memory Usage (469868K) : text_drw has 17 polygons
2026-08-10 18:05:08 +0200: Memory Usage (469868K) : via4_drw has 2371 polygons
2026-08-10 18:05:08 +0200: Memory Usage (469996K) : metal5_drw has 8 polygons
2026-08-10 18:05:08 +0200: Memory Usage (470124K) : metal5_filler has 0 polygons
2026-08-10 18:05:08 +0200: Memory Usage (470124K) : metal5_slit has 0 polygons
2026-08-10 18:05:08 +0200: Memory Usage (470252K) : metal5 has 8 polygons
2026-08-10 18:05:08 +0200: Memory Usage (470380K) : metal5_pin has 8 polygons
2026-08-10 18:05:08 +0200: Memory Usage (470380K) : metal5_mask has 0 polygons
2026-08-10 18:05:08 +0200: Memory Usage (470508K) : metal5_nofill has 0 polygons
2026-08-10 18:05:08 +0200: Memory Usage (470508K) : metal5_text has 8 polygons
2026-08-10 18:05:08 +0200: Memory Usage (470636K) : metal5_OPC has 0 polygons
2026-08-10 18:05:08 +0200: Memory Usage (470636K) : metal5_noqrc has 0 polygons
2026-08-10 18:05:08 +0200: Memory Usage (470764K) : metal5_res has 0 polygons
2026-08-10 18:05:08 +0200: Memory Usage (470764K) : metal5_iprobe has 0 polygons
2026-08-10 18:05:08 +0200: Memory Usage (470892K) : metal5_diffprb has 0 polygons
2026-08-10 18:05:08 +0200: Memory Usage (470892K) : radhard_drw has 0 polygons
2026-08-10 18:05:08 +0200: Memory Usage (471020K) : memcap_drw has 0 polygons
2026-08-10 18:05:08 +0200: Memory Usage (471020K) : varicap_drw has 0 polygons
2026-08-10 18:05:08 +0200: Memory Usage (471148K) : intbondvia_drw has 0 polygons
2026-08-10 18:05:08 +0200: Memory Usage (471276K) : intbondmet_drw has 0 polygons
2026-08-10 18:05:08 +0200: Memory Usage (471276K) : devbondvia_drw has 0 polygons
2026-08-10 18:05:08 +0200: Memory Usage (471276K) : devbondmet_drw has 0 polygons
2026-08-10 18:05:08 +0200: Memory Usage (471276K) : devtrench_drw has 0 polygons
2026-08-10 18:05:08 +0200: Memory Usage (471276K) : redist_drw has 0 polygons
2026-08-10 18:05:08 +0200: Memory Usage (471276K) : graphbot_drw has 0 polygons
2026-08-10 18:05:08 +0200: Memory Usage (471276K) : graphtop_drw has 0 polygons
2026-08-10 18:05:08 +0200: Memory Usage (471404K) : antvia1_drw has 0 polygons
2026-08-10 18:05:08 +0200: Memory Usage (471404K) : antmetal2_drw has 0 polygons
2026-08-10 18:05:08 +0200: Memory Usage (471532K) : graphcont_drw has 0 polygons
2026-08-10 18:05:08 +0200: Memory Usage (471532K) : siwg_drw has 0 polygons
2026-08-10 18:05:08 +0200: Memory Usage (471532K) : siwg_filler has 0 polygons
2026-08-10 18:05:08 +0200: Memory Usage (471532K) : siwg_nofill has 0 polygons
2026-08-10 18:05:08 +0200: Memory Usage (471532K) : sigrating_drw has 0 polygons
2026-08-10 18:05:08 +0200: Memory Usage (471532K) : singrating_drw has 0 polygons
2026-08-10 18:05:08 +0200: Memory Usage (471532K) : graphpas_drw has 0 polygons
2026-08-10 18:05:08 +0200: Memory Usage (471532K) : emwind3_drw has 0 polygons
2026-08-10 18:05:08 +0200: Memory Usage (471532K) : emwihv3_drw has 0 polygons
2026-08-10 18:05:08 +0200: Memory Usage (471532K) : redbulay_drw has 0 polygons
2026-08-10 18:05:08 +0200: Memory Usage (471532K) : smos_drw has 0 polygons
2026-08-10 18:05:08 +0200: Memory Usage (471532K) : graphpad_drw has 0 polygons
2026-08-10 18:05:08 +0200: Memory Usage (471532K) : polimide_drw has 0 polygons
2026-08-10 18:05:08 +0200: Memory Usage (471532K) : polimide_pin has 0 polygons
2026-08-10 18:05:08 +0200: Memory Usage (471532K) : recog_drw has 0 polygons
2026-08-10 18:05:08 +0200: Memory Usage (471532K) : recog_pin has 0 polygons
2026-08-10 18:05:08 +0200: Memory Usage (471532K) : recog_esd has 0 polygons
2026-08-10 18:05:08 +0200: Memory Usage (471532K) : recog_diode has 6 polygons
2026-08-10 18:05:08 +0200: Memory Usage (471532K) : recog_tsv has 0 polygons
2026-08-10 18:05:08 +0200: Memory Usage (471532K) : recog_iprobe has 0 polygons
2026-08-10 18:05:08 +0200: Memory Usage (471532K) : recog_diffprb has 0 polygons
2026-08-10 18:05:08 +0200: Memory Usage (471532K) : recog_pillar has 0 polygons
2026-08-10 18:05:08 +0200: Memory Usage (471532K) : recog_sbump has 0 polygons
2026-08-10 18:05:08 +0200: Memory Usage (471532K) : recog_otp has 0 polygons
2026-08-10 18:05:08 +0200: Memory Usage (471532K) : recog_pdiode has 0 polygons
2026-08-10 18:05:08 +0200: Memory Usage (471532K) : recog_mom has 0 polygons
2026-08-10 18:05:08 +0200: Memory Usage (471532K) : recog_pcm has 0 polygons
2026-08-10 18:05:08 +0200: Memory Usage (471532K) : colopen_drw has 0 polygons
2026-08-10 18:05:08 +0200: Memory Usage (471532K) : graphmetal1_drw has 0 polygons
2026-08-10 18:05:08 +0200: Memory Usage (471532K) : graphmetal1_filler has 0 polygons
2026-08-10 18:05:08 +0200: Memory Usage (471532K) : graphmetal1_nofill has 0 polygons
2026-08-10 18:05:08 +0200: Memory Usage (471532K) : graphmetal1_slit has 0 polygons
2026-08-10 18:05:08 +0200: Memory Usage (471532K) : graphmetal1_OPC has 0 polygons
2026-08-10 18:05:08 +0200: Memory Usage (471532K) : graphmet1l_drw has 0 polygons
2026-08-10 18:05:08 +0200: Memory Usage (471532K) : graphmet1l_filler has 0 polygons
2026-08-10 18:05:08 +0200: Memory Usage (471532K) : graphmet1l_nofill has 0 polygons
2026-08-10 18:05:08 +0200: Memory Usage (471532K) : graphmet1l_slit has 0 polygons
2026-08-10 18:05:08 +0200: Memory Usage (471532K) : graphmet1l_OPC has 0 polygons
2026-08-10 18:05:08 +0200: Memory Usage (471532K) : extblock_drw has 8 polygons
2026-08-10 18:05:08 +0200: Memory Usage (471532K) : nldd_drw has 0 polygons
2026-08-10 18:05:08 +0200: Memory Usage (471532K) : pldd_drw has 0 polygons
2026-08-10 18:05:08 +0200: Memory Usage (471532K) : next_drw has 0 polygons
2026-08-10 18:05:08 +0200: Memory Usage (471532K) : pext_drw has 0 polygons
2026-08-10 18:05:08 +0200: Memory Usage (471532K) : nexthv_drw has 0 polygons
2026-08-10 18:05:08 +0200: Memory Usage (471532K) : pexthv_drw has 0 polygons
2026-08-10 18:05:08 +0200: Memory Usage (471532K) : graphgate_drw has 0 polygons
2026-08-10 18:05:08 +0200: Memory Usage (471532K) : sinwg_drw has 0 polygons
2026-08-10 18:05:08 +0200: Memory Usage (471532K) : sinwg_filler has 0 polygons
2026-08-10 18:05:08 +0200: Memory Usage (471532K) : sinwg_nofill has 0 polygons
2026-08-10 18:05:08 +0200: Memory Usage (471532K) : mempad_drw has 0 polygons
2026-08-10 18:05:08 +0200: Memory Usage (471532K) : topvia1_drw has 2315 polygons
2026-08-10 18:05:08 +0200: Memory Usage (471532K) : topmetal1_drw has 8 polygons
2026-08-10 18:05:08 +0200: Memory Usage (471532K) : topmetal1_filler has 0 polygons
2026-08-10 18:05:08 +0200: Memory Usage (471532K) : topmetal1_slit has 0 polygons
2026-08-10 18:05:08 +0200: Memory Usage (471532K) : topmetal1 has 8 polygons
2026-08-10 18:05:08 +0200: Memory Usage (471532K) : topmetal1_pin has 10 polygons
2026-08-10 18:05:08 +0200: Memory Usage (471532K) : topmetal1_mask has 0 polygons
2026-08-10 18:05:08 +0200: Memory Usage (471532K) : topmetal1_nofill has 0 polygons
2026-08-10 18:05:08 +0200: Memory Usage (471532K) : topmetal1_text has 8 polygons
2026-08-10 18:05:08 +0200: Memory Usage (471532K) : topmetal1_noqrc has 0 polygons
2026-08-10 18:05:08 +0200: Memory Usage (471532K) : topmetal1_res has 0 polygons
2026-08-10 18:05:08 +0200: Memory Usage (471532K) : topmetal1_iprobe has 0 polygons
2026-08-10 18:05:08 +0200: Memory Usage (471532K) : topmetal1_diffprb has 0 polygons
2026-08-10 18:05:08 +0200: Memory Usage (471532K) : inldpwl_drw has 0 polygons
2026-08-10 18:05:08 +0200: Memory Usage (471532K) : polyres_drw has 3 polygons
2026-08-10 18:05:08 +0200: Memory Usage (471532K) : polyres_pin has 0 polygons
2026-08-10 18:05:08 +0200: Memory Usage (471532K) : vmim_drw has 0 polygons
2026-08-10 18:05:08 +0200: Memory Usage (471532K) : nbulaycut_drw has 0 polygons
2026-08-10 18:05:08 +0200: Memory Usage (471532K) : antmetal1_drw has 0 polygons
2026-08-10 18:05:08 +0200: Memory Usage (471532K) : topvia2_drw has 1593 polygons
2026-08-10 18:05:08 +0200: Memory Usage (471532K) : topmetal2_drw has 6 polygons
2026-08-10 18:05:08 +0200: Memory Usage (471532K) : topmetal2_filler has 0 polygons
2026-08-10 18:05:08 +0200: Memory Usage (471532K) : topmetal2_slit has 0 polygons
2026-08-10 18:05:08 +0200: Memory Usage (471532K) : topmetal2 has 6 polygons
2026-08-10 18:05:08 +0200: Memory Usage (471532K) : topmetal2_pin has 6 polygons
2026-08-10 18:05:08 +0200: Memory Usage (471532K) : topmetal2_mask has 0 polygons
2026-08-10 18:05:08 +0200: Memory Usage (471532K) : topmetal2_nofill has 0 polygons
2026-08-10 18:05:08 +0200: Memory Usage (471532K) : topmetal2_text has 6 polygons
2026-08-10 18:05:08 +0200: Memory Usage (471532K) : topmetal2_noqrc has 0 polygons
2026-08-10 18:05:08 +0200: Memory Usage (471532K) : topmetal2_res has 0 polygons
2026-08-10 18:05:08 +0200: Memory Usage (471532K) : topmetal2_iprobe has 0 polygons
2026-08-10 18:05:08 +0200: Memory Usage (471532K) : topmetal2_diffprb has 0 polygons
2026-08-10 18:05:08 +0200: Memory Usage (471532K) : snsring_drw has 0 polygons
2026-08-10 18:05:08 +0200: Memory Usage (471532K) : sensor_drw has 0 polygons
2026-08-10 18:05:08 +0200: Memory Usage (471532K) : snsarms_drw has 0 polygons
2026-08-10 18:05:08 +0200: Memory Usage (471532K) : snscmosvia_drw has 0 polygons
2026-08-10 18:05:08 +0200: Memory Usage (471532K) : colwind_drw has 0 polygons
2026-08-10 18:05:08 +0200: Memory Usage (471532K) : flm_drw has 0 polygons
2026-08-10 18:05:08 +0200: Memory Usage (471532K) : hafniumox_drw has 0 polygons
2026-08-10 18:05:08 +0200: Memory Usage (471532K) : memvia_drw has 0 polygons
2026-08-10 18:05:08 +0200: Memory Usage (471532K) : thinfilmres_drw has 0 polygons
2026-08-10 18:05:08 +0200: Memory Usage (471532K) : rfmem_drw has 0 polygons
2026-08-10 18:05:08 +0200: Memory Usage (471532K) : norcx_drw has 0 polygons
2026-08-10 18:05:08 +0200: Memory Usage (471532K) : norcx_m2m3 has 0 polygons
2026-08-10 18:05:08 +0200: Memory Usage (471532K) : norcx_m2m4 has 0 polygons
2026-08-10 18:05:08 +0200: Memory Usage (471532K) : norcx_m2m5 has 0 polygons
2026-08-10 18:05:08 +0200: Memory Usage (471532K) : norcx_m2tm1 has 0 polygons
2026-08-10 18:05:08 +0200: Memory Usage (471532K) : norcx_m2tm2 has 0 polygons
2026-08-10 18:05:08 +0200: Memory Usage (471532K) : norcx_m3m4 has 0 polygons
2026-08-10 18:05:08 +0200: Memory Usage (471532K) : norcx_m3m5 has 0 polygons
2026-08-10 18:05:08 +0200: Memory Usage (471532K) : norcx_m3tm1 has 0 polygons
2026-08-10 18:05:08 +0200: Memory Usage (471532K) : norcx_m3tm2 has 0 polygons
2026-08-10 18:05:08 +0200: Memory Usage (471532K) : norcx_m4m5 has 0 polygons
2026-08-10 18:05:08 +0200: Memory Usage (471532K) : norcx_m4tm1 has 0 polygons
2026-08-10 18:05:08 +0200: Memory Usage (471532K) : norcx_m4tm2 has 0 polygons
2026-08-10 18:05:08 +0200: Memory Usage (471532K) : norcx_m5tm1 has 0 polygons
2026-08-10 18:05:08 +0200: Memory Usage (471532K) : norcx_m5tm2 has 0 polygons
2026-08-10 18:05:08 +0200: Memory Usage (471532K) : norcx_tm1tm2 has 0 polygons
2026-08-10 18:05:08 +0200: Memory Usage (471532K) : norcx_m1sub has 0 polygons
2026-08-10 18:05:08 +0200: Memory Usage (471532K) : norcx_m2sub has 0 polygons
2026-08-10 18:05:08 +0200: Memory Usage (471532K) : norcx_m3sub has 0 polygons
2026-08-10 18:05:08 +0200: Memory Usage (471532K) : norcx_m4sub has 0 polygons
2026-08-10 18:05:08 +0200: Memory Usage (471532K) : norcx_m5sub has 0 polygons
2026-08-10 18:05:08 +0200: Memory Usage (471532K) : norcx_tm1sub has 0 polygons
2026-08-10 18:05:08 +0200: Memory Usage (471532K) : norcx_tm2sub has 0 polygons
2026-08-10 18:05:08 +0200: Memory Usage (471532K) : snsbotvia_drw has 0 polygons
2026-08-10 18:05:08 +0200: Memory Usage (471532K) : snstopvia_drw has 0 polygons
2026-08-10 18:05:08 +0200: Memory Usage (471532K) : deepvia_drw has 0 polygons
2026-08-10 18:05:08 +0200: Memory Usage (471532K) : fgetch_drw has 0 polygons
2026-08-10 18:05:08 +0200: Memory Usage (471532K) : ctrgat_drw has 0 polygons
2026-08-10 18:05:08 +0200: Memory Usage (471532K) : fgimp_drw has 0 polygons
2026-08-10 18:05:08 +0200: Memory Usage (471532K) : emwihv_drw has 0 polygons
2026-08-10 18:05:08 +0200: Memory Usage (471532K) : lbe_drw has 0 polygons
2026-08-10 18:05:08 +0200: Memory Usage (471532K) : alcustop_drw has 0 polygons
2026-08-10 18:05:08 +0200: Memory Usage (471532K) : nometfiller_drw has 0 polygons
2026-08-10 18:05:08 +0200: Memory Usage (471532K) : prboundary_drw has 0 polygons
2026-08-10 18:05:08 +0200: Memory Usage (471532K) : exchange0_drw has 0 polygons
2026-08-10 18:05:08 +0200: Memory Usage (471532K) : exchange0_pin has 0 polygons
2026-08-10 18:05:08 +0200: Memory Usage (471532K) : exchange0_text has 0 polygons
2026-08-10 18:05:08 +0200: Memory Usage (471532K) : exchange1_drw has 0 polygons
2026-08-10 18:05:08 +0200: Memory Usage (471532K) : exchange1_pin has 0 polygons
2026-08-10 18:05:08 +0200: Memory Usage (471532K) : exchange1_text has 0 polygons
2026-08-10 18:05:08 +0200: Memory Usage (471532K) : exchange2_drw has 0 polygons
2026-08-10 18:05:08 +0200: Memory Usage (471532K) : exchange2_pin has 0 polygons
2026-08-10 18:05:08 +0200: Memory Usage (471532K) : exchange2_text has 0 polygons
2026-08-10 18:05:08 +0200: Memory Usage (471532K) : exchange3_drw has 0 polygons
2026-08-10 18:05:08 +0200: Memory Usage (471532K) : exchange3_pin has 0 polygons
2026-08-10 18:05:08 +0200: Memory Usage (471532K) : exchange3_text has 0 polygons
2026-08-10 18:05:08 +0200: Memory Usage (471532K) : exchange4_drw has 0 polygons
2026-08-10 18:05:08 +0200: Memory Usage (471532K) : exchange4_pin has 0 polygons
2026-08-10 18:05:08 +0200: Memory Usage (471532K) : exchange4_text has 0 polygons
2026-08-10 18:05:08 +0200: Memory Usage (471532K) : isonwell_drw has 0 polygons
2026-08-10 18:05:08 +0200: Memory Usage (471532K) : Total no. of polygons in the design is 59406
2026-08-10 18:05:08 +0200: Memory Usage (471532K) : Starting base layers derivations
2026-08-10 18:05:08 +0200: Memory Usage (471532K) : Starting general LVS derivations
2026-08-10 18:05:09 +0200: Memory Usage (478828K) : Starting MOSFET DERIVATIONS
2026-08-10 18:05:09 +0200: Memory Usage (480384K) : Starting NMOS DERIVATIONS
2026-08-10 18:05:09 +0200: Memory Usage (480384K) : Starting PMOS DERIVATIONS
2026-08-10 18:05:09 +0200: Memory Usage (480384K) : Starting RF-MOSFET DERIVATIONS
2026-08-10 18:05:09 +0200: Memory Usage (480384K) : Starting RF-NMOS DERIVATIONS
2026-08-10 18:05:09 +0200: Memory Usage (480384K) : Starting RF-PMOS DERIVATIONS
2026-08-10 18:05:09 +0200: Memory Usage (480384K) : Starting BJT DERIVATIONS
2026-08-10 18:05:09 +0200: Memory Usage (480384K) : Starting NPN-BJT DERIVATIONS
2026-08-10 18:05:09 +0200: Memory Usage (480384K) : Starting PNP-BJT DERIVATIONS
2026-08-10 18:05:09 +0200: Memory Usage (480384K) : Starting DIODE DERIVATIONS
2026-08-10 18:05:10 +0200: Memory Usage (480252K) : Starting RESISTOR DERIVATIONS
2026-08-10 18:05:10 +0200: Memory Usage (480508K) : Starting CAP DERIVATIONS
2026-08-10 18:05:10 +0200: Memory Usage (480508K) : Starting CAP_CMOM DERIVATIONS
2026-08-10 18:05:10 +0200: Memory Usage (480508K) : Starting ESD DERIVATIONS
2026-08-10 18:05:11 +0200: Memory Usage (480508K) : Starting Inductor DERIVATIONS
2026-08-10 18:05:11 +0200: Memory Usage (480508K) : Starting Taps DERIVATIONS
2026-08-10 18:05:11 +0200: Memory Usage (480508K) : Starting SG13G2 LVS connectivity setup
2026-08-10 18:05:11 +0200: Memory Usage (480508K) : Starting SG13G2 LVS connectivity setup (Inter-layer)
2026-08-10 18:05:11 +0200: Memory Usage (480636K) : Starting SG13G2 LVS connectivity setup (Global)
2026-08-10 18:05:11 +0200: Memory Usage (480636K) : Starting LVS MOSFET CONNECTIONS
2026-08-10 18:05:11 +0200: Memory Usage (480636K) : Starting LVS RF-MOSFET CONNECTIONS
2026-08-10 18:05:11 +0200: Memory Usage (480636K) : Starting LVS BJT CONNECTIONS
2026-08-10 18:05:11 +0200: Memory Usage (480636K) : Starting LVS DIODE CONNECTIONS
2026-08-10 18:05:11 +0200: Memory Usage (480636K) : Starting RESISTOR CONNECTIONS
2026-08-10 18:05:11 +0200: Memory Usage (480636K) : Starting LVS CAP CONNECTIONS
2026-08-10 18:05:11 +0200: Memory Usage (480636K) : Starting CAP_CMOM CONNECTIONS
2026-08-10 18:05:11 +0200: Memory Usage (480636K) : Starting ESD CONNECTIONS
2026-08-10 18:05:11 +0200: Memory Usage (480636K) : Starting Inductor CONNECTIONS
2026-08-10 18:05:11 +0200: Memory Usage (480636K) : Starting LVS Taps CONNECTIONS
2026-08-10 18:05:11 +0200: Memory Usage (480636K) : Starting SG13G2 LVS DEVICES EXTRACTION
2026-08-10 18:05:11 +0200: Memory Usage (480636K) : Starting MOSFET EXTRACTION
2026-08-10 18:05:11 +0200: Memory Usage (480636K) : Starting NMOS EXTRACTION
2026-08-10 18:05:11 +0200: Memory Usage (480636K) : Extraction of NMOS-LV transistor
2026-08-10 18:05:11 +0200: Memory Usage (480636K) : Extraction of NMOS-HV transistor
2026-08-10 18:05:11 +0200: Memory Usage (480636K) : Starting PMOS EXTRACTION
2026-08-10 18:05:11 +0200: Memory Usage (480636K) : Extraction of PMOS-LV transistor
2026-08-10 18:05:11 +0200: Memory Usage (480636K) : Extraction of PMOS-HV transistor
2026-08-10 18:05:11 +0200: Memory Usage (480636K) : Starting RF-MOSFET EXTRACTION
2026-08-10 18:05:11 +0200: Memory Usage (480636K) : Extraction of RF-NMOS-LV transistor
2026-08-10 18:05:11 +0200: Memory Usage (480636K) : Extraction of RF-NMOS-HV transistor
2026-08-10 18:05:11 +0200: Memory Usage (480636K) : Extraction of RF-PMOS-LV transistor
2026-08-10 18:05:11 +0200: Memory Usage (480636K) : Extraction of RF-PMOS-HV transistor
2026-08-10 18:05:11 +0200: Memory Usage (480636K) : Starting BJT EXTRACTION
2026-08-10 18:05:11 +0200: Memory Usage (480636K) : Starting NPN-BJT EXTRACTION
2026-08-10 18:05:11 +0200: Memory Usage (480636K) : Extraction of npn13G2 BJT transistor
2026-08-10 18:05:11 +0200: Memory Usage (480636K) : Extraction of npn13G2L BJT transistor
2026-08-10 18:05:11 +0200: Memory Usage (480636K) : Extraction of npn13G2V BJT transistor
2026-08-10 18:05:12 +0200: Memory Usage (480636K) : Starting PNP-BJT EXTRACTION
2026-08-10 18:05:12 +0200: Memory Usage (480636K) : Extracting pnpMPA BJT
2026-08-10 18:05:12 +0200: Memory Usage (480636K) : Starting DIODE EXTRACTION
2026-08-10 18:05:12 +0200: Memory Usage (480636K) : Extracting dantenna diode
2026-08-10 18:05:12 +0200: Memory Usage (480636K) : Extracting dpantenna diode
2026-08-10 18:05:12 +0200: Memory Usage (480636K) : Extracting schottky_nbl1 diode
2026-08-10 18:05:12 +0200: Memory Usage (480636K) : Extracting isolbox diode
2026-08-10 18:05:12 +0200: Memory Usage (480636K) : Starting RESISTOR EXTRACTION
2026-08-10 18:05:12 +0200: Memory Usage (480636K) : Extracting rsil resistor
2026-08-10 18:05:12 +0200: Memory Usage (480636K) : Extracting rppd resistor
2026-08-10 18:05:12 +0200: Memory Usage (480636K) : Extracting rhigh resistor
2026-08-10 18:05:12 +0200: Memory Usage (480636K) : Extracting res_metal1 resistor
2026-08-10 18:05:12 +0200: Memory Usage (480764K) : Extracting res_metal2 resistor
2026-08-10 18:05:12 +0200: Memory Usage (480764K) : Extracting res_metal3 resistor
2026-08-10 18:05:12 +0200: Memory Usage (480764K) : Extracting res_metal4 resistor
2026-08-10 18:05:12 +0200: Memory Usage (480764K) : Extracting res_metal5 resistor
2026-08-10 18:05:12 +0200: Memory Usage (480764K) : Extracting res_topmetal1 resistor
2026-08-10 18:05:12 +0200: Memory Usage (480764K) : Extracting res_topmetal2 resistor
2026-08-10 18:05:12 +0200: Memory Usage (480764K) : Starting CAP EXTRACTION
2026-08-10 18:05:12 +0200: Memory Usage (480764K) : Extracting cap_cmim device
2026-08-10 18:05:12 +0200: Memory Usage (480764K) : Extracting rfcmim device
2026-08-10 18:05:12 +0200: Memory Usage (480764K) : Extracting sg13_hv_svaricap varactor
2026-08-10 18:05:12 +0200: Memory Usage (480764K) : Extracting cap_cmomi device
2026-08-10 18:05:12 +0200: Memory Usage (480764K) : Extracting sg13_moscap_n capacitor
2026-08-10 18:05:12 +0200: Memory Usage (480764K) : Extracting sg13_moscap_p capacitor
2026-08-10 18:05:12 +0200: Memory Usage (480764K) : Starting ESD EXTRACTION
2026-08-10 18:05:12 +0200: Memory Usage (480764K) : Extracting diodevdd_2kv ESD device
2026-08-10 18:05:12 +0200: Memory Usage (480764K) : Extracting diodevdd_4kv ESD device
2026-08-10 18:05:12 +0200: Memory Usage (480764K) : Extracting diodevss_2kv ESD device
2026-08-10 18:05:12 +0200: Memory Usage (480764K) : Extracting diodevss_4kv ESD device
2026-08-10 18:05:12 +0200: Memory Usage (480764K) : Extracting idiodevdd_2kv ESD device
2026-08-10 18:05:12 +0200: Memory Usage (480764K) : Extracting idiodevdd_4kv ESD device
2026-08-10 18:05:12 +0200: Memory Usage (480764K) : Extracting idiodevss_2kv ESD device
2026-08-10 18:05:12 +0200: Memory Usage (480764K) : Extracting idiodevss_4kv ESD device
2026-08-10 18:05:12 +0200: Memory Usage (480764K) : Extracting nmoscl_2 ESD device
2026-08-10 18:05:12 +0200: Memory Usage (480764K) : Extracting nmoscl_4 ESD device
2026-08-10 18:05:12 +0200: Memory Usage (480764K) : Starting Inductor EXTRACTION
2026-08-10 18:05:12 +0200: Memory Usage (480764K) : Extracting Inductor2 device
2026-08-10 18:05:12 +0200: Memory Usage (480764K) : Extracting Inductor3 device
2026-08-10 18:05:12 +0200: Memory Usage (480764K) : Starting Taps EXTRACTION
2026-08-10 18:05:12 +0200: Memory Usage (480764K) : Extracting ntap1 device
2026-08-10 18:05:12 +0200: Memory Usage (480764K) : Extracting ptap1 device
2026-08-10 18:05:12 +0200: Memory Usage (480764K) : Starting SG13G2 LVS RF MOS Model Mapping
2026-08-10 18:05:13 +0200: Memory Usage (486012K) : [layout_netlist] Apply RF MOS model mapping and rfmode parameter.
2026-08-10 18:05:13 +0200: Memory Usage (486012K) : Starting SG13G2 LVS Options Preparations
2026-08-10 18:05:13 +0200: Memory Usage (486012K) : SG13G2 LVS flow: extraction -> alignment -> option preparation -> comparison.
2026-08-10 18:05:13 +0200: Memory Usage (486012K) : Starting SG13G2 LVS Alignment
2026-08-10 18:05:13 +0200: Memory Usage (486140K) : Starting SG13G2 LVS Simplification
2026-08-10 18:05:13 +0200: Memory Usage (486140K) : [layout_netlist] simplify: ENABLED
2026-08-10 18:05:13 +0200: Memory Usage (486140K) : [layout_netlist] make_top_level_pins: SKIPPED
2026-08-10 18:05:13 +0200: Memory Usage (486140K) : [layout_netlist] combine_devices: ENABLED
2026-08-10 18:05:13 +0200: Memory Usage (486140K) : [layout_netlist] purge: SKIPPED
2026-08-10 18:05:13 +0200: Memory Usage (486140K) : [layout_netlist] purge_nets: SKIPPED
2026-08-10 18:05:13 +0200: Memory Usage (486140K) : [schematic_netlist] simplify: ENABLED
2026-08-10 18:05:13 +0200: Memory Usage (486140K) : [schematic_netlist] make_top_level_pins: SKIPPED
2026-08-10 18:05:13 +0200: Memory Usage (486140K) : [schematic_netlist] combine_devices: ENABLED
2026-08-10 18:05:13 +0200: Memory Usage (486140K) : [schematic_netlist] purge: SKIPPED
2026-08-10 18:05:13 +0200: Memory Usage (486140K) : [schematic_netlist] purge_nets: SKIPPED
2026-08-10 18:05:13 +0200: Memory Usage (486140K) : Starting SG13G2 LVS Comparison
2026-08-10 18:05:13 +0200: Memory Usage (486268K) : ==========================================
2026-08-10 18:05:13 +0200: Memory Usage (486268K) : INFO : Congratulations! Netlists match.
2026-08-10 18:05:13 +0200: Memory Usage (486268K) : ==========================================
2026-08-10 18:05:13 +0200: Memory Usage (486268K) : LVS Total Run time 4.899439 seconds
