03-Aug-2026 14:11:38 | INFO    | Your Klayout version is: KLayout 0.30.9 (required >= 0.30.5)
03-Aug-2026 14:11:38 | INFO    | Running SG13G2 LVS checks on design /foss/designs/ihp-open-pdk-regression/IOPADS/layout/sg13g2_IOPadVss.gds on cell sg13g2_IOPadVss
2026-08-03 14:11:42 +0200: Memory Usage (455376K) : Starting running SG13G2 Klayout LVS runset on /foss/designs/ihp-open-pdk-regression/IOPADS/layout/sg13g2_IOPadVss.gds
2026-08-03 14:11:42 +0200: Memory Usage (455376K) : Ruby Version for klayout: 3.2.3
2026-08-03 14:11:42 +0200: Memory Usage (457936K) : Loading database to memory is complete.
2026-08-03 14:11:42 +0200: Memory Usage (457936K) : SG13G2 Klayout LVS runset output at: /foss/designs/ihp-open-pdk-regression/IOPADS/lvs_sweep/20260803_140929/sg13g2_IOPadVss/sg13g2_IOPadVss.lvsdb
2026-08-03 14:11:42 +0200: Memory Usage (457936K) : Evaluate switches.
2026-08-03 14:11:42 +0200: Memory Usage (457936K) : Extracted netlist with net names: true
2026-08-03 14:11:42 +0200: Memory Usage (457936K) : Extracted netlist with comments in details: false
2026-08-03 14:11:42 +0200: Memory Usage (457936K) : Selected NET_ONLY option: false
2026-08-03 14:11:42 +0200: Memory Usage (457936K) : Selected LAYOUT_NETLIST option: (none)
2026-08-03 14:11:42 +0200: Memory Usage (457936K) : Selected IGNORE_TOP_PORTS_MISMATCH option: 
2026-08-03 14:11:42 +0200: Memory Usage (457936K) : Selected IMPLICIT_NETS option: (none)
2026-08-03 14:11:42 +0200: Memory Usage (457936K) : Selected TOP_LVL_PINS option: false
2026-08-03 14:11:42 +0200: Memory Usage (457936K) : Selected COMBINE DEVICES option: false
2026-08-03 14:11:42 +0200: Memory Usage (457936K) : Selected PURGE option: false
2026-08-03 14:11:42 +0200: Memory Usage (457936K) : Selected PURGE_NETS option: false
2026-08-03 14:11:42 +0200: Memory Usage (457936K) : Selected SIMPLIFY option: true
2026-08-03 14:11:42 +0200: Memory Usage (457936K) : Selected SERIES_RES option: true
2026-08-03 14:11:42 +0200: Memory Usage (457936K) : Selected PARALLEL_RES option: true
2026-08-03 14:11:42 +0200: Memory Usage (457936K) : Selected DISABLE_TAP_EXTRACTION option: false
2026-08-03 14:11:42 +0200: Memory Usage (457936K) : deep  mode is enabled.
2026-08-03 14:11:42 +0200: Memory Usage (458064K) : Netlist file: /foss/designs/ihp-open-pdk-regression/IOPADS/netlist/pads/sg13g2_IOPadVss.spi
2026-08-03 14:11:42 +0200: Memory Usage (458064K) : LVS extracted netlist at: /foss/designs/ihp-open-pdk-regression/IOPADS/lvs_sweep/20260803_140929/sg13g2_IOPadVss/sg13g2_IOPadVss_extracted.cir
2026-08-03 14:11:42 +0200: Memory Usage (458064K) : Applying SRAM integration support.
2026-08-03 14:11:42 +0200: Memory Usage (458064K) : Starting SG13G2 LVS runset
2026-08-03 14:11:42 +0200: Memory Usage (458064K) : Read in polygons from layers.
2026-08-03 14:11:42 +0200: Memory Usage (459216K) : activ_drw has 21 polygons
2026-08-03 14:11:42 +0200: Memory Usage (459216K) : activ_filler has 0 polygons
2026-08-03 14:11:42 +0200: Memory Usage (459344K) : activ has 21 polygons
2026-08-03 14:11:42 +0200: Memory Usage (459344K) : activ_pin has 0 polygons
2026-08-03 14:11:42 +0200: Memory Usage (459344K) : activ_mask has 0 polygons
2026-08-03 14:11:42 +0200: Memory Usage (459344K) : activ_nofill has 0 polygons
2026-08-03 14:11:42 +0200: Memory Usage (459344K) : activ_OPC has 0 polygons
2026-08-03 14:11:42 +0200: Memory Usage (459344K) : activ_iOPC has 0 polygons
2026-08-03 14:11:42 +0200: Memory Usage (459344K) : activ_noqrc has 0 polygons
2026-08-03 14:11:42 +0200: Memory Usage (459344K) : biwind_drw has 0 polygons
2026-08-03 14:11:42 +0200: Memory Usage (459344K) : biwind_OPC has 0 polygons
2026-08-03 14:11:42 +0200: Memory Usage (459472K) : gatpoly_drw has 0 polygons
2026-08-03 14:11:42 +0200: Memory Usage (459472K) : gatpoly_filler has 0 polygons
2026-08-03 14:11:42 +0200: Memory Usage (459600K) : gatpoly has 0 polygons
2026-08-03 14:11:42 +0200: Memory Usage (459600K) : gatpoly_pin has 0 polygons
2026-08-03 14:11:42 +0200: Memory Usage (459984K) : gatpoly_nofill has 0 polygons
2026-08-03 14:11:42 +0200: Memory Usage (459984K) : gatpoly_OPC has 0 polygons
2026-08-03 14:11:42 +0200: Memory Usage (460112K) : gatpoly_iOPC has 0 polygons
2026-08-03 14:11:42 +0200: Memory Usage (460112K) : gatpoly_noqrc has 0 polygons
2026-08-03 14:11:42 +0200: Memory Usage (463056K) : cont_drw has 73574 polygons
2026-08-03 14:11:42 +0200: Memory Usage (463056K) : cont_OPC has 0 polygons
2026-08-03 14:11:42 +0200: Memory Usage (463056K) : nsd_drw has 0 polygons
2026-08-03 14:11:42 +0200: Memory Usage (463056K) : nsd_block has 0 polygons
2026-08-03 14:11:42 +0200: Memory Usage (463056K) : metal1_drw has 37 polygons
2026-08-03 14:11:42 +0200: Memory Usage (463056K) : metal1_filler has 0 polygons
2026-08-03 14:11:42 +0200: Memory Usage (463056K) : metal1_slit has 0 polygons
2026-08-03 14:11:42 +0200: Memory Usage (463056K) : metal1 has 37 polygons
2026-08-03 14:11:42 +0200: Memory Usage (463056K) : metal1_pin has 14 polygons
2026-08-03 14:11:42 +0200: Memory Usage (463056K) : metal1_mask has 0 polygons
2026-08-03 14:11:42 +0200: Memory Usage (463056K) : metal1_nofill has 0 polygons
2026-08-03 14:11:42 +0200: Memory Usage (463312K) : metal1_text has 14 polygons
2026-08-03 14:11:42 +0200: Memory Usage (463312K) : metal1_OPC has 0 polygons
2026-08-03 14:11:42 +0200: Memory Usage (463312K) : metal1_noqrc has 0 polygons
2026-08-03 14:11:42 +0200: Memory Usage (463312K) : metal1_res has 0 polygons
2026-08-03 14:11:42 +0200: Memory Usage (463312K) : metal1_iprobe has 0 polygons
2026-08-03 14:11:42 +0200: Memory Usage (463312K) : metal1_diffprb has 0 polygons
2026-08-03 14:11:42 +0200: Memory Usage (463312K) : passiv_drw has 0 polygons
2026-08-03 14:11:42 +0200: Memory Usage (463312K) : passiv_pin has 0 polygons
2026-08-03 14:11:42 +0200: Memory Usage (463312K) : passiv_sbump has 0 polygons
2026-08-03 14:11:42 +0200: Memory Usage (463312K) : passiv_pillar has 0 polygons
2026-08-03 14:11:42 +0200: Memory Usage (463312K) : passiv_pdl has 0 polygons
2026-08-03 14:11:42 +0200: Memory Usage (463440K) : metal2_drw has 20 polygons
2026-08-03 14:11:42 +0200: Memory Usage (463440K) : metal2_filler has 0 polygons
2026-08-03 14:11:42 +0200: Memory Usage (463440K) : metal2_slit has 0 polygons
2026-08-03 14:11:42 +0200: Memory Usage (463696K) : metal2 has 20 polygons
2026-08-03 14:11:42 +0200: Memory Usage (463696K) : metal2_pin has 1 polygons
2026-08-03 14:11:42 +0200: Memory Usage (463696K) : metal2_mask has 0 polygons
2026-08-03 14:11:42 +0200: Memory Usage (463696K) : metal2_nofill has 0 polygons
2026-08-03 14:11:42 +0200: Memory Usage (463696K) : metal2_text has 1 polygons
2026-08-03 14:11:42 +0200: Memory Usage (463824K) : metal2_OPC has 0 polygons
2026-08-03 14:11:42 +0200: Memory Usage (463824K) : metal2_noqrc has 0 polygons
2026-08-03 14:11:42 +0200: Memory Usage (463824K) : metal2_res has 0 polygons
2026-08-03 14:11:42 +0200: Memory Usage (463952K) : metal2_iprobe has 0 polygons
2026-08-03 14:11:42 +0200: Memory Usage (463952K) : metal2_diffprb has 0 polygons
2026-08-03 14:11:42 +0200: Memory Usage (464080K) : baspoly_drw has 0 polygons
2026-08-03 14:11:42 +0200: Memory Usage (464080K) : baspoly_pin has 0 polygons
2026-08-03 14:11:42 +0200: Memory Usage (464208K) : psd_drw has 11 polygons
2026-08-03 14:11:42 +0200: Memory Usage (464208K) : nldb_drw has 0 polygons
2026-08-03 14:11:42 +0200: Memory Usage (464336K) : digibnd_drw has 0 polygons
2026-08-03 14:11:42 +0200: Memory Usage (464336K) : via1_drw has 2182 polygons
2026-08-03 14:11:42 +0200: Memory Usage (464464K) : backmetal1_drw has 0 polygons
2026-08-03 14:11:42 +0200: Memory Usage (464592K) : backmetal1_pin has 0 polygons
2026-08-03 14:11:42 +0200: Memory Usage (464592K) : backmetal1_mask has 0 polygons
2026-08-03 14:11:42 +0200: Memory Usage (464720K) : backmetal1_filler has 0 polygons
2026-08-03 14:11:42 +0200: Memory Usage (464720K) : backmetal1_nofill has 0 polygons
2026-08-03 14:11:42 +0200: Memory Usage (464848K) : backmetal1_slit has 0 polygons
2026-08-03 14:11:42 +0200: Memory Usage (464848K) : backmetal1_text has 0 polygons
2026-08-03 14:11:42 +0200: Memory Usage (464976K) : backmetal1_OPC has 0 polygons
2026-08-03 14:11:42 +0200: Memory Usage (465104K) : backmetal1_noqrc has 0 polygons
2026-08-03 14:11:42 +0200: Memory Usage (465104K) : backmetal1_res has 0 polygons
2026-08-03 14:11:42 +0200: Memory Usage (465232K) : backmetal1_iprobe has 0 polygons
2026-08-03 14:11:42 +0200: Memory Usage (465232K) : backmetal1_diffprb has 0 polygons
2026-08-03 14:11:42 +0200: Memory Usage (465360K) : backpassiv_drw has 0 polygons
2026-08-03 14:11:42 +0200: Memory Usage (465360K) : res_drw has 0 polygons
2026-08-03 14:11:42 +0200: Memory Usage (465488K) : sram_drw has 0 polygons
2026-08-03 14:11:42 +0200: Memory Usage (465488K) : trans_drw has 0 polygons
2026-08-03 14:11:42 +0200: Memory Usage (465616K) : ind_drw has 0 polygons
2026-08-03 14:11:42 +0200: Memory Usage (465744K) : ind_pin has 0 polygons
2026-08-03 14:11:42 +0200: Memory Usage (465744K) : ind_text has 0 polygons
2026-08-03 14:11:42 +0200: Memory Usage (465872K) : salblock_drw has 0 polygons
2026-08-03 14:11:42 +0200: Memory Usage (465872K) : via2_drw has 6508 polygons
2026-08-03 14:11:42 +0200: Memory Usage (466128K) : metal3_drw has 12 polygons
2026-08-03 14:11:42 +0200: Memory Usage (466128K) : metal3_filler has 0 polygons
2026-08-03 14:11:42 +0200: Memory Usage (466256K) : metal3_slit has 0 polygons
2026-08-03 14:11:42 +0200: Memory Usage (466384K) : metal3 has 12 polygons
2026-08-03 14:11:42 +0200: Memory Usage (466384K) : metal3_pin has 8 polygons
2026-08-03 14:11:42 +0200: Memory Usage (466512K) : metal3_mask has 0 polygons
2026-08-03 14:11:42 +0200: Memory Usage (466512K) : metal3_nofill has 0 polygons
2026-08-03 14:11:42 +0200: Memory Usage (466640K) : metal3_text has 8 polygons
2026-08-03 14:11:42 +0200: Memory Usage (466640K) : metal3_OPC has 0 polygons
2026-08-03 14:11:42 +0200: Memory Usage (466768K) : metal3_noqrc has 0 polygons
2026-08-03 14:11:42 +0200: Memory Usage (466768K) : metal3_res has 0 polygons
2026-08-03 14:11:42 +0200: Memory Usage (466896K) : metal3_iprobe has 0 polygons
2026-08-03 14:11:42 +0200: Memory Usage (466896K) : metal3_diffprb has 0 polygons
2026-08-03 14:11:42 +0200: Memory Usage (467024K) : nwell_drw has 8 polygons
2026-08-03 14:11:42 +0200: Memory Usage (467024K) : nwell_pin has 0 polygons
2026-08-03 14:11:42 +0200: Memory Usage (467152K) : nwell_text has 0 polygons
2026-08-03 14:11:42 +0200: Memory Usage (467152K) : nbulay_drw has 0 polygons
2026-08-03 14:11:42 +0200: Memory Usage (467280K) : nbulay_pin has 0 polygons
2026-08-03 14:11:42 +0200: Memory Usage (467280K) : nbulay_block has 0 polygons
2026-08-03 14:11:42 +0200: Memory Usage (467408K) : emwind_drw has 0 polygons
2026-08-03 14:11:42 +0200: Memory Usage (467408K) : emwind_OPC has 0 polygons
2026-08-03 14:11:42 +0200: Memory Usage (467408K) : deepco_drw has 0 polygons
2026-08-03 14:11:42 +0200: Memory Usage (467408K) : mim_drw has 0 polygons
2026-08-03 14:11:42 +0200: Memory Usage (467408K) : edgeseal_drw has 0 polygons
2026-08-03 14:11:42 +0200: Memory Usage (467408K) : substrate_drw has 9 polygons
2026-08-03 14:11:42 +0200: Memory Usage (467408K) : substrate_text has 0 polygons
2026-08-03 14:11:42 +0200: Memory Usage (467408K) : dfpad_drw has 0 polygons
2026-08-03 14:11:42 +0200: Memory Usage (467408K) : dfpad_pillar has 0 polygons
2026-08-03 14:11:42 +0200: Memory Usage (467408K) : dfpad_sbump has 0 polygons
2026-08-03 14:11:42 +0200: Memory Usage (467408K) : thickgateox_drw has 0 polygons
2026-08-03 14:11:42 +0200: Memory Usage (467408K) : pldb_drw has 0 polygons
2026-08-03 14:11:42 +0200: Memory Usage (467408K) : pwell_drw has 0 polygons
2026-08-03 14:11:42 +0200: Memory Usage (467408K) : pwell_pin has 0 polygons
2026-08-03 14:11:42 +0200: Memory Usage (467408K) : pwell_block has 0 polygons
2026-08-03 14:11:42 +0200: Memory Usage (467408K) : ic_drw has 0 polygons
2026-08-03 14:11:42 +0200: Memory Usage (467408K) : via3_drw has 2087 polygons
2026-08-03 14:11:42 +0200: Memory Usage (467408K) : metal4_drw has 8 polygons
2026-08-03 14:11:42 +0200: Memory Usage (467408K) : metal4_filler has 0 polygons
2026-08-03 14:11:42 +0200: Memory Usage (467408K) : metal4_slit has 0 polygons
2026-08-03 14:11:42 +0200: Memory Usage (467408K) : metal4 has 8 polygons
2026-08-03 14:11:42 +0200: Memory Usage (467408K) : metal4_pin has 8 polygons
2026-08-03 14:11:42 +0200: Memory Usage (467408K) : metal4_mask has 0 polygons
2026-08-03 14:11:42 +0200: Memory Usage (467408K) : metal4_nofill has 0 polygons
2026-08-03 14:11:42 +0200: Memory Usage (467408K) : metal4_text has 8 polygons
2026-08-03 14:11:42 +0200: Memory Usage (467408K) : metal4_OPC has 0 polygons
2026-08-03 14:11:42 +0200: Memory Usage (467408K) : metal4_noqrc has 0 polygons
2026-08-03 14:11:42 +0200: Memory Usage (467408K) : metal4_res has 0 polygons
2026-08-03 14:11:42 +0200: Memory Usage (467408K) : metal4_iprobe has 0 polygons
2026-08-03 14:11:42 +0200: Memory Usage (467408K) : metal4_diffprb has 0 polygons
2026-08-03 14:11:42 +0200: Memory Usage (467408K) : heattrans_drw has 0 polygons
2026-08-03 14:11:42 +0200: Memory Usage (467408K) : heatres_drw has 0 polygons
2026-08-03 14:11:42 +0200: Memory Usage (467408K) : fbe_drw has 0 polygons
2026-08-03 14:11:42 +0200: Memory Usage (467408K) : empoly_drw has 0 polygons
2026-08-03 14:11:42 +0200: Memory Usage (467408K) : digisub_drw has 0 polygons
2026-08-03 14:11:42 +0200: Memory Usage (467408K) : text_drw has 7 polygons
2026-08-03 14:11:42 +0200: Memory Usage (467408K) : via4_drw has 2371 polygons
2026-08-03 14:11:42 +0200: Memory Usage (467408K) : metal5_drw has 8 polygons
2026-08-03 14:11:42 +0200: Memory Usage (467408K) : metal5_filler has 0 polygons
2026-08-03 14:11:42 +0200: Memory Usage (467408K) : metal5_slit has 0 polygons
2026-08-03 14:11:42 +0200: Memory Usage (467408K) : metal5 has 8 polygons
2026-08-03 14:11:42 +0200: Memory Usage (467408K) : metal5_pin has 8 polygons
2026-08-03 14:11:42 +0200: Memory Usage (467408K) : metal5_mask has 0 polygons
2026-08-03 14:11:42 +0200: Memory Usage (467408K) : metal5_nofill has 0 polygons
2026-08-03 14:11:42 +0200: Memory Usage (467408K) : metal5_text has 8 polygons
2026-08-03 14:11:42 +0200: Memory Usage (467408K) : metal5_OPC has 0 polygons
2026-08-03 14:11:42 +0200: Memory Usage (467408K) : metal5_noqrc has 0 polygons
2026-08-03 14:11:42 +0200: Memory Usage (467408K) : metal5_res has 0 polygons
2026-08-03 14:11:42 +0200: Memory Usage (467408K) : metal5_iprobe has 0 polygons
2026-08-03 14:11:42 +0200: Memory Usage (467408K) : metal5_diffprb has 0 polygons
2026-08-03 14:11:42 +0200: Memory Usage (467408K) : radhard_drw has 0 polygons
2026-08-03 14:11:42 +0200: Memory Usage (467408K) : memcap_drw has 0 polygons
2026-08-03 14:11:42 +0200: Memory Usage (467408K) : varicap_drw has 0 polygons
2026-08-03 14:11:42 +0200: Memory Usage (467408K) : intbondvia_drw has 0 polygons
2026-08-03 14:11:42 +0200: Memory Usage (467408K) : intbondmet_drw has 0 polygons
2026-08-03 14:11:42 +0200: Memory Usage (467408K) : devbondvia_drw has 0 polygons
2026-08-03 14:11:42 +0200: Memory Usage (467408K) : devbondmet_drw has 0 polygons
2026-08-03 14:11:42 +0200: Memory Usage (467408K) : devtrench_drw has 0 polygons
2026-08-03 14:11:42 +0200: Memory Usage (467408K) : redist_drw has 0 polygons
2026-08-03 14:11:42 +0200: Memory Usage (467408K) : graphbot_drw has 0 polygons
2026-08-03 14:11:42 +0200: Memory Usage (467408K) : graphtop_drw has 0 polygons
2026-08-03 14:11:42 +0200: Memory Usage (467408K) : antvia1_drw has 0 polygons
2026-08-03 14:11:42 +0200: Memory Usage (467408K) : antmetal2_drw has 0 polygons
2026-08-03 14:11:42 +0200: Memory Usage (467408K) : graphcont_drw has 0 polygons
2026-08-03 14:11:42 +0200: Memory Usage (467408K) : siwg_drw has 0 polygons
2026-08-03 14:11:42 +0200: Memory Usage (467408K) : siwg_filler has 0 polygons
2026-08-03 14:11:42 +0200: Memory Usage (467408K) : siwg_nofill has 0 polygons
2026-08-03 14:11:42 +0200: Memory Usage (467408K) : sigrating_drw has 0 polygons
2026-08-03 14:11:42 +0200: Memory Usage (467408K) : singrating_drw has 0 polygons
2026-08-03 14:11:42 +0200: Memory Usage (467408K) : graphpas_drw has 0 polygons
2026-08-03 14:11:42 +0200: Memory Usage (467408K) : emwind3_drw has 0 polygons
2026-08-03 14:11:42 +0200: Memory Usage (467408K) : emwihv3_drw has 0 polygons
2026-08-03 14:11:42 +0200: Memory Usage (467408K) : redbulay_drw has 0 polygons
2026-08-03 14:11:42 +0200: Memory Usage (467408K) : smos_drw has 0 polygons
2026-08-03 14:11:42 +0200: Memory Usage (467408K) : graphpad_drw has 0 polygons
2026-08-03 14:11:42 +0200: Memory Usage (467408K) : polimide_drw has 0 polygons
2026-08-03 14:11:42 +0200: Memory Usage (467408K) : polimide_pin has 0 polygons
2026-08-03 14:11:42 +0200: Memory Usage (467408K) : recog_drw has 0 polygons
2026-08-03 14:11:42 +0200: Memory Usage (467408K) : recog_pin has 0 polygons
2026-08-03 14:11:42 +0200: Memory Usage (467408K) : recog_esd has 0 polygons
2026-08-03 14:11:42 +0200: Memory Usage (467408K) : recog_diode has 4 polygons
2026-08-03 14:11:42 +0200: Memory Usage (467408K) : recog_tsv has 0 polygons
2026-08-03 14:11:42 +0200: Memory Usage (467408K) : recog_iprobe has 0 polygons
2026-08-03 14:11:42 +0200: Memory Usage (467408K) : recog_diffprb has 0 polygons
2026-08-03 14:11:42 +0200: Memory Usage (467408K) : recog_pillar has 0 polygons
2026-08-03 14:11:42 +0200: Memory Usage (467408K) : recog_sbump has 0 polygons
2026-08-03 14:11:42 +0200: Memory Usage (467408K) : recog_otp has 0 polygons
2026-08-03 14:11:42 +0200: Memory Usage (467408K) : recog_pdiode has 0 polygons
2026-08-03 14:11:42 +0200: Memory Usage (467408K) : recog_mom has 0 polygons
2026-08-03 14:11:42 +0200: Memory Usage (467408K) : recog_pcm has 0 polygons
2026-08-03 14:11:42 +0200: Memory Usage (467408K) : colopen_drw has 0 polygons
2026-08-03 14:11:42 +0200: Memory Usage (467408K) : graphmetal1_drw has 0 polygons
2026-08-03 14:11:42 +0200: Memory Usage (467408K) : graphmetal1_filler has 0 polygons
2026-08-03 14:11:42 +0200: Memory Usage (467408K) : graphmetal1_nofill has 0 polygons
2026-08-03 14:11:42 +0200: Memory Usage (467408K) : graphmetal1_slit has 0 polygons
2026-08-03 14:11:42 +0200: Memory Usage (467408K) : graphmetal1_OPC has 0 polygons
2026-08-03 14:11:42 +0200: Memory Usage (467408K) : graphmet1l_drw has 0 polygons
2026-08-03 14:11:42 +0200: Memory Usage (467408K) : graphmet1l_filler has 0 polygons
2026-08-03 14:11:42 +0200: Memory Usage (467408K) : graphmet1l_nofill has 0 polygons
2026-08-03 14:11:42 +0200: Memory Usage (467408K) : graphmet1l_slit has 0 polygons
2026-08-03 14:11:42 +0200: Memory Usage (467536K) : graphmet1l_OPC has 0 polygons
2026-08-03 14:11:42 +0200: Memory Usage (467536K) : extblock_drw has 0 polygons
2026-08-03 14:11:42 +0200: Memory Usage (467664K) : nldd_drw has 0 polygons
2026-08-03 14:11:43 +0200: Memory Usage (467664K) : pldd_drw has 0 polygons
2026-08-03 14:11:43 +0200: Memory Usage (467664K) : next_drw has 0 polygons
2026-08-03 14:11:43 +0200: Memory Usage (467792K) : pext_drw has 0 polygons
2026-08-03 14:11:43 +0200: Memory Usage (467792K) : nexthv_drw has 0 polygons
2026-08-03 14:11:43 +0200: Memory Usage (467920K) : pexthv_drw has 0 polygons
2026-08-03 14:11:43 +0200: Memory Usage (467920K) : graphgate_drw has 0 polygons
2026-08-03 14:11:43 +0200: Memory Usage (468048K) : sinwg_drw has 0 polygons
2026-08-03 14:11:43 +0200: Memory Usage (468048K) : sinwg_filler has 0 polygons
2026-08-03 14:11:43 +0200: Memory Usage (468176K) : sinwg_nofill has 0 polygons
2026-08-03 14:11:43 +0200: Memory Usage (468176K) : mempad_drw has 0 polygons
2026-08-03 14:11:43 +0200: Memory Usage (468304K) : topvia1_drw has 2315 polygons
2026-08-03 14:11:43 +0200: Memory Usage (468432K) : topmetal1_drw has 8 polygons
2026-08-03 14:11:43 +0200: Memory Usage (468432K) : topmetal1_filler has 0 polygons
2026-08-03 14:11:43 +0200: Memory Usage (468560K) : topmetal1_slit has 0 polygons
2026-08-03 14:11:43 +0200: Memory Usage (468688K) : topmetal1 has 8 polygons
2026-08-03 14:11:43 +0200: Memory Usage (468688K) : topmetal1_pin has 8 polygons
2026-08-03 14:11:43 +0200: Memory Usage (468816K) : topmetal1_mask has 0 polygons
2026-08-03 14:11:43 +0200: Memory Usage (468816K) : topmetal1_nofill has 0 polygons
2026-08-03 14:11:43 +0200: Memory Usage (468816K) : topmetal1_text has 8 polygons
2026-08-03 14:11:43 +0200: Memory Usage (468944K) : topmetal1_noqrc has 0 polygons
2026-08-03 14:11:43 +0200: Memory Usage (468944K) : topmetal1_res has 0 polygons
2026-08-03 14:11:43 +0200: Memory Usage (469072K) : topmetal1_iprobe has 0 polygons
2026-08-03 14:11:43 +0200: Memory Usage (469072K) : topmetal1_diffprb has 0 polygons
2026-08-03 14:11:43 +0200: Memory Usage (469200K) : inldpwl_drw has 0 polygons
2026-08-03 14:11:43 +0200: Memory Usage (469200K) : polyres_drw has 0 polygons
2026-08-03 14:11:43 +0200: Memory Usage (469328K) : polyres_pin has 0 polygons
2026-08-03 14:11:43 +0200: Memory Usage (469328K) : vmim_drw has 0 polygons
2026-08-03 14:11:43 +0200: Memory Usage (469456K) : nbulaycut_drw has 0 polygons
2026-08-03 14:11:43 +0200: Memory Usage (469456K) : antmetal1_drw has 0 polygons
2026-08-03 14:11:43 +0200: Memory Usage (469584K) : topvia2_drw has 1593 polygons
2026-08-03 14:11:43 +0200: Memory Usage (469584K) : topmetal2_drw has 6 polygons
2026-08-03 14:11:43 +0200: Memory Usage (469712K) : topmetal2_filler has 0 polygons
2026-08-03 14:11:43 +0200: Memory Usage (469712K) : topmetal2_slit has 0 polygons
2026-08-03 14:11:43 +0200: Memory Usage (469840K) : topmetal2 has 6 polygons
2026-08-03 14:11:43 +0200: Memory Usage (469968K) : topmetal2_pin has 6 polygons
2026-08-03 14:11:43 +0200: Memory Usage (469968K) : topmetal2_mask has 0 polygons
2026-08-03 14:11:43 +0200: Memory Usage (470096K) : topmetal2_nofill has 0 polygons
2026-08-03 14:11:43 +0200: Memory Usage (470096K) : topmetal2_text has 6 polygons
2026-08-03 14:11:43 +0200: Memory Usage (470096K) : topmetal2_noqrc has 0 polygons
2026-08-03 14:11:43 +0200: Memory Usage (470224K) : topmetal2_res has 0 polygons
2026-08-03 14:11:43 +0200: Memory Usage (470224K) : topmetal2_iprobe has 0 polygons
2026-08-03 14:11:43 +0200: Memory Usage (470352K) : topmetal2_diffprb has 0 polygons
2026-08-03 14:11:43 +0200: Memory Usage (470352K) : snsring_drw has 0 polygons
2026-08-03 14:11:43 +0200: Memory Usage (470480K) : sensor_drw has 0 polygons
2026-08-03 14:11:43 +0200: Memory Usage (470480K) : snsarms_drw has 0 polygons
2026-08-03 14:11:43 +0200: Memory Usage (470608K) : snscmosvia_drw has 0 polygons
2026-08-03 14:11:43 +0200: Memory Usage (470608K) : colwind_drw has 0 polygons
2026-08-03 14:11:43 +0200: Memory Usage (470736K) : flm_drw has 0 polygons
2026-08-03 14:11:43 +0200: Memory Usage (470736K) : hafniumox_drw has 0 polygons
2026-08-03 14:11:43 +0200: Memory Usage (470864K) : memvia_drw has 0 polygons
2026-08-03 14:11:43 +0200: Memory Usage (470864K) : thinfilmres_drw has 0 polygons
2026-08-03 14:11:43 +0200: Memory Usage (470992K) : rfmem_drw has 0 polygons
2026-08-03 14:11:43 +0200: Memory Usage (470992K) : norcx_drw has 0 polygons
2026-08-03 14:11:43 +0200: Memory Usage (471120K) : norcx_m2m3 has 0 polygons
2026-08-03 14:11:43 +0200: Memory Usage (471120K) : norcx_m2m4 has 0 polygons
2026-08-03 14:11:43 +0200: Memory Usage (471248K) : norcx_m2m5 has 0 polygons
2026-08-03 14:11:43 +0200: Memory Usage (471248K) : norcx_m2tm1 has 0 polygons
2026-08-03 14:11:43 +0200: Memory Usage (471376K) : norcx_m2tm2 has 0 polygons
2026-08-03 14:11:43 +0200: Memory Usage (471376K) : norcx_m3m4 has 0 polygons
2026-08-03 14:11:43 +0200: Memory Usage (471504K) : norcx_m3m5 has 0 polygons
2026-08-03 14:11:43 +0200: Memory Usage (471504K) : norcx_m3tm1 has 0 polygons
2026-08-03 14:11:43 +0200: Memory Usage (471632K) : norcx_m3tm2 has 0 polygons
2026-08-03 14:11:43 +0200: Memory Usage (471632K) : norcx_m4m5 has 0 polygons
2026-08-03 14:11:43 +0200: Memory Usage (471760K) : norcx_m4tm1 has 0 polygons
2026-08-03 14:11:43 +0200: Memory Usage (471760K) : norcx_m4tm2 has 0 polygons
2026-08-03 14:11:43 +0200: Memory Usage (471888K) : norcx_m5tm1 has 0 polygons
2026-08-03 14:11:43 +0200: Memory Usage (471888K) : norcx_m5tm2 has 0 polygons
2026-08-03 14:11:43 +0200: Memory Usage (472016K) : norcx_tm1tm2 has 0 polygons
2026-08-03 14:11:43 +0200: Memory Usage (472016K) : norcx_m1sub has 0 polygons
2026-08-03 14:11:43 +0200: Memory Usage (472016K) : norcx_m2sub has 0 polygons
2026-08-03 14:11:43 +0200: Memory Usage (472144K) : norcx_m3sub has 0 polygons
2026-08-03 14:11:43 +0200: Memory Usage (472144K) : norcx_m4sub has 0 polygons
2026-08-03 14:11:43 +0200: Memory Usage (472272K) : norcx_m5sub has 0 polygons
2026-08-03 14:11:43 +0200: Memory Usage (472272K) : norcx_tm1sub has 0 polygons
2026-08-03 14:11:43 +0200: Memory Usage (472400K) : norcx_tm2sub has 0 polygons
2026-08-03 14:11:43 +0200: Memory Usage (472400K) : snsbotvia_drw has 0 polygons
2026-08-03 14:11:43 +0200: Memory Usage (472528K) : snstopvia_drw has 0 polygons
2026-08-03 14:11:43 +0200: Memory Usage (472528K) : deepvia_drw has 0 polygons
2026-08-03 14:11:43 +0200: Memory Usage (472656K) : fgetch_drw has 0 polygons
2026-08-03 14:11:43 +0200: Memory Usage (472656K) : ctrgat_drw has 0 polygons
2026-08-03 14:11:43 +0200: Memory Usage (472784K) : fgimp_drw has 0 polygons
2026-08-03 14:11:43 +0200: Memory Usage (472784K) : emwihv_drw has 0 polygons
2026-08-03 14:11:43 +0200: Memory Usage (472912K) : lbe_drw has 0 polygons
2026-08-03 14:11:43 +0200: Memory Usage (472912K) : alcustop_drw has 0 polygons
2026-08-03 14:11:43 +0200: Memory Usage (473040K) : nometfiller_drw has 0 polygons
2026-08-03 14:11:43 +0200: Memory Usage (473040K) : prboundary_drw has 0 polygons
2026-08-03 14:11:43 +0200: Memory Usage (473168K) : exchange0_drw has 0 polygons
2026-08-03 14:11:43 +0200: Memory Usage (473168K) : exchange0_pin has 0 polygons
2026-08-03 14:11:43 +0200: Memory Usage (473168K) : exchange0_text has 0 polygons
2026-08-03 14:11:43 +0200: Memory Usage (473296K) : exchange1_drw has 0 polygons
2026-08-03 14:11:43 +0200: Memory Usage (473296K) : exchange1_pin has 0 polygons
2026-08-03 14:11:43 +0200: Memory Usage (473424K) : exchange1_text has 0 polygons
2026-08-03 14:11:43 +0200: Memory Usage (473424K) : exchange2_drw has 0 polygons
2026-08-03 14:11:43 +0200: Memory Usage (473552K) : exchange2_pin has 0 polygons
2026-08-03 14:11:43 +0200: Memory Usage (473552K) : exchange2_text has 0 polygons
2026-08-03 14:11:43 +0200: Memory Usage (473680K) : exchange3_drw has 0 polygons
2026-08-03 14:11:43 +0200: Memory Usage (473680K) : exchange3_pin has 0 polygons
2026-08-03 14:11:43 +0200: Memory Usage (473808K) : exchange3_text has 0 polygons
2026-08-03 14:11:43 +0200: Memory Usage (473808K) : exchange4_drw has 0 polygons
2026-08-03 14:11:43 +0200: Memory Usage (473936K) : exchange4_pin has 0 polygons
2026-08-03 14:11:43 +0200: Memory Usage (473936K) : exchange4_text has 0 polygons
2026-08-03 14:11:43 +0200: Memory Usage (473936K) : isonwell_drw has 0 polygons
2026-08-03 14:11:43 +0200: Memory Usage (473936K) : Total no. of polygons in the design is 90895
2026-08-03 14:11:43 +0200: Memory Usage (473936K) : Starting base layers derivations
2026-08-03 14:11:43 +0200: Memory Usage (473936K) : Starting general LVS derivations
2026-08-03 14:11:43 +0200: Memory Usage (480464K) : Starting MOSFET DERIVATIONS
2026-08-03 14:11:43 +0200: Memory Usage (509372K) : Starting NMOS DERIVATIONS
2026-08-03 14:11:43 +0200: Memory Usage (509372K) : Starting PMOS DERIVATIONS
2026-08-03 14:11:43 +0200: Memory Usage (509372K) : Starting RF-MOSFET DERIVATIONS
2026-08-03 14:11:43 +0200: Memory Usage (509372K) : Starting RF-NMOS DERIVATIONS
2026-08-03 14:11:43 +0200: Memory Usage (509372K) : Starting RF-PMOS DERIVATIONS
2026-08-03 14:11:43 +0200: Memory Usage (509372K) : Starting BJT DERIVATIONS
2026-08-03 14:11:43 +0200: Memory Usage (509372K) : Starting NPN-BJT DERIVATIONS
2026-08-03 14:11:44 +0200: Memory Usage (509372K) : Starting PNP-BJT DERIVATIONS
2026-08-03 14:11:44 +0200: Memory Usage (509372K) : Starting DIODE DERIVATIONS
2026-08-03 14:11:44 +0200: Memory Usage (518972K) : Starting RESISTOR DERIVATIONS
2026-08-03 14:11:45 +0200: Memory Usage (518972K) : Starting CAP DERIVATIONS
2026-08-03 14:11:45 +0200: Memory Usage (519100K) : Starting ESD DERIVATIONS
2026-08-03 14:11:45 +0200: Memory Usage (519100K) : Starting Inductor DERIVATIONS
2026-08-03 14:11:45 +0200: Memory Usage (520508K) : Starting Taps DERIVATIONS
2026-08-03 14:11:45 +0200: Memory Usage (521660K) : Starting SG13G2 LVS connectivity setup
2026-08-03 14:11:45 +0200: Memory Usage (521660K) : Starting SG13G2 LVS connectivity setup (Inter-layer)
2026-08-03 14:11:45 +0200: Memory Usage (521788K) : Starting SG13G2 LVS connectivity setup (Global)
2026-08-03 14:11:45 +0200: Memory Usage (521788K) : Starting LVS MOSFET CONNECTIONS
2026-08-03 14:11:45 +0200: Memory Usage (521788K) : Starting LVS RF-MOSFET CONNECTIONS
2026-08-03 14:11:45 +0200: Memory Usage (521788K) : Starting LVS BJT CONNECTIONS
2026-08-03 14:11:45 +0200: Memory Usage (521788K) : Starting LVS DIODE CONNECTIONS
2026-08-03 14:11:45 +0200: Memory Usage (521788K) : Starting RESISTOR CONNECTIONS
2026-08-03 14:11:45 +0200: Memory Usage (521788K) : Starting LVS CAP CONNECTIONS
2026-08-03 14:11:45 +0200: Memory Usage (521788K) : Starting ESD CONNECTIONS
2026-08-03 14:11:45 +0200: Memory Usage (521788K) : Starting Inductor CONNECTIONS
2026-08-03 14:11:45 +0200: Memory Usage (521788K) : Starting LVS Taps CONNECTIONS
2026-08-03 14:11:45 +0200: Memory Usage (521788K) : Starting SG13G2 LVS DEVICES EXTRACTION
2026-08-03 14:11:45 +0200: Memory Usage (521788K) : Starting MOSFET EXTRACTION
2026-08-03 14:11:45 +0200: Memory Usage (521788K) : Starting NMOS EXTRACTION
2026-08-03 14:11:45 +0200: Memory Usage (521788K) : Extraction of NMOS-LV transistor
2026-08-03 14:11:45 +0200: Memory Usage (521788K) : Extraction of NMOS-HV transistor
2026-08-03 14:11:45 +0200: Memory Usage (521788K) : Starting PMOS EXTRACTION
2026-08-03 14:11:45 +0200: Memory Usage (521788K) : Extraction of PMOS-LV transistor
2026-08-03 14:11:45 +0200: Memory Usage (521788K) : Extraction of PMOS-HV transistor
2026-08-03 14:11:45 +0200: Memory Usage (521788K) : Starting RF-MOSFET EXTRACTION
2026-08-03 14:11:45 +0200: Memory Usage (521788K) : Extraction of RF-NMOS-LV transistor
2026-08-03 14:11:45 +0200: Memory Usage (521788K) : Extraction of RF-NMOS-HV transistor
2026-08-03 14:11:45 +0200: Memory Usage (521788K) : Extraction of RF-PMOS-LV transistor
2026-08-03 14:11:45 +0200: Memory Usage (521788K) : Extraction of RF-PMOS-HV transistor
2026-08-03 14:11:45 +0200: Memory Usage (521788K) : Starting BJT EXTRACTION
2026-08-03 14:11:45 +0200: Memory Usage (521788K) : Starting NPN-BJT EXTRACTION
2026-08-03 14:11:45 +0200: Memory Usage (521788K) : Extraction of npn13G2 BJT transistor
2026-08-03 14:11:45 +0200: Memory Usage (521788K) : Extraction of npn13G2L BJT transistor
2026-08-03 14:11:45 +0200: Memory Usage (521788K) : Extraction of npn13G2V BJT transistor
2026-08-03 14:11:45 +0200: Memory Usage (521788K) : Starting PNP-BJT EXTRACTION
2026-08-03 14:11:45 +0200: Memory Usage (521788K) : Extracting pnpMPA BJT
2026-08-03 14:11:45 +0200: Memory Usage (521788K) : Starting DIODE EXTRACTION
2026-08-03 14:11:45 +0200: Memory Usage (521788K) : Extracting dantenna diode
2026-08-03 14:11:45 +0200: Memory Usage (521788K) : Extracting dpantenna diode
2026-08-03 14:11:45 +0200: Memory Usage (521788K) : Extracting schottky_nbl1 diode
2026-08-03 14:11:45 +0200: Memory Usage (521788K) : Extracting isolbox diode
2026-08-03 14:11:45 +0200: Memory Usage (521788K) : Starting RESISTOR EXTRACTION
2026-08-03 14:11:45 +0200: Memory Usage (521788K) : Extracting rsil resistor
2026-08-03 14:11:45 +0200: Memory Usage (521788K) : Extracting rppd resistor
2026-08-03 14:11:45 +0200: Memory Usage (521788K) : Extracting rhigh resistor
2026-08-03 14:11:45 +0200: Memory Usage (521788K) : Extracting res_metal1 resistor
2026-08-03 14:11:45 +0200: Memory Usage (521916K) : Extracting res_metal2 resistor
2026-08-03 14:11:45 +0200: Memory Usage (521916K) : Extracting res_metal3 resistor
2026-08-03 14:11:45 +0200: Memory Usage (521916K) : Extracting res_metal4 resistor
2026-08-03 14:11:45 +0200: Memory Usage (521916K) : Extracting res_metal5 resistor
2026-08-03 14:11:45 +0200: Memory Usage (521916K) : Extracting res_topmetal1 resistor
2026-08-03 14:11:45 +0200: Memory Usage (521916K) : Extracting res_topmetal2 resistor
2026-08-03 14:11:45 +0200: Memory Usage (521916K) : Starting CAP EXTRACTION
2026-08-03 14:11:45 +0200: Memory Usage (521916K) : Extracting cap_cmim device
2026-08-03 14:11:45 +0200: Memory Usage (521916K) : Extracting rfcmim device
2026-08-03 14:11:45 +0200: Memory Usage (521916K) : Extracting sg13_hv_svaricap varactor
2026-08-03 14:11:45 +0200: Memory Usage (521916K) : Starting ESD EXTRACTION
2026-08-03 14:11:45 +0200: Memory Usage (521916K) : Extracting diodevdd_2kv ESD device
2026-08-03 14:11:45 +0200: Memory Usage (521916K) : Extracting diodevdd_4kv ESD device
2026-08-03 14:11:45 +0200: Memory Usage (521916K) : Extracting diodevss_2kv ESD device
2026-08-03 14:11:45 +0200: Memory Usage (521916K) : Extracting diodevss_4kv ESD device
2026-08-03 14:11:45 +0200: Memory Usage (521916K) : Extracting idiodevdd_2kv ESD device
2026-08-03 14:11:45 +0200: Memory Usage (521916K) : Extracting idiodevdd_4kv ESD device
2026-08-03 14:11:45 +0200: Memory Usage (521916K) : Extracting idiodevss_2kv ESD device
2026-08-03 14:11:45 +0200: Memory Usage (521916K) : Extracting idiodevss_4kv ESD device
2026-08-03 14:11:45 +0200: Memory Usage (521916K) : Extracting nmoscl_2 ESD device
2026-08-03 14:11:45 +0200: Memory Usage (521916K) : Extracting nmoscl_4 ESD device
2026-08-03 14:11:45 +0200: Memory Usage (521916K) : Starting Inductor EXTRACTION
2026-08-03 14:11:45 +0200: Memory Usage (521916K) : Extracting Inductor2 device
2026-08-03 14:11:45 +0200: Memory Usage (521916K) : Extracting Inductor3 device
2026-08-03 14:11:45 +0200: Memory Usage (521916K) : Starting Taps EXTRACTION
2026-08-03 14:11:45 +0200: Memory Usage (521916K) : Extracting ntap1 device
2026-08-03 14:11:45 +0200: Memory Usage (521916K) : Extracting ptap1 device
2026-08-03 14:11:45 +0200: Memory Usage (521916K) : Starting SG13G2 LVS RF MOS Model Mapping
2026-08-03 14:11:47 +0200: Memory Usage (533436K) : [layout_netlist] Apply RF MOS model mapping and rfmode parameter.
2026-08-03 14:11:47 +0200: Memory Usage (533436K) : Starting SG13G2 LVS Options Preparations
2026-08-03 14:11:47 +0200: Memory Usage (533436K) : SG13G2 LVS flow: extraction -> alignment -> option preparation -> comparison.
2026-08-03 14:11:47 +0200: Memory Usage (533436K) : Starting SG13G2 LVS Alignment
2026-08-03 14:11:47 +0200: Memory Usage (533564K) : Starting SG13G2 LVS Simplification
2026-08-03 14:11:47 +0200: Memory Usage (533564K) : [layout_netlist] simplify: ENABLED
2026-08-03 14:11:47 +0200: Memory Usage (533564K) : [layout_netlist] make_top_level_pins: SKIPPED
2026-08-03 14:11:47 +0200: Memory Usage (533564K) : [layout_netlist] combine_devices: SKIPPED
2026-08-03 14:11:47 +0200: Memory Usage (533564K) : [layout_netlist] purge: SKIPPED
2026-08-03 14:11:47 +0200: Memory Usage (533564K) : [layout_netlist] purge_nets: SKIPPED
2026-08-03 14:11:47 +0200: Memory Usage (533564K) : [schematic_netlist] simplify: ENABLED
2026-08-03 14:11:47 +0200: Memory Usage (533564K) : [schematic_netlist] make_top_level_pins: SKIPPED
2026-08-03 14:11:47 +0200: Memory Usage (533564K) : [schematic_netlist] combine_devices: SKIPPED
2026-08-03 14:11:47 +0200: Memory Usage (533564K) : [schematic_netlist] purge: SKIPPED
2026-08-03 14:11:47 +0200: Memory Usage (533564K) : [schematic_netlist] purge_nets: SKIPPED
2026-08-03 14:11:47 +0200: Memory Usage (533564K) : Starting SG13G2 LVS Comparison in strict port mode.
2026-08-03 14:11:47 +0200: Memory Usage (533564K) : flag_missing_ports enabled: missing/mislabeled top-level ports are treated as errors.
2026-08-03 14:11:47 +0200: Memory Usage (533692K) : xxxxxxxxxxxxxxxxxxxxxxxxxxxxxxxxxxxxxxxxxx
2026-08-03 14:11:47 +0200: Memory Usage (533692K) : ERROR : Netlists don't match
2026-08-03 14:11:47 +0200: Memory Usage (533692K) : xxxxxxxxxxxxxxxxxxxxxxxxxxxxxxxxxxxxxxxxxx
2026-08-03 14:11:47 +0200: Memory Usage (533692K) : LVS Total Run time 4.875886 seconds
03-Aug-2026 14:11:47 | INFO    | ==============================================================================
03-Aug-2026 14:11:47 | INFO    | Important Summary
03-Aug-2026 14:11:47 | INFO    | +------------------+----------------------------------------------------------------------------------------+
03-Aug-2026 14:11:47 | INFO    | | Status           | FAIL                                                                                   |
03-Aug-2026 14:11:47 | INFO    | | Mode             | COMPARE                                                                                |
03-Aug-2026 14:11:47 | INFO    | | Outcome          | Comparison mode: FAIL (netlists do not match).                                         |
03-Aug-2026 14:11:47 | INFO    | | Layout           | sg13g2_IOPadVss.gds                                                                    |
03-Aug-2026 14:11:47 | INFO    | | Top Cell         | sg13g2_IOPadVss                                                                        |
03-Aug-2026 14:11:47 | INFO    | | Results Dir      | /foss/designs/ihp-open-pdk-regression/IOPADS/lvs_sweep/20260803_140929/sg13g2_IOPadVss |
03-Aug-2026 14:11:47 | INFO    | | Warnings         | 0                                                                                      |
03-Aug-2026 14:11:47 | INFO    | | Errors           | 1                                                                                      |
03-Aug-2026 14:11:47 | INFO    | | Run Time (s)     | 9.548                                                                                  |
03-Aug-2026 14:11:47 | INFO    | +------------------+----------------------------------------------------------------------------------------+
03-Aug-2026 14:11:47 | ERROR   | Key errors:
03-Aug-2026 14:11:47 | ERROR   |   - 2026-08-03 14:11:47 +0200: Memory Usage (533692K) : ERROR : Netlists don't match
03-Aug-2026 14:11:47 | INFO    | ==============================================================================
