10-Aug-2026 17:00:13 | INFO    | Your Klayout version is: KLayout 0.30.10 (required >= 0.30.5)
10-Aug-2026 17:00:13 | INFO    | Running SG13G2 LVS checks on design /foss/designs/ihp-open-pdk-regression/IOPADS/layout/sg13g2_IOPadInOut16mA.gds on cell sg13g2_IOPadInOut16mA
2026-08-10 17:00:15 +0200: Memory Usage (455648K) : Starting running SG13G2 Klayout LVS runset on /foss/designs/ihp-open-pdk-regression/IOPADS/layout/sg13g2_IOPadInOut16mA.gds
2026-08-10 17:00:15 +0200: Memory Usage (455648K) : Ruby Version for klayout: 3.2.3
2026-08-10 17:00:16 +0200: Memory Usage (457568K) : Loading database to memory is complete.
2026-08-10 17:00:16 +0200: Memory Usage (457568K) : SG13G2 Klayout LVS runset output at: /foss/designs/ihp-open-pdk-regression/IOPADS/lvs_sweep/20260810_165956/sg13g2_IOPadInOut16mA/sg13g2_IOPadInOut16mA.lvsdb
2026-08-10 17:00:16 +0200: Memory Usage (457568K) : Evaluate switches.
2026-08-10 17:00:16 +0200: Memory Usage (457568K) : Extracted netlist with net names: true
2026-08-10 17:00:16 +0200: Memory Usage (457568K) : Extracted netlist with comments in details: false
2026-08-10 17:00:16 +0200: Memory Usage (457568K) : Selected NET_ONLY option: false
2026-08-10 17:00:16 +0200: Memory Usage (457568K) : Selected LAYOUT_NETLIST option: (none)
2026-08-10 17:00:16 +0200: Memory Usage (457568K) : Selected IGNORE_TOP_PORTS_MISMATCH option: true
2026-08-10 17:00:16 +0200: Memory Usage (457568K) : Selected IMPLICIT_NETS option: iovss,iovdd,vss,vdd,pad,cathode,anode
2026-08-10 17:00:16 +0200: Memory Usage (457568K) : Selected TOP_LVL_PINS option: false
2026-08-10 17:00:16 +0200: Memory Usage (457568K) : Selected COMBINE DEVICES option: true
2026-08-10 17:00:16 +0200: Memory Usage (457568K) : Selected PURGE option: false
2026-08-10 17:00:16 +0200: Memory Usage (457568K) : Selected PURGE_NETS option: false
2026-08-10 17:00:16 +0200: Memory Usage (457696K) : Selected SIMPLIFY option: true
2026-08-10 17:00:16 +0200: Memory Usage (457696K) : Selected SERIES_RES option: true
2026-08-10 17:00:16 +0200: Memory Usage (457696K) : Selected PARALLEL_RES option: true
2026-08-10 17:00:16 +0200: Memory Usage (457696K) : Selected DISABLE_TAP_EXTRACTION option: false
2026-08-10 17:00:16 +0200: Memory Usage (457696K) : deep  mode is enabled.
2026-08-10 17:00:16 +0200: Memory Usage (457696K) : Applying implicit connections (case-sensitive, pattern supported) for nets: iovss, iovdd, vss, vdd, pad, cathode, anode
2026-08-10 17:00:16 +0200: Memory Usage (459104K) : Netlist file: /foss/designs/ihp-open-pdk-regression/IOPADS/netlist/pads_sub/sg13g2_IOPadInOut16mA.spi
2026-08-10 17:00:16 +0200: Memory Usage (459104K) : LVS extracted netlist at: /foss/designs/ihp-open-pdk-regression/IOPADS/lvs_sweep/20260810_165956/sg13g2_IOPadInOut16mA/sg13g2_IOPadInOut16mA_extracted.cir
2026-08-10 17:00:16 +0200: Memory Usage (459104K) : Applying SRAM integration support.
2026-08-10 17:00:16 +0200: Memory Usage (459104K) : Starting SG13G2 LVS runset
2026-08-10 17:00:16 +0200: Memory Usage (459104K) : Read in polygons from layers.
2026-08-10 17:00:16 +0200: Memory Usage (460256K) : activ_drw has 110 polygons
2026-08-10 17:00:16 +0200: Memory Usage (460256K) : activ_filler has 0 polygons
2026-08-10 17:00:16 +0200: Memory Usage (460384K) : activ has 110 polygons
2026-08-10 17:00:16 +0200: Memory Usage (460384K) : activ_pin has 0 polygons
2026-08-10 17:00:16 +0200: Memory Usage (460384K) : activ_mask has 0 polygons
2026-08-10 17:00:16 +0200: Memory Usage (460384K) : activ_nofill has 0 polygons
2026-08-10 17:00:16 +0200: Memory Usage (460384K) : activ_OPC has 0 polygons
2026-08-10 17:00:16 +0200: Memory Usage (460512K) : activ_iOPC has 0 polygons
2026-08-10 17:00:16 +0200: Memory Usage (460512K) : activ_noqrc has 0 polygons
2026-08-10 17:00:16 +0200: Memory Usage (460640K) : biwind_drw has 0 polygons
2026-08-10 17:00:16 +0200: Memory Usage (460640K) : biwind_OPC has 0 polygons
2026-08-10 17:00:16 +0200: Memory Usage (460768K) : gatpoly_drw has 55 polygons
2026-08-10 17:00:16 +0200: Memory Usage (461152K) : gatpoly_filler has 0 polygons
2026-08-10 17:00:16 +0200: Memory Usage (461152K) : gatpoly has 55 polygons
2026-08-10 17:00:16 +0200: Memory Usage (461152K) : gatpoly_pin has 6 polygons
2026-08-10 17:00:16 +0200: Memory Usage (461280K) : gatpoly_nofill has 0 polygons
2026-08-10 17:00:16 +0200: Memory Usage (461280K) : gatpoly_OPC has 0 polygons
2026-08-10 17:00:16 +0200: Memory Usage (461280K) : gatpoly_iOPC has 0 polygons
2026-08-10 17:00:16 +0200: Memory Usage (461280K) : gatpoly_noqrc has 0 polygons
2026-08-10 17:00:16 +0200: Memory Usage (462560K) : cont_drw has 46400 polygons
2026-08-10 17:00:16 +0200: Memory Usage (462560K) : cont_OPC has 0 polygons
2026-08-10 17:00:16 +0200: Memory Usage (462560K) : nsd_drw has 0 polygons
2026-08-10 17:00:16 +0200: Memory Usage (462560K) : nsd_block has 0 polygons
2026-08-10 17:00:16 +0200: Memory Usage (462560K) : metal1_drw has 312 polygons
2026-08-10 17:00:16 +0200: Memory Usage (462560K) : metal1_filler has 0 polygons
2026-08-10 17:00:16 +0200: Memory Usage (462560K) : metal1_slit has 0 polygons
2026-08-10 17:00:16 +0200: Memory Usage (463072K) : metal1 has 312 polygons
2026-08-10 17:00:16 +0200: Memory Usage (463072K) : metal1_pin has 57 polygons
2026-08-10 17:00:16 +0200: Memory Usage (463072K) : metal1_mask has 0 polygons
2026-08-10 17:00:16 +0200: Memory Usage (463200K) : metal1_nofill has 0 polygons
2026-08-10 17:00:16 +0200: Memory Usage (463456K) : metal1_text has 47 polygons
2026-08-10 17:00:16 +0200: Memory Usage (463456K) : metal1_OPC has 0 polygons
2026-08-10 17:00:16 +0200: Memory Usage (463456K) : metal1_noqrc has 0 polygons
2026-08-10 17:00:16 +0200: Memory Usage (463584K) : metal1_res has 0 polygons
2026-08-10 17:00:16 +0200: Memory Usage (463584K) : metal1_iprobe has 0 polygons
2026-08-10 17:00:16 +0200: Memory Usage (463712K) : metal1_diffprb has 0 polygons
2026-08-10 17:00:16 +0200: Memory Usage (463840K) : passiv_drw has 0 polygons
2026-08-10 17:00:16 +0200: Memory Usage (463840K) : passiv_pin has 0 polygons
2026-08-10 17:00:16 +0200: Memory Usage (463968K) : passiv_sbump has 0 polygons
2026-08-10 17:00:16 +0200: Memory Usage (463968K) : passiv_pillar has 0 polygons
2026-08-10 17:00:16 +0200: Memory Usage (464096K) : passiv_pdl has 0 polygons
2026-08-10 17:00:16 +0200: Memory Usage (464224K) : metal2_drw has 90 polygons
2026-08-10 17:00:16 +0200: Memory Usage (464224K) : metal2_filler has 0 polygons
2026-08-10 17:00:16 +0200: Memory Usage (464352K) : metal2_slit has 0 polygons
2026-08-10 17:00:16 +0200: Memory Usage (464352K) : metal2 has 90 polygons
2026-08-10 17:00:16 +0200: Memory Usage (464480K) : metal2_pin has 27 polygons
2026-08-10 17:00:16 +0200: Memory Usage (464480K) : metal2_mask has 0 polygons
2026-08-10 17:00:16 +0200: Memory Usage (464480K) : metal2_nofill has 0 polygons
2026-08-10 17:00:16 +0200: Memory Usage (464608K) : metal2_text has 27 polygons
2026-08-10 17:00:16 +0200: Memory Usage (464608K) : metal2_OPC has 0 polygons
2026-08-10 17:00:16 +0200: Memory Usage (464608K) : metal2_noqrc has 0 polygons
2026-08-10 17:00:16 +0200: Memory Usage (464608K) : metal2_res has 0 polygons
2026-08-10 17:00:16 +0200: Memory Usage (464736K) : metal2_iprobe has 0 polygons
2026-08-10 17:00:16 +0200: Memory Usage (464736K) : metal2_diffprb has 0 polygons
2026-08-10 17:00:16 +0200: Memory Usage (464864K) : baspoly_drw has 0 polygons
2026-08-10 17:00:16 +0200: Memory Usage (464992K) : baspoly_pin has 0 polygons
2026-08-10 17:00:16 +0200: Memory Usage (464992K) : psd_drw has 45 polygons
2026-08-10 17:00:16 +0200: Memory Usage (465120K) : nldb_drw has 0 polygons
2026-08-10 17:00:16 +0200: Memory Usage (465120K) : digibnd_drw has 0 polygons
2026-08-10 17:00:16 +0200: Memory Usage (465248K) : via1_drw has 1757 polygons
2026-08-10 17:00:16 +0200: Memory Usage (465248K) : backmetal1_drw has 0 polygons
2026-08-10 17:00:16 +0200: Memory Usage (465376K) : backmetal1_pin has 0 polygons
2026-08-10 17:00:16 +0200: Memory Usage (465376K) : backmetal1_mask has 0 polygons
2026-08-10 17:00:16 +0200: Memory Usage (465504K) : backmetal1_filler has 0 polygons
2026-08-10 17:00:16 +0200: Memory Usage (465632K) : backmetal1_nofill has 0 polygons
2026-08-10 17:00:16 +0200: Memory Usage (465632K) : backmetal1_slit has 0 polygons
2026-08-10 17:00:16 +0200: Memory Usage (465760K) : backmetal1_text has 0 polygons
2026-08-10 17:00:16 +0200: Memory Usage (465760K) : backmetal1_OPC has 0 polygons
2026-08-10 17:00:16 +0200: Memory Usage (465888K) : backmetal1_noqrc has 0 polygons
2026-08-10 17:00:16 +0200: Memory Usage (465888K) : backmetal1_res has 0 polygons
2026-08-10 17:00:16 +0200: Memory Usage (466016K) : backmetal1_iprobe has 0 polygons
2026-08-10 17:00:16 +0200: Memory Usage (466016K) : backmetal1_diffprb has 0 polygons
2026-08-10 17:00:16 +0200: Memory Usage (466144K) : backpassiv_drw has 0 polygons
2026-08-10 17:00:16 +0200: Memory Usage (466144K) : res_drw has 0 polygons
2026-08-10 17:00:16 +0200: Memory Usage (466272K) : sram_drw has 0 polygons
2026-08-10 17:00:16 +0200: Memory Usage (466272K) : trans_drw has 0 polygons
2026-08-10 17:00:16 +0200: Memory Usage (466400K) : ind_drw has 0 polygons
2026-08-10 17:00:16 +0200: Memory Usage (466528K) : ind_pin has 0 polygons
2026-08-10 17:00:16 +0200: Memory Usage (466528K) : ind_text has 0 polygons
2026-08-10 17:00:16 +0200: Memory Usage (466656K) : salblock_drw has 1 polygons
2026-08-10 17:00:16 +0200: Memory Usage (466656K) : via2_drw has 1442 polygons
2026-08-10 17:00:16 +0200: Memory Usage (466784K) : metal3_drw has 21 polygons
2026-08-10 17:00:16 +0200: Memory Usage (466784K) : metal3_filler has 0 polygons
2026-08-10 17:00:16 +0200: Memory Usage (466784K) : metal3_slit has 0 polygons
2026-08-10 17:00:16 +0200: Memory Usage (466912K) : metal3 has 21 polygons
2026-08-10 17:00:16 +0200: Memory Usage (467040K) : metal3_pin has 11 polygons
2026-08-10 17:00:16 +0200: Memory Usage (467040K) : metal3_mask has 0 polygons
2026-08-10 17:00:16 +0200: Memory Usage (467168K) : metal3_nofill has 0 polygons
2026-08-10 17:00:16 +0200: Memory Usage (467168K) : metal3_text has 11 polygons
2026-08-10 17:00:16 +0200: Memory Usage (467296K) : metal3_OPC has 0 polygons
2026-08-10 17:00:16 +0200: Memory Usage (467296K) : metal3_noqrc has 0 polygons
2026-08-10 17:00:16 +0200: Memory Usage (467424K) : metal3_res has 0 polygons
2026-08-10 17:00:16 +0200: Memory Usage (467424K) : metal3_iprobe has 0 polygons
2026-08-10 17:00:16 +0200: Memory Usage (467552K) : metal3_diffprb has 0 polygons
2026-08-10 17:00:16 +0200: Memory Usage (467552K) : nwell_drw has 29 polygons
2026-08-10 17:00:16 +0200: Memory Usage (467680K) : nwell_pin has 0 polygons
2026-08-10 17:00:16 +0200: Memory Usage (467680K) : nwell_text has 0 polygons
2026-08-10 17:00:16 +0200: Memory Usage (467808K) : nbulay_drw has 0 polygons
2026-08-10 17:00:16 +0200: Memory Usage (467808K) : nbulay_pin has 0 polygons
2026-08-10 17:00:16 +0200: Memory Usage (467936K) : nbulay_block has 0 polygons
2026-08-10 17:00:16 +0200: Memory Usage (467936K) : emwind_drw has 0 polygons
2026-08-10 17:00:16 +0200: Memory Usage (468064K) : emwind_OPC has 0 polygons
2026-08-10 17:00:16 +0200: Memory Usage (468064K) : deepco_drw has 0 polygons
2026-08-10 17:00:16 +0200: Memory Usage (468192K) : mim_drw has 0 polygons
2026-08-10 17:00:16 +0200: Memory Usage (468320K) : edgeseal_drw has 0 polygons
2026-08-10 17:00:16 +0200: Memory Usage (468320K) : substrate_drw has 29 polygons
2026-08-10 17:00:16 +0200: Memory Usage (468448K) : substrate_text has 0 polygons
2026-08-10 17:00:16 +0200: Memory Usage (468448K) : dfpad_drw has 0 polygons
2026-08-10 17:00:16 +0200: Memory Usage (468576K) : dfpad_pillar has 0 polygons
2026-08-10 17:00:16 +0200: Memory Usage (468576K) : dfpad_sbump has 0 polygons
2026-08-10 17:00:16 +0200: Memory Usage (468704K) : thickgateox_drw has 8 polygons
2026-08-10 17:00:16 +0200: Memory Usage (468704K) : pldb_drw has 0 polygons
2026-08-10 17:00:16 +0200: Memory Usage (468832K) : pwell_drw has 0 polygons
2026-08-10 17:00:16 +0200: Memory Usage (468832K) : pwell_pin has 0 polygons
2026-08-10 17:00:16 +0200: Memory Usage (468960K) : pwell_block has 0 polygons
2026-08-10 17:00:16 +0200: Memory Usage (468960K) : ic_drw has 0 polygons
2026-08-10 17:00:16 +0200: Memory Usage (469088K) : via3_drw has 2087 polygons
2026-08-10 17:00:16 +0200: Memory Usage (469216K) : metal4_drw has 8 polygons
2026-08-10 17:00:16 +0200: Memory Usage (469216K) : metal4_filler has 0 polygons
2026-08-10 17:00:16 +0200: Memory Usage (469344K) : metal4_slit has 0 polygons
2026-08-10 17:00:16 +0200: Memory Usage (469472K) : metal4 has 8 polygons
2026-08-10 17:00:16 +0200: Memory Usage (469472K) : metal4_pin has 8 polygons
2026-08-10 17:00:16 +0200: Memory Usage (469600K) : metal4_mask has 0 polygons
2026-08-10 17:00:16 +0200: Memory Usage (469600K) : metal4_nofill has 0 polygons
2026-08-10 17:00:16 +0200: Memory Usage (469728K) : metal4_text has 8 polygons
2026-08-10 17:00:16 +0200: Memory Usage (469728K) : metal4_OPC has 0 polygons
2026-08-10 17:00:16 +0200: Memory Usage (469856K) : metal4_noqrc has 0 polygons
2026-08-10 17:00:16 +0200: Memory Usage (469856K) : metal4_res has 0 polygons
2026-08-10 17:00:16 +0200: Memory Usage (469984K) : metal4_iprobe has 0 polygons
2026-08-10 17:00:16 +0200: Memory Usage (469984K) : metal4_diffprb has 0 polygons
2026-08-10 17:00:16 +0200: Memory Usage (470112K) : heattrans_drw has 6 polygons
2026-08-10 17:00:16 +0200: Memory Usage (470240K) : heatres_drw has 0 polygons
2026-08-10 17:00:16 +0200: Memory Usage (470240K) : fbe_drw has 0 polygons
2026-08-10 17:00:16 +0200: Memory Usage (470368K) : empoly_drw has 0 polygons
2026-08-10 17:00:16 +0200: Memory Usage (470368K) : digisub_drw has 0 polygons
2026-08-10 17:00:16 +0200: Memory Usage (470496K) : text_drw has 29 polygons
2026-08-10 17:00:16 +0200: Memory Usage (470496K) : via4_drw has 2371 polygons
2026-08-10 17:00:16 +0200: Memory Usage (470624K) : metal5_drw has 8 polygons
2026-08-10 17:00:16 +0200: Memory Usage (470752K) : metal5_filler has 0 polygons
2026-08-10 17:00:16 +0200: Memory Usage (470752K) : metal5_slit has 0 polygons
2026-08-10 17:00:16 +0200: Memory Usage (470880K) : metal5 has 8 polygons
2026-08-10 17:00:16 +0200: Memory Usage (471008K) : metal5_pin has 8 polygons
2026-08-10 17:00:16 +0200: Memory Usage (471008K) : metal5_mask has 0 polygons
2026-08-10 17:00:16 +0200: Memory Usage (471136K) : metal5_nofill has 0 polygons
2026-08-10 17:00:16 +0200: Memory Usage (471136K) : metal5_text has 8 polygons
2026-08-10 17:00:16 +0200: Memory Usage (471264K) : metal5_OPC has 0 polygons
2026-08-10 17:00:16 +0200: Memory Usage (471264K) : metal5_noqrc has 0 polygons
2026-08-10 17:00:16 +0200: Memory Usage (471392K) : metal5_res has 0 polygons
2026-08-10 17:00:16 +0200: Memory Usage (471392K) : metal5_iprobe has 0 polygons
2026-08-10 17:00:16 +0200: Memory Usage (471520K) : metal5_diffprb has 0 polygons
2026-08-10 17:00:16 +0200: Memory Usage (471648K) : radhard_drw has 0 polygons
2026-08-10 17:00:16 +0200: Memory Usage (471648K) : memcap_drw has 0 polygons
2026-08-10 17:00:16 +0200: Memory Usage (471776K) : varicap_drw has 0 polygons
2026-08-10 17:00:16 +0200: Memory Usage (471776K) : intbondvia_drw has 0 polygons
2026-08-10 17:00:16 +0200: Memory Usage (471904K) : intbondmet_drw has 0 polygons
2026-08-10 17:00:16 +0200: Memory Usage (471904K) : devbondvia_drw has 0 polygons
2026-08-10 17:00:16 +0200: Memory Usage (471904K) : devbondmet_drw has 0 polygons
2026-08-10 17:00:16 +0200: Memory Usage (471904K) : devtrench_drw has 0 polygons
2026-08-10 17:00:16 +0200: Memory Usage (471904K) : redist_drw has 0 polygons
2026-08-10 17:00:16 +0200: Memory Usage (471904K) : graphbot_drw has 0 polygons
2026-08-10 17:00:16 +0200: Memory Usage (471904K) : graphtop_drw has 0 polygons
2026-08-10 17:00:16 +0200: Memory Usage (471904K) : antvia1_drw has 0 polygons
2026-08-10 17:00:16 +0200: Memory Usage (471904K) : antmetal2_drw has 0 polygons
2026-08-10 17:00:16 +0200: Memory Usage (471904K) : graphcont_drw has 0 polygons
2026-08-10 17:00:16 +0200: Memory Usage (471904K) : siwg_drw has 0 polygons
2026-08-10 17:00:16 +0200: Memory Usage (471904K) : siwg_filler has 0 polygons
2026-08-10 17:00:16 +0200: Memory Usage (471904K) : siwg_nofill has 0 polygons
2026-08-10 17:00:16 +0200: Memory Usage (471904K) : sigrating_drw has 0 polygons
2026-08-10 17:00:16 +0200: Memory Usage (471904K) : singrating_drw has 0 polygons
2026-08-10 17:00:16 +0200: Memory Usage (471904K) : graphpas_drw has 0 polygons
2026-08-10 17:00:16 +0200: Memory Usage (471904K) : emwind3_drw has 0 polygons
2026-08-10 17:00:16 +0200: Memory Usage (471904K) : emwihv3_drw has 0 polygons
2026-08-10 17:00:16 +0200: Memory Usage (471904K) : redbulay_drw has 0 polygons
2026-08-10 17:00:16 +0200: Memory Usage (471904K) : smos_drw has 0 polygons
2026-08-10 17:00:16 +0200: Memory Usage (471904K) : graphpad_drw has 0 polygons
2026-08-10 17:00:16 +0200: Memory Usage (471904K) : polimide_drw has 0 polygons
2026-08-10 17:00:16 +0200: Memory Usage (471904K) : polimide_pin has 0 polygons
2026-08-10 17:00:16 +0200: Memory Usage (471904K) : recog_drw has 0 polygons
2026-08-10 17:00:16 +0200: Memory Usage (471904K) : recog_pin has 0 polygons
2026-08-10 17:00:16 +0200: Memory Usage (471904K) : recog_esd has 0 polygons
2026-08-10 17:00:16 +0200: Memory Usage (471904K) : recog_diode has 8 polygons
2026-08-10 17:00:16 +0200: Memory Usage (471904K) : recog_tsv has 0 polygons
2026-08-10 17:00:16 +0200: Memory Usage (471904K) : recog_iprobe has 0 polygons
2026-08-10 17:00:16 +0200: Memory Usage (471904K) : recog_diffprb has 0 polygons
2026-08-10 17:00:16 +0200: Memory Usage (471904K) : recog_pillar has 0 polygons
2026-08-10 17:00:16 +0200: Memory Usage (471904K) : recog_sbump has 0 polygons
2026-08-10 17:00:16 +0200: Memory Usage (471904K) : recog_otp has 0 polygons
2026-08-10 17:00:16 +0200: Memory Usage (471904K) : recog_pdiode has 0 polygons
2026-08-10 17:00:16 +0200: Memory Usage (471904K) : recog_mom has 0 polygons
2026-08-10 17:00:16 +0200: Memory Usage (471904K) : recog_pcm has 0 polygons
2026-08-10 17:00:16 +0200: Memory Usage (471904K) : colopen_drw has 0 polygons
2026-08-10 17:00:16 +0200: Memory Usage (471904K) : graphmetal1_drw has 0 polygons
2026-08-10 17:00:16 +0200: Memory Usage (471904K) : graphmetal1_filler has 0 polygons
2026-08-10 17:00:16 +0200: Memory Usage (471904K) : graphmetal1_nofill has 0 polygons
2026-08-10 17:00:16 +0200: Memory Usage (471904K) : graphmetal1_slit has 0 polygons
2026-08-10 17:00:16 +0200: Memory Usage (471904K) : graphmetal1_OPC has 0 polygons
2026-08-10 17:00:16 +0200: Memory Usage (471904K) : graphmet1l_drw has 0 polygons
2026-08-10 17:00:16 +0200: Memory Usage (471904K) : graphmet1l_filler has 0 polygons
2026-08-10 17:00:16 +0200: Memory Usage (471904K) : graphmet1l_nofill has 0 polygons
2026-08-10 17:00:16 +0200: Memory Usage (471904K) : graphmet1l_slit has 0 polygons
2026-08-10 17:00:16 +0200: Memory Usage (471904K) : graphmet1l_OPC has 0 polygons
2026-08-10 17:00:16 +0200: Memory Usage (471904K) : extblock_drw has 1 polygons
2026-08-10 17:00:16 +0200: Memory Usage (471904K) : nldd_drw has 0 polygons
2026-08-10 17:00:16 +0200: Memory Usage (471904K) : pldd_drw has 0 polygons
2026-08-10 17:00:16 +0200: Memory Usage (471904K) : next_drw has 0 polygons
2026-08-10 17:00:16 +0200: Memory Usage (471904K) : pext_drw has 0 polygons
2026-08-10 17:00:16 +0200: Memory Usage (471904K) : nexthv_drw has 0 polygons
2026-08-10 17:00:16 +0200: Memory Usage (471904K) : pexthv_drw has 0 polygons
2026-08-10 17:00:16 +0200: Memory Usage (471904K) : graphgate_drw has 0 polygons
2026-08-10 17:00:16 +0200: Memory Usage (471904K) : sinwg_drw has 0 polygons
2026-08-10 17:00:16 +0200: Memory Usage (471904K) : sinwg_filler has 0 polygons
2026-08-10 17:00:16 +0200: Memory Usage (471904K) : sinwg_nofill has 0 polygons
2026-08-10 17:00:16 +0200: Memory Usage (471904K) : mempad_drw has 0 polygons
2026-08-10 17:00:16 +0200: Memory Usage (471904K) : topvia1_drw has 2315 polygons
2026-08-10 17:00:16 +0200: Memory Usage (471904K) : topmetal1_drw has 8 polygons
2026-08-10 17:00:16 +0200: Memory Usage (471904K) : topmetal1_filler has 0 polygons
2026-08-10 17:00:16 +0200: Memory Usage (471904K) : topmetal1_slit has 0 polygons
2026-08-10 17:00:16 +0200: Memory Usage (471904K) : topmetal1 has 8 polygons
2026-08-10 17:00:16 +0200: Memory Usage (471904K) : topmetal1_pin has 8 polygons
2026-08-10 17:00:16 +0200: Memory Usage (471904K) : topmetal1_mask has 0 polygons
2026-08-10 17:00:16 +0200: Memory Usage (471904K) : topmetal1_nofill has 0 polygons
2026-08-10 17:00:16 +0200: Memory Usage (471904K) : topmetal1_text has 8 polygons
2026-08-10 17:00:16 +0200: Memory Usage (471904K) : topmetal1_noqrc has 0 polygons
2026-08-10 17:00:16 +0200: Memory Usage (471904K) : topmetal1_res has 0 polygons
2026-08-10 17:00:16 +0200: Memory Usage (471904K) : topmetal1_iprobe has 0 polygons
2026-08-10 17:00:16 +0200: Memory Usage (471904K) : topmetal1_diffprb has 0 polygons
2026-08-10 17:00:16 +0200: Memory Usage (471904K) : inldpwl_drw has 0 polygons
2026-08-10 17:00:16 +0200: Memory Usage (471904K) : polyres_drw has 1 polygons
2026-08-10 17:00:16 +0200: Memory Usage (471904K) : polyres_pin has 0 polygons
2026-08-10 17:00:16 +0200: Memory Usage (471904K) : vmim_drw has 0 polygons
2026-08-10 17:00:16 +0200: Memory Usage (471904K) : nbulaycut_drw has 0 polygons
2026-08-10 17:00:16 +0200: Memory Usage (471904K) : antmetal1_drw has 0 polygons
2026-08-10 17:00:16 +0200: Memory Usage (471904K) : topvia2_drw has 1593 polygons
2026-08-10 17:00:16 +0200: Memory Usage (471904K) : topmetal2_drw has 6 polygons
2026-08-10 17:00:16 +0200: Memory Usage (471904K) : topmetal2_filler has 0 polygons
2026-08-10 17:00:16 +0200: Memory Usage (471904K) : topmetal2_slit has 0 polygons
2026-08-10 17:00:16 +0200: Memory Usage (471904K) : topmetal2 has 6 polygons
2026-08-10 17:00:16 +0200: Memory Usage (471904K) : topmetal2_pin has 6 polygons
2026-08-10 17:00:16 +0200: Memory Usage (471904K) : topmetal2_mask has 0 polygons
2026-08-10 17:00:16 +0200: Memory Usage (471904K) : topmetal2_nofill has 0 polygons
2026-08-10 17:00:16 +0200: Memory Usage (471904K) : topmetal2_text has 6 polygons
2026-08-10 17:00:16 +0200: Memory Usage (471904K) : topmetal2_noqrc has 0 polygons
2026-08-10 17:00:16 +0200: Memory Usage (471904K) : topmetal2_res has 0 polygons
2026-08-10 17:00:16 +0200: Memory Usage (471904K) : topmetal2_iprobe has 0 polygons
2026-08-10 17:00:16 +0200: Memory Usage (471904K) : topmetal2_diffprb has 0 polygons
2026-08-10 17:00:16 +0200: Memory Usage (471904K) : snsring_drw has 0 polygons
2026-08-10 17:00:16 +0200: Memory Usage (471904K) : sensor_drw has 0 polygons
2026-08-10 17:00:16 +0200: Memory Usage (471904K) : snsarms_drw has 0 polygons
2026-08-10 17:00:16 +0200: Memory Usage (471904K) : snscmosvia_drw has 0 polygons
2026-08-10 17:00:16 +0200: Memory Usage (471904K) : colwind_drw has 0 polygons
2026-08-10 17:00:16 +0200: Memory Usage (471904K) : flm_drw has 0 polygons
2026-08-10 17:00:16 +0200: Memory Usage (471904K) : hafniumox_drw has 0 polygons
2026-08-10 17:00:16 +0200: Memory Usage (471904K) : memvia_drw has 0 polygons
2026-08-10 17:00:16 +0200: Memory Usage (471904K) : thinfilmres_drw has 0 polygons
2026-08-10 17:00:16 +0200: Memory Usage (471904K) : rfmem_drw has 0 polygons
2026-08-10 17:00:16 +0200: Memory Usage (471904K) : norcx_drw has 0 polygons
2026-08-10 17:00:16 +0200: Memory Usage (471904K) : norcx_m2m3 has 0 polygons
2026-08-10 17:00:16 +0200: Memory Usage (471904K) : norcx_m2m4 has 0 polygons
2026-08-10 17:00:16 +0200: Memory Usage (471904K) : norcx_m2m5 has 0 polygons
2026-08-10 17:00:16 +0200: Memory Usage (471904K) : norcx_m2tm1 has 0 polygons
2026-08-10 17:00:16 +0200: Memory Usage (471904K) : norcx_m2tm2 has 0 polygons
2026-08-10 17:00:16 +0200: Memory Usage (471904K) : norcx_m3m4 has 0 polygons
2026-08-10 17:00:16 +0200: Memory Usage (471904K) : norcx_m3m5 has 0 polygons
2026-08-10 17:00:16 +0200: Memory Usage (471904K) : norcx_m3tm1 has 0 polygons
2026-08-10 17:00:16 +0200: Memory Usage (471904K) : norcx_m3tm2 has 0 polygons
2026-08-10 17:00:16 +0200: Memory Usage (471904K) : norcx_m4m5 has 0 polygons
2026-08-10 17:00:16 +0200: Memory Usage (471904K) : norcx_m4tm1 has 0 polygons
2026-08-10 17:00:16 +0200: Memory Usage (471904K) : norcx_m4tm2 has 0 polygons
2026-08-10 17:00:16 +0200: Memory Usage (471904K) : norcx_m5tm1 has 0 polygons
2026-08-10 17:00:16 +0200: Memory Usage (471904K) : norcx_m5tm2 has 0 polygons
2026-08-10 17:00:16 +0200: Memory Usage (471904K) : norcx_tm1tm2 has 0 polygons
2026-08-10 17:00:16 +0200: Memory Usage (471904K) : norcx_m1sub has 0 polygons
2026-08-10 17:00:16 +0200: Memory Usage (471904K) : norcx_m2sub has 0 polygons
2026-08-10 17:00:16 +0200: Memory Usage (471904K) : norcx_m3sub has 0 polygons
2026-08-10 17:00:16 +0200: Memory Usage (471904K) : norcx_m4sub has 0 polygons
2026-08-10 17:00:16 +0200: Memory Usage (471904K) : norcx_m5sub has 0 polygons
2026-08-10 17:00:16 +0200: Memory Usage (471904K) : norcx_tm1sub has 0 polygons
2026-08-10 17:00:16 +0200: Memory Usage (471904K) : norcx_tm2sub has 0 polygons
2026-08-10 17:00:16 +0200: Memory Usage (471904K) : snsbotvia_drw has 0 polygons
2026-08-10 17:00:16 +0200: Memory Usage (471904K) : snstopvia_drw has 0 polygons
2026-08-10 17:00:16 +0200: Memory Usage (471904K) : deepvia_drw has 0 polygons
2026-08-10 17:00:16 +0200: Memory Usage (471904K) : fgetch_drw has 0 polygons
2026-08-10 17:00:16 +0200: Memory Usage (471904K) : ctrgat_drw has 0 polygons
2026-08-10 17:00:16 +0200: Memory Usage (471904K) : fgimp_drw has 0 polygons
2026-08-10 17:00:16 +0200: Memory Usage (471904K) : emwihv_drw has 0 polygons
2026-08-10 17:00:16 +0200: Memory Usage (471904K) : lbe_drw has 0 polygons
2026-08-10 17:00:16 +0200: Memory Usage (471904K) : alcustop_drw has 0 polygons
2026-08-10 17:00:16 +0200: Memory Usage (471904K) : nometfiller_drw has 0 polygons
2026-08-10 17:00:16 +0200: Memory Usage (471904K) : prboundary_drw has 0 polygons
2026-08-10 17:00:16 +0200: Memory Usage (471904K) : exchange0_drw has 0 polygons
2026-08-10 17:00:16 +0200: Memory Usage (471904K) : exchange0_pin has 0 polygons
2026-08-10 17:00:16 +0200: Memory Usage (471904K) : exchange0_text has 0 polygons
2026-08-10 17:00:16 +0200: Memory Usage (471904K) : exchange1_drw has 0 polygons
2026-08-10 17:00:16 +0200: Memory Usage (471904K) : exchange1_pin has 0 polygons
2026-08-10 17:00:16 +0200: Memory Usage (471904K) : exchange1_text has 0 polygons
2026-08-10 17:00:16 +0200: Memory Usage (471904K) : exchange2_drw has 0 polygons
2026-08-10 17:00:16 +0200: Memory Usage (471904K) : exchange2_pin has 0 polygons
2026-08-10 17:00:16 +0200: Memory Usage (471904K) : exchange2_text has 0 polygons
2026-08-10 17:00:16 +0200: Memory Usage (471904K) : exchange3_drw has 0 polygons
2026-08-10 17:00:16 +0200: Memory Usage (471904K) : exchange3_pin has 0 polygons
2026-08-10 17:00:16 +0200: Memory Usage (471904K) : exchange3_text has 0 polygons
2026-08-10 17:00:16 +0200: Memory Usage (471904K) : exchange4_drw has 0 polygons
2026-08-10 17:00:16 +0200: Memory Usage (471904K) : exchange4_pin has 0 polygons
2026-08-10 17:00:16 +0200: Memory Usage (471904K) : exchange4_text has 0 polygons
2026-08-10 17:00:16 +0200: Memory Usage (471904K) : isonwell_drw has 0 polygons
2026-08-10 17:00:16 +0200: Memory Usage (471904K) : Total no. of polygons in the design is 58986
2026-08-10 17:00:16 +0200: Memory Usage (471904K) : Starting base layers derivations
2026-08-10 17:00:16 +0200: Memory Usage (471904K) : Starting general LVS derivations
2026-08-10 17:00:16 +0200: Memory Usage (479072K) : Starting MOSFET DERIVATIONS
2026-08-10 17:00:17 +0200: Memory Usage (480424K) : Starting NMOS DERIVATIONS
2026-08-10 17:00:17 +0200: Memory Usage (480424K) : Starting PMOS DERIVATIONS
2026-08-10 17:00:17 +0200: Memory Usage (480424K) : Starting RF-MOSFET DERIVATIONS
2026-08-10 17:00:17 +0200: Memory Usage (480424K) : Starting RF-NMOS DERIVATIONS
2026-08-10 17:00:17 +0200: Memory Usage (480424K) : Starting RF-PMOS DERIVATIONS
2026-08-10 17:00:17 +0200: Memory Usage (480424K) : Starting BJT DERIVATIONS
2026-08-10 17:00:17 +0200: Memory Usage (480424K) : Starting NPN-BJT DERIVATIONS
2026-08-10 17:00:17 +0200: Memory Usage (480424K) : Starting PNP-BJT DERIVATIONS
2026-08-10 17:00:17 +0200: Memory Usage (480424K) : Starting DIODE DERIVATIONS
2026-08-10 17:00:18 +0200: Memory Usage (481196K) : Starting RESISTOR DERIVATIONS
2026-08-10 17:00:18 +0200: Memory Usage (481324K) : Starting CAP DERIVATIONS
2026-08-10 17:00:18 +0200: Memory Usage (481324K) : Starting CAP_CMOM DERIVATIONS
2026-08-10 17:00:18 +0200: Memory Usage (481324K) : Starting ESD DERIVATIONS
2026-08-10 17:00:19 +0200: Memory Usage (481324K) : Starting Inductor DERIVATIONS
2026-08-10 17:00:19 +0200: Memory Usage (481324K) : Starting Taps DERIVATIONS
2026-08-10 17:00:19 +0200: Memory Usage (481324K) : Starting SG13G2 LVS connectivity setup
2026-08-10 17:00:19 +0200: Memory Usage (481324K) : Starting SG13G2 LVS connectivity setup (Inter-layer)
2026-08-10 17:00:19 +0200: Memory Usage (481452K) : Starting SG13G2 LVS connectivity setup (Global)
2026-08-10 17:00:19 +0200: Memory Usage (481452K) : Starting LVS MOSFET CONNECTIONS
2026-08-10 17:00:19 +0200: Memory Usage (481452K) : Starting LVS RF-MOSFET CONNECTIONS
2026-08-10 17:00:19 +0200: Memory Usage (481452K) : Starting LVS BJT CONNECTIONS
2026-08-10 17:00:19 +0200: Memory Usage (481452K) : Starting LVS DIODE CONNECTIONS
2026-08-10 17:00:19 +0200: Memory Usage (481452K) : Starting RESISTOR CONNECTIONS
2026-08-10 17:00:19 +0200: Memory Usage (481452K) : Starting LVS CAP CONNECTIONS
2026-08-10 17:00:19 +0200: Memory Usage (481452K) : Starting CAP_CMOM CONNECTIONS
2026-08-10 17:00:19 +0200: Memory Usage (481452K) : Starting ESD CONNECTIONS
2026-08-10 17:00:19 +0200: Memory Usage (481452K) : Starting Inductor CONNECTIONS
2026-08-10 17:00:19 +0200: Memory Usage (481452K) : Starting LVS Taps CONNECTIONS
2026-08-10 17:00:19 +0200: Memory Usage (481452K) : Starting SG13G2 LVS DEVICES EXTRACTION
2026-08-10 17:00:19 +0200: Memory Usage (481452K) : Starting MOSFET EXTRACTION
2026-08-10 17:00:19 +0200: Memory Usage (481452K) : Starting NMOS EXTRACTION
2026-08-10 17:00:19 +0200: Memory Usage (481452K) : Extraction of NMOS-LV transistor
2026-08-10 17:00:19 +0200: Memory Usage (481580K) : Extraction of NMOS-HV transistor
2026-08-10 17:00:19 +0200: Memory Usage (481580K) : Starting PMOS EXTRACTION
2026-08-10 17:00:19 +0200: Memory Usage (481580K) : Extraction of PMOS-LV transistor
2026-08-10 17:00:19 +0200: Memory Usage (481580K) : Extraction of PMOS-HV transistor
2026-08-10 17:00:19 +0200: Memory Usage (481580K) : Starting RF-MOSFET EXTRACTION
2026-08-10 17:00:19 +0200: Memory Usage (481580K) : Extraction of RF-NMOS-LV transistor
2026-08-10 17:00:19 +0200: Memory Usage (481580K) : Extraction of RF-NMOS-HV transistor
2026-08-10 17:00:19 +0200: Memory Usage (481580K) : Extraction of RF-PMOS-LV transistor
2026-08-10 17:00:19 +0200: Memory Usage (481580K) : Extraction of RF-PMOS-HV transistor
2026-08-10 17:00:19 +0200: Memory Usage (481580K) : Starting BJT EXTRACTION
2026-08-10 17:00:19 +0200: Memory Usage (481580K) : Starting NPN-BJT EXTRACTION
2026-08-10 17:00:19 +0200: Memory Usage (481580K) : Extraction of npn13G2 BJT transistor
2026-08-10 17:00:19 +0200: Memory Usage (481580K) : Extraction of npn13G2L BJT transistor
2026-08-10 17:00:19 +0200: Memory Usage (481580K) : Extraction of npn13G2V BJT transistor
2026-08-10 17:00:19 +0200: Memory Usage (481580K) : Starting PNP-BJT EXTRACTION
2026-08-10 17:00:19 +0200: Memory Usage (481580K) : Extracting pnpMPA BJT
2026-08-10 17:00:19 +0200: Memory Usage (481580K) : Starting DIODE EXTRACTION
2026-08-10 17:00:19 +0200: Memory Usage (481580K) : Extracting dantenna diode
2026-08-10 17:00:19 +0200: Memory Usage (481580K) : Extracting dpantenna diode
2026-08-10 17:00:19 +0200: Memory Usage (481580K) : Extracting schottky_nbl1 diode
2026-08-10 17:00:19 +0200: Memory Usage (481580K) : Extracting isolbox diode
2026-08-10 17:00:19 +0200: Memory Usage (481580K) : Starting RESISTOR EXTRACTION
2026-08-10 17:00:19 +0200: Memory Usage (481580K) : Extracting rsil resistor
2026-08-10 17:00:19 +0200: Memory Usage (481580K) : Extracting rppd resistor
2026-08-10 17:00:19 +0200: Memory Usage (481708K) : Extracting rhigh resistor
2026-08-10 17:00:19 +0200: Memory Usage (481708K) : Extracting res_metal1 resistor
2026-08-10 17:00:19 +0200: Memory Usage (481708K) : Extracting res_metal2 resistor
2026-08-10 17:00:19 +0200: Memory Usage (481708K) : Extracting res_metal3 resistor
2026-08-10 17:00:19 +0200: Memory Usage (481708K) : Extracting res_metal4 resistor
2026-08-10 17:00:19 +0200: Memory Usage (481708K) : Extracting res_metal5 resistor
2026-08-10 17:00:19 +0200: Memory Usage (481708K) : Extracting res_topmetal1 resistor
2026-08-10 17:00:19 +0200: Memory Usage (481708K) : Extracting res_topmetal2 resistor
2026-08-10 17:00:19 +0200: Memory Usage (481708K) : Starting CAP EXTRACTION
2026-08-10 17:00:19 +0200: Memory Usage (481708K) : Extracting cap_cmim device
2026-08-10 17:00:19 +0200: Memory Usage (481708K) : Extracting rfcmim device
2026-08-10 17:00:19 +0200: Memory Usage (481708K) : Extracting sg13_hv_svaricap varactor
2026-08-10 17:00:19 +0200: Memory Usage (481708K) : Extracting cap_cmomi device
2026-08-10 17:00:19 +0200: Memory Usage (481708K) : Extracting sg13_moscap_n capacitor
2026-08-10 17:00:19 +0200: Memory Usage (481708K) : Extracting sg13_moscap_p capacitor
2026-08-10 17:00:19 +0200: Memory Usage (481708K) : Starting ESD EXTRACTION
2026-08-10 17:00:19 +0200: Memory Usage (481708K) : Extracting diodevdd_2kv ESD device
2026-08-10 17:00:19 +0200: Memory Usage (481708K) : Extracting diodevdd_4kv ESD device
2026-08-10 17:00:19 +0200: Memory Usage (481708K) : Extracting diodevss_2kv ESD device
2026-08-10 17:00:19 +0200: Memory Usage (481708K) : Extracting diodevss_4kv ESD device
2026-08-10 17:00:19 +0200: Memory Usage (481708K) : Extracting idiodevdd_2kv ESD device
2026-08-10 17:00:19 +0200: Memory Usage (481708K) : Extracting idiodevdd_4kv ESD device
2026-08-10 17:00:19 +0200: Memory Usage (481708K) : Extracting idiodevss_2kv ESD device
2026-08-10 17:00:19 +0200: Memory Usage (481708K) : Extracting idiodevss_4kv ESD device
2026-08-10 17:00:19 +0200: Memory Usage (481708K) : Extracting nmoscl_2 ESD device
2026-08-10 17:00:19 +0200: Memory Usage (481708K) : Extracting nmoscl_4 ESD device
2026-08-10 17:00:19 +0200: Memory Usage (481708K) : Starting Inductor EXTRACTION
2026-08-10 17:00:19 +0200: Memory Usage (481708K) : Extracting Inductor2 device
2026-08-10 17:00:19 +0200: Memory Usage (481708K) : Extracting Inductor3 device
2026-08-10 17:00:19 +0200: Memory Usage (481708K) : Starting Taps EXTRACTION
2026-08-10 17:00:19 +0200: Memory Usage (481708K) : Extracting ntap1 device
2026-08-10 17:00:19 +0200: Memory Usage (481708K) : Extracting ptap1 device
2026-08-10 17:00:19 +0200: Memory Usage (481708K) : Starting SG13G2 LVS RF MOS Model Mapping
2026-08-10 17:00:20 +0200: Memory Usage (488620K) : [layout_netlist] Apply RF MOS model mapping and rfmode parameter.
2026-08-10 17:00:20 +0200: Memory Usage (488620K) : Starting SG13G2 LVS Options Preparations
2026-08-10 17:00:20 +0200: Memory Usage (488620K) : SG13G2 LVS flow: extraction -> alignment -> option preparation -> comparison.
2026-08-10 17:00:20 +0200: Memory Usage (488620K) : Starting SG13G2 LVS Alignment
2026-08-10 17:00:20 +0200: Memory Usage (488748K) : Starting SG13G2 LVS Simplification
2026-08-10 17:00:20 +0200: Memory Usage (488748K) : [layout_netlist] simplify: ENABLED
2026-08-10 17:00:20 +0200: Memory Usage (488748K) : [layout_netlist] make_top_level_pins: SKIPPED
2026-08-10 17:00:20 +0200: Memory Usage (488748K) : [layout_netlist] combine_devices: ENABLED
2026-08-10 17:00:20 +0200: Memory Usage (488748K) : [layout_netlist] purge: SKIPPED
2026-08-10 17:00:20 +0200: Memory Usage (488748K) : [layout_netlist] purge_nets: SKIPPED
2026-08-10 17:00:20 +0200: Memory Usage (488748K) : [schematic_netlist] simplify: ENABLED
2026-08-10 17:00:20 +0200: Memory Usage (488748K) : [schematic_netlist] make_top_level_pins: SKIPPED
2026-08-10 17:00:20 +0200: Memory Usage (488748K) : [schematic_netlist] combine_devices: ENABLED
2026-08-10 17:00:20 +0200: Memory Usage (488748K) : [schematic_netlist] purge: SKIPPED
2026-08-10 17:00:20 +0200: Memory Usage (488748K) : [schematic_netlist] purge_nets: SKIPPED
2026-08-10 17:00:20 +0200: Memory Usage (488748K) : Starting SG13G2 LVS Comparison
2026-08-10 17:00:20 +0200: Memory Usage (488748K) : xxxxxxxxxxxxxxxxxxxxxxxxxxxxxxxxxxxxxxxxxx
2026-08-10 17:00:20 +0200: Memory Usage (488748K) : ERROR : Netlists don't match
2026-08-10 17:00:20 +0200: Memory Usage (488748K) : xxxxxxxxxxxxxxxxxxxxxxxxxxxxxxxxxxxxxxxxxx
2026-08-10 17:00:20 +0200: Memory Usage (488748K) : LVS Total Run time 4.602616 seconds
10-Aug-2026 17:00:21 | INFO    | ==============================================================================
10-Aug-2026 17:00:21 | INFO    | Important Summary
10-Aug-2026 17:00:21 | INFO    | +------------------+----------------------------------------------------------------------------------------------+
10-Aug-2026 17:00:21 | INFO    | | Status           | FAIL                                                                                         |
10-Aug-2026 17:00:21 | INFO    | | Mode             | COMPARE                                                                                      |
10-Aug-2026 17:00:21 | INFO    | | Outcome          | Comparison mode: FAIL (netlists do not match).                                               |
10-Aug-2026 17:00:21 | INFO    | | Layout           | sg13g2_IOPadInOut16mA.gds                                                                    |
10-Aug-2026 17:00:21 | INFO    | | Top Cell         | sg13g2_IOPadInOut16mA                                                                        |
10-Aug-2026 17:00:21 | INFO    | | Results Dir      | /foss/designs/ihp-open-pdk-regression/IOPADS/lvs_sweep/20260810_165956/sg13g2_IOPadInOut16mA |
10-Aug-2026 17:00:21 | INFO    | | Warnings         | 0                                                                                            |
10-Aug-2026 17:00:21 | INFO    | | Errors           | 1                                                                                            |
10-Aug-2026 17:00:21 | INFO    | | Run Time (s)     | 7.749                                                                                        |
10-Aug-2026 17:00:21 | INFO    | +------------------+----------------------------------------------------------------------------------------------+
10-Aug-2026 17:00:21 | ERROR   | Key errors:
10-Aug-2026 17:00:21 | ERROR   |   - 2026-08-10 17:00:20 +0200: Memory Usage (488748K) : ERROR : Netlists don't match
10-Aug-2026 17:00:21 | INFO    | ==============================================================================
