03-Aug-2026 14:21:39 | INFO    | Your Klayout version is: KLayout 0.30.9 (required >= 0.30.5)
03-Aug-2026 14:21:39 | INFO    | Running SG13G2 LVS checks on design /foss/designs/ihp-open-pdk-regression/IOPADS/layout/sg13g2_IOPadTriOut4mA.gds on cell sg13g2_IOPadTriOut4mA
2026-08-03 14:21:43 +0200: Memory Usage (455560K) : Starting running SG13G2 Klayout LVS runset on /foss/designs/ihp-open-pdk-regression/IOPADS/layout/sg13g2_IOPadTriOut4mA.gds
2026-08-03 14:21:43 +0200: Memory Usage (455560K) : Ruby Version for klayout: 3.2.3
2026-08-03 14:21:43 +0200: Memory Usage (457096K) : Loading database to memory is complete.
2026-08-03 14:21:43 +0200: Memory Usage (457096K) : SG13G2 Klayout LVS runset output at: /foss/designs/ihp-open-pdk-regression/IOPADS/lvs_sweep/20260803_141940/sg13g2_IOPadTriOut4mA/sg13g2_IOPadTriOut4mA.lvsdb
2026-08-03 14:21:43 +0200: Memory Usage (457096K) : Evaluate switches.
2026-08-03 14:21:43 +0200: Memory Usage (457096K) : Extracted netlist with net names: true
2026-08-03 14:21:43 +0200: Memory Usage (457096K) : Extracted netlist with comments in details: false
2026-08-03 14:21:43 +0200: Memory Usage (457096K) : Selected NET_ONLY option: false
2026-08-03 14:21:43 +0200: Memory Usage (457096K) : Selected LAYOUT_NETLIST option: (none)
2026-08-03 14:21:43 +0200: Memory Usage (457096K) : Selected IGNORE_TOP_PORTS_MISMATCH option: 
2026-08-03 14:21:43 +0200: Memory Usage (457096K) : Selected IMPLICIT_NETS option: (none)
2026-08-03 14:21:43 +0200: Memory Usage (457096K) : Selected TOP_LVL_PINS option: false
2026-08-03 14:21:43 +0200: Memory Usage (457096K) : Selected COMBINE DEVICES option: false
2026-08-03 14:21:43 +0200: Memory Usage (457096K) : Selected PURGE option: false
2026-08-03 14:21:43 +0200: Memory Usage (457096K) : Selected PURGE_NETS option: false
2026-08-03 14:21:43 +0200: Memory Usage (457096K) : Selected SIMPLIFY option: true
2026-08-03 14:21:43 +0200: Memory Usage (457096K) : Selected SERIES_RES option: true
2026-08-03 14:21:43 +0200: Memory Usage (457096K) : Selected PARALLEL_RES option: true
2026-08-03 14:21:43 +0200: Memory Usage (457096K) : Selected DISABLE_TAP_EXTRACTION option: false
2026-08-03 14:21:43 +0200: Memory Usage (457096K) : deep  mode is enabled.
2026-08-03 14:21:43 +0200: Memory Usage (457480K) : Netlist file: /foss/designs/ihp-open-pdk-regression/IOPADS/netlist/pads/sg13g2_IOPadTriOut4mA.spi
2026-08-03 14:21:43 +0200: Memory Usage (457480K) : LVS extracted netlist at: /foss/designs/ihp-open-pdk-regression/IOPADS/lvs_sweep/20260803_141940/sg13g2_IOPadTriOut4mA/sg13g2_IOPadTriOut4mA_extracted.cir
2026-08-03 14:21:43 +0200: Memory Usage (457480K) : Applying SRAM integration support.
2026-08-03 14:21:43 +0200: Memory Usage (457480K) : Starting SG13G2 LVS runset
2026-08-03 14:21:43 +0200: Memory Usage (457480K) : Read in polygons from layers.
2026-08-03 14:21:43 +0200: Memory Usage (459016K) : activ_drw has 95 polygons
2026-08-03 14:21:43 +0200: Memory Usage (459016K) : activ_filler has 0 polygons
2026-08-03 14:21:43 +0200: Memory Usage (459144K) : activ has 95 polygons
2026-08-03 14:21:43 +0200: Memory Usage (459144K) : activ_pin has 0 polygons
2026-08-03 14:21:43 +0200: Memory Usage (459144K) : activ_mask has 0 polygons
2026-08-03 14:21:43 +0200: Memory Usage (459144K) : activ_nofill has 0 polygons
2026-08-03 14:21:43 +0200: Memory Usage (459144K) : activ_OPC has 0 polygons
2026-08-03 14:21:43 +0200: Memory Usage (459144K) : activ_iOPC has 0 polygons
2026-08-03 14:21:43 +0200: Memory Usage (459144K) : activ_noqrc has 0 polygons
2026-08-03 14:21:43 +0200: Memory Usage (459272K) : biwind_drw has 0 polygons
2026-08-03 14:21:43 +0200: Memory Usage (459400K) : biwind_OPC has 0 polygons
2026-08-03 14:21:43 +0200: Memory Usage (459400K) : gatpoly_drw has 35 polygons
2026-08-03 14:21:43 +0200: Memory Usage (459528K) : gatpoly_filler has 0 polygons
2026-08-03 14:21:43 +0200: Memory Usage (459528K) : gatpoly has 35 polygons
2026-08-03 14:21:43 +0200: Memory Usage (459656K) : gatpoly_pin has 0 polygons
2026-08-03 14:21:43 +0200: Memory Usage (459656K) : gatpoly_nofill has 0 polygons
2026-08-03 14:21:43 +0200: Memory Usage (459784K) : gatpoly_OPC has 0 polygons
2026-08-03 14:21:43 +0200: Memory Usage (459784K) : gatpoly_iOPC has 0 polygons
2026-08-03 14:21:43 +0200: Memory Usage (459912K) : gatpoly_noqrc has 0 polygons
2026-08-03 14:21:43 +0200: Memory Usage (461320K) : cont_drw has 45760 polygons
2026-08-03 14:21:43 +0200: Memory Usage (461320K) : cont_OPC has 0 polygons
2026-08-03 14:21:43 +0200: Memory Usage (461320K) : nsd_drw has 0 polygons
2026-08-03 14:21:43 +0200: Memory Usage (461320K) : nsd_block has 0 polygons
2026-08-03 14:21:43 +0200: Memory Usage (461320K) : metal1_drw has 189 polygons
2026-08-03 14:21:43 +0200: Memory Usage (461320K) : metal1_filler has 0 polygons
2026-08-03 14:21:43 +0200: Memory Usage (461320K) : metal1_slit has 0 polygons
2026-08-03 14:21:43 +0200: Memory Usage (461704K) : metal1 has 189 polygons
2026-08-03 14:21:43 +0200: Memory Usage (461704K) : metal1_pin has 43 polygons
2026-08-03 14:21:43 +0200: Memory Usage (461832K) : metal1_mask has 0 polygons
2026-08-03 14:21:43 +0200: Memory Usage (461832K) : metal1_nofill has 0 polygons
2026-08-03 14:21:43 +0200: Memory Usage (462088K) : metal1_text has 42 polygons
2026-08-03 14:21:43 +0200: Memory Usage (462088K) : metal1_OPC has 0 polygons
2026-08-03 14:21:43 +0200: Memory Usage (462088K) : metal1_noqrc has 0 polygons
2026-08-03 14:21:43 +0200: Memory Usage (462088K) : metal1_res has 0 polygons
2026-08-03 14:21:43 +0200: Memory Usage (462216K) : metal1_iprobe has 0 polygons
2026-08-03 14:21:43 +0200: Memory Usage (462344K) : metal1_diffprb has 0 polygons
2026-08-03 14:21:43 +0200: Memory Usage (462344K) : passiv_drw has 0 polygons
2026-08-03 14:21:43 +0200: Memory Usage (462472K) : passiv_pin has 0 polygons
2026-08-03 14:21:43 +0200: Memory Usage (462472K) : passiv_sbump has 0 polygons
2026-08-03 14:21:43 +0200: Memory Usage (462600K) : passiv_pillar has 0 polygons
2026-08-03 14:21:43 +0200: Memory Usage (462600K) : passiv_pdl has 0 polygons
2026-08-03 14:21:43 +0200: Memory Usage (462728K) : metal2_drw has 50 polygons
2026-08-03 14:21:43 +0200: Memory Usage (462728K) : metal2_filler has 0 polygons
2026-08-03 14:21:43 +0200: Memory Usage (462856K) : metal2_slit has 0 polygons
2026-08-03 14:21:43 +0200: Memory Usage (462984K) : metal2 has 50 polygons
2026-08-03 14:21:43 +0200: Memory Usage (462984K) : metal2_pin has 15 polygons
2026-08-03 14:21:43 +0200: Memory Usage (463112K) : metal2_mask has 0 polygons
2026-08-03 14:21:43 +0200: Memory Usage (463112K) : metal2_nofill has 0 polygons
2026-08-03 14:21:43 +0200: Memory Usage (463240K) : metal2_text has 15 polygons
2026-08-03 14:21:43 +0200: Memory Usage (463240K) : metal2_OPC has 0 polygons
2026-08-03 14:21:43 +0200: Memory Usage (463368K) : metal2_noqrc has 0 polygons
2026-08-03 14:21:43 +0200: Memory Usage (463368K) : metal2_res has 0 polygons
2026-08-03 14:21:43 +0200: Memory Usage (463496K) : metal2_iprobe has 0 polygons
2026-08-03 14:21:43 +0200: Memory Usage (463496K) : metal2_diffprb has 0 polygons
2026-08-03 14:21:43 +0200: Memory Usage (463624K) : baspoly_drw has 0 polygons
2026-08-03 14:21:43 +0200: Memory Usage (463624K) : baspoly_pin has 0 polygons
2026-08-03 14:21:43 +0200: Memory Usage (463752K) : psd_drw has 38 polygons
2026-08-03 14:21:43 +0200: Memory Usage (463752K) : nldb_drw has 0 polygons
2026-08-03 14:21:43 +0200: Memory Usage (463880K) : digibnd_drw has 0 polygons
2026-08-03 14:21:43 +0200: Memory Usage (464008K) : via1_drw has 1536 polygons
2026-08-03 14:21:43 +0200: Memory Usage (464136K) : backmetal1_drw has 0 polygons
2026-08-03 14:21:43 +0200: Memory Usage (464136K) : backmetal1_pin has 0 polygons
2026-08-03 14:21:43 +0200: Memory Usage (464264K) : backmetal1_mask has 0 polygons
2026-08-03 14:21:43 +0200: Memory Usage (464264K) : backmetal1_filler has 0 polygons
2026-08-03 14:21:43 +0200: Memory Usage (464392K) : backmetal1_nofill has 0 polygons
2026-08-03 14:21:43 +0200: Memory Usage (464392K) : backmetal1_slit has 0 polygons
2026-08-03 14:21:43 +0200: Memory Usage (464520K) : backmetal1_text has 0 polygons
2026-08-03 14:21:43 +0200: Memory Usage (464520K) : backmetal1_OPC has 0 polygons
2026-08-03 14:21:43 +0200: Memory Usage (464648K) : backmetal1_noqrc has 0 polygons
2026-08-03 14:21:43 +0200: Memory Usage (464776K) : backmetal1_res has 0 polygons
2026-08-03 14:21:43 +0200: Memory Usage (464776K) : backmetal1_iprobe has 0 polygons
2026-08-03 14:21:43 +0200: Memory Usage (464904K) : backmetal1_diffprb has 0 polygons
2026-08-03 14:21:43 +0200: Memory Usage (464904K) : backpassiv_drw has 0 polygons
2026-08-03 14:21:43 +0200: Memory Usage (465032K) : res_drw has 0 polygons
2026-08-03 14:21:43 +0200: Memory Usage (465032K) : sram_drw has 0 polygons
2026-08-03 14:21:43 +0200: Memory Usage (465160K) : trans_drw has 0 polygons
2026-08-03 14:21:43 +0200: Memory Usage (465160K) : ind_drw has 0 polygons
2026-08-03 14:21:43 +0200: Memory Usage (465288K) : ind_pin has 0 polygons
2026-08-03 14:21:43 +0200: Memory Usage (465288K) : ind_text has 0 polygons
2026-08-03 14:21:43 +0200: Memory Usage (465416K) : salblock_drw has 0 polygons
2026-08-03 14:21:43 +0200: Memory Usage (465416K) : via2_drw has 1228 polygons
2026-08-03 14:21:43 +0200: Memory Usage (465544K) : metal3_drw has 14 polygons
2026-08-03 14:21:43 +0200: Memory Usage (465544K) : metal3_filler has 0 polygons
2026-08-03 14:21:43 +0200: Memory Usage (465672K) : metal3_slit has 0 polygons
2026-08-03 14:21:43 +0200: Memory Usage (465800K) : metal3 has 14 polygons
2026-08-03 14:21:43 +0200: Memory Usage (465928K) : metal3_pin has 10 polygons
2026-08-03 14:21:43 +0200: Memory Usage (466056K) : metal3_mask has 0 polygons
2026-08-03 14:21:43 +0200: Memory Usage (466056K) : metal3_nofill has 0 polygons
2026-08-03 14:21:43 +0200: Memory Usage (466184K) : metal3_text has 10 polygons
2026-08-03 14:21:43 +0200: Memory Usage (466184K) : metal3_OPC has 0 polygons
2026-08-03 14:21:43 +0200: Memory Usage (466312K) : metal3_noqrc has 0 polygons
2026-08-03 14:21:43 +0200: Memory Usage (466312K) : metal3_res has 0 polygons
2026-08-03 14:21:43 +0200: Memory Usage (466440K) : metal3_iprobe has 0 polygons
2026-08-03 14:21:43 +0200: Memory Usage (466440K) : metal3_diffprb has 0 polygons
2026-08-03 14:21:43 +0200: Memory Usage (466568K) : nwell_drw has 25 polygons
2026-08-03 14:21:43 +0200: Memory Usage (466568K) : nwell_pin has 0 polygons
2026-08-03 14:21:43 +0200: Memory Usage (466696K) : nwell_text has 0 polygons
2026-08-03 14:21:43 +0200: Memory Usage (466696K) : nbulay_drw has 0 polygons
2026-08-03 14:21:43 +0200: Memory Usage (466824K) : nbulay_pin has 0 polygons
2026-08-03 14:21:43 +0200: Memory Usage (466824K) : nbulay_block has 0 polygons
2026-08-03 14:21:43 +0200: Memory Usage (466952K) : emwind_drw has 0 polygons
2026-08-03 14:21:43 +0200: Memory Usage (466952K) : emwind_OPC has 0 polygons
2026-08-03 14:21:43 +0200: Memory Usage (467080K) : deepco_drw has 0 polygons
2026-08-03 14:21:43 +0200: Memory Usage (467208K) : mim_drw has 0 polygons
2026-08-03 14:21:43 +0200: Memory Usage (467208K) : edgeseal_drw has 0 polygons
2026-08-03 14:21:43 +0200: Memory Usage (467208K) : substrate_drw has 23 polygons
2026-08-03 14:21:43 +0200: Memory Usage (467336K) : substrate_text has 0 polygons
2026-08-03 14:21:43 +0200: Memory Usage (467336K) : dfpad_drw has 0 polygons
2026-08-03 14:21:43 +0200: Memory Usage (467464K) : dfpad_pillar has 0 polygons
2026-08-03 14:21:43 +0200: Memory Usage (467464K) : dfpad_sbump has 0 polygons
2026-08-03 14:21:43 +0200: Memory Usage (467592K) : thickgateox_drw has 4 polygons
2026-08-03 14:21:43 +0200: Memory Usage (467592K) : pldb_drw has 0 polygons
2026-08-03 14:21:43 +0200: Memory Usage (467720K) : pwell_drw has 0 polygons
2026-08-03 14:21:43 +0200: Memory Usage (467720K) : pwell_pin has 0 polygons
2026-08-03 14:21:43 +0200: Memory Usage (467848K) : pwell_block has 0 polygons
2026-08-03 14:21:43 +0200: Memory Usage (467848K) : ic_drw has 0 polygons
2026-08-03 14:21:43 +0200: Memory Usage (467848K) : via3_drw has 2087 polygons
2026-08-03 14:21:43 +0200: Memory Usage (468104K) : metal4_drw has 8 polygons
2026-08-03 14:21:43 +0200: Memory Usage (468104K) : metal4_filler has 0 polygons
2026-08-03 14:21:43 +0200: Memory Usage (468104K) : metal4_slit has 0 polygons
2026-08-03 14:21:43 +0200: Memory Usage (468232K) : metal4 has 8 polygons
2026-08-03 14:21:43 +0200: Memory Usage (468360K) : metal4_pin has 8 polygons
2026-08-03 14:21:43 +0200: Memory Usage (468360K) : metal4_mask has 0 polygons
2026-08-03 14:21:43 +0200: Memory Usage (468488K) : metal4_nofill has 0 polygons
2026-08-03 14:21:44 +0200: Memory Usage (468488K) : metal4_text has 8 polygons
2026-08-03 14:21:44 +0200: Memory Usage (468616K) : metal4_OPC has 0 polygons
2026-08-03 14:21:44 +0200: Memory Usage (468616K) : metal4_noqrc has 0 polygons
2026-08-03 14:21:44 +0200: Memory Usage (468744K) : metal4_res has 0 polygons
2026-08-03 14:21:44 +0200: Memory Usage (468744K) : metal4_iprobe has 0 polygons
2026-08-03 14:21:44 +0200: Memory Usage (468872K) : metal4_diffprb has 0 polygons
2026-08-03 14:21:44 +0200: Memory Usage (468872K) : heattrans_drw has 0 polygons
2026-08-03 14:21:44 +0200: Memory Usage (468872K) : heatres_drw has 0 polygons
2026-08-03 14:21:44 +0200: Memory Usage (469000K) : fbe_drw has 0 polygons
2026-08-03 14:21:44 +0200: Memory Usage (469000K) : empoly_drw has 0 polygons
2026-08-03 14:21:44 +0200: Memory Usage (469128K) : digisub_drw has 0 polygons
2026-08-03 14:21:44 +0200: Memory Usage (469128K) : text_drw has 17 polygons
2026-08-03 14:21:44 +0200: Memory Usage (469256K) : via4_drw has 2371 polygons
2026-08-03 14:21:44 +0200: Memory Usage (469384K) : metal5_drw has 8 polygons
2026-08-03 14:21:44 +0200: Memory Usage (469384K) : metal5_filler has 0 polygons
2026-08-03 14:21:44 +0200: Memory Usage (469512K) : metal5_slit has 0 polygons
2026-08-03 14:21:44 +0200: Memory Usage (469640K) : metal5 has 8 polygons
2026-08-03 14:21:44 +0200: Memory Usage (469640K) : metal5_pin has 8 polygons
2026-08-03 14:21:44 +0200: Memory Usage (469768K) : metal5_mask has 0 polygons
2026-08-03 14:21:44 +0200: Memory Usage (469768K) : metal5_nofill has 0 polygons
2026-08-03 14:21:44 +0200: Memory Usage (469896K) : metal5_text has 8 polygons
2026-08-03 14:21:44 +0200: Memory Usage (469896K) : metal5_OPC has 0 polygons
2026-08-03 14:21:44 +0200: Memory Usage (469896K) : metal5_noqrc has 0 polygons
2026-08-03 14:21:44 +0200: Memory Usage (470024K) : metal5_res has 0 polygons
2026-08-03 14:21:44 +0200: Memory Usage (470024K) : metal5_iprobe has 0 polygons
2026-08-03 14:21:44 +0200: Memory Usage (470152K) : metal5_diffprb has 0 polygons
2026-08-03 14:21:44 +0200: Memory Usage (470152K) : radhard_drw has 0 polygons
2026-08-03 14:21:44 +0200: Memory Usage (470280K) : memcap_drw has 0 polygons
2026-08-03 14:21:44 +0200: Memory Usage (470280K) : varicap_drw has 0 polygons
2026-08-03 14:21:44 +0200: Memory Usage (470408K) : intbondvia_drw has 0 polygons
2026-08-03 14:21:44 +0200: Memory Usage (470408K) : intbondmet_drw has 0 polygons
2026-08-03 14:21:44 +0200: Memory Usage (470536K) : devbondvia_drw has 0 polygons
2026-08-03 14:21:44 +0200: Memory Usage (470536K) : devbondmet_drw has 0 polygons
2026-08-03 14:21:44 +0200: Memory Usage (470664K) : devtrench_drw has 0 polygons
2026-08-03 14:21:44 +0200: Memory Usage (470664K) : redist_drw has 0 polygons
2026-08-03 14:21:44 +0200: Memory Usage (470664K) : graphbot_drw has 0 polygons
2026-08-03 14:21:44 +0200: Memory Usage (470792K) : graphtop_drw has 0 polygons
2026-08-03 14:21:44 +0200: Memory Usage (470792K) : antvia1_drw has 0 polygons
2026-08-03 14:21:44 +0200: Memory Usage (470920K) : antmetal2_drw has 0 polygons
2026-08-03 14:21:44 +0200: Memory Usage (470920K) : graphcont_drw has 0 polygons
2026-08-03 14:21:44 +0200: Memory Usage (471048K) : siwg_drw has 0 polygons
2026-08-03 14:21:44 +0200: Memory Usage (471048K) : siwg_filler has 0 polygons
2026-08-03 14:21:44 +0200: Memory Usage (471176K) : siwg_nofill has 0 polygons
2026-08-03 14:21:44 +0200: Memory Usage (471176K) : sigrating_drw has 0 polygons
2026-08-03 14:21:44 +0200: Memory Usage (471176K) : singrating_drw has 0 polygons
2026-08-03 14:21:44 +0200: Memory Usage (471176K) : graphpas_drw has 0 polygons
2026-08-03 14:21:44 +0200: Memory Usage (471176K) : emwind3_drw has 0 polygons
2026-08-03 14:21:44 +0200: Memory Usage (471176K) : emwihv3_drw has 0 polygons
2026-08-03 14:21:44 +0200: Memory Usage (471176K) : redbulay_drw has 0 polygons
2026-08-03 14:21:44 +0200: Memory Usage (471176K) : smos_drw has 0 polygons
2026-08-03 14:21:44 +0200: Memory Usage (471176K) : graphpad_drw has 0 polygons
2026-08-03 14:21:44 +0200: Memory Usage (471176K) : polimide_drw has 0 polygons
2026-08-03 14:21:44 +0200: Memory Usage (471176K) : polimide_pin has 0 polygons
2026-08-03 14:21:44 +0200: Memory Usage (471176K) : recog_drw has 0 polygons
2026-08-03 14:21:44 +0200: Memory Usage (471176K) : recog_pin has 0 polygons
2026-08-03 14:21:44 +0200: Memory Usage (471176K) : recog_esd has 0 polygons
2026-08-03 14:21:44 +0200: Memory Usage (471176K) : recog_diode has 6 polygons
2026-08-03 14:21:44 +0200: Memory Usage (471176K) : recog_tsv has 0 polygons
2026-08-03 14:21:44 +0200: Memory Usage (471176K) : recog_iprobe has 0 polygons
2026-08-03 14:21:44 +0200: Memory Usage (471176K) : recog_diffprb has 0 polygons
2026-08-03 14:21:44 +0200: Memory Usage (471176K) : recog_pillar has 0 polygons
2026-08-03 14:21:44 +0200: Memory Usage (471176K) : recog_sbump has 0 polygons
2026-08-03 14:21:44 +0200: Memory Usage (471176K) : recog_otp has 0 polygons
2026-08-03 14:21:44 +0200: Memory Usage (471176K) : recog_pdiode has 0 polygons
2026-08-03 14:21:44 +0200: Memory Usage (471176K) : recog_mom has 0 polygons
2026-08-03 14:21:44 +0200: Memory Usage (471176K) : recog_pcm has 0 polygons
2026-08-03 14:21:44 +0200: Memory Usage (471176K) : colopen_drw has 0 polygons
2026-08-03 14:21:44 +0200: Memory Usage (471176K) : graphmetal1_drw has 0 polygons
2026-08-03 14:21:44 +0200: Memory Usage (471176K) : graphmetal1_filler has 0 polygons
2026-08-03 14:21:44 +0200: Memory Usage (471176K) : graphmetal1_nofill has 0 polygons
2026-08-03 14:21:44 +0200: Memory Usage (471176K) : graphmetal1_slit has 0 polygons
2026-08-03 14:21:44 +0200: Memory Usage (471176K) : graphmetal1_OPC has 0 polygons
2026-08-03 14:21:44 +0200: Memory Usage (471176K) : graphmet1l_drw has 0 polygons
2026-08-03 14:21:44 +0200: Memory Usage (471176K) : graphmet1l_filler has 0 polygons
2026-08-03 14:21:44 +0200: Memory Usage (471176K) : graphmet1l_nofill has 0 polygons
2026-08-03 14:21:44 +0200: Memory Usage (471176K) : graphmet1l_slit has 0 polygons
2026-08-03 14:21:44 +0200: Memory Usage (471176K) : graphmet1l_OPC has 0 polygons
2026-08-03 14:21:44 +0200: Memory Usage (471176K) : extblock_drw has 0 polygons
2026-08-03 14:21:44 +0200: Memory Usage (471176K) : nldd_drw has 0 polygons
2026-08-03 14:21:44 +0200: Memory Usage (471176K) : pldd_drw has 0 polygons
2026-08-03 14:21:44 +0200: Memory Usage (471176K) : next_drw has 0 polygons
2026-08-03 14:21:44 +0200: Memory Usage (471176K) : pext_drw has 0 polygons
2026-08-03 14:21:44 +0200: Memory Usage (471176K) : nexthv_drw has 0 polygons
2026-08-03 14:21:44 +0200: Memory Usage (471176K) : pexthv_drw has 0 polygons
2026-08-03 14:21:44 +0200: Memory Usage (471176K) : graphgate_drw has 0 polygons
2026-08-03 14:21:44 +0200: Memory Usage (471176K) : sinwg_drw has 0 polygons
2026-08-03 14:21:44 +0200: Memory Usage (471176K) : sinwg_filler has 0 polygons
2026-08-03 14:21:44 +0200: Memory Usage (471176K) : sinwg_nofill has 0 polygons
2026-08-03 14:21:44 +0200: Memory Usage (471176K) : mempad_drw has 0 polygons
2026-08-03 14:21:44 +0200: Memory Usage (471176K) : topvia1_drw has 2315 polygons
2026-08-03 14:21:44 +0200: Memory Usage (471176K) : topmetal1_drw has 8 polygons
2026-08-03 14:21:44 +0200: Memory Usage (471176K) : topmetal1_filler has 0 polygons
2026-08-03 14:21:44 +0200: Memory Usage (471176K) : topmetal1_slit has 0 polygons
2026-08-03 14:21:44 +0200: Memory Usage (471176K) : topmetal1 has 8 polygons
2026-08-03 14:21:44 +0200: Memory Usage (471176K) : topmetal1_pin has 8 polygons
2026-08-03 14:21:44 +0200: Memory Usage (471176K) : topmetal1_mask has 0 polygons
2026-08-03 14:21:44 +0200: Memory Usage (471176K) : topmetal1_nofill has 0 polygons
2026-08-03 14:21:44 +0200: Memory Usage (471176K) : topmetal1_text has 8 polygons
2026-08-03 14:21:44 +0200: Memory Usage (471176K) : topmetal1_noqrc has 0 polygons
2026-08-03 14:21:44 +0200: Memory Usage (471176K) : topmetal1_res has 0 polygons
2026-08-03 14:21:44 +0200: Memory Usage (471176K) : topmetal1_iprobe has 0 polygons
2026-08-03 14:21:44 +0200: Memory Usage (471176K) : topmetal1_diffprb has 0 polygons
2026-08-03 14:21:44 +0200: Memory Usage (471176K) : inldpwl_drw has 0 polygons
2026-08-03 14:21:44 +0200: Memory Usage (471176K) : polyres_drw has 0 polygons
2026-08-03 14:21:44 +0200: Memory Usage (471176K) : polyres_pin has 0 polygons
2026-08-03 14:21:44 +0200: Memory Usage (471176K) : vmim_drw has 0 polygons
2026-08-03 14:21:44 +0200: Memory Usage (471176K) : nbulaycut_drw has 0 polygons
2026-08-03 14:21:44 +0200: Memory Usage (471176K) : antmetal1_drw has 0 polygons
2026-08-03 14:21:44 +0200: Memory Usage (471176K) : topvia2_drw has 1593 polygons
2026-08-03 14:21:44 +0200: Memory Usage (471176K) : topmetal2_drw has 6 polygons
2026-08-03 14:21:44 +0200: Memory Usage (471176K) : topmetal2_filler has 0 polygons
2026-08-03 14:21:44 +0200: Memory Usage (471176K) : topmetal2_slit has 0 polygons
2026-08-03 14:21:44 +0200: Memory Usage (471176K) : topmetal2 has 6 polygons
2026-08-03 14:21:44 +0200: Memory Usage (471176K) : topmetal2_pin has 6 polygons
2026-08-03 14:21:44 +0200: Memory Usage (471176K) : topmetal2_mask has 0 polygons
2026-08-03 14:21:44 +0200: Memory Usage (471176K) : topmetal2_nofill has 0 polygons
2026-08-03 14:21:44 +0200: Memory Usage (471176K) : topmetal2_text has 6 polygons
2026-08-03 14:21:44 +0200: Memory Usage (471176K) : topmetal2_noqrc has 0 polygons
2026-08-03 14:21:44 +0200: Memory Usage (471176K) : topmetal2_res has 0 polygons
2026-08-03 14:21:44 +0200: Memory Usage (471176K) : topmetal2_iprobe has 0 polygons
2026-08-03 14:21:44 +0200: Memory Usage (471176K) : topmetal2_diffprb has 0 polygons
2026-08-03 14:21:44 +0200: Memory Usage (471176K) : snsring_drw has 0 polygons
2026-08-03 14:21:44 +0200: Memory Usage (471176K) : sensor_drw has 0 polygons
2026-08-03 14:21:44 +0200: Memory Usage (471176K) : snsarms_drw has 0 polygons
2026-08-03 14:21:44 +0200: Memory Usage (471176K) : snscmosvia_drw has 0 polygons
2026-08-03 14:21:44 +0200: Memory Usage (471176K) : colwind_drw has 0 polygons
2026-08-03 14:21:44 +0200: Memory Usage (471176K) : flm_drw has 0 polygons
2026-08-03 14:21:44 +0200: Memory Usage (471176K) : hafniumox_drw has 0 polygons
2026-08-03 14:21:44 +0200: Memory Usage (471176K) : memvia_drw has 0 polygons
2026-08-03 14:21:44 +0200: Memory Usage (471176K) : thinfilmres_drw has 0 polygons
2026-08-03 14:21:44 +0200: Memory Usage (471176K) : rfmem_drw has 0 polygons
2026-08-03 14:21:44 +0200: Memory Usage (471176K) : norcx_drw has 0 polygons
2026-08-03 14:21:44 +0200: Memory Usage (471176K) : norcx_m2m3 has 0 polygons
2026-08-03 14:21:44 +0200: Memory Usage (471176K) : norcx_m2m4 has 0 polygons
2026-08-03 14:21:44 +0200: Memory Usage (471176K) : norcx_m2m5 has 0 polygons
2026-08-03 14:21:44 +0200: Memory Usage (471176K) : norcx_m2tm1 has 0 polygons
2026-08-03 14:21:44 +0200: Memory Usage (471176K) : norcx_m2tm2 has 0 polygons
2026-08-03 14:21:44 +0200: Memory Usage (471176K) : norcx_m3m4 has 0 polygons
2026-08-03 14:21:44 +0200: Memory Usage (471176K) : norcx_m3m5 has 0 polygons
2026-08-03 14:21:44 +0200: Memory Usage (471176K) : norcx_m3tm1 has 0 polygons
2026-08-03 14:21:44 +0200: Memory Usage (471176K) : norcx_m3tm2 has 0 polygons
2026-08-03 14:21:44 +0200: Memory Usage (471176K) : norcx_m4m5 has 0 polygons
2026-08-03 14:21:44 +0200: Memory Usage (471176K) : norcx_m4tm1 has 0 polygons
2026-08-03 14:21:44 +0200: Memory Usage (471176K) : norcx_m4tm2 has 0 polygons
2026-08-03 14:21:44 +0200: Memory Usage (471176K) : norcx_m5tm1 has 0 polygons
2026-08-03 14:21:44 +0200: Memory Usage (471176K) : norcx_m5tm2 has 0 polygons
2026-08-03 14:21:44 +0200: Memory Usage (471176K) : norcx_tm1tm2 has 0 polygons
2026-08-03 14:21:44 +0200: Memory Usage (471176K) : norcx_m1sub has 0 polygons
2026-08-03 14:21:44 +0200: Memory Usage (471176K) : norcx_m2sub has 0 polygons
2026-08-03 14:21:44 +0200: Memory Usage (471176K) : norcx_m3sub has 0 polygons
2026-08-03 14:21:44 +0200: Memory Usage (471176K) : norcx_m4sub has 0 polygons
2026-08-03 14:21:44 +0200: Memory Usage (471176K) : norcx_m5sub has 0 polygons
2026-08-03 14:21:44 +0200: Memory Usage (471176K) : norcx_tm1sub has 0 polygons
2026-08-03 14:21:44 +0200: Memory Usage (471176K) : norcx_tm2sub has 0 polygons
2026-08-03 14:21:44 +0200: Memory Usage (471176K) : snsbotvia_drw has 0 polygons
2026-08-03 14:21:44 +0200: Memory Usage (471176K) : snstopvia_drw has 0 polygons
2026-08-03 14:21:44 +0200: Memory Usage (471176K) : deepvia_drw has 0 polygons
2026-08-03 14:21:44 +0200: Memory Usage (471176K) : fgetch_drw has 0 polygons
2026-08-03 14:21:44 +0200: Memory Usage (471176K) : ctrgat_drw has 0 polygons
2026-08-03 14:21:44 +0200: Memory Usage (471176K) : fgimp_drw has 0 polygons
2026-08-03 14:21:44 +0200: Memory Usage (471176K) : emwihv_drw has 0 polygons
2026-08-03 14:21:44 +0200: Memory Usage (471176K) : lbe_drw has 0 polygons
2026-08-03 14:21:44 +0200: Memory Usage (471176K) : alcustop_drw has 0 polygons
2026-08-03 14:21:44 +0200: Memory Usage (471176K) : nometfiller_drw has 0 polygons
2026-08-03 14:21:44 +0200: Memory Usage (471176K) : prboundary_drw has 0 polygons
2026-08-03 14:21:44 +0200: Memory Usage (471176K) : exchange0_drw has 0 polygons
2026-08-03 14:21:44 +0200: Memory Usage (471176K) : exchange0_pin has 0 polygons
2026-08-03 14:21:44 +0200: Memory Usage (471176K) : exchange0_text has 0 polygons
2026-08-03 14:21:44 +0200: Memory Usage (471176K) : exchange1_drw has 0 polygons
2026-08-03 14:21:44 +0200: Memory Usage (471176K) : exchange1_pin has 0 polygons
2026-08-03 14:21:44 +0200: Memory Usage (471176K) : exchange1_text has 0 polygons
2026-08-03 14:21:44 +0200: Memory Usage (471176K) : exchange2_drw has 0 polygons
2026-08-03 14:21:44 +0200: Memory Usage (471176K) : exchange2_pin has 0 polygons
2026-08-03 14:21:44 +0200: Memory Usage (471176K) : exchange2_text has 0 polygons
2026-08-03 14:21:44 +0200: Memory Usage (471176K) : exchange3_drw has 0 polygons
2026-08-03 14:21:44 +0200: Memory Usage (471176K) : exchange3_pin has 0 polygons
2026-08-03 14:21:44 +0200: Memory Usage (471176K) : exchange3_text has 0 polygons
2026-08-03 14:21:44 +0200: Memory Usage (471176K) : exchange4_drw has 0 polygons
2026-08-03 14:21:44 +0200: Memory Usage (471176K) : exchange4_pin has 0 polygons
2026-08-03 14:21:44 +0200: Memory Usage (471176K) : exchange4_text has 0 polygons
2026-08-03 14:21:44 +0200: Memory Usage (471176K) : isonwell_drw has 0 polygons
2026-08-03 14:21:44 +0200: Memory Usage (471176K) : Total no. of polygons in the design is 57611
2026-08-03 14:21:44 +0200: Memory Usage (471176K) : Starting base layers derivations
2026-08-03 14:21:44 +0200: Memory Usage (471176K) : Starting general LVS derivations
2026-08-03 14:21:44 +0200: Memory Usage (476808K) : Starting MOSFET DERIVATIONS
2026-08-03 14:21:45 +0200: Memory Usage (477280K) : Starting NMOS DERIVATIONS
2026-08-03 14:21:45 +0200: Memory Usage (477280K) : Starting PMOS DERIVATIONS
2026-08-03 14:21:45 +0200: Memory Usage (477280K) : Starting RF-MOSFET DERIVATIONS
2026-08-03 14:21:45 +0200: Memory Usage (477280K) : Starting RF-NMOS DERIVATIONS
2026-08-03 14:21:45 +0200: Memory Usage (477280K) : Starting RF-PMOS DERIVATIONS
2026-08-03 14:21:45 +0200: Memory Usage (477280K) : Starting BJT DERIVATIONS
2026-08-03 14:21:45 +0200: Memory Usage (477280K) : Starting NPN-BJT DERIVATIONS
2026-08-03 14:21:46 +0200: Memory Usage (477280K) : Starting PNP-BJT DERIVATIONS
2026-08-03 14:21:46 +0200: Memory Usage (477280K) : Starting DIODE DERIVATIONS
2026-08-03 14:21:47 +0200: Memory Usage (477528K) : Starting RESISTOR DERIVATIONS
2026-08-03 14:21:47 +0200: Memory Usage (477528K) : Starting CAP DERIVATIONS
2026-08-03 14:21:47 +0200: Memory Usage (477656K) : Starting ESD DERIVATIONS
2026-08-03 14:21:47 +0200: Memory Usage (478168K) : Starting Inductor DERIVATIONS
2026-08-03 14:21:47 +0200: Memory Usage (478680K) : Starting Taps DERIVATIONS
2026-08-03 14:21:48 +0200: Memory Usage (478680K) : Starting SG13G2 LVS connectivity setup
2026-08-03 14:21:48 +0200: Memory Usage (478680K) : Starting SG13G2 LVS connectivity setup (Inter-layer)
2026-08-03 14:21:48 +0200: Memory Usage (478808K) : Starting SG13G2 LVS connectivity setup (Global)
2026-08-03 14:21:48 +0200: Memory Usage (478808K) : Starting LVS MOSFET CONNECTIONS
2026-08-03 14:21:48 +0200: Memory Usage (478808K) : Starting LVS RF-MOSFET CONNECTIONS
2026-08-03 14:21:48 +0200: Memory Usage (478808K) : Starting LVS BJT CONNECTIONS
2026-08-03 14:21:48 +0200: Memory Usage (478808K) : Starting LVS DIODE CONNECTIONS
2026-08-03 14:21:48 +0200: Memory Usage (478808K) : Starting RESISTOR CONNECTIONS
2026-08-03 14:21:48 +0200: Memory Usage (478808K) : Starting LVS CAP CONNECTIONS
2026-08-03 14:21:48 +0200: Memory Usage (478808K) : Starting ESD CONNECTIONS
2026-08-03 14:21:48 +0200: Memory Usage (478808K) : Starting Inductor CONNECTIONS
2026-08-03 14:21:48 +0200: Memory Usage (478808K) : Starting LVS Taps CONNECTIONS
2026-08-03 14:21:48 +0200: Memory Usage (478808K) : Starting SG13G2 LVS DEVICES EXTRACTION
2026-08-03 14:21:48 +0200: Memory Usage (478808K) : Starting MOSFET EXTRACTION
2026-08-03 14:21:48 +0200: Memory Usage (478808K) : Starting NMOS EXTRACTION
2026-08-03 14:21:48 +0200: Memory Usage (478808K) : Extraction of NMOS-LV transistor
2026-08-03 14:21:48 +0200: Memory Usage (479064K) : Extraction of NMOS-HV transistor
2026-08-03 14:21:48 +0200: Memory Usage (479064K) : Starting PMOS EXTRACTION
2026-08-03 14:21:48 +0200: Memory Usage (479064K) : Extraction of PMOS-LV transistor
2026-08-03 14:21:48 +0200: Memory Usage (479064K) : Extraction of PMOS-HV transistor
2026-08-03 14:21:48 +0200: Memory Usage (479064K) : Starting RF-MOSFET EXTRACTION
2026-08-03 14:21:48 +0200: Memory Usage (479064K) : Extraction of RF-NMOS-LV transistor
2026-08-03 14:21:48 +0200: Memory Usage (479064K) : Extraction of RF-NMOS-HV transistor
2026-08-03 14:21:48 +0200: Memory Usage (479064K) : Extraction of RF-PMOS-LV transistor
2026-08-03 14:21:48 +0200: Memory Usage (479064K) : Extraction of RF-PMOS-HV transistor
2026-08-03 14:21:48 +0200: Memory Usage (479064K) : Starting BJT EXTRACTION
2026-08-03 14:21:48 +0200: Memory Usage (479064K) : Starting NPN-BJT EXTRACTION
2026-08-03 14:21:48 +0200: Memory Usage (479064K) : Extraction of npn13G2 BJT transistor
2026-08-03 14:21:48 +0200: Memory Usage (479064K) : Extraction of npn13G2L BJT transistor
2026-08-03 14:21:48 +0200: Memory Usage (479064K) : Extraction of npn13G2V BJT transistor
2026-08-03 14:21:48 +0200: Memory Usage (479064K) : Starting PNP-BJT EXTRACTION
2026-08-03 14:21:48 +0200: Memory Usage (479064K) : Extracting pnpMPA BJT
2026-08-03 14:21:48 +0200: Memory Usage (479064K) : Starting DIODE EXTRACTION
2026-08-03 14:21:48 +0200: Memory Usage (479064K) : Extracting dantenna diode
2026-08-03 14:21:48 +0200: Memory Usage (479064K) : Extracting dpantenna diode
2026-08-03 14:21:48 +0200: Memory Usage (479064K) : Extracting schottky_nbl1 diode
2026-08-03 14:21:48 +0200: Memory Usage (479064K) : Extracting isolbox diode
2026-08-03 14:21:48 +0200: Memory Usage (479064K) : Starting RESISTOR EXTRACTION
2026-08-03 14:21:48 +0200: Memory Usage (479064K) : Extracting rsil resistor
2026-08-03 14:21:48 +0200: Memory Usage (479064K) : Extracting rppd resistor
2026-08-03 14:21:48 +0200: Memory Usage (479064K) : Extracting rhigh resistor
2026-08-03 14:21:48 +0200: Memory Usage (479064K) : Extracting res_metal1 resistor
2026-08-03 14:21:48 +0200: Memory Usage (479064K) : Extracting res_metal2 resistor
2026-08-03 14:21:48 +0200: Memory Usage (479064K) : Extracting res_metal3 resistor
2026-08-03 14:21:48 +0200: Memory Usage (479064K) : Extracting res_metal4 resistor
2026-08-03 14:21:48 +0200: Memory Usage (479064K) : Extracting res_metal5 resistor
2026-08-03 14:21:48 +0200: Memory Usage (479064K) : Extracting res_topmetal1 resistor
2026-08-03 14:21:48 +0200: Memory Usage (479064K) : Extracting res_topmetal2 resistor
2026-08-03 14:21:48 +0200: Memory Usage (479064K) : Starting CAP EXTRACTION
2026-08-03 14:21:48 +0200: Memory Usage (479064K) : Extracting cap_cmim device
2026-08-03 14:21:48 +0200: Memory Usage (479064K) : Extracting rfcmim device
2026-08-03 14:21:48 +0200: Memory Usage (479064K) : Extracting sg13_hv_svaricap varactor
2026-08-03 14:21:48 +0200: Memory Usage (479064K) : Starting ESD EXTRACTION
2026-08-03 14:21:48 +0200: Memory Usage (479064K) : Extracting diodevdd_2kv ESD device
2026-08-03 14:21:48 +0200: Memory Usage (479064K) : Extracting diodevdd_4kv ESD device
2026-08-03 14:21:48 +0200: Memory Usage (479064K) : Extracting diodevss_2kv ESD device
2026-08-03 14:21:48 +0200: Memory Usage (479064K) : Extracting diodevss_4kv ESD device
2026-08-03 14:21:48 +0200: Memory Usage (479064K) : Extracting idiodevdd_2kv ESD device
2026-08-03 14:21:48 +0200: Memory Usage (479064K) : Extracting idiodevdd_4kv ESD device
2026-08-03 14:21:48 +0200: Memory Usage (479064K) : Extracting idiodevss_2kv ESD device
2026-08-03 14:21:48 +0200: Memory Usage (479064K) : Extracting idiodevss_4kv ESD device
2026-08-03 14:21:48 +0200: Memory Usage (479064K) : Extracting nmoscl_2 ESD device
2026-08-03 14:21:48 +0200: Memory Usage (479064K) : Extracting nmoscl_4 ESD device
2026-08-03 14:21:48 +0200: Memory Usage (479064K) : Starting Inductor EXTRACTION
2026-08-03 14:21:48 +0200: Memory Usage (479064K) : Extracting Inductor2 device
2026-08-03 14:21:48 +0200: Memory Usage (479064K) : Extracting Inductor3 device
2026-08-03 14:21:48 +0200: Memory Usage (479064K) : Starting Taps EXTRACTION
2026-08-03 14:21:48 +0200: Memory Usage (479064K) : Extracting ntap1 device
2026-08-03 14:21:48 +0200: Memory Usage (479064K) : Extracting ptap1 device
2026-08-03 14:21:48 +0200: Memory Usage (479064K) : Starting SG13G2 LVS RF MOS Model Mapping
2026-08-03 14:21:50 +0200: Memory Usage (484440K) : [layout_netlist] Apply RF MOS model mapping and rfmode parameter.
2026-08-03 14:21:50 +0200: Memory Usage (484440K) : Starting SG13G2 LVS Options Preparations
2026-08-03 14:21:50 +0200: Memory Usage (484440K) : SG13G2 LVS flow: extraction -> alignment -> option preparation -> comparison.
2026-08-03 14:21:50 +0200: Memory Usage (484440K) : Starting SG13G2 LVS Alignment
2026-08-03 14:21:50 +0200: Memory Usage (484440K) : Starting SG13G2 LVS Simplification
2026-08-03 14:21:50 +0200: Memory Usage (484440K) : [layout_netlist] simplify: ENABLED
2026-08-03 14:21:50 +0200: Memory Usage (484440K) : [layout_netlist] make_top_level_pins: SKIPPED
2026-08-03 14:21:50 +0200: Memory Usage (484440K) : [layout_netlist] combine_devices: SKIPPED
2026-08-03 14:21:50 +0200: Memory Usage (484440K) : [layout_netlist] purge: SKIPPED
2026-08-03 14:21:50 +0200: Memory Usage (484440K) : [layout_netlist] purge_nets: SKIPPED
2026-08-03 14:21:50 +0200: Memory Usage (484440K) : [schematic_netlist] simplify: ENABLED
2026-08-03 14:21:50 +0200: Memory Usage (484440K) : [schematic_netlist] make_top_level_pins: SKIPPED
2026-08-03 14:21:50 +0200: Memory Usage (484440K) : [schematic_netlist] combine_devices: SKIPPED
2026-08-03 14:21:50 +0200: Memory Usage (484440K) : [schematic_netlist] purge: SKIPPED
2026-08-03 14:21:50 +0200: Memory Usage (484440K) : [schematic_netlist] purge_nets: SKIPPED
2026-08-03 14:21:50 +0200: Memory Usage (484440K) : Starting SG13G2 LVS Comparison in strict port mode.
2026-08-03 14:21:50 +0200: Memory Usage (484440K) : flag_missing_ports enabled: missing/mislabeled top-level ports are treated as errors.
2026-08-03 14:21:50 +0200: Memory Usage (484568K) : xxxxxxxxxxxxxxxxxxxxxxxxxxxxxxxxxxxxxxxxxx
2026-08-03 14:21:50 +0200: Memory Usage (484568K) : ERROR : Netlists don't match
2026-08-03 14:21:50 +0200: Memory Usage (484568K) : xxxxxxxxxxxxxxxxxxxxxxxxxxxxxxxxxxxxxxxxxx
2026-08-03 14:21:50 +0200: Memory Usage (484568K) : LVS Total Run time 6.467910 seconds
03-Aug-2026 14:21:50 | INFO    | ==============================================================================
03-Aug-2026 14:21:50 | INFO    | Important Summary
03-Aug-2026 14:21:50 | INFO    | +------------------+----------------------------------------------------------------------------------------------+
03-Aug-2026 14:21:50 | INFO    | | Status           | FAIL                                                                                         |
03-Aug-2026 14:21:50 | INFO    | | Mode             | COMPARE                                                                                      |
03-Aug-2026 14:21:50 | INFO    | | Outcome          | Comparison mode: FAIL (netlists do not match).                                               |
03-Aug-2026 14:21:50 | INFO    | | Layout           | sg13g2_IOPadTriOut4mA.gds                                                                    |
03-Aug-2026 14:21:50 | INFO    | | Top Cell         | sg13g2_IOPadTriOut4mA                                                                        |
03-Aug-2026 14:21:50 | INFO    | | Results Dir      | /foss/designs/ihp-open-pdk-regression/IOPADS/lvs_sweep/20260803_141940/sg13g2_IOPadTriOut4mA |
03-Aug-2026 14:21:50 | INFO    | | Warnings         | 0                                                                                            |
03-Aug-2026 14:21:50 | INFO    | | Errors           | 1                                                                                            |
03-Aug-2026 14:21:50 | INFO    | | Run Time (s)     | 11.065                                                                                       |
03-Aug-2026 14:21:50 | INFO    | +------------------+----------------------------------------------------------------------------------------------+
03-Aug-2026 14:21:50 | ERROR   | Key errors:
03-Aug-2026 14:21:50 | ERROR   |   - 2026-08-03 14:21:50 +0200: Memory Usage (484568K) : ERROR : Netlists don't match
03-Aug-2026 14:21:50 | INFO    | ==============================================================================
