11-Aug-2026 13:54:59 | INFO    | Your Klayout version is: KLayout 0.30.10 (required >= 0.30.5)
11-Aug-2026 13:54:59 | INFO    | Running SG13G2 LVS checks on design /foss/designs/ihp-open-pdk-regression/IOPADS/layout/sg13g2_IOPadIOVss.gds on cell sg13g2_IOPadIOVss
2026-08-11 13:55:02 +0200: Memory Usage (456316K) : Starting running SG13G2 Klayout LVS runset on /foss/designs/ihp-open-pdk-regression/IOPADS/layout/sg13g2_IOPadIOVss.gds
2026-08-11 13:55:02 +0200: Memory Usage (456316K) : Ruby Version for klayout: 3.2.3
2026-08-11 13:55:02 +0200: Memory Usage (458364K) : Loading database to memory is complete.
2026-08-11 13:55:02 +0200: Memory Usage (458364K) : SG13G2 Klayout LVS runset output at: /foss/designs/ihp-open-pdk-regression/IOPADS/lvs_sweep/20260811_135408/sg13g2_IOPadIOVss/sg13g2_IOPadIOVss.lvsdb
2026-08-11 13:55:02 +0200: Memory Usage (458364K) : Evaluate switches.
2026-08-11 13:55:02 +0200: Memory Usage (458364K) : Extracted netlist with net names: true
2026-08-11 13:55:02 +0200: Memory Usage (458364K) : Extracted netlist with comments in details: false
2026-08-11 13:55:02 +0200: Memory Usage (458364K) : Selected NET_ONLY option: false
2026-08-11 13:55:02 +0200: Memory Usage (458364K) : Selected LAYOUT_NETLIST option: (none)
2026-08-11 13:55:02 +0200: Memory Usage (458364K) : Selected IGNORE_TOP_PORTS_MISMATCH option: true
2026-08-11 13:55:02 +0200: Memory Usage (458364K) : Selected IMPLICIT_NETS option: iovss,iovdd,vss,vdd,pad,cathode,anode
2026-08-11 13:55:02 +0200: Memory Usage (458364K) : Selected TOP_LVL_PINS option: false
2026-08-11 13:55:02 +0200: Memory Usage (458364K) : Selected COMBINE DEVICES option: true
2026-08-11 13:55:02 +0200: Memory Usage (458364K) : Selected PURGE option: false
2026-08-11 13:55:02 +0200: Memory Usage (458364K) : Selected PURGE_NETS option: false
2026-08-11 13:55:02 +0200: Memory Usage (458492K) : Selected SIMPLIFY option: true
2026-08-11 13:55:02 +0200: Memory Usage (458492K) : Selected SERIES_RES option: true
2026-08-11 13:55:02 +0200: Memory Usage (458492K) : Selected PARALLEL_RES option: true
2026-08-11 13:55:02 +0200: Memory Usage (458492K) : Selected DISABLE_TAP_EXTRACTION option: false
2026-08-11 13:55:02 +0200: Memory Usage (458492K) : deep  mode is enabled.
2026-08-11 13:55:02 +0200: Memory Usage (458492K) : Applying implicit connections (case-sensitive, pattern supported) for nets: iovss, iovdd, vss, vdd, pad, cathode, anode
2026-08-11 13:55:02 +0200: Memory Usage (459644K) : Netlist file: /foss/designs/ihp-open-pdk-regression/IOPADS/netlist/pads_sub/sg13g2_IOPadIOVss.spi
2026-08-11 13:55:02 +0200: Memory Usage (459644K) : LVS extracted netlist at: /foss/designs/ihp-open-pdk-regression/IOPADS/lvs_sweep/20260811_135408/sg13g2_IOPadIOVss/sg13g2_IOPadIOVss_extracted.cir
2026-08-11 13:55:02 +0200: Memory Usage (459644K) : Applying SRAM integration support.
2026-08-11 13:55:02 +0200: Memory Usage (459644K) : Starting SG13G2 LVS runset
2026-08-11 13:55:02 +0200: Memory Usage (459644K) : Read in polygons from layers.
2026-08-11 13:55:02 +0200: Memory Usage (460924K) : activ_drw has 21 polygons
2026-08-11 13:55:02 +0200: Memory Usage (460924K) : activ_filler has 0 polygons
2026-08-11 13:55:02 +0200: Memory Usage (461052K) : activ has 21 polygons
2026-08-11 13:55:02 +0200: Memory Usage (461052K) : activ_pin has 0 polygons
2026-08-11 13:55:02 +0200: Memory Usage (461180K) : activ_mask has 0 polygons
2026-08-11 13:55:02 +0200: Memory Usage (461180K) : activ_nofill has 0 polygons
2026-08-11 13:55:02 +0200: Memory Usage (461180K) : activ_OPC has 0 polygons
2026-08-11 13:55:02 +0200: Memory Usage (461308K) : activ_iOPC has 0 polygons
2026-08-11 13:55:02 +0200: Memory Usage (461308K) : activ_noqrc has 0 polygons
2026-08-11 13:55:02 +0200: Memory Usage (461436K) : biwind_drw has 0 polygons
2026-08-11 13:55:02 +0200: Memory Usage (461820K) : biwind_OPC has 0 polygons
2026-08-11 13:55:02 +0200: Memory Usage (461820K) : gatpoly_drw has 0 polygons
2026-08-11 13:55:02 +0200: Memory Usage (461820K) : gatpoly_filler has 0 polygons
2026-08-11 13:55:02 +0200: Memory Usage (461948K) : gatpoly has 0 polygons
2026-08-11 13:55:02 +0200: Memory Usage (461948K) : gatpoly_pin has 0 polygons
2026-08-11 13:55:02 +0200: Memory Usage (461948K) : gatpoly_nofill has 0 polygons
2026-08-11 13:55:02 +0200: Memory Usage (461948K) : gatpoly_OPC has 0 polygons
2026-08-11 13:55:03 +0200: Memory Usage (461948K) : gatpoly_iOPC has 0 polygons
2026-08-11 13:55:03 +0200: Memory Usage (462076K) : gatpoly_noqrc has 0 polygons
2026-08-11 13:55:03 +0200: Memory Usage (465020K) : cont_drw has 73574 polygons
2026-08-11 13:55:03 +0200: Memory Usage (465020K) : cont_OPC has 0 polygons
2026-08-11 13:55:03 +0200: Memory Usage (465020K) : nsd_drw has 0 polygons
2026-08-11 13:55:03 +0200: Memory Usage (465020K) : nsd_block has 0 polygons
2026-08-11 13:55:03 +0200: Memory Usage (465020K) : metal1_drw has 37 polygons
2026-08-11 13:55:03 +0200: Memory Usage (465148K) : metal1_filler has 0 polygons
2026-08-11 13:55:03 +0200: Memory Usage (465148K) : metal1_slit has 0 polygons
2026-08-11 13:55:03 +0200: Memory Usage (465148K) : metal1 has 37 polygons
2026-08-11 13:55:03 +0200: Memory Usage (465148K) : metal1_pin has 14 polygons
2026-08-11 13:55:03 +0200: Memory Usage (465148K) : metal1_mask has 0 polygons
2026-08-11 13:55:03 +0200: Memory Usage (465148K) : metal1_nofill has 0 polygons
2026-08-11 13:55:03 +0200: Memory Usage (465404K) : metal1_text has 14 polygons
2026-08-11 13:55:03 +0200: Memory Usage (465404K) : metal1_OPC has 0 polygons
2026-08-11 13:55:03 +0200: Memory Usage (465404K) : metal1_noqrc has 0 polygons
2026-08-11 13:55:03 +0200: Memory Usage (465404K) : metal1_res has 0 polygons
2026-08-11 13:55:03 +0200: Memory Usage (465404K) : metal1_iprobe has 0 polygons
2026-08-11 13:55:03 +0200: Memory Usage (465404K) : metal1_diffprb has 0 polygons
2026-08-11 13:55:03 +0200: Memory Usage (465404K) : passiv_drw has 0 polygons
2026-08-11 13:55:03 +0200: Memory Usage (465404K) : passiv_pin has 0 polygons
2026-08-11 13:55:03 +0200: Memory Usage (465404K) : passiv_sbump has 0 polygons
2026-08-11 13:55:03 +0200: Memory Usage (465404K) : passiv_pillar has 0 polygons
2026-08-11 13:55:03 +0200: Memory Usage (465404K) : passiv_pdl has 0 polygons
2026-08-11 13:55:03 +0200: Memory Usage (465788K) : metal2_drw has 20 polygons
2026-08-11 13:55:03 +0200: Memory Usage (465788K) : metal2_filler has 0 polygons
2026-08-11 13:55:03 +0200: Memory Usage (465788K) : metal2_slit has 0 polygons
2026-08-11 13:55:03 +0200: Memory Usage (465788K) : metal2 has 20 polygons
2026-08-11 13:55:03 +0200: Memory Usage (465788K) : metal2_pin has 1 polygons
2026-08-11 13:55:03 +0200: Memory Usage (465788K) : metal2_mask has 0 polygons
2026-08-11 13:55:03 +0200: Memory Usage (465788K) : metal2_nofill has 0 polygons
2026-08-11 13:55:03 +0200: Memory Usage (465916K) : metal2_text has 1 polygons
2026-08-11 13:55:03 +0200: Memory Usage (465916K) : metal2_OPC has 0 polygons
2026-08-11 13:55:03 +0200: Memory Usage (466044K) : metal2_noqrc has 0 polygons
2026-08-11 13:55:03 +0200: Memory Usage (466044K) : metal2_res has 0 polygons
2026-08-11 13:55:03 +0200: Memory Usage (466172K) : metal2_iprobe has 0 polygons
2026-08-11 13:55:03 +0200: Memory Usage (466172K) : metal2_diffprb has 0 polygons
2026-08-11 13:55:03 +0200: Memory Usage (466300K) : baspoly_drw has 0 polygons
2026-08-11 13:55:03 +0200: Memory Usage (466300K) : baspoly_pin has 0 polygons
2026-08-11 13:55:03 +0200: Memory Usage (466428K) : psd_drw has 11 polygons
2026-08-11 13:55:03 +0200: Memory Usage (466556K) : nldb_drw has 0 polygons
2026-08-11 13:55:03 +0200: Memory Usage (466684K) : digibnd_drw has 0 polygons
2026-08-11 13:55:03 +0200: Memory Usage (466684K) : via1_drw has 2182 polygons
2026-08-11 13:55:03 +0200: Memory Usage (466812K) : backmetal1_drw has 0 polygons
2026-08-11 13:55:03 +0200: Memory Usage (466940K) : backmetal1_pin has 0 polygons
2026-08-11 13:55:03 +0200: Memory Usage (466940K) : backmetal1_mask has 0 polygons
2026-08-11 13:55:03 +0200: Memory Usage (467068K) : backmetal1_filler has 0 polygons
2026-08-11 13:55:03 +0200: Memory Usage (467068K) : backmetal1_nofill has 0 polygons
2026-08-11 13:55:03 +0200: Memory Usage (467196K) : backmetal1_slit has 0 polygons
2026-08-11 13:55:03 +0200: Memory Usage (467196K) : backmetal1_text has 0 polygons
2026-08-11 13:55:03 +0200: Memory Usage (467324K) : backmetal1_OPC has 0 polygons
2026-08-11 13:55:03 +0200: Memory Usage (467324K) : backmetal1_noqrc has 0 polygons
2026-08-11 13:55:03 +0200: Memory Usage (467452K) : backmetal1_res has 0 polygons
2026-08-11 13:55:03 +0200: Memory Usage (467580K) : backmetal1_iprobe has 0 polygons
2026-08-11 13:55:03 +0200: Memory Usage (467580K) : backmetal1_diffprb has 0 polygons
2026-08-11 13:55:03 +0200: Memory Usage (467708K) : backpassiv_drw has 0 polygons
2026-08-11 13:55:03 +0200: Memory Usage (467708K) : res_drw has 0 polygons
2026-08-11 13:55:03 +0200: Memory Usage (467836K) : sram_drw has 0 polygons
2026-08-11 13:55:03 +0200: Memory Usage (467964K) : trans_drw has 0 polygons
2026-08-11 13:55:03 +0200: Memory Usage (468092K) : ind_drw has 0 polygons
2026-08-11 13:55:03 +0200: Memory Usage (468092K) : ind_pin has 0 polygons
2026-08-11 13:55:03 +0200: Memory Usage (468220K) : ind_text has 0 polygons
2026-08-11 13:55:03 +0200: Memory Usage (468220K) : salblock_drw has 0 polygons
2026-08-11 13:55:03 +0200: Memory Usage (468476K) : via2_drw has 16312 polygons
2026-08-11 13:55:03 +0200: Memory Usage (468860K) : metal3_drw has 14 polygons
2026-08-11 13:55:03 +0200: Memory Usage (468860K) : metal3_filler has 0 polygons
2026-08-11 13:55:03 +0200: Memory Usage (468860K) : metal3_slit has 0 polygons
2026-08-11 13:55:03 +0200: Memory Usage (468860K) : metal3 has 14 polygons
2026-08-11 13:55:03 +0200: Memory Usage (468860K) : metal3_pin has 8 polygons
2026-08-11 13:55:03 +0200: Memory Usage (468860K) : metal3_mask has 0 polygons
2026-08-11 13:55:03 +0200: Memory Usage (468988K) : metal3_nofill has 0 polygons
2026-08-11 13:55:03 +0200: Memory Usage (468988K) : metal3_text has 8 polygons
2026-08-11 13:55:03 +0200: Memory Usage (468988K) : metal3_OPC has 0 polygons
2026-08-11 13:55:03 +0200: Memory Usage (469116K) : metal3_noqrc has 0 polygons
2026-08-11 13:55:03 +0200: Memory Usage (469116K) : metal3_res has 0 polygons
2026-08-11 13:55:03 +0200: Memory Usage (469116K) : metal3_iprobe has 0 polygons
2026-08-11 13:55:03 +0200: Memory Usage (469116K) : metal3_diffprb has 0 polygons
2026-08-11 13:55:03 +0200: Memory Usage (469116K) : nwell_drw has 8 polygons
2026-08-11 13:55:03 +0200: Memory Usage (469116K) : nwell_pin has 0 polygons
2026-08-11 13:55:03 +0200: Memory Usage (469116K) : nwell_text has 0 polygons
2026-08-11 13:55:03 +0200: Memory Usage (469116K) : nbulay_drw has 0 polygons
2026-08-11 13:55:03 +0200: Memory Usage (469116K) : nbulay_pin has 0 polygons
2026-08-11 13:55:03 +0200: Memory Usage (469116K) : nbulay_block has 0 polygons
2026-08-11 13:55:03 +0200: Memory Usage (469116K) : emwind_drw has 0 polygons
2026-08-11 13:55:03 +0200: Memory Usage (469116K) : emwind_OPC has 0 polygons
2026-08-11 13:55:03 +0200: Memory Usage (469116K) : deepco_drw has 0 polygons
2026-08-11 13:55:03 +0200: Memory Usage (469116K) : mim_drw has 0 polygons
2026-08-11 13:55:03 +0200: Memory Usage (469116K) : edgeseal_drw has 0 polygons
2026-08-11 13:55:03 +0200: Memory Usage (469116K) : substrate_drw has 9 polygons
2026-08-11 13:55:03 +0200: Memory Usage (469116K) : substrate_text has 0 polygons
2026-08-11 13:55:03 +0200: Memory Usage (469116K) : dfpad_drw has 0 polygons
2026-08-11 13:55:03 +0200: Memory Usage (469116K) : dfpad_pillar has 0 polygons
2026-08-11 13:55:03 +0200: Memory Usage (469116K) : dfpad_sbump has 0 polygons
2026-08-11 13:55:03 +0200: Memory Usage (469116K) : thickgateox_drw has 0 polygons
2026-08-11 13:55:03 +0200: Memory Usage (469116K) : pldb_drw has 0 polygons
2026-08-11 13:55:03 +0200: Memory Usage (469116K) : pwell_drw has 0 polygons
2026-08-11 13:55:03 +0200: Memory Usage (469116K) : pwell_pin has 0 polygons
2026-08-11 13:55:03 +0200: Memory Usage (469116K) : pwell_block has 0 polygons
2026-08-11 13:55:03 +0200: Memory Usage (469116K) : ic_drw has 0 polygons
2026-08-11 13:55:03 +0200: Memory Usage (469116K) : via3_drw has 2087 polygons
2026-08-11 13:55:03 +0200: Memory Usage (469116K) : metal4_drw has 8 polygons
2026-08-11 13:55:03 +0200: Memory Usage (469116K) : metal4_filler has 0 polygons
2026-08-11 13:55:03 +0200: Memory Usage (469116K) : metal4_slit has 0 polygons
2026-08-11 13:55:03 +0200: Memory Usage (469116K) : metal4 has 8 polygons
2026-08-11 13:55:03 +0200: Memory Usage (469116K) : metal4_pin has 8 polygons
2026-08-11 13:55:03 +0200: Memory Usage (469116K) : metal4_mask has 0 polygons
2026-08-11 13:55:03 +0200: Memory Usage (469116K) : metal4_nofill has 0 polygons
2026-08-11 13:55:03 +0200: Memory Usage (469116K) : metal4_text has 8 polygons
2026-08-11 13:55:03 +0200: Memory Usage (469116K) : metal4_OPC has 0 polygons
2026-08-11 13:55:03 +0200: Memory Usage (469116K) : metal4_noqrc has 0 polygons
2026-08-11 13:55:03 +0200: Memory Usage (469116K) : metal4_res has 0 polygons
2026-08-11 13:55:03 +0200: Memory Usage (469116K) : metal4_iprobe has 0 polygons
2026-08-11 13:55:03 +0200: Memory Usage (469116K) : metal4_diffprb has 0 polygons
2026-08-11 13:55:03 +0200: Memory Usage (469116K) : heattrans_drw has 0 polygons
2026-08-11 13:55:03 +0200: Memory Usage (469116K) : heatres_drw has 0 polygons
2026-08-11 13:55:03 +0200: Memory Usage (469116K) : fbe_drw has 0 polygons
2026-08-11 13:55:03 +0200: Memory Usage (469116K) : empoly_drw has 0 polygons
2026-08-11 13:55:03 +0200: Memory Usage (469116K) : digisub_drw has 0 polygons
2026-08-11 13:55:03 +0200: Memory Usage (469116K) : text_drw has 7 polygons
2026-08-11 13:55:03 +0200: Memory Usage (469116K) : via4_drw has 2371 polygons
2026-08-11 13:55:03 +0200: Memory Usage (469116K) : metal5_drw has 8 polygons
2026-08-11 13:55:03 +0200: Memory Usage (469116K) : metal5_filler has 0 polygons
2026-08-11 13:55:03 +0200: Memory Usage (469116K) : metal5_slit has 0 polygons
2026-08-11 13:55:03 +0200: Memory Usage (469116K) : metal5 has 8 polygons
2026-08-11 13:55:03 +0200: Memory Usage (469116K) : metal5_pin has 8 polygons
2026-08-11 13:55:03 +0200: Memory Usage (469116K) : metal5_mask has 0 polygons
2026-08-11 13:55:03 +0200: Memory Usage (469116K) : metal5_nofill has 0 polygons
2026-08-11 13:55:03 +0200: Memory Usage (469116K) : metal5_text has 8 polygons
2026-08-11 13:55:03 +0200: Memory Usage (469116K) : metal5_OPC has 0 polygons
2026-08-11 13:55:03 +0200: Memory Usage (469116K) : metal5_noqrc has 0 polygons
2026-08-11 13:55:03 +0200: Memory Usage (469116K) : metal5_res has 0 polygons
2026-08-11 13:55:03 +0200: Memory Usage (469116K) : metal5_iprobe has 0 polygons
2026-08-11 13:55:03 +0200: Memory Usage (469116K) : metal5_diffprb has 0 polygons
2026-08-11 13:55:03 +0200: Memory Usage (469116K) : radhard_drw has 0 polygons
2026-08-11 13:55:03 +0200: Memory Usage (469116K) : memcap_drw has 0 polygons
2026-08-11 13:55:03 +0200: Memory Usage (469116K) : varicap_drw has 0 polygons
2026-08-11 13:55:03 +0200: Memory Usage (469116K) : intbondvia_drw has 0 polygons
2026-08-11 13:55:03 +0200: Memory Usage (469116K) : intbondmet_drw has 0 polygons
2026-08-11 13:55:03 +0200: Memory Usage (469116K) : devbondvia_drw has 0 polygons
2026-08-11 13:55:03 +0200: Memory Usage (469116K) : devbondmet_drw has 0 polygons
2026-08-11 13:55:03 +0200: Memory Usage (469116K) : devtrench_drw has 0 polygons
2026-08-11 13:55:03 +0200: Memory Usage (469116K) : redist_drw has 0 polygons
2026-08-11 13:55:03 +0200: Memory Usage (469116K) : graphbot_drw has 0 polygons
2026-08-11 13:55:03 +0200: Memory Usage (469116K) : graphtop_drw has 0 polygons
2026-08-11 13:55:03 +0200: Memory Usage (469116K) : antvia1_drw has 0 polygons
2026-08-11 13:55:03 +0200: Memory Usage (469116K) : antmetal2_drw has 0 polygons
2026-08-11 13:55:03 +0200: Memory Usage (469116K) : graphcont_drw has 0 polygons
2026-08-11 13:55:03 +0200: Memory Usage (469116K) : siwg_drw has 0 polygons
2026-08-11 13:55:03 +0200: Memory Usage (469116K) : siwg_filler has 0 polygons
2026-08-11 13:55:03 +0200: Memory Usage (469116K) : siwg_nofill has 0 polygons
2026-08-11 13:55:03 +0200: Memory Usage (469116K) : sigrating_drw has 0 polygons
2026-08-11 13:55:03 +0200: Memory Usage (469116K) : singrating_drw has 0 polygons
2026-08-11 13:55:03 +0200: Memory Usage (469116K) : graphpas_drw has 0 polygons
2026-08-11 13:55:03 +0200: Memory Usage (469116K) : emwind3_drw has 0 polygons
2026-08-11 13:55:03 +0200: Memory Usage (469116K) : emwihv3_drw has 0 polygons
2026-08-11 13:55:03 +0200: Memory Usage (469116K) : redbulay_drw has 0 polygons
2026-08-11 13:55:03 +0200: Memory Usage (469116K) : smos_drw has 0 polygons
2026-08-11 13:55:03 +0200: Memory Usage (469116K) : graphpad_drw has 0 polygons
2026-08-11 13:55:03 +0200: Memory Usage (469116K) : polimide_drw has 0 polygons
2026-08-11 13:55:03 +0200: Memory Usage (469116K) : polimide_pin has 0 polygons
2026-08-11 13:55:03 +0200: Memory Usage (469116K) : recog_drw has 0 polygons
2026-08-11 13:55:03 +0200: Memory Usage (469116K) : recog_pin has 0 polygons
2026-08-11 13:55:03 +0200: Memory Usage (469116K) : recog_esd has 0 polygons
2026-08-11 13:55:03 +0200: Memory Usage (469116K) : recog_diode has 4 polygons
2026-08-11 13:55:03 +0200: Memory Usage (469116K) : recog_tsv has 0 polygons
2026-08-11 13:55:03 +0200: Memory Usage (469116K) : recog_iprobe has 0 polygons
2026-08-11 13:55:03 +0200: Memory Usage (469116K) : recog_diffprb has 0 polygons
2026-08-11 13:55:03 +0200: Memory Usage (469116K) : recog_pillar has 0 polygons
2026-08-11 13:55:03 +0200: Memory Usage (469116K) : recog_sbump has 0 polygons
2026-08-11 13:55:03 +0200: Memory Usage (469116K) : recog_otp has 0 polygons
2026-08-11 13:55:03 +0200: Memory Usage (469244K) : recog_pdiode has 0 polygons
2026-08-11 13:55:03 +0200: Memory Usage (469244K) : recog_mom has 0 polygons
2026-08-11 13:55:03 +0200: Memory Usage (469372K) : recog_pcm has 0 polygons
2026-08-11 13:55:03 +0200: Memory Usage (469372K) : colopen_drw has 0 polygons
2026-08-11 13:55:03 +0200: Memory Usage (469500K) : graphmetal1_drw has 0 polygons
2026-08-11 13:55:03 +0200: Memory Usage (469500K) : graphmetal1_filler has 0 polygons
2026-08-11 13:55:03 +0200: Memory Usage (469628K) : graphmetal1_nofill has 0 polygons
2026-08-11 13:55:03 +0200: Memory Usage (469628K) : graphmetal1_slit has 0 polygons
2026-08-11 13:55:03 +0200: Memory Usage (469756K) : graphmetal1_OPC has 0 polygons
2026-08-11 13:55:03 +0200: Memory Usage (469756K) : graphmet1l_drw has 0 polygons
2026-08-11 13:55:03 +0200: Memory Usage (469884K) : graphmet1l_filler has 0 polygons
2026-08-11 13:55:03 +0200: Memory Usage (470012K) : graphmet1l_nofill has 0 polygons
2026-08-11 13:55:03 +0200: Memory Usage (470012K) : graphmet1l_slit has 0 polygons
2026-08-11 13:55:03 +0200: Memory Usage (470140K) : graphmet1l_OPC has 0 polygons
2026-08-11 13:55:03 +0200: Memory Usage (470140K) : extblock_drw has 0 polygons
2026-08-11 13:55:03 +0200: Memory Usage (470268K) : nldd_drw has 0 polygons
2026-08-11 13:55:03 +0200: Memory Usage (470268K) : pldd_drw has 0 polygons
2026-08-11 13:55:03 +0200: Memory Usage (470396K) : next_drw has 0 polygons
2026-08-11 13:55:03 +0200: Memory Usage (470396K) : pext_drw has 0 polygons
2026-08-11 13:55:03 +0200: Memory Usage (470524K) : nexthv_drw has 0 polygons
2026-08-11 13:55:03 +0200: Memory Usage (470524K) : pexthv_drw has 0 polygons
2026-08-11 13:55:03 +0200: Memory Usage (470652K) : graphgate_drw has 0 polygons
2026-08-11 13:55:03 +0200: Memory Usage (470652K) : sinwg_drw has 0 polygons
2026-08-11 13:55:03 +0200: Memory Usage (470780K) : sinwg_filler has 0 polygons
2026-08-11 13:55:03 +0200: Memory Usage (470908K) : sinwg_nofill has 0 polygons
2026-08-11 13:55:03 +0200: Memory Usage (470908K) : mempad_drw has 0 polygons
2026-08-11 13:55:03 +0200: Memory Usage (471036K) : topvia1_drw has 2315 polygons
2026-08-11 13:55:03 +0200: Memory Usage (471164K) : topmetal1_drw has 8 polygons
2026-08-11 13:55:03 +0200: Memory Usage (471164K) : topmetal1_filler has 0 polygons
2026-08-11 13:55:03 +0200: Memory Usage (471292K) : topmetal1_slit has 0 polygons
2026-08-11 13:55:03 +0200: Memory Usage (471420K) : topmetal1 has 8 polygons
2026-08-11 13:55:03 +0200: Memory Usage (471420K) : topmetal1_pin has 8 polygons
2026-08-11 13:55:03 +0200: Memory Usage (471548K) : topmetal1_mask has 0 polygons
2026-08-11 13:55:03 +0200: Memory Usage (471548K) : topmetal1_nofill has 0 polygons
2026-08-11 13:55:03 +0200: Memory Usage (471676K) : topmetal1_text has 8 polygons
2026-08-11 13:55:03 +0200: Memory Usage (471676K) : topmetal1_noqrc has 0 polygons
2026-08-11 13:55:03 +0200: Memory Usage (471804K) : topmetal1_res has 0 polygons
2026-08-11 13:55:03 +0200: Memory Usage (471804K) : topmetal1_iprobe has 0 polygons
2026-08-11 13:55:03 +0200: Memory Usage (471932K) : topmetal1_diffprb has 0 polygons
2026-08-11 13:55:03 +0200: Memory Usage (471932K) : inldpwl_drw has 0 polygons
2026-08-11 13:55:03 +0200: Memory Usage (472060K) : polyres_drw has 0 polygons
2026-08-11 13:55:03 +0200: Memory Usage (472188K) : polyres_pin has 0 polygons
2026-08-11 13:55:03 +0200: Memory Usage (472188K) : vmim_drw has 0 polygons
2026-08-11 13:55:03 +0200: Memory Usage (472316K) : nbulaycut_drw has 0 polygons
2026-08-11 13:55:03 +0200: Memory Usage (472316K) : antmetal1_drw has 0 polygons
2026-08-11 13:55:03 +0200: Memory Usage (472444K) : topvia2_drw has 1593 polygons
2026-08-11 13:55:03 +0200: Memory Usage (472572K) : topmetal2_drw has 10 polygons
2026-08-11 13:55:03 +0200: Memory Usage (472572K) : topmetal2_filler has 0 polygons
2026-08-11 13:55:03 +0200: Memory Usage (472700K) : topmetal2_slit has 0 polygons
2026-08-11 13:55:03 +0200: Memory Usage (472828K) : topmetal2 has 10 polygons
2026-08-11 13:55:03 +0200: Memory Usage (472828K) : topmetal2_pin has 6 polygons
2026-08-11 13:55:03 +0200: Memory Usage (472956K) : topmetal2_mask has 0 polygons
2026-08-11 13:55:03 +0200: Memory Usage (472956K) : topmetal2_nofill has 0 polygons
2026-08-11 13:55:03 +0200: Memory Usage (473084K) : topmetal2_text has 6 polygons
2026-08-11 13:55:03 +0200: Memory Usage (473084K) : topmetal2_noqrc has 0 polygons
2026-08-11 13:55:03 +0200: Memory Usage (473212K) : topmetal2_res has 0 polygons
2026-08-11 13:55:03 +0200: Memory Usage (473212K) : topmetal2_iprobe has 0 polygons
2026-08-11 13:55:03 +0200: Memory Usage (473340K) : topmetal2_diffprb has 0 polygons
2026-08-11 13:55:03 +0200: Memory Usage (473340K) : snsring_drw has 0 polygons
2026-08-11 13:55:03 +0200: Memory Usage (473468K) : sensor_drw has 0 polygons
2026-08-11 13:55:03 +0200: Memory Usage (473468K) : snsarms_drw has 0 polygons
2026-08-11 13:55:03 +0200: Memory Usage (473596K) : snscmosvia_drw has 0 polygons
2026-08-11 13:55:03 +0200: Memory Usage (473596K) : colwind_drw has 0 polygons
2026-08-11 13:55:03 +0200: Memory Usage (473724K) : flm_drw has 0 polygons
2026-08-11 13:55:03 +0200: Memory Usage (473852K) : hafniumox_drw has 0 polygons
2026-08-11 13:55:03 +0200: Memory Usage (473852K) : memvia_drw has 0 polygons
2026-08-11 13:55:03 +0200: Memory Usage (473980K) : thinfilmres_drw has 0 polygons
2026-08-11 13:55:03 +0200: Memory Usage (473980K) : rfmem_drw has 0 polygons
2026-08-11 13:55:03 +0200: Memory Usage (474108K) : norcx_drw has 0 polygons
2026-08-11 13:55:03 +0200: Memory Usage (474108K) : norcx_m2m3 has 0 polygons
2026-08-11 13:55:03 +0200: Memory Usage (474236K) : norcx_m2m4 has 0 polygons
2026-08-11 13:55:03 +0200: Memory Usage (474236K) : norcx_m2m5 has 0 polygons
2026-08-11 13:55:03 +0200: Memory Usage (474364K) : norcx_m2tm1 has 0 polygons
2026-08-11 13:55:03 +0200: Memory Usage (474492K) : norcx_m2tm2 has 0 polygons
2026-08-11 13:55:03 +0200: Memory Usage (474492K) : norcx_m3m4 has 0 polygons
2026-08-11 13:55:03 +0200: Memory Usage (474620K) : norcx_m3m5 has 0 polygons
2026-08-11 13:55:03 +0200: Memory Usage (474620K) : norcx_m3tm1 has 0 polygons
2026-08-11 13:55:03 +0200: Memory Usage (474748K) : norcx_m3tm2 has 0 polygons
2026-08-11 13:55:03 +0200: Memory Usage (474748K) : norcx_m4m5 has 0 polygons
2026-08-11 13:55:03 +0200: Memory Usage (474876K) : norcx_m4tm1 has 0 polygons
2026-08-11 13:55:03 +0200: Memory Usage (474876K) : norcx_m4tm2 has 0 polygons
2026-08-11 13:55:03 +0200: Memory Usage (475004K) : norcx_m5tm1 has 0 polygons
2026-08-11 13:55:03 +0200: Memory Usage (475004K) : norcx_m5tm2 has 0 polygons
2026-08-11 13:55:03 +0200: Memory Usage (475132K) : norcx_tm1tm2 has 0 polygons
2026-08-11 13:55:03 +0200: Memory Usage (475260K) : norcx_m1sub has 0 polygons
2026-08-11 13:55:03 +0200: Memory Usage (475260K) : norcx_m2sub has 0 polygons
2026-08-11 13:55:03 +0200: Memory Usage (475388K) : norcx_m3sub has 0 polygons
2026-08-11 13:55:03 +0200: Memory Usage (475388K) : norcx_m4sub has 0 polygons
2026-08-11 13:55:03 +0200: Memory Usage (475516K) : norcx_m5sub has 0 polygons
2026-08-11 13:55:03 +0200: Memory Usage (475516K) : norcx_tm1sub has 0 polygons
2026-08-11 13:55:03 +0200: Memory Usage (475644K) : norcx_tm2sub has 0 polygons
2026-08-11 13:55:03 +0200: Memory Usage (475644K) : snsbotvia_drw has 0 polygons
2026-08-11 13:55:03 +0200: Memory Usage (475772K) : snstopvia_drw has 0 polygons
2026-08-11 13:55:03 +0200: Memory Usage (475772K) : deepvia_drw has 0 polygons
2026-08-11 13:55:03 +0200: Memory Usage (475900K) : fgetch_drw has 0 polygons
2026-08-11 13:55:03 +0200: Memory Usage (475900K) : ctrgat_drw has 0 polygons
2026-08-11 13:55:03 +0200: Memory Usage (476028K) : fgimp_drw has 0 polygons
2026-08-11 13:55:03 +0200: Memory Usage (476156K) : emwihv_drw has 0 polygons
2026-08-11 13:55:03 +0200: Memory Usage (476156K) : lbe_drw has 0 polygons
2026-08-11 13:55:03 +0200: Memory Usage (476284K) : alcustop_drw has 0 polygons
2026-08-11 13:55:03 +0200: Memory Usage (476284K) : nometfiller_drw has 0 polygons
2026-08-11 13:55:03 +0200: Memory Usage (476412K) : prboundary_drw has 0 polygons
2026-08-11 13:55:03 +0200: Memory Usage (476412K) : exchange0_drw has 0 polygons
2026-08-11 13:55:03 +0200: Memory Usage (476540K) : exchange0_pin has 0 polygons
2026-08-11 13:55:03 +0200: Memory Usage (476540K) : exchange0_text has 0 polygons
2026-08-11 13:55:03 +0200: Memory Usage (476668K) : exchange1_drw has 0 polygons
2026-08-11 13:55:03 +0200: Memory Usage (476668K) : exchange1_pin has 0 polygons
2026-08-11 13:55:03 +0200: Memory Usage (476796K) : exchange1_text has 0 polygons
2026-08-11 13:55:03 +0200: Memory Usage (476796K) : exchange2_drw has 0 polygons
2026-08-11 13:55:03 +0200: Memory Usage (476924K) : exchange2_pin has 0 polygons
2026-08-11 13:55:03 +0200: Memory Usage (476924K) : exchange2_text has 0 polygons
2026-08-11 13:55:03 +0200: Memory Usage (477052K) : exchange3_drw has 0 polygons
2026-08-11 13:55:03 +0200: Memory Usage (477052K) : exchange3_pin has 0 polygons
2026-08-11 13:55:03 +0200: Memory Usage (477180K) : exchange3_text has 0 polygons
2026-08-11 13:55:03 +0200: Memory Usage (477180K) : exchange4_drw has 0 polygons
2026-08-11 13:55:03 +0200: Memory Usage (477308K) : exchange4_pin has 0 polygons
2026-08-11 13:55:03 +0200: Memory Usage (477308K) : exchange4_text has 0 polygons
2026-08-11 13:55:03 +0200: Memory Usage (477436K) : isonwell_drw has 0 polygons
2026-08-11 13:55:03 +0200: Memory Usage (477436K) : Total no. of polygons in the design is 100705
2026-08-11 13:55:03 +0200: Memory Usage (477436K) : Starting base layers derivations
2026-08-11 13:55:03 +0200: Memory Usage (477436K) : Starting general LVS derivations
2026-08-11 13:55:03 +0200: Memory Usage (482684K) : Starting MOSFET DERIVATIONS
2026-08-11 13:55:04 +0200: Memory Usage (511416K) : Starting NMOS DERIVATIONS
2026-08-11 13:55:04 +0200: Memory Usage (511416K) : Starting PMOS DERIVATIONS
2026-08-11 13:55:04 +0200: Memory Usage (511416K) : Starting RF-MOSFET DERIVATIONS
2026-08-11 13:55:04 +0200: Memory Usage (511416K) : Starting RF-NMOS DERIVATIONS
2026-08-11 13:55:04 +0200: Memory Usage (511416K) : Starting RF-PMOS DERIVATIONS
2026-08-11 13:55:04 +0200: Memory Usage (511416K) : Starting BJT DERIVATIONS
2026-08-11 13:55:04 +0200: Memory Usage (511416K) : Starting NPN-BJT DERIVATIONS
2026-08-11 13:55:04 +0200: Memory Usage (511416K) : Starting PNP-BJT DERIVATIONS
2026-08-11 13:55:04 +0200: Memory Usage (511416K) : Starting DIODE DERIVATIONS
2026-08-11 13:55:05 +0200: Memory Usage (483416K) : Starting RESISTOR DERIVATIONS
2026-08-11 13:55:05 +0200: Memory Usage (483416K) : Starting CAP DERIVATIONS
2026-08-11 13:55:05 +0200: Memory Usage (483416K) : Starting CAP_CMOM DERIVATIONS
2026-08-11 13:55:05 +0200: Memory Usage (483416K) : Starting ESD DERIVATIONS
2026-08-11 13:55:05 +0200: Memory Usage (488280K) : Starting Inductor DERIVATIONS
2026-08-11 13:55:05 +0200: Memory Usage (488280K) : Starting Taps DERIVATIONS
2026-08-11 13:55:05 +0200: Memory Usage (488280K) : Starting SG13G2 LVS connectivity setup
2026-08-11 13:55:05 +0200: Memory Usage (488280K) : Starting SG13G2 LVS connectivity setup (Inter-layer)
2026-08-11 13:55:05 +0200: Memory Usage (488280K) : Starting SG13G2 LVS connectivity setup (Global)
2026-08-11 13:55:05 +0200: Memory Usage (488280K) : Starting LVS MOSFET CONNECTIONS
2026-08-11 13:55:05 +0200: Memory Usage (488280K) : Starting LVS RF-MOSFET CONNECTIONS
2026-08-11 13:55:05 +0200: Memory Usage (488280K) : Starting LVS BJT CONNECTIONS
2026-08-11 13:55:05 +0200: Memory Usage (488280K) : Starting LVS DIODE CONNECTIONS
2026-08-11 13:55:05 +0200: Memory Usage (488280K) : Starting RESISTOR CONNECTIONS
2026-08-11 13:55:05 +0200: Memory Usage (488280K) : Starting LVS CAP CONNECTIONS
2026-08-11 13:55:05 +0200: Memory Usage (488280K) : Starting CAP_CMOM CONNECTIONS
2026-08-11 13:55:05 +0200: Memory Usage (488280K) : Starting ESD CONNECTIONS
2026-08-11 13:55:05 +0200: Memory Usage (488280K) : Starting Inductor CONNECTIONS
2026-08-11 13:55:05 +0200: Memory Usage (488280K) : Starting LVS Taps CONNECTIONS
2026-08-11 13:55:05 +0200: Memory Usage (488280K) : Starting SG13G2 LVS DEVICES EXTRACTION
2026-08-11 13:55:05 +0200: Memory Usage (488280K) : Starting MOSFET EXTRACTION
2026-08-11 13:55:05 +0200: Memory Usage (488280K) : Starting NMOS EXTRACTION
2026-08-11 13:55:05 +0200: Memory Usage (488280K) : Extraction of NMOS-LV transistor
2026-08-11 13:55:05 +0200: Memory Usage (488408K) : Extraction of NMOS-HV transistor
2026-08-11 13:55:05 +0200: Memory Usage (488408K) : Starting PMOS EXTRACTION
2026-08-11 13:55:05 +0200: Memory Usage (488408K) : Extraction of PMOS-LV transistor
2026-08-11 13:55:05 +0200: Memory Usage (488408K) : Extraction of PMOS-HV transistor
2026-08-11 13:55:05 +0200: Memory Usage (488408K) : Starting RF-MOSFET EXTRACTION
2026-08-11 13:55:05 +0200: Memory Usage (488408K) : Extraction of RF-NMOS-LV transistor
2026-08-11 13:55:05 +0200: Memory Usage (488408K) : Extraction of RF-NMOS-HV transistor
2026-08-11 13:55:05 +0200: Memory Usage (488408K) : Extraction of RF-PMOS-LV transistor
2026-08-11 13:55:05 +0200: Memory Usage (488408K) : Extraction of RF-PMOS-HV transistor
2026-08-11 13:55:05 +0200: Memory Usage (488408K) : Starting BJT EXTRACTION
2026-08-11 13:55:05 +0200: Memory Usage (488408K) : Starting NPN-BJT EXTRACTION
2026-08-11 13:55:05 +0200: Memory Usage (488408K) : Extraction of npn13G2 BJT transistor
2026-08-11 13:55:05 +0200: Memory Usage (488408K) : Extraction of npn13G2L BJT transistor
2026-08-11 13:55:05 +0200: Memory Usage (488408K) : Extraction of npn13G2V BJT transistor
2026-08-11 13:55:05 +0200: Memory Usage (488408K) : Starting PNP-BJT EXTRACTION
2026-08-11 13:55:05 +0200: Memory Usage (488408K) : Extracting pnpMPA BJT
2026-08-11 13:55:05 +0200: Memory Usage (488408K) : Starting DIODE EXTRACTION
2026-08-11 13:55:05 +0200: Memory Usage (488408K) : Extracting dantenna diode
2026-08-11 13:55:05 +0200: Memory Usage (488408K) : Extracting dpantenna diode
2026-08-11 13:55:05 +0200: Memory Usage (488408K) : Extracting schottky_nbl1 diode
2026-08-11 13:55:05 +0200: Memory Usage (488408K) : Extracting isolbox diode
2026-08-11 13:55:05 +0200: Memory Usage (488408K) : Starting RESISTOR EXTRACTION
2026-08-11 13:55:05 +0200: Memory Usage (488408K) : Extracting rsil resistor
2026-08-11 13:55:05 +0200: Memory Usage (488408K) : Extracting rppd resistor
2026-08-11 13:55:05 +0200: Memory Usage (488408K) : Extracting rhigh resistor
2026-08-11 13:55:05 +0200: Memory Usage (488408K) : Extracting res_metal1 resistor
2026-08-11 13:55:05 +0200: Memory Usage (488408K) : Extracting res_metal2 resistor
2026-08-11 13:55:05 +0200: Memory Usage (488408K) : Extracting res_metal3 resistor
2026-08-11 13:55:05 +0200: Memory Usage (488408K) : Extracting res_metal4 resistor
2026-08-11 13:55:05 +0200: Memory Usage (488408K) : Extracting res_metal5 resistor
2026-08-11 13:55:05 +0200: Memory Usage (488408K) : Extracting res_topmetal1 resistor
2026-08-11 13:55:05 +0200: Memory Usage (488408K) : Extracting res_topmetal2 resistor
2026-08-11 13:55:05 +0200: Memory Usage (488408K) : Starting CAP EXTRACTION
2026-08-11 13:55:05 +0200: Memory Usage (488408K) : Extracting cap_cmim device
2026-08-11 13:55:05 +0200: Memory Usage (488408K) : Extracting rfcmim device
2026-08-11 13:55:05 +0200: Memory Usage (488408K) : Extracting sg13_hv_svaricap varactor
2026-08-11 13:55:06 +0200: Memory Usage (488408K) : Extracting cap_cmomi device
2026-08-11 13:55:06 +0200: Memory Usage (488408K) : Extracting sg13_moscap_n capacitor
2026-08-11 13:55:06 +0200: Memory Usage (488408K) : Extracting sg13_moscap_p capacitor
2026-08-11 13:55:06 +0200: Memory Usage (488408K) : Starting ESD EXTRACTION
2026-08-11 13:55:06 +0200: Memory Usage (488408K) : Extracting diodevdd_2kv ESD device
2026-08-11 13:55:06 +0200: Memory Usage (488408K) : Extracting diodevdd_4kv ESD device
2026-08-11 13:55:06 +0200: Memory Usage (488408K) : Extracting diodevss_2kv ESD device
2026-08-11 13:55:06 +0200: Memory Usage (488408K) : Extracting diodevss_4kv ESD device
2026-08-11 13:55:06 +0200: Memory Usage (488408K) : Extracting idiodevdd_2kv ESD device
2026-08-11 13:55:06 +0200: Memory Usage (488408K) : Extracting idiodevdd_4kv ESD device
2026-08-11 13:55:06 +0200: Memory Usage (488408K) : Extracting idiodevss_2kv ESD device
2026-08-11 13:55:06 +0200: Memory Usage (488408K) : Extracting idiodevss_4kv ESD device
2026-08-11 13:55:06 +0200: Memory Usage (488408K) : Extracting nmoscl_2 ESD device
2026-08-11 13:55:06 +0200: Memory Usage (488408K) : Extracting nmoscl_4 ESD device
2026-08-11 13:55:06 +0200: Memory Usage (488408K) : Starting Inductor EXTRACTION
2026-08-11 13:55:06 +0200: Memory Usage (488408K) : Extracting Inductor2 device
2026-08-11 13:55:06 +0200: Memory Usage (488408K) : Extracting Inductor3 device
2026-08-11 13:55:06 +0200: Memory Usage (488408K) : Starting Taps EXTRACTION
2026-08-11 13:55:06 +0200: Memory Usage (488408K) : Extracting ntap1 device
2026-08-11 13:55:06 +0200: Memory Usage (488408K) : Extracting ptap1 device
2026-08-11 13:55:06 +0200: Memory Usage (488408K) : Starting SG13G2 LVS RF MOS Model Mapping
2026-08-11 13:55:07 +0200: Memory Usage (505432K) : [layout_netlist] Apply RF MOS model mapping and rfmode parameter.
2026-08-11 13:55:07 +0200: Memory Usage (505432K) : Starting SG13G2 LVS Options Preparations
2026-08-11 13:55:07 +0200: Memory Usage (505432K) : SG13G2 LVS flow: extraction -> alignment -> option preparation -> comparison.
2026-08-11 13:55:07 +0200: Memory Usage (505432K) : Starting SG13G2 LVS Alignment
2026-08-11 13:55:07 +0200: Memory Usage (505432K) : Starting SG13G2 LVS Simplification
2026-08-11 13:55:07 +0200: Memory Usage (505432K) : [layout_netlist] simplify: ENABLED
2026-08-11 13:55:07 +0200: Memory Usage (505432K) : [layout_netlist] make_top_level_pins: SKIPPED
2026-08-11 13:55:07 +0200: Memory Usage (505432K) : [layout_netlist] combine_devices: ENABLED
2026-08-11 13:55:07 +0200: Memory Usage (505432K) : [layout_netlist] purge: SKIPPED
2026-08-11 13:55:07 +0200: Memory Usage (505432K) : [layout_netlist] purge_nets: SKIPPED
2026-08-11 13:55:07 +0200: Memory Usage (505432K) : [schematic_netlist] simplify: ENABLED
2026-08-11 13:55:07 +0200: Memory Usage (505432K) : [schematic_netlist] make_top_level_pins: SKIPPED
2026-08-11 13:55:07 +0200: Memory Usage (505432K) : [schematic_netlist] combine_devices: ENABLED
2026-08-11 13:55:07 +0200: Memory Usage (505432K) : [schematic_netlist] purge: SKIPPED
2026-08-11 13:55:07 +0200: Memory Usage (505432K) : [schematic_netlist] purge_nets: SKIPPED
2026-08-11 13:55:07 +0200: Memory Usage (505432K) : Starting SG13G2 LVS Comparison
2026-08-11 13:55:07 +0200: Memory Usage (505560K) : ==========================================
2026-08-11 13:55:07 +0200: Memory Usage (505560K) : INFO : Congratulations! Netlists match.
2026-08-11 13:55:07 +0200: Memory Usage (505560K) : ==========================================
2026-08-11 13:55:07 +0200: Memory Usage (505560K) : LVS Total Run time 4.478140 seconds
11-Aug-2026 13:55:07 | INFO    | ==============================================================================
11-Aug-2026 13:55:07 | INFO    | Important Summary
11-Aug-2026 13:55:07 | INFO    | +------------------+------------------------------------------------------------------------------------------+
11-Aug-2026 13:55:07 | INFO    | | Status           | PASS                                                                                     |
11-Aug-2026 13:55:07 | INFO    | | Mode             | COMPARE                                                                                  |
11-Aug-2026 13:55:07 | INFO    | | Outcome          | Comparison mode: PASS (netlists match).                                                  |
11-Aug-2026 13:55:07 | INFO    | | Layout           | sg13g2_IOPadIOVss.gds                                                                    |
11-Aug-2026 13:55:07 | INFO    | | Top Cell         | sg13g2_IOPadIOVss                                                                        |
11-Aug-2026 13:55:07 | INFO    | | Results Dir      | /foss/designs/ihp-open-pdk-regression/IOPADS/lvs_sweep/20260811_135408/sg13g2_IOPadIOVss |
11-Aug-2026 13:55:07 | INFO    | | Warnings         | 0                                                                                        |
11-Aug-2026 13:55:07 | INFO    | | Errors           | 0                                                                                        |
11-Aug-2026 13:55:07 | INFO    | | Run Time (s)     | 8.319                                                                                    |
11-Aug-2026 13:55:07 | INFO    | +------------------+------------------------------------------------------------------------------------------+
11-Aug-2026 13:55:07 | INFO    | ==============================================================================
