03-Aug-2026 18:05:57 | INFO    | Your Klayout version is: KLayout 0.30.9 (required >= 0.30.5)
03-Aug-2026 18:05:57 | INFO    | Running SG13G2 LVS checks on design /foss/designs/ihp-open-pdk-regression/IOPADS/layout/sg13g2_IOPadTriOut16mA.gds on cell sg13g2_IOPadTriOut16mA
2026-08-03 18:06:01 +0200: Memory Usage (455852K) : Starting running SG13G2 Klayout LVS runset on /foss/designs/ihp-open-pdk-regression/IOPADS/layout/sg13g2_IOPadTriOut16mA.gds
2026-08-03 18:06:01 +0200: Memory Usage (455852K) : Ruby Version for klayout: 3.2.3
2026-08-03 18:06:01 +0200: Memory Usage (457388K) : Loading database to memory is complete.
2026-08-03 18:06:01 +0200: Memory Usage (457388K) : SG13G2 Klayout LVS runset output at: /foss/designs/ihp-open-pdk-regression/IOPADS/lvs_sweep/20260803_180423/sg13g2_IOPadTriOut16mA/sg13g2_IOPadTriOut16mA.lvsdb
2026-08-03 18:06:01 +0200: Memory Usage (457388K) : Evaluate switches.
2026-08-03 18:06:01 +0200: Memory Usage (457388K) : Extracted netlist with net names: true
2026-08-03 18:06:01 +0200: Memory Usage (457388K) : Extracted netlist with comments in details: false
2026-08-03 18:06:01 +0200: Memory Usage (457388K) : Selected NET_ONLY option: false
2026-08-03 18:06:01 +0200: Memory Usage (457388K) : Selected LAYOUT_NETLIST option: (none)
2026-08-03 18:06:01 +0200: Memory Usage (457388K) : Selected IGNORE_TOP_PORTS_MISMATCH option: 
2026-08-03 18:06:01 +0200: Memory Usage (457388K) : Selected IMPLICIT_NETS option: iovss,iovdd,vss,vdd,pad,cathode,anode
2026-08-03 18:06:01 +0200: Memory Usage (457388K) : Selected FLATTEN_CELLS option: sg13g2_GuardRing_*
2026-08-03 18:06:01 +0200: Memory Usage (457388K) : Selected TOP_LVL_PINS option: false
2026-08-03 18:06:01 +0200: Memory Usage (457388K) : Selected COMBINE DEVICES option: true
2026-08-03 18:06:01 +0200: Memory Usage (457388K) : Selected PURGE option: false
2026-08-03 18:06:01 +0200: Memory Usage (457388K) : Selected PURGE_NETS option: false
2026-08-03 18:06:01 +0200: Memory Usage (457388K) : Selected SIMPLIFY option: true
2026-08-03 18:06:01 +0200: Memory Usage (457388K) : Selected SERIES_RES option: true
2026-08-03 18:06:01 +0200: Memory Usage (457388K) : Selected PARALLEL_RES option: true
2026-08-03 18:06:01 +0200: Memory Usage (457388K) : Selected DISABLE_TAP_EXTRACTION option: false
2026-08-03 18:06:01 +0200: Memory Usage (457388K) : deep  mode is enabled.
2026-08-03 18:06:01 +0200: Memory Usage (457388K) : Applying implicit connections (case-sensitive, pattern supported) for nets: iovss, iovdd, vss, vdd, pad, cathode, anode
2026-08-03 18:06:01 +0200: Memory Usage (457772K) : Netlist file: /foss/designs/ihp-open-pdk-regression/IOPADS/netlist/pads_dev/sg13g2_IOPadTriOut16mA.spi
2026-08-03 18:06:01 +0200: Memory Usage (457772K) : LVS extracted netlist at: /foss/designs/ihp-open-pdk-regression/IOPADS/lvs_sweep/20260803_180423/sg13g2_IOPadTriOut16mA/sg13g2_IOPadTriOut16mA_extracted.cir
2026-08-03 18:06:01 +0200: Memory Usage (457772K) : Applying SRAM integration support.
2026-08-03 18:06:01 +0200: Memory Usage (457772K) : Starting SG13G2 LVS runset
2026-08-03 18:06:01 +0200: Memory Usage (457772K) : Read in polygons from layers.
2026-08-03 18:06:01 +0200: Memory Usage (459436K) : activ_drw has 96 polygons
2026-08-03 18:06:01 +0200: Memory Usage (459436K) : activ_filler has 0 polygons
2026-08-03 18:06:01 +0200: Memory Usage (459564K) : activ has 96 polygons
2026-08-03 18:06:01 +0200: Memory Usage (459564K) : activ_pin has 0 polygons
2026-08-03 18:06:01 +0200: Memory Usage (459564K) : activ_mask has 0 polygons
2026-08-03 18:06:01 +0200: Memory Usage (459564K) : activ_nofill has 0 polygons
2026-08-03 18:06:01 +0200: Memory Usage (459564K) : activ_OPC has 0 polygons
2026-08-03 18:06:01 +0200: Memory Usage (459692K) : activ_iOPC has 0 polygons
2026-08-03 18:06:01 +0200: Memory Usage (459692K) : activ_noqrc has 0 polygons
2026-08-03 18:06:01 +0200: Memory Usage (459820K) : biwind_drw has 0 polygons
2026-08-03 18:06:01 +0200: Memory Usage (459820K) : biwind_OPC has 0 polygons
2026-08-03 18:06:01 +0200: Memory Usage (459948K) : gatpoly_drw has 47 polygons
2026-08-03 18:06:01 +0200: Memory Usage (460076K) : gatpoly_filler has 0 polygons
2026-08-03 18:06:01 +0200: Memory Usage (460076K) : gatpoly has 47 polygons
2026-08-03 18:06:01 +0200: Memory Usage (460204K) : gatpoly_pin has 0 polygons
2026-08-03 18:06:01 +0200: Memory Usage (460204K) : gatpoly_nofill has 0 polygons
2026-08-03 18:06:01 +0200: Memory Usage (460332K) : gatpoly_OPC has 0 polygons
2026-08-03 18:06:01 +0200: Memory Usage (460332K) : gatpoly_iOPC has 0 polygons
2026-08-03 18:06:01 +0200: Memory Usage (460460K) : gatpoly_noqrc has 0 polygons
2026-08-03 18:06:01 +0200: Memory Usage (461868K) : cont_drw has 46097 polygons
2026-08-03 18:06:01 +0200: Memory Usage (461868K) : cont_OPC has 0 polygons
2026-08-03 18:06:01 +0200: Memory Usage (461868K) : nsd_drw has 0 polygons
2026-08-03 18:06:01 +0200: Memory Usage (461868K) : nsd_block has 0 polygons
2026-08-03 18:06:01 +0200: Memory Usage (461868K) : metal1_drw has 268 polygons
2026-08-03 18:06:01 +0200: Memory Usage (461868K) : metal1_filler has 0 polygons
2026-08-03 18:06:01 +0200: Memory Usage (461868K) : metal1_slit has 0 polygons
2026-08-03 18:06:01 +0200: Memory Usage (462380K) : metal1 has 268 polygons
2026-08-03 18:06:01 +0200: Memory Usage (462380K) : metal1_pin has 42 polygons
2026-08-03 18:06:01 +0200: Memory Usage (462380K) : metal1_mask has 0 polygons
2026-08-03 18:06:01 +0200: Memory Usage (462380K) : metal1_nofill has 0 polygons
2026-08-03 18:06:01 +0200: Memory Usage (462636K) : metal1_text has 42 polygons
2026-08-03 18:06:01 +0200: Memory Usage (462636K) : metal1_OPC has 0 polygons
2026-08-03 18:06:01 +0200: Memory Usage (462636K) : metal1_noqrc has 0 polygons
2026-08-03 18:06:01 +0200: Memory Usage (462764K) : metal1_res has 0 polygons
2026-08-03 18:06:01 +0200: Memory Usage (462764K) : metal1_iprobe has 0 polygons
2026-08-03 18:06:01 +0200: Memory Usage (462892K) : metal1_diffprb has 0 polygons
2026-08-03 18:06:01 +0200: Memory Usage (462892K) : passiv_drw has 0 polygons
2026-08-03 18:06:01 +0200: Memory Usage (463020K) : passiv_pin has 0 polygons
2026-08-03 18:06:01 +0200: Memory Usage (463020K) : passiv_sbump has 0 polygons
2026-08-03 18:06:01 +0200: Memory Usage (463148K) : passiv_pillar has 0 polygons
2026-08-03 18:06:01 +0200: Memory Usage (463148K) : passiv_pdl has 0 polygons
2026-08-03 18:06:01 +0200: Memory Usage (463276K) : metal2_drw has 70 polygons
2026-08-03 18:06:01 +0200: Memory Usage (463276K) : metal2_filler has 0 polygons
2026-08-03 18:06:01 +0200: Memory Usage (463404K) : metal2_slit has 0 polygons
2026-08-03 18:06:01 +0200: Memory Usage (463532K) : metal2 has 70 polygons
2026-08-03 18:06:01 +0200: Memory Usage (463532K) : metal2_pin has 21 polygons
2026-08-03 18:06:01 +0200: Memory Usage (463660K) : metal2_mask has 0 polygons
2026-08-03 18:06:01 +0200: Memory Usage (463660K) : metal2_nofill has 0 polygons
2026-08-03 18:06:01 +0200: Memory Usage (463788K) : metal2_text has 21 polygons
2026-08-03 18:06:01 +0200: Memory Usage (463788K) : metal2_OPC has 0 polygons
2026-08-03 18:06:01 +0200: Memory Usage (463916K) : metal2_noqrc has 0 polygons
2026-08-03 18:06:01 +0200: Memory Usage (464044K) : metal2_res has 0 polygons
2026-08-03 18:06:01 +0200: Memory Usage (464044K) : metal2_iprobe has 0 polygons
2026-08-03 18:06:01 +0200: Memory Usage (464172K) : metal2_diffprb has 0 polygons
2026-08-03 18:06:01 +0200: Memory Usage (464172K) : baspoly_drw has 0 polygons
2026-08-03 18:06:01 +0200: Memory Usage (464300K) : baspoly_pin has 0 polygons
2026-08-03 18:06:01 +0200: Memory Usage (464300K) : psd_drw has 38 polygons
2026-08-03 18:06:01 +0200: Memory Usage (464428K) : nldb_drw has 0 polygons
2026-08-03 18:06:01 +0200: Memory Usage (464428K) : digibnd_drw has 0 polygons
2026-08-03 18:06:01 +0200: Memory Usage (464556K) : via1_drw has 1680 polygons
2026-08-03 18:06:01 +0200: Memory Usage (464556K) : backmetal1_drw has 0 polygons
2026-08-03 18:06:01 +0200: Memory Usage (464684K) : backmetal1_pin has 0 polygons
2026-08-03 18:06:01 +0200: Memory Usage (464684K) : backmetal1_mask has 0 polygons
2026-08-03 18:06:01 +0200: Memory Usage (464812K) : backmetal1_filler has 0 polygons
2026-08-03 18:06:01 +0200: Memory Usage (464812K) : backmetal1_nofill has 0 polygons
2026-08-03 18:06:01 +0200: Memory Usage (464940K) : backmetal1_slit has 0 polygons
2026-08-03 18:06:01 +0200: Memory Usage (464940K) : backmetal1_text has 0 polygons
2026-08-03 18:06:01 +0200: Memory Usage (465068K) : backmetal1_OPC has 0 polygons
2026-08-03 18:06:01 +0200: Memory Usage (465196K) : backmetal1_noqrc has 0 polygons
2026-08-03 18:06:01 +0200: Memory Usage (465196K) : backmetal1_res has 0 polygons
2026-08-03 18:06:01 +0200: Memory Usage (465324K) : backmetal1_iprobe has 0 polygons
2026-08-03 18:06:01 +0200: Memory Usage (465324K) : backmetal1_diffprb has 0 polygons
2026-08-03 18:06:01 +0200: Memory Usage (465452K) : backpassiv_drw has 0 polygons
2026-08-03 18:06:01 +0200: Memory Usage (465452K) : res_drw has 0 polygons
2026-08-03 18:06:01 +0200: Memory Usage (465580K) : sram_drw has 0 polygons
2026-08-03 18:06:01 +0200: Memory Usage (465580K) : trans_drw has 0 polygons
2026-08-03 18:06:01 +0200: Memory Usage (465708K) : ind_drw has 0 polygons
2026-08-03 18:06:01 +0200: Memory Usage (465836K) : ind_pin has 0 polygons
2026-08-03 18:06:01 +0200: Memory Usage (465836K) : ind_text has 0 polygons
2026-08-03 18:06:01 +0200: Memory Usage (465964K) : salblock_drw has 0 polygons
2026-08-03 18:06:01 +0200: Memory Usage (465964K) : via2_drw has 1441 polygons
2026-08-03 18:06:01 +0200: Memory Usage (466092K) : metal3_drw has 20 polygons
2026-08-03 18:06:01 +0200: Memory Usage (466092K) : metal3_filler has 0 polygons
2026-08-03 18:06:01 +0200: Memory Usage (466220K) : metal3_slit has 0 polygons
2026-08-03 18:06:01 +0200: Memory Usage (466348K) : metal3 has 20 polygons
2026-08-03 18:06:01 +0200: Memory Usage (466476K) : metal3_pin has 10 polygons
2026-08-03 18:06:01 +0200: Memory Usage (466476K) : metal3_mask has 0 polygons
2026-08-03 18:06:01 +0200: Memory Usage (466604K) : metal3_nofill has 0 polygons
2026-08-03 18:06:01 +0200: Memory Usage (466604K) : metal3_text has 10 polygons
2026-08-03 18:06:01 +0200: Memory Usage (466732K) : metal3_OPC has 0 polygons
2026-08-03 18:06:01 +0200: Memory Usage (466732K) : metal3_noqrc has 0 polygons
2026-08-03 18:06:01 +0200: Memory Usage (466860K) : metal3_res has 0 polygons
2026-08-03 18:06:01 +0200: Memory Usage (466860K) : metal3_iprobe has 0 polygons
2026-08-03 18:06:01 +0200: Memory Usage (466988K) : metal3_diffprb has 0 polygons
2026-08-03 18:06:01 +0200: Memory Usage (466988K) : nwell_drw has 25 polygons
2026-08-03 18:06:01 +0200: Memory Usage (466988K) : nwell_pin has 0 polygons
2026-08-03 18:06:01 +0200: Memory Usage (467116K) : nwell_text has 0 polygons
2026-08-03 18:06:01 +0200: Memory Usage (467116K) : nbulay_drw has 0 polygons
2026-08-03 18:06:01 +0200: Memory Usage (467244K) : nbulay_pin has 0 polygons
2026-08-03 18:06:01 +0200: Memory Usage (467244K) : nbulay_block has 0 polygons
2026-08-03 18:06:01 +0200: Memory Usage (467372K) : emwind_drw has 0 polygons
2026-08-03 18:06:01 +0200: Memory Usage (467372K) : emwind_OPC has 0 polygons
2026-08-03 18:06:01 +0200: Memory Usage (467500K) : deepco_drw has 0 polygons
2026-08-03 18:06:01 +0200: Memory Usage (467500K) : mim_drw has 0 polygons
2026-08-03 18:06:01 +0200: Memory Usage (467628K) : edgeseal_drw has 0 polygons
2026-08-03 18:06:01 +0200: Memory Usage (467628K) : substrate_drw has 23 polygons
2026-08-03 18:06:01 +0200: Memory Usage (467756K) : substrate_text has 0 polygons
2026-08-03 18:06:01 +0200: Memory Usage (467756K) : dfpad_drw has 0 polygons
2026-08-03 18:06:01 +0200: Memory Usage (467884K) : dfpad_pillar has 0 polygons
2026-08-03 18:06:01 +0200: Memory Usage (467884K) : dfpad_sbump has 0 polygons
2026-08-03 18:06:01 +0200: Memory Usage (468012K) : thickgateox_drw has 4 polygons
2026-08-03 18:06:01 +0200: Memory Usage (468012K) : pldb_drw has 0 polygons
2026-08-03 18:06:01 +0200: Memory Usage (468012K) : pwell_drw has 0 polygons
2026-08-03 18:06:01 +0200: Memory Usage (468140K) : pwell_pin has 0 polygons
2026-08-03 18:06:01 +0200: Memory Usage (468140K) : pwell_block has 0 polygons
2026-08-03 18:06:01 +0200: Memory Usage (468268K) : ic_drw has 0 polygons
2026-08-03 18:06:01 +0200: Memory Usage (468268K) : via3_drw has 2087 polygons
2026-08-03 18:06:01 +0200: Memory Usage (468396K) : metal4_drw has 8 polygons
2026-08-03 18:06:01 +0200: Memory Usage (468524K) : metal4_filler has 0 polygons
2026-08-03 18:06:01 +0200: Memory Usage (468524K) : metal4_slit has 0 polygons
2026-08-03 18:06:01 +0200: Memory Usage (468652K) : metal4 has 8 polygons
2026-08-03 18:06:01 +0200: Memory Usage (468780K) : metal4_pin has 8 polygons
2026-08-03 18:06:01 +0200: Memory Usage (468780K) : metal4_mask has 0 polygons
2026-08-03 18:06:01 +0200: Memory Usage (468908K) : metal4_nofill has 0 polygons
2026-08-03 18:06:01 +0200: Memory Usage (468908K) : metal4_text has 8 polygons
2026-08-03 18:06:01 +0200: Memory Usage (469036K) : metal4_OPC has 0 polygons
2026-08-03 18:06:01 +0200: Memory Usage (469036K) : metal4_noqrc has 0 polygons
2026-08-03 18:06:01 +0200: Memory Usage (469036K) : metal4_res has 0 polygons
2026-08-03 18:06:01 +0200: Memory Usage (469164K) : metal4_iprobe has 0 polygons
2026-08-03 18:06:01 +0200: Memory Usage (469164K) : metal4_diffprb has 0 polygons
2026-08-03 18:06:01 +0200: Memory Usage (469292K) : heattrans_drw has 0 polygons
2026-08-03 18:06:01 +0200: Memory Usage (469292K) : heatres_drw has 0 polygons
2026-08-03 18:06:01 +0200: Memory Usage (469420K) : fbe_drw has 0 polygons
2026-08-03 18:06:01 +0200: Memory Usage (469420K) : empoly_drw has 0 polygons
2026-08-03 18:06:01 +0200: Memory Usage (469548K) : digisub_drw has 0 polygons
2026-08-03 18:06:01 +0200: Memory Usage (469548K) : text_drw has 17 polygons
2026-08-03 18:06:01 +0200: Memory Usage (469548K) : via4_drw has 2371 polygons
2026-08-03 18:06:01 +0200: Memory Usage (469548K) : metal5_drw has 8 polygons
2026-08-03 18:06:01 +0200: Memory Usage (469548K) : metal5_filler has 0 polygons
2026-08-03 18:06:01 +0200: Memory Usage (469548K) : metal5_slit has 0 polygons
2026-08-03 18:06:01 +0200: Memory Usage (469548K) : metal5 has 8 polygons
2026-08-03 18:06:01 +0200: Memory Usage (469548K) : metal5_pin has 8 polygons
2026-08-03 18:06:01 +0200: Memory Usage (469548K) : metal5_mask has 0 polygons
2026-08-03 18:06:01 +0200: Memory Usage (469548K) : metal5_nofill has 0 polygons
2026-08-03 18:06:01 +0200: Memory Usage (469548K) : metal5_text has 8 polygons
2026-08-03 18:06:01 +0200: Memory Usage (469548K) : metal5_OPC has 0 polygons
2026-08-03 18:06:01 +0200: Memory Usage (469548K) : metal5_noqrc has 0 polygons
2026-08-03 18:06:01 +0200: Memory Usage (469548K) : metal5_res has 0 polygons
2026-08-03 18:06:01 +0200: Memory Usage (469548K) : metal5_iprobe has 0 polygons
2026-08-03 18:06:01 +0200: Memory Usage (469548K) : metal5_diffprb has 0 polygons
2026-08-03 18:06:01 +0200: Memory Usage (469548K) : radhard_drw has 0 polygons
2026-08-03 18:06:01 +0200: Memory Usage (469548K) : memcap_drw has 0 polygons
2026-08-03 18:06:01 +0200: Memory Usage (469548K) : varicap_drw has 0 polygons
2026-08-03 18:06:01 +0200: Memory Usage (469548K) : intbondvia_drw has 0 polygons
2026-08-03 18:06:01 +0200: Memory Usage (469548K) : intbondmet_drw has 0 polygons
2026-08-03 18:06:01 +0200: Memory Usage (469548K) : devbondvia_drw has 0 polygons
2026-08-03 18:06:01 +0200: Memory Usage (469548K) : devbondmet_drw has 0 polygons
2026-08-03 18:06:01 +0200: Memory Usage (469548K) : devtrench_drw has 0 polygons
2026-08-03 18:06:01 +0200: Memory Usage (469548K) : redist_drw has 0 polygons
2026-08-03 18:06:01 +0200: Memory Usage (469548K) : graphbot_drw has 0 polygons
2026-08-03 18:06:01 +0200: Memory Usage (469548K) : graphtop_drw has 0 polygons
2026-08-03 18:06:01 +0200: Memory Usage (469548K) : antvia1_drw has 0 polygons
2026-08-03 18:06:01 +0200: Memory Usage (469548K) : antmetal2_drw has 0 polygons
2026-08-03 18:06:01 +0200: Memory Usage (469548K) : graphcont_drw has 0 polygons
2026-08-03 18:06:01 +0200: Memory Usage (469548K) : siwg_drw has 0 polygons
2026-08-03 18:06:01 +0200: Memory Usage (469548K) : siwg_filler has 0 polygons
2026-08-03 18:06:01 +0200: Memory Usage (469548K) : siwg_nofill has 0 polygons
2026-08-03 18:06:01 +0200: Memory Usage (469548K) : sigrating_drw has 0 polygons
2026-08-03 18:06:01 +0200: Memory Usage (469548K) : singrating_drw has 0 polygons
2026-08-03 18:06:01 +0200: Memory Usage (469548K) : graphpas_drw has 0 polygons
2026-08-03 18:06:01 +0200: Memory Usage (469548K) : emwind3_drw has 0 polygons
2026-08-03 18:06:01 +0200: Memory Usage (469548K) : emwihv3_drw has 0 polygons
2026-08-03 18:06:01 +0200: Memory Usage (469548K) : redbulay_drw has 0 polygons
2026-08-03 18:06:01 +0200: Memory Usage (469548K) : smos_drw has 0 polygons
2026-08-03 18:06:01 +0200: Memory Usage (469548K) : graphpad_drw has 0 polygons
2026-08-03 18:06:01 +0200: Memory Usage (469548K) : polimide_drw has 0 polygons
2026-08-03 18:06:01 +0200: Memory Usage (469548K) : polimide_pin has 0 polygons
2026-08-03 18:06:01 +0200: Memory Usage (469548K) : recog_drw has 0 polygons
2026-08-03 18:06:01 +0200: Memory Usage (469548K) : recog_pin has 0 polygons
2026-08-03 18:06:01 +0200: Memory Usage (469548K) : recog_esd has 0 polygons
2026-08-03 18:06:01 +0200: Memory Usage (469548K) : recog_diode has 6 polygons
2026-08-03 18:06:01 +0200: Memory Usage (469548K) : recog_tsv has 0 polygons
2026-08-03 18:06:01 +0200: Memory Usage (469548K) : recog_iprobe has 0 polygons
2026-08-03 18:06:01 +0200: Memory Usage (469548K) : recog_diffprb has 0 polygons
2026-08-03 18:06:01 +0200: Memory Usage (469548K) : recog_pillar has 0 polygons
2026-08-03 18:06:01 +0200: Memory Usage (469548K) : recog_sbump has 0 polygons
2026-08-03 18:06:01 +0200: Memory Usage (469548K) : recog_otp has 0 polygons
2026-08-03 18:06:01 +0200: Memory Usage (469548K) : recog_pdiode has 0 polygons
2026-08-03 18:06:01 +0200: Memory Usage (469548K) : recog_mom has 0 polygons
2026-08-03 18:06:01 +0200: Memory Usage (469548K) : recog_pcm has 0 polygons
2026-08-03 18:06:01 +0200: Memory Usage (469548K) : colopen_drw has 0 polygons
2026-08-03 18:06:01 +0200: Memory Usage (469548K) : graphmetal1_drw has 0 polygons
2026-08-03 18:06:01 +0200: Memory Usage (469548K) : graphmetal1_filler has 0 polygons
2026-08-03 18:06:01 +0200: Memory Usage (469548K) : graphmetal1_nofill has 0 polygons
2026-08-03 18:06:01 +0200: Memory Usage (469548K) : graphmetal1_slit has 0 polygons
2026-08-03 18:06:01 +0200: Memory Usage (469548K) : graphmetal1_OPC has 0 polygons
2026-08-03 18:06:01 +0200: Memory Usage (469548K) : graphmet1l_drw has 0 polygons
2026-08-03 18:06:01 +0200: Memory Usage (469548K) : graphmet1l_filler has 0 polygons
2026-08-03 18:06:01 +0200: Memory Usage (469548K) : graphmet1l_nofill has 0 polygons
2026-08-03 18:06:01 +0200: Memory Usage (469548K) : graphmet1l_slit has 0 polygons
2026-08-03 18:06:01 +0200: Memory Usage (469548K) : graphmet1l_OPC has 0 polygons
2026-08-03 18:06:01 +0200: Memory Usage (469548K) : extblock_drw has 0 polygons
2026-08-03 18:06:01 +0200: Memory Usage (469548K) : nldd_drw has 0 polygons
2026-08-03 18:06:01 +0200: Memory Usage (469548K) : pldd_drw has 0 polygons
2026-08-03 18:06:01 +0200: Memory Usage (469548K) : next_drw has 0 polygons
2026-08-03 18:06:01 +0200: Memory Usage (469548K) : pext_drw has 0 polygons
2026-08-03 18:06:01 +0200: Memory Usage (469548K) : nexthv_drw has 0 polygons
2026-08-03 18:06:01 +0200: Memory Usage (469548K) : pexthv_drw has 0 polygons
2026-08-03 18:06:01 +0200: Memory Usage (469548K) : graphgate_drw has 0 polygons
2026-08-03 18:06:01 +0200: Memory Usage (469548K) : sinwg_drw has 0 polygons
2026-08-03 18:06:01 +0200: Memory Usage (469548K) : sinwg_filler has 0 polygons
2026-08-03 18:06:01 +0200: Memory Usage (469548K) : sinwg_nofill has 0 polygons
2026-08-03 18:06:01 +0200: Memory Usage (469548K) : mempad_drw has 0 polygons
2026-08-03 18:06:01 +0200: Memory Usage (469548K) : topvia1_drw has 2315 polygons
2026-08-03 18:06:01 +0200: Memory Usage (469548K) : topmetal1_drw has 8 polygons
2026-08-03 18:06:01 +0200: Memory Usage (469548K) : topmetal1_filler has 0 polygons
2026-08-03 18:06:01 +0200: Memory Usage (469548K) : topmetal1_slit has 0 polygons
2026-08-03 18:06:01 +0200: Memory Usage (469548K) : topmetal1 has 8 polygons
2026-08-03 18:06:01 +0200: Memory Usage (469548K) : topmetal1_pin has 8 polygons
2026-08-03 18:06:01 +0200: Memory Usage (469548K) : topmetal1_mask has 0 polygons
2026-08-03 18:06:01 +0200: Memory Usage (469548K) : topmetal1_nofill has 0 polygons
2026-08-03 18:06:01 +0200: Memory Usage (469548K) : topmetal1_text has 8 polygons
2026-08-03 18:06:01 +0200: Memory Usage (469548K) : topmetal1_noqrc has 0 polygons
2026-08-03 18:06:01 +0200: Memory Usage (469548K) : topmetal1_res has 0 polygons
2026-08-03 18:06:01 +0200: Memory Usage (469548K) : topmetal1_iprobe has 0 polygons
2026-08-03 18:06:01 +0200: Memory Usage (469548K) : topmetal1_diffprb has 0 polygons
2026-08-03 18:06:01 +0200: Memory Usage (469548K) : inldpwl_drw has 0 polygons
2026-08-03 18:06:01 +0200: Memory Usage (469548K) : polyres_drw has 0 polygons
2026-08-03 18:06:01 +0200: Memory Usage (469548K) : polyres_pin has 0 polygons
2026-08-03 18:06:01 +0200: Memory Usage (469548K) : vmim_drw has 0 polygons
2026-08-03 18:06:01 +0200: Memory Usage (469548K) : nbulaycut_drw has 0 polygons
2026-08-03 18:06:01 +0200: Memory Usage (469548K) : antmetal1_drw has 0 polygons
2026-08-03 18:06:01 +0200: Memory Usage (469548K) : topvia2_drw has 1593 polygons
2026-08-03 18:06:01 +0200: Memory Usage (469548K) : topmetal2_drw has 6 polygons
2026-08-03 18:06:01 +0200: Memory Usage (469548K) : topmetal2_filler has 0 polygons
2026-08-03 18:06:01 +0200: Memory Usage (469548K) : topmetal2_slit has 0 polygons
2026-08-03 18:06:01 +0200: Memory Usage (469548K) : topmetal2 has 6 polygons
2026-08-03 18:06:01 +0200: Memory Usage (469548K) : topmetal2_pin has 6 polygons
2026-08-03 18:06:01 +0200: Memory Usage (469548K) : topmetal2_mask has 0 polygons
2026-08-03 18:06:01 +0200: Memory Usage (469548K) : topmetal2_nofill has 0 polygons
2026-08-03 18:06:01 +0200: Memory Usage (469548K) : topmetal2_text has 6 polygons
2026-08-03 18:06:01 +0200: Memory Usage (469548K) : topmetal2_noqrc has 0 polygons
2026-08-03 18:06:01 +0200: Memory Usage (469548K) : topmetal2_res has 0 polygons
2026-08-03 18:06:01 +0200: Memory Usage (469548K) : topmetal2_iprobe has 0 polygons
2026-08-03 18:06:01 +0200: Memory Usage (469548K) : topmetal2_diffprb has 0 polygons
2026-08-03 18:06:01 +0200: Memory Usage (469548K) : snsring_drw has 0 polygons
2026-08-03 18:06:01 +0200: Memory Usage (469548K) : sensor_drw has 0 polygons
2026-08-03 18:06:01 +0200: Memory Usage (469548K) : snsarms_drw has 0 polygons
2026-08-03 18:06:01 +0200: Memory Usage (469548K) : snscmosvia_drw has 0 polygons
2026-08-03 18:06:01 +0200: Memory Usage (469548K) : colwind_drw has 0 polygons
2026-08-03 18:06:01 +0200: Memory Usage (469548K) : flm_drw has 0 polygons
2026-08-03 18:06:01 +0200: Memory Usage (469548K) : hafniumox_drw has 0 polygons
2026-08-03 18:06:01 +0200: Memory Usage (469548K) : memvia_drw has 0 polygons
2026-08-03 18:06:01 +0200: Memory Usage (469548K) : thinfilmres_drw has 0 polygons
2026-08-03 18:06:01 +0200: Memory Usage (469548K) : rfmem_drw has 0 polygons
2026-08-03 18:06:01 +0200: Memory Usage (469548K) : norcx_drw has 0 polygons
2026-08-03 18:06:01 +0200: Memory Usage (469548K) : norcx_m2m3 has 0 polygons
2026-08-03 18:06:01 +0200: Memory Usage (469548K) : norcx_m2m4 has 0 polygons
2026-08-03 18:06:01 +0200: Memory Usage (469548K) : norcx_m2m5 has 0 polygons
2026-08-03 18:06:01 +0200: Memory Usage (469676K) : norcx_m2tm1 has 0 polygons
2026-08-03 18:06:01 +0200: Memory Usage (469676K) : norcx_m2tm2 has 0 polygons
2026-08-03 18:06:01 +0200: Memory Usage (469676K) : norcx_m3m4 has 0 polygons
2026-08-03 18:06:01 +0200: Memory Usage (469804K) : norcx_m3m5 has 0 polygons
2026-08-03 18:06:01 +0200: Memory Usage (469804K) : norcx_m3tm1 has 0 polygons
2026-08-03 18:06:01 +0200: Memory Usage (469932K) : norcx_m3tm2 has 0 polygons
2026-08-03 18:06:01 +0200: Memory Usage (469932K) : norcx_m4m5 has 0 polygons
2026-08-03 18:06:01 +0200: Memory Usage (470060K) : norcx_m4tm1 has 0 polygons
2026-08-03 18:06:01 +0200: Memory Usage (470060K) : norcx_m4tm2 has 0 polygons
2026-08-03 18:06:01 +0200: Memory Usage (470188K) : norcx_m5tm1 has 0 polygons
2026-08-03 18:06:01 +0200: Memory Usage (470188K) : norcx_m5tm2 has 0 polygons
2026-08-03 18:06:01 +0200: Memory Usage (470316K) : norcx_tm1tm2 has 0 polygons
2026-08-03 18:06:01 +0200: Memory Usage (470316K) : norcx_m1sub has 0 polygons
2026-08-03 18:06:01 +0200: Memory Usage (470444K) : norcx_m2sub has 0 polygons
2026-08-03 18:06:01 +0200: Memory Usage (470444K) : norcx_m3sub has 0 polygons
2026-08-03 18:06:01 +0200: Memory Usage (470572K) : norcx_m4sub has 0 polygons
2026-08-03 18:06:01 +0200: Memory Usage (470572K) : norcx_m5sub has 0 polygons
2026-08-03 18:06:01 +0200: Memory Usage (470700K) : norcx_tm1sub has 0 polygons
2026-08-03 18:06:01 +0200: Memory Usage (470700K) : norcx_tm2sub has 0 polygons
2026-08-03 18:06:01 +0200: Memory Usage (470828K) : snsbotvia_drw has 0 polygons
2026-08-03 18:06:01 +0200: Memory Usage (470828K) : snstopvia_drw has 0 polygons
2026-08-03 18:06:01 +0200: Memory Usage (470956K) : deepvia_drw has 0 polygons
2026-08-03 18:06:01 +0200: Memory Usage (470956K) : fgetch_drw has 0 polygons
2026-08-03 18:06:01 +0200: Memory Usage (470956K) : ctrgat_drw has 0 polygons
2026-08-03 18:06:01 +0200: Memory Usage (471084K) : fgimp_drw has 0 polygons
2026-08-03 18:06:01 +0200: Memory Usage (471084K) : emwihv_drw has 0 polygons
2026-08-03 18:06:01 +0200: Memory Usage (471212K) : lbe_drw has 0 polygons
2026-08-03 18:06:01 +0200: Memory Usage (471212K) : alcustop_drw has 0 polygons
2026-08-03 18:06:01 +0200: Memory Usage (471340K) : nometfiller_drw has 0 polygons
2026-08-03 18:06:01 +0200: Memory Usage (471340K) : prboundary_drw has 0 polygons
2026-08-03 18:06:01 +0200: Memory Usage (471468K) : exchange0_drw has 0 polygons
2026-08-03 18:06:01 +0200: Memory Usage (471468K) : exchange0_pin has 0 polygons
2026-08-03 18:06:01 +0200: Memory Usage (471596K) : exchange0_text has 0 polygons
2026-08-03 18:06:01 +0200: Memory Usage (471596K) : exchange1_drw has 0 polygons
2026-08-03 18:06:01 +0200: Memory Usage (471724K) : exchange1_pin has 0 polygons
2026-08-03 18:06:01 +0200: Memory Usage (471724K) : exchange1_text has 0 polygons
2026-08-03 18:06:02 +0200: Memory Usage (471852K) : exchange2_drw has 0 polygons
2026-08-03 18:06:02 +0200: Memory Usage (471852K) : exchange2_pin has 0 polygons
2026-08-03 18:06:02 +0200: Memory Usage (471852K) : exchange2_text has 0 polygons
2026-08-03 18:06:02 +0200: Memory Usage (471980K) : exchange3_drw has 0 polygons
2026-08-03 18:06:02 +0200: Memory Usage (471980K) : exchange3_pin has 0 polygons
2026-08-03 18:06:02 +0200: Memory Usage (472108K) : exchange3_text has 0 polygons
2026-08-03 18:06:02 +0200: Memory Usage (472108K) : exchange4_drw has 0 polygons
2026-08-03 18:06:02 +0200: Memory Usage (472236K) : exchange4_pin has 0 polygons
2026-08-03 18:06:02 +0200: Memory Usage (472236K) : exchange4_text has 0 polygons
2026-08-03 18:06:02 +0200: Memory Usage (472364K) : isonwell_drw has 0 polygons
2026-08-03 18:06:02 +0200: Memory Usage (472364K) : Total no. of polygons in the design is 58434
2026-08-03 18:06:02 +0200: Memory Usage (472364K) : Starting base layers derivations
2026-08-03 18:06:02 +0200: Memory Usage (472364K) : Starting general LVS derivations
2026-08-03 18:06:02 +0200: Memory Usage (478508K) : Starting MOSFET DERIVATIONS
2026-08-03 18:06:02 +0200: Memory Usage (478832K) : Starting NMOS DERIVATIONS
2026-08-03 18:06:02 +0200: Memory Usage (478832K) : Starting PMOS DERIVATIONS
2026-08-03 18:06:02 +0200: Memory Usage (478832K) : Starting RF-MOSFET DERIVATIONS
2026-08-03 18:06:02 +0200: Memory Usage (478832K) : Starting RF-NMOS DERIVATIONS
2026-08-03 18:06:02 +0200: Memory Usage (478832K) : Starting RF-PMOS DERIVATIONS
2026-08-03 18:06:02 +0200: Memory Usage (478832K) : Starting BJT DERIVATIONS
2026-08-03 18:06:02 +0200: Memory Usage (478832K) : Starting NPN-BJT DERIVATIONS
2026-08-03 18:06:02 +0200: Memory Usage (478832K) : Starting PNP-BJT DERIVATIONS
2026-08-03 18:06:02 +0200: Memory Usage (478832K) : Starting DIODE DERIVATIONS
2026-08-03 18:06:03 +0200: Memory Usage (478876K) : Starting RESISTOR DERIVATIONS
2026-08-03 18:06:03 +0200: Memory Usage (478876K) : Starting CAP DERIVATIONS
2026-08-03 18:06:03 +0200: Memory Usage (478876K) : Starting ESD DERIVATIONS
2026-08-03 18:06:04 +0200: Memory Usage (483740K) : Starting Inductor DERIVATIONS
2026-08-03 18:06:04 +0200: Memory Usage (483740K) : Starting Taps DERIVATIONS
2026-08-03 18:06:04 +0200: Memory Usage (483740K) : Starting SG13G2 LVS connectivity setup
2026-08-03 18:06:04 +0200: Memory Usage (483740K) : Starting SG13G2 LVS connectivity setup (Inter-layer)
2026-08-03 18:06:04 +0200: Memory Usage (483740K) : Starting SG13G2 LVS connectivity setup (Global)
2026-08-03 18:06:04 +0200: Memory Usage (483740K) : Starting LVS MOSFET CONNECTIONS
2026-08-03 18:06:04 +0200: Memory Usage (483740K) : Starting LVS RF-MOSFET CONNECTIONS
2026-08-03 18:06:04 +0200: Memory Usage (483740K) : Starting LVS BJT CONNECTIONS
2026-08-03 18:06:04 +0200: Memory Usage (483740K) : Starting LVS DIODE CONNECTIONS
2026-08-03 18:06:04 +0200: Memory Usage (483740K) : Starting RESISTOR CONNECTIONS
2026-08-03 18:06:04 +0200: Memory Usage (483740K) : Starting LVS CAP CONNECTIONS
2026-08-03 18:06:04 +0200: Memory Usage (483740K) : Starting ESD CONNECTIONS
2026-08-03 18:06:04 +0200: Memory Usage (483740K) : Starting Inductor CONNECTIONS
2026-08-03 18:06:04 +0200: Memory Usage (483740K) : Starting LVS Taps CONNECTIONS
2026-08-03 18:06:04 +0200: Memory Usage (483740K) : Starting SG13G2 LVS DEVICES EXTRACTION
2026-08-03 18:06:04 +0200: Memory Usage (483740K) : Starting MOSFET EXTRACTION
2026-08-03 18:06:04 +0200: Memory Usage (483740K) : Starting NMOS EXTRACTION
2026-08-03 18:06:04 +0200: Memory Usage (483740K) : Extraction of NMOS-LV transistor
2026-08-03 18:06:04 +0200: Memory Usage (483996K) : Extraction of NMOS-HV transistor
2026-08-03 18:06:04 +0200: Memory Usage (483996K) : Starting PMOS EXTRACTION
2026-08-03 18:06:04 +0200: Memory Usage (483996K) : Extraction of PMOS-LV transistor
2026-08-03 18:06:04 +0200: Memory Usage (483996K) : Extraction of PMOS-HV transistor
2026-08-03 18:06:04 +0200: Memory Usage (483996K) : Starting RF-MOSFET EXTRACTION
2026-08-03 18:06:04 +0200: Memory Usage (483996K) : Extraction of RF-NMOS-LV transistor
2026-08-03 18:06:04 +0200: Memory Usage (483996K) : Extraction of RF-NMOS-HV transistor
2026-08-03 18:06:04 +0200: Memory Usage (483996K) : Extraction of RF-PMOS-LV transistor
2026-08-03 18:06:04 +0200: Memory Usage (483996K) : Extraction of RF-PMOS-HV transistor
2026-08-03 18:06:04 +0200: Memory Usage (483996K) : Starting BJT EXTRACTION
2026-08-03 18:06:04 +0200: Memory Usage (483996K) : Starting NPN-BJT EXTRACTION
2026-08-03 18:06:04 +0200: Memory Usage (483996K) : Extraction of npn13G2 BJT transistor
2026-08-03 18:06:04 +0200: Memory Usage (483996K) : Extraction of npn13G2L BJT transistor
2026-08-03 18:06:04 +0200: Memory Usage (483996K) : Extraction of npn13G2V BJT transistor
2026-08-03 18:06:04 +0200: Memory Usage (483996K) : Starting PNP-BJT EXTRACTION
2026-08-03 18:06:04 +0200: Memory Usage (483996K) : Extracting pnpMPA BJT
2026-08-03 18:06:04 +0200: Memory Usage (483996K) : Starting DIODE EXTRACTION
2026-08-03 18:06:04 +0200: Memory Usage (483996K) : Extracting dantenna diode
2026-08-03 18:06:04 +0200: Memory Usage (483996K) : Extracting dpantenna diode
2026-08-03 18:06:04 +0200: Memory Usage (483996K) : Extracting schottky_nbl1 diode
2026-08-03 18:06:04 +0200: Memory Usage (483996K) : Extracting isolbox diode
2026-08-03 18:06:04 +0200: Memory Usage (483996K) : Starting RESISTOR EXTRACTION
2026-08-03 18:06:04 +0200: Memory Usage (483996K) : Extracting rsil resistor
2026-08-03 18:06:04 +0200: Memory Usage (483996K) : Extracting rppd resistor
2026-08-03 18:06:04 +0200: Memory Usage (483996K) : Extracting rhigh resistor
2026-08-03 18:06:04 +0200: Memory Usage (483996K) : Extracting res_metal1 resistor
2026-08-03 18:06:04 +0200: Memory Usage (484124K) : Extracting res_metal2 resistor
2026-08-03 18:06:04 +0200: Memory Usage (484124K) : Extracting res_metal3 resistor
2026-08-03 18:06:04 +0200: Memory Usage (484124K) : Extracting res_metal4 resistor
2026-08-03 18:06:04 +0200: Memory Usage (484124K) : Extracting res_metal5 resistor
2026-08-03 18:06:04 +0200: Memory Usage (484124K) : Extracting res_topmetal1 resistor
2026-08-03 18:06:04 +0200: Memory Usage (484124K) : Extracting res_topmetal2 resistor
2026-08-03 18:06:04 +0200: Memory Usage (484124K) : Starting CAP EXTRACTION
2026-08-03 18:06:04 +0200: Memory Usage (484124K) : Extracting cap_cmim device
2026-08-03 18:06:04 +0200: Memory Usage (484124K) : Extracting rfcmim device
2026-08-03 18:06:04 +0200: Memory Usage (484124K) : Extracting sg13_hv_svaricap varactor
2026-08-03 18:06:04 +0200: Memory Usage (484124K) : Starting ESD EXTRACTION
2026-08-03 18:06:04 +0200: Memory Usage (484124K) : Extracting diodevdd_2kv ESD device
2026-08-03 18:06:04 +0200: Memory Usage (484124K) : Extracting diodevdd_4kv ESD device
2026-08-03 18:06:04 +0200: Memory Usage (484124K) : Extracting diodevss_2kv ESD device
2026-08-03 18:06:04 +0200: Memory Usage (484124K) : Extracting diodevss_4kv ESD device
2026-08-03 18:06:04 +0200: Memory Usage (484124K) : Extracting idiodevdd_2kv ESD device
2026-08-03 18:06:04 +0200: Memory Usage (484124K) : Extracting idiodevdd_4kv ESD device
2026-08-03 18:06:04 +0200: Memory Usage (484124K) : Extracting idiodevss_2kv ESD device
2026-08-03 18:06:04 +0200: Memory Usage (484124K) : Extracting idiodevss_4kv ESD device
2026-08-03 18:06:04 +0200: Memory Usage (484124K) : Extracting nmoscl_2 ESD device
2026-08-03 18:06:04 +0200: Memory Usage (484124K) : Extracting nmoscl_4 ESD device
2026-08-03 18:06:04 +0200: Memory Usage (484124K) : Starting Inductor EXTRACTION
2026-08-03 18:06:04 +0200: Memory Usage (484124K) : Extracting Inductor2 device
2026-08-03 18:06:04 +0200: Memory Usage (484124K) : Extracting Inductor3 device
2026-08-03 18:06:04 +0200: Memory Usage (484124K) : Starting Taps EXTRACTION
2026-08-03 18:06:04 +0200: Memory Usage (484124K) : Extracting ntap1 device
2026-08-03 18:06:04 +0200: Memory Usage (484124K) : Extracting ptap1 device
2026-08-03 18:06:04 +0200: Memory Usage (484124K) : Starting SG13G2 LVS RF MOS Model Mapping
2026-08-03 18:06:05 +0200: Memory Usage (493596K) : [layout_netlist] Apply RF MOS model mapping and rfmode parameter.
2026-08-03 18:06:05 +0200: Memory Usage (493596K) : Starting SG13G2 LVS Options Preparations
2026-08-03 18:06:05 +0200: Memory Usage (493596K) : SG13G2 LVS flow: extraction -> alignment -> option preparation -> comparison.
2026-08-03 18:06:05 +0200: Memory Usage (493596K) : Starting SG13G2 LVS Alignment
2026-08-03 18:06:05 +0200: Memory Usage (493724K) : Flattening circuits in both netlists: sg13g2_GuardRing_*
2026-08-03 18:06:05 +0200: Memory Usage (493724K) : Starting SG13G2 LVS Simplification
2026-08-03 18:06:05 +0200: Memory Usage (493724K) : [layout_netlist] simplify: ENABLED
2026-08-03 18:06:05 +0200: Memory Usage (493724K) : [layout_netlist] make_top_level_pins: SKIPPED
2026-08-03 18:06:05 +0200: Memory Usage (493724K) : [layout_netlist] combine_devices: ENABLED
2026-08-03 18:06:05 +0200: Memory Usage (493724K) : [layout_netlist] purge: SKIPPED
2026-08-03 18:06:05 +0200: Memory Usage (493724K) : [layout_netlist] purge_nets: SKIPPED
2026-08-03 18:06:05 +0200: Memory Usage (493724K) : [schematic_netlist] simplify: ENABLED
2026-08-03 18:06:05 +0200: Memory Usage (493724K) : [schematic_netlist] make_top_level_pins: SKIPPED
2026-08-03 18:06:05 +0200: Memory Usage (493724K) : [schematic_netlist] combine_devices: ENABLED
2026-08-03 18:06:05 +0200: Memory Usage (493724K) : [schematic_netlist] purge: SKIPPED
2026-08-03 18:06:05 +0200: Memory Usage (493724K) : [schematic_netlist] purge_nets: SKIPPED
2026-08-03 18:06:05 +0200: Memory Usage (493724K) : Starting SG13G2 LVS Comparison in strict port mode.
2026-08-03 18:06:05 +0200: Memory Usage (493724K) : flag_missing_ports enabled: missing/mislabeled top-level ports are treated as errors.
2026-08-03 18:06:05 +0200: Memory Usage (493852K) : xxxxxxxxxxxxxxxxxxxxxxxxxxxxxxxxxxxxxxxxxx
2026-08-03 18:06:05 +0200: Memory Usage (493852K) : ERROR : Netlists don't match
2026-08-03 18:06:05 +0200: Memory Usage (493852K) : xxxxxxxxxxxxxxxxxxxxxxxxxxxxxxxxxxxxxxxxxx
2026-08-03 18:06:05 +0200: Memory Usage (493852K) : LVS Total Run time 4.106016 seconds
03-Aug-2026 18:06:05 | INFO    | ==============================================================================
03-Aug-2026 18:06:05 | INFO    | Important Summary
03-Aug-2026 18:06:05 | INFO    | +------------------+-----------------------------------------------------------------------------------------------+
03-Aug-2026 18:06:05 | INFO    | | Status           | FAIL                                                                                          |
03-Aug-2026 18:06:05 | INFO    | | Mode             | COMPARE                                                                                       |
03-Aug-2026 18:06:05 | INFO    | | Outcome          | Comparison mode: FAIL (netlists do not match).                                                |
03-Aug-2026 18:06:05 | INFO    | | Layout           | sg13g2_IOPadTriOut16mA.gds                                                                    |
03-Aug-2026 18:06:05 | INFO    | | Top Cell         | sg13g2_IOPadTriOut16mA                                                                        |
03-Aug-2026 18:06:05 | INFO    | | Results Dir      | /foss/designs/ihp-open-pdk-regression/IOPADS/lvs_sweep/20260803_180423/sg13g2_IOPadTriOut16mA |
03-Aug-2026 18:06:05 | INFO    | | Warnings         | 0                                                                                             |
03-Aug-2026 18:06:05 | INFO    | | Errors           | 1                                                                                             |
03-Aug-2026 18:06:05 | INFO    | | Run Time (s)     | 8.484                                                                                         |
03-Aug-2026 18:06:05 | INFO    | +------------------+-----------------------------------------------------------------------------------------------+
03-Aug-2026 18:06:05 | ERROR   | Key errors:
03-Aug-2026 18:06:05 | ERROR   |   - 2026-08-03 18:06:05 +0200: Memory Usage (493852K) : ERROR : Netlists don't match
03-Aug-2026 18:06:05 | INFO    | ==============================================================================
