03-Aug-2026 15:43:09 | INFO    | Your Klayout version is: KLayout 0.30.9 (required >= 0.30.5)
03-Aug-2026 15:43:09 | INFO    | Running SG13G2 LVS checks on design /foss/designs/ihp-open-pdk-regression/IOPADS/layout/sg13g2_IOPadVdd.gds on cell sg13g2_IOPadVdd
2026-08-03 15:43:12 +0200: Memory Usage (455596K) : Starting running SG13G2 Klayout LVS runset on /foss/designs/ihp-open-pdk-regression/IOPADS/layout/sg13g2_IOPadVdd.gds
2026-08-03 15:43:12 +0200: Memory Usage (455596K) : Ruby Version for klayout: 3.2.3
2026-08-03 15:43:12 +0200: Memory Usage (456620K) : Loading database to memory is complete.
2026-08-03 15:43:12 +0200: Memory Usage (456620K) : SG13G2 Klayout LVS runset output at: /foss/designs/ihp-open-pdk-regression/IOPADS/lvs_sweep/20260803_154308/sg13g2_IOPadVdd/sg13g2_IOPadVdd.lvsdb
2026-08-03 15:43:12 +0200: Memory Usage (456620K) : Evaluate switches.
2026-08-03 15:43:12 +0200: Memory Usage (456620K) : Extracted netlist with net names: true
2026-08-03 15:43:12 +0200: Memory Usage (456620K) : Extracted netlist with comments in details: false
2026-08-03 15:43:12 +0200: Memory Usage (456620K) : Selected NET_ONLY option: false
2026-08-03 15:43:12 +0200: Memory Usage (456620K) : Selected LAYOUT_NETLIST option: (none)
2026-08-03 15:43:12 +0200: Memory Usage (456620K) : Selected IGNORE_TOP_PORTS_MISMATCH option: 
2026-08-03 15:43:12 +0200: Memory Usage (456620K) : Selected IMPLICIT_NETS option: (none)
2026-08-03 15:43:12 +0200: Memory Usage (456620K) : Selected FLATTEN_CELLS option: sg13g2_DCNDiode,sg13g2_DCPDiode,sg13g2_Clamp_*,sg13g2_RCClamp*,sg13g2_GuardRing_*
2026-08-03 15:43:12 +0200: Memory Usage (456620K) : Selected TOP_LVL_PINS option: false
2026-08-03 15:43:12 +0200: Memory Usage (456620K) : Selected COMBINE DEVICES option: false
2026-08-03 15:43:12 +0200: Memory Usage (456620K) : Selected PURGE option: false
2026-08-03 15:43:12 +0200: Memory Usage (456620K) : Selected PURGE_NETS option: false
2026-08-03 15:43:12 +0200: Memory Usage (456620K) : Selected SIMPLIFY option: true
2026-08-03 15:43:12 +0200: Memory Usage (456620K) : Selected SERIES_RES option: true
2026-08-03 15:43:12 +0200: Memory Usage (456620K) : Selected PARALLEL_RES option: true
2026-08-03 15:43:12 +0200: Memory Usage (456620K) : Selected DISABLE_TAP_EXTRACTION option: true
2026-08-03 15:43:12 +0200: Memory Usage (456620K) : deep  mode is enabled.
2026-08-03 15:43:12 +0200: Memory Usage (457132K) : Netlist file: /foss/designs/ihp-open-pdk-regression/IOPADS/netlist/pads/sg13g2_IOPadVdd.spi
2026-08-03 15:43:12 +0200: Memory Usage (457132K) : LVS extracted netlist at: /foss/designs/ihp-open-pdk-regression/IOPADS/lvs_sweep/20260803_154308/sg13g2_IOPadVdd/sg13g2_IOPadVdd_extracted.cir
2026-08-03 15:43:12 +0200: Memory Usage (457132K) : Applying SRAM integration support.
2026-08-03 15:43:12 +0200: Memory Usage (457132K) : Starting SG13G2 LVS runset
2026-08-03 15:43:12 +0200: Memory Usage (457132K) : Read in polygons from layers.
2026-08-03 15:43:12 +0200: Memory Usage (458412K) : activ_drw has 40 polygons
2026-08-03 15:43:12 +0200: Memory Usage (458412K) : activ_filler has 0 polygons
2026-08-03 15:43:12 +0200: Memory Usage (458540K) : activ has 40 polygons
2026-08-03 15:43:12 +0200: Memory Usage (458540K) : activ_pin has 0 polygons
2026-08-03 15:43:12 +0200: Memory Usage (458668K) : activ_mask has 0 polygons
2026-08-03 15:43:12 +0200: Memory Usage (458796K) : activ_nofill has 0 polygons
2026-08-03 15:43:12 +0200: Memory Usage (458796K) : activ_OPC has 0 polygons
2026-08-03 15:43:12 +0200: Memory Usage (458924K) : activ_iOPC has 0 polygons
2026-08-03 15:43:12 +0200: Memory Usage (458924K) : activ_noqrc has 0 polygons
2026-08-03 15:43:12 +0200: Memory Usage (459052K) : biwind_drw has 0 polygons
2026-08-03 15:43:12 +0200: Memory Usage (459308K) : biwind_OPC has 0 polygons
2026-08-03 15:43:12 +0200: Memory Usage (459308K) : gatpoly_drw has 132 polygons
2026-08-03 15:43:12 +0200: Memory Usage (459436K) : gatpoly_filler has 0 polygons
2026-08-03 15:43:12 +0200: Memory Usage (459436K) : gatpoly has 132 polygons
2026-08-03 15:43:12 +0200: Memory Usage (459564K) : gatpoly_pin has 0 polygons
2026-08-03 15:43:12 +0200: Memory Usage (459564K) : gatpoly_nofill has 0 polygons
2026-08-03 15:43:12 +0200: Memory Usage (459564K) : gatpoly_OPC has 0 polygons
2026-08-03 15:43:12 +0200: Memory Usage (459564K) : gatpoly_iOPC has 0 polygons
2026-08-03 15:43:12 +0200: Memory Usage (459692K) : gatpoly_noqrc has 0 polygons
2026-08-03 15:43:12 +0200: Memory Usage (460076K) : cont_drw has 23192 polygons
2026-08-03 15:43:12 +0200: Memory Usage (460332K) : cont_OPC has 0 polygons
2026-08-03 15:43:12 +0200: Memory Usage (460332K) : nsd_drw has 0 polygons
2026-08-03 15:43:12 +0200: Memory Usage (460332K) : nsd_block has 0 polygons
2026-08-03 15:43:12 +0200: Memory Usage (460460K) : metal1_drw has 410 polygons
2026-08-03 15:43:12 +0200: Memory Usage (460460K) : metal1_filler has 0 polygons
2026-08-03 15:43:12 +0200: Memory Usage (460588K) : metal1_slit has 0 polygons
2026-08-03 15:43:12 +0200: Memory Usage (460716K) : metal1 has 410 polygons
2026-08-03 15:43:12 +0200: Memory Usage (460716K) : metal1_pin has 5 polygons
2026-08-03 15:43:12 +0200: Memory Usage (460844K) : metal1_mask has 0 polygons
2026-08-03 15:43:12 +0200: Memory Usage (460844K) : metal1_nofill has 0 polygons
2026-08-03 15:43:12 +0200: Memory Usage (461100K) : metal1_text has 5 polygons
2026-08-03 15:43:12 +0200: Memory Usage (461100K) : metal1_OPC has 0 polygons
2026-08-03 15:43:12 +0200: Memory Usage (461228K) : metal1_noqrc has 0 polygons
2026-08-03 15:43:12 +0200: Memory Usage (461228K) : metal1_res has 0 polygons
2026-08-03 15:43:12 +0200: Memory Usage (461356K) : metal1_iprobe has 0 polygons
2026-08-03 15:43:12 +0200: Memory Usage (461356K) : metal1_diffprb has 0 polygons
2026-08-03 15:43:12 +0200: Memory Usage (461484K) : passiv_drw has 0 polygons
2026-08-03 15:43:12 +0200: Memory Usage (461484K) : passiv_pin has 0 polygons
2026-08-03 15:43:12 +0200: Memory Usage (461612K) : passiv_sbump has 0 polygons
2026-08-03 15:43:12 +0200: Memory Usage (461612K) : passiv_pillar has 0 polygons
2026-08-03 15:43:12 +0200: Memory Usage (461612K) : passiv_pdl has 0 polygons
2026-08-03 15:43:12 +0200: Memory Usage (461740K) : metal2_drw has 87 polygons
2026-08-03 15:43:12 +0200: Memory Usage (461740K) : metal2_filler has 0 polygons
2026-08-03 15:43:12 +0200: Memory Usage (461868K) : metal2_slit has 0 polygons
2026-08-03 15:43:12 +0200: Memory Usage (461868K) : metal2 has 87 polygons
2026-08-03 15:43:12 +0200: Memory Usage (461996K) : metal2_pin has 26 polygons
2026-08-03 15:43:12 +0200: Memory Usage (461996K) : metal2_mask has 0 polygons
2026-08-03 15:43:12 +0200: Memory Usage (462124K) : metal2_nofill has 0 polygons
2026-08-03 15:43:12 +0200: Memory Usage (462124K) : metal2_text has 26 polygons
2026-08-03 15:43:12 +0200: Memory Usage (462252K) : metal2_OPC has 0 polygons
2026-08-03 15:43:12 +0200: Memory Usage (462252K) : metal2_noqrc has 0 polygons
2026-08-03 15:43:12 +0200: Memory Usage (462380K) : metal2_res has 0 polygons
2026-08-03 15:43:12 +0200: Memory Usage (462380K) : metal2_iprobe has 0 polygons
2026-08-03 15:43:12 +0200: Memory Usage (462508K) : metal2_diffprb has 0 polygons
2026-08-03 15:43:12 +0200: Memory Usage (462508K) : baspoly_drw has 0 polygons
2026-08-03 15:43:12 +0200: Memory Usage (462636K) : baspoly_pin has 0 polygons
2026-08-03 15:43:12 +0200: Memory Usage (462636K) : psd_drw has 15 polygons
2026-08-03 15:43:12 +0200: Memory Usage (462764K) : nldb_drw has 0 polygons
2026-08-03 15:43:12 +0200: Memory Usage (462764K) : digibnd_drw has 0 polygons
2026-08-03 15:43:12 +0200: Memory Usage (462764K) : via1_drw has 4146 polygons
2026-08-03 15:43:12 +0200: Memory Usage (463020K) : backmetal1_drw has 0 polygons
2026-08-03 15:43:12 +0200: Memory Usage (463020K) : backmetal1_pin has 0 polygons
2026-08-03 15:43:12 +0200: Memory Usage (463020K) : backmetal1_mask has 0 polygons
2026-08-03 15:43:12 +0200: Memory Usage (463148K) : backmetal1_filler has 0 polygons
2026-08-03 15:43:12 +0200: Memory Usage (463148K) : backmetal1_nofill has 0 polygons
2026-08-03 15:43:12 +0200: Memory Usage (463276K) : backmetal1_slit has 0 polygons
2026-08-03 15:43:12 +0200: Memory Usage (463276K) : backmetal1_text has 0 polygons
2026-08-03 15:43:12 +0200: Memory Usage (463404K) : backmetal1_OPC has 0 polygons
2026-08-03 15:43:12 +0200: Memory Usage (463404K) : backmetal1_noqrc has 0 polygons
2026-08-03 15:43:12 +0200: Memory Usage (463532K) : backmetal1_res has 0 polygons
2026-08-03 15:43:12 +0200: Memory Usage (463532K) : backmetal1_iprobe has 0 polygons
2026-08-03 15:43:12 +0200: Memory Usage (463660K) : backmetal1_diffprb has 0 polygons
2026-08-03 15:43:12 +0200: Memory Usage (463660K) : backpassiv_drw has 0 polygons
2026-08-03 15:43:12 +0200: Memory Usage (463788K) : res_drw has 0 polygons
2026-08-03 15:43:12 +0200: Memory Usage (463788K) : sram_drw has 0 polygons
2026-08-03 15:43:12 +0200: Memory Usage (463916K) : trans_drw has 0 polygons
2026-08-03 15:43:12 +0200: Memory Usage (463916K) : ind_drw has 0 polygons
2026-08-03 15:43:12 +0200: Memory Usage (464044K) : ind_pin has 0 polygons
2026-08-03 15:43:12 +0200: Memory Usage (464044K) : ind_text has 0 polygons
2026-08-03 15:43:12 +0200: Memory Usage (464044K) : salblock_drw has 1 polygons
2026-08-03 15:43:12 +0200: Memory Usage (464172K) : via2_drw has 2614 polygons
2026-08-03 15:43:12 +0200: Memory Usage (464300K) : metal3_drw has 30 polygons
2026-08-03 15:43:12 +0200: Memory Usage (464300K) : metal3_filler has 0 polygons
2026-08-03 15:43:12 +0200: Memory Usage (464428K) : metal3_slit has 0 polygons
2026-08-03 15:43:12 +0200: Memory Usage (464428K) : metal3 has 30 polygons
2026-08-03 15:43:12 +0200: Memory Usage (464556K) : metal3_pin has 8 polygons
2026-08-03 15:43:12 +0200: Memory Usage (464556K) : metal3_mask has 0 polygons
2026-08-03 15:43:12 +0200: Memory Usage (464684K) : metal3_nofill has 0 polygons
2026-08-03 15:43:12 +0200: Memory Usage (464684K) : metal3_text has 8 polygons
2026-08-03 15:43:12 +0200: Memory Usage (464812K) : metal3_OPC has 0 polygons
2026-08-03 15:43:12 +0200: Memory Usage (464812K) : metal3_noqrc has 0 polygons
2026-08-03 15:43:12 +0200: Memory Usage (464940K) : metal3_res has 0 polygons
2026-08-03 15:43:12 +0200: Memory Usage (464940K) : metal3_iprobe has 0 polygons
2026-08-03 15:43:12 +0200: Memory Usage (465068K) : metal3_diffprb has 0 polygons
2026-08-03 15:43:12 +0200: Memory Usage (465068K) : nwell_drw has 65 polygons
2026-08-03 15:43:12 +0200: Memory Usage (465196K) : nwell_pin has 0 polygons
2026-08-03 15:43:12 +0200: Memory Usage (465196K) : nwell_text has 0 polygons
2026-08-03 15:43:12 +0200: Memory Usage (465324K) : nbulay_drw has 0 polygons
2026-08-03 15:43:12 +0200: Memory Usage (465324K) : nbulay_pin has 0 polygons
2026-08-03 15:43:12 +0200: Memory Usage (465324K) : nbulay_block has 0 polygons
2026-08-03 15:43:12 +0200: Memory Usage (465452K) : emwind_drw has 0 polygons
2026-08-03 15:43:12 +0200: Memory Usage (465452K) : emwind_OPC has 0 polygons
2026-08-03 15:43:12 +0200: Memory Usage (465580K) : deepco_drw has 0 polygons
2026-08-03 15:43:12 +0200: Memory Usage (465580K) : mim_drw has 0 polygons
2026-08-03 15:43:12 +0200: Memory Usage (465708K) : edgeseal_drw has 0 polygons
2026-08-03 15:43:12 +0200: Memory Usage (465708K) : substrate_drw has 14 polygons
2026-08-03 15:43:12 +0200: Memory Usage (465836K) : substrate_text has 0 polygons
2026-08-03 15:43:12 +0200: Memory Usage (465836K) : dfpad_drw has 0 polygons
2026-08-03 15:43:12 +0200: Memory Usage (465964K) : dfpad_pillar has 0 polygons
2026-08-03 15:43:12 +0200: Memory Usage (465964K) : dfpad_sbump has 0 polygons
2026-08-03 15:43:12 +0200: Memory Usage (466092K) : thickgateox_drw has 3 polygons
2026-08-03 15:43:12 +0200: Memory Usage (466092K) : pldb_drw has 0 polygons
2026-08-03 15:43:12 +0200: Memory Usage (466220K) : pwell_drw has 0 polygons
2026-08-03 15:43:12 +0200: Memory Usage (466220K) : pwell_pin has 0 polygons
2026-08-03 15:43:12 +0200: Memory Usage (466348K) : pwell_block has 0 polygons
2026-08-03 15:43:12 +0200: Memory Usage (466348K) : ic_drw has 0 polygons
2026-08-03 15:43:12 +0200: Memory Usage (466348K) : via3_drw has 2087 polygons
2026-08-03 15:43:12 +0200: Memory Usage (466476K) : metal4_drw has 8 polygons
2026-08-03 15:43:12 +0200: Memory Usage (466604K) : metal4_filler has 0 polygons
2026-08-03 15:43:12 +0200: Memory Usage (466604K) : metal4_slit has 0 polygons
2026-08-03 15:43:12 +0200: Memory Usage (466732K) : metal4 has 8 polygons
2026-08-03 15:43:12 +0200: Memory Usage (466860K) : metal4_pin has 8 polygons
2026-08-03 15:43:12 +0200: Memory Usage (466860K) : metal4_mask has 0 polygons
2026-08-03 15:43:12 +0200: Memory Usage (466988K) : metal4_nofill has 0 polygons
2026-08-03 15:43:12 +0200: Memory Usage (466988K) : metal4_text has 8 polygons
2026-08-03 15:43:12 +0200: Memory Usage (466988K) : metal4_OPC has 0 polygons
2026-08-03 15:43:12 +0200: Memory Usage (467116K) : metal4_noqrc has 0 polygons
2026-08-03 15:43:12 +0200: Memory Usage (467116K) : metal4_res has 0 polygons
2026-08-03 15:43:12 +0200: Memory Usage (467244K) : metal4_iprobe has 0 polygons
2026-08-03 15:43:12 +0200: Memory Usage (467244K) : metal4_diffprb has 0 polygons
2026-08-03 15:43:12 +0200: Memory Usage (467372K) : heattrans_drw has 0 polygons
2026-08-03 15:43:12 +0200: Memory Usage (467372K) : heatres_drw has 0 polygons
2026-08-03 15:43:12 +0200: Memory Usage (467500K) : fbe_drw has 0 polygons
2026-08-03 15:43:12 +0200: Memory Usage (467500K) : empoly_drw has 0 polygons
2026-08-03 15:43:12 +0200: Memory Usage (467628K) : digisub_drw has 0 polygons
2026-08-03 15:43:12 +0200: Memory Usage (467628K) : text_drw has 30 polygons
2026-08-03 15:43:12 +0200: Memory Usage (467756K) : via4_drw has 2371 polygons
2026-08-03 15:43:12 +0200: Memory Usage (467884K) : metal5_drw has 8 polygons
2026-08-03 15:43:12 +0200: Memory Usage (467884K) : metal5_filler has 0 polygons
2026-08-03 15:43:12 +0200: Memory Usage (468012K) : metal5_slit has 0 polygons
2026-08-03 15:43:12 +0200: Memory Usage (468140K) : metal5 has 8 polygons
2026-08-03 15:43:12 +0200: Memory Usage (468140K) : metal5_pin has 8 polygons
2026-08-03 15:43:12 +0200: Memory Usage (468140K) : metal5_mask has 0 polygons
2026-08-03 15:43:12 +0200: Memory Usage (468268K) : metal5_nofill has 0 polygons
2026-08-03 15:43:12 +0200: Memory Usage (468268K) : metal5_text has 8 polygons
2026-08-03 15:43:12 +0200: Memory Usage (468396K) : metal5_OPC has 0 polygons
2026-08-03 15:43:12 +0200: Memory Usage (468396K) : metal5_noqrc has 0 polygons
2026-08-03 15:43:12 +0200: Memory Usage (468524K) : metal5_res has 0 polygons
2026-08-03 15:43:12 +0200: Memory Usage (468524K) : metal5_iprobe has 0 polygons
2026-08-03 15:43:12 +0200: Memory Usage (468652K) : metal5_diffprb has 0 polygons
2026-08-03 15:43:12 +0200: Memory Usage (468652K) : radhard_drw has 0 polygons
2026-08-03 15:43:12 +0200: Memory Usage (468652K) : memcap_drw has 0 polygons
2026-08-03 15:43:12 +0200: Memory Usage (468652K) : varicap_drw has 0 polygons
2026-08-03 15:43:12 +0200: Memory Usage (468652K) : intbondvia_drw has 0 polygons
2026-08-03 15:43:12 +0200: Memory Usage (468652K) : intbondmet_drw has 0 polygons
2026-08-03 15:43:12 +0200: Memory Usage (468652K) : devbondvia_drw has 0 polygons
2026-08-03 15:43:12 +0200: Memory Usage (468652K) : devbondmet_drw has 0 polygons
2026-08-03 15:43:12 +0200: Memory Usage (468652K) : devtrench_drw has 0 polygons
2026-08-03 15:43:12 +0200: Memory Usage (468652K) : redist_drw has 0 polygons
2026-08-03 15:43:12 +0200: Memory Usage (468652K) : graphbot_drw has 0 polygons
2026-08-03 15:43:12 +0200: Memory Usage (468652K) : graphtop_drw has 0 polygons
2026-08-03 15:43:12 +0200: Memory Usage (468652K) : antvia1_drw has 0 polygons
2026-08-03 15:43:12 +0200: Memory Usage (468652K) : antmetal2_drw has 0 polygons
2026-08-03 15:43:12 +0200: Memory Usage (468652K) : graphcont_drw has 0 polygons
2026-08-03 15:43:12 +0200: Memory Usage (468652K) : siwg_drw has 0 polygons
2026-08-03 15:43:12 +0200: Memory Usage (468652K) : siwg_filler has 0 polygons
2026-08-03 15:43:12 +0200: Memory Usage (468652K) : siwg_nofill has 0 polygons
2026-08-03 15:43:12 +0200: Memory Usage (468652K) : sigrating_drw has 0 polygons
2026-08-03 15:43:12 +0200: Memory Usage (468652K) : singrating_drw has 0 polygons
2026-08-03 15:43:12 +0200: Memory Usage (468652K) : graphpas_drw has 0 polygons
2026-08-03 15:43:12 +0200: Memory Usage (468652K) : emwind3_drw has 0 polygons
2026-08-03 15:43:12 +0200: Memory Usage (468652K) : emwihv3_drw has 0 polygons
2026-08-03 15:43:12 +0200: Memory Usage (468652K) : redbulay_drw has 0 polygons
2026-08-03 15:43:12 +0200: Memory Usage (468652K) : smos_drw has 0 polygons
2026-08-03 15:43:12 +0200: Memory Usage (468652K) : graphpad_drw has 0 polygons
2026-08-03 15:43:12 +0200: Memory Usage (468652K) : polimide_drw has 0 polygons
2026-08-03 15:43:12 +0200: Memory Usage (468652K) : polimide_pin has 0 polygons
2026-08-03 15:43:12 +0200: Memory Usage (468652K) : recog_drw has 0 polygons
2026-08-03 15:43:12 +0200: Memory Usage (468652K) : recog_pin has 0 polygons
2026-08-03 15:43:12 +0200: Memory Usage (468652K) : recog_esd has 0 polygons
2026-08-03 15:43:12 +0200: Memory Usage (468652K) : recog_diode has 1 polygons
2026-08-03 15:43:12 +0200: Memory Usage (468652K) : recog_tsv has 0 polygons
2026-08-03 15:43:12 +0200: Memory Usage (468652K) : recog_iprobe has 0 polygons
2026-08-03 15:43:12 +0200: Memory Usage (468652K) : recog_diffprb has 0 polygons
2026-08-03 15:43:12 +0200: Memory Usage (468652K) : recog_pillar has 0 polygons
2026-08-03 15:43:12 +0200: Memory Usage (468652K) : recog_sbump has 0 polygons
2026-08-03 15:43:12 +0200: Memory Usage (468652K) : recog_otp has 0 polygons
2026-08-03 15:43:12 +0200: Memory Usage (468652K) : recog_pdiode has 0 polygons
2026-08-03 15:43:12 +0200: Memory Usage (468652K) : recog_mom has 0 polygons
2026-08-03 15:43:12 +0200: Memory Usage (468652K) : recog_pcm has 0 polygons
2026-08-03 15:43:12 +0200: Memory Usage (468652K) : colopen_drw has 0 polygons
2026-08-03 15:43:12 +0200: Memory Usage (468652K) : graphmetal1_drw has 0 polygons
2026-08-03 15:43:12 +0200: Memory Usage (468652K) : graphmetal1_filler has 0 polygons
2026-08-03 15:43:12 +0200: Memory Usage (468652K) : graphmetal1_nofill has 0 polygons
2026-08-03 15:43:12 +0200: Memory Usage (468652K) : graphmetal1_slit has 0 polygons
2026-08-03 15:43:12 +0200: Memory Usage (468652K) : graphmetal1_OPC has 0 polygons
2026-08-03 15:43:12 +0200: Memory Usage (468652K) : graphmet1l_drw has 0 polygons
2026-08-03 15:43:12 +0200: Memory Usage (468652K) : graphmet1l_filler has 0 polygons
2026-08-03 15:43:12 +0200: Memory Usage (468652K) : graphmet1l_nofill has 0 polygons
2026-08-03 15:43:12 +0200: Memory Usage (468652K) : graphmet1l_slit has 0 polygons
2026-08-03 15:43:12 +0200: Memory Usage (468652K) : graphmet1l_OPC has 0 polygons
2026-08-03 15:43:12 +0200: Memory Usage (468652K) : extblock_drw has 1 polygons
2026-08-03 15:43:12 +0200: Memory Usage (468652K) : nldd_drw has 0 polygons
2026-08-03 15:43:12 +0200: Memory Usage (468652K) : pldd_drw has 0 polygons
2026-08-03 15:43:12 +0200: Memory Usage (468652K) : next_drw has 0 polygons
2026-08-03 15:43:12 +0200: Memory Usage (468652K) : pext_drw has 0 polygons
2026-08-03 15:43:12 +0200: Memory Usage (468652K) : nexthv_drw has 0 polygons
2026-08-03 15:43:12 +0200: Memory Usage (468652K) : pexthv_drw has 0 polygons
2026-08-03 15:43:12 +0200: Memory Usage (468652K) : graphgate_drw has 0 polygons
2026-08-03 15:43:12 +0200: Memory Usage (468652K) : sinwg_drw has 0 polygons
2026-08-03 15:43:12 +0200: Memory Usage (468652K) : sinwg_filler has 0 polygons
2026-08-03 15:43:13 +0200: Memory Usage (468652K) : sinwg_nofill has 0 polygons
2026-08-03 15:43:13 +0200: Memory Usage (468652K) : mempad_drw has 0 polygons
2026-08-03 15:43:13 +0200: Memory Usage (468652K) : topvia1_drw has 2315 polygons
2026-08-03 15:43:13 +0200: Memory Usage (468652K) : topmetal1_drw has 8 polygons
2026-08-03 15:43:13 +0200: Memory Usage (468652K) : topmetal1_filler has 0 polygons
2026-08-03 15:43:13 +0200: Memory Usage (468652K) : topmetal1_slit has 0 polygons
2026-08-03 15:43:13 +0200: Memory Usage (468652K) : topmetal1 has 8 polygons
2026-08-03 15:43:13 +0200: Memory Usage (468652K) : topmetal1_pin has 8 polygons
2026-08-03 15:43:13 +0200: Memory Usage (468652K) : topmetal1_mask has 0 polygons
2026-08-03 15:43:13 +0200: Memory Usage (468652K) : topmetal1_nofill has 0 polygons
2026-08-03 15:43:13 +0200: Memory Usage (468652K) : topmetal1_text has 8 polygons
2026-08-03 15:43:13 +0200: Memory Usage (468652K) : topmetal1_noqrc has 0 polygons
2026-08-03 15:43:13 +0200: Memory Usage (468652K) : topmetal1_res has 0 polygons
2026-08-03 15:43:13 +0200: Memory Usage (468652K) : topmetal1_iprobe has 0 polygons
2026-08-03 15:43:13 +0200: Memory Usage (468652K) : topmetal1_diffprb has 0 polygons
2026-08-03 15:43:13 +0200: Memory Usage (468652K) : inldpwl_drw has 0 polygons
2026-08-03 15:43:13 +0200: Memory Usage (468652K) : polyres_drw has 0 polygons
2026-08-03 15:43:13 +0200: Memory Usage (468652K) : polyres_pin has 0 polygons
2026-08-03 15:43:13 +0200: Memory Usage (468652K) : vmim_drw has 0 polygons
2026-08-03 15:43:13 +0200: Memory Usage (468652K) : nbulaycut_drw has 0 polygons
2026-08-03 15:43:13 +0200: Memory Usage (468652K) : antmetal1_drw has 0 polygons
2026-08-03 15:43:13 +0200: Memory Usage (468652K) : topvia2_drw has 443 polygons
2026-08-03 15:43:13 +0200: Memory Usage (468652K) : topmetal2_drw has 12 polygons
2026-08-03 15:43:13 +0200: Memory Usage (468652K) : topmetal2_filler has 0 polygons
2026-08-03 15:43:13 +0200: Memory Usage (468652K) : topmetal2_slit has 0 polygons
2026-08-03 15:43:13 +0200: Memory Usage (468652K) : topmetal2 has 12 polygons
2026-08-03 15:43:13 +0200: Memory Usage (468652K) : topmetal2_pin has 12 polygons
2026-08-03 15:43:13 +0200: Memory Usage (468652K) : topmetal2_mask has 0 polygons
2026-08-03 15:43:13 +0200: Memory Usage (468652K) : topmetal2_nofill has 0 polygons
2026-08-03 15:43:13 +0200: Memory Usage (468652K) : topmetal2_text has 12 polygons
2026-08-03 15:43:13 +0200: Memory Usage (468652K) : topmetal2_noqrc has 0 polygons
2026-08-03 15:43:13 +0200: Memory Usage (468652K) : topmetal2_res has 0 polygons
2026-08-03 15:43:13 +0200: Memory Usage (468652K) : topmetal2_iprobe has 0 polygons
2026-08-03 15:43:13 +0200: Memory Usage (468652K) : topmetal2_diffprb has 0 polygons
2026-08-03 15:43:13 +0200: Memory Usage (468652K) : snsring_drw has 0 polygons
2026-08-03 15:43:13 +0200: Memory Usage (468652K) : sensor_drw has 0 polygons
2026-08-03 15:43:13 +0200: Memory Usage (468652K) : snsarms_drw has 0 polygons
2026-08-03 15:43:13 +0200: Memory Usage (468652K) : snscmosvia_drw has 0 polygons
2026-08-03 15:43:13 +0200: Memory Usage (468652K) : colwind_drw has 0 polygons
2026-08-03 15:43:13 +0200: Memory Usage (468652K) : flm_drw has 0 polygons
2026-08-03 15:43:13 +0200: Memory Usage (468652K) : hafniumox_drw has 0 polygons
2026-08-03 15:43:13 +0200: Memory Usage (468652K) : memvia_drw has 0 polygons
2026-08-03 15:43:13 +0200: Memory Usage (468652K) : thinfilmres_drw has 0 polygons
2026-08-03 15:43:13 +0200: Memory Usage (468652K) : rfmem_drw has 0 polygons
2026-08-03 15:43:13 +0200: Memory Usage (468652K) : norcx_drw has 0 polygons
2026-08-03 15:43:13 +0200: Memory Usage (468652K) : norcx_m2m3 has 0 polygons
2026-08-03 15:43:13 +0200: Memory Usage (468652K) : norcx_m2m4 has 0 polygons
2026-08-03 15:43:13 +0200: Memory Usage (468652K) : norcx_m2m5 has 0 polygons
2026-08-03 15:43:13 +0200: Memory Usage (468652K) : norcx_m2tm1 has 0 polygons
2026-08-03 15:43:13 +0200: Memory Usage (468652K) : norcx_m2tm2 has 0 polygons
2026-08-03 15:43:13 +0200: Memory Usage (468652K) : norcx_m3m4 has 0 polygons
2026-08-03 15:43:13 +0200: Memory Usage (468652K) : norcx_m3m5 has 0 polygons
2026-08-03 15:43:13 +0200: Memory Usage (468652K) : norcx_m3tm1 has 0 polygons
2026-08-03 15:43:13 +0200: Memory Usage (468652K) : norcx_m3tm2 has 0 polygons
2026-08-03 15:43:13 +0200: Memory Usage (468652K) : norcx_m4m5 has 0 polygons
2026-08-03 15:43:13 +0200: Memory Usage (468652K) : norcx_m4tm1 has 0 polygons
2026-08-03 15:43:13 +0200: Memory Usage (468652K) : norcx_m4tm2 has 0 polygons
2026-08-03 15:43:13 +0200: Memory Usage (468652K) : norcx_m5tm1 has 0 polygons
2026-08-03 15:43:13 +0200: Memory Usage (468652K) : norcx_m5tm2 has 0 polygons
2026-08-03 15:43:13 +0200: Memory Usage (468652K) : norcx_tm1tm2 has 0 polygons
2026-08-03 15:43:13 +0200: Memory Usage (468652K) : norcx_m1sub has 0 polygons
2026-08-03 15:43:13 +0200: Memory Usage (468652K) : norcx_m2sub has 0 polygons
2026-08-03 15:43:13 +0200: Memory Usage (468652K) : norcx_m3sub has 0 polygons
2026-08-03 15:43:13 +0200: Memory Usage (468652K) : norcx_m4sub has 0 polygons
2026-08-03 15:43:13 +0200: Memory Usage (468652K) : norcx_m5sub has 0 polygons
2026-08-03 15:43:13 +0200: Memory Usage (468652K) : norcx_tm1sub has 0 polygons
2026-08-03 15:43:13 +0200: Memory Usage (468652K) : norcx_tm2sub has 0 polygons
2026-08-03 15:43:13 +0200: Memory Usage (468652K) : snsbotvia_drw has 0 polygons
2026-08-03 15:43:13 +0200: Memory Usage (468652K) : snstopvia_drw has 0 polygons
2026-08-03 15:43:13 +0200: Memory Usage (468652K) : deepvia_drw has 0 polygons
2026-08-03 15:43:13 +0200: Memory Usage (468652K) : fgetch_drw has 0 polygons
2026-08-03 15:43:13 +0200: Memory Usage (468652K) : ctrgat_drw has 0 polygons
2026-08-03 15:43:13 +0200: Memory Usage (468652K) : fgimp_drw has 0 polygons
2026-08-03 15:43:13 +0200: Memory Usage (468652K) : emwihv_drw has 0 polygons
2026-08-03 15:43:13 +0200: Memory Usage (468652K) : lbe_drw has 0 polygons
2026-08-03 15:43:13 +0200: Memory Usage (468652K) : alcustop_drw has 0 polygons
2026-08-03 15:43:13 +0200: Memory Usage (468652K) : nometfiller_drw has 0 polygons
2026-08-03 15:43:13 +0200: Memory Usage (468652K) : prboundary_drw has 0 polygons
2026-08-03 15:43:13 +0200: Memory Usage (468652K) : exchange0_drw has 0 polygons
2026-08-03 15:43:13 +0200: Memory Usage (468780K) : exchange0_pin has 0 polygons
2026-08-03 15:43:13 +0200: Memory Usage (468780K) : exchange0_text has 0 polygons
2026-08-03 15:43:13 +0200: Memory Usage (468780K) : exchange1_drw has 0 polygons
2026-08-03 15:43:13 +0200: Memory Usage (468908K) : exchange1_pin has 0 polygons
2026-08-03 15:43:13 +0200: Memory Usage (468908K) : exchange1_text has 0 polygons
2026-08-03 15:43:13 +0200: Memory Usage (469036K) : exchange2_drw has 0 polygons
2026-08-03 15:43:13 +0200: Memory Usage (469036K) : exchange2_pin has 0 polygons
2026-08-03 15:43:13 +0200: Memory Usage (469164K) : exchange2_text has 0 polygons
2026-08-03 15:43:13 +0200: Memory Usage (469164K) : exchange3_drw has 0 polygons
2026-08-03 15:43:13 +0200: Memory Usage (469292K) : exchange3_pin has 0 polygons
2026-08-03 15:43:13 +0200: Memory Usage (469292K) : exchange3_text has 0 polygons
2026-08-03 15:43:13 +0200: Memory Usage (469420K) : exchange4_drw has 0 polygons
2026-08-03 15:43:13 +0200: Memory Usage (469420K) : exchange4_pin has 0 polygons
2026-08-03 15:43:13 +0200: Memory Usage (469548K) : exchange4_text has 0 polygons
2026-08-03 15:43:13 +0200: Memory Usage (469548K) : isonwell_drw has 0 polygons
2026-08-03 15:43:13 +0200: Memory Usage (469548K) : Total no. of polygons in the design is 38183
2026-08-03 15:43:13 +0200: Memory Usage (469548K) : Starting base layers derivations
2026-08-03 15:43:13 +0200: Memory Usage (469548K) : Starting general LVS derivations
2026-08-03 15:43:13 +0200: Memory Usage (477740K) : Starting MOSFET DERIVATIONS
2026-08-03 15:43:13 +0200: Memory Usage (487340K) : Starting NMOS DERIVATIONS
2026-08-03 15:43:13 +0200: Memory Usage (487340K) : Starting PMOS DERIVATIONS
2026-08-03 15:43:13 +0200: Memory Usage (487340K) : Starting RF-MOSFET DERIVATIONS
2026-08-03 15:43:13 +0200: Memory Usage (487340K) : Starting RF-NMOS DERIVATIONS
2026-08-03 15:43:13 +0200: Memory Usage (487340K) : Starting RF-PMOS DERIVATIONS
2026-08-03 15:43:13 +0200: Memory Usage (487340K) : Starting BJT DERIVATIONS
2026-08-03 15:43:13 +0200: Memory Usage (487340K) : Starting NPN-BJT DERIVATIONS
2026-08-03 15:43:13 +0200: Memory Usage (487340K) : Starting PNP-BJT DERIVATIONS
2026-08-03 15:43:13 +0200: Memory Usage (487340K) : Starting DIODE DERIVATIONS
2026-08-03 15:43:14 +0200: Memory Usage (487340K) : Starting RESISTOR DERIVATIONS
2026-08-03 15:43:14 +0200: Memory Usage (487340K) : Starting CAP DERIVATIONS
2026-08-03 15:43:14 +0200: Memory Usage (487340K) : Starting ESD DERIVATIONS
2026-08-03 15:43:14 +0200: Memory Usage (488364K) : Starting Inductor DERIVATIONS
2026-08-03 15:43:14 +0200: Memory Usage (491948K) : Starting Taps DERIVATIONS
2026-08-03 15:43:14 +0200: Memory Usage (493100K) : Starting SG13G2 LVS connectivity setup
2026-08-03 15:43:14 +0200: Memory Usage (493100K) : Starting SG13G2 LVS connectivity setup (Inter-layer)
2026-08-03 15:43:14 +0200: Memory Usage (493228K) : Starting SG13G2 LVS connectivity setup (Global)
2026-08-03 15:43:14 +0200: Memory Usage (493228K) : Starting LVS MOSFET CONNECTIONS
2026-08-03 15:43:14 +0200: Memory Usage (493228K) : Starting LVS RF-MOSFET CONNECTIONS
2026-08-03 15:43:14 +0200: Memory Usage (493228K) : Starting LVS BJT CONNECTIONS
2026-08-03 15:43:14 +0200: Memory Usage (493228K) : Starting LVS DIODE CONNECTIONS
2026-08-03 15:43:14 +0200: Memory Usage (493228K) : Starting RESISTOR CONNECTIONS
2026-08-03 15:43:14 +0200: Memory Usage (493228K) : Starting LVS CAP CONNECTIONS
2026-08-03 15:43:14 +0200: Memory Usage (493228K) : Starting ESD CONNECTIONS
2026-08-03 15:43:14 +0200: Memory Usage (493228K) : Starting Inductor CONNECTIONS
2026-08-03 15:43:14 +0200: Memory Usage (493228K) : Starting LVS Taps CONNECTIONS
2026-08-03 15:43:14 +0200: Memory Usage (493228K) : Starting SG13G2 LVS DEVICES EXTRACTION
2026-08-03 15:43:14 +0200: Memory Usage (493228K) : Starting MOSFET EXTRACTION
2026-08-03 15:43:14 +0200: Memory Usage (493228K) : Starting NMOS EXTRACTION
2026-08-03 15:43:14 +0200: Memory Usage (493228K) : Extraction of NMOS-LV transistor
2026-08-03 15:43:14 +0200: Memory Usage (493228K) : Extraction of NMOS-HV transistor
2026-08-03 15:43:14 +0200: Memory Usage (493484K) : Starting PMOS EXTRACTION
2026-08-03 15:43:14 +0200: Memory Usage (493484K) : Extraction of PMOS-LV transistor
2026-08-03 15:43:14 +0200: Memory Usage (493484K) : Extraction of PMOS-HV transistor
2026-08-03 15:43:14 +0200: Memory Usage (493484K) : Starting RF-MOSFET EXTRACTION
2026-08-03 15:43:14 +0200: Memory Usage (493484K) : Extraction of RF-NMOS-LV transistor
2026-08-03 15:43:14 +0200: Memory Usage (493484K) : Extraction of RF-NMOS-HV transistor
2026-08-03 15:43:14 +0200: Memory Usage (493484K) : Extraction of RF-PMOS-LV transistor
2026-08-03 15:43:14 +0200: Memory Usage (493484K) : Extraction of RF-PMOS-HV transistor
2026-08-03 15:43:14 +0200: Memory Usage (493484K) : Starting BJT EXTRACTION
2026-08-03 15:43:14 +0200: Memory Usage (493484K) : Starting NPN-BJT EXTRACTION
2026-08-03 15:43:14 +0200: Memory Usage (493484K) : Extraction of npn13G2 BJT transistor
2026-08-03 15:43:14 +0200: Memory Usage (493484K) : Extraction of npn13G2L BJT transistor
2026-08-03 15:43:14 +0200: Memory Usage (493484K) : Extraction of npn13G2V BJT transistor
2026-08-03 15:43:14 +0200: Memory Usage (493484K) : Starting PNP-BJT EXTRACTION
2026-08-03 15:43:14 +0200: Memory Usage (493484K) : Extracting pnpMPA BJT
2026-08-03 15:43:14 +0200: Memory Usage (493484K) : Starting DIODE EXTRACTION
2026-08-03 15:43:14 +0200: Memory Usage (493484K) : Extracting dantenna diode
2026-08-03 15:43:14 +0200: Memory Usage (493484K) : Extracting dpantenna diode
2026-08-03 15:43:14 +0200: Memory Usage (493484K) : Extracting schottky_nbl1 diode
2026-08-03 15:43:14 +0200: Memory Usage (493484K) : Extracting isolbox diode
2026-08-03 15:43:14 +0200: Memory Usage (493484K) : Starting RESISTOR EXTRACTION
2026-08-03 15:43:14 +0200: Memory Usage (493484K) : Extracting rsil resistor
2026-08-03 15:43:14 +0200: Memory Usage (493484K) : Extracting rppd resistor
2026-08-03 15:43:14 +0200: Memory Usage (493484K) : Extracting rhigh resistor
2026-08-03 15:43:14 +0200: Memory Usage (493484K) : Extracting res_metal1 resistor
2026-08-03 15:43:14 +0200: Memory Usage (493484K) : Extracting res_metal2 resistor
2026-08-03 15:43:14 +0200: Memory Usage (493484K) : Extracting res_metal3 resistor
2026-08-03 15:43:14 +0200: Memory Usage (493484K) : Extracting res_metal4 resistor
2026-08-03 15:43:14 +0200: Memory Usage (493484K) : Extracting res_metal5 resistor
2026-08-03 15:43:14 +0200: Memory Usage (493484K) : Extracting res_topmetal1 resistor
2026-08-03 15:43:14 +0200: Memory Usage (493484K) : Extracting res_topmetal2 resistor
2026-08-03 15:43:14 +0200: Memory Usage (493484K) : Starting CAP EXTRACTION
2026-08-03 15:43:14 +0200: Memory Usage (493484K) : Extracting cap_cmim device
2026-08-03 15:43:14 +0200: Memory Usage (493484K) : Extracting rfcmim device
2026-08-03 15:43:14 +0200: Memory Usage (493484K) : Extracting sg13_hv_svaricap varactor
2026-08-03 15:43:14 +0200: Memory Usage (493484K) : Starting ESD EXTRACTION
2026-08-03 15:43:14 +0200: Memory Usage (493484K) : Extracting diodevdd_2kv ESD device
2026-08-03 15:43:14 +0200: Memory Usage (493484K) : Extracting diodevdd_4kv ESD device
2026-08-03 15:43:14 +0200: Memory Usage (493484K) : Extracting diodevss_2kv ESD device
2026-08-03 15:43:14 +0200: Memory Usage (493484K) : Extracting diodevss_4kv ESD device
2026-08-03 15:43:14 +0200: Memory Usage (493484K) : Extracting idiodevdd_2kv ESD device
2026-08-03 15:43:14 +0200: Memory Usage (493484K) : Extracting idiodevdd_4kv ESD device
2026-08-03 15:43:14 +0200: Memory Usage (493484K) : Extracting idiodevss_2kv ESD device
2026-08-03 15:43:14 +0200: Memory Usage (493484K) : Extracting idiodevss_4kv ESD device
2026-08-03 15:43:14 +0200: Memory Usage (493484K) : Extracting nmoscl_2 ESD device
2026-08-03 15:43:14 +0200: Memory Usage (493484K) : Extracting nmoscl_4 ESD device
2026-08-03 15:43:14 +0200: Memory Usage (493484K) : Starting Inductor EXTRACTION
2026-08-03 15:43:14 +0200: Memory Usage (493484K) : Extracting Inductor2 device
2026-08-03 15:43:14 +0200: Memory Usage (493484K) : Extracting Inductor3 device
2026-08-03 15:43:14 +0200: Memory Usage (493484K) : Starting Taps EXTRACTION
2026-08-03 15:43:14 +0200: Memory Usage (493484K) : DISABLE_TAP_EXTRACTION is enabled: skipping ntap1/ptap1 device extraction.
2026-08-03 15:43:14 +0200: Memory Usage (493484K) : Starting SG13G2 LVS RF MOS Model Mapping
2026-08-03 15:43:15 +0200: Memory Usage (493612K) : [layout_netlist] Apply RF MOS model mapping and rfmode parameter.
2026-08-03 15:43:15 +0200: Memory Usage (493612K) : Starting SG13G2 LVS Options Preparations
2026-08-03 15:43:15 +0200: Memory Usage (493612K) : SG13G2 LVS flow: extraction -> alignment -> option preparation -> comparison.
2026-08-03 15:43:15 +0200: Memory Usage (493612K) : Starting SG13G2 LVS Alignment
2026-08-03 15:43:15 +0200: Memory Usage (493740K) : Flattening circuits in both netlists: sg13g2_DCNDiode, sg13g2_DCPDiode, sg13g2_Clamp_*, sg13g2_RCClamp*, sg13g2_GuardRing_*
2026-08-03 15:43:15 +0200: Memory Usage (493740K) : Starting SG13G2 LVS Simplification
2026-08-03 15:43:15 +0200: Memory Usage (493740K) : [layout_netlist] simplify: ENABLED
2026-08-03 15:43:15 +0200: Memory Usage (493740K) : [layout_netlist] make_top_level_pins: SKIPPED
2026-08-03 15:43:15 +0200: Memory Usage (493740K) : [layout_netlist] combine_devices: SKIPPED
2026-08-03 15:43:15 +0200: Memory Usage (493740K) : [layout_netlist] purge: SKIPPED
2026-08-03 15:43:15 +0200: Memory Usage (493740K) : [layout_netlist] purge_nets: SKIPPED
2026-08-03 15:43:15 +0200: Memory Usage (493740K) : [schematic_netlist] simplify: ENABLED
2026-08-03 15:43:15 +0200: Memory Usage (493740K) : [schematic_netlist] make_top_level_pins: SKIPPED
2026-08-03 15:43:15 +0200: Memory Usage (493740K) : [schematic_netlist] combine_devices: SKIPPED
2026-08-03 15:43:15 +0200: Memory Usage (493740K) : [schematic_netlist] purge: SKIPPED
2026-08-03 15:43:15 +0200: Memory Usage (493740K) : [schematic_netlist] purge_nets: SKIPPED
2026-08-03 15:43:15 +0200: Memory Usage (493740K) : Starting SG13G2 LVS Comparison in strict port mode.
2026-08-03 15:43:15 +0200: Memory Usage (493740K) : flag_missing_ports enabled: missing/mislabeled top-level ports are treated as errors.
2026-08-03 15:43:15 +0200: Memory Usage (493740K) : xxxxxxxxxxxxxxxxxxxxxxxxxxxxxxxxxxxxxxxxxx
2026-08-03 15:43:15 +0200: Memory Usage (493740K) : ERROR : Netlists don't match
2026-08-03 15:43:15 +0200: Memory Usage (493740K) : xxxxxxxxxxxxxxxxxxxxxxxxxxxxxxxxxxxxxxxxxx
2026-08-03 15:43:15 +0200: Memory Usage (493740K) : LVS Total Run time 2.613845 seconds
03-Aug-2026 15:43:15 | INFO    | ==============================================================================
03-Aug-2026 15:43:15 | INFO    | Important Summary
03-Aug-2026 15:43:15 | INFO    | +------------------+----------------------------------------------------------------------------------------+
03-Aug-2026 15:43:15 | INFO    | | Status           | FAIL                                                                                   |
03-Aug-2026 15:43:15 | INFO    | | Mode             | COMPARE                                                                                |
03-Aug-2026 15:43:15 | INFO    | | Outcome          | Comparison mode: FAIL (netlists do not match).                                         |
03-Aug-2026 15:43:15 | INFO    | | Layout           | sg13g2_IOPadVdd.gds                                                                    |
03-Aug-2026 15:43:15 | INFO    | | Top Cell         | sg13g2_IOPadVdd                                                                        |
03-Aug-2026 15:43:15 | INFO    | | Results Dir      | /foss/designs/ihp-open-pdk-regression/IOPADS/lvs_sweep/20260803_154308/sg13g2_IOPadVdd |
03-Aug-2026 15:43:15 | INFO    | | Warnings         | 0                                                                                      |
03-Aug-2026 15:43:15 | INFO    | | Errors           | 1                                                                                      |
03-Aug-2026 15:43:15 | INFO    | | Run Time (s)     | 7.008                                                                                  |
03-Aug-2026 15:43:15 | INFO    | +------------------+----------------------------------------------------------------------------------------+
03-Aug-2026 15:43:15 | ERROR   | Key errors:
03-Aug-2026 15:43:15 | ERROR   |   - 2026-08-03 15:43:15 +0200: Memory Usage (493740K) : ERROR : Netlists don't match
03-Aug-2026 15:43:15 | INFO    | ==============================================================================
