# Logfile created on 2026-08-03 18:06:09 +0200 by logger.rb/v1.5.3
2026-08-03 18:06:09 +0200: Memory Usage (455448K) : Starting running SG13G2 Klayout LVS runset on /foss/designs/ihp-open-pdk-regression/IOPADS/layout/sg13g2_IOPadTriOut30mA.gds
2026-08-03 18:06:09 +0200: Memory Usage (455448K) : Ruby Version for klayout: 3.2.3
2026-08-03 18:06:09 +0200: Memory Usage (456856K) : Loading database to memory is complete.
2026-08-03 18:06:09 +0200: Memory Usage (456856K) : SG13G2 Klayout LVS runset output at: /foss/designs/ihp-open-pdk-regression/IOPADS/lvs_sweep/20260803_180423/sg13g2_IOPadTriOut30mA/sg13g2_IOPadTriOut30mA.lvsdb
2026-08-03 18:06:09 +0200: Memory Usage (456856K) : Evaluate switches.
2026-08-03 18:06:09 +0200: Memory Usage (456856K) : Extracted netlist with net names: true
2026-08-03 18:06:09 +0200: Memory Usage (456856K) : Extracted netlist with comments in details: false
2026-08-03 18:06:09 +0200: Memory Usage (456856K) : Selected NET_ONLY option: false
2026-08-03 18:06:09 +0200: Memory Usage (456856K) : Selected LAYOUT_NETLIST option: (none)
2026-08-03 18:06:09 +0200: Memory Usage (456856K) : Selected IGNORE_TOP_PORTS_MISMATCH option: 
2026-08-03 18:06:09 +0200: Memory Usage (456856K) : Selected IMPLICIT_NETS option: iovss,iovdd,vss,vdd,pad,cathode,anode
2026-08-03 18:06:09 +0200: Memory Usage (456856K) : Selected FLATTEN_CELLS option: sg13g2_GuardRing_*
2026-08-03 18:06:09 +0200: Memory Usage (456856K) : Selected TOP_LVL_PINS option: false
2026-08-03 18:06:09 +0200: Memory Usage (456856K) : Selected COMBINE DEVICES option: true
2026-08-03 18:06:09 +0200: Memory Usage (456856K) : Selected PURGE option: false
2026-08-03 18:06:09 +0200: Memory Usage (456856K) : Selected PURGE_NETS option: false
2026-08-03 18:06:09 +0200: Memory Usage (456856K) : Selected SIMPLIFY option: true
2026-08-03 18:06:09 +0200: Memory Usage (456856K) : Selected SERIES_RES option: true
2026-08-03 18:06:09 +0200: Memory Usage (456856K) : Selected PARALLEL_RES option: true
2026-08-03 18:06:09 +0200: Memory Usage (456856K) : Selected DISABLE_TAP_EXTRACTION option: false
2026-08-03 18:06:09 +0200: Memory Usage (456856K) : deep  mode is enabled.
2026-08-03 18:06:09 +0200: Memory Usage (456856K) : Applying implicit connections (case-sensitive, pattern supported) for nets: iovss, iovdd, vss, vdd, pad, cathode, anode
2026-08-03 18:06:09 +0200: Memory Usage (457112K) : Netlist file: /foss/designs/ihp-open-pdk-regression/IOPADS/netlist/pads_dev/sg13g2_IOPadTriOut30mA.spi
2026-08-03 18:06:09 +0200: Memory Usage (457112K) : LVS extracted netlist at: /foss/designs/ihp-open-pdk-regression/IOPADS/lvs_sweep/20260803_180423/sg13g2_IOPadTriOut30mA/sg13g2_IOPadTriOut30mA_extracted.cir
2026-08-03 18:06:09 +0200: Memory Usage (457112K) : Applying SRAM integration support.
2026-08-03 18:06:09 +0200: Memory Usage (457112K) : Starting SG13G2 LVS runset
2026-08-03 18:06:09 +0200: Memory Usage (457112K) : Read in polygons from layers.
2026-08-03 18:06:09 +0200: Memory Usage (459032K) : activ_drw has 95 polygons
2026-08-03 18:06:09 +0200: Memory Usage (459160K) : activ_filler has 0 polygons
2026-08-03 18:06:09 +0200: Memory Usage (459288K) : activ has 95 polygons
2026-08-03 18:06:09 +0200: Memory Usage (459288K) : activ_pin has 0 polygons
2026-08-03 18:06:09 +0200: Memory Usage (459288K) : activ_mask has 0 polygons
2026-08-03 18:06:09 +0200: Memory Usage (459288K) : activ_nofill has 0 polygons
2026-08-03 18:06:09 +0200: Memory Usage (459288K) : activ_OPC has 0 polygons
2026-08-03 18:06:09 +0200: Memory Usage (459416K) : activ_iOPC has 0 polygons
2026-08-03 18:06:09 +0200: Memory Usage (459544K) : activ_noqrc has 0 polygons
2026-08-03 18:06:09 +0200: Memory Usage (459544K) : biwind_drw has 0 polygons
2026-08-03 18:06:09 +0200: Memory Usage (459672K) : biwind_OPC has 0 polygons
2026-08-03 18:06:09 +0200: Memory Usage (459672K) : gatpoly_drw has 61 polygons
2026-08-03 18:06:09 +0200: Memory Usage (459800K) : gatpoly_filler has 0 polygons
2026-08-03 18:06:09 +0200: Memory Usage (459800K) : gatpoly has 61 polygons
2026-08-03 18:06:09 +0200: Memory Usage (459928K) : gatpoly_pin has 0 polygons
2026-08-03 18:06:09 +0200: Memory Usage (459928K) : gatpoly_nofill has 0 polygons
2026-08-03 18:06:09 +0200: Memory Usage (460056K) : gatpoly_OPC has 0 polygons
2026-08-03 18:06:09 +0200: Memory Usage (460056K) : gatpoly_iOPC has 0 polygons
2026-08-03 18:06:09 +0200: Memory Usage (460184K) : gatpoly_noqrc has 0 polygons
2026-08-03 18:06:09 +0200: Memory Usage (461720K) : cont_drw has 46492 polygons
2026-08-03 18:06:09 +0200: Memory Usage (461720K) : cont_OPC has 0 polygons
2026-08-03 18:06:09 +0200: Memory Usage (461720K) : nsd_drw has 0 polygons
2026-08-03 18:06:09 +0200: Memory Usage (461720K) : nsd_block has 0 polygons
2026-08-03 18:06:09 +0200: Memory Usage (461720K) : metal1_drw has 349 polygons
2026-08-03 18:06:09 +0200: Memory Usage (461720K) : metal1_filler has 0 polygons
2026-08-03 18:06:09 +0200: Memory Usage (461720K) : metal1_slit has 0 polygons
2026-08-03 18:06:09 +0200: Memory Usage (461976K) : metal1 has 349 polygons
2026-08-03 18:06:09 +0200: Memory Usage (461976K) : metal1_pin has 42 polygons
2026-08-03 18:06:09 +0200: Memory Usage (461976K) : metal1_mask has 0 polygons
2026-08-03 18:06:09 +0200: Memory Usage (461976K) : metal1_nofill has 0 polygons
2026-08-03 18:06:09 +0200: Memory Usage (462232K) : metal1_text has 42 polygons
2026-08-03 18:06:09 +0200: Memory Usage (462232K) : metal1_OPC has 0 polygons
2026-08-03 18:06:09 +0200: Memory Usage (462360K) : metal1_noqrc has 0 polygons
2026-08-03 18:06:09 +0200: Memory Usage (462488K) : metal1_res has 0 polygons
2026-08-03 18:06:09 +0200: Memory Usage (462488K) : metal1_iprobe has 0 polygons
2026-08-03 18:06:09 +0200: Memory Usage (462616K) : metal1_diffprb has 0 polygons
2026-08-03 18:06:09 +0200: Memory Usage (462616K) : passiv_drw has 0 polygons
2026-08-03 18:06:09 +0200: Memory Usage (462616K) : passiv_pin has 0 polygons
2026-08-03 18:06:09 +0200: Memory Usage (462744K) : passiv_sbump has 0 polygons
2026-08-03 18:06:09 +0200: Memory Usage (462744K) : passiv_pillar has 0 polygons
2026-08-03 18:06:09 +0200: Memory Usage (462872K) : passiv_pdl has 0 polygons
2026-08-03 18:06:09 +0200: Memory Usage (462872K) : metal2_drw has 95 polygons
2026-08-03 18:06:09 +0200: Memory Usage (463000K) : metal2_filler has 0 polygons
2026-08-03 18:06:09 +0200: Memory Usage (463128K) : metal2_slit has 0 polygons
2026-08-03 18:06:09 +0200: Memory Usage (463128K) : metal2 has 95 polygons
2026-08-03 18:06:09 +0200: Memory Usage (463256K) : metal2_pin has 30 polygons
2026-08-03 18:06:09 +0200: Memory Usage (463256K) : metal2_mask has 0 polygons
2026-08-03 18:06:09 +0200: Memory Usage (463384K) : metal2_nofill has 0 polygons
2026-08-03 18:06:09 +0200: Memory Usage (463384K) : metal2_text has 29 polygons
2026-08-03 18:06:09 +0200: Memory Usage (463512K) : metal2_OPC has 0 polygons
2026-08-03 18:06:09 +0200: Memory Usage (463512K) : metal2_noqrc has 0 polygons
2026-08-03 18:06:09 +0200: Memory Usage (463640K) : metal2_res has 0 polygons
2026-08-03 18:06:09 +0200: Memory Usage (463640K) : metal2_iprobe has 0 polygons
2026-08-03 18:06:09 +0200: Memory Usage (463768K) : metal2_diffprb has 0 polygons
2026-08-03 18:06:09 +0200: Memory Usage (463768K) : baspoly_drw has 0 polygons
2026-08-03 18:06:09 +0200: Memory Usage (463896K) : baspoly_pin has 0 polygons
2026-08-03 18:06:09 +0200: Memory Usage (463896K) : psd_drw has 38 polygons
2026-08-03 18:06:09 +0200: Memory Usage (464024K) : nldb_drw has 0 polygons
2026-08-03 18:06:09 +0200: Memory Usage (464152K) : digibnd_drw has 0 polygons
2026-08-03 18:06:09 +0200: Memory Usage (464152K) : via1_drw has 1846 polygons
2026-08-03 18:06:09 +0200: Memory Usage (464280K) : backmetal1_drw has 0 polygons
2026-08-03 18:06:09 +0200: Memory Usage (464408K) : backmetal1_pin has 0 polygons
2026-08-03 18:06:09 +0200: Memory Usage (464408K) : backmetal1_mask has 0 polygons
2026-08-03 18:06:09 +0200: Memory Usage (464536K) : backmetal1_filler has 0 polygons
2026-08-03 18:06:09 +0200: Memory Usage (464536K) : backmetal1_nofill has 0 polygons
2026-08-03 18:06:09 +0200: Memory Usage (464664K) : backmetal1_slit has 0 polygons
2026-08-03 18:06:09 +0200: Memory Usage (464664K) : backmetal1_text has 0 polygons
2026-08-03 18:06:09 +0200: Memory Usage (464792K) : backmetal1_OPC has 0 polygons
2026-08-03 18:06:09 +0200: Memory Usage (464920K) : backmetal1_noqrc has 0 polygons
2026-08-03 18:06:09 +0200: Memory Usage (464920K) : backmetal1_res has 0 polygons
2026-08-03 18:06:09 +0200: Memory Usage (465048K) : backmetal1_iprobe has 0 polygons
2026-08-03 18:06:09 +0200: Memory Usage (465048K) : backmetal1_diffprb has 0 polygons
2026-08-03 18:06:09 +0200: Memory Usage (465176K) : backpassiv_drw has 0 polygons
2026-08-03 18:06:09 +0200: Memory Usage (465176K) : res_drw has 0 polygons
2026-08-03 18:06:09 +0200: Memory Usage (465304K) : sram_drw has 0 polygons
2026-08-03 18:06:09 +0200: Memory Usage (465304K) : trans_drw has 0 polygons
2026-08-03 18:06:09 +0200: Memory Usage (465432K) : ind_drw has 0 polygons
2026-08-03 18:06:09 +0200: Memory Usage (465432K) : ind_pin has 0 polygons
2026-08-03 18:06:09 +0200: Memory Usage (465432K) : ind_text has 0 polygons
2026-08-03 18:06:09 +0200: Memory Usage (465560K) : salblock_drw has 0 polygons
2026-08-03 18:06:09 +0200: Memory Usage (465560K) : via2_drw has 1654 polygons
2026-08-03 18:06:09 +0200: Memory Usage (465688K) : metal3_drw has 26 polygons
2026-08-03 18:06:09 +0200: Memory Usage (465816K) : metal3_filler has 0 polygons
2026-08-03 18:06:09 +0200: Memory Usage (465816K) : metal3_slit has 0 polygons
2026-08-03 18:06:09 +0200: Memory Usage (465944K) : metal3 has 26 polygons
2026-08-03 18:06:09 +0200: Memory Usage (465944K) : metal3_pin has 10 polygons
2026-08-03 18:06:09 +0200: Memory Usage (466072K) : metal3_mask has 0 polygons
2026-08-03 18:06:09 +0200: Memory Usage (466072K) : metal3_nofill has 0 polygons
2026-08-03 18:06:09 +0200: Memory Usage (466200K) : metal3_text has 10 polygons
2026-08-03 18:06:09 +0200: Memory Usage (466200K) : metal3_OPC has 0 polygons
2026-08-03 18:06:09 +0200: Memory Usage (466328K) : metal3_noqrc has 0 polygons
2026-08-03 18:06:09 +0200: Memory Usage (466328K) : metal3_res has 0 polygons
2026-08-03 18:06:09 +0200: Memory Usage (466456K) : metal3_iprobe has 0 polygons
2026-08-03 18:06:09 +0200: Memory Usage (466456K) : metal3_diffprb has 0 polygons
2026-08-03 18:06:09 +0200: Memory Usage (466584K) : nwell_drw has 25 polygons
2026-08-03 18:06:09 +0200: Memory Usage (466584K) : nwell_pin has 0 polygons
2026-08-03 18:06:09 +0200: Memory Usage (466712K) : nwell_text has 0 polygons
2026-08-03 18:06:09 +0200: Memory Usage (466712K) : nbulay_drw has 0 polygons
2026-08-03 18:06:09 +0200: Memory Usage (466712K) : nbulay_pin has 0 polygons
2026-08-03 18:06:09 +0200: Memory Usage (466840K) : nbulay_block has 0 polygons
2026-08-03 18:06:09 +0200: Memory Usage (466840K) : emwind_drw has 0 polygons
2026-08-03 18:06:09 +0200: Memory Usage (466968K) : emwind_OPC has 0 polygons
2026-08-03 18:06:09 +0200: Memory Usage (466968K) : deepco_drw has 0 polygons
2026-08-03 18:06:09 +0200: Memory Usage (467096K) : mim_drw has 0 polygons
2026-08-03 18:06:09 +0200: Memory Usage (467096K) : edgeseal_drw has 0 polygons
2026-08-03 18:06:09 +0200: Memory Usage (467224K) : substrate_drw has 23 polygons
2026-08-03 18:06:09 +0200: Memory Usage (467224K) : substrate_text has 0 polygons
2026-08-03 18:06:09 +0200: Memory Usage (467352K) : dfpad_drw has 0 polygons
2026-08-03 18:06:09 +0200: Memory Usage (467352K) : dfpad_pillar has 0 polygons
2026-08-03 18:06:09 +0200: Memory Usage (467480K) : dfpad_sbump has 0 polygons
2026-08-03 18:06:09 +0200: Memory Usage (467480K) : thickgateox_drw has 4 polygons
2026-08-03 18:06:09 +0200: Memory Usage (467608K) : pldb_drw has 0 polygons
2026-08-03 18:06:09 +0200: Memory Usage (467608K) : pwell_drw has 0 polygons
2026-08-03 18:06:09 +0200: Memory Usage (467736K) : pwell_pin has 0 polygons
2026-08-03 18:06:09 +0200: Memory Usage (467736K) : pwell_block has 0 polygons
2026-08-03 18:06:09 +0200: Memory Usage (467864K) : ic_drw has 0 polygons
2026-08-03 18:06:09 +0200: Memory Usage (467864K) : via3_drw has 2087 polygons
2026-08-03 18:06:09 +0200: Memory Usage (467992K) : metal4_drw has 8 polygons
2026-08-03 18:06:09 +0200: Memory Usage (467992K) : metal4_filler has 0 polygons
2026-08-03 18:06:10 +0200: Memory Usage (468120K) : metal4_slit has 0 polygons
2026-08-03 18:06:10 +0200: Memory Usage (468248K) : metal4 has 8 polygons
2026-08-03 18:06:10 +0200: Memory Usage (468248K) : metal4_pin has 8 polygons
2026-08-03 18:06:10 +0200: Memory Usage (468248K) : metal4_mask has 0 polygons
2026-08-03 18:06:10 +0200: Memory Usage (468376K) : metal4_nofill has 0 polygons
2026-08-03 18:06:10 +0200: Memory Usage (468376K) : metal4_text has 8 polygons
2026-08-03 18:06:10 +0200: Memory Usage (468504K) : metal4_OPC has 0 polygons
2026-08-03 18:06:10 +0200: Memory Usage (468504K) : metal4_noqrc has 0 polygons
2026-08-03 18:06:10 +0200: Memory Usage (468632K) : metal4_res has 0 polygons
2026-08-03 18:06:10 +0200: Memory Usage (468632K) : metal4_iprobe has 0 polygons
2026-08-03 18:06:10 +0200: Memory Usage (468760K) : metal4_diffprb has 0 polygons
2026-08-03 18:06:10 +0200: Memory Usage (468760K) : heattrans_drw has 0 polygons
2026-08-03 18:06:10 +0200: Memory Usage (468888K) : heatres_drw has 0 polygons
2026-08-03 18:06:10 +0200: Memory Usage (468888K) : fbe_drw has 0 polygons
2026-08-03 18:06:10 +0200: Memory Usage (469016K) : empoly_drw has 0 polygons
2026-08-03 18:06:10 +0200: Memory Usage (469016K) : digisub_drw has 0 polygons
2026-08-03 18:06:10 +0200: Memory Usage (469144K) : text_drw has 17 polygons
2026-08-03 18:06:10 +0200: Memory Usage (469144K) : via4_drw has 2371 polygons
2026-08-03 18:06:10 +0200: Memory Usage (469272K) : metal5_drw has 8 polygons
2026-08-03 18:06:10 +0200: Memory Usage (469272K) : metal5_filler has 0 polygons
2026-08-03 18:06:10 +0200: Memory Usage (469400K) : metal5_slit has 0 polygons
2026-08-03 18:06:10 +0200: Memory Usage (469528K) : metal5 has 8 polygons
2026-08-03 18:06:10 +0200: Memory Usage (469528K) : metal5_pin has 8 polygons
2026-08-03 18:06:10 +0200: Memory Usage (469656K) : metal5_mask has 0 polygons
2026-08-03 18:06:10 +0200: Memory Usage (469656K) : metal5_nofill has 0 polygons
2026-08-03 18:06:10 +0200: Memory Usage (469784K) : metal5_text has 8 polygons
2026-08-03 18:06:10 +0200: Memory Usage (469784K) : metal5_OPC has 0 polygons
2026-08-03 18:06:10 +0200: Memory Usage (469912K) : metal5_noqrc has 0 polygons
2026-08-03 18:06:10 +0200: Memory Usage (469912K) : metal5_res has 0 polygons
2026-08-03 18:06:10 +0200: Memory Usage (470040K) : metal5_iprobe has 0 polygons
2026-08-03 18:06:10 +0200: Memory Usage (470040K) : metal5_diffprb has 0 polygons
2026-08-03 18:06:10 +0200: Memory Usage (470040K) : radhard_drw has 0 polygons
2026-08-03 18:06:10 +0200: Memory Usage (470040K) : memcap_drw has 0 polygons
2026-08-03 18:06:10 +0200: Memory Usage (470040K) : varicap_drw has 0 polygons
2026-08-03 18:06:10 +0200: Memory Usage (470040K) : intbondvia_drw has 0 polygons
2026-08-03 18:06:10 +0200: Memory Usage (470040K) : intbondmet_drw has 0 polygons
2026-08-03 18:06:10 +0200: Memory Usage (470040K) : devbondvia_drw has 0 polygons
2026-08-03 18:06:10 +0200: Memory Usage (470040K) : devbondmet_drw has 0 polygons
2026-08-03 18:06:10 +0200: Memory Usage (470040K) : devtrench_drw has 0 polygons
2026-08-03 18:06:10 +0200: Memory Usage (470040K) : redist_drw has 0 polygons
2026-08-03 18:06:10 +0200: Memory Usage (470040K) : graphbot_drw has 0 polygons
2026-08-03 18:06:10 +0200: Memory Usage (470040K) : graphtop_drw has 0 polygons
2026-08-03 18:06:10 +0200: Memory Usage (470040K) : antvia1_drw has 0 polygons
2026-08-03 18:06:10 +0200: Memory Usage (470040K) : antmetal2_drw has 0 polygons
2026-08-03 18:06:10 +0200: Memory Usage (470040K) : graphcont_drw has 0 polygons
2026-08-03 18:06:10 +0200: Memory Usage (470040K) : siwg_drw has 0 polygons
2026-08-03 18:06:10 +0200: Memory Usage (470040K) : siwg_filler has 0 polygons
2026-08-03 18:06:10 +0200: Memory Usage (470040K) : siwg_nofill has 0 polygons
2026-08-03 18:06:10 +0200: Memory Usage (470040K) : sigrating_drw has 0 polygons
2026-08-03 18:06:10 +0200: Memory Usage (470040K) : singrating_drw has 0 polygons
2026-08-03 18:06:10 +0200: Memory Usage (470040K) : graphpas_drw has 0 polygons
2026-08-03 18:06:10 +0200: Memory Usage (470040K) : emwind3_drw has 0 polygons
2026-08-03 18:06:10 +0200: Memory Usage (470040K) : emwihv3_drw has 0 polygons
2026-08-03 18:06:10 +0200: Memory Usage (470040K) : redbulay_drw has 0 polygons
2026-08-03 18:06:10 +0200: Memory Usage (470040K) : smos_drw has 0 polygons
2026-08-03 18:06:10 +0200: Memory Usage (470040K) : graphpad_drw has 0 polygons
2026-08-03 18:06:10 +0200: Memory Usage (470040K) : polimide_drw has 0 polygons
2026-08-03 18:06:10 +0200: Memory Usage (470040K) : polimide_pin has 0 polygons
2026-08-03 18:06:10 +0200: Memory Usage (470040K) : recog_drw has 0 polygons
2026-08-03 18:06:10 +0200: Memory Usage (470040K) : recog_pin has 0 polygons
2026-08-03 18:06:10 +0200: Memory Usage (470040K) : recog_esd has 0 polygons
2026-08-03 18:06:10 +0200: Memory Usage (470040K) : recog_diode has 7 polygons
2026-08-03 18:06:10 +0200: Memory Usage (470040K) : recog_tsv has 0 polygons
2026-08-03 18:06:10 +0200: Memory Usage (470040K) : recog_iprobe has 0 polygons
2026-08-03 18:06:10 +0200: Memory Usage (470040K) : recog_diffprb has 0 polygons
2026-08-03 18:06:10 +0200: Memory Usage (470040K) : recog_pillar has 0 polygons
2026-08-03 18:06:10 +0200: Memory Usage (470040K) : recog_sbump has 0 polygons
2026-08-03 18:06:10 +0200: Memory Usage (470040K) : recog_otp has 0 polygons
2026-08-03 18:06:10 +0200: Memory Usage (470040K) : recog_pdiode has 0 polygons
2026-08-03 18:06:10 +0200: Memory Usage (470040K) : recog_mom has 0 polygons
2026-08-03 18:06:10 +0200: Memory Usage (470040K) : recog_pcm has 0 polygons
2026-08-03 18:06:10 +0200: Memory Usage (470040K) : colopen_drw has 0 polygons
2026-08-03 18:06:10 +0200: Memory Usage (470040K) : graphmetal1_drw has 0 polygons
2026-08-03 18:06:10 +0200: Memory Usage (470040K) : graphmetal1_filler has 0 polygons
2026-08-03 18:06:10 +0200: Memory Usage (470040K) : graphmetal1_nofill has 0 polygons
2026-08-03 18:06:10 +0200: Memory Usage (470040K) : graphmetal1_slit has 0 polygons
2026-08-03 18:06:10 +0200: Memory Usage (470040K) : graphmetal1_OPC has 0 polygons
2026-08-03 18:06:10 +0200: Memory Usage (470040K) : graphmet1l_drw has 0 polygons
2026-08-03 18:06:10 +0200: Memory Usage (470040K) : graphmet1l_filler has 0 polygons
2026-08-03 18:06:10 +0200: Memory Usage (470040K) : graphmet1l_nofill has 0 polygons
2026-08-03 18:06:10 +0200: Memory Usage (470040K) : graphmet1l_slit has 0 polygons
2026-08-03 18:06:10 +0200: Memory Usage (470040K) : graphmet1l_OPC has 0 polygons
2026-08-03 18:06:10 +0200: Memory Usage (470040K) : extblock_drw has 0 polygons
2026-08-03 18:06:10 +0200: Memory Usage (470040K) : nldd_drw has 0 polygons
2026-08-03 18:06:10 +0200: Memory Usage (470040K) : pldd_drw has 0 polygons
2026-08-03 18:06:10 +0200: Memory Usage (470040K) : next_drw has 0 polygons
2026-08-03 18:06:10 +0200: Memory Usage (470040K) : pext_drw has 0 polygons
2026-08-03 18:06:10 +0200: Memory Usage (470040K) : nexthv_drw has 0 polygons
2026-08-03 18:06:10 +0200: Memory Usage (470040K) : pexthv_drw has 0 polygons
2026-08-03 18:06:10 +0200: Memory Usage (470040K) : graphgate_drw has 0 polygons
2026-08-03 18:06:10 +0200: Memory Usage (470040K) : sinwg_drw has 0 polygons
2026-08-03 18:06:10 +0200: Memory Usage (470040K) : sinwg_filler has 0 polygons
2026-08-03 18:06:10 +0200: Memory Usage (470040K) : sinwg_nofill has 0 polygons
2026-08-03 18:06:10 +0200: Memory Usage (470040K) : mempad_drw has 0 polygons
2026-08-03 18:06:10 +0200: Memory Usage (470040K) : topvia1_drw has 2315 polygons
2026-08-03 18:06:10 +0200: Memory Usage (470040K) : topmetal1_drw has 8 polygons
2026-08-03 18:06:10 +0200: Memory Usage (470040K) : topmetal1_filler has 0 polygons
2026-08-03 18:06:10 +0200: Memory Usage (470040K) : topmetal1_slit has 0 polygons
2026-08-03 18:06:10 +0200: Memory Usage (470040K) : topmetal1 has 8 polygons
2026-08-03 18:06:10 +0200: Memory Usage (470040K) : topmetal1_pin has 8 polygons
2026-08-03 18:06:10 +0200: Memory Usage (470040K) : topmetal1_mask has 0 polygons
2026-08-03 18:06:10 +0200: Memory Usage (470040K) : topmetal1_nofill has 0 polygons
2026-08-03 18:06:10 +0200: Memory Usage (470040K) : topmetal1_text has 8 polygons
2026-08-03 18:06:10 +0200: Memory Usage (470040K) : topmetal1_noqrc has 0 polygons
2026-08-03 18:06:10 +0200: Memory Usage (470040K) : topmetal1_res has 0 polygons
2026-08-03 18:06:10 +0200: Memory Usage (470040K) : topmetal1_iprobe has 0 polygons
2026-08-03 18:06:10 +0200: Memory Usage (470040K) : topmetal1_diffprb has 0 polygons
2026-08-03 18:06:10 +0200: Memory Usage (470040K) : inldpwl_drw has 0 polygons
2026-08-03 18:06:10 +0200: Memory Usage (470040K) : polyres_drw has 0 polygons
2026-08-03 18:06:10 +0200: Memory Usage (470040K) : polyres_pin has 0 polygons
2026-08-03 18:06:10 +0200: Memory Usage (470040K) : vmim_drw has 0 polygons
2026-08-03 18:06:10 +0200: Memory Usage (470040K) : nbulaycut_drw has 0 polygons
2026-08-03 18:06:10 +0200: Memory Usage (470040K) : antmetal1_drw has 0 polygons
2026-08-03 18:06:10 +0200: Memory Usage (470040K) : topvia2_drw has 1593 polygons
2026-08-03 18:06:10 +0200: Memory Usage (470040K) : topmetal2_drw has 6 polygons
2026-08-03 18:06:10 +0200: Memory Usage (470040K) : topmetal2_filler has 0 polygons
2026-08-03 18:06:10 +0200: Memory Usage (470040K) : topmetal2_slit has 0 polygons
2026-08-03 18:06:10 +0200: Memory Usage (470040K) : topmetal2 has 6 polygons
2026-08-03 18:06:10 +0200: Memory Usage (470040K) : topmetal2_pin has 6 polygons
2026-08-03 18:06:10 +0200: Memory Usage (470040K) : topmetal2_mask has 0 polygons
2026-08-03 18:06:10 +0200: Memory Usage (470040K) : topmetal2_nofill has 0 polygons
2026-08-03 18:06:10 +0200: Memory Usage (470040K) : topmetal2_text has 6 polygons
2026-08-03 18:06:10 +0200: Memory Usage (470040K) : topmetal2_noqrc has 0 polygons
2026-08-03 18:06:10 +0200: Memory Usage (470040K) : topmetal2_res has 0 polygons
2026-08-03 18:06:10 +0200: Memory Usage (470040K) : topmetal2_iprobe has 0 polygons
2026-08-03 18:06:10 +0200: Memory Usage (470040K) : topmetal2_diffprb has 0 polygons
2026-08-03 18:06:10 +0200: Memory Usage (470040K) : snsring_drw has 0 polygons
2026-08-03 18:06:10 +0200: Memory Usage (470040K) : sensor_drw has 0 polygons
2026-08-03 18:06:10 +0200: Memory Usage (470040K) : snsarms_drw has 0 polygons
2026-08-03 18:06:10 +0200: Memory Usage (470040K) : snscmosvia_drw has 0 polygons
2026-08-03 18:06:10 +0200: Memory Usage (470040K) : colwind_drw has 0 polygons
2026-08-03 18:06:10 +0200: Memory Usage (470040K) : flm_drw has 0 polygons
2026-08-03 18:06:10 +0200: Memory Usage (470040K) : hafniumox_drw has 0 polygons
2026-08-03 18:06:10 +0200: Memory Usage (470040K) : memvia_drw has 0 polygons
2026-08-03 18:06:10 +0200: Memory Usage (470040K) : thinfilmres_drw has 0 polygons
2026-08-03 18:06:10 +0200: Memory Usage (470040K) : rfmem_drw has 0 polygons
2026-08-03 18:06:10 +0200: Memory Usage (470040K) : norcx_drw has 0 polygons
2026-08-03 18:06:10 +0200: Memory Usage (470040K) : norcx_m2m3 has 0 polygons
2026-08-03 18:06:10 +0200: Memory Usage (470040K) : norcx_m2m4 has 0 polygons
2026-08-03 18:06:10 +0200: Memory Usage (470040K) : norcx_m2m5 has 0 polygons
2026-08-03 18:06:10 +0200: Memory Usage (470040K) : norcx_m2tm1 has 0 polygons
2026-08-03 18:06:10 +0200: Memory Usage (470040K) : norcx_m2tm2 has 0 polygons
2026-08-03 18:06:10 +0200: Memory Usage (470040K) : norcx_m3m4 has 0 polygons
2026-08-03 18:06:10 +0200: Memory Usage (470040K) : norcx_m3m5 has 0 polygons
2026-08-03 18:06:10 +0200: Memory Usage (470040K) : norcx_m3tm1 has 0 polygons
2026-08-03 18:06:10 +0200: Memory Usage (470040K) : norcx_m3tm2 has 0 polygons
2026-08-03 18:06:10 +0200: Memory Usage (470040K) : norcx_m4m5 has 0 polygons
2026-08-03 18:06:10 +0200: Memory Usage (470040K) : norcx_m4tm1 has 0 polygons
2026-08-03 18:06:10 +0200: Memory Usage (470040K) : norcx_m4tm2 has 0 polygons
2026-08-03 18:06:10 +0200: Memory Usage (470040K) : norcx_m5tm1 has 0 polygons
2026-08-03 18:06:10 +0200: Memory Usage (470040K) : norcx_m5tm2 has 0 polygons
2026-08-03 18:06:10 +0200: Memory Usage (470040K) : norcx_tm1tm2 has 0 polygons
2026-08-03 18:06:10 +0200: Memory Usage (470040K) : norcx_m1sub has 0 polygons
2026-08-03 18:06:10 +0200: Memory Usage (470040K) : norcx_m2sub has 0 polygons
2026-08-03 18:06:10 +0200: Memory Usage (470040K) : norcx_m3sub has 0 polygons
2026-08-03 18:06:10 +0200: Memory Usage (470040K) : norcx_m4sub has 0 polygons
2026-08-03 18:06:10 +0200: Memory Usage (470040K) : norcx_m5sub has 0 polygons
2026-08-03 18:06:10 +0200: Memory Usage (470040K) : norcx_tm1sub has 0 polygons
2026-08-03 18:06:10 +0200: Memory Usage (470040K) : norcx_tm2sub has 0 polygons
2026-08-03 18:06:10 +0200: Memory Usage (470040K) : snsbotvia_drw has 0 polygons
2026-08-03 18:06:10 +0200: Memory Usage (470040K) : snstopvia_drw has 0 polygons
2026-08-03 18:06:10 +0200: Memory Usage (470040K) : deepvia_drw has 0 polygons
2026-08-03 18:06:10 +0200: Memory Usage (470040K) : fgetch_drw has 0 polygons
2026-08-03 18:06:10 +0200: Memory Usage (470040K) : ctrgat_drw has 0 polygons
2026-08-03 18:06:10 +0200: Memory Usage (470040K) : fgimp_drw has 0 polygons
2026-08-03 18:06:10 +0200: Memory Usage (470040K) : emwihv_drw has 0 polygons
2026-08-03 18:06:10 +0200: Memory Usage (470040K) : lbe_drw has 0 polygons
2026-08-03 18:06:10 +0200: Memory Usage (470040K) : alcustop_drw has 0 polygons
2026-08-03 18:06:10 +0200: Memory Usage (470040K) : nometfiller_drw has 0 polygons
2026-08-03 18:06:10 +0200: Memory Usage (470040K) : prboundary_drw has 0 polygons
2026-08-03 18:06:10 +0200: Memory Usage (470168K) : exchange0_drw has 0 polygons
2026-08-03 18:06:10 +0200: Memory Usage (470168K) : exchange0_pin has 0 polygons
2026-08-03 18:06:10 +0200: Memory Usage (470296K) : exchange0_text has 0 polygons
2026-08-03 18:06:10 +0200: Memory Usage (470296K) : exchange1_drw has 0 polygons
2026-08-03 18:06:10 +0200: Memory Usage (470424K) : exchange1_pin has 0 polygons
2026-08-03 18:06:10 +0200: Memory Usage (470424K) : exchange1_text has 0 polygons
2026-08-03 18:06:10 +0200: Memory Usage (470552K) : exchange2_drw has 0 polygons
2026-08-03 18:06:10 +0200: Memory Usage (470552K) : exchange2_pin has 0 polygons
2026-08-03 18:06:10 +0200: Memory Usage (470552K) : exchange2_text has 0 polygons
2026-08-03 18:06:10 +0200: Memory Usage (470680K) : exchange3_drw has 0 polygons
2026-08-03 18:06:10 +0200: Memory Usage (470680K) : exchange3_pin has 0 polygons
2026-08-03 18:06:10 +0200: Memory Usage (470808K) : exchange3_text has 0 polygons
2026-08-03 18:06:10 +0200: Memory Usage (470808K) : exchange4_drw has 0 polygons
2026-08-03 18:06:10 +0200: Memory Usage (470936K) : exchange4_pin has 0 polygons
2026-08-03 18:06:10 +0200: Memory Usage (470936K) : exchange4_text has 0 polygons
2026-08-03 18:06:10 +0200: Memory Usage (471064K) : isonwell_drw has 0 polygons
2026-08-03 18:06:10 +0200: Memory Usage (471064K) : Total no. of polygons in the design is 59351
2026-08-03 18:06:10 +0200: Memory Usage (471064K) : Starting base layers derivations
2026-08-03 18:06:10 +0200: Memory Usage (471064K) : Starting general LVS derivations
2026-08-03 18:06:10 +0200: Memory Usage (476824K) : Starting MOSFET DERIVATIONS
2026-08-03 18:06:11 +0200: Memory Usage (477404K) : Starting NMOS DERIVATIONS
2026-08-03 18:06:11 +0200: Memory Usage (477404K) : Starting PMOS DERIVATIONS
2026-08-03 18:06:11 +0200: Memory Usage (477404K) : Starting RF-MOSFET DERIVATIONS
2026-08-03 18:06:11 +0200: Memory Usage (477404K) : Starting RF-NMOS DERIVATIONS
2026-08-03 18:06:11 +0200: Memory Usage (477404K) : Starting RF-PMOS DERIVATIONS
2026-08-03 18:06:11 +0200: Memory Usage (477404K) : Starting BJT DERIVATIONS
2026-08-03 18:06:11 +0200: Memory Usage (477404K) : Starting NPN-BJT DERIVATIONS
2026-08-03 18:06:11 +0200: Memory Usage (477404K) : Starting PNP-BJT DERIVATIONS
2026-08-03 18:06:11 +0200: Memory Usage (477404K) : Starting DIODE DERIVATIONS
2026-08-03 18:06:11 +0200: Memory Usage (477720K) : Starting RESISTOR DERIVATIONS
2026-08-03 18:06:11 +0200: Memory Usage (477720K) : Starting CAP DERIVATIONS
2026-08-03 18:06:12 +0200: Memory Usage (477720K) : Starting ESD DERIVATIONS
2026-08-03 18:06:12 +0200: Memory Usage (482840K) : Starting Inductor DERIVATIONS
2026-08-03 18:06:12 +0200: Memory Usage (482840K) : Starting Taps DERIVATIONS
2026-08-03 18:06:12 +0200: Memory Usage (482840K) : Starting SG13G2 LVS connectivity setup
2026-08-03 18:06:12 +0200: Memory Usage (482840K) : Starting SG13G2 LVS connectivity setup (Inter-layer)
2026-08-03 18:06:12 +0200: Memory Usage (482968K) : Starting SG13G2 LVS connectivity setup (Global)
2026-08-03 18:06:12 +0200: Memory Usage (482968K) : Starting LVS MOSFET CONNECTIONS
2026-08-03 18:06:12 +0200: Memory Usage (482968K) : Starting LVS RF-MOSFET CONNECTIONS
2026-08-03 18:06:12 +0200: Memory Usage (482968K) : Starting LVS BJT CONNECTIONS
2026-08-03 18:06:12 +0200: Memory Usage (482968K) : Starting LVS DIODE CONNECTIONS
2026-08-03 18:06:12 +0200: Memory Usage (482968K) : Starting RESISTOR CONNECTIONS
2026-08-03 18:06:12 +0200: Memory Usage (482968K) : Starting LVS CAP CONNECTIONS
2026-08-03 18:06:12 +0200: Memory Usage (482968K) : Starting ESD CONNECTIONS
2026-08-03 18:06:12 +0200: Memory Usage (482968K) : Starting Inductor CONNECTIONS
2026-08-03 18:06:12 +0200: Memory Usage (482968K) : Starting LVS Taps CONNECTIONS
2026-08-03 18:06:12 +0200: Memory Usage (482968K) : Starting SG13G2 LVS DEVICES EXTRACTION
2026-08-03 18:06:12 +0200: Memory Usage (482968K) : Starting MOSFET EXTRACTION
2026-08-03 18:06:12 +0200: Memory Usage (482968K) : Starting NMOS EXTRACTION
2026-08-03 18:06:12 +0200: Memory Usage (482968K) : Extraction of NMOS-LV transistor
2026-08-03 18:06:12 +0200: Memory Usage (483224K) : Extraction of NMOS-HV transistor
2026-08-03 18:06:12 +0200: Memory Usage (483224K) : Starting PMOS EXTRACTION
2026-08-03 18:06:12 +0200: Memory Usage (483224K) : Extraction of PMOS-LV transistor
2026-08-03 18:06:12 +0200: Memory Usage (483224K) : Extraction of PMOS-HV transistor
2026-08-03 18:06:12 +0200: Memory Usage (483224K) : Starting RF-MOSFET EXTRACTION
2026-08-03 18:06:12 +0200: Memory Usage (483224K) : Extraction of RF-NMOS-LV transistor
2026-08-03 18:06:12 +0200: Memory Usage (483224K) : Extraction of RF-NMOS-HV transistor
2026-08-03 18:06:12 +0200: Memory Usage (483224K) : Extraction of RF-PMOS-LV transistor
2026-08-03 18:06:12 +0200: Memory Usage (483224K) : Extraction of RF-PMOS-HV transistor
2026-08-03 18:06:12 +0200: Memory Usage (483224K) : Starting BJT EXTRACTION
2026-08-03 18:06:12 +0200: Memory Usage (483224K) : Starting NPN-BJT EXTRACTION
2026-08-03 18:06:12 +0200: Memory Usage (483224K) : Extraction of npn13G2 BJT transistor
2026-08-03 18:06:12 +0200: Memory Usage (483224K) : Extraction of npn13G2L BJT transistor
2026-08-03 18:06:12 +0200: Memory Usage (483224K) : Extraction of npn13G2V BJT transistor
2026-08-03 18:06:12 +0200: Memory Usage (483224K) : Starting PNP-BJT EXTRACTION
2026-08-03 18:06:12 +0200: Memory Usage (483224K) : Extracting pnpMPA BJT
2026-08-03 18:06:12 +0200: Memory Usage (483224K) : Starting DIODE EXTRACTION
2026-08-03 18:06:12 +0200: Memory Usage (483224K) : Extracting dantenna diode
2026-08-03 18:06:12 +0200: Memory Usage (483224K) : Extracting dpantenna diode
2026-08-03 18:06:12 +0200: Memory Usage (483224K) : Extracting schottky_nbl1 diode
2026-08-03 18:06:12 +0200: Memory Usage (483224K) : Extracting isolbox diode
2026-08-03 18:06:12 +0200: Memory Usage (483224K) : Starting RESISTOR EXTRACTION
2026-08-03 18:06:12 +0200: Memory Usage (483224K) : Extracting rsil resistor
2026-08-03 18:06:12 +0200: Memory Usage (483224K) : Extracting rppd resistor
2026-08-03 18:06:12 +0200: Memory Usage (483224K) : Extracting rhigh resistor
2026-08-03 18:06:12 +0200: Memory Usage (483224K) : Extracting res_metal1 resistor
2026-08-03 18:06:12 +0200: Memory Usage (483224K) : Extracting res_metal2 resistor
2026-08-03 18:06:12 +0200: Memory Usage (483224K) : Extracting res_metal3 resistor
2026-08-03 18:06:12 +0200: Memory Usage (483224K) : Extracting res_metal4 resistor
2026-08-03 18:06:12 +0200: Memory Usage (483224K) : Extracting res_metal5 resistor
2026-08-03 18:06:12 +0200: Memory Usage (483224K) : Extracting res_topmetal1 resistor
2026-08-03 18:06:12 +0200: Memory Usage (483224K) : Extracting res_topmetal2 resistor
2026-08-03 18:06:12 +0200: Memory Usage (483224K) : Starting CAP EXTRACTION
2026-08-03 18:06:12 +0200: Memory Usage (483224K) : Extracting cap_cmim device
2026-08-03 18:06:12 +0200: Memory Usage (483224K) : Extracting rfcmim device
2026-08-03 18:06:12 +0200: Memory Usage (483224K) : Extracting sg13_hv_svaricap varactor
2026-08-03 18:06:12 +0200: Memory Usage (483224K) : Starting ESD EXTRACTION
2026-08-03 18:06:12 +0200: Memory Usage (483224K) : Extracting diodevdd_2kv ESD device
2026-08-03 18:06:12 +0200: Memory Usage (483224K) : Extracting diodevdd_4kv ESD device
2026-08-03 18:06:12 +0200: Memory Usage (483224K) : Extracting diodevss_2kv ESD device
2026-08-03 18:06:12 +0200: Memory Usage (483224K) : Extracting diodevss_4kv ESD device
2026-08-03 18:06:12 +0200: Memory Usage (483224K) : Extracting idiodevdd_2kv ESD device
2026-08-03 18:06:12 +0200: Memory Usage (483224K) : Extracting idiodevdd_4kv ESD device
2026-08-03 18:06:12 +0200: Memory Usage (483224K) : Extracting idiodevss_2kv ESD device
2026-08-03 18:06:12 +0200: Memory Usage (483224K) : Extracting idiodevss_4kv ESD device
2026-08-03 18:06:12 +0200: Memory Usage (483224K) : Extracting nmoscl_2 ESD device
2026-08-03 18:06:12 +0200: Memory Usage (483224K) : Extracting nmoscl_4 ESD device
2026-08-03 18:06:12 +0200: Memory Usage (483224K) : Starting Inductor EXTRACTION
2026-08-03 18:06:12 +0200: Memory Usage (483224K) : Extracting Inductor2 device
2026-08-03 18:06:12 +0200: Memory Usage (483224K) : Extracting Inductor3 device
2026-08-03 18:06:12 +0200: Memory Usage (483224K) : Starting Taps EXTRACTION
2026-08-03 18:06:12 +0200: Memory Usage (483224K) : Extracting ntap1 device
2026-08-03 18:06:12 +0200: Memory Usage (483224K) : Extracting ptap1 device
2026-08-03 18:06:12 +0200: Memory Usage (483224K) : Starting SG13G2 LVS RF MOS Model Mapping
2026-08-03 18:06:14 +0200: Memory Usage (495896K) : [layout_netlist] Apply RF MOS model mapping and rfmode parameter.
2026-08-03 18:06:14 +0200: Memory Usage (495896K) : Starting SG13G2 LVS Options Preparations
2026-08-03 18:06:14 +0200: Memory Usage (495896K) : SG13G2 LVS flow: extraction -> alignment -> option preparation -> comparison.
2026-08-03 18:06:14 +0200: Memory Usage (495896K) : Starting SG13G2 LVS Alignment
2026-08-03 18:06:14 +0200: Memory Usage (496024K) : Flattening circuits in both netlists: sg13g2_GuardRing_*
2026-08-03 18:06:14 +0200: Memory Usage (496024K) : Starting SG13G2 LVS Simplification
2026-08-03 18:06:14 +0200: Memory Usage (496024K) : [layout_netlist] simplify: ENABLED
2026-08-03 18:06:14 +0200: Memory Usage (496024K) : [layout_netlist] make_top_level_pins: SKIPPED
2026-08-03 18:06:14 +0200: Memory Usage (496024K) : [layout_netlist] combine_devices: ENABLED
2026-08-03 18:06:14 +0200: Memory Usage (496024K) : [layout_netlist] purge: SKIPPED
2026-08-03 18:06:14 +0200: Memory Usage (496024K) : [layout_netlist] purge_nets: SKIPPED
2026-08-03 18:06:14 +0200: Memory Usage (496024K) : [schematic_netlist] simplify: ENABLED
2026-08-03 18:06:14 +0200: Memory Usage (496024K) : [schematic_netlist] make_top_level_pins: SKIPPED
2026-08-03 18:06:14 +0200: Memory Usage (496024K) : [schematic_netlist] combine_devices: ENABLED
2026-08-03 18:06:14 +0200: Memory Usage (496024K) : [schematic_netlist] purge: SKIPPED
2026-08-03 18:06:14 +0200: Memory Usage (496024K) : [schematic_netlist] purge_nets: SKIPPED
2026-08-03 18:06:14 +0200: Memory Usage (496024K) : Starting SG13G2 LVS Comparison in strict port mode.
2026-08-03 18:06:14 +0200: Memory Usage (496024K) : flag_missing_ports enabled: missing/mislabeled top-level ports are treated as errors.
2026-08-03 18:06:14 +0200: Memory Usage (496152K) : xxxxxxxxxxxxxxxxxxxxxxxxxxxxxxxxxxxxxxxxxx
2026-08-03 18:06:14 +0200: Memory Usage (496152K) : ERROR : Netlists don't match
2026-08-03 18:06:14 +0200: Memory Usage (496152K) : xxxxxxxxxxxxxxxxxxxxxxxxxxxxxxxxxxxxxxxxxx
2026-08-03 18:06:14 +0200: Memory Usage (496152K) : LVS Total Run time 4.708553 seconds
