# Logfile created on 2026-08-10 17:01:03 +0200 by logger.rb/v1.5.3
2026-08-10 17:01:03 +0200: Memory Usage (455344K) : Starting running SG13G2 Klayout LVS runset on /foss/designs/ihp-open-pdk-regression/IOPADS/layout/sg13g2_IOPadOut30mA.gds
2026-08-10 17:01:03 +0200: Memory Usage (455344K) : Ruby Version for klayout: 3.2.3
2026-08-10 17:01:03 +0200: Memory Usage (456624K) : Loading database to memory is complete.
2026-08-10 17:01:03 +0200: Memory Usage (456624K) : SG13G2 Klayout LVS runset output at: /foss/designs/ihp-open-pdk-regression/IOPADS/lvs_sweep/20260810_165956/sg13g2_IOPadOut30mA/sg13g2_IOPadOut30mA.lvsdb
2026-08-10 17:01:03 +0200: Memory Usage (456624K) : Evaluate switches.
2026-08-10 17:01:03 +0200: Memory Usage (456624K) : Extracted netlist with net names: true
2026-08-10 17:01:03 +0200: Memory Usage (456624K) : Extracted netlist with comments in details: false
2026-08-10 17:01:03 +0200: Memory Usage (456624K) : Selected NET_ONLY option: false
2026-08-10 17:01:03 +0200: Memory Usage (456624K) : Selected LAYOUT_NETLIST option: (none)
2026-08-10 17:01:03 +0200: Memory Usage (456624K) : Selected IGNORE_TOP_PORTS_MISMATCH option: true
2026-08-10 17:01:03 +0200: Memory Usage (456624K) : Selected IMPLICIT_NETS option: iovss,iovdd,vss,vdd,pad,cathode,anode
2026-08-10 17:01:03 +0200: Memory Usage (456624K) : Selected TOP_LVL_PINS option: false
2026-08-10 17:01:03 +0200: Memory Usage (456624K) : Selected COMBINE DEVICES option: true
2026-08-10 17:01:03 +0200: Memory Usage (456624K) : Selected PURGE option: false
2026-08-10 17:01:03 +0200: Memory Usage (456624K) : Selected PURGE_NETS option: false
2026-08-10 17:01:03 +0200: Memory Usage (456752K) : Selected SIMPLIFY option: true
2026-08-10 17:01:03 +0200: Memory Usage (456752K) : Selected SERIES_RES option: true
2026-08-10 17:01:03 +0200: Memory Usage (456752K) : Selected PARALLEL_RES option: true
2026-08-10 17:01:03 +0200: Memory Usage (456752K) : Selected DISABLE_TAP_EXTRACTION option: false
2026-08-10 17:01:03 +0200: Memory Usage (456752K) : deep  mode is enabled.
2026-08-10 17:01:03 +0200: Memory Usage (456752K) : Applying implicit connections (case-sensitive, pattern supported) for nets: iovss, iovdd, vss, vdd, pad, cathode, anode
2026-08-10 17:01:03 +0200: Memory Usage (458160K) : Netlist file: /foss/designs/ihp-open-pdk-regression/IOPADS/netlist/pads_sub/sg13g2_IOPadOut30mA.spi
2026-08-10 17:01:03 +0200: Memory Usage (458160K) : LVS extracted netlist at: /foss/designs/ihp-open-pdk-regression/IOPADS/lvs_sweep/20260810_165956/sg13g2_IOPadOut30mA/sg13g2_IOPadOut30mA_extracted.cir
2026-08-10 17:01:03 +0200: Memory Usage (458160K) : Applying SRAM integration support.
2026-08-10 17:01:03 +0200: Memory Usage (458160K) : Starting SG13G2 LVS runset
2026-08-10 17:01:03 +0200: Memory Usage (458160K) : Read in polygons from layers.
2026-08-10 17:01:03 +0200: Memory Usage (459824K) : activ_drw has 77 polygons
2026-08-10 17:01:03 +0200: Memory Usage (459824K) : activ_filler has 0 polygons
2026-08-10 17:01:03 +0200: Memory Usage (459952K) : activ has 77 polygons
2026-08-10 17:01:03 +0200: Memory Usage (459952K) : activ_pin has 0 polygons
2026-08-10 17:01:03 +0200: Memory Usage (459952K) : activ_mask has 0 polygons
2026-08-10 17:01:03 +0200: Memory Usage (459952K) : activ_nofill has 0 polygons
2026-08-10 17:01:03 +0200: Memory Usage (459952K) : activ_OPC has 0 polygons
2026-08-10 17:01:03 +0200: Memory Usage (460080K) : activ_iOPC has 0 polygons
2026-08-10 17:01:03 +0200: Memory Usage (460080K) : activ_noqrc has 0 polygons
2026-08-10 17:01:03 +0200: Memory Usage (460208K) : biwind_drw has 0 polygons
2026-08-10 17:01:03 +0200: Memory Usage (460208K) : biwind_OPC has 0 polygons
2026-08-10 17:01:03 +0200: Memory Usage (460336K) : gatpoly_drw has 54 polygons
2026-08-10 17:01:03 +0200: Memory Usage (460336K) : gatpoly_filler has 0 polygons
2026-08-10 17:01:03 +0200: Memory Usage (460464K) : gatpoly has 54 polygons
2026-08-10 17:01:03 +0200: Memory Usage (460464K) : gatpoly_pin has 0 polygons
2026-08-10 17:01:03 +0200: Memory Usage (460592K) : gatpoly_nofill has 0 polygons
2026-08-10 17:01:03 +0200: Memory Usage (460592K) : gatpoly_OPC has 0 polygons
2026-08-10 17:01:03 +0200: Memory Usage (460720K) : gatpoly_iOPC has 0 polygons
2026-08-10 17:01:03 +0200: Memory Usage (460720K) : gatpoly_noqrc has 0 polygons
2026-08-10 17:01:03 +0200: Memory Usage (462256K) : cont_drw has 46536 polygons
2026-08-10 17:01:03 +0200: Memory Usage (462384K) : cont_OPC has 0 polygons
2026-08-10 17:01:03 +0200: Memory Usage (462384K) : nsd_drw has 0 polygons
2026-08-10 17:01:03 +0200: Memory Usage (462384K) : nsd_block has 0 polygons
2026-08-10 17:01:03 +0200: Memory Usage (462384K) : metal1_drw has 322 polygons
2026-08-10 17:01:03 +0200: Memory Usage (462384K) : metal1_filler has 0 polygons
2026-08-10 17:01:03 +0200: Memory Usage (462384K) : metal1_slit has 0 polygons
2026-08-10 17:01:03 +0200: Memory Usage (462768K) : metal1 has 322 polygons
2026-08-10 17:01:03 +0200: Memory Usage (462768K) : metal1_pin has 26 polygons
2026-08-10 17:01:03 +0200: Memory Usage (462768K) : metal1_mask has 0 polygons
2026-08-10 17:01:03 +0200: Memory Usage (462768K) : metal1_nofill has 0 polygons
2026-08-10 17:01:03 +0200: Memory Usage (462896K) : metal1_text has 26 polygons
2026-08-10 17:01:03 +0200: Memory Usage (462896K) : metal1_OPC has 0 polygons
2026-08-10 17:01:03 +0200: Memory Usage (462896K) : metal1_noqrc has 0 polygons
2026-08-10 17:01:03 +0200: Memory Usage (462896K) : metal1_res has 0 polygons
2026-08-10 17:01:03 +0200: Memory Usage (463024K) : metal1_iprobe has 0 polygons
2026-08-10 17:01:03 +0200: Memory Usage (463024K) : metal1_diffprb has 0 polygons
2026-08-10 17:01:03 +0200: Memory Usage (463152K) : passiv_drw has 0 polygons
2026-08-10 17:01:03 +0200: Memory Usage (463152K) : passiv_pin has 0 polygons
2026-08-10 17:01:03 +0200: Memory Usage (463280K) : passiv_sbump has 0 polygons
2026-08-10 17:01:03 +0200: Memory Usage (463408K) : passiv_pillar has 0 polygons
2026-08-10 17:01:03 +0200: Memory Usage (463408K) : passiv_pdl has 0 polygons
2026-08-10 17:01:03 +0200: Memory Usage (463536K) : metal2_drw has 95 polygons
2026-08-10 17:01:03 +0200: Memory Usage (463536K) : metal2_filler has 0 polygons
2026-08-10 17:01:03 +0200: Memory Usage (463664K) : metal2_slit has 0 polygons
2026-08-10 17:01:03 +0200: Memory Usage (463792K) : metal2 has 95 polygons
2026-08-10 17:01:03 +0200: Memory Usage (463920K) : metal2_pin has 28 polygons
2026-08-10 17:01:03 +0200: Memory Usage (463920K) : metal2_mask has 0 polygons
2026-08-10 17:01:03 +0200: Memory Usage (464048K) : metal2_nofill has 0 polygons
2026-08-10 17:01:03 +0200: Memory Usage (464048K) : metal2_text has 27 polygons
2026-08-10 17:01:03 +0200: Memory Usage (464048K) : metal2_OPC has 0 polygons
2026-08-10 17:01:03 +0200: Memory Usage (464176K) : metal2_noqrc has 0 polygons
2026-08-10 17:01:03 +0200: Memory Usage (464176K) : metal2_res has 0 polygons
2026-08-10 17:01:03 +0200: Memory Usage (464176K) : metal2_iprobe has 0 polygons
2026-08-10 17:01:03 +0200: Memory Usage (464304K) : metal2_diffprb has 0 polygons
2026-08-10 17:01:03 +0200: Memory Usage (464304K) : baspoly_drw has 0 polygons
2026-08-10 17:01:03 +0200: Memory Usage (464304K) : baspoly_pin has 0 polygons
2026-08-10 17:01:03 +0200: Memory Usage (464304K) : psd_drw has 30 polygons
2026-08-10 17:01:03 +0200: Memory Usage (464432K) : nldb_drw has 0 polygons
2026-08-10 17:01:03 +0200: Memory Usage (464432K) : digibnd_drw has 0 polygons
2026-08-10 17:01:03 +0200: Memory Usage (464560K) : via1_drw has 1834 polygons
2026-08-10 17:01:03 +0200: Memory Usage (464560K) : backmetal1_drw has 0 polygons
2026-08-10 17:01:03 +0200: Memory Usage (464688K) : backmetal1_pin has 0 polygons
2026-08-10 17:01:03 +0200: Memory Usage (464688K) : backmetal1_mask has 0 polygons
2026-08-10 17:01:03 +0200: Memory Usage (464816K) : backmetal1_filler has 0 polygons
2026-08-10 17:01:03 +0200: Memory Usage (464816K) : backmetal1_nofill has 0 polygons
2026-08-10 17:01:03 +0200: Memory Usage (464944K) : backmetal1_slit has 0 polygons
2026-08-10 17:01:03 +0200: Memory Usage (464944K) : backmetal1_text has 0 polygons
2026-08-10 17:01:03 +0200: Memory Usage (465072K) : backmetal1_OPC has 0 polygons
2026-08-10 17:01:03 +0200: Memory Usage (465072K) : backmetal1_noqrc has 0 polygons
2026-08-10 17:01:03 +0200: Memory Usage (465200K) : backmetal1_res has 0 polygons
2026-08-10 17:01:03 +0200: Memory Usage (465328K) : backmetal1_iprobe has 0 polygons
2026-08-10 17:01:03 +0200: Memory Usage (465328K) : backmetal1_diffprb has 0 polygons
2026-08-10 17:01:03 +0200: Memory Usage (465456K) : backpassiv_drw has 0 polygons
2026-08-10 17:01:03 +0200: Memory Usage (465456K) : res_drw has 0 polygons
2026-08-10 17:01:03 +0200: Memory Usage (465584K) : sram_drw has 0 polygons
2026-08-10 17:01:03 +0200: Memory Usage (465584K) : trans_drw has 0 polygons
2026-08-10 17:01:03 +0200: Memory Usage (465712K) : ind_drw has 0 polygons
2026-08-10 17:01:03 +0200: Memory Usage (465712K) : ind_pin has 0 polygons
2026-08-10 17:01:03 +0200: Memory Usage (465840K) : ind_text has 0 polygons
2026-08-10 17:01:03 +0200: Memory Usage (465840K) : salblock_drw has 0 polygons
2026-08-10 17:01:03 +0200: Memory Usage (465968K) : via2_drw has 1661 polygons
2026-08-10 17:01:03 +0200: Memory Usage (466096K) : metal3_drw has 25 polygons
2026-08-10 17:01:03 +0200: Memory Usage (466096K) : metal3_filler has 0 polygons
2026-08-10 17:01:03 +0200: Memory Usage (466224K) : metal3_slit has 0 polygons
2026-08-10 17:01:03 +0200: Memory Usage (466352K) : metal3 has 25 polygons
2026-08-10 17:01:03 +0200: Memory Usage (466352K) : metal3_pin has 9 polygons
2026-08-10 17:01:03 +0200: Memory Usage (466480K) : metal3_mask has 0 polygons
2026-08-10 17:01:03 +0200: Memory Usage (466480K) : metal3_nofill has 0 polygons
2026-08-10 17:01:03 +0200: Memory Usage (466608K) : metal3_text has 9 polygons
2026-08-10 17:01:03 +0200: Memory Usage (466608K) : metal3_OPC has 0 polygons
2026-08-10 17:01:03 +0200: Memory Usage (466608K) : metal3_noqrc has 0 polygons
2026-08-10 17:01:03 +0200: Memory Usage (466736K) : metal3_res has 0 polygons
2026-08-10 17:01:03 +0200: Memory Usage (466736K) : metal3_iprobe has 0 polygons
2026-08-10 17:01:03 +0200: Memory Usage (466736K) : metal3_diffprb has 0 polygons
2026-08-10 17:01:03 +0200: Memory Usage (466864K) : nwell_drw has 21 polygons
2026-08-10 17:01:03 +0200: Memory Usage (466864K) : nwell_pin has 0 polygons
2026-08-10 17:01:03 +0200: Memory Usage (466992K) : nwell_text has 0 polygons
2026-08-10 17:01:03 +0200: Memory Usage (466992K) : nbulay_drw has 0 polygons
2026-08-10 17:01:03 +0200: Memory Usage (467120K) : nbulay_pin has 0 polygons
2026-08-10 17:01:03 +0200: Memory Usage (467120K) : nbulay_block has 0 polygons
2026-08-10 17:01:03 +0200: Memory Usage (467248K) : emwind_drw has 0 polygons
2026-08-10 17:01:03 +0200: Memory Usage (467248K) : emwind_OPC has 0 polygons
2026-08-10 17:01:03 +0200: Memory Usage (467376K) : deepco_drw has 0 polygons
2026-08-10 17:01:03 +0200: Memory Usage (467376K) : mim_drw has 0 polygons
2026-08-10 17:01:03 +0200: Memory Usage (467504K) : edgeseal_drw has 0 polygons
2026-08-10 17:01:03 +0200: Memory Usage (467632K) : substrate_drw has 22 polygons
2026-08-10 17:01:03 +0200: Memory Usage (467632K) : substrate_text has 0 polygons
2026-08-10 17:01:03 +0200: Memory Usage (467760K) : dfpad_drw has 0 polygons
2026-08-10 17:01:03 +0200: Memory Usage (467760K) : dfpad_pillar has 0 polygons
2026-08-10 17:01:03 +0200: Memory Usage (467888K) : dfpad_sbump has 0 polygons
2026-08-10 17:01:03 +0200: Memory Usage (467888K) : thickgateox_drw has 4 polygons
2026-08-10 17:01:03 +0200: Memory Usage (468016K) : pldb_drw has 0 polygons
2026-08-10 17:01:03 +0200: Memory Usage (468016K) : pwell_drw has 0 polygons
2026-08-10 17:01:03 +0200: Memory Usage (468144K) : pwell_pin has 0 polygons
2026-08-10 17:01:03 +0200: Memory Usage (468144K) : pwell_block has 0 polygons
2026-08-10 17:01:03 +0200: Memory Usage (468272K) : ic_drw has 0 polygons
2026-08-10 17:01:03 +0200: Memory Usage (468272K) : via3_drw has 2087 polygons
2026-08-10 17:01:03 +0200: Memory Usage (468528K) : metal4_drw has 8 polygons
2026-08-10 17:01:03 +0200: Memory Usage (468528K) : metal4_filler has 0 polygons
2026-08-10 17:01:03 +0200: Memory Usage (468656K) : metal4_slit has 0 polygons
2026-08-10 17:01:03 +0200: Memory Usage (468784K) : metal4 has 8 polygons
2026-08-10 17:01:03 +0200: Memory Usage (468784K) : metal4_pin has 8 polygons
2026-08-10 17:01:03 +0200: Memory Usage (468912K) : metal4_mask has 0 polygons
2026-08-10 17:01:03 +0200: Memory Usage (468912K) : metal4_nofill has 0 polygons
2026-08-10 17:01:03 +0200: Memory Usage (469040K) : metal4_text has 8 polygons
2026-08-10 17:01:03 +0200: Memory Usage (469040K) : metal4_OPC has 0 polygons
2026-08-10 17:01:03 +0200: Memory Usage (469040K) : metal4_noqrc has 0 polygons
2026-08-10 17:01:03 +0200: Memory Usage (469168K) : metal4_res has 0 polygons
2026-08-10 17:01:03 +0200: Memory Usage (469168K) : metal4_iprobe has 0 polygons
2026-08-10 17:01:03 +0200: Memory Usage (469296K) : metal4_diffprb has 0 polygons
2026-08-10 17:01:03 +0200: Memory Usage (469296K) : heattrans_drw has 0 polygons
2026-08-10 17:01:03 +0200: Memory Usage (469424K) : heatres_drw has 0 polygons
2026-08-10 17:01:03 +0200: Memory Usage (469552K) : fbe_drw has 0 polygons
2026-08-10 17:01:03 +0200: Memory Usage (469552K) : empoly_drw has 0 polygons
2026-08-10 17:01:03 +0200: Memory Usage (469680K) : digisub_drw has 0 polygons
2026-08-10 17:01:03 +0200: Memory Usage (469680K) : text_drw has 14 polygons
2026-08-10 17:01:03 +0200: Memory Usage (469808K) : via4_drw has 2371 polygons
2026-08-10 17:01:03 +0200: Memory Usage (469936K) : metal5_drw has 8 polygons
2026-08-10 17:01:03 +0200: Memory Usage (469936K) : metal5_filler has 0 polygons
2026-08-10 17:01:03 +0200: Memory Usage (470064K) : metal5_slit has 0 polygons
2026-08-10 17:01:03 +0200: Memory Usage (470064K) : metal5 has 8 polygons
2026-08-10 17:01:03 +0200: Memory Usage (470064K) : metal5_pin has 8 polygons
2026-08-10 17:01:03 +0200: Memory Usage (470064K) : metal5_mask has 0 polygons
2026-08-10 17:01:03 +0200: Memory Usage (470064K) : metal5_nofill has 0 polygons
2026-08-10 17:01:03 +0200: Memory Usage (470064K) : metal5_text has 8 polygons
2026-08-10 17:01:03 +0200: Memory Usage (470064K) : metal5_OPC has 0 polygons
2026-08-10 17:01:03 +0200: Memory Usage (470064K) : metal5_noqrc has 0 polygons
2026-08-10 17:01:03 +0200: Memory Usage (470064K) : metal5_res has 0 polygons
2026-08-10 17:01:03 +0200: Memory Usage (470064K) : metal5_iprobe has 0 polygons
2026-08-10 17:01:03 +0200: Memory Usage (470064K) : metal5_diffprb has 0 polygons
2026-08-10 17:01:03 +0200: Memory Usage (470064K) : radhard_drw has 0 polygons
2026-08-10 17:01:03 +0200: Memory Usage (470064K) : memcap_drw has 0 polygons
2026-08-10 17:01:03 +0200: Memory Usage (470064K) : varicap_drw has 0 polygons
2026-08-10 17:01:03 +0200: Memory Usage (470064K) : intbondvia_drw has 0 polygons
2026-08-10 17:01:03 +0200: Memory Usage (470064K) : intbondmet_drw has 0 polygons
2026-08-10 17:01:03 +0200: Memory Usage (470064K) : devbondvia_drw has 0 polygons
2026-08-10 17:01:03 +0200: Memory Usage (470064K) : devbondmet_drw has 0 polygons
2026-08-10 17:01:03 +0200: Memory Usage (470064K) : devtrench_drw has 0 polygons
2026-08-10 17:01:03 +0200: Memory Usage (470064K) : redist_drw has 0 polygons
2026-08-10 17:01:03 +0200: Memory Usage (470064K) : graphbot_drw has 0 polygons
2026-08-10 17:01:03 +0200: Memory Usage (470064K) : graphtop_drw has 0 polygons
2026-08-10 17:01:03 +0200: Memory Usage (470064K) : antvia1_drw has 0 polygons
2026-08-10 17:01:03 +0200: Memory Usage (470064K) : antmetal2_drw has 0 polygons
2026-08-10 17:01:03 +0200: Memory Usage (470064K) : graphcont_drw has 0 polygons
2026-08-10 17:01:03 +0200: Memory Usage (470064K) : siwg_drw has 0 polygons
2026-08-10 17:01:03 +0200: Memory Usage (470064K) : siwg_filler has 0 polygons
2026-08-10 17:01:03 +0200: Memory Usage (470064K) : siwg_nofill has 0 polygons
2026-08-10 17:01:03 +0200: Memory Usage (470064K) : sigrating_drw has 0 polygons
2026-08-10 17:01:03 +0200: Memory Usage (470064K) : singrating_drw has 0 polygons
2026-08-10 17:01:03 +0200: Memory Usage (470064K) : graphpas_drw has 0 polygons
2026-08-10 17:01:03 +0200: Memory Usage (470064K) : emwind3_drw has 0 polygons
2026-08-10 17:01:03 +0200: Memory Usage (470064K) : emwihv3_drw has 0 polygons
2026-08-10 17:01:03 +0200: Memory Usage (470064K) : redbulay_drw has 0 polygons
2026-08-10 17:01:03 +0200: Memory Usage (470064K) : smos_drw has 0 polygons
2026-08-10 17:01:03 +0200: Memory Usage (470064K) : graphpad_drw has 0 polygons
2026-08-10 17:01:03 +0200: Memory Usage (470064K) : polimide_drw has 0 polygons
2026-08-10 17:01:03 +0200: Memory Usage (470064K) : polimide_pin has 0 polygons
2026-08-10 17:01:03 +0200: Memory Usage (470064K) : recog_drw has 0 polygons
2026-08-10 17:01:03 +0200: Memory Usage (470064K) : recog_pin has 0 polygons
2026-08-10 17:01:03 +0200: Memory Usage (470064K) : recog_esd has 0 polygons
2026-08-10 17:01:03 +0200: Memory Usage (470064K) : recog_diode has 7 polygons
2026-08-10 17:01:03 +0200: Memory Usage (470064K) : recog_tsv has 0 polygons
2026-08-10 17:01:03 +0200: Memory Usage (470064K) : recog_iprobe has 0 polygons
2026-08-10 17:01:03 +0200: Memory Usage (470064K) : recog_diffprb has 0 polygons
2026-08-10 17:01:03 +0200: Memory Usage (470064K) : recog_pillar has 0 polygons
2026-08-10 17:01:03 +0200: Memory Usage (470064K) : recog_sbump has 0 polygons
2026-08-10 17:01:03 +0200: Memory Usage (470064K) : recog_otp has 0 polygons
2026-08-10 17:01:03 +0200: Memory Usage (470064K) : recog_pdiode has 0 polygons
2026-08-10 17:01:03 +0200: Memory Usage (470064K) : recog_mom has 0 polygons
2026-08-10 17:01:03 +0200: Memory Usage (470064K) : recog_pcm has 0 polygons
2026-08-10 17:01:03 +0200: Memory Usage (470064K) : colopen_drw has 0 polygons
2026-08-10 17:01:03 +0200: Memory Usage (470064K) : graphmetal1_drw has 0 polygons
2026-08-10 17:01:03 +0200: Memory Usage (470064K) : graphmetal1_filler has 0 polygons
2026-08-10 17:01:03 +0200: Memory Usage (470064K) : graphmetal1_nofill has 0 polygons
2026-08-10 17:01:03 +0200: Memory Usage (470064K) : graphmetal1_slit has 0 polygons
2026-08-10 17:01:03 +0200: Memory Usage (470064K) : graphmetal1_OPC has 0 polygons
2026-08-10 17:01:03 +0200: Memory Usage (470064K) : graphmet1l_drw has 0 polygons
2026-08-10 17:01:03 +0200: Memory Usage (470064K) : graphmet1l_filler has 0 polygons
2026-08-10 17:01:03 +0200: Memory Usage (470064K) : graphmet1l_nofill has 0 polygons
2026-08-10 17:01:03 +0200: Memory Usage (470064K) : graphmet1l_slit has 0 polygons
2026-08-10 17:01:03 +0200: Memory Usage (470064K) : graphmet1l_OPC has 0 polygons
2026-08-10 17:01:03 +0200: Memory Usage (470064K) : extblock_drw has 0 polygons
2026-08-10 17:01:03 +0200: Memory Usage (470064K) : nldd_drw has 0 polygons
2026-08-10 17:01:03 +0200: Memory Usage (470064K) : pldd_drw has 0 polygons
2026-08-10 17:01:03 +0200: Memory Usage (470064K) : next_drw has 0 polygons
2026-08-10 17:01:03 +0200: Memory Usage (470064K) : pext_drw has 0 polygons
2026-08-10 17:01:03 +0200: Memory Usage (470064K) : nexthv_drw has 0 polygons
2026-08-10 17:01:03 +0200: Memory Usage (470064K) : pexthv_drw has 0 polygons
2026-08-10 17:01:03 +0200: Memory Usage (470064K) : graphgate_drw has 0 polygons
2026-08-10 17:01:03 +0200: Memory Usage (470064K) : sinwg_drw has 0 polygons
2026-08-10 17:01:03 +0200: Memory Usage (470064K) : sinwg_filler has 0 polygons
2026-08-10 17:01:03 +0200: Memory Usage (470064K) : sinwg_nofill has 0 polygons
2026-08-10 17:01:03 +0200: Memory Usage (470064K) : mempad_drw has 0 polygons
2026-08-10 17:01:03 +0200: Memory Usage (470064K) : topvia1_drw has 2315 polygons
2026-08-10 17:01:03 +0200: Memory Usage (470064K) : topmetal1_drw has 8 polygons
2026-08-10 17:01:03 +0200: Memory Usage (470064K) : topmetal1_filler has 0 polygons
2026-08-10 17:01:03 +0200: Memory Usage (470064K) : topmetal1_slit has 0 polygons
2026-08-10 17:01:03 +0200: Memory Usage (470064K) : topmetal1 has 8 polygons
2026-08-10 17:01:03 +0200: Memory Usage (470064K) : topmetal1_pin has 8 polygons
2026-08-10 17:01:03 +0200: Memory Usage (470064K) : topmetal1_mask has 0 polygons
2026-08-10 17:01:03 +0200: Memory Usage (470064K) : topmetal1_nofill has 0 polygons
2026-08-10 17:01:03 +0200: Memory Usage (470064K) : topmetal1_text has 8 polygons
2026-08-10 17:01:03 +0200: Memory Usage (470064K) : topmetal1_noqrc has 0 polygons
2026-08-10 17:01:03 +0200: Memory Usage (470064K) : topmetal1_res has 0 polygons
2026-08-10 17:01:03 +0200: Memory Usage (470064K) : topmetal1_iprobe has 0 polygons
2026-08-10 17:01:03 +0200: Memory Usage (470064K) : topmetal1_diffprb has 0 polygons
2026-08-10 17:01:03 +0200: Memory Usage (470064K) : inldpwl_drw has 0 polygons
2026-08-10 17:01:03 +0200: Memory Usage (470064K) : polyres_drw has 0 polygons
2026-08-10 17:01:03 +0200: Memory Usage (470064K) : polyres_pin has 0 polygons
2026-08-10 17:01:03 +0200: Memory Usage (470064K) : vmim_drw has 0 polygons
2026-08-10 17:01:03 +0200: Memory Usage (470064K) : nbulaycut_drw has 0 polygons
2026-08-10 17:01:03 +0200: Memory Usage (470064K) : antmetal1_drw has 0 polygons
2026-08-10 17:01:03 +0200: Memory Usage (470064K) : topvia2_drw has 1593 polygons
2026-08-10 17:01:03 +0200: Memory Usage (470064K) : topmetal2_drw has 6 polygons
2026-08-10 17:01:03 +0200: Memory Usage (470064K) : topmetal2_filler has 0 polygons
2026-08-10 17:01:03 +0200: Memory Usage (470064K) : topmetal2_slit has 0 polygons
2026-08-10 17:01:03 +0200: Memory Usage (470064K) : topmetal2 has 6 polygons
2026-08-10 17:01:03 +0200: Memory Usage (470064K) : topmetal2_pin has 6 polygons
2026-08-10 17:01:03 +0200: Memory Usage (470064K) : topmetal2_mask has 0 polygons
2026-08-10 17:01:03 +0200: Memory Usage (470064K) : topmetal2_nofill has 0 polygons
2026-08-10 17:01:03 +0200: Memory Usage (470064K) : topmetal2_text has 6 polygons
2026-08-10 17:01:03 +0200: Memory Usage (470064K) : topmetal2_noqrc has 0 polygons
2026-08-10 17:01:03 +0200: Memory Usage (470064K) : topmetal2_res has 0 polygons
2026-08-10 17:01:03 +0200: Memory Usage (470064K) : topmetal2_iprobe has 0 polygons
2026-08-10 17:01:03 +0200: Memory Usage (470064K) : topmetal2_diffprb has 0 polygons
2026-08-10 17:01:03 +0200: Memory Usage (470064K) : snsring_drw has 0 polygons
2026-08-10 17:01:03 +0200: Memory Usage (470064K) : sensor_drw has 0 polygons
2026-08-10 17:01:03 +0200: Memory Usage (470064K) : snsarms_drw has 0 polygons
2026-08-10 17:01:03 +0200: Memory Usage (470064K) : snscmosvia_drw has 0 polygons
2026-08-10 17:01:03 +0200: Memory Usage (470064K) : colwind_drw has 0 polygons
2026-08-10 17:01:03 +0200: Memory Usage (470064K) : flm_drw has 0 polygons
2026-08-10 17:01:03 +0200: Memory Usage (470064K) : hafniumox_drw has 0 polygons
2026-08-10 17:01:03 +0200: Memory Usage (470064K) : memvia_drw has 0 polygons
2026-08-10 17:01:03 +0200: Memory Usage (470064K) : thinfilmres_drw has 0 polygons
2026-08-10 17:01:03 +0200: Memory Usage (470064K) : rfmem_drw has 0 polygons
2026-08-10 17:01:03 +0200: Memory Usage (470064K) : norcx_drw has 0 polygons
2026-08-10 17:01:03 +0200: Memory Usage (470064K) : norcx_m2m3 has 0 polygons
2026-08-10 17:01:03 +0200: Memory Usage (470064K) : norcx_m2m4 has 0 polygons
2026-08-10 17:01:03 +0200: Memory Usage (470064K) : norcx_m2m5 has 0 polygons
2026-08-10 17:01:03 +0200: Memory Usage (470064K) : norcx_m2tm1 has 0 polygons
2026-08-10 17:01:03 +0200: Memory Usage (470064K) : norcx_m2tm2 has 0 polygons
2026-08-10 17:01:03 +0200: Memory Usage (470064K) : norcx_m3m4 has 0 polygons
2026-08-10 17:01:03 +0200: Memory Usage (470064K) : norcx_m3m5 has 0 polygons
2026-08-10 17:01:03 +0200: Memory Usage (470064K) : norcx_m3tm1 has 0 polygons
2026-08-10 17:01:03 +0200: Memory Usage (470064K) : norcx_m3tm2 has 0 polygons
2026-08-10 17:01:03 +0200: Memory Usage (470064K) : norcx_m4m5 has 0 polygons
2026-08-10 17:01:03 +0200: Memory Usage (470064K) : norcx_m4tm1 has 0 polygons
2026-08-10 17:01:04 +0200: Memory Usage (470064K) : norcx_m4tm2 has 0 polygons
2026-08-10 17:01:04 +0200: Memory Usage (470064K) : norcx_m5tm1 has 0 polygons
2026-08-10 17:01:04 +0200: Memory Usage (470064K) : norcx_m5tm2 has 0 polygons
2026-08-10 17:01:04 +0200: Memory Usage (470064K) : norcx_tm1tm2 has 0 polygons
2026-08-10 17:01:04 +0200: Memory Usage (470064K) : norcx_m1sub has 0 polygons
2026-08-10 17:01:04 +0200: Memory Usage (470064K) : norcx_m2sub has 0 polygons
2026-08-10 17:01:04 +0200: Memory Usage (470064K) : norcx_m3sub has 0 polygons
2026-08-10 17:01:04 +0200: Memory Usage (470064K) : norcx_m4sub has 0 polygons
2026-08-10 17:01:04 +0200: Memory Usage (470064K) : norcx_m5sub has 0 polygons
2026-08-10 17:01:04 +0200: Memory Usage (470064K) : norcx_tm1sub has 0 polygons
2026-08-10 17:01:04 +0200: Memory Usage (470192K) : norcx_tm2sub has 0 polygons
2026-08-10 17:01:04 +0200: Memory Usage (470192K) : snsbotvia_drw has 0 polygons
2026-08-10 17:01:04 +0200: Memory Usage (470320K) : snstopvia_drw has 0 polygons
2026-08-10 17:01:04 +0200: Memory Usage (470320K) : deepvia_drw has 0 polygons
2026-08-10 17:01:04 +0200: Memory Usage (470448K) : fgetch_drw has 0 polygons
2026-08-10 17:01:04 +0200: Memory Usage (470448K) : ctrgat_drw has 0 polygons
2026-08-10 17:01:04 +0200: Memory Usage (470576K) : fgimp_drw has 0 polygons
2026-08-10 17:01:04 +0200: Memory Usage (470576K) : emwihv_drw has 0 polygons
2026-08-10 17:01:04 +0200: Memory Usage (470704K) : lbe_drw has 0 polygons
2026-08-10 17:01:04 +0200: Memory Usage (470704K) : alcustop_drw has 0 polygons
2026-08-10 17:01:04 +0200: Memory Usage (470832K) : nometfiller_drw has 0 polygons
2026-08-10 17:01:04 +0200: Memory Usage (470832K) : prboundary_drw has 0 polygons
2026-08-10 17:01:04 +0200: Memory Usage (470960K) : exchange0_drw has 0 polygons
2026-08-10 17:01:04 +0200: Memory Usage (471088K) : exchange0_pin has 0 polygons
2026-08-10 17:01:04 +0200: Memory Usage (471088K) : exchange0_text has 0 polygons
2026-08-10 17:01:04 +0200: Memory Usage (471216K) : exchange1_drw has 0 polygons
2026-08-10 17:01:04 +0200: Memory Usage (471216K) : exchange1_pin has 0 polygons
2026-08-10 17:01:04 +0200: Memory Usage (471344K) : exchange1_text has 0 polygons
2026-08-10 17:01:04 +0200: Memory Usage (471344K) : exchange2_drw has 0 polygons
2026-08-10 17:01:04 +0200: Memory Usage (471472K) : exchange2_pin has 0 polygons
2026-08-10 17:01:04 +0200: Memory Usage (471472K) : exchange2_text has 0 polygons
2026-08-10 17:01:04 +0200: Memory Usage (471600K) : exchange3_drw has 0 polygons
2026-08-10 17:01:04 +0200: Memory Usage (471600K) : exchange3_pin has 0 polygons
2026-08-10 17:01:04 +0200: Memory Usage (471728K) : exchange3_text has 0 polygons
2026-08-10 17:01:04 +0200: Memory Usage (471728K) : exchange4_drw has 0 polygons
2026-08-10 17:01:04 +0200: Memory Usage (471856K) : exchange4_pin has 0 polygons
2026-08-10 17:01:04 +0200: Memory Usage (471856K) : exchange4_text has 0 polygons
2026-08-10 17:01:04 +0200: Memory Usage (471984K) : isonwell_drw has 0 polygons
2026-08-10 17:01:04 +0200: Memory Usage (471984K) : Total no. of polygons in the design is 59283
2026-08-10 17:01:04 +0200: Memory Usage (471984K) : Starting base layers derivations
2026-08-10 17:01:04 +0200: Memory Usage (471984K) : Starting general LVS derivations
2026-08-10 17:01:04 +0200: Memory Usage (480688K) : Starting MOSFET DERIVATIONS
2026-08-10 17:01:04 +0200: Memory Usage (481444K) : Starting NMOS DERIVATIONS
2026-08-10 17:01:04 +0200: Memory Usage (481444K) : Starting PMOS DERIVATIONS
2026-08-10 17:01:04 +0200: Memory Usage (481444K) : Starting RF-MOSFET DERIVATIONS
2026-08-10 17:01:04 +0200: Memory Usage (481444K) : Starting RF-NMOS DERIVATIONS
2026-08-10 17:01:04 +0200: Memory Usage (481444K) : Starting RF-PMOS DERIVATIONS
2026-08-10 17:01:04 +0200: Memory Usage (481444K) : Starting BJT DERIVATIONS
2026-08-10 17:01:04 +0200: Memory Usage (481444K) : Starting NPN-BJT DERIVATIONS
2026-08-10 17:01:04 +0200: Memory Usage (481444K) : Starting PNP-BJT DERIVATIONS
2026-08-10 17:01:04 +0200: Memory Usage (481444K) : Starting DIODE DERIVATIONS
2026-08-10 17:01:05 +0200: Memory Usage (481960K) : Starting RESISTOR DERIVATIONS
2026-08-10 17:01:05 +0200: Memory Usage (481960K) : Starting CAP DERIVATIONS
2026-08-10 17:01:05 +0200: Memory Usage (481960K) : Starting CAP_CMOM DERIVATIONS
2026-08-10 17:01:05 +0200: Memory Usage (481960K) : Starting ESD DERIVATIONS
2026-08-10 17:01:06 +0200: Memory Usage (482984K) : Starting Inductor DERIVATIONS
2026-08-10 17:01:06 +0200: Memory Usage (482984K) : Starting Taps DERIVATIONS
2026-08-10 17:01:06 +0200: Memory Usage (482984K) : Starting SG13G2 LVS connectivity setup
2026-08-10 17:01:06 +0200: Memory Usage (482984K) : Starting SG13G2 LVS connectivity setup (Inter-layer)
2026-08-10 17:01:06 +0200: Memory Usage (483112K) : Starting SG13G2 LVS connectivity setup (Global)
2026-08-10 17:01:06 +0200: Memory Usage (483112K) : Starting LVS MOSFET CONNECTIONS
2026-08-10 17:01:06 +0200: Memory Usage (483112K) : Starting LVS RF-MOSFET CONNECTIONS
2026-08-10 17:01:06 +0200: Memory Usage (483112K) : Starting LVS BJT CONNECTIONS
2026-08-10 17:01:06 +0200: Memory Usage (483112K) : Starting LVS DIODE CONNECTIONS
2026-08-10 17:01:06 +0200: Memory Usage (483112K) : Starting RESISTOR CONNECTIONS
2026-08-10 17:01:06 +0200: Memory Usage (483112K) : Starting LVS CAP CONNECTIONS
2026-08-10 17:01:06 +0200: Memory Usage (483112K) : Starting CAP_CMOM CONNECTIONS
2026-08-10 17:01:06 +0200: Memory Usage (483112K) : Starting ESD CONNECTIONS
2026-08-10 17:01:06 +0200: Memory Usage (483112K) : Starting Inductor CONNECTIONS
2026-08-10 17:01:06 +0200: Memory Usage (483112K) : Starting LVS Taps CONNECTIONS
2026-08-10 17:01:06 +0200: Memory Usage (483112K) : Starting SG13G2 LVS DEVICES EXTRACTION
2026-08-10 17:01:06 +0200: Memory Usage (483112K) : Starting MOSFET EXTRACTION
2026-08-10 17:01:06 +0200: Memory Usage (483112K) : Starting NMOS EXTRACTION
2026-08-10 17:01:06 +0200: Memory Usage (483112K) : Extraction of NMOS-LV transistor
2026-08-10 17:01:06 +0200: Memory Usage (483112K) : Extraction of NMOS-HV transistor
2026-08-10 17:01:06 +0200: Memory Usage (483112K) : Starting PMOS EXTRACTION
2026-08-10 17:01:06 +0200: Memory Usage (483112K) : Extraction of PMOS-LV transistor
2026-08-10 17:01:06 +0200: Memory Usage (483112K) : Extraction of PMOS-HV transistor
2026-08-10 17:01:06 +0200: Memory Usage (483112K) : Starting RF-MOSFET EXTRACTION
2026-08-10 17:01:06 +0200: Memory Usage (483112K) : Extraction of RF-NMOS-LV transistor
2026-08-10 17:01:06 +0200: Memory Usage (483112K) : Extraction of RF-NMOS-HV transistor
2026-08-10 17:01:06 +0200: Memory Usage (483112K) : Extraction of RF-PMOS-LV transistor
2026-08-10 17:01:06 +0200: Memory Usage (483112K) : Extraction of RF-PMOS-HV transistor
2026-08-10 17:01:06 +0200: Memory Usage (483112K) : Starting BJT EXTRACTION
2026-08-10 17:01:06 +0200: Memory Usage (483112K) : Starting NPN-BJT EXTRACTION
2026-08-10 17:01:06 +0200: Memory Usage (483112K) : Extraction of npn13G2 BJT transistor
2026-08-10 17:01:06 +0200: Memory Usage (483112K) : Extraction of npn13G2L BJT transistor
2026-08-10 17:01:06 +0200: Memory Usage (483112K) : Extraction of npn13G2V BJT transistor
2026-08-10 17:01:06 +0200: Memory Usage (483112K) : Starting PNP-BJT EXTRACTION
2026-08-10 17:01:06 +0200: Memory Usage (483112K) : Extracting pnpMPA BJT
2026-08-10 17:01:06 +0200: Memory Usage (483112K) : Starting DIODE EXTRACTION
2026-08-10 17:01:06 +0200: Memory Usage (483112K) : Extracting dantenna diode
2026-08-10 17:01:06 +0200: Memory Usage (483112K) : Extracting dpantenna diode
2026-08-10 17:01:06 +0200: Memory Usage (483112K) : Extracting schottky_nbl1 diode
2026-08-10 17:01:06 +0200: Memory Usage (483112K) : Extracting isolbox diode
2026-08-10 17:01:06 +0200: Memory Usage (483112K) : Starting RESISTOR EXTRACTION
2026-08-10 17:01:06 +0200: Memory Usage (483112K) : Extracting rsil resistor
2026-08-10 17:01:06 +0200: Memory Usage (483112K) : Extracting rppd resistor
2026-08-10 17:01:06 +0200: Memory Usage (483112K) : Extracting rhigh resistor
2026-08-10 17:01:06 +0200: Memory Usage (483112K) : Extracting res_metal1 resistor
2026-08-10 17:01:06 +0200: Memory Usage (483240K) : Extracting res_metal2 resistor
2026-08-10 17:01:06 +0200: Memory Usage (483240K) : Extracting res_metal3 resistor
2026-08-10 17:01:06 +0200: Memory Usage (483240K) : Extracting res_metal4 resistor
2026-08-10 17:01:06 +0200: Memory Usage (483240K) : Extracting res_metal5 resistor
2026-08-10 17:01:06 +0200: Memory Usage (483240K) : Extracting res_topmetal1 resistor
2026-08-10 17:01:06 +0200: Memory Usage (483240K) : Extracting res_topmetal2 resistor
2026-08-10 17:01:06 +0200: Memory Usage (483240K) : Starting CAP EXTRACTION
2026-08-10 17:01:06 +0200: Memory Usage (483240K) : Extracting cap_cmim device
2026-08-10 17:01:06 +0200: Memory Usage (483240K) : Extracting rfcmim device
2026-08-10 17:01:06 +0200: Memory Usage (483240K) : Extracting sg13_hv_svaricap varactor
2026-08-10 17:01:06 +0200: Memory Usage (483240K) : Extracting cap_cmomi device
2026-08-10 17:01:06 +0200: Memory Usage (483240K) : Extracting sg13_moscap_n capacitor
2026-08-10 17:01:06 +0200: Memory Usage (483240K) : Extracting sg13_moscap_p capacitor
2026-08-10 17:01:06 +0200: Memory Usage (483240K) : Starting ESD EXTRACTION
2026-08-10 17:01:06 +0200: Memory Usage (483240K) : Extracting diodevdd_2kv ESD device
2026-08-10 17:01:06 +0200: Memory Usage (483240K) : Extracting diodevdd_4kv ESD device
2026-08-10 17:01:06 +0200: Memory Usage (483240K) : Extracting diodevss_2kv ESD device
2026-08-10 17:01:06 +0200: Memory Usage (483240K) : Extracting diodevss_4kv ESD device
2026-08-10 17:01:06 +0200: Memory Usage (483240K) : Extracting idiodevdd_2kv ESD device
2026-08-10 17:01:06 +0200: Memory Usage (483240K) : Extracting idiodevdd_4kv ESD device
2026-08-10 17:01:06 +0200: Memory Usage (483240K) : Extracting idiodevss_2kv ESD device
2026-08-10 17:01:06 +0200: Memory Usage (483240K) : Extracting idiodevss_4kv ESD device
2026-08-10 17:01:06 +0200: Memory Usage (483240K) : Extracting nmoscl_2 ESD device
2026-08-10 17:01:06 +0200: Memory Usage (483240K) : Extracting nmoscl_4 ESD device
2026-08-10 17:01:06 +0200: Memory Usage (483240K) : Starting Inductor EXTRACTION
2026-08-10 17:01:06 +0200: Memory Usage (483240K) : Extracting Inductor2 device
2026-08-10 17:01:06 +0200: Memory Usage (483240K) : Extracting Inductor3 device
2026-08-10 17:01:06 +0200: Memory Usage (483240K) : Starting Taps EXTRACTION
2026-08-10 17:01:06 +0200: Memory Usage (483240K) : Extracting ntap1 device
2026-08-10 17:01:06 +0200: Memory Usage (483240K) : Extracting ptap1 device
2026-08-10 17:01:06 +0200: Memory Usage (483240K) : Starting SG13G2 LVS RF MOS Model Mapping
2026-08-10 17:01:06 +0200: Memory Usage (499240K) : [layout_netlist] Apply RF MOS model mapping and rfmode parameter.
2026-08-10 17:01:06 +0200: Memory Usage (499240K) : Starting SG13G2 LVS Options Preparations
2026-08-10 17:01:06 +0200: Memory Usage (499240K) : SG13G2 LVS flow: extraction -> alignment -> option preparation -> comparison.
2026-08-10 17:01:06 +0200: Memory Usage (499240K) : Starting SG13G2 LVS Alignment
2026-08-10 17:01:06 +0200: Memory Usage (499368K) : Starting SG13G2 LVS Simplification
2026-08-10 17:01:06 +0200: Memory Usage (499368K) : [layout_netlist] simplify: ENABLED
2026-08-10 17:01:06 +0200: Memory Usage (499368K) : [layout_netlist] make_top_level_pins: SKIPPED
2026-08-10 17:01:06 +0200: Memory Usage (499368K) : [layout_netlist] combine_devices: ENABLED
2026-08-10 17:01:06 +0200: Memory Usage (499368K) : [layout_netlist] purge: SKIPPED
2026-08-10 17:01:06 +0200: Memory Usage (499368K) : [layout_netlist] purge_nets: SKIPPED
2026-08-10 17:01:06 +0200: Memory Usage (499368K) : [schematic_netlist] simplify: ENABLED
2026-08-10 17:01:06 +0200: Memory Usage (499368K) : [schematic_netlist] make_top_level_pins: SKIPPED
2026-08-10 17:01:06 +0200: Memory Usage (499368K) : [schematic_netlist] combine_devices: ENABLED
2026-08-10 17:01:06 +0200: Memory Usage (499368K) : [schematic_netlist] purge: SKIPPED
2026-08-10 17:01:06 +0200: Memory Usage (499368K) : [schematic_netlist] purge_nets: SKIPPED
2026-08-10 17:01:06 +0200: Memory Usage (499368K) : Starting SG13G2 LVS Comparison
2026-08-10 17:01:06 +0200: Memory Usage (499496K) : ==========================================
2026-08-10 17:01:06 +0200: Memory Usage (499496K) : INFO : Congratulations! Netlists match.
2026-08-10 17:01:06 +0200: Memory Usage (499496K) : ==========================================
2026-08-10 17:01:06 +0200: Memory Usage (499496K) : LVS Total Run time 3.742684 seconds
