# Logfile created on 2026-08-10 18:00:14 +0200 by logger.rb/v1.5.3
2026-08-10 18:00:14 +0200: Memory Usage (455900K) : Starting running SG13G2 Klayout LVS runset on /foss/designs/ihp-open-pdk-regression/IOPADS/layout/sg13g2_IOPadAnalog.gds
2026-08-10 18:00:14 +0200: Memory Usage (455900K) : Ruby Version for klayout: 3.2.3
2026-08-10 18:00:14 +0200: Memory Usage (457308K) : Loading database to memory is complete.
2026-08-10 18:00:14 +0200: Memory Usage (457308K) : SG13G2 Klayout LVS runset output at: /foss/designs/ihp-open-pdk-regression/IOPADS/lvs_sweep/20260810_180010/sg13g2_IOPadAnalog/sg13g2_IOPadAnalog.lvsdb
2026-08-10 18:00:14 +0200: Memory Usage (457308K) : Evaluate switches.
2026-08-10 18:00:14 +0200: Memory Usage (457308K) : Extracted netlist with net names: true
2026-08-10 18:00:14 +0200: Memory Usage (457308K) : Extracted netlist with comments in details: false
2026-08-10 18:00:14 +0200: Memory Usage (457308K) : Selected NET_ONLY option: false
2026-08-10 18:00:14 +0200: Memory Usage (457308K) : Selected LAYOUT_NETLIST option: (none)
2026-08-10 18:00:14 +0200: Memory Usage (457308K) : Selected IGNORE_TOP_PORTS_MISMATCH option: true
2026-08-10 18:00:14 +0200: Memory Usage (457308K) : Selected IMPLICIT_NETS option: iovss,iovdd,vss,vdd,pad,cathode,anode
2026-08-10 18:00:14 +0200: Memory Usage (457308K) : Selected TOP_LVL_PINS option: false
2026-08-10 18:00:14 +0200: Memory Usage (457308K) : Selected COMBINE DEVICES option: true
2026-08-10 18:00:14 +0200: Memory Usage (457308K) : Selected PURGE option: false
2026-08-10 18:00:14 +0200: Memory Usage (457308K) : Selected PURGE_NETS option: false
2026-08-10 18:00:14 +0200: Memory Usage (457308K) : Selected SIMPLIFY option: true
2026-08-10 18:00:14 +0200: Memory Usage (457308K) : Selected SERIES_RES option: true
2026-08-10 18:00:14 +0200: Memory Usage (457308K) : Selected PARALLEL_RES option: true
2026-08-10 18:00:14 +0200: Memory Usage (457308K) : Selected DISABLE_TAP_EXTRACTION option: false
2026-08-10 18:00:14 +0200: Memory Usage (457308K) : deep  mode is enabled.
2026-08-10 18:00:14 +0200: Memory Usage (457308K) : Applying implicit connections (case-sensitive, pattern supported) for nets: iovss, iovdd, vss, vdd, pad, cathode, anode
2026-08-10 18:00:14 +0200: Memory Usage (458716K) : Netlist file: /foss/designs/ihp-open-pdk-regression/IOPADS/netlist/pads_sub/sg13g2_IOPadAnalog.spi
2026-08-10 18:00:14 +0200: Memory Usage (458716K) : LVS extracted netlist at: /foss/designs/ihp-open-pdk-regression/IOPADS/lvs_sweep/20260810_180010/sg13g2_IOPadAnalog/sg13g2_IOPadAnalog_extracted.cir
2026-08-10 18:00:14 +0200: Memory Usage (458716K) : Applying SRAM integration support.
2026-08-10 18:00:14 +0200: Memory Usage (458716K) : Starting SG13G2 LVS runset
2026-08-10 18:00:14 +0200: Memory Usage (458716K) : Read in polygons from layers.
2026-08-10 18:00:14 +0200: Memory Usage (460508K) : activ_drw has 51 polygons
2026-08-10 18:00:14 +0200: Memory Usage (460508K) : activ_filler has 0 polygons
2026-08-10 18:00:14 +0200: Memory Usage (460636K) : activ has 51 polygons
2026-08-10 18:00:14 +0200: Memory Usage (460636K) : activ_pin has 0 polygons
2026-08-10 18:00:14 +0200: Memory Usage (460636K) : activ_mask has 0 polygons
2026-08-10 18:00:14 +0200: Memory Usage (460636K) : activ_nofill has 0 polygons
2026-08-10 18:00:14 +0200: Memory Usage (460764K) : activ_OPC has 0 polygons
2026-08-10 18:00:14 +0200: Memory Usage (460764K) : activ_iOPC has 0 polygons
2026-08-10 18:00:14 +0200: Memory Usage (460892K) : activ_noqrc has 0 polygons
2026-08-10 18:00:14 +0200: Memory Usage (461020K) : biwind_drw has 0 polygons
2026-08-10 18:00:14 +0200: Memory Usage (461148K) : biwind_OPC has 0 polygons
2026-08-10 18:00:14 +0200: Memory Usage (461148K) : gatpoly_drw has 49 polygons
2026-08-10 18:00:14 +0200: Memory Usage (461276K) : gatpoly_filler has 0 polygons
2026-08-10 18:00:14 +0200: Memory Usage (461276K) : gatpoly has 49 polygons
2026-08-10 18:00:14 +0200: Memory Usage (461404K) : gatpoly_pin has 0 polygons
2026-08-10 18:00:14 +0200: Memory Usage (461404K) : gatpoly_nofill has 0 polygons
2026-08-10 18:00:14 +0200: Memory Usage (461532K) : gatpoly_OPC has 0 polygons
2026-08-10 18:00:14 +0200: Memory Usage (461532K) : gatpoly_iOPC has 0 polygons
2026-08-10 18:00:14 +0200: Memory Usage (461660K) : gatpoly_noqrc has 0 polygons
2026-08-10 18:00:14 +0200: Memory Usage (463196K) : cont_drw has 46288 polygons
2026-08-10 18:00:14 +0200: Memory Usage (463196K) : cont_OPC has 0 polygons
2026-08-10 18:00:14 +0200: Memory Usage (463196K) : nsd_drw has 0 polygons
2026-08-10 18:00:14 +0200: Memory Usage (463196K) : nsd_block has 0 polygons
2026-08-10 18:00:14 +0200: Memory Usage (463196K) : metal1_drw has 344 polygons
2026-08-10 18:00:14 +0200: Memory Usage (463196K) : metal1_filler has 0 polygons
2026-08-10 18:00:14 +0200: Memory Usage (463196K) : metal1_slit has 0 polygons
2026-08-10 18:00:14 +0200: Memory Usage (463452K) : metal1 has 344 polygons
2026-08-10 18:00:14 +0200: Memory Usage (463452K) : metal1_pin has 22 polygons
2026-08-10 18:00:14 +0200: Memory Usage (463452K) : metal1_mask has 0 polygons
2026-08-10 18:00:14 +0200: Memory Usage (463452K) : metal1_nofill has 0 polygons
2026-08-10 18:00:14 +0200: Memory Usage (463580K) : metal1_text has 18 polygons
2026-08-10 18:00:14 +0200: Memory Usage (463708K) : metal1_OPC has 0 polygons
2026-08-10 18:00:14 +0200: Memory Usage (463708K) : metal1_noqrc has 0 polygons
2026-08-10 18:00:14 +0200: Memory Usage (463836K) : metal1_res has 0 polygons
2026-08-10 18:00:14 +0200: Memory Usage (463836K) : metal1_iprobe has 0 polygons
2026-08-10 18:00:14 +0200: Memory Usage (463964K) : metal1_diffprb has 0 polygons
2026-08-10 18:00:14 +0200: Memory Usage (463964K) : passiv_drw has 0 polygons
2026-08-10 18:00:14 +0200: Memory Usage (464092K) : passiv_pin has 0 polygons
2026-08-10 18:00:14 +0200: Memory Usage (464092K) : passiv_sbump has 0 polygons
2026-08-10 18:00:14 +0200: Memory Usage (464220K) : passiv_pillar has 0 polygons
2026-08-10 18:00:14 +0200: Memory Usage (464220K) : passiv_pdl has 0 polygons
2026-08-10 18:00:14 +0200: Memory Usage (464348K) : metal2_drw has 96 polygons
2026-08-10 18:00:14 +0200: Memory Usage (464348K) : metal2_filler has 0 polygons
2026-08-10 18:00:14 +0200: Memory Usage (464476K) : metal2_slit has 0 polygons
2026-08-10 18:00:14 +0200: Memory Usage (464476K) : metal2 has 96 polygons
2026-08-10 18:00:14 +0200: Memory Usage (464604K) : metal2_pin has 26 polygons
2026-08-10 18:00:14 +0200: Memory Usage (464604K) : metal2_mask has 0 polygons
2026-08-10 18:00:14 +0200: Memory Usage (464604K) : metal2_nofill has 0 polygons
2026-08-10 18:00:14 +0200: Memory Usage (464604K) : metal2_text has 26 polygons
2026-08-10 18:00:14 +0200: Memory Usage (464732K) : metal2_OPC has 0 polygons
2026-08-10 18:00:14 +0200: Memory Usage (464732K) : metal2_noqrc has 0 polygons
2026-08-10 18:00:14 +0200: Memory Usage (464732K) : metal2_res has 0 polygons
2026-08-10 18:00:14 +0200: Memory Usage (464860K) : metal2_iprobe has 0 polygons
2026-08-10 18:00:14 +0200: Memory Usage (464860K) : metal2_diffprb has 0 polygons
2026-08-10 18:00:14 +0200: Memory Usage (464860K) : baspoly_drw has 0 polygons
2026-08-10 18:00:14 +0200: Memory Usage (464988K) : baspoly_pin has 0 polygons
2026-08-10 18:00:14 +0200: Memory Usage (465116K) : psd_drw has 35 polygons
2026-08-10 18:00:14 +0200: Memory Usage (465116K) : nldb_drw has 0 polygons
2026-08-10 18:00:14 +0200: Memory Usage (465244K) : digibnd_drw has 0 polygons
2026-08-10 18:00:14 +0200: Memory Usage (465244K) : via1_drw has 1936 polygons
2026-08-10 18:00:14 +0200: Memory Usage (465372K) : backmetal1_drw has 0 polygons
2026-08-10 18:00:14 +0200: Memory Usage (465500K) : backmetal1_pin has 0 polygons
2026-08-10 18:00:14 +0200: Memory Usage (465500K) : backmetal1_mask has 0 polygons
2026-08-10 18:00:14 +0200: Memory Usage (465628K) : backmetal1_filler has 0 polygons
2026-08-10 18:00:14 +0200: Memory Usage (465628K) : backmetal1_nofill has 0 polygons
2026-08-10 18:00:14 +0200: Memory Usage (465756K) : backmetal1_slit has 0 polygons
2026-08-10 18:00:14 +0200: Memory Usage (465756K) : backmetal1_text has 0 polygons
2026-08-10 18:00:14 +0200: Memory Usage (465884K) : backmetal1_OPC has 0 polygons
2026-08-10 18:00:14 +0200: Memory Usage (465884K) : backmetal1_noqrc has 0 polygons
2026-08-10 18:00:14 +0200: Memory Usage (466012K) : backmetal1_res has 0 polygons
2026-08-10 18:00:14 +0200: Memory Usage (466012K) : backmetal1_iprobe has 0 polygons
2026-08-10 18:00:14 +0200: Memory Usage (466140K) : backmetal1_diffprb has 0 polygons
2026-08-10 18:00:14 +0200: Memory Usage (466140K) : backpassiv_drw has 0 polygons
2026-08-10 18:00:14 +0200: Memory Usage (466268K) : res_drw has 0 polygons
2026-08-10 18:00:14 +0200: Memory Usage (466396K) : sram_drw has 0 polygons
2026-08-10 18:00:14 +0200: Memory Usage (466396K) : trans_drw has 0 polygons
2026-08-10 18:00:14 +0200: Memory Usage (466524K) : ind_drw has 0 polygons
2026-08-10 18:00:14 +0200: Memory Usage (466524K) : ind_pin has 0 polygons
2026-08-10 18:00:14 +0200: Memory Usage (466652K) : ind_text has 0 polygons
2026-08-10 18:00:14 +0200: Memory Usage (466652K) : salblock_drw has 3 polygons
2026-08-10 18:00:14 +0200: Memory Usage (466780K) : via2_drw has 1926 polygons
2026-08-10 18:00:14 +0200: Memory Usage (466908K) : metal3_drw has 32 polygons
2026-08-10 18:00:14 +0200: Memory Usage (466908K) : metal3_filler has 0 polygons
2026-08-10 18:00:14 +0200: Memory Usage (466908K) : metal3_slit has 0 polygons
2026-08-10 18:00:14 +0200: Memory Usage (467036K) : metal3 has 32 polygons
2026-08-10 18:00:14 +0200: Memory Usage (467036K) : metal3_pin has 10 polygons
2026-08-10 18:00:14 +0200: Memory Usage (467164K) : metal3_mask has 0 polygons
2026-08-10 18:00:14 +0200: Memory Usage (467164K) : metal3_nofill has 0 polygons
2026-08-10 18:00:14 +0200: Memory Usage (467292K) : metal3_text has 10 polygons
2026-08-10 18:00:14 +0200: Memory Usage (467292K) : metal3_OPC has 0 polygons
2026-08-10 18:00:14 +0200: Memory Usage (467420K) : metal3_noqrc has 0 polygons
2026-08-10 18:00:14 +0200: Memory Usage (467420K) : metal3_res has 0 polygons
2026-08-10 18:00:14 +0200: Memory Usage (467548K) : metal3_iprobe has 0 polygons
2026-08-10 18:00:14 +0200: Memory Usage (467548K) : metal3_diffprb has 0 polygons
2026-08-10 18:00:14 +0200: Memory Usage (467676K) : nwell_drw has 19 polygons
2026-08-10 18:00:14 +0200: Memory Usage (467676K) : nwell_pin has 0 polygons
2026-08-10 18:00:14 +0200: Memory Usage (467804K) : nwell_text has 0 polygons
2026-08-10 18:00:14 +0200: Memory Usage (467932K) : nbulay_drw has 0 polygons
2026-08-10 18:00:14 +0200: Memory Usage (467932K) : nbulay_pin has 0 polygons
2026-08-10 18:00:14 +0200: Memory Usage (468060K) : nbulay_block has 0 polygons
2026-08-10 18:00:14 +0200: Memory Usage (468060K) : emwind_drw has 0 polygons
2026-08-10 18:00:14 +0200: Memory Usage (468188K) : emwind_OPC has 0 polygons
2026-08-10 18:00:14 +0200: Memory Usage (468188K) : deepco_drw has 0 polygons
2026-08-10 18:00:14 +0200: Memory Usage (468316K) : mim_drw has 0 polygons
2026-08-10 18:00:14 +0200: Memory Usage (468316K) : edgeseal_drw has 0 polygons
2026-08-10 18:00:14 +0200: Memory Usage (468444K) : substrate_drw has 19 polygons
2026-08-10 18:00:14 +0200: Memory Usage (468444K) : substrate_text has 0 polygons
2026-08-10 18:00:14 +0200: Memory Usage (468572K) : dfpad_drw has 0 polygons
2026-08-10 18:00:14 +0200: Memory Usage (468572K) : dfpad_pillar has 0 polygons
2026-08-10 18:00:14 +0200: Memory Usage (468700K) : dfpad_sbump has 0 polygons
2026-08-10 18:00:14 +0200: Memory Usage (468700K) : thickgateox_drw has 2 polygons
2026-08-10 18:00:14 +0200: Memory Usage (468828K) : pldb_drw has 0 polygons
2026-08-10 18:00:14 +0200: Memory Usage (468828K) : pwell_drw has 0 polygons
2026-08-10 18:00:14 +0200: Memory Usage (468956K) : pwell_pin has 0 polygons
2026-08-10 18:00:14 +0200: Memory Usage (469084K) : pwell_block has 0 polygons
2026-08-10 18:00:14 +0200: Memory Usage (469084K) : ic_drw has 0 polygons
2026-08-10 18:00:14 +0200: Memory Usage (469212K) : via3_drw has 2087 polygons
2026-08-10 18:00:14 +0200: Memory Usage (469340K) : metal4_drw has 8 polygons
2026-08-10 18:00:14 +0200: Memory Usage (469340K) : metal4_filler has 0 polygons
2026-08-10 18:00:14 +0200: Memory Usage (469468K) : metal4_slit has 0 polygons
2026-08-10 18:00:14 +0200: Memory Usage (469468K) : metal4 has 8 polygons
2026-08-10 18:00:14 +0200: Memory Usage (469596K) : metal4_pin has 8 polygons
2026-08-10 18:00:14 +0200: Memory Usage (469596K) : metal4_mask has 0 polygons
2026-08-10 18:00:14 +0200: Memory Usage (469724K) : metal4_nofill has 0 polygons
2026-08-10 18:00:14 +0200: Memory Usage (469724K) : metal4_text has 8 polygons
2026-08-10 18:00:14 +0200: Memory Usage (469852K) : metal4_OPC has 0 polygons
2026-08-10 18:00:14 +0200: Memory Usage (469852K) : metal4_noqrc has 0 polygons
2026-08-10 18:00:14 +0200: Memory Usage (469980K) : metal4_res has 0 polygons
2026-08-10 18:00:14 +0200: Memory Usage (470108K) : metal4_iprobe has 0 polygons
2026-08-10 18:00:14 +0200: Memory Usage (470108K) : metal4_diffprb has 0 polygons
2026-08-10 18:00:14 +0200: Memory Usage (470236K) : heattrans_drw has 0 polygons
2026-08-10 18:00:14 +0200: Memory Usage (470236K) : heatres_drw has 2 polygons
2026-08-10 18:00:14 +0200: Memory Usage (470364K) : fbe_drw has 0 polygons
2026-08-10 18:00:14 +0200: Memory Usage (470364K) : empoly_drw has 0 polygons
2026-08-10 18:00:14 +0200: Memory Usage (470492K) : digisub_drw has 0 polygons
2026-08-10 18:00:14 +0200: Memory Usage (470492K) : text_drw has 17 polygons
2026-08-10 18:00:14 +0200: Memory Usage (470620K) : via4_drw has 2371 polygons
2026-08-10 18:00:14 +0200: Memory Usage (470748K) : metal5_drw has 8 polygons
2026-08-10 18:00:14 +0200: Memory Usage (470748K) : metal5_filler has 0 polygons
2026-08-10 18:00:14 +0200: Memory Usage (470876K) : metal5_slit has 0 polygons
2026-08-10 18:00:14 +0200: Memory Usage (470876K) : metal5 has 8 polygons
2026-08-10 18:00:14 +0200: Memory Usage (470876K) : metal5_pin has 8 polygons
2026-08-10 18:00:14 +0200: Memory Usage (470876K) : metal5_mask has 0 polygons
2026-08-10 18:00:14 +0200: Memory Usage (470876K) : metal5_nofill has 0 polygons
2026-08-10 18:00:14 +0200: Memory Usage (470876K) : metal5_text has 8 polygons
2026-08-10 18:00:14 +0200: Memory Usage (470876K) : metal5_OPC has 0 polygons
2026-08-10 18:00:14 +0200: Memory Usage (470876K) : metal5_noqrc has 0 polygons
2026-08-10 18:00:14 +0200: Memory Usage (470876K) : metal5_res has 0 polygons
2026-08-10 18:00:14 +0200: Memory Usage (470876K) : metal5_iprobe has 0 polygons
2026-08-10 18:00:14 +0200: Memory Usage (470876K) : metal5_diffprb has 0 polygons
2026-08-10 18:00:14 +0200: Memory Usage (470876K) : radhard_drw has 0 polygons
2026-08-10 18:00:14 +0200: Memory Usage (470876K) : memcap_drw has 0 polygons
2026-08-10 18:00:14 +0200: Memory Usage (470876K) : varicap_drw has 0 polygons
2026-08-10 18:00:14 +0200: Memory Usage (470876K) : intbondvia_drw has 0 polygons
2026-08-10 18:00:14 +0200: Memory Usage (470876K) : intbondmet_drw has 0 polygons
2026-08-10 18:00:14 +0200: Memory Usage (470876K) : devbondvia_drw has 0 polygons
2026-08-10 18:00:14 +0200: Memory Usage (470876K) : devbondmet_drw has 0 polygons
2026-08-10 18:00:14 +0200: Memory Usage (470876K) : devtrench_drw has 0 polygons
2026-08-10 18:00:14 +0200: Memory Usage (470876K) : redist_drw has 0 polygons
2026-08-10 18:00:14 +0200: Memory Usage (470876K) : graphbot_drw has 0 polygons
2026-08-10 18:00:14 +0200: Memory Usage (470876K) : graphtop_drw has 0 polygons
2026-08-10 18:00:14 +0200: Memory Usage (470876K) : antvia1_drw has 0 polygons
2026-08-10 18:00:14 +0200: Memory Usage (470876K) : antmetal2_drw has 0 polygons
2026-08-10 18:00:14 +0200: Memory Usage (470876K) : graphcont_drw has 0 polygons
2026-08-10 18:00:14 +0200: Memory Usage (470876K) : siwg_drw has 0 polygons
2026-08-10 18:00:14 +0200: Memory Usage (470876K) : siwg_filler has 0 polygons
2026-08-10 18:00:14 +0200: Memory Usage (470876K) : siwg_nofill has 0 polygons
2026-08-10 18:00:14 +0200: Memory Usage (470876K) : sigrating_drw has 0 polygons
2026-08-10 18:00:14 +0200: Memory Usage (470876K) : singrating_drw has 0 polygons
2026-08-10 18:00:14 +0200: Memory Usage (470876K) : graphpas_drw has 0 polygons
2026-08-10 18:00:14 +0200: Memory Usage (470876K) : emwind3_drw has 0 polygons
2026-08-10 18:00:14 +0200: Memory Usage (470876K) : emwihv3_drw has 0 polygons
2026-08-10 18:00:14 +0200: Memory Usage (470876K) : redbulay_drw has 0 polygons
2026-08-10 18:00:14 +0200: Memory Usage (470876K) : smos_drw has 0 polygons
2026-08-10 18:00:14 +0200: Memory Usage (470876K) : graphpad_drw has 0 polygons
2026-08-10 18:00:14 +0200: Memory Usage (470876K) : polimide_drw has 0 polygons
2026-08-10 18:00:14 +0200: Memory Usage (470876K) : polimide_pin has 0 polygons
2026-08-10 18:00:14 +0200: Memory Usage (470876K) : recog_drw has 0 polygons
2026-08-10 18:00:14 +0200: Memory Usage (470876K) : recog_pin has 0 polygons
2026-08-10 18:00:14 +0200: Memory Usage (470876K) : recog_esd has 0 polygons
2026-08-10 18:00:14 +0200: Memory Usage (470876K) : recog_diode has 6 polygons
2026-08-10 18:00:14 +0200: Memory Usage (470876K) : recog_tsv has 0 polygons
2026-08-10 18:00:14 +0200: Memory Usage (470876K) : recog_iprobe has 0 polygons
2026-08-10 18:00:14 +0200: Memory Usage (470876K) : recog_diffprb has 0 polygons
2026-08-10 18:00:14 +0200: Memory Usage (470876K) : recog_pillar has 0 polygons
2026-08-10 18:00:14 +0200: Memory Usage (470876K) : recog_sbump has 0 polygons
2026-08-10 18:00:14 +0200: Memory Usage (470876K) : recog_otp has 0 polygons
2026-08-10 18:00:14 +0200: Memory Usage (470876K) : recog_pdiode has 0 polygons
2026-08-10 18:00:14 +0200: Memory Usage (470876K) : recog_mom has 0 polygons
2026-08-10 18:00:14 +0200: Memory Usage (470876K) : recog_pcm has 0 polygons
2026-08-10 18:00:14 +0200: Memory Usage (470876K) : colopen_drw has 0 polygons
2026-08-10 18:00:14 +0200: Memory Usage (470876K) : graphmetal1_drw has 0 polygons
2026-08-10 18:00:14 +0200: Memory Usage (470876K) : graphmetal1_filler has 0 polygons
2026-08-10 18:00:14 +0200: Memory Usage (470876K) : graphmetal1_nofill has 0 polygons
2026-08-10 18:00:14 +0200: Memory Usage (470876K) : graphmetal1_slit has 0 polygons
2026-08-10 18:00:14 +0200: Memory Usage (470876K) : graphmetal1_OPC has 0 polygons
2026-08-10 18:00:14 +0200: Memory Usage (470876K) : graphmet1l_drw has 0 polygons
2026-08-10 18:00:14 +0200: Memory Usage (470876K) : graphmet1l_filler has 0 polygons
2026-08-10 18:00:14 +0200: Memory Usage (470876K) : graphmet1l_nofill has 0 polygons
2026-08-10 18:00:14 +0200: Memory Usage (470876K) : graphmet1l_slit has 0 polygons
2026-08-10 18:00:14 +0200: Memory Usage (470876K) : graphmet1l_OPC has 0 polygons
2026-08-10 18:00:14 +0200: Memory Usage (470876K) : extblock_drw has 8 polygons
2026-08-10 18:00:14 +0200: Memory Usage (470876K) : nldd_drw has 0 polygons
2026-08-10 18:00:14 +0200: Memory Usage (470876K) : pldd_drw has 0 polygons
2026-08-10 18:00:15 +0200: Memory Usage (470876K) : next_drw has 0 polygons
2026-08-10 18:00:15 +0200: Memory Usage (470876K) : pext_drw has 0 polygons
2026-08-10 18:00:15 +0200: Memory Usage (470876K) : nexthv_drw has 0 polygons
2026-08-10 18:00:15 +0200: Memory Usage (470876K) : pexthv_drw has 0 polygons
2026-08-10 18:00:15 +0200: Memory Usage (470876K) : graphgate_drw has 0 polygons
2026-08-10 18:00:15 +0200: Memory Usage (470876K) : sinwg_drw has 0 polygons
2026-08-10 18:00:15 +0200: Memory Usage (470876K) : sinwg_filler has 0 polygons
2026-08-10 18:00:15 +0200: Memory Usage (470876K) : sinwg_nofill has 0 polygons
2026-08-10 18:00:15 +0200: Memory Usage (470876K) : mempad_drw has 0 polygons
2026-08-10 18:00:15 +0200: Memory Usage (470876K) : topvia1_drw has 2315 polygons
2026-08-10 18:00:15 +0200: Memory Usage (470876K) : topmetal1_drw has 8 polygons
2026-08-10 18:00:15 +0200: Memory Usage (470876K) : topmetal1_filler has 0 polygons
2026-08-10 18:00:15 +0200: Memory Usage (470876K) : topmetal1_slit has 0 polygons
2026-08-10 18:00:15 +0200: Memory Usage (470876K) : topmetal1 has 8 polygons
2026-08-10 18:00:15 +0200: Memory Usage (470876K) : topmetal1_pin has 10 polygons
2026-08-10 18:00:15 +0200: Memory Usage (470876K) : topmetal1_mask has 0 polygons
2026-08-10 18:00:15 +0200: Memory Usage (470876K) : topmetal1_nofill has 0 polygons
2026-08-10 18:00:15 +0200: Memory Usage (470876K) : topmetal1_text has 8 polygons
2026-08-10 18:00:15 +0200: Memory Usage (470876K) : topmetal1_noqrc has 0 polygons
2026-08-10 18:00:15 +0200: Memory Usage (470876K) : topmetal1_res has 0 polygons
2026-08-10 18:00:15 +0200: Memory Usage (470876K) : topmetal1_iprobe has 0 polygons
2026-08-10 18:00:15 +0200: Memory Usage (470876K) : topmetal1_diffprb has 0 polygons
2026-08-10 18:00:15 +0200: Memory Usage (470876K) : inldpwl_drw has 0 polygons
2026-08-10 18:00:15 +0200: Memory Usage (470876K) : polyres_drw has 3 polygons
2026-08-10 18:00:15 +0200: Memory Usage (470876K) : polyres_pin has 0 polygons
2026-08-10 18:00:15 +0200: Memory Usage (470876K) : vmim_drw has 0 polygons
2026-08-10 18:00:15 +0200: Memory Usage (470876K) : nbulaycut_drw has 0 polygons
2026-08-10 18:00:15 +0200: Memory Usage (470876K) : antmetal1_drw has 0 polygons
2026-08-10 18:00:15 +0200: Memory Usage (470876K) : topvia2_drw has 1593 polygons
2026-08-10 18:00:15 +0200: Memory Usage (470876K) : topmetal2_drw has 6 polygons
2026-08-10 18:00:15 +0200: Memory Usage (470876K) : topmetal2_filler has 0 polygons
2026-08-10 18:00:15 +0200: Memory Usage (470876K) : topmetal2_slit has 0 polygons
2026-08-10 18:00:15 +0200: Memory Usage (470876K) : topmetal2 has 6 polygons
2026-08-10 18:00:15 +0200: Memory Usage (470876K) : topmetal2_pin has 6 polygons
2026-08-10 18:00:15 +0200: Memory Usage (470876K) : topmetal2_mask has 0 polygons
2026-08-10 18:00:15 +0200: Memory Usage (470876K) : topmetal2_nofill has 0 polygons
2026-08-10 18:00:15 +0200: Memory Usage (470876K) : topmetal2_text has 6 polygons
2026-08-10 18:00:15 +0200: Memory Usage (470876K) : topmetal2_noqrc has 0 polygons
2026-08-10 18:00:15 +0200: Memory Usage (470876K) : topmetal2_res has 0 polygons
2026-08-10 18:00:15 +0200: Memory Usage (470876K) : topmetal2_iprobe has 0 polygons
2026-08-10 18:00:15 +0200: Memory Usage (470876K) : topmetal2_diffprb has 0 polygons
2026-08-10 18:00:15 +0200: Memory Usage (470876K) : snsring_drw has 0 polygons
2026-08-10 18:00:15 +0200: Memory Usage (470876K) : sensor_drw has 0 polygons
2026-08-10 18:00:15 +0200: Memory Usage (470876K) : snsarms_drw has 0 polygons
2026-08-10 18:00:15 +0200: Memory Usage (470876K) : snscmosvia_drw has 0 polygons
2026-08-10 18:00:15 +0200: Memory Usage (470876K) : colwind_drw has 0 polygons
2026-08-10 18:00:15 +0200: Memory Usage (470876K) : flm_drw has 0 polygons
2026-08-10 18:00:15 +0200: Memory Usage (470876K) : hafniumox_drw has 0 polygons
2026-08-10 18:00:15 +0200: Memory Usage (470876K) : memvia_drw has 0 polygons
2026-08-10 18:00:15 +0200: Memory Usage (470876K) : thinfilmres_drw has 0 polygons
2026-08-10 18:00:15 +0200: Memory Usage (470876K) : rfmem_drw has 0 polygons
2026-08-10 18:00:15 +0200: Memory Usage (470876K) : norcx_drw has 0 polygons
2026-08-10 18:00:15 +0200: Memory Usage (470876K) : norcx_m2m3 has 0 polygons
2026-08-10 18:00:15 +0200: Memory Usage (470876K) : norcx_m2m4 has 0 polygons
2026-08-10 18:00:15 +0200: Memory Usage (470876K) : norcx_m2m5 has 0 polygons
2026-08-10 18:00:15 +0200: Memory Usage (470876K) : norcx_m2tm1 has 0 polygons
2026-08-10 18:00:15 +0200: Memory Usage (470876K) : norcx_m2tm2 has 0 polygons
2026-08-10 18:00:15 +0200: Memory Usage (470876K) : norcx_m3m4 has 0 polygons
2026-08-10 18:00:15 +0200: Memory Usage (470876K) : norcx_m3m5 has 0 polygons
2026-08-10 18:00:15 +0200: Memory Usage (470876K) : norcx_m3tm1 has 0 polygons
2026-08-10 18:00:15 +0200: Memory Usage (470876K) : norcx_m3tm2 has 0 polygons
2026-08-10 18:00:15 +0200: Memory Usage (470876K) : norcx_m4m5 has 0 polygons
2026-08-10 18:00:15 +0200: Memory Usage (470876K) : norcx_m4tm1 has 0 polygons
2026-08-10 18:00:15 +0200: Memory Usage (470876K) : norcx_m4tm2 has 0 polygons
2026-08-10 18:00:15 +0200: Memory Usage (470876K) : norcx_m5tm1 has 0 polygons
2026-08-10 18:00:15 +0200: Memory Usage (470876K) : norcx_m5tm2 has 0 polygons
2026-08-10 18:00:15 +0200: Memory Usage (470876K) : norcx_tm1tm2 has 0 polygons
2026-08-10 18:00:15 +0200: Memory Usage (470876K) : norcx_m1sub has 0 polygons
2026-08-10 18:00:15 +0200: Memory Usage (470876K) : norcx_m2sub has 0 polygons
2026-08-10 18:00:15 +0200: Memory Usage (470876K) : norcx_m3sub has 0 polygons
2026-08-10 18:00:15 +0200: Memory Usage (470876K) : norcx_m4sub has 0 polygons
2026-08-10 18:00:15 +0200: Memory Usage (471004K) : norcx_m5sub has 0 polygons
2026-08-10 18:00:15 +0200: Memory Usage (471004K) : norcx_tm1sub has 0 polygons
2026-08-10 18:00:15 +0200: Memory Usage (471004K) : norcx_tm2sub has 0 polygons
2026-08-10 18:00:15 +0200: Memory Usage (471004K) : snsbotvia_drw has 0 polygons
2026-08-10 18:00:15 +0200: Memory Usage (471132K) : snstopvia_drw has 0 polygons
2026-08-10 18:00:15 +0200: Memory Usage (471132K) : deepvia_drw has 0 polygons
2026-08-10 18:00:15 +0200: Memory Usage (471260K) : fgetch_drw has 0 polygons
2026-08-10 18:00:15 +0200: Memory Usage (471388K) : ctrgat_drw has 0 polygons
2026-08-10 18:00:15 +0200: Memory Usage (471388K) : fgimp_drw has 0 polygons
2026-08-10 18:00:15 +0200: Memory Usage (471516K) : emwihv_drw has 0 polygons
2026-08-10 18:00:15 +0200: Memory Usage (471516K) : lbe_drw has 0 polygons
2026-08-10 18:00:15 +0200: Memory Usage (471644K) : alcustop_drw has 0 polygons
2026-08-10 18:00:15 +0200: Memory Usage (471644K) : nometfiller_drw has 0 polygons
2026-08-10 18:00:15 +0200: Memory Usage (471772K) : prboundary_drw has 0 polygons
2026-08-10 18:00:15 +0200: Memory Usage (471772K) : exchange0_drw has 0 polygons
2026-08-10 18:00:15 +0200: Memory Usage (471900K) : exchange0_pin has 0 polygons
2026-08-10 18:00:15 +0200: Memory Usage (471900K) : exchange0_text has 0 polygons
2026-08-10 18:00:15 +0200: Memory Usage (472028K) : exchange1_drw has 0 polygons
2026-08-10 18:00:15 +0200: Memory Usage (472028K) : exchange1_pin has 0 polygons
2026-08-10 18:00:15 +0200: Memory Usage (472156K) : exchange1_text has 0 polygons
2026-08-10 18:00:15 +0200: Memory Usage (472156K) : exchange2_drw has 0 polygons
2026-08-10 18:00:15 +0200: Memory Usage (472284K) : exchange2_pin has 0 polygons
2026-08-10 18:00:15 +0200: Memory Usage (472284K) : exchange2_text has 0 polygons
2026-08-10 18:00:15 +0200: Memory Usage (472412K) : exchange3_drw has 0 polygons
2026-08-10 18:00:15 +0200: Memory Usage (472412K) : exchange3_pin has 0 polygons
2026-08-10 18:00:15 +0200: Memory Usage (472540K) : exchange3_text has 0 polygons
2026-08-10 18:00:15 +0200: Memory Usage (472540K) : exchange4_drw has 0 polygons
2026-08-10 18:00:15 +0200: Memory Usage (472668K) : exchange4_pin has 0 polygons
2026-08-10 18:00:15 +0200: Memory Usage (472796K) : exchange4_text has 0 polygons
2026-08-10 18:00:15 +0200: Memory Usage (472796K) : isonwell_drw has 0 polygons
2026-08-10 18:00:15 +0200: Memory Usage (472796K) : Total no. of polygons in the design is 59406
2026-08-10 18:00:15 +0200: Memory Usage (472796K) : Starting base layers derivations
2026-08-10 18:00:15 +0200: Memory Usage (472796K) : Starting general LVS derivations
2026-08-10 18:00:15 +0200: Memory Usage (481372K) : Starting MOSFET DERIVATIONS
2026-08-10 18:00:15 +0200: Memory Usage (482044K) : Starting NMOS DERIVATIONS
2026-08-10 18:00:15 +0200: Memory Usage (482044K) : Starting PMOS DERIVATIONS
2026-08-10 18:00:15 +0200: Memory Usage (482044K) : Starting RF-MOSFET DERIVATIONS
2026-08-10 18:00:15 +0200: Memory Usage (482044K) : Starting RF-NMOS DERIVATIONS
2026-08-10 18:00:15 +0200: Memory Usage (482044K) : Starting RF-PMOS DERIVATIONS
2026-08-10 18:00:15 +0200: Memory Usage (482044K) : Starting BJT DERIVATIONS
2026-08-10 18:00:15 +0200: Memory Usage (482044K) : Starting NPN-BJT DERIVATIONS
2026-08-10 18:00:15 +0200: Memory Usage (482044K) : Starting PNP-BJT DERIVATIONS
2026-08-10 18:00:15 +0200: Memory Usage (482044K) : Starting DIODE DERIVATIONS
2026-08-10 18:00:16 +0200: Memory Usage (482476K) : Starting RESISTOR DERIVATIONS
2026-08-10 18:00:16 +0200: Memory Usage (482604K) : Starting CAP DERIVATIONS
2026-08-10 18:00:16 +0200: Memory Usage (482604K) : Starting CAP_CMOM DERIVATIONS
2026-08-10 18:00:16 +0200: Memory Usage (482604K) : Starting ESD DERIVATIONS
2026-08-10 18:00:17 +0200: Memory Usage (482604K) : Starting Inductor DERIVATIONS
2026-08-10 18:00:17 +0200: Memory Usage (482604K) : Starting Taps DERIVATIONS
2026-08-10 18:00:17 +0200: Memory Usage (482604K) : Starting SG13G2 LVS connectivity setup
2026-08-10 18:00:17 +0200: Memory Usage (482604K) : Starting SG13G2 LVS connectivity setup (Inter-layer)
2026-08-10 18:00:17 +0200: Memory Usage (482860K) : Starting SG13G2 LVS connectivity setup (Global)
2026-08-10 18:00:17 +0200: Memory Usage (482860K) : Starting LVS MOSFET CONNECTIONS
2026-08-10 18:00:17 +0200: Memory Usage (482860K) : Starting LVS RF-MOSFET CONNECTIONS
2026-08-10 18:00:17 +0200: Memory Usage (482860K) : Starting LVS BJT CONNECTIONS
2026-08-10 18:00:17 +0200: Memory Usage (482860K) : Starting LVS DIODE CONNECTIONS
2026-08-10 18:00:17 +0200: Memory Usage (482860K) : Starting RESISTOR CONNECTIONS
2026-08-10 18:00:17 +0200: Memory Usage (482860K) : Starting LVS CAP CONNECTIONS
2026-08-10 18:00:17 +0200: Memory Usage (482860K) : Starting CAP_CMOM CONNECTIONS
2026-08-10 18:00:17 +0200: Memory Usage (482860K) : Starting ESD CONNECTIONS
2026-08-10 18:00:17 +0200: Memory Usage (482860K) : Starting Inductor CONNECTIONS
2026-08-10 18:00:17 +0200: Memory Usage (482860K) : Starting LVS Taps CONNECTIONS
2026-08-10 18:00:17 +0200: Memory Usage (482860K) : Starting SG13G2 LVS DEVICES EXTRACTION
2026-08-10 18:00:17 +0200: Memory Usage (482860K) : Starting MOSFET EXTRACTION
2026-08-10 18:00:17 +0200: Memory Usage (482860K) : Starting NMOS EXTRACTION
2026-08-10 18:00:17 +0200: Memory Usage (482860K) : Extraction of NMOS-LV transistor
2026-08-10 18:00:17 +0200: Memory Usage (482860K) : Extraction of NMOS-HV transistor
2026-08-10 18:00:17 +0200: Memory Usage (482988K) : Starting PMOS EXTRACTION
2026-08-10 18:00:17 +0200: Memory Usage (482988K) : Extraction of PMOS-LV transistor
2026-08-10 18:00:17 +0200: Memory Usage (482988K) : Extraction of PMOS-HV transistor
2026-08-10 18:00:17 +0200: Memory Usage (482988K) : Starting RF-MOSFET EXTRACTION
2026-08-10 18:00:17 +0200: Memory Usage (482988K) : Extraction of RF-NMOS-LV transistor
2026-08-10 18:00:17 +0200: Memory Usage (482988K) : Extraction of RF-NMOS-HV transistor
2026-08-10 18:00:17 +0200: Memory Usage (482988K) : Extraction of RF-PMOS-LV transistor
2026-08-10 18:00:17 +0200: Memory Usage (482988K) : Extraction of RF-PMOS-HV transistor
2026-08-10 18:00:17 +0200: Memory Usage (482988K) : Starting BJT EXTRACTION
2026-08-10 18:00:17 +0200: Memory Usage (482988K) : Starting NPN-BJT EXTRACTION
2026-08-10 18:00:17 +0200: Memory Usage (482988K) : Extraction of npn13G2 BJT transistor
2026-08-10 18:00:17 +0200: Memory Usage (482988K) : Extraction of npn13G2L BJT transistor
2026-08-10 18:00:17 +0200: Memory Usage (482988K) : Extraction of npn13G2V BJT transistor
2026-08-10 18:00:17 +0200: Memory Usage (482988K) : Starting PNP-BJT EXTRACTION
2026-08-10 18:00:17 +0200: Memory Usage (482988K) : Extracting pnpMPA BJT
2026-08-10 18:00:17 +0200: Memory Usage (482988K) : Starting DIODE EXTRACTION
2026-08-10 18:00:17 +0200: Memory Usage (482988K) : Extracting dantenna diode
2026-08-10 18:00:17 +0200: Memory Usage (482988K) : Extracting dpantenna diode
2026-08-10 18:00:17 +0200: Memory Usage (482988K) : Extracting schottky_nbl1 diode
2026-08-10 18:00:17 +0200: Memory Usage (482988K) : Extracting isolbox diode
2026-08-10 18:00:17 +0200: Memory Usage (482988K) : Starting RESISTOR EXTRACTION
2026-08-10 18:00:17 +0200: Memory Usage (482988K) : Extracting rsil resistor
2026-08-10 18:00:17 +0200: Memory Usage (482988K) : Extracting rppd resistor
2026-08-10 18:00:17 +0200: Memory Usage (482988K) : Extracting rhigh resistor
2026-08-10 18:00:17 +0200: Memory Usage (482988K) : Extracting res_metal1 resistor
2026-08-10 18:00:17 +0200: Memory Usage (483116K) : Extracting res_metal2 resistor
2026-08-10 18:00:17 +0200: Memory Usage (483116K) : Extracting res_metal3 resistor
2026-08-10 18:00:17 +0200: Memory Usage (483116K) : Extracting res_metal4 resistor
2026-08-10 18:00:17 +0200: Memory Usage (483116K) : Extracting res_metal5 resistor
2026-08-10 18:00:17 +0200: Memory Usage (483116K) : Extracting res_topmetal1 resistor
2026-08-10 18:00:17 +0200: Memory Usage (483116K) : Extracting res_topmetal2 resistor
2026-08-10 18:00:17 +0200: Memory Usage (483116K) : Starting CAP EXTRACTION
2026-08-10 18:00:17 +0200: Memory Usage (483116K) : Extracting cap_cmim device
2026-08-10 18:00:17 +0200: Memory Usage (483116K) : Extracting rfcmim device
2026-08-10 18:00:17 +0200: Memory Usage (483116K) : Extracting sg13_hv_svaricap varactor
2026-08-10 18:00:17 +0200: Memory Usage (483116K) : Extracting cap_cmomi device
2026-08-10 18:00:17 +0200: Memory Usage (483116K) : Extracting sg13_moscap_n capacitor
2026-08-10 18:00:17 +0200: Memory Usage (483116K) : Extracting sg13_moscap_p capacitor
2026-08-10 18:00:17 +0200: Memory Usage (483116K) : Starting ESD EXTRACTION
2026-08-10 18:00:17 +0200: Memory Usage (483116K) : Extracting diodevdd_2kv ESD device
2026-08-10 18:00:17 +0200: Memory Usage (483116K) : Extracting diodevdd_4kv ESD device
2026-08-10 18:00:17 +0200: Memory Usage (483116K) : Extracting diodevss_2kv ESD device
2026-08-10 18:00:17 +0200: Memory Usage (483116K) : Extracting diodevss_4kv ESD device
2026-08-10 18:00:17 +0200: Memory Usage (483116K) : Extracting idiodevdd_2kv ESD device
2026-08-10 18:00:17 +0200: Memory Usage (483116K) : Extracting idiodevdd_4kv ESD device
2026-08-10 18:00:17 +0200: Memory Usage (483116K) : Extracting idiodevss_2kv ESD device
2026-08-10 18:00:17 +0200: Memory Usage (483116K) : Extracting idiodevss_4kv ESD device
2026-08-10 18:00:17 +0200: Memory Usage (483116K) : Extracting nmoscl_2 ESD device
2026-08-10 18:00:17 +0200: Memory Usage (483116K) : Extracting nmoscl_4 ESD device
2026-08-10 18:00:17 +0200: Memory Usage (483116K) : Starting Inductor EXTRACTION
2026-08-10 18:00:17 +0200: Memory Usage (483116K) : Extracting Inductor2 device
2026-08-10 18:00:17 +0200: Memory Usage (483116K) : Extracting Inductor3 device
2026-08-10 18:00:17 +0200: Memory Usage (483116K) : Starting Taps EXTRACTION
2026-08-10 18:00:17 +0200: Memory Usage (483116K) : Extracting ntap1 device
2026-08-10 18:00:17 +0200: Memory Usage (483116K) : Extracting ptap1 device
2026-08-10 18:00:17 +0200: Memory Usage (483116K) : Starting SG13G2 LVS RF MOS Model Mapping
2026-08-10 18:00:18 +0200: Memory Usage (487852K) : [layout_netlist] Apply RF MOS model mapping and rfmode parameter.
2026-08-10 18:00:18 +0200: Memory Usage (487852K) : Starting SG13G2 LVS Options Preparations
2026-08-10 18:00:18 +0200: Memory Usage (487852K) : SG13G2 LVS flow: extraction -> alignment -> option preparation -> comparison.
2026-08-10 18:00:18 +0200: Memory Usage (487852K) : Starting SG13G2 LVS Alignment
2026-08-10 18:00:18 +0200: Memory Usage (487980K) : Starting SG13G2 LVS Simplification
2026-08-10 18:00:18 +0200: Memory Usage (487980K) : [layout_netlist] simplify: ENABLED
2026-08-10 18:00:18 +0200: Memory Usage (487980K) : [layout_netlist] make_top_level_pins: SKIPPED
2026-08-10 18:00:18 +0200: Memory Usage (487980K) : [layout_netlist] combine_devices: ENABLED
2026-08-10 18:00:18 +0200: Memory Usage (487980K) : [layout_netlist] purge: SKIPPED
2026-08-10 18:00:18 +0200: Memory Usage (487980K) : [layout_netlist] purge_nets: SKIPPED
2026-08-10 18:00:18 +0200: Memory Usage (487980K) : [schematic_netlist] simplify: ENABLED
2026-08-10 18:00:18 +0200: Memory Usage (487980K) : [schematic_netlist] make_top_level_pins: SKIPPED
2026-08-10 18:00:18 +0200: Memory Usage (487980K) : [schematic_netlist] combine_devices: ENABLED
2026-08-10 18:00:18 +0200: Memory Usage (487980K) : [schematic_netlist] purge: SKIPPED
2026-08-10 18:00:18 +0200: Memory Usage (487980K) : [schematic_netlist] purge_nets: SKIPPED
2026-08-10 18:00:18 +0200: Memory Usage (487980K) : Starting SG13G2 LVS Comparison
2026-08-10 18:00:18 +0200: Memory Usage (487980K) : ==========================================
2026-08-10 18:00:18 +0200: Memory Usage (487980K) : INFO : Congratulations! Netlists match.
2026-08-10 18:00:18 +0200: Memory Usage (487980K) : ==========================================
2026-08-10 18:00:18 +0200: Memory Usage (487980K) : LVS Total Run time 3.992733 seconds
